I0517 05:28:52.334309 333923776 NetServer.cpp:55] accept io...127.0.0.1:62374
I0517 05:28:52.339830 139161600 ServerMgr.cpp:54] register one proxy server: 127.0.0.1:62374
I0517 07:29:01.708535 333923776 NetServer.cpp:55] accept io...127.0.0.1:62376
I0517 07:29:01.711187 333923776 NetServer.cpp:88] delete io...127.0.0.1:62374
W0517 07:29:01.713394 139161600 ServerMgr.cpp:889] remove one proxy server, id:30
I0517 07:29:01.722326 139161600 ServerMgr.cpp:492] register one login server: 127.0.0.1:62376
W0517 07:29:01.730448 139161600 CenterThread.cpp:129] db server is disconnect, after 1s will be reconnect!
W0517 07:29:03.191792 333923776 NetModule.cpp:723] ready reconnect server, server id: 0
I0517 07:29:03.191994 333923776 NetConnector.cpp:216] connect to: 0.0.0.0:6001 success! 
I0517 07:29:03.192364 139161600 CenterThread.cpp:95] connect to db server succ!
I0517 07:29:05.210173 333923776 NetServer.cpp:55] accept io...127.0.0.1:62437
I0517 07:29:05.217947 139161600 ServerMgr.cpp:54] register one proxy server: 127.0.0.1:62437
I0517 08:45:05.857513 333923776 NetServer.cpp:88] delete io...127.0.0.1:62437
W0517 08:45:05.858299 139161600 ServerMgr.cpp:889] remove one proxy server, id:30
I0517 08:45:05.858904 333923776 NetServer.cpp:88] delete io...127.0.0.1:62376
W0517 08:45:05.860913 139161600 ServerMgr.cpp:866] remove one login server, id:10
W0517 08:45:05.866304 139161600 CenterThread.cpp:129] db server is disconnect, after 1s will be reconnect!
W0517 08:45:07.347793 333923776 NetModule.cpp:723] ready reconnect server, server id: 0
I0517 08:45:07.347913 333923776 NetConnector.cpp:216] connect to: 127.0.0.1:6001 success! 
I0517 08:45:07.348888 139161600 CenterThread.cpp:95] connect to db server succ!
I0517 08:45:09.327343 333923776 NetServer.cpp:55] accept io...127.0.0.1:62506
I0517 08:45:09.334676 139161600 ServerMgr.cpp:54] register one proxy server: 127.0.0.1:62506
I0517 09:29:10.624298 333923776 NetServer.cpp:88] delete io...127.0.0.1:62506
W0517 09:29:10.626310 139161600 ServerMgr.cpp:889] remove one proxy server, id:30
W0517 09:29:10.626348 139161600 CenterThread.cpp:129] db server is disconnect, after 1s will be reconnect!
I0517 09:29:11.107975 333923776 NetServer.cpp:55] accept io...127.0.0.1:62526
I0517 09:29:11.132495 139161600 ServerMgr.cpp:492] register one login server: 127.0.0.1:62526
W0517 09:29:12.111223 333923776 NetModule.cpp:723] ready reconnect server, server id: 0
I0517 09:29:12.111438 333923776 NetConnector.cpp:216] connect to: 0.0.0.0:6001 success! 
I0517 09:29:12.113797 139161600 CenterThread.cpp:95] connect to db server succ!
I0517 09:29:14.126814 333923776 NetServer.cpp:55] accept io...127.0.0.1:62561
I0517 09:29:14.146405 139161600 ServerMgr.cpp:54] register one proxy server: 127.0.0.1:62561
I0517 09:59:25.637646 333923776 NetServer.cpp:88] delete io...127.0.0.1:62561
I0517 09:59:25.637750 333923776 NetServer.cpp:88] delete io...127.0.0.1:62526
W0517 09:59:25.639421 139161600 ServerMgr.cpp:889] remove one proxy server, id:30
W0517 09:59:25.639479 139161600 ServerMgr.cpp:866] remove one login server, id:10
W0517 09:59:25.646836 139161600 CenterThread.cpp:129] db server is disconnect, after 1s will be reconnect!
W0517 09:59:27.120739 333923776 NetModule.cpp:723] ready reconnect server, server id: 0
I0517 09:59:27.120909 333923776 NetConnector.cpp:216] connect to: 0.0.0.0:6001 success! 
I0517 09:59:27.122627 139161600 CenterThread.cpp:95] connect to db server succ!
I0517 09:59:29.128906 333923776 NetServer.cpp:55] accept io...127.0.0.1:62633
I0517 09:59:29.158394 139161600 ServerMgr.cpp:54] register one proxy server: 127.0.0.1:62633
I0517 09:59:36.179340 333923776 NetServer.cpp:55] accept io...127.0.0.1:62661
I0517 09:59:36.208709 139161600 ServerMgr.cpp:492] register one login server: 127.0.0.1:62661
I0517 14:18:55.162338 333923776 NetServer.cpp:55] accept io...127.0.0.1:50277
I0517 14:18:57.513335 139161600 ServerMgr.cpp:187] register one game server: 127.0.0.1:50277
I0517 14:19:57.289460 333923776 NetServer.cpp:88] delete io...127.0.0.1:50277
W0517 14:19:57.290256 139161600 ServerMgr.cpp:850] remove one game server, id:993
I0517 14:20:06.531509 333923776 NetServer.cpp:55] accept io...127.0.0.1:50329
I0517 14:20:08.410333 139161600 ServerMgr.cpp:187] register one game server: 127.0.0.1:50329
I0517 14:21:30.057350 333923776 NetServer.cpp:88] delete io...127.0.0.1:50329
W0517 14:21:30.059725 139161600 ServerMgr.cpp:850] remove one game server, id:993
I0517 14:21:34.145045 333923776 NetServer.cpp:55] accept io...127.0.0.1:50341
I0517 14:21:36.027930 139161600 ServerMgr.cpp:187] register one game server: 127.0.0.1:50341
I0517 14:26:50.428920 333923776 NetServer.cpp:88] delete io...127.0.0.1:50341
W0517 14:26:50.430065 139161600 ServerMgr.cpp:850] remove one game server, id:993
I0517 14:27:25.656131 333923776 NetServer.cpp:55] accept io...127.0.0.1:50354
I0517 14:27:27.600368 139161600 ServerMgr.cpp:187] register one game server: 127.0.0.1:50354
I0517 14:34:08.942909 333923776 NetServer.cpp:88] delete io...127.0.0.1:50354
W0517 14:34:08.943531 139161600 ServerMgr.cpp:850] remove one game server, id:993
I0517 14:34:48.691390 333923776 NetServer.cpp:55] accept io...127.0.0.1:50367
I0517 14:34:50.589258 139161600 ServerMgr.cpp:187] register one game server: 127.0.0.1:50367
I0517 14:36:08.956702 333923776 NetServer.cpp:88] delete io...127.0.0.1:50367
W0517 14:36:08.957087 139161600 ServerMgr.cpp:850] remove one game server, id:993
I0517 14:36:39.661451 333923776 NetServer.cpp:55] accept io...127.0.0.1:50379
I0517 14:36:39.686944 139161600 ServerMgr.cpp:187] register one game server: 127.0.0.1:50379
W0518 00:55:31.627189 139161600 CenterThread.cpp:330] center server is across day.
I0518 00:55:31.649137 333923776 NetServer.cpp:88] delete io...127.0.0.1:50379
I0518 00:55:31.652082 333923776 NetServer.cpp:88] delete io...127.0.0.1:62661
I0518 00:55:31.652120 333923776 NetServer.cpp:88] delete io...127.0.0.1:62633
W0518 00:55:31.666030 139161600 ServerMgr.cpp:850] remove one game server, id:993
W0518 00:55:31.666092 139161600 ServerMgr.cpp:866] remove one login server, id:10
W0518 00:55:31.666151 139161600 ServerMgr.cpp:889] remove one proxy server, id:30
W0518 00:55:31.666179 139161600 CenterThread.cpp:129] db server is disconnect, after 1s will be reconnect!
W0518 00:55:33.133909 333923776 NetModule.cpp:723] ready reconnect server, server id: 0
I0518 00:55:33.134021 333923776 NetConnector.cpp:216] connect to: 0.0.0.0:6001 success! 
I0518 00:55:33.134230 333923776 NetServer.cpp:55] accept io...127.0.0.1:52140
I0518 00:55:33.136767 139161600 CenterThread.cpp:95] connect to db server succ!
I0518 00:55:33.162833 139161600 ServerMgr.cpp:187] register one game server: 127.0.0.1:52140
I0518 00:55:35.146406 333923776 NetServer.cpp:55] accept io...127.0.0.1:52143
I0518 00:55:35.171066 139161600 ServerMgr.cpp:54] register one proxy server: 127.0.0.1:52143
I0518 00:55:42.181654 333923776 NetServer.cpp:55] accept io...127.0.0.1:52147
I0518 00:55:42.206398 139161600 ServerMgr.cpp:492] register one login server: 127.0.0.1:52147
I0518 02:56:00.339771 333923776 NetServer.cpp:88] delete io...127.0.0.1:52143
I0518 02:56:00.339874 333923776 NetServer.cpp:88] delete io...127.0.0.1:52147
I0518 02:56:00.339910 333923776 NetServer.cpp:88] delete io...127.0.0.1:52140
W0518 02:56:00.341022 139161600 ServerMgr.cpp:889] remove one proxy server, id:30
W0518 02:56:00.341084 139161600 ServerMgr.cpp:866] remove one login server, id:10
W0518 02:56:00.341125 139161600 ServerMgr.cpp:850] remove one game server, id:993
W0518 02:56:00.341161 139161600 CenterThread.cpp:129] db server is disconnect, after 1s will be reconnect!
W0518 02:56:01.814251 333923776 NetModule.cpp:723] ready reconnect server, server id: 0
I0518 02:56:01.815066 333923776 NetConnector.cpp:216] connect to: 0.0.0.0:6001 success! 
I0518 02:56:01.816180 139161600 CenterThread.cpp:95] connect to db server succ!
I0518 02:56:01.816653 333923776 NetServer.cpp:55] accept io...127.0.0.1:52161
I0518 02:56:01.837443 139161600 ServerMgr.cpp:187] register one game server: 127.0.0.1:52161
I0518 02:56:03.831656 333923776 NetServer.cpp:55] accept io...127.0.0.1:52164
I0518 02:56:03.839587 139161600 ServerMgr.cpp:54] register one proxy server: 127.0.0.1:52164
I0518 02:56:10.370360 333923776 NetServer.cpp:55] accept io...127.0.0.1:52167
I0518 02:56:10.380801 139161600 ServerMgr.cpp:492] register one login server: 127.0.0.1:52167
I0518 04:56:10.345674 333923776 NetServer.cpp:88] delete io...127.0.0.1:52164
I0518 04:56:10.345818 333923776 NetServer.cpp:88] delete io...127.0.0.1:52161
I0518 04:56:10.345863 333923776 NetServer.cpp:88] delete io...127.0.0.1:52167
W0518 04:56:10.348001 139161600 ServerMgr.cpp:889] remove one proxy server, id:30
W0518 04:56:10.348042 139161600 ServerMgr.cpp:850] remove one game server, id:993
W0518 04:56:10.348068 139161600 ServerMgr.cpp:866] remove one login server, id:10
W0518 04:56:10.348104 139161600 CenterThread.cpp:129] db server is disconnect, after 1s will be reconnect!
I0518 04:56:11.829181 333923776 NetServer.cpp:55] accept io...127.0.0.1:52171
W0518 04:56:11.833721 333923776 NetModule.cpp:723] ready reconnect server, server id: 0
I0518 04:56:11.833853 333923776 NetConnector.cpp:216] connect to: 0.0.0.0:6001 success! 
I0518 04:56:11.835845 139161600 CenterThread.cpp:95] connect to db server succ!
I0518 04:56:11.848851 139161600 ServerMgr.cpp:187] register one game server: 127.0.0.1:52171
I0518 04:56:13.845291 333923776 NetServer.cpp:55] accept io...127.0.0.1:52175
I0518 04:56:13.871007 139161600 ServerMgr.cpp:54] register one proxy server: 127.0.0.1:52175
I0518 04:56:20.875699 333923776 NetServer.cpp:55] accept io...127.0.0.1:52181
I0518 04:56:20.901114 139161600 ServerMgr.cpp:492] register one login server: 127.0.0.1:52181
I0518 06:56:38.334726 333923776 NetServer.cpp:88] delete io...127.0.0.1:52181
I0518 06:56:38.334792 333923776 NetServer.cpp:88] delete io...127.0.0.1:52175
I0518 06:56:38.334818 333923776 NetServer.cpp:88] delete io...127.0.0.1:52171
W0518 06:56:38.336635 139161600 ServerMgr.cpp:866] remove one login server, id:10
W0518 06:56:38.336681 139161600 ServerMgr.cpp:889] remove one proxy server, id:30
W0518 06:56:38.336709 139161600 ServerMgr.cpp:850] remove one game server, id:993
W0518 06:56:38.336732 139161600 CenterThread.cpp:129] db server is disconnect, after 1s will be reconnect!
W0518 06:56:39.817203 333923776 NetModule.cpp:723] ready reconnect server, server id: 0
I0518 06:56:39.817332 333923776 NetConnector.cpp:216] connect to: 0.0.0.0:6001 success! 
I0518 06:56:39.817800 333923776 NetServer.cpp:55] accept io...127.0.0.1:52187
I0518 06:56:39.820574 139161600 CenterThread.cpp:95] connect to db server succ!
I0518 06:56:39.841433 139161600 ServerMgr.cpp:187] register one game server: 127.0.0.1:52187
I0518 06:56:41.836045 333923776 NetServer.cpp:55] accept io...127.0.0.1:52190
I0518 06:56:41.847481 139161600 ServerMgr.cpp:54] register one proxy server: 127.0.0.1:52190
I0518 06:56:48.859269 333923776 NetServer.cpp:55] accept io...127.0.0.1:52193
I0518 06:56:48.870561 139161600 ServerMgr.cpp:492] register one login server: 127.0.0.1:52193
I0518 08:56:48.416046 333923776 NetServer.cpp:88] delete io...127.0.0.1:52187
I0518 08:56:48.416113 333923776 NetServer.cpp:88] delete io...127.0.0.1:52190
I0518 08:56:48.416144 333923776 NetServer.cpp:88] delete io...127.0.0.1:52193
W0518 08:56:48.417917 139161600 ServerMgr.cpp:850] remove one game server, id:993
W0518 08:56:48.417955 139161600 ServerMgr.cpp:889] remove one proxy server, id:30
W0518 08:56:48.418011 139161600 ServerMgr.cpp:866] remove one login server, id:10
W0518 08:56:48.418051 139161600 CenterThread.cpp:129] db server is disconnect, after 1s will be reconnect!
W0518 08:56:49.896394 333923776 NetModule.cpp:723] ready reconnect server, server id: 0
I0518 08:56:49.896498 333923776 NetConnector.cpp:216] connect to: 0.0.0.0:6001 success! 
I0518 08:56:49.897985 333923776 NetServer.cpp:55] accept io...127.0.0.1:52199
I0518 08:56:49.899297 139161600 CenterThread.cpp:95] connect to db server succ!
I0518 08:56:49.915107 139161600 ServerMgr.cpp:187] register one game server: 127.0.0.1:52199
I0518 08:56:51.902763 333923776 NetServer.cpp:55] accept io...127.0.0.1:52206
I0518 08:56:51.930469 139161600 ServerMgr.cpp:54] register one proxy server: 127.0.0.1:52206
I0518 08:56:58.925202 333923776 NetServer.cpp:55] accept io...127.0.0.1:52211
I0518 08:56:58.944921 139161600 ServerMgr.cpp:492] register one login server: 127.0.0.1:52211
I0518 10:22:10.477202 333923776 NetServer.cpp:88] delete io...127.0.0.1:52199
I0518 10:22:10.478286 333923776 NetServer.cpp:88] delete io...127.0.0.1:52206
I0518 10:22:10.478323 333923776 NetServer.cpp:88] delete io...127.0.0.1:52211
W0518 10:22:10.479161 139161600 ServerMgr.cpp:850] remove one game server, id:993
W0518 10:22:10.479233 139161600 ServerMgr.cpp:889] remove one proxy server, id:30
W0518 10:22:10.479274 139161600 ServerMgr.cpp:866] remove one login server, id:10
W0518 10:22:10.479303 139161600 CenterThread.cpp:129] db server is disconnect, after 1s will be reconnect!
I0518 10:22:11.957612 333923776 NetServer.cpp:55] accept io...127.0.0.1:52320
W0518 10:22:11.960223 333923776 NetModule.cpp:723] ready reconnect server, server id: 0
I0518 10:22:11.960284 333923776 NetConnector.cpp:216] connect to: 0.0.0.0:6001 success! 
I0518 10:22:11.960404 139161600 CenterThread.cpp:95] connect to db server succ!
I0518 10:22:11.974304 139161600 ServerMgr.cpp:187] register one game server: 127.0.0.1:52320
I0518 10:22:13.964073 333923776 NetServer.cpp:55] accept io...127.0.0.1:52337
I0518 10:22:13.975889 139161600 ServerMgr.cpp:54] register one proxy server: 127.0.0.1:52337
I0518 10:22:20.985323 333923776 NetServer.cpp:55] accept io...127.0.0.1:52344
I0518 10:22:20.995901 139161600 ServerMgr.cpp:492] register one login server: 127.0.0.1:52344
W0518 10:38:53.893553 139161600 CenterThread.cpp:3739] OnSubLoadWealthGodHistoryData: 10
W0518 10:39:05.242393 139161600 CenterThread.cpp:3739] OnSubLoadWealthGodHistoryData: 10
W0518 10:39:06.549456 139161600 CenterThread.cpp:3739] OnSubLoadWealthGodHistoryData: 10
W0518 10:39:09.850765 139161600 CenterThread.cpp:3739] OnSubLoadWealthGodHistoryData: 10
W0518 10:39:12.265556 139161600 CenterThread.cpp:3739] OnSubLoadWealthGodHistoryData: 10
W0518 10:39:13.300864 139161600 CenterThread.cpp:3739] OnSubLoadWealthGodHistoryData: 10
W0518 10:39:14.241946 139161600 CenterThread.cpp:3739] OnSubLoadWealthGodHistoryData: 10
W0518 10:39:15.341919 139161600 CenterThread.cpp:3739] OnSubLoadWealthGodHistoryData: 10
W0518 10:39:16.633484 139161600 CenterThread.cpp:3739] OnSubLoadWealthGodHistoryData: 10
W0518 10:39:17.637802 139161600 CenterThread.cpp:3739] OnSubLoadWealthGodHistoryData: 10
W0518 10:39:18.799844 139161600 CenterThread.cpp:3739] OnSubLoadWealthGodHistoryData: 10
W0518 10:39:19.993489 139161600 CenterThread.cpp:3739] OnSubLoadWealthGodHistoryData: 10
W0518 10:39:20.991717 139161600 CenterThread.cpp:3739] OnSubLoadWealthGodHistoryData: 10
W0518 10:39:22.796284 139161600 DuoBaoMgr.cpp:94] has the same doing data? id: 1
W0518 10:39:22.798938 139161600 DuoBaoMgr.cpp:94] has the same doing data? id: 2
W0518 10:39:22.799005 139161600 DuoBaoMgr.cpp:94] has the same doing data? id: 3
W0518 10:39:22.799057 139161600 DuoBaoMgr.cpp:94] has the same doing data? id: 30
W0518 10:39:22.799108 139161600 DuoBaoMgr.cpp:94] has the same doing data? id: 31
W0518 10:39:22.799158 139161600 DuoBaoMgr.cpp:94] has the same doing data? id: 32
W0518 10:39:22.799245 139161600 DuoBaoMgr.cpp:94] has the same doing data? id: 33
W0518 10:39:22.799299 139161600 DuoBaoMgr.cpp:175] load duo bao data finish.
W0518 10:39:22.862915 139161600 GroupMgr.cpp:32] insert group repeat? group id: 500016
W0518 10:39:22.863025 139161600 GroupMgr.cpp:32] insert group repeat? group id: 500017
W0518 10:39:22.863060 139161600 GroupMgr.cpp:32] insert group repeat? group id: 500018
W0518 10:39:22.863090 139161600 GroupMgr.cpp:32] insert group repeat? group id: 500019
W0518 10:39:22.863117 139161600 GroupMgr.cpp:32] insert group repeat? group id: 500020
W0518 10:39:22.864156 139161600 GroupMgr.cpp:32] insert group repeat? group id: 500022
W0518 10:39:23.594686 139161600 GroupMgr.cpp:54] insert group user repeat? group id: 500016, user id: 85538140
W0518 10:39:23.594754 139161600 GroupMgr.cpp:54] insert group user repeat? group id: 500017, user id: 85554667
W0518 10:39:23.594779 139161600 GroupMgr.cpp:54] insert group user repeat? group id: 500017, user id: 85594166
W0518 10:39:23.594799 139161600 GroupMgr.cpp:54] insert group user repeat? group id: 500017, user id: 85537039
W0518 10:39:23.595804 139161600 Group.cpp:77] group userid : 85542857, parent userid : 85554667
W0518 10:39:23.596033 139161600 Group.cpp:89] insert dir user: 85554667, 85542857
W0518 10:39:23.596261 139161600 Group.cpp:77] group userid : 85528213, parent userid : 85594166
W0518 10:39:23.596307 139161600 Group.cpp:89] insert dir user: 85594166, 85528213
W0518 10:39:23.596333 139161600 Group.cpp:97] insert sub user: 85554667, 85528213
W0518 10:39:23.596359 139161600 Group.cpp:77] group userid : 85534097, parent userid : 85537039
W0518 10:39:23.596384 139161600 Group.cpp:89] insert dir user: 85537039, 85534097
W0518 10:39:23.596406 139161600 Group.cpp:97] insert sub user: 85594166, 85534097
W0518 10:39:23.596427 139161600 Group.cpp:97] insert sub user: 85554667, 85534097
W0518 10:39:23.596453 139161600 Group.cpp:77] group userid : 85574983, parent userid : 85542857
W0518 10:39:23.596479 139161600 Group.cpp:89] insert dir user: 85542857, 85574983
W0518 10:39:23.596503 139161600 Group.cpp:97] insert sub user: 85554667, 85574983
W0518 10:39:23.596527 139161600 Group.cpp:77] group userid : 85520320, parent userid : 85528213
W0518 10:39:23.596550 139161600 Group.cpp:89] insert dir user: 85528213, 85520320
W0518 10:39:23.596573 139161600 Group.cpp:97] insert sub user: 85594166, 85520320
W0518 10:39:23.596596 139161600 Group.cpp:97] insert sub user: 85554667, 85520320
W0518 10:39:23.596624 139161600 GroupMgr.cpp:54] insert group user repeat? group id: 500018, user id: 85516903
W0518 10:39:23.596683 139161600 Group.cpp:77] group userid : 85578219, parent userid : 85516903
W0518 10:39:23.596711 139161600 Group.cpp:89] insert dir user: 85516903, 85578219
W0518 10:39:23.596738 139161600 Group.cpp:77] group userid : 85515032, parent userid : 85578219
W0518 10:39:23.596762 139161600 Group.cpp:89] insert dir user: 85578219, 85515032
W0518 10:39:23.596786 139161600 Group.cpp:97] insert sub user: 85516903, 85515032
W0518 10:39:23.596809 139161600 GroupMgr.cpp:54] insert group user repeat? group id: 500019, user id: 85592240
W0518 10:39:23.596833 139161600 Group.cpp:77] group userid : 85509708, parent userid : 85592240
W0518 10:39:23.596858 139161600 Group.cpp:89] insert dir user: 85592240, 85509708
W0518 10:39:23.596885 139161600 Group.cpp:77] group userid : 85525667, parent userid : 85509708
W0518 10:39:23.596909 139161600 Group.cpp:89] insert dir user: 85509708, 85525667
W0518 10:39:23.596931 139161600 Group.cpp:97] insert sub user: 85592240, 85525667
W0518 10:39:23.596954 139161600 GroupMgr.cpp:54] insert group user repeat? group id: 500020, user id: 85566607
W0518 10:39:23.596976 139161600 Group.cpp:77] group userid : 85511210, parent userid : 85566607
W0518 10:39:23.596997 139161600 Group.cpp:89] insert dir user: 85566607, 85511210
W0518 10:39:23.597021 139161600 Group.cpp:77] group userid : 85508228, parent userid : 0
W0518 10:39:23.597045 139161600 GroupMgr.cpp:54] insert group user repeat? group id: 500022, user id: 85572952
W0518 10:39:23.597085 139161600 Group.cpp:77] group userid : 85559569, parent userid : 0
W0518 10:39:23.597110 139161600 Group.cpp:77] group userid : 85507484, parent userid : 85559569
W0518 10:39:23.597132 139161600 Group.cpp:89] insert dir user: 85559569, 85507484
W0518 10:39:23.597156 139161600 Group.cpp:77] group userid : 85542226, parent userid : 85559569
W0518 10:39:23.597177 139161600 Group.cpp:89] insert dir user: 85559569, 85542226
W0519 00:20:44.675866 139161600 CenterThread.cpp:330] center server is across day.
I0519 00:20:44.702333 333923776 NetServer.cpp:88] delete io...127.0.0.1:52337
I0519 00:20:44.702412 333923776 NetServer.cpp:88] delete io...127.0.0.1:52344
I0519 00:20:44.702462 333923776 NetServer.cpp:88] delete io...127.0.0.1:52320
W0519 00:20:44.703909 139161600 ServerMgr.cpp:889] remove one proxy server, id:30
W0519 00:20:44.703953 139161600 ServerMgr.cpp:866] remove one login server, id:10
W0519 00:20:44.703981 139161600 ServerMgr.cpp:850] remove one game server, id:993
W0519 00:20:44.704007 139161600 CenterThread.cpp:129] db server is disconnect, after 1s will be reconnect!
W0519 00:20:46.179986 333923776 NetModule.cpp:723] ready reconnect server, server id: 0
I0519 00:20:46.180119 333923776 NetServer.cpp:55] accept io...127.0.0.1:60675
I0519 00:20:46.180176 333923776 NetConnector.cpp:216] connect to: 0.0.0.0:6001 success! 
I0519 00:20:46.182302 139161600 CenterThread.cpp:95] connect to db server succ!
I0519 00:20:46.203119 139161600 ServerMgr.cpp:187] register one game server: 127.0.0.1:60675
I0519 00:20:48.193899 333923776 NetServer.cpp:55] accept io...127.0.0.1:60690
I0519 00:20:48.219290 139161600 ServerMgr.cpp:54] register one proxy server: 127.0.0.1:60690
I0519 00:20:55.230304 333923776 NetServer.cpp:55] accept io...127.0.0.1:60703
I0519 00:20:55.247912 139161600 ServerMgr.cpp:492] register one login server: 127.0.0.1:60703
I0519 02:21:08.189996 333923776 NetServer.cpp:88] delete io...127.0.0.1:60690
W0519 02:21:08.198385 139161600 ServerMgr.cpp:889] remove one proxy server, id:30
I0519 02:21:08.199028 333923776 NetServer.cpp:88] delete io...127.0.0.1:60703
W0519 02:21:08.199370 139161600 ServerMgr.cpp:866] remove one login server, id:10
I0519 02:21:08.199393 333923776 NetServer.cpp:88] delete io...127.0.0.1:60675
W0519 02:21:08.199410 139161600 ServerMgr.cpp:850] remove one game server, id:993
W0519 02:21:08.200728 139161600 CenterThread.cpp:129] db server is disconnect, after 1s will be reconnect!
W0519 02:21:09.627367 333923776 NetModule.cpp:723] ready reconnect server, server id: 0
I0519 02:21:09.627429 333923776 NetConnector.cpp:216] connect to: 0.0.0.0:6001 success! 
I0519 02:21:09.627872 139161600 CenterThread.cpp:95] connect to db server succ!
I0519 02:21:09.648732 333923776 NetServer.cpp:55] accept io...127.0.0.1:60729
I0519 02:21:09.706585 139161600 ServerMgr.cpp:187] register one game server: 127.0.0.1:60729
I0519 02:21:11.635658 333923776 NetServer.cpp:55] accept io...127.0.0.1:60731
I0519 02:21:11.655922 139161600 ServerMgr.cpp:54] register one proxy server: 127.0.0.1:60731
I0519 02:21:18.654014 333923776 NetServer.cpp:55] accept io...127.0.0.1:60747
I0519 02:21:18.684245 139161600 ServerMgr.cpp:492] register one login server: 127.0.0.1:60747
I0519 04:21:29.921095 333923776 NetServer.cpp:88] delete io...127.0.0.1:60729
I0519 04:21:29.951944 333923776 NetServer.cpp:88] delete io...127.0.0.1:60747
I0519 04:21:29.954891 333923776 NetServer.cpp:88] delete io...127.0.0.1:60731
W0519 04:21:29.957057 139161600 ServerMgr.cpp:850] remove one game server, id:993
W0519 04:21:29.984732 139161600 ServerMgr.cpp:866] remove one login server, id:10
W0519 04:21:29.984860 139161600 ServerMgr.cpp:889] remove one proxy server, id:30
W0519 04:21:29.989040 139161600 CenterThread.cpp:129] db server is disconnect, after 1s will be reconnect!
I0519 04:21:31.406836 333923776 NetServer.cpp:55] accept io...127.0.0.1:60837
W0519 04:21:31.410883 333923776 NetModule.cpp:723] ready reconnect server, server id: 0
I0519 04:21:31.411018 333923776 NetConnector.cpp:216] connect to: 0.0.0.0:6001 success! 
I0519 04:21:31.411129 139161600 CenterThread.cpp:95] connect to db server succ!
I0519 04:21:31.437674 139161600 ServerMgr.cpp:187] register one game server: 127.0.0.1:60837
I0519 04:21:33.427333 333923776 NetServer.cpp:55] accept io...127.0.0.1:60863
I0519 04:21:33.446362 139161600 ServerMgr.cpp:54] register one proxy server: 127.0.0.1:60863
W0519 06:21:41.794692 139161600 ServerMgr.cpp:850] remove one game server, id:993
I0519 06:21:41.813004 333923776 NetServer.cpp:88] delete io...127.0.0.1:60837
I0519 06:21:41.814893 333923776 NetServer.cpp:88] delete io...127.0.0.1:60863
W0519 06:21:41.817057 139161600 ServerMgr.cpp:889] remove one proxy server, id:30
W0519 06:21:41.817106 139161600 CenterThread.cpp:129] db server is disconnect, after 1s will be reconnect!
I0519 06:21:42.267426 333923776 NetServer.cpp:55] accept io...127.0.0.1:60884
I0519 06:21:42.278527 139161600 ServerMgr.cpp:492] register one login server: 127.0.0.1:60884
W0519 06:21:43.263522 333923776 NetModule.cpp:723] ready reconnect server, server id: 0
I0519 06:21:43.263715 333923776 NetConnector.cpp:216] connect to: 0.0.0.0:6001 success! 
I0519 06:21:43.265337 139161600 CenterThread.cpp:95] connect to db server succ!
I0519 06:21:43.267026 333923776 NetServer.cpp:55] accept io...127.0.0.1:60888
I0519 06:21:43.289652 139161600 ServerMgr.cpp:187] register one game server: 127.0.0.1:60888
I0519 06:21:45.275128 333923776 NetServer.cpp:55] accept io...127.0.0.1:60913
I0519 06:21:45.279585 139161600 ServerMgr.cpp:54] register one proxy server: 127.0.0.1:60913
I0519 08:21:54.776201 333923776 NetServer.cpp:88] delete io...127.0.0.1:60888
I0519 08:21:54.779767 333923776 NetServer.cpp:88] delete io...127.0.0.1:60913
I0519 08:21:54.780916 333923776 NetServer.cpp:88] delete io...127.0.0.1:60884
W0519 08:21:54.785192 139161600 ServerMgr.cpp:850] remove one game server, id:993
W0519 08:21:54.785571 139161600 ServerMgr.cpp:889] remove one proxy server, id:30
W0519 08:21:54.785598 139161600 ServerMgr.cpp:866] remove one login server, id:10
W0519 08:21:54.841375 139161600 CenterThread.cpp:129] db server is disconnect, after 1s will be reconnect!
W0519 08:21:56.277145 333923776 NetModule.cpp:723] ready reconnect server, server id: 0
I0519 08:21:56.278090 333923776 NetServer.cpp:55] accept io...127.0.0.1:60946
I0519 08:21:56.278167 333923776 NetConnector.cpp:216] connect to: 0.0.0.0:6001 success! 
I0519 08:21:56.279860 139161600 CenterThread.cpp:95] connect to db server succ!
I0519 08:21:56.305213 139161600 ServerMgr.cpp:187] register one game server: 127.0.0.1:60946
I0519 08:21:58.296548 333923776 NetServer.cpp:55] accept io...127.0.0.1:60972
I0519 08:21:58.321650 139161600 ServerMgr.cpp:54] register one proxy server: 127.0.0.1:60972
I0519 08:22:04.807616 333923776 NetServer.cpp:55] accept io...127.0.0.1:60979
I0519 08:45:05.830191 333923776 NetServer.cpp:88] delete io...127.0.0.1:60972
I0519 08:45:05.853528 333923776 NetServer.cpp:88] delete io...127.0.0.1:60946
I0519 08:45:05.853976 333923776 NetServer.cpp:88] delete io...127.0.0.1:60979
W0519 08:45:05.916345 139161600 ServerMgr.cpp:889] remove one proxy server, id:30
W0519 08:45:05.925840 139161600 ServerMgr.cpp:850] remove one game server, id:993
W0519 08:45:05.925940 139161600 ServerMgr.cpp:866] remove one login server, id:10
W0519 08:45:05.925976 139161600 CenterThread.cpp:129] db server is disconnect, after 1s will be reconnect!
W0519 08:45:07.308737 333923776 NetModule.cpp:723] ready reconnect server, server id: 0
I0519 08:45:07.308928 333923776 NetConnector.cpp:216] connect to: 0.0.0.0:6001 success! 
I0519 08:45:07.309518 139161600 CenterThread.cpp:95] connect to db server succ!
I0519 08:45:07.365042 333923776 NetServer.cpp:55] accept io...127.0.0.1:61024
I0519 08:45:07.390115 139161600 ServerMgr.cpp:187] register one game server: 127.0.0.1:61024
I0519 08:45:09.297603 333923776 NetServer.cpp:55] accept io...127.0.0.1:61034
I0519 08:45:09.325798 139161600 ServerMgr.cpp:54] register one proxy server: 127.0.0.1:61034
W0519 10:21:36.673651 139161600 CenterThread.cpp:129] db server is disconnect, after 1s will be reconnect!
I0519 10:21:36.700709 333923776 NetServer.cpp:88] delete io...127.0.0.1:61024
I0519 10:21:36.700758 333923776 NetServer.cpp:88] delete io...127.0.0.1:61034
W0519 10:21:36.702694 139161600 ServerMgr.cpp:850] remove one game server, id:993
W0519 10:21:36.702745 139161600 ServerMgr.cpp:889] remove one proxy server, id:30
I0519 10:21:37.148959 333923776 NetServer.cpp:55] accept io...127.0.0.1:61055
I0519 10:21:37.167431 139161600 ServerMgr.cpp:492] register one login server: 127.0.0.1:61055
W0519 10:21:38.153151 333923776 NetModule.cpp:723] ready reconnect server, server id: 0
I0519 10:21:38.153286 333923776 NetConnector.cpp:216] connect to: 0.0.0.0:6001 success! 
I0519 10:21:38.153331 139161600 CenterThread.cpp:95] connect to db server succ!
I0519 10:21:38.161257 333923776 NetServer.cpp:55] accept io...127.0.0.1:61067
I0519 10:21:38.188930 139161600 ServerMgr.cpp:187] register one game server: 127.0.0.1:61067
I0519 10:21:40.167845 333923776 NetServer.cpp:55] accept io...127.0.0.1:61092
I0519 10:21:40.183910 139161600 ServerMgr.cpp:54] register one proxy server: 127.0.0.1:61092
I0519 23:45:01.721915 333923776 NetServer.cpp:88] delete io...127.0.0.1:61092
I0519 23:45:01.721997 333923776 NetServer.cpp:88] delete io...127.0.0.1:61055
I0519 23:45:01.722031 333923776 NetServer.cpp:88] delete io...127.0.0.1:61067
W0519 23:45:01.726414 139161600 ServerMgr.cpp:889] remove one proxy server, id:30
W0519 23:45:01.726519 139161600 ServerMgr.cpp:866] remove one login server, id:10
W0519 23:45:01.726763 139161600 ServerMgr.cpp:850] remove one game server, id:993
W0519 23:45:01.726801 139161600 CenterThread.cpp:129] db server is disconnect, after 1s will be reconnect!
W0519 23:45:03.214844 333923776 NetModule.cpp:723] ready reconnect server, server id: 0
I0519 23:45:03.215054 333923776 NetConnector.cpp:216] connect to: 0.0.0.0:6001 success! 
I0519 23:45:03.215301 333923776 NetServer.cpp:55] accept io...127.0.0.1:61134
I0519 23:45:03.215663 139161600 CenterThread.cpp:95] connect to db server succ!
I0519 23:45:03.222901 139161600 ServerMgr.cpp:187] register one game server: 127.0.0.1:61134
W0520 10:13:13.511020 139161600 CenterThread.cpp:330] center server is across day.
I0520 10:13:13.512409 333923776 NetServer.cpp:88] delete io...127.0.0.1:61134
W0520 10:13:13.839607 139161600 ServerMgr.cpp:850] remove one game server, id:993
W0520 10:13:13.875612 139161600 CenterThread.cpp:129] db server is disconnect, after 1s will be reconnect!
I0520 10:13:14.041769 333923776 NetServer.cpp:55] accept io...127.0.0.1:61168
I0520 10:13:14.055254 333923776 NetServer.cpp:55] accept io...127.0.0.1:61171
I0520 10:13:14.058584 139161600 ServerMgr.cpp:54] register one proxy server: 127.0.0.1:61168
I0520 10:13:14.061957 139161600 ServerMgr.cpp:492] register one login server: 127.0.0.1:61171
W0520 10:13:15.008935 333923776 NetModule.cpp:723] ready reconnect server, server id: 0
I0520 10:13:15.009029 333923776 NetConnector.cpp:216] connect to: 0.0.0.0:6001 success! 
I0520 10:13:15.011745 139161600 CenterThread.cpp:95] connect to db server succ!
I0520 10:13:15.179262 333923776 NetServer.cpp:55] accept io...127.0.0.1:61203
I0520 10:13:15.200752 139161600 ServerMgr.cpp:187] register one game server: 127.0.0.1:61203
I0520 22:08:14.128254 333923776 NetServer.cpp:88] delete io...127.0.0.1:61168
W0520 22:08:14.129391 139161600 ServerMgr.cpp:889] remove one proxy server, id:30
I0520 22:08:14.134289 333923776 NetServer.cpp:88] delete io...127.0.0.1:61203
W0520 22:08:14.134663 139161600 ServerMgr.cpp:850] remove one game server, id:993
W0520 22:08:14.134706 139161600 ServerMgr.cpp:866] remove one login server, id:10
I0520 22:08:14.134852 333923776 NetServer.cpp:88] delete io...127.0.0.1:61171
W0520 22:08:14.136991 139161600 CenterThread.cpp:129] db server is disconnect, after 1s will be reconnect!
W0520 22:08:15.620648 333923776 NetModule.cpp:723] ready reconnect server, server id: 0
I0520 22:08:15.620815 333923776 NetConnector.cpp:216] connect to: 0.0.0.0:6001 success! 
I0520 22:08:15.621184 333923776 NetServer.cpp:55] accept io...127.0.0.1:54272
I0520 22:08:15.623361 139161600 CenterThread.cpp:95] connect to db server succ!
I0520 22:08:15.649224 139161600 ServerMgr.cpp:187] register one game server: 127.0.0.1:54272
I0520 22:08:17.630662 333923776 NetServer.cpp:55] accept io...127.0.0.1:54305
I0520 22:08:17.635732 139161600 ServerMgr.cpp:54] register one proxy server: 127.0.0.1:54305
I0520 22:08:24.664100 333923776 NetServer.cpp:55] accept io...127.0.0.1:54318
I0520 22:08:24.678526 139161600 ServerMgr.cpp:492] register one login server: 127.0.0.1:54318
I0520 23:00:05.163785 333923776 NetServer.cpp:88] delete io...127.0.0.1:54318
I0520 23:00:05.163859 333923776 NetServer.cpp:88] delete io...127.0.0.1:54305
I0520 23:00:05.163890 333923776 NetServer.cpp:88] delete io...127.0.0.1:54272
W0520 23:00:05.165668 139161600 ServerMgr.cpp:866] remove one login server, id:10
W0520 23:00:05.165743 139161600 ServerMgr.cpp:889] remove one proxy server, id:30
W0520 23:00:05.165784 139161600 ServerMgr.cpp:850] remove one game server, id:993
W0520 23:00:05.165820 139161600 CenterThread.cpp:129] db server is disconnect, after 1s will be reconnect!
W0520 23:00:06.642793 333923776 NetModule.cpp:723] ready reconnect server, server id: 0
I0520 23:00:06.642968 333923776 NetConnector.cpp:216] connect to: 0.0.0.0:6001 success! 
I0520 23:00:06.643327 333923776 NetServer.cpp:55] accept io...127.0.0.1:54382
I0520 23:00:06.644994 139161600 CenterThread.cpp:95] connect to db server succ!
I0520 23:00:06.674351 139161600 ServerMgr.cpp:187] register one game server: 127.0.0.1:54382
I0520 23:00:08.661221 333923776 NetServer.cpp:55] accept io...127.0.0.1:54409
I0520 23:00:08.674741 139161600 ServerMgr.cpp:54] register one proxy server: 127.0.0.1:54409
W0521 01:00:12.676195 139161600 CenterThread.cpp:330] center server is across day.
I0521 01:00:12.695727 333923776 NetServer.cpp:88] delete io...127.0.0.1:54409
I0521 01:00:12.714174 333923776 NetServer.cpp:88] delete io...127.0.0.1:54382
W0521 01:00:12.916363 139161600 ServerMgr.cpp:889] remove one proxy server, id:30
W0521 01:00:13.059608 139161600 ServerMgr.cpp:850] remove one game server, id:993
W0521 01:00:13.059723 139161600 CenterThread.cpp:129] db server is disconnect, after 1s will be reconnect!
I0521 01:00:13.170253 333923776 NetServer.cpp:55] accept io...127.0.0.1:54428
I0521 01:00:13.456945 139161600 ServerMgr.cpp:492] register one login server: 127.0.0.1:54428
I0521 01:00:14.173279 333923776 NetServer.cpp:55] accept io...127.0.0.1:54433
W0521 01:00:14.174387 333923776 NetModule.cpp:723] ready reconnect server, server id: 0
I0521 01:00:14.174484 333923776 NetConnector.cpp:216] connect to: 127.0.0.1:6001 success! 
I0521 01:00:14.175907 139161600 CenterThread.cpp:95] connect to db server succ!
I0521 01:00:14.178578 139161600 ServerMgr.cpp:187] register one game server: 127.0.0.1:54433
I0521 01:00:16.213460 333923776 NetServer.cpp:55] accept io...127.0.0.1:54460
I0521 01:00:16.239662 139161600 ServerMgr.cpp:54] register one proxy server: 127.0.0.1:54460
I0521 03:00:26.461114 333923776 NetServer.cpp:88] delete io...127.0.0.1:54460
I0521 03:00:26.540874 333923776 NetServer.cpp:88] delete io...127.0.0.1:54433
I0521 03:00:26.541608 333923776 NetServer.cpp:88] delete io...127.0.0.1:54428
W0521 03:00:26.590339 139161600 ServerMgr.cpp:889] remove one proxy server, id:30
W0521 03:00:26.591681 139161600 ServerMgr.cpp:850] remove one game server, id:993
W0521 03:00:26.591765 139161600 ServerMgr.cpp:866] remove one login server, id:10
W0521 03:00:26.591814 139161600 CenterThread.cpp:129] db server is disconnect, after 1s will be reconnect!
W0521 03:00:27.921849 333923776 NetModule.cpp:723] ready reconnect server, server id: 0
I0521 03:00:27.922036 333923776 NetConnector.cpp:216] connect to: 0.0.0.0:6001 success! 
I0521 03:00:27.922603 139161600 CenterThread.cpp:95] connect to db server succ!
I0521 03:00:27.925725 333923776 NetServer.cpp:55] accept io...127.0.0.1:54514
I0521 03:00:27.948482 139161600 ServerMgr.cpp:187] register one game server: 127.0.0.1:54514
I0521 03:00:29.937564 333923776 NetServer.cpp:55] accept io...127.0.0.1:54547
I0521 03:00:29.963542 139161600 ServerMgr.cpp:54] register one proxy server: 127.0.0.1:54547
I0521 03:00:36.962973 333923776 NetServer.cpp:55] accept io...127.0.0.1:54560
I0521 03:00:36.990741 139161600 ServerMgr.cpp:492] register one login server: 127.0.0.1:54560
I0521 05:00:40.275457 333923776 NetServer.cpp:88] delete io...127.0.0.1:54547
W0521 05:00:40.276422 139161600 ServerMgr.cpp:889] remove one proxy server, id:30
W0521 05:00:40.277142 139161600 ServerMgr.cpp:866] remove one login server, id:10
I0521 05:00:40.278339 333923776 NetServer.cpp:88] delete io...127.0.0.1:54560
I0521 05:00:40.278481 333923776 NetServer.cpp:88] delete io...127.0.0.1:54514
W0521 05:00:40.279354 139161600 ServerMgr.cpp:850] remove one game server, id:993
W0521 05:00:40.281520 139161600 CenterThread.cpp:129] db server is disconnect, after 1s will be reconnect!
W0521 05:00:41.758814 333923776 NetModule.cpp:723] ready reconnect server, server id: 0
I0521 05:00:41.759009 333923776 NetConnector.cpp:216] connect to: 0.0.0.0:6001 success! 
I0521 05:00:41.759084 139161600 CenterThread.cpp:95] connect to db server succ!
I0521 05:00:41.761559 333923776 NetServer.cpp:55] accept io...127.0.0.1:54589
I0521 05:00:41.790534 139161600 ServerMgr.cpp:187] register one game server: 127.0.0.1:54589
I0521 05:00:43.784106 333923776 NetServer.cpp:55] accept io...127.0.0.1:54622
I0521 05:00:43.790815 139161600 ServerMgr.cpp:54] register one proxy server: 127.0.0.1:54622
I0521 05:00:50.834545 333923776 NetServer.cpp:55] accept io...127.0.0.1:54635
I0521 07:00:54.313067 333923776 NetServer.cpp:88] delete io...127.0.0.1:54622
W0521 07:00:54.317431 139161600 ServerMgr.cpp:889] remove one proxy server, id:30
I0521 07:00:54.319448 333923776 NetServer.cpp:88] delete io...127.0.0.1:54635
W0521 07:00:54.320315 139161600 ServerMgr.cpp:850] remove one game server, id:993
I0521 07:00:54.320750 333923776 NetServer.cpp:88] delete io...127.0.0.1:54589
W0521 07:00:54.322926 139161600 CenterThread.cpp:129] db server is disconnect, after 1s will be reconnect!
W0521 07:00:55.789837 333923776 NetModule.cpp:723] ready reconnect server, server id: 0
I0521 07:00:55.790031 333923776 NetConnector.cpp:216] connect to: 127.0.0.1:6001 success! 
I0521 07:00:55.791519 139161600 CenterThread.cpp:95] connect to db server succ!
I0521 07:00:55.821723 333923776 NetServer.cpp:55] accept io...127.0.0.1:54675
I0521 07:00:55.832021 139161600 ServerMgr.cpp:187] register one game server: 127.0.0.1:54675
I0521 07:00:57.832886 333923776 NetServer.cpp:55] accept io...127.0.0.1:54688
I0521 07:00:57.854821 139161600 ServerMgr.cpp:54] register one proxy server: 127.0.0.1:54688
I0521 08:09:18.310925 333923776 NetServer.cpp:88] delete io...127.0.0.1:54688
I0521 08:09:18.311867 333923776 NetServer.cpp:88] delete io...127.0.0.1:54675
W0521 08:09:18.313004 139161600 ServerMgr.cpp:889] remove one proxy server, id:30
W0521 08:09:18.313509 139161600 ServerMgr.cpp:850] remove one game server, id:993
W0521 08:09:18.314107 139161600 CenterThread.cpp:129] db server is disconnect, after 1s will be reconnect!
I0521 08:09:18.756603 333923776 NetServer.cpp:55] accept io...127.0.0.1:54709
I0521 08:09:18.769701 139161600 ServerMgr.cpp:492] register one login server: 127.0.0.1:54709
I0521 08:09:19.763361 333923776 NetServer.cpp:55] accept io...127.0.0.1:54720
I0521 08:09:19.783862 139161600 ServerMgr.cpp:187] register one game server: 127.0.0.1:54720
W0521 08:09:19.805485 333923776 NetModule.cpp:723] ready reconnect server, server id: 0
I0521 08:09:19.805742 333923776 NetConnector.cpp:216] connect to: 0.0.0.0:6001 success! 
I0521 08:09:19.807209 139161600 CenterThread.cpp:95] connect to db server succ!
I0521 08:09:21.766844 333923776 NetServer.cpp:55] accept io...127.0.0.1:54748
I0521 08:09:21.780968 139161600 ServerMgr.cpp:54] register one proxy server: 127.0.0.1:54748
I0521 08:30:05.326454 333923776 NetServer.cpp:88] delete io...127.0.0.1:54748
W0521 08:30:05.328152 139161600 ServerMgr.cpp:889] remove one proxy server, id:30
I0521 08:30:05.390478 333923776 NetServer.cpp:88] delete io...127.0.0.1:54709
W0521 08:30:05.390614 139161600 ServerMgr.cpp:866] remove one login server, id:10
W0521 08:30:05.390668 139161600 ServerMgr.cpp:850] remove one game server, id:993
I0521 08:30:05.391165 333923776 NetServer.cpp:88] delete io...127.0.0.1:54720
W0521 08:30:05.392745 139161600 CenterThread.cpp:129] db server is disconnect, after 1s will be reconnect!
W0521 08:30:06.813282 333923776 NetModule.cpp:723] ready reconnect server, server id: 0
I0521 08:30:06.813472 333923776 NetConnector.cpp:216] connect to: 0.0.0.0:6001 success! 
I0521 08:30:06.815317 139161600 CenterThread.cpp:95] connect to db server succ!
I0521 08:30:06.816351 333923776 NetServer.cpp:55] accept io...127.0.0.1:54780
I0521 08:30:06.822275 139161600 ServerMgr.cpp:187] register one game server: 127.0.0.1:54780
I0521 10:06:23.762044 333923776 NetServer.cpp:55] accept io...127.0.0.1:54805
I0521 10:06:23.762188 333923776 NetServer.cpp:88] delete io...127.0.0.1:54780
I0521 10:06:23.763218 139161600 ServerMgr.cpp:54] register one proxy server: 127.0.0.1:54805
W0521 10:06:23.764297 139161600 ServerMgr.cpp:850] remove one game server, id:993
W0521 10:06:23.764358 139161600 CenterThread.cpp:129] db server is disconnect, after 1s will be reconnect!
I0521 10:06:24.230789 333923776 NetServer.cpp:55] accept io...127.0.0.1:54826
I0521 10:06:24.233018 139161600 ServerMgr.cpp:492] register one login server: 127.0.0.1:54826
W0521 10:06:25.235327 333923776 NetModule.cpp:723] ready reconnect server, server id: 0
I0521 10:06:25.235404 333923776 NetServer.cpp:55] accept io...127.0.0.1:54842
I0521 10:06:25.235429 333923776 NetConnector.cpp:216] connect to: 0.0.0.0:6001 success! 
I0521 10:06:25.237218 139161600 CenterThread.cpp:95] connect to db server succ!
I0521 10:06:25.247962 139161600 ServerMgr.cpp:187] register one game server: 127.0.0.1:54842
I0521 10:42:21.808648 333923776 NetServer.cpp:88] delete io...127.0.0.1:54842
