I0224 13:49:09.260931 51884032 CenterThread.cpp:92] connect to db server succ!
I0224 13:49:09.264083 163177920 NetServer.cpp:55] accept io...127.0.0.1:55874
I0224 13:49:09.273201 51884032 ServerMgr.cpp:187] register one game server: 127.0.0.1:55874
I0224 13:49:11.265498 163177920 NetServer.cpp:55] accept io...127.0.0.1:55878
I0224 13:49:11.284889 51884032 ServerMgr.cpp:54] register one proxy server: 127.0.0.1:55878
I0224 13:49:18.294286 163177920 NetServer.cpp:55] accept io...127.0.0.1:55892
I0224 13:49:18.326056 51884032 ServerMgr.cpp:492] register one login server: 127.0.0.1:55892
I0224 14:25:03.779989 163177920 NetServer.cpp:88] delete io...127.0.0.1:55878
W0224 14:25:03.781745 51884032 ServerMgr.cpp:889] remove one proxy server, id:30
I0224 14:25:03.786058 163177920 NetServer.cpp:88] delete io...127.0.0.1:55874
W0224 14:25:03.786159 51884032 ServerMgr.cpp:850] remove one game server, id:991
I0224 14:25:03.786221 163177920 NetServer.cpp:88] delete io...127.0.0.1:55892
W0224 14:25:03.786229 51884032 ServerMgr.cpp:866] remove one login server, id:10
W0224 14:25:03.788776 51884032 CenterThread.cpp:125] db server is disconnect, after 1s will be reconnect!
W0224 14:25:05.263521 163177920 NetModule.cpp:723] ready reconnect server, server id: 0
I0224 14:25:05.263705 163177920 NetConnector.cpp:216] connect to: 0.0.0.0:6001 success! 
I0224 14:25:05.266263 51884032 CenterThread.cpp:92] connect to db server succ!
I0224 14:25:05.267091 163177920 NetServer.cpp:55] accept io...127.0.0.1:56338
I0224 14:25:05.295341 51884032 ServerMgr.cpp:187] register one game server: 127.0.0.1:56338
I0224 14:25:07.272234 163177920 NetServer.cpp:55] accept io...127.0.0.1:56343
I0224 14:25:07.285678 51884032 ServerMgr.cpp:54] register one proxy server: 127.0.0.1:56343
I0224 14:25:13.797165 163177920 NetServer.cpp:55] accept io...127.0.0.1:56363
I0224 14:25:13.811456 51884032 ServerMgr.cpp:492] register one login server: 127.0.0.1:56363
I0224 15:08:21.783740 163177920 NetServer.cpp:88] delete io...127.0.0.1:56338
W0224 15:08:21.784608 51884032 ServerMgr.cpp:850] remove one game server, id:991
I0224 15:08:21.804152 163177920 NetServer.cpp:88] delete io...127.0.0.1:56363
W0224 15:08:21.804599 51884032 ServerMgr.cpp:866] remove one login server, id:10
I0224 15:08:21.804625 163177920 NetServer.cpp:88] delete io...127.0.0.1:56343
W0224 15:08:21.804785 51884032 ServerMgr.cpp:889] remove one proxy server, id:30
W0224 15:08:21.804890 51884032 CenterThread.cpp:125] db server is disconnect, after 1s will be reconnect!
I0224 15:08:23.272527 163177920 NetServer.cpp:55] accept io...127.0.0.1:56795
W0224 15:08:23.272624 163177920 NetModule.cpp:723] ready reconnect server, server id: 0
I0224 15:08:23.272680 163177920 NetConnector.cpp:216] connect to: 0.0.0.0:6001 success! 
I0224 15:08:23.274368 51884032 CenterThread.cpp:92] connect to db server succ!
I0224 15:08:23.294389 51884032 ServerMgr.cpp:187] register one game server: 127.0.0.1:56795
I0224 15:08:25.284734 163177920 NetServer.cpp:55] accept io...127.0.0.1:56801
I0224 15:08:25.308887 51884032 ServerMgr.cpp:54] register one proxy server: 127.0.0.1:56801
I0224 15:08:32.319911 163177920 NetServer.cpp:55] accept io...127.0.0.1:56812
I0224 15:08:32.343397 51884032 ServerMgr.cpp:492] register one login server: 127.0.0.1:56812
I0224 15:51:36.788482 163177920 NetServer.cpp:88] delete io...127.0.0.1:56795
I0224 15:51:36.790041 163177920 NetServer.cpp:88] delete io...127.0.0.1:56812
I0224 15:51:36.790077 163177920 NetServer.cpp:88] delete io...127.0.0.1:56801
W0224 15:51:36.790480 51884032 ServerMgr.cpp:850] remove one game server, id:991
W0224 15:51:36.790741 51884032 ServerMgr.cpp:866] remove one login server, id:10
W0224 15:51:36.790791 51884032 ServerMgr.cpp:889] remove one proxy server, id:30
W0224 15:51:36.790829 51884032 CenterThread.cpp:125] db server is disconnect, after 1s will be reconnect!
W0224 15:51:38.270364 163177920 NetModule.cpp:723] ready reconnect server, server id: 0
I0224 15:51:38.270551 163177920 NetConnector.cpp:216] connect to: 0.0.0.0:6001 success! 
I0224 15:51:38.270853 163177920 NetServer.cpp:55] accept io...127.0.0.1:57266
I0224 15:51:38.273165 51884032 CenterThread.cpp:92] connect to db server succ!
I0224 15:51:38.297518 51884032 ServerMgr.cpp:187] register one game server: 127.0.0.1:57266
I0224 15:51:40.274652 163177920 NetServer.cpp:55] accept io...127.0.0.1:57275
I0224 15:51:40.289644 51884032 ServerMgr.cpp:54] register one proxy server: 127.0.0.1:57275
I0224 15:51:47.300799 163177920 NetServer.cpp:55] accept io...127.0.0.1:57296
I0224 15:51:47.330765 51884032 ServerMgr.cpp:492] register one login server: 127.0.0.1:57296
I0224 16:34:07.785297 163177920 NetServer.cpp:88] delete io...127.0.0.1:57266
W0224 16:34:07.785779 51884032 ServerMgr.cpp:850] remove one game server, id:991
I0224 16:34:07.785799 163177920 NetServer.cpp:88] delete io...127.0.0.1:57296
W0224 16:34:07.785843 51884032 ServerMgr.cpp:866] remove one login server, id:10
I0224 16:34:07.785887 163177920 NetServer.cpp:88] delete io...127.0.0.1:57275
W0224 16:34:07.785898 51884032 ServerMgr.cpp:889] remove one proxy server, id:30
W0224 16:34:07.787969 51884032 CenterThread.cpp:125] db server is disconnect, after 1s will be reconnect!
W0224 16:34:09.274113 163177920 NetModule.cpp:723] ready reconnect server, server id: 0
I0224 16:34:09.274300 163177920 NetConnector.cpp:216] connect to: 0.0.0.0:6001 success! 
I0224 16:34:09.276444 51884032 CenterThread.cpp:92] connect to db server succ!
I0224 16:34:09.280320 163177920 NetServer.cpp:55] accept io...127.0.0.1:57721
I0224 16:34:09.302572 51884032 ServerMgr.cpp:187] register one game server: 127.0.0.1:57721
I0224 16:34:11.276952 163177920 NetServer.cpp:55] accept io...127.0.0.1:57724
I0224 16:34:11.288785 51884032 ServerMgr.cpp:54] register one proxy server: 127.0.0.1:57724
I0224 16:34:18.319301 163177920 NetServer.cpp:55] accept io...127.0.0.1:57751
I0224 16:34:18.320875 51884032 ServerMgr.cpp:492] register one login server: 127.0.0.1:57751
I0224 17:14:50.790822 163177920 NetServer.cpp:88] delete io...127.0.0.1:57751
I0224 17:14:50.790912 163177920 NetServer.cpp:88] delete io...127.0.0.1:57724
I0224 17:14:50.790944 163177920 NetServer.cpp:88] delete io...127.0.0.1:57721
W0224 17:14:50.793576 51884032 ServerMgr.cpp:866] remove one login server, id:10
W0224 17:14:50.793633 51884032 ServerMgr.cpp:889] remove one proxy server, id:30
W0224 17:14:50.793661 51884032 ServerMgr.cpp:850] remove one game server, id:991
W0224 17:14:50.793689 51884032 CenterThread.cpp:125] db server is disconnect, after 1s will be reconnect!
I0224 17:14:52.267045 163177920 NetServer.cpp:55] accept io...127.0.0.1:58193
W0224 17:14:52.269498 163177920 NetModule.cpp:723] ready reconnect server, server id: 0
I0224 17:14:52.269680 163177920 NetConnector.cpp:216] connect to: 0.0.0.0:6001 success! 
I0224 17:14:52.272219 51884032 CenterThread.cpp:92] connect to db server succ!
I0224 17:14:52.286693 51884032 ServerMgr.cpp:187] register one game server: 127.0.0.1:58193
I0224 17:14:54.281888 163177920 NetServer.cpp:55] accept io...127.0.0.1:58197
I0224 17:14:54.305882 51884032 ServerMgr.cpp:54] register one proxy server: 127.0.0.1:58197
I0224 17:15:01.306298 163177920 NetServer.cpp:55] accept io...127.0.0.1:58213
I0224 17:15:01.320533 51884032 ServerMgr.cpp:492] register one login server: 127.0.0.1:58213
I0224 17:56:17.796257 163177920 NetServer.cpp:88] delete io...127.0.0.1:58197
I0224 17:56:17.796334 163177920 NetServer.cpp:88] delete io...127.0.0.1:58193
I0224 17:56:17.796361 163177920 NetServer.cpp:88] delete io...127.0.0.1:58213
W0224 17:56:17.798233 51884032 ServerMgr.cpp:889] remove one proxy server, id:30
W0224 17:56:17.798645 51884032 ServerMgr.cpp:850] remove one game server, id:991
W0224 17:56:17.798729 51884032 ServerMgr.cpp:866] remove one login server, id:10
W0224 17:56:17.798889 51884032 CenterThread.cpp:125] db server is disconnect, after 1s will be reconnect!
W0224 17:56:19.273006 163177920 NetModule.cpp:723] ready reconnect server, server id: 0
I0224 17:56:19.273185 163177920 NetConnector.cpp:216] connect to: 0.0.0.0:6001 success! 
I0224 17:56:19.273588 163177920 NetServer.cpp:55] accept io...127.0.0.1:58652
I0224 17:56:19.275799 51884032 CenterThread.cpp:92] connect to db server succ!
I0224 17:56:19.287983 51884032 ServerMgr.cpp:187] register one game server: 127.0.0.1:58652
I0224 17:56:21.290643 163177920 NetServer.cpp:55] accept io...127.0.0.1:58654
I0224 17:56:21.295078 51884032 ServerMgr.cpp:54] register one proxy server: 127.0.0.1:58654
I0224 17:56:28.311094 163177920 NetServer.cpp:55] accept io...127.0.0.1:58675
I0224 17:56:28.319588 51884032 ServerMgr.cpp:492] register one login server: 127.0.0.1:58675
I0224 18:37:54.794589 163177920 NetServer.cpp:88] delete io...127.0.0.1:58654
I0224 18:37:54.794664 163177920 NetServer.cpp:88] delete io...127.0.0.1:58675
I0224 18:37:54.794690 163177920 NetServer.cpp:88] delete io...127.0.0.1:58652
W0224 18:37:54.794724 51884032 ServerMgr.cpp:889] remove one proxy server, id:30
W0224 18:37:54.794775 51884032 ServerMgr.cpp:866] remove one login server, id:10
W0224 18:37:54.794806 51884032 ServerMgr.cpp:850] remove one game server, id:991
W0224 18:37:54.797360 51884032 CenterThread.cpp:125] db server is disconnect, after 1s will be reconnect!
W0224 18:37:56.276566 163177920 NetModule.cpp:723] ready reconnect server, server id: 0
I0224 18:37:56.276736 163177920 NetConnector.cpp:216] connect to: 0.0.0.0:6001 success! 
I0224 18:37:56.277060 163177920 NetServer.cpp:55] accept io...127.0.0.1:59104
I0224 18:37:56.279300 51884032 CenterThread.cpp:92] connect to db server succ!
I0224 18:37:56.306514 51884032 ServerMgr.cpp:187] register one game server: 127.0.0.1:59104
I0224 18:37:58.278986 163177920 NetServer.cpp:55] accept io...127.0.0.1:59108
I0224 18:37:58.306731 51884032 ServerMgr.cpp:54] register one proxy server: 127.0.0.1:59108
I0224 18:38:05.338037 163177920 NetServer.cpp:55] accept io...127.0.0.1:59122
I0224 18:38:05.370892 51884032 ServerMgr.cpp:492] register one login server: 127.0.0.1:59122
I0224 19:19:44.800523 163177920 NetServer.cpp:88] delete io...127.0.0.1:59108
I0224 19:19:44.800652 163177920 NetServer.cpp:88] delete io...127.0.0.1:59104
I0224 19:19:44.800698 163177920 NetServer.cpp:88] delete io...127.0.0.1:59122
W0224 19:19:44.801846 51884032 ServerMgr.cpp:889] remove one proxy server, id:30
W0224 19:19:44.803673 51884032 ServerMgr.cpp:850] remove one game server, id:991
W0224 19:19:44.803714 51884032 ServerMgr.cpp:866] remove one login server, id:10
W0224 19:19:44.803746 51884032 CenterThread.cpp:125] db server is disconnect, after 1s will be reconnect!
W0224 19:19:46.284456 163177920 NetModule.cpp:723] ready reconnect server, server id: 0
I0224 19:19:46.284646 163177920 NetConnector.cpp:216] connect to: 0.0.0.0:6001 success! 
I0224 19:19:46.287256 51884032 CenterThread.cpp:92] connect to db server succ!
I0224 19:19:46.291077 163177920 NetServer.cpp:55] accept io...127.0.0.1:59566
I0224 19:19:46.307572 51884032 ServerMgr.cpp:187] register one game server: 127.0.0.1:59566
I0224 19:19:48.293205 163177920 NetServer.cpp:55] accept io...127.0.0.1:59572
I0224 19:19:48.301419 51884032 ServerMgr.cpp:54] register one proxy server: 127.0.0.1:59572
I0224 19:19:55.310590 163177920 NetServer.cpp:55] accept io...127.0.0.1:59594
I0224 19:19:55.335813 51884032 ServerMgr.cpp:492] register one login server: 127.0.0.1:59594
I0224 20:02:38.800352 163177920 NetServer.cpp:88] delete io...127.0.0.1:59594
W0224 20:02:38.802191 51884032 ServerMgr.cpp:866] remove one login server, id:10
I0224 20:02:38.809824 163177920 NetServer.cpp:88] delete io...127.0.0.1:59566
W0224 20:02:38.810066 51884032 ServerMgr.cpp:850] remove one game server, id:991
I0224 20:02:38.810081 163177920 NetServer.cpp:88] delete io...127.0.0.1:59572
W0224 20:02:38.810106 51884032 ServerMgr.cpp:889] remove one proxy server, id:30
W0224 20:02:38.812150 51884032 CenterThread.cpp:125] db server is disconnect, after 1s will be reconnect!
W0224 20:02:40.277592 163177920 NetModule.cpp:723] ready reconnect server, server id: 0
I0224 20:02:40.277772 163177920 NetConnector.cpp:216] connect to: 0.0.0.0:6001 success! 
I0224 20:02:40.277858 51884032 CenterThread.cpp:92] connect to db server succ!
I0224 20:02:40.281621 163177920 NetServer.cpp:55] accept io...127.0.0.1:60031
I0224 20:02:40.301723 51884032 ServerMgr.cpp:187] register one game server: 127.0.0.1:60031
I0224 20:02:42.289721 163177920 NetServer.cpp:55] accept io...127.0.0.1:60036
I0224 20:02:42.303016 51884032 ServerMgr.cpp:54] register one proxy server: 127.0.0.1:60036
I0224 20:02:49.303685 163177920 NetServer.cpp:55] accept io...127.0.0.1:60054
I0224 20:02:49.308676 51884032 ServerMgr.cpp:492] register one login server: 127.0.0.1:60054
I0224 20:42:04.806424 163177920 NetServer.cpp:88] delete io...127.0.0.1:60036
I0224 20:42:04.806869 163177920 NetServer.cpp:88] delete io...127.0.0.1:60054
I0224 20:42:04.806903 163177920 NetServer.cpp:88] delete io...127.0.0.1:60031
W0224 20:42:04.808470 51884032 ServerMgr.cpp:889] remove one proxy server, id:30
W0224 20:42:04.808737 51884032 ServerMgr.cpp:866] remove one login server, id:10
W0224 20:42:04.808778 51884032 ServerMgr.cpp:850] remove one game server, id:991
W0224 20:42:04.808800 51884032 CenterThread.cpp:125] db server is disconnect, after 1s will be reconnect!
W0224 20:42:06.284046 163177920 NetModule.cpp:723] ready reconnect server, server id: 0
I0224 20:42:06.284240 163177920 NetConnector.cpp:216] connect to: 0.0.0.0:6001 success! 
I0224 20:42:06.284500 163177920 NetServer.cpp:55] accept io...127.0.0.1:60510
I0224 20:42:06.286849 51884032 CenterThread.cpp:92] connect to db server succ!
I0224 20:42:06.296036 51884032 ServerMgr.cpp:187] register one game server: 127.0.0.1:60510
I0224 20:42:08.297116 163177920 NetServer.cpp:55] accept io...127.0.0.1:60513
I0224 20:42:08.321090 51884032 ServerMgr.cpp:54] register one proxy server: 127.0.0.1:60513
I0224 20:42:15.319289 163177920 NetServer.cpp:55] accept io...127.0.0.1:60524
I0224 20:42:15.336918 51884032 ServerMgr.cpp:492] register one login server: 127.0.0.1:60524
I0224 21:19:10.821307 163177920 NetServer.cpp:88] delete io...127.0.0.1:60524
W0224 21:19:10.823125 51884032 ServerMgr.cpp:866] remove one login server, id:10
I0224 21:19:10.830337 163177920 NetServer.cpp:88] delete io...127.0.0.1:60513
W0224 21:19:10.830601 51884032 ServerMgr.cpp:889] remove one proxy server, id:30
I0224 21:19:10.830633 163177920 NetServer.cpp:88] delete io...127.0.0.1:60510
W0224 21:19:10.830643 51884032 ServerMgr.cpp:850] remove one game server, id:991
W0224 21:19:10.832715 51884032 CenterThread.cpp:125] db server is disconnect, after 1s will be reconnect!
W0224 21:19:12.308415 163177920 NetModule.cpp:723] ready reconnect server, server id: 0
I0224 21:19:12.308652 163177920 NetConnector.cpp:216] connect to: 0.0.0.0:6001 success! 
I0224 21:19:12.309072 163177920 NetServer.cpp:55] accept io...127.0.0.1:60976
I0224 21:19:12.311192 51884032 CenterThread.cpp:92] connect to db server succ!
I0224 21:19:12.325870 51884032 ServerMgr.cpp:187] register one game server: 127.0.0.1:60976
I0224 21:19:14.323989 163177920 NetServer.cpp:55] accept io...127.0.0.1:60979
I0224 21:19:14.332203 51884032 ServerMgr.cpp:54] register one proxy server: 127.0.0.1:60979
I0224 21:19:21.364619 163177920 NetServer.cpp:55] accept io...127.0.0.1:60994
I0224 21:19:21.378784 51884032 ServerMgr.cpp:492] register one login server: 127.0.0.1:60994
I0224 21:54:28.812211 163177920 NetServer.cpp:88] delete io...127.0.0.1:60994
I0224 21:54:28.812449 163177920 NetServer.cpp:88] delete io...127.0.0.1:60976
I0224 21:54:28.812492 163177920 NetServer.cpp:88] delete io...127.0.0.1:60979
W0224 21:54:28.814225 51884032 ServerMgr.cpp:866] remove one login server, id:10
W0224 21:54:28.814998 51884032 ServerMgr.cpp:850] remove one game server, id:991
W0224 21:54:28.815042 51884032 ServerMgr.cpp:889] remove one proxy server, id:30
W0224 21:54:28.815073 51884032 CenterThread.cpp:125] db server is disconnect, after 1s will be reconnect!
W0224 21:54:30.293308 163177920 NetModule.cpp:723] ready reconnect server, server id: 0
I0224 21:54:30.293373 163177920 NetServer.cpp:55] accept io...127.0.0.1:61457
I0224 21:54:30.293399 163177920 NetConnector.cpp:216] connect to: 0.0.0.0:6001 success! 
I0224 21:54:30.295218 51884032 CenterThread.cpp:92] connect to db server succ!
I0224 21:54:30.321384 51884032 ServerMgr.cpp:187] register one game server: 127.0.0.1:61457
I0224 21:54:32.303663 163177920 NetServer.cpp:55] accept io...127.0.0.1:61468
I0224 21:54:32.326489 51884032 ServerMgr.cpp:54] register one proxy server: 127.0.0.1:61468
I0224 21:54:39.337059 163177920 NetServer.cpp:55] accept io...127.0.0.1:61489
I0224 21:54:39.345495 51884032 ServerMgr.cpp:492] register one login server: 127.0.0.1:61489
I0224 22:37:57.805279 163177920 NetServer.cpp:88] delete io...127.0.0.1:61457
I0224 22:37:57.805372 163177920 NetServer.cpp:88] delete io...127.0.0.1:61489
I0224 22:37:57.805402 163177920 NetServer.cpp:88] delete io...127.0.0.1:61468
W0224 22:37:57.806015 51884032 ServerMgr.cpp:850] remove one game server, id:991
W0224 22:37:57.806067 51884032 ServerMgr.cpp:866] remove one login server, id:10
W0224 22:37:57.806092 51884032 ServerMgr.cpp:889] remove one proxy server, id:30
W0224 22:37:57.808288 51884032 CenterThread.cpp:125] db server is disconnect, after 1s will be reconnect!
W0224 22:37:59.295630 163177920 NetModule.cpp:723] ready reconnect server, server id: 0
I0224 22:37:59.295835 163177920 NetServer.cpp:55] accept io...127.0.0.1:61953
I0224 22:37:59.295914 163177920 NetConnector.cpp:216] connect to: 0.0.0.0:6001 success! 
I0224 22:37:59.297776 51884032 CenterThread.cpp:92] connect to db server succ!
I0224 22:37:59.322094 51884032 ServerMgr.cpp:187] register one game server: 127.0.0.1:61953
I0224 22:38:01.303635 163177920 NetServer.cpp:55] accept io...127.0.0.1:61958
I0224 22:38:01.332623 51884032 ServerMgr.cpp:54] register one proxy server: 127.0.0.1:61958
I0224 22:38:08.336282 163177920 NetServer.cpp:55] accept io...127.0.0.1:61986
I0224 22:38:08.353927 51884032 ServerMgr.cpp:492] register one login server: 127.0.0.1:61986
I0224 23:21:03.812465 163177920 NetServer.cpp:88] delete io...127.0.0.1:61953
W0224 23:21:03.814286 51884032 ServerMgr.cpp:850] remove one game server, id:991
I0224 23:21:03.829967 163177920 NetServer.cpp:88] delete io...127.0.0.1:61958
W0224 23:21:03.830262 51884032 ServerMgr.cpp:889] remove one proxy server, id:30
I0224 23:21:03.830291 163177920 NetServer.cpp:88] delete io...127.0.0.1:61986
W0224 23:21:03.830332 51884032 ServerMgr.cpp:866] remove one login server, id:10
W0224 23:21:03.832391 51884032 CenterThread.cpp:125] db server is disconnect, after 1s will be reconnect!
W0224 23:21:05.295131 163177920 NetModule.cpp:723] ready reconnect server, server id: 0
I0224 23:21:05.295317 163177920 NetConnector.cpp:216] connect to: 0.0.0.0:6001 success! 
I0224 23:21:05.295732 163177920 NetServer.cpp:55] accept io...127.0.0.1:62404
I0224 23:21:05.297914 51884032 CenterThread.cpp:92] connect to db server succ!
I0224 23:21:05.320971 51884032 ServerMgr.cpp:187] register one game server: 127.0.0.1:62404
I0224 23:21:07.312041 163177920 NetServer.cpp:55] accept io...127.0.0.1:62409
I0224 23:21:07.336352 51884032 ServerMgr.cpp:54] register one proxy server: 127.0.0.1:62409
I0224 23:21:14.324719 163177920 NetServer.cpp:55] accept io...127.0.0.1:62423
I0224 23:21:14.342859 51884032 ServerMgr.cpp:492] register one login server: 127.0.0.1:62423
W0225 00:00:26.797364 51884032 CenterThread.cpp:321] center server is across day.
I0225 00:00:26.814587 163177920 NetServer.cpp:88] delete io...127.0.0.1:62409
I0225 00:00:26.817785 163177920 NetServer.cpp:88] delete io...127.0.0.1:62404
I0225 00:00:26.817821 163177920 NetServer.cpp:88] delete io...127.0.0.1:62423
I0225 00:00:28.307675 163177920 NetServer.cpp:55] accept io...127.0.0.1:62863
I0225 00:00:30.314965 163177920 NetServer.cpp:55] accept io...127.0.0.1:62868
W0225 00:00:41.828233 51884032 ServerMgr.cpp:889] remove one proxy server, id:30
W0225 00:00:41.829243 51884032 ServerMgr.cpp:850] remove one game server, id:991
W0225 00:00:41.829349 51884032 ServerMgr.cpp:866] remove one login server, id:10
W0225 00:00:41.829407 51884032 CenterThread.cpp:125] db server is disconnect, after 1s will be reconnect!
I0225 00:00:41.829486 51884032 ServerMgr.cpp:187] register one game server: 127.0.0.1:62863
I0225 00:00:41.829547 51884032 ServerMgr.cpp:54] register one proxy server: 127.0.0.1:62868
I0225 00:00:42.885237 163177920 NetServer.cpp:55] accept io...127.0.0.1:62903
I0225 00:00:42.892974 51884032 ServerMgr.cpp:492] register one login server: 127.0.0.1:62903
W0225 00:00:43.359668 163177920 NetModule.cpp:723] ready reconnect server, server id: 0
I0225 00:00:43.359891 163177920 NetConnector.cpp:216] connect to: 0.0.0.0:6001 success! 
I0225 00:00:43.361644 51884032 CenterThread.cpp:92] connect to db server succ!
I0225 00:37:49.813792 163177920 NetServer.cpp:88] delete io...127.0.0.1:62863
I0225 00:37:49.813980 163177920 NetServer.cpp:88] delete io...127.0.0.1:62903
I0225 00:37:49.814014 163177920 NetServer.cpp:88] delete io...127.0.0.1:62868
W0225 00:37:49.814754 51884032 ServerMgr.cpp:850] remove one game server, id:991
W0225 00:37:49.815044 51884032 ServerMgr.cpp:866] remove one login server, id:10
W0225 00:37:49.815076 51884032 ServerMgr.cpp:889] remove one proxy server, id:30
W0225 00:37:49.815166 51884032 CenterThread.cpp:125] db server is disconnect, after 1s will be reconnect!
W0225 00:37:51.293849 163177920 NetModule.cpp:723] ready reconnect server, server id: 0
I0225 00:37:51.294139 163177920 NetServer.cpp:55] accept io...127.0.0.1:63323
I0225 00:37:51.294175 163177920 NetConnector.cpp:216] connect to: 0.0.0.0:6001 success! 
I0225 00:37:51.296190 51884032 CenterThread.cpp:92] connect to db server succ!
I0225 00:37:51.299235 51884032 ServerMgr.cpp:187] register one game server: 127.0.0.1:63323
I0225 00:37:53.297513 163177920 NetServer.cpp:55] accept io...127.0.0.1:63329
I0225 00:37:53.316193 51884032 ServerMgr.cpp:54] register one proxy server: 127.0.0.1:63329
I0225 00:37:59.847335 163177920 NetServer.cpp:55] accept io...127.0.0.1:63351
I0225 00:37:59.873219 51884032 ServerMgr.cpp:492] register one login server: 127.0.0.1:63351
I0225 01:18:21.820417 163177920 NetServer.cpp:88] delete io...127.0.0.1:63351
I0225 01:18:21.820502 163177920 NetServer.cpp:88] delete io...127.0.0.1:63329
I0225 01:18:21.820533 163177920 NetServer.cpp:88] delete io...127.0.0.1:63323
W0225 01:18:21.822224 51884032 ServerMgr.cpp:866] remove one login server, id:10
W0225 01:18:21.822381 51884032 ServerMgr.cpp:889] remove one proxy server, id:30
W0225 01:18:21.822716 51884032 ServerMgr.cpp:850] remove one game server, id:991
W0225 01:18:21.822751 51884032 CenterThread.cpp:125] db server is disconnect, after 1s will be reconnect!
W0225 01:18:23.302283 163177920 NetModule.cpp:723] ready reconnect server, server id: 0
I0225 01:18:23.302474 163177920 NetConnector.cpp:216] connect to: 0.0.0.0:6001 success! 
I0225 01:18:23.302793 163177920 NetServer.cpp:55] accept io...127.0.0.1:63844
I0225 01:18:23.305109 51884032 CenterThread.cpp:92] connect to db server succ!
I0225 01:18:23.325695 51884032 ServerMgr.cpp:187] register one game server: 127.0.0.1:63844
I0225 01:18:25.313846 163177920 NetServer.cpp:55] accept io...127.0.0.1:63848
I0225 01:18:25.337208 51884032 ServerMgr.cpp:54] register one proxy server: 127.0.0.1:63848
I0225 01:18:32.347754 163177920 NetServer.cpp:55] accept io...127.0.0.1:63869
I0225 01:18:32.356076 51884032 ServerMgr.cpp:492] register one login server: 127.0.0.1:63869
I0225 01:55:17.822036 163177920 NetServer.cpp:88] delete io...127.0.0.1:63848
W0225 01:55:17.824378 51884032 ServerMgr.cpp:889] remove one proxy server, id:30
I0225 01:55:17.832895 163177920 NetServer.cpp:88] delete io...127.0.0.1:63869
W0225 01:55:17.833142 51884032 ServerMgr.cpp:866] remove one login server, id:10
I0225 01:55:17.833171 163177920 NetServer.cpp:88] delete io...127.0.0.1:63844
W0225 01:55:17.833178 51884032 ServerMgr.cpp:850] remove one game server, id:991
W0225 01:55:17.835362 51884032 CenterThread.cpp:125] db server is disconnect, after 1s will be reconnect!
W0225 01:55:19.302645 163177920 NetModule.cpp:723] ready reconnect server, server id: 0
I0225 01:55:19.302834 163177920 NetConnector.cpp:216] connect to: 0.0.0.0:6001 success! 
I0225 01:55:19.303140 163177920 NetServer.cpp:55] accept io...127.0.0.1:64284
I0225 01:55:19.304411 51884032 CenterThread.cpp:92] connect to db server succ!
I0225 01:55:19.307556 51884032 ServerMgr.cpp:187] register one game server: 127.0.0.1:64284
I0225 01:55:21.319595 163177920 NetServer.cpp:55] accept io...127.0.0.1:64293
I0225 01:55:21.346997 51884032 ServerMgr.cpp:54] register one proxy server: 127.0.0.1:64293
I0225 01:55:28.336549 163177920 NetServer.cpp:55] accept io...127.0.0.1:64311
I0225 01:55:28.348246 51884032 ServerMgr.cpp:492] register one login server: 127.0.0.1:64311
I0225 02:34:59.833405 163177920 NetServer.cpp:88] delete io...127.0.0.1:64284
I0225 02:34:59.833719 163177920 NetServer.cpp:88] delete io...127.0.0.1:64311
I0225 02:34:59.833755 163177920 NetServer.cpp:88] delete io...127.0.0.1:64293
W0225 02:34:59.834477 51884032 ServerMgr.cpp:850] remove one game server, id:991
W0225 02:34:59.834970 51884032 ServerMgr.cpp:866] remove one login server, id:10
W0225 02:34:59.835001 51884032 ServerMgr.cpp:889] remove one proxy server, id:30
W0225 02:34:59.835021 51884032 CenterThread.cpp:125] db server is disconnect, after 1s will be reconnect!
W0225 02:35:01.310739 163177920 NetModule.cpp:723] ready reconnect server, server id: 0
I0225 02:35:01.310951 163177920 NetConnector.cpp:216] connect to: 0.0.0.0:6001 success! 
I0225 02:35:01.313541 51884032 CenterThread.cpp:92] connect to db server succ!
I0225 02:35:01.314404 163177920 NetServer.cpp:55] accept io...127.0.0.1:64751
I0225 02:35:01.340080 51884032 ServerMgr.cpp:187] register one game server: 127.0.0.1:64751
I0225 02:35:03.311403 163177920 NetServer.cpp:55] accept io...127.0.0.1:64757
I0225 02:35:03.332262 51884032 ServerMgr.cpp:54] register one proxy server: 127.0.0.1:64757
I0225 02:35:09.858760 163177920 NetServer.cpp:55] accept io...127.0.0.1:64779
I0225 02:35:09.876076 51884032 ServerMgr.cpp:492] register one login server: 127.0.0.1:64779
I0225 03:18:08.823436 163177920 NetServer.cpp:88] delete io...127.0.0.1:64751
W0225 03:18:08.825780 51884032 ServerMgr.cpp:850] remove one game server, id:991
I0225 03:18:08.837833 163177920 NetServer.cpp:88] delete io...127.0.0.1:64779
W0225 03:18:08.838299 51884032 ServerMgr.cpp:866] remove one login server, id:10
I0225 03:18:08.838346 163177920 NetServer.cpp:88] delete io...127.0.0.1:64757
W0225 03:18:08.838353 51884032 ServerMgr.cpp:889] remove one proxy server, id:30
W0225 03:18:08.840519 51884032 CenterThread.cpp:125] db server is disconnect, after 1s will be reconnect!
W0225 03:18:10.311453 163177920 NetModule.cpp:723] ready reconnect server, server id: 0
I0225 03:18:10.311748 163177920 NetServer.cpp:55] accept io...127.0.0.1:65221
I0225 03:18:10.311794 163177920 NetConnector.cpp:216] connect to: 0.0.0.0:6001 success! 
I0225 03:18:10.314240 51884032 CenterThread.cpp:92] connect to db server succ!
I0225 03:18:10.332463 51884032 ServerMgr.cpp:187] register one game server: 127.0.0.1:65221
I0225 03:18:12.322933 163177920 NetServer.cpp:55] accept io...127.0.0.1:65228
I0225 03:18:12.343199 51884032 ServerMgr.cpp:54] register one proxy server: 127.0.0.1:65228
I0225 03:18:18.852574 163177920 NetServer.cpp:55] accept io...127.0.0.1:65244
I0225 03:18:18.866104 51884032 ServerMgr.cpp:492] register one login server: 127.0.0.1:65244
I0225 03:54:25.821089 163177920 NetServer.cpp:88] delete io...127.0.0.1:65244
W0225 03:54:25.822681 51884032 ServerMgr.cpp:866] remove one login server, id:10
I0225 03:54:25.835779 163177920 NetServer.cpp:88] delete io...127.0.0.1:65221
W0225 03:54:25.836076 51884032 ServerMgr.cpp:850] remove one game server, id:991
I0225 03:54:25.836102 163177920 NetServer.cpp:88] delete io...127.0.0.1:65228
W0225 03:54:25.836124 51884032 ServerMgr.cpp:889] remove one proxy server, id:30
W0225 03:54:25.838332 51884032 CenterThread.cpp:125] db server is disconnect, after 1s will be reconnect!
W0225 03:54:27.308398 163177920 NetModule.cpp:723] ready reconnect server, server id: 0
I0225 03:54:27.308595 163177920 NetServer.cpp:55] accept io...127.0.0.1:49328
I0225 03:54:27.308681 163177920 NetConnector.cpp:216] connect to: 0.0.0.0:6001 success! 
I0225 03:54:27.310470 51884032 CenterThread.cpp:92] connect to db server succ!
I0225 03:54:27.340310 51884032 ServerMgr.cpp:187] register one game server: 127.0.0.1:49328
I0225 03:54:29.317983 163177920 NetServer.cpp:55] accept io...127.0.0.1:49332
I0225 03:54:29.328892 51884032 ServerMgr.cpp:54] register one proxy server: 127.0.0.1:49332
I0225 03:54:36.333254 163177920 NetServer.cpp:55] accept io...127.0.0.1:49341
I0225 03:54:36.347146 51884032 ServerMgr.cpp:492] register one login server: 127.0.0.1:49341
I0225 04:37:29.831356 163177920 NetServer.cpp:88] delete io...127.0.0.1:49341
W0225 04:37:29.832623 51884032 ServerMgr.cpp:866] remove one login server, id:10
I0225 04:37:29.841486 163177920 NetServer.cpp:88] delete io...127.0.0.1:49332
W0225 04:37:29.841709 51884032 ServerMgr.cpp:889] remove one proxy server, id:30
I0225 04:37:29.841755 163177920 NetServer.cpp:88] delete io...127.0.0.1:49328
W0225 04:37:29.844554 51884032 ServerMgr.cpp:850] remove one game server, id:991
W0225 04:37:29.844871 51884032 CenterThread.cpp:125] db server is disconnect, after 1s will be reconnect!
W0225 04:37:31.312945 163177920 NetModule.cpp:723] ready reconnect server, server id: 0
I0225 04:37:31.313127 163177920 NetConnector.cpp:216] connect to: 0.0.0.0:6001 success! 
I0225 04:37:31.315680 51884032 CenterThread.cpp:92] connect to db server succ!
I0225 04:37:31.318475 163177920 NetServer.cpp:55] accept io...127.0.0.1:49789
I0225 04:37:31.341472 51884032 ServerMgr.cpp:187] register one game server: 127.0.0.1:49789
I0225 04:37:33.324693 163177920 NetServer.cpp:55] accept io...127.0.0.1:49798
I0225 04:37:33.341224 51884032 ServerMgr.cpp:54] register one proxy server: 127.0.0.1:49798
I0225 04:37:39.864547 163177920 NetServer.cpp:55] accept io...127.0.0.1:49813
I0225 04:37:39.894388 51884032 ServerMgr.cpp:492] register one login server: 127.0.0.1:49813
I0225 05:15:56.830138 163177920 NetServer.cpp:88] delete io...127.0.0.1:49798
I0225 05:15:56.830263 163177920 NetServer.cpp:88] delete io...127.0.0.1:49789
I0225 05:15:56.830287 163177920 NetServer.cpp:88] delete io...127.0.0.1:49813
W0225 05:15:56.831797 51884032 ServerMgr.cpp:889] remove one proxy server, id:30
W0225 05:15:56.831868 51884032 ServerMgr.cpp:850] remove one game server, id:991
W0225 05:15:56.831894 51884032 ServerMgr.cpp:866] remove one login server, id:10
W0225 05:15:56.838623 51884032 CenterThread.cpp:125] db server is disconnect, after 1s will be reconnect!
W0225 05:15:58.316848 163177920 NetModule.cpp:723] ready reconnect server, server id: 0
I0225 05:15:58.317036 163177920 NetConnector.cpp:216] connect to: 0.0.0.0:6001 success! 
I0225 05:15:58.317409 163177920 NetServer.cpp:55] accept io...127.0.0.1:50240
I0225 05:15:58.319624 51884032 CenterThread.cpp:92] connect to db server succ!
I0225 05:15:58.327939 51884032 ServerMgr.cpp:187] register one game server: 127.0.0.1:50240
I0225 05:16:00.332280 163177920 NetServer.cpp:55] accept io...127.0.0.1:50249
I0225 05:16:00.361939 51884032 ServerMgr.cpp:54] register one proxy server: 127.0.0.1:50249
I0225 05:16:07.349797 163177920 NetServer.cpp:55] accept io...127.0.0.1:50267
I0225 05:16:07.373765 51884032 ServerMgr.cpp:492] register one login server: 127.0.0.1:50267
I0225 05:53:48.833289 163177920 NetServer.cpp:88] delete io...127.0.0.1:50240
W0225 05:53:48.833313 51884032 ServerMgr.cpp:850] remove one game server, id:991
I0225 05:53:48.841773 163177920 NetServer.cpp:88] delete io...127.0.0.1:50267
W0225 05:53:48.841809 51884032 ServerMgr.cpp:866] remove one login server, id:10
I0225 05:53:48.841845 163177920 NetServer.cpp:88] delete io...127.0.0.1:50249
W0225 05:53:48.841848 51884032 ServerMgr.cpp:889] remove one proxy server, id:30
W0225 05:53:48.844033 51884032 CenterThread.cpp:125] db server is disconnect, after 1s will be reconnect!
W0225 05:53:50.317170 163177920 NetModule.cpp:723] ready reconnect server, server id: 0
I0225 05:53:50.317368 163177920 NetServer.cpp:55] accept io...127.0.0.1:50720
I0225 05:53:50.317441 163177920 NetConnector.cpp:216] connect to: 0.0.0.0:6001 success! 
I0225 05:53:50.319322 51884032 CenterThread.cpp:92] connect to db server succ!
I0225 05:53:50.342800 51884032 ServerMgr.cpp:187] register one game server: 127.0.0.1:50720
I0225 05:53:52.331729 163177920 NetServer.cpp:55] accept io...127.0.0.1:50726
I0225 05:53:52.345772 51884032 ServerMgr.cpp:54] register one proxy server: 127.0.0.1:50726
I0225 05:53:59.350821 163177920 NetServer.cpp:55] accept io...127.0.0.1:50744
I0225 05:53:59.374428 51884032 ServerMgr.cpp:492] register one login server: 127.0.0.1:50744
I0225 06:37:59.827950 163177920 NetServer.cpp:88] delete io...127.0.0.1:50726
W0225 06:37:59.829669 51884032 ServerMgr.cpp:889] remove one proxy server, id:30
I0225 06:37:59.835902 163177920 NetServer.cpp:88] delete io...127.0.0.1:50720
W0225 06:37:59.836107 51884032 ServerMgr.cpp:850] remove one game server, id:991
I0225 06:37:59.836153 163177920 NetServer.cpp:88] delete io...127.0.0.1:50744
W0225 06:37:59.836163 51884032 ServerMgr.cpp:866] remove one login server, id:10
W0225 06:37:59.838392 51884032 CenterThread.cpp:125] db server is disconnect, after 1s will be reconnect!
W0225 06:38:01.318063 163177920 NetModule.cpp:723] ready reconnect server, server id: 0
I0225 06:38:01.318289 163177920 NetServer.cpp:55] accept io...127.0.0.1:51176
I0225 06:38:01.318367 163177920 NetConnector.cpp:216] connect to: 0.0.0.0:6001 success! 
I0225 06:38:01.320235 51884032 CenterThread.cpp:92] connect to db server succ!
I0225 06:38:01.341337 51884032 ServerMgr.cpp:187] register one game server: 127.0.0.1:51176
I0225 06:38:03.327566 163177920 NetServer.cpp:55] accept io...127.0.0.1:51184
I0225 06:38:03.343227 51884032 ServerMgr.cpp:54] register one proxy server: 127.0.0.1:51184
I0225 06:38:10.366076 163177920 NetServer.cpp:55] accept io...127.0.0.1:51204
I0225 06:38:10.371603 51884032 ServerMgr.cpp:492] register one login server: 127.0.0.1:51204
I0225 07:19:25.839960 163177920 NetServer.cpp:88] delete io...127.0.0.1:51176
W0225 07:19:25.840806 51884032 ServerMgr.cpp:850] remove one game server, id:991
I0225 07:19:25.846624 163177920 NetServer.cpp:88] delete io...127.0.0.1:51204
W0225 07:19:25.847316 51884032 ServerMgr.cpp:866] remove one login server, id:10
I0225 07:19:25.847368 163177920 NetServer.cpp:88] delete io...127.0.0.1:51184
W0225 07:19:25.847385 51884032 ServerMgr.cpp:889] remove one proxy server, id:30
W0225 07:19:25.850212 51884032 CenterThread.cpp:125] db server is disconnect, after 1s will be reconnect!
W0225 07:19:27.329228 163177920 NetModule.cpp:723] ready reconnect server, server id: 0
I0225 07:19:27.329391 163177920 NetConnector.cpp:216] connect to: 0.0.0.0:6001 success! 
I0225 07:19:27.329648 163177920 NetServer.cpp:55] accept io...127.0.0.1:51613
I0225 07:19:27.332015 51884032 CenterThread.cpp:92] connect to db server succ!
I0225 07:19:27.352670 51884032 ServerMgr.cpp:187] register one game server: 127.0.0.1:51613
I0225 07:19:29.328562 163177920 NetServer.cpp:55] accept io...127.0.0.1:51620
I0225 07:19:29.335640 51884032 ServerMgr.cpp:54] register one proxy server: 127.0.0.1:51620
I0225 07:19:36.395325 163177920 NetServer.cpp:55] accept io...127.0.0.1:51638
I0225 07:19:36.418104 51884032 ServerMgr.cpp:492] register one login server: 127.0.0.1:51638
I0225 07:57:17.847949 163177920 NetServer.cpp:88] delete io...127.0.0.1:51620
I0225 07:57:17.849474 163177920 NetServer.cpp:88] delete io...127.0.0.1:51613
I0225 07:57:17.849541 163177920 NetServer.cpp:88] delete io...127.0.0.1:51638
W0225 07:57:17.850015 51884032 ServerMgr.cpp:889] remove one proxy server, id:30
W0225 07:57:17.850437 51884032 ServerMgr.cpp:850] remove one game server, id:991
W0225 07:57:17.850472 51884032 ServerMgr.cpp:866] remove one login server, id:10
W0225 07:57:17.850493 51884032 CenterThread.cpp:125] db server is disconnect, after 1s will be reconnect!
W0225 07:57:19.327198 163177920 NetModule.cpp:723] ready reconnect server, server id: 0
I0225 07:57:19.327394 163177920 NetConnector.cpp:216] connect to: 0.0.0.0:6001 success! 
I0225 07:57:19.327718 163177920 NetServer.cpp:55] accept io...127.0.0.1:52091
I0225 07:57:19.329183 51884032 CenterThread.cpp:92] connect to db server succ!
I0225 07:57:19.359211 51884032 ServerMgr.cpp:187] register one game server: 127.0.0.1:52091
I0225 07:57:21.331575 163177920 NetServer.cpp:55] accept io...127.0.0.1:52100
I0225 07:57:21.356761 51884032 ServerMgr.cpp:54] register one proxy server: 127.0.0.1:52100
I0225 07:57:28.362962 163177920 NetServer.cpp:55] accept io...127.0.0.1:52120
I0225 07:57:28.380199 51884032 ServerMgr.cpp:492] register one login server: 127.0.0.1:52120
I0225 08:35:40.836210 163177920 NetServer.cpp:88] delete io...127.0.0.1:52091
W0225 08:35:40.837762 51884032 ServerMgr.cpp:850] remove one game server, id:991
I0225 08:35:40.841353 163177920 NetServer.cpp:88] delete io...127.0.0.1:52100
I0225 08:35:40.841553 163177920 NetServer.cpp:88] delete io...127.0.0.1:52120
W0225 08:35:40.841562 51884032 ServerMgr.cpp:889] remove one proxy server, id:30
W0225 08:35:40.841614 51884032 ServerMgr.cpp:866] remove one login server, id:10
W0225 08:35:40.841647 51884032 CenterThread.cpp:125] db server is disconnect, after 1s will be reconnect!
W0225 08:35:42.316577 163177920 NetModule.cpp:723] ready reconnect server, server id: 0
I0225 08:35:42.316761 163177920 NetConnector.cpp:216] connect to: 0.0.0.0:6001 success! 
I0225 08:35:42.319334 51884032 CenterThread.cpp:92] connect to db server succ!
I0225 08:35:42.326216 163177920 NetServer.cpp:55] accept io...127.0.0.1:52555
I0225 08:35:42.346704 51884032 ServerMgr.cpp:187] register one game server: 127.0.0.1:52555
I0225 08:35:44.331287 163177920 NetServer.cpp:55] accept io...127.0.0.1:52558
I0225 08:35:44.358141 51884032 ServerMgr.cpp:54] register one proxy server: 127.0.0.1:52558
I0225 08:35:51.374984 163177920 NetServer.cpp:55] accept io...127.0.0.1:52583
I0225 08:35:51.403390 51884032 ServerMgr.cpp:492] register one login server: 127.0.0.1:52583
I0225 09:15:16.844034 163177920 NetServer.cpp:88] delete io...127.0.0.1:52558
W0225 09:15:16.846244 51884032 ServerMgr.cpp:889] remove one proxy server, id:30
I0225 09:15:16.859230 163177920 NetServer.cpp:88] delete io...127.0.0.1:52583
W0225 09:15:16.859616 51884032 ServerMgr.cpp:866] remove one login server, id:10
I0225 09:15:16.859666 163177920 NetServer.cpp:88] delete io...127.0.0.1:52555
W0225 09:15:16.859705 51884032 ServerMgr.cpp:850] remove one game server, id:991
W0225 09:15:16.859792 51884032 CenterThread.cpp:125] db server is disconnect, after 1s will be reconnect!
W0225 09:15:18.330402 163177920 NetModule.cpp:723] ready reconnect server, server id: 0
I0225 09:15:18.330597 163177920 NetServer.cpp:55] accept io...127.0.0.1:53022
I0225 09:15:18.330682 163177920 NetConnector.cpp:216] connect to: 0.0.0.0:6001 success! 
I0225 09:15:18.333425 51884032 CenterThread.cpp:92] connect to db server succ!
I0225 09:15:18.354184 51884032 ServerMgr.cpp:187] register one game server: 127.0.0.1:53022
I0225 09:15:20.341481 163177920 NetServer.cpp:55] accept io...127.0.0.1:53027
I0225 09:15:20.364871 51884032 ServerMgr.cpp:54] register one proxy server: 127.0.0.1:53027
I0225 09:15:27.364631 163177920 NetServer.cpp:55] accept io...127.0.0.1:53044
I0225 09:15:27.378305 51884032 ServerMgr.cpp:492] register one login server: 127.0.0.1:53044
I0225 09:47:13.861563 163177920 NetServer.cpp:88] delete io...127.0.0.1:53022
W0225 09:47:13.863397 51884032 ServerMgr.cpp:850] remove one game server, id:991
I0225 09:47:13.867574 163177920 NetServer.cpp:88] delete io...127.0.0.1:53044
W0225 09:47:13.867774 51884032 ServerMgr.cpp:866] remove one login server, id:10
I0225 09:47:13.867802 163177920 NetServer.cpp:88] delete io...127.0.0.1:53027
W0225 09:47:13.867822 51884032 ServerMgr.cpp:889] remove one proxy server, id:30
W0225 09:47:13.869963 51884032 CenterThread.cpp:125] db server is disconnect, after 1s will be reconnect!
W0225 09:47:15.337463 163177920 NetModule.cpp:723] ready reconnect server, server id: 0
I0225 09:47:15.337608 163177920 NetServer.cpp:55] accept io...127.0.0.1:53529
I0225 09:47:15.337659 163177920 NetConnector.cpp:216] connect to: 0.0.0.0:6001 success! 
I0225 09:47:15.339272 51884032 CenterThread.cpp:92] connect to db server succ!
I0225 09:47:15.346838 51884032 ServerMgr.cpp:187] register one game server: 127.0.0.1:53529
I0225 09:47:17.347193 163177920 NetServer.cpp:55] accept io...127.0.0.1:53550
I0225 09:47:17.370434 51884032 ServerMgr.cpp:54] register one proxy server: 127.0.0.1:53550
I0225 09:47:24.362520 163177920 NetServer.cpp:55] accept io...127.0.0.1:53579
I0225 09:47:24.371747 51884032 ServerMgr.cpp:492] register one login server: 127.0.0.1:53579
W0225 09:51:01.260936 51884032 DuoBaoMgr.cpp:94] has the same doing data? id: 1
W0225 09:51:01.261135 51884032 DuoBaoMgr.cpp:94] has the same doing data? id: 2
W0225 09:51:01.261168 51884032 DuoBaoMgr.cpp:94] has the same doing data? id: 3
W0225 09:51:01.261195 51884032 DuoBaoMgr.cpp:94] has the same doing data? id: 30
W0225 09:51:01.261221 51884032 DuoBaoMgr.cpp:94] has the same doing data? id: 31
W0225 09:51:01.261246 51884032 DuoBaoMgr.cpp:94] has the same doing data? id: 32
W0225 09:51:01.261271 51884032 DuoBaoMgr.cpp:94] has the same doing data? id: 33
W0225 09:51:01.261299 51884032 DuoBaoMgr.cpp:175] load duo bao data finish.
I0225 10:22:13.981889 163177920 NetServer.cpp:88] delete io...127.0.0.1:53529
W0225 10:22:13.983709 51884032 ServerMgr.cpp:850] remove one game server, id:991
I0225 10:22:25.197721 163177920 NetServer.cpp:55] accept io...127.0.0.1:54183
I0225 10:22:28.057680 51884032 ServerMgr.cpp:187] register one game server: 127.0.0.1:54183
I0225 10:36:10.186770 163177920 NetServer.cpp:88] delete io...127.0.0.1:54183
W0225 10:36:10.187523 51884032 ServerMgr.cpp:850] remove one game server, id:991
I0225 10:36:14.779692 163177920 NetServer.cpp:55] accept io...127.0.0.1:54235
I0225 10:36:17.471069 51884032 ServerMgr.cpp:187] register one game server: 127.0.0.1:54235
I0225 10:58:24.484242 163177920 NetServer.cpp:88] delete io...127.0.0.1:54235
W0225 10:58:24.486718 51884032 ServerMgr.cpp:850] remove one game server, id:991
I0225 10:59:21.628942 163177920 NetServer.cpp:55] accept io...127.0.0.1:54324
I0225 10:59:23.496217 51884032 ServerMgr.cpp:187] register one game server: 127.0.0.1:54324
I0225 10:59:25.348346 163177920 NetServer.cpp:88] delete io...127.0.0.1:54324
W0225 10:59:25.348486 51884032 ServerMgr.cpp:850] remove one game server, id:991
I0225 10:59:29.713265 163177920 NetServer.cpp:55] accept io...127.0.0.1:54332
I0225 10:59:32.073213 51884032 ServerMgr.cpp:187] register one game server: 127.0.0.1:54332
I0225 11:03:11.574733 163177920 NetServer.cpp:88] delete io...127.0.0.1:54332
W0225 11:03:11.577145 51884032 ServerMgr.cpp:850] remove one game server, id:991
I0225 11:03:17.629644 163177920 NetServer.cpp:55] accept io...127.0.0.1:54350
I0225 11:03:30.050786 51884032 ServerMgr.cpp:187] register one game server: 127.0.0.1:54350
I0225 11:07:05.029151 163177920 NetServer.cpp:88] delete io...127.0.0.1:54350
W0225 11:07:05.030856 51884032 ServerMgr.cpp:850] remove one game server, id:991
I0225 11:07:08.934859 163177920 NetServer.cpp:55] accept io...127.0.0.1:54361
I0225 11:07:11.686511 51884032 ServerMgr.cpp:187] register one game server: 127.0.0.1:54361
I0225 11:08:14.535120 163177920 NetServer.cpp:88] delete io...127.0.0.1:54361
W0225 11:08:14.536217 51884032 ServerMgr.cpp:850] remove one game server, id:991
I0225 11:08:43.923750 163177920 NetServer.cpp:55] accept io...127.0.0.1:54373
I0225 11:08:43.938674 51884032 ServerMgr.cpp:187] register one game server: 127.0.0.1:54373
I0225 11:09:20.727531 163177920 NetServer.cpp:88] delete io...127.0.0.1:54373
W0225 11:09:20.729578 51884032 ServerMgr.cpp:850] remove one game server, id:991
I0225 11:09:49.119290 163177920 NetServer.cpp:55] accept io...127.0.0.1:54377
I0225 11:09:51.419509 51884032 ServerMgr.cpp:187] register one game server: 127.0.0.1:54377
I0225 11:26:38.157652 163177920 NetServer.cpp:88] delete io...127.0.0.1:54377
W0225 11:26:38.159871 51884032 ServerMgr.cpp:850] remove one game server, id:991
I0225 11:26:44.744092 163177920 NetServer.cpp:55] accept io...127.0.0.1:54411
I0225 11:26:47.240454 51884032 ServerMgr.cpp:187] register one game server: 127.0.0.1:54411
I0225 11:28:14.738615 163177920 NetServer.cpp:88] delete io...127.0.0.1:54411
W0225 11:28:14.741062 51884032 ServerMgr.cpp:850] remove one game server, id:991
I0225 11:30:06.575006 163177920 NetServer.cpp:55] accept io...127.0.0.1:54434
I0225 11:30:18.850122 51884032 ServerMgr.cpp:187] register one game server: 127.0.0.1:54434
W0225 11:47:00.690135 51884032 CenterThread.cpp:5384] update online user fail
W0225 11:47:10.699877 51884032 CenterThread.cpp:5384] update online user fail
I0225 11:48:54.956692 163177920 NetServer.cpp:88] delete io...127.0.0.1:54434
W0225 11:48:54.957532 51884032 ServerMgr.cpp:850] remove one game server, id:991
I0225 11:49:33.884925 163177920 NetServer.cpp:55] accept io...127.0.0.1:54472
I0225 11:49:33.888586 51884032 ServerMgr.cpp:187] register one game server: 127.0.0.1:54472
W0225 11:49:59.645149 51884032 CenterThread.cpp:5384] update online user fail
I0225 11:51:34.959869 163177920 NetServer.cpp:88] delete io...127.0.0.1:54472
W0225 11:51:34.961181 51884032 ServerMgr.cpp:850] remove one game server, id:991
I0225 11:52:10.204859 163177920 NetServer.cpp:55] accept io...127.0.0.1:54485
I0225 11:52:12.547459 51884032 ServerMgr.cpp:187] register one game server: 127.0.0.1:54485
I0225 11:53:44.996729 163177920 NetServer.cpp:88] delete io...127.0.0.1:54485
W0225 11:53:44.998021 51884032 ServerMgr.cpp:850] remove one game server, id:991
I0225 11:54:01.145403 163177920 NetServer.cpp:55] accept io...127.0.0.1:54501
I0225 11:54:01.157802 51884032 ServerMgr.cpp:187] register one game server: 127.0.0.1:54501
I0225 12:00:15.031352 163177920 NetServer.cpp:88] delete io...127.0.0.1:54501
W0225 12:00:15.031517 51884032 ServerMgr.cpp:850] remove one game server, id:991
I0225 12:05:32.402160 163177920 NetServer.cpp:55] accept io...127.0.0.1:54535
I0225 12:05:34.721235 51884032 ServerMgr.cpp:187] register one game server: 127.0.0.1:54535
I0225 12:07:24.557790 163177920 NetServer.cpp:88] delete io...127.0.0.1:54535
W0225 12:07:24.558130 51884032 ServerMgr.cpp:850] remove one game server, id:991
I0225 12:09:54.419987 163177920 NetServer.cpp:55] accept io...127.0.0.1:54552
I0225 12:10:06.646080 51884032 ServerMgr.cpp:187] register one game server: 127.0.0.1:54552
I0225 12:11:15.137869 163177920 NetServer.cpp:88] delete io...127.0.0.1:54552
W0225 12:11:15.141649 51884032 ServerMgr.cpp:850] remove one game server, id:991
I0225 12:11:21.503160 163177920 NetServer.cpp:55] accept io...127.0.0.1:54560
I0225 12:11:21.510541 51884032 ServerMgr.cpp:187] register one game server: 127.0.0.1:54560
I0225 12:16:06.375231 163177920 NetServer.cpp:88] delete io...127.0.0.1:54560
W0225 12:16:06.375846 51884032 ServerMgr.cpp:850] remove one game server, id:991
I0225 12:16:15.271392 163177920 NetServer.cpp:55] accept io...127.0.0.1:54587
I0225 12:16:27.378520 51884032 ServerMgr.cpp:187] register one game server: 127.0.0.1:54587
I0225 12:21:32.025897 163177920 NetServer.cpp:88] delete io...127.0.0.1:54587
W0225 12:21:32.027057 51884032 ServerMgr.cpp:850] remove one game server, id:991
I0225 12:21:34.644469 163177920 NetServer.cpp:55] accept io...127.0.0.1:54603
I0225 12:21:36.432852 163177920 NetServer.cpp:88] delete io...127.0.0.1:54603
I0225 12:21:38.821744 163177920 NetServer.cpp:55] accept io...127.0.0.1:54610
I0225 12:21:40.980849 51884032 ServerMgr.cpp:187] register one game server: 127.0.0.1:54610
I0225 12:25:29.313366 163177920 NetServer.cpp:88] delete io...127.0.0.1:54610
W0225 12:25:29.313900 51884032 ServerMgr.cpp:850] remove one game server, id:991
I0225 12:25:53.298494 163177920 NetServer.cpp:55] accept io...127.0.0.1:54622
I0225 12:25:55.524514 51884032 ServerMgr.cpp:187] register one game server: 127.0.0.1:54622
W0225 12:28:15.729661 51884032 CenterThread.cpp:5384] update online user fail
I0225 12:28:26.453533 163177920 NetServer.cpp:88] delete io...127.0.0.1:54622
W0225 12:28:26.453873 51884032 ServerMgr.cpp:850] remove one game server, id:991
I0225 12:28:35.085791 163177920 NetServer.cpp:55] accept io...127.0.0.1:54659
I0225 12:28:37.324299 51884032 ServerMgr.cpp:187] register one game server: 127.0.0.1:54659
I0225 12:30:45.283898 163177920 NetServer.cpp:88] delete io...127.0.0.1:54659
W0225 12:30:45.286275 51884032 ServerMgr.cpp:850] remove one game server, id:991
I0225 12:31:32.671918 163177920 NetServer.cpp:55] accept io...127.0.0.1:54681
I0225 12:31:32.690786 51884032 ServerMgr.cpp:187] register one game server: 127.0.0.1:54681
I0225 12:33:25.311444 163177920 NetServer.cpp:88] delete io...127.0.0.1:54681
W0225 12:33:25.311967 51884032 ServerMgr.cpp:850] remove one game server, id:991
I0225 12:34:43.841337 163177920 NetServer.cpp:55] accept io...127.0.0.1:54688
I0225 12:34:46.054702 51884032 ServerMgr.cpp:187] register one game server: 127.0.0.1:54688
I0225 12:35:55.358958 163177920 NetServer.cpp:88] delete io...127.0.0.1:54688
W0225 12:35:55.361315 51884032 ServerMgr.cpp:850] remove one game server, id:991
I0225 12:39:19.404433 163177920 NetServer.cpp:55] accept io...127.0.0.1:54704
I0225 12:39:21.699625 51884032 ServerMgr.cpp:187] register one game server: 127.0.0.1:54704
I0225 12:40:25.407161 163177920 NetServer.cpp:88] delete io...127.0.0.1:54704
