Log file created at: 2019/05/11 15:41:19
Running on machine: henisdeMacBookPro.local
Log line format: [IWEF]mmdd hh:mm:ss.uuuuuu threadid file:line] msg
I0511 15:41:19.842913 333923776 CenterServer.cpp:32] 正在启动中心服务器...
I0511 15:41:19.845790 333923776 NetModule.h:71] Init NetModule Finished.
I0511 15:41:19.845962 333923776 NetModule.h:78] start work thread 0...
I0511 15:41:19.845974 333923776 NetModule.cpp:69] Start Run NetModule...
I0511 15:41:19.845993 333923776 NetModule.cpp:88] NetModule Already Startover.
I0511 15:41:19.846004 333923776 NetModule.cpp:220] add one connector: 0.0.0.0:6001 succeed...
I0511 15:41:19.846009 333923776 NetModule.cpp:136] Create one server...
W0511 15:41:20.346392 139161600 CenterThread.cpp:129] db server is disconnect, after 1s will be reconnect!
I0511 15:41:20.612607 333923776 NetServer.cpp:55] accept io...127.0.0.1:61782
I0511 15:41:20.633167 139161600 ServerMgr.cpp:187] register one game server: 127.0.0.1:61782
I0511 15:41:20.741472 333923776 NetServer.cpp:55] accept io...127.0.0.1:61784
I0511 15:41:20.763978 139161600 ServerMgr.cpp:187] register one game server: 127.0.0.1:61784
W0511 15:41:21.850911 333923776 NetModule.cpp:723] ready reconnect server, server id: 0
W0511 15:41:21.853288 139161600 CenterThread.cpp:129] db server is disconnect, after 1s will be reconnect!
W0511 15:41:23.354415 333923776 NetModule.cpp:723] ready reconnect server, server id: 0
I0511 15:41:23.354696 333923776 NetConnector.cpp:216] connect to: 0.0.0.0:6001 success! 
I0511 15:41:23.356735 139161600 CenterThread.cpp:95] connect to db server succ!
I0511 15:41:25.503248 333923776 NetServer.cpp:55] accept io...127.0.0.1:61796
I0511 15:41:25.528475 139161600 ServerMgr.cpp:54] register one proxy server: 127.0.0.1:61796
I0511 15:41:28.316687 333923776 NetServer.cpp:55] accept io...127.0.0.1:61801
I0511 15:41:28.342284 139161600 ServerMgr.cpp:492] register one login server: 127.0.0.1:61801
W0511 15:41:38.296021 139161600 CenterThread.cpp:3739] OnSubLoadWealthGodHistoryData: 10
W0511 15:41:39.528600 139161600 CenterThread.cpp:3739] OnSubLoadWealthGodHistoryData: 10
W0511 15:41:40.731187 139161600 CenterThread.cpp:3739] OnSubLoadWealthGodHistoryData: 10
W0511 15:41:41.966735 139161600 CenterThread.cpp:3739] OnSubLoadWealthGodHistoryData: 10
W0511 15:41:43.163841 139161600 CenterThread.cpp:3739] OnSubLoadWealthGodHistoryData: 10
W0511 15:41:44.397778 139161600 CenterThread.cpp:3739] OnSubLoadWealthGodHistoryData: 10
W0511 15:41:45.608574 139161600 CenterThread.cpp:3739] OnSubLoadWealthGodHistoryData: 10
W0511 15:41:46.822302 139161600 CenterThread.cpp:3739] OnSubLoadWealthGodHistoryData: 10
W0511 15:41:48.053771 139161600 CenterThread.cpp:3739] OnSubLoadWealthGodHistoryData: 10
W0511 15:41:49.264551 139161600 CenterThread.cpp:3739] OnSubLoadWealthGodHistoryData: 10
W0511 15:41:50.488229 139161600 CenterThread.cpp:3739] OnSubLoadWealthGodHistoryData: 10
W0511 15:41:51.688848 139161600 CenterThread.cpp:3739] OnSubLoadWealthGodHistoryData: 10
W0511 15:41:52.910049 139161600 CenterThread.cpp:3739] OnSubLoadWealthGodHistoryData: 10
W0511 15:42:05.076427 139161600 DuoBaoMgr.cpp:175] load duo bao data finish.
W0511 15:42:05.978859 139161600 ConfigOption.cpp:1009] set chat upload url: http://test.upload.lerengu.com
W0511 15:42:07.440969 139161600 Group.cpp:77] group userid : 85538140, parent userid : 0
W0511 15:42:07.441149 139161600 Group.cpp:77] group userid : 85554667, parent userid : 0
W0511 15:42:07.441237 139161600 Group.cpp:77] group userid : 85594166, parent userid : 85554667
W0511 15:42:07.441318 139161600 Group.cpp:89] insert dir user: 85554667, 85594166
W0511 15:42:07.441440 139161600 Group.cpp:77] group userid : 85537039, parent userid : 85594166
W0511 15:42:07.441514 139161600 Group.cpp:89] insert dir user: 85594166, 85537039
W0511 15:42:07.441563 139161600 Group.cpp:97] insert sub user: 85554667, 85537039
W0511 15:42:07.441618 139161600 Group.cpp:77] group userid : 85516903, parent userid : 0
W0511 15:42:07.441668 139161600 Group.cpp:77] group userid : 85592240, parent userid : 0
W0511 15:42:07.441712 139161600 Group.cpp:77] group userid : 85566607, parent userid : 0
I0511 15:58:58.859959 333923776 NetServer.cpp:88] delete io...127.0.0.1:61784
W0511 15:58:58.860653 139161600 ServerMgr.cpp:850] remove one game server, id:992
I0511 15:59:08.743765 333923776 NetServer.cpp:88] delete io...127.0.0.1:61782
W0511 15:59:08.743961 139161600 ServerMgr.cpp:850] remove one game server, id:11
I0511 16:00:16.912263 333923776 NetServer.cpp:55] accept io...127.0.0.1:61864
I0511 16:00:19.300593 139161600 ServerMgr.cpp:187] register one game server: 127.0.0.1:61864
I0511 16:05:20.080296 333923776 NetServer.cpp:88] delete io...127.0.0.1:61864
W0511 16:05:20.082095 139161600 ServerMgr.cpp:850] remove one game server, id:11
I0511 16:12:08.275307 333923776 NetServer.cpp:55] accept io...127.0.0.1:61899
I0511 16:12:10.499321 139161600 ServerMgr.cpp:187] register one game server: 127.0.0.1:61899
I0511 18:08:47.627105 333923776 NetServer.cpp:88] delete io...127.0.0.1:61796
I0511 18:08:47.627182 333923776 NetServer.cpp:88] delete io...127.0.0.1:61801
I0511 18:08:47.627214 333923776 NetServer.cpp:88] delete io...127.0.0.1:61899
W0511 18:08:47.628667 139161600 ServerMgr.cpp:889] remove one proxy server, id:30
W0511 18:08:47.628773 139161600 ServerMgr.cpp:866] remove one login server, id:10
W0511 18:08:47.628804 139161600 ServerMgr.cpp:850] remove one game server, id:11
W0511 18:08:47.637151 139161600 CenterThread.cpp:129] db server is disconnect, after 1s will be reconnect!
W0511 18:08:49.111821 333923776 NetModule.cpp:723] ready reconnect server, server id: 0
I0511 18:08:49.112005 333923776 NetConnector.cpp:216] connect to: 0.0.0.0:6001 success! 
I0511 18:08:49.114517 139161600 CenterThread.cpp:95] connect to db server succ!
I0511 18:08:49.115360 333923776 NetServer.cpp:55] accept io...127.0.0.1:62139
I0511 18:08:49.140472 139161600 ServerMgr.cpp:187] register one game server: 127.0.0.1:62139
I0511 18:08:51.117944 333923776 NetServer.cpp:55] accept io...127.0.0.1:62143
I0511 18:08:51.133275 139161600 ServerMgr.cpp:54] register one proxy server: 127.0.0.1:62143
I0511 18:08:57.660504 333923776 NetServer.cpp:55] accept io...127.0.0.1:62151
I0511 18:08:57.691299 139161600 ServerMgr.cpp:492] register one login server: 127.0.0.1:62151
I0511 20:09:10.331230 333923776 NetServer.cpp:88] delete io...127.0.0.1:62151
I0511 20:09:10.331454 333923776 NetServer.cpp:88] delete io...127.0.0.1:62139
I0511 20:09:10.331488 333923776 NetServer.cpp:88] delete io...127.0.0.1:62143
W0511 20:09:10.333160 139161600 ServerMgr.cpp:866] remove one login server, id:10
W0511 20:09:10.333221 139161600 ServerMgr.cpp:850] remove one game server, id:11
W0511 20:09:10.333261 139161600 ServerMgr.cpp:889] remove one proxy server, id:30
W0511 20:09:10.333292 139161600 CenterThread.cpp:129] db server is disconnect, after 1s will be reconnect!
W0511 20:09:11.818292 333923776 NetModule.cpp:723] ready reconnect server, server id: 0
I0511 20:09:11.818536 333923776 NetServer.cpp:55] accept io...127.0.0.1:62217
I0511 20:09:11.818573 333923776 NetConnector.cpp:216] connect to: 0.0.0.0:6001 success! 
I0511 20:09:11.820688 139161600 CenterThread.cpp:95] connect to db server succ!
I0511 20:09:11.826730 139161600 ServerMgr.cpp:187] register one game server: 127.0.0.1:62217
I0511 20:09:13.819751 333923776 NetServer.cpp:55] accept io...127.0.0.1:62231
I0511 20:09:13.832904 139161600 ServerMgr.cpp:54] register one proxy server: 127.0.0.1:62231
I0511 20:09:20.854732 333923776 NetServer.cpp:55] accept io...127.0.0.1:62266
I0511 20:09:20.874343 139161600 ServerMgr.cpp:492] register one login server: 127.0.0.1:62266
I0511 20:15:05.323321 333923776 NetServer.cpp:88] delete io...127.0.0.1:62231
I0511 20:15:05.323498 333923776 NetServer.cpp:88] delete io...127.0.0.1:62217
I0511 20:15:05.323520 333923776 NetServer.cpp:88] delete io...127.0.0.1:62266
W0511 20:15:05.323688 139161600 ServerMgr.cpp:889] remove one proxy server, id:30
W0511 20:15:05.323734 139161600 ServerMgr.cpp:850] remove one game server, id:11
W0511 20:15:05.323760 139161600 ServerMgr.cpp:866] remove one login server, id:10
W0511 20:15:05.328485 139161600 CenterThread.cpp:129] db server is disconnect, after 1s will be reconnect!
W0511 20:15:06.801604 333923776 NetModule.cpp:723] ready reconnect server, server id: 0
I0511 20:15:06.801719 333923776 NetConnector.cpp:216] connect to: 0.0.0.0:6001 success! 
I0511 20:15:06.801947 333923776 NetServer.cpp:55] accept io...127.0.0.1:62357
I0511 20:15:06.802577 139161600 CenterThread.cpp:95] connect to db server succ!
I0511 20:15:06.823469 139161600 ServerMgr.cpp:187] register one game server: 127.0.0.1:62357
I0511 20:15:08.816675 333923776 NetServer.cpp:55] accept io...127.0.0.1:62382
I0511 20:15:08.842600 139161600 ServerMgr.cpp:54] register one proxy server: 127.0.0.1:62382
I0511 22:15:12.762437 333923776 NetServer.cpp:55] accept io...127.0.0.1:62389
I0511 22:15:13.053628 333923776 NetServer.cpp:88] delete io...127.0.0.1:62382
I0511 22:15:13.053697 333923776 NetServer.cpp:88] delete io...127.0.0.1:62357
I0511 22:15:13.055532 139161600 ServerMgr.cpp:492] register one login server: 127.0.0.1:62389
W0511 22:15:13.055573 139161600 ServerMgr.cpp:889] remove one proxy server, id:30
W0511 22:15:13.059176 139161600 ServerMgr.cpp:850] remove one game server, id:11
W0511 22:15:13.059633 139161600 CenterThread.cpp:129] db server is disconnect, after 1s will be reconnect!
W0511 22:15:14.263087 333923776 NetModule.cpp:723] ready reconnect server, server id: 0
I0511 22:15:14.263608 333923776 NetServer.cpp:55] accept io...127.0.0.1:62419
I0511 22:15:14.263628 333923776 NetConnector.cpp:216] connect to: 0.0.0.0:6001 success! 
I0511 22:15:14.265352 139161600 CenterThread.cpp:95] connect to db server succ!
I0511 22:15:14.282671 139161600 ServerMgr.cpp:187] register one game server: 127.0.0.1:62419
I0511 22:15:16.277412 333923776 NetServer.cpp:55] accept io...127.0.0.1:62436
I0511 22:15:16.302119 139161600 ServerMgr.cpp:54] register one proxy server: 127.0.0.1:62436
W0512 00:15:24.653846 139161600 CenterThread.cpp:330] center server is across day.
I0512 00:15:24.655285 333923776 NetServer.cpp:88] delete io...127.0.0.1:62436
I0512 00:15:24.657721 333923776 NetServer.cpp:88] delete io...127.0.0.1:62389
I0512 00:15:24.657845 333923776 NetServer.cpp:88] delete io...127.0.0.1:62419
W0512 00:15:24.842356 139161600 ServerMgr.cpp:889] remove one proxy server, id:30
W0512 00:15:24.842576 139161600 ServerMgr.cpp:866] remove one login server, id:10
W0512 00:15:24.842705 139161600 ServerMgr.cpp:850] remove one game server, id:11
W0512 00:15:24.842826 139161600 CenterThread.cpp:129] db server is disconnect, after 1s will be reconnect!
W0512 00:15:26.123929 333923776 NetModule.cpp:723] ready reconnect server, server id: 0
I0512 00:15:26.124020 333923776 NetConnector.cpp:216] connect to: 0.0.0.0:6001 success! 
I0512 00:15:26.127017 139161600 CenterThread.cpp:95] connect to db server succ!
I0512 00:15:26.128449 333923776 NetServer.cpp:55] accept io...127.0.0.1:62480
I0512 00:15:26.155859 139161600 ServerMgr.cpp:187] register one game server: 127.0.0.1:62480
I0512 00:15:28.116694 333923776 NetServer.cpp:55] accept io...127.0.0.1:62509
I0512 00:15:28.135629 139161600 ServerMgr.cpp:54] register one proxy server: 127.0.0.1:62509
I0512 02:15:37.360999 333923776 NetServer.cpp:88] delete io...127.0.0.1:62480
I0512 02:15:37.362911 333923776 NetServer.cpp:88] delete io...127.0.0.1:62509
W0512 02:15:37.363253 139161600 ServerMgr.cpp:850] remove one game server, id:11
W0512 02:15:37.364900 139161600 ServerMgr.cpp:889] remove one proxy server, id:30
W0512 02:15:37.378432 139161600 CenterThread.cpp:129] db server is disconnect, after 1s will be reconnect!
W0512 02:15:38.846154 333923776 NetModule.cpp:723] ready reconnect server, server id: 0
I0512 02:15:38.847184 333923776 NetServer.cpp:55] accept io...127.0.0.1:62543
I0512 02:15:38.847236 333923776 NetConnector.cpp:216] connect to: 0.0.0.0:6001 success! 
I0512 02:15:38.849858 139161600 CenterThread.cpp:95] connect to db server succ!
I0512 02:15:38.857664 139161600 ServerMgr.cpp:187] register one game server: 127.0.0.1:62543
I0512 02:15:40.821194 333923776 NetServer.cpp:55] accept io...127.0.0.1:62569
I0512 02:15:40.841976 139161600 ServerMgr.cpp:54] register one proxy server: 127.0.0.1:62569
I0512 04:15:50.387950 333923776 NetServer.cpp:88] delete io...127.0.0.1:62569
W0512 04:15:50.388870 139161600 ServerMgr.cpp:889] remove one proxy server, id:30
W0512 04:15:50.389322 139161600 ServerMgr.cpp:850] remove one game server, id:11
I0512 04:15:50.389468 333923776 NetServer.cpp:88] delete io...127.0.0.1:62543
W0512 04:15:50.511180 139161600 CenterThread.cpp:129] db server is disconnect, after 1s will be reconnect!
I0512 04:15:50.866976 333923776 NetServer.cpp:55] accept io...127.0.0.1:62608
I0512 04:15:50.881706 139161600 ServerMgr.cpp:492] register one login server: 127.0.0.1:62608
W0512 04:15:51.868295 333923776 NetModule.cpp:723] ready reconnect server, server id: 0
I0512 04:15:51.868419 333923776 NetConnector.cpp:216] connect to: 0.0.0.0:6001 success! 
I0512 04:15:51.869335 333923776 NetServer.cpp:55] accept io...127.0.0.1:62612
I0512 04:15:51.871421 139161600 CenterThread.cpp:95] connect to db server succ!
I0512 04:15:51.907637 139161600 ServerMgr.cpp:187] register one game server: 127.0.0.1:62612
I0512 04:15:53.889008 333923776 NetServer.cpp:55] accept io...127.0.0.1:62637
I0512 04:15:53.916260 139161600 ServerMgr.cpp:54] register one proxy server: 127.0.0.1:62637
I0512 06:03:00.383301 333923776 NetServer.cpp:88] delete io...127.0.0.1:62608
I0512 06:03:00.386390 333923776 NetServer.cpp:88] delete io...127.0.0.1:62612
I0512 06:03:00.386679 333923776 NetServer.cpp:88] delete io...127.0.0.1:62637
W0512 06:03:00.387616 139161600 ServerMgr.cpp:866] remove one login server, id:10
W0512 06:03:00.388993 139161600 ServerMgr.cpp:850] remove one game server, id:11
W0512 06:03:00.389133 139161600 ServerMgr.cpp:889] remove one proxy server, id:30
W0512 06:03:00.389170 139161600 CenterThread.cpp:129] db server is disconnect, after 1s will be reconnect!
W0512 06:03:01.876101 333923776 NetModule.cpp:723] ready reconnect server, server id: 0
I0512 06:03:01.876281 333923776 NetConnector.cpp:216] connect to: 0.0.0.0:6001 success! 
I0512 06:03:01.877974 139161600 CenterThread.cpp:95] connect to db server succ!
I0512 06:03:01.891875 333923776 NetServer.cpp:55] accept io...127.0.0.1:62677
I0512 06:03:01.913110 139161600 ServerMgr.cpp:187] register one game server: 127.0.0.1:62677
I0512 06:03:03.886554 333923776 NetServer.cpp:55] accept io...127.0.0.1:62702
I0512 06:03:03.921073 139161600 ServerMgr.cpp:54] register one proxy server: 127.0.0.1:62702
I0512 06:03:10.423395 333923776 NetServer.cpp:55] accept io...127.0.0.1:62705
I0512 06:03:10.432618 139161600 ServerMgr.cpp:492] register one login server: 127.0.0.1:62705
I0512 08:45:05.342447 333923776 NetServer.cpp:88] delete io...127.0.0.1:62677
W0512 08:45:05.342973 139161600 ServerMgr.cpp:850] remove one game server, id:11
W0512 08:45:05.343185 139161600 ServerMgr.cpp:866] remove one login server, id:10
I0512 08:45:05.343350 333923776 NetServer.cpp:88] delete io...127.0.0.1:62705
I0512 08:45:05.343400 333923776 NetServer.cpp:88] delete io...127.0.0.1:62702
W0512 08:45:05.345315 139161600 ServerMgr.cpp:889] remove one proxy server, id:30
W0512 08:45:05.413944 139161600 CenterThread.cpp:129] db server is disconnect, after 1s will be reconnect!
W0512 08:45:06.831593 333923776 NetModule.cpp:723] ready reconnect server, server id: 0
I0512 08:45:06.831802 333923776 NetConnector.cpp:216] connect to: 0.0.0.0:6001 success! 
I0512 08:45:06.832653 139161600 CenterThread.cpp:95] connect to db server succ!
I0512 08:45:06.860069 333923776 NetServer.cpp:55] accept io...127.0.0.1:62744
I0512 08:45:06.873584 139161600 ServerMgr.cpp:187] register one game server: 127.0.0.1:62744
I0512 08:45:08.823745 333923776 NetServer.cpp:55] accept io...127.0.0.1:62777
I0512 08:45:08.835794 139161600 ServerMgr.cpp:54] register one proxy server: 127.0.0.1:62777
I0512 08:45:15.875699 333923776 NetServer.cpp:55] accept io...127.0.0.1:62794
I0512 08:45:15.895857 139161600 ServerMgr.cpp:492] register one login server: 127.0.0.1:62794
I0512 21:30:01.300743 333923776 NetServer.cpp:88] delete io...127.0.0.1:62794
I0512 21:30:01.300839 333923776 NetServer.cpp:88] delete io...127.0.0.1:62744
I0512 21:30:01.300933 333923776 NetServer.cpp:88] delete io...127.0.0.1:62777
W0512 21:30:01.301450 139161600 ServerMgr.cpp:866] remove one login server, id:10
W0512 21:30:01.301487 139161600 ServerMgr.cpp:850] remove one game server, id:11
W0512 21:30:01.301522 139161600 ServerMgr.cpp:889] remove one proxy server, id:30
W0512 21:30:01.301542 139161600 CenterThread.cpp:129] db server is disconnect, after 1s will be reconnect!
I0512 21:30:02.772099 333923776 NetServer.cpp:55] accept io...127.0.0.1:62821
W0512 21:30:02.777108 333923776 NetModule.cpp:723] ready reconnect server, server id: 0
I0512 21:30:02.777292 333923776 NetConnector.cpp:216] connect to: 0.0.0.0:6001 success! 
I0512 21:30:02.779816 139161600 CenterThread.cpp:95] connect to db server succ!
I0512 21:30:02.788754 139161600 ServerMgr.cpp:187] register one game server: 127.0.0.1:62821
I0512 21:30:04.799029 333923776 NetServer.cpp:55] accept io...127.0.0.1:62847
I0512 21:30:04.814224 139161600 ServerMgr.cpp:54] register one proxy server: 127.0.0.1:62847
I0512 21:30:11.811897 333923776 NetServer.cpp:55] accept io...127.0.0.1:62860
I0512 21:30:11.828730 139161600 ServerMgr.cpp:492] register one login server: 127.0.0.1:62860
W0513 09:48:52.592020 139161600 CenterThread.cpp:330] center server is across day.
I0513 09:48:52.612519 333923776 NetServer.cpp:88] delete io...127.0.0.1:62847
I0513 09:48:52.618101 333923776 NetServer.cpp:88] delete io...127.0.0.1:62821
I0513 09:48:52.618275 333923776 NetServer.cpp:88] delete io...127.0.0.1:62860
W0513 09:48:52.751636 139161600 ServerMgr.cpp:889] remove one proxy server, id:30
W0513 09:48:52.751688 139161600 ServerMgr.cpp:850] remove one game server, id:11
W0513 09:48:52.751721 139161600 ServerMgr.cpp:866] remove one login server, id:10
W0513 09:48:52.751744 139161600 CenterThread.cpp:129] db server is disconnect, after 1s will be reconnect!
W0513 09:48:54.083940 333923776 NetModule.cpp:723] ready reconnect server, server id: 0
I0513 09:48:54.107899 333923776 NetConnector.cpp:216] connect to: 0.0.0.0:6001 success! 
I0513 09:48:54.108053 139161600 CenterThread.cpp:95] connect to db server succ!
I0513 09:48:54.108603 333923776 NetServer.cpp:55] accept io...127.0.0.1:62897
I0513 09:48:54.113325 139161600 ServerMgr.cpp:187] register one game server: 127.0.0.1:62897
I0513 09:48:56.080085 333923776 NetServer.cpp:55] accept io...127.0.0.1:62928
I0513 09:48:56.094915 139161600 ServerMgr.cpp:54] register one proxy server: 127.0.0.1:62928
I0513 09:49:03.089138 333923776 NetServer.cpp:55] accept io...127.0.0.1:62977
I0513 09:49:03.106355 139161600 ServerMgr.cpp:492] register one login server: 127.0.0.1:62977
W0513 18:26:57.535262 139161600 Group.cpp:77] group userid : 85572952, parent userid : 0
I0513 18:30:25.559200 333923776 NetServer.cpp:88] delete io...127.0.0.1:62897
W0513 18:30:25.559306 139161600 ServerMgr.cpp:850] remove one game server, id:11
I0513 18:30:37.759768 333923776 NetServer.cpp:55] accept io...127.0.0.1:49464
I0513 18:30:40.389618 139161600 ServerMgr.cpp:187] register one game server: 127.0.0.1:49464
W0514 00:21:02.541378 139161600 CenterThread.cpp:330] center server is across day.
I0514 00:21:02.558310 333923776 NetServer.cpp:88] delete io...127.0.0.1:49464
I0514 00:21:02.558369 333923776 NetServer.cpp:88] delete io...127.0.0.1:62977
I0514 00:21:02.558519 333923776 NetServer.cpp:88] delete io...127.0.0.1:62928
W0514 00:21:02.558563 139161600 ServerMgr.cpp:850] remove one game server, id:11
W0514 00:21:02.558614 139161600 ServerMgr.cpp:866] remove one login server, id:10
W0514 00:21:02.558651 139161600 ServerMgr.cpp:889] remove one proxy server, id:30
W0514 00:21:02.558701 139161600 CenterThread.cpp:129] db server is disconnect, after 1s will be reconnect!
W0514 00:21:04.042102 333923776 NetModule.cpp:723] ready reconnect server, server id: 0
I0514 00:21:04.042163 333923776 NetConnector.cpp:216] connect to: 0.0.0.0:6001 success! 
I0514 00:21:04.042248 139161600 CenterThread.cpp:95] connect to db server succ!
I0514 00:21:04.046998 333923776 NetServer.cpp:55] accept io...127.0.0.1:49903
I0514 00:21:04.076439 139161600 ServerMgr.cpp:187] register one game server: 127.0.0.1:49903
I0514 00:21:06.056361 333923776 NetServer.cpp:55] accept io...127.0.0.1:49909
I0514 00:21:06.083683 139161600 ServerMgr.cpp:54] register one proxy server: 127.0.0.1:49909
I0514 02:21:29.408193 333923776 NetServer.cpp:88] delete io...127.0.0.1:49909
I0514 02:21:29.429075 333923776 NetServer.cpp:88] delete io...127.0.0.1:49903
W0514 02:21:29.440865 139161600 ServerMgr.cpp:889] remove one proxy server, id:30
W0514 02:21:29.743938 139161600 ServerMgr.cpp:850] remove one game server, id:11
W0514 02:21:29.744989 139161600 CenterThread.cpp:129] db server is disconnect, after 1s will be reconnect!
I0514 02:21:30.885000 333923776 NetServer.cpp:55] accept io...127.0.0.1:49956
W0514 02:21:30.889677 333923776 NetModule.cpp:723] ready reconnect server, server id: 0
I0514 02:21:30.889739 333923776 NetConnector.cpp:216] connect to: 127.0.0.1:6001 success! 
I0514 02:21:30.892169 139161600 CenterThread.cpp:95] connect to db server succ!
I0514 02:21:30.908459 139161600 ServerMgr.cpp:187] register one game server: 127.0.0.1:49956
I0514 02:21:32.936623 333923776 NetServer.cpp:55] accept io...127.0.0.1:49979
I0514 02:21:32.944850 139161600 ServerMgr.cpp:54] register one proxy server: 127.0.0.1:49979
I0514 02:21:56.045282 333923776 NetServer.cpp:55] accept io...127.0.0.1:49996
I0514 02:21:56.065359 139161600 ServerMgr.cpp:492] register one login server: 127.0.0.1:49996
I0514 04:22:07.649199 333923776 NetServer.cpp:88] delete io...127.0.0.1:49996
I0514 04:22:07.649801 333923776 NetServer.cpp:88] delete io...127.0.0.1:49979
I0514 04:22:07.649863 333923776 NetServer.cpp:88] delete io...127.0.0.1:49956
W0514 04:22:07.651209 139161600 ServerMgr.cpp:866] remove one login server, id:10
W0514 04:22:07.651532 139161600 ServerMgr.cpp:889] remove one proxy server, id:30
W0514 04:22:07.651562 139161600 ServerMgr.cpp:850] remove one game server, id:11
W0514 04:22:07.651588 139161600 CenterThread.cpp:129] db server is disconnect, after 1s will be reconnect!
W0514 04:22:09.131383 333923776 NetModule.cpp:723] ready reconnect server, server id: 0
I0514 04:22:09.131583 333923776 NetConnector.cpp:216] connect to: 0.0.0.0:6001 success! 
I0514 04:22:09.133213 139161600 CenterThread.cpp:95] connect to db server succ!
I0514 04:22:09.133220 333923776 NetServer.cpp:55] accept io...127.0.0.1:50032
I0514 04:22:09.143996 139161600 ServerMgr.cpp:187] register one game server: 127.0.0.1:50032
I0514 04:22:11.134496 333923776 NetServer.cpp:55] accept io...127.0.0.1:50042
I0514 04:22:11.147192 139161600 ServerMgr.cpp:54] register one proxy server: 127.0.0.1:50042
I0514 04:22:18.162462 333923776 NetServer.cpp:55] accept io...127.0.0.1:50111
I0514 04:22:18.184780 139161600 ServerMgr.cpp:492] register one login server: 127.0.0.1:50111
W0514 06:22:20.701434 139161600 CenterThread.cpp:129] db server is disconnect, after 1s will be reconnect!
I0514 06:22:20.713382 333923776 NetServer.cpp:88] delete io...127.0.0.1:50042
I0514 06:22:20.713487 333923776 NetServer.cpp:88] delete io...127.0.0.1:50032
I0514 06:22:20.713587 333923776 NetServer.cpp:88] delete io...127.0.0.1:50111
W0514 06:22:20.714172 139161600 ServerMgr.cpp:889] remove one proxy server, id:30
W0514 06:22:20.714562 139161600 ServerMgr.cpp:850] remove one game server, id:11
W0514 06:22:20.714610 139161600 ServerMgr.cpp:866] remove one login server, id:10
I0514 06:22:22.185436 333923776 NetServer.cpp:55] accept io...127.0.0.1:50160
W0514 06:22:22.197685 333923776 NetModule.cpp:723] ready reconnect server, server id: 0
I0514 06:22:22.198213 333923776 NetConnector.cpp:216] connect to: 0.0.0.0:6001 success! 
I0514 06:22:22.200177 139161600 CenterThread.cpp:95] connect to db server succ!
I0514 06:22:22.208658 139161600 ServerMgr.cpp:187] register one game server: 127.0.0.1:50160
I0514 06:22:24.231005 333923776 NetServer.cpp:55] accept io...127.0.0.1:50188
I0514 06:22:24.254220 139161600 ServerMgr.cpp:54] register one proxy server: 127.0.0.1:50188
I0514 06:22:31.220715 333923776 NetServer.cpp:55] accept io...127.0.0.1:50201
I0514 06:22:31.234951 139161600 ServerMgr.cpp:492] register one login server: 127.0.0.1:50201
I0514 08:22:33.698902 333923776 NetServer.cpp:88] delete io...127.0.0.1:50160
I0514 08:22:33.699589 333923776 NetServer.cpp:88] delete io...127.0.0.1:50201
I0514 08:22:33.699632 333923776 NetServer.cpp:88] delete io...127.0.0.1:50188
W0514 08:22:33.713754 139161600 ServerMgr.cpp:850] remove one game server, id:11
W0514 08:22:33.714965 139161600 ServerMgr.cpp:866] remove one login server, id:10
W0514 08:22:33.715517 139161600 ServerMgr.cpp:889] remove one proxy server, id:30
W0514 08:22:33.715553 139161600 CenterThread.cpp:129] db server is disconnect, after 1s will be reconnect!
I0514 08:22:35.168854 333923776 NetServer.cpp:55] accept io...127.0.0.1:50238
W0514 08:22:35.176839 333923776 NetModule.cpp:723] ready reconnect server, server id: 0
I0514 08:22:35.177022 333923776 NetConnector.cpp:216] connect to: 0.0.0.0:6001 success! 
I0514 08:22:35.181149 139161600 CenterThread.cpp:95] connect to db server succ!
I0514 08:22:35.191964 139161600 ServerMgr.cpp:187] register one game server: 127.0.0.1:50238
I0514 08:22:37.181399 333923776 NetServer.cpp:55] accept io...127.0.0.1:50264
I0514 08:22:37.199828 139161600 ServerMgr.cpp:54] register one proxy server: 127.0.0.1:50264
I0514 08:22:44.214954 333923776 NetServer.cpp:55] accept io...127.0.0.1:50277
I0514 08:22:44.236682 139161600 ServerMgr.cpp:492] register one login server: 127.0.0.1:50277
I0514 08:45:04.674427 333923776 NetServer.cpp:88] delete io...127.0.0.1:50277
I0514 08:45:04.674877 333923776 NetServer.cpp:88] delete io...127.0.0.1:50238
I0514 08:45:04.674942 333923776 NetServer.cpp:88] delete io...127.0.0.1:50264
W0514 08:45:04.675835 139161600 ServerMgr.cpp:866] remove one login server, id:10
W0514 08:45:04.676311 139161600 ServerMgr.cpp:850] remove one game server, id:11
W0514 08:45:04.676746 139161600 ServerMgr.cpp:889] remove one proxy server, id:30
W0514 08:45:04.676770 139161600 CenterThread.cpp:129] db server is disconnect, after 1s will be reconnect!
I0514 08:45:06.136368 333923776 NetServer.cpp:55] accept io...127.0.0.1:50314
W0514 08:45:06.160068 333923776 NetModule.cpp:723] ready reconnect server, server id: 0
I0514 08:45:06.160274 139161600 ServerMgr.cpp:187] register one game server: 127.0.0.1:50314
I0514 08:45:06.160288 333923776 NetConnector.cpp:216] connect to: 0.0.0.0:6001 success! 
I0514 08:45:06.160573 139161600 CenterThread.cpp:95] connect to db server succ!
I0514 08:45:08.144119 333923776 NetServer.cpp:55] accept io...127.0.0.1:50346
I0514 08:45:08.162052 139161600 ServerMgr.cpp:54] register one proxy server: 127.0.0.1:50346
I0514 08:45:14.706413 333923776 NetServer.cpp:55] accept io...127.0.0.1:50349
I0514 08:45:14.721166 139161600 ServerMgr.cpp:492] register one login server: 127.0.0.1:50349
I0514 10:05:51.254397 333923776 NetServer.cpp:88] delete io...127.0.0.1:50346
I0514 10:05:51.254477 333923776 NetServer.cpp:88] delete io...127.0.0.1:50314
I0514 10:05:51.254519 333923776 NetServer.cpp:88] delete io...127.0.0.1:50349
W0514 10:05:51.266479 139161600 ServerMgr.cpp:889] remove one proxy server, id:30
W0514 10:05:51.266535 139161600 ServerMgr.cpp:850] remove one game server, id:11
W0514 10:05:51.266566 139161600 ServerMgr.cpp:866] remove one login server, id:10
W0514 10:05:51.267004 139161600 CenterThread.cpp:129] db server is disconnect, after 1s will be reconnect!
W0514 10:05:52.736630 333923776 NetModule.cpp:723] ready reconnect server, server id: 0
I0514 10:05:52.736696 333923776 NetConnector.cpp:216] connect to: 0.0.0.0:6001 success! 
I0514 10:05:52.737409 139161600 CenterThread.cpp:95] connect to db server succ!
I0514 10:05:52.737835 333923776 NetServer.cpp:55] accept io...127.0.0.1:50394
I0514 10:05:52.750258 139161600 ServerMgr.cpp:187] register one game server: 127.0.0.1:50394
I0514 10:05:54.745249 333923776 NetServer.cpp:55] accept io...127.0.0.1:50432
I0514 10:05:54.770710 139161600 ServerMgr.cpp:54] register one proxy server: 127.0.0.1:50432
I0514 10:06:01.769454 333923776 NetServer.cpp:55] accept io...127.0.0.1:50465
I0514 10:06:01.773635 139161600 ServerMgr.cpp:492] register one login server: 127.0.0.1:50465
I0514 23:54:22.592375 333923776 NetServer.cpp:88] delete io...127.0.0.1:50394
I0514 23:54:22.592536 333923776 NetServer.cpp:88] delete io...127.0.0.1:50465
I0514 23:54:22.592707 333923776 NetServer.cpp:88] delete io...127.0.0.1:50432
W0514 23:54:22.594288 139161600 ServerMgr.cpp:850] remove one game server, id:11
W0514 23:54:22.594550 139161600 ServerMgr.cpp:866] remove one login server, id:10
W0514 23:54:22.594588 139161600 ServerMgr.cpp:889] remove one proxy server, id:30
W0514 23:54:22.605602 139161600 CenterThread.cpp:129] db server is disconnect, after 1s will be reconnect!
W0514 23:54:24.075235 333923776 NetModule.cpp:723] ready reconnect server, server id: 0
I0514 23:54:24.075309 333923776 NetConnector.cpp:216] connect to: 0.0.0.0:6001 success! 
I0514 23:54:24.077870 139161600 CenterThread.cpp:95] connect to db server succ!
I0514 23:54:24.078971 333923776 NetServer.cpp:55] accept io...127.0.0.1:54091
I0514 23:54:24.108090 139161600 ServerMgr.cpp:187] register one game server: 127.0.0.1:54091
I0514 23:54:26.089035 333923776 NetServer.cpp:55] accept io...127.0.0.1:54113
I0514 23:54:26.106468 139161600 ServerMgr.cpp:54] register one proxy server: 127.0.0.1:54113
I0514 23:54:33.143669 333923776 NetServer.cpp:55] accept io...127.0.0.1:54126
I0514 23:54:33.172188 139161600 ServerMgr.cpp:492] register one login server: 127.0.0.1:54126
W0515 01:54:46.120509 139161600 CenterThread.cpp:330] center server is across day.
I0515 01:54:46.122237 333923776 NetServer.cpp:88] delete io...127.0.0.1:54091
I0515 01:54:46.150988 333923776 NetServer.cpp:88] delete io...127.0.0.1:54126
I0515 01:54:46.151085 333923776 NetServer.cpp:88] delete io...127.0.0.1:54113
W0515 01:54:46.258091 139161600 ServerMgr.cpp:850] remove one game server, id:11
W0515 01:54:46.258170 139161600 ServerMgr.cpp:866] remove one login server, id:10
W0515 01:54:46.258220 139161600 ServerMgr.cpp:889] remove one proxy server, id:30
W0515 01:54:46.258244 139161600 CenterThread.cpp:129] db server is disconnect, after 1s will be reconnect!
W0515 01:54:47.632800 333923776 NetModule.cpp:723] ready reconnect server, server id: 0
I0515 01:54:47.638231 333923776 NetConnector.cpp:216] connect to: 0.0.0.0:6001 success! 
I0515 01:54:47.640108 139161600 CenterThread.cpp:95] connect to db server succ!
I0515 01:54:48.038061 333923776 NetServer.cpp:55] accept io...127.0.0.1:54151
I0515 01:54:48.042999 139161600 ServerMgr.cpp:187] register one game server: 127.0.0.1:54151
I0515 01:54:49.627584 333923776 NetServer.cpp:55] accept io...127.0.0.1:54161
I0515 01:54:49.649827 139161600 ServerMgr.cpp:54] register one proxy server: 127.0.0.1:54161
I0515 01:54:57.177280 333923776 NetServer.cpp:55] accept io...127.0.0.1:54177
I0515 01:54:57.194885 139161600 ServerMgr.cpp:492] register one login server: 127.0.0.1:54177
W0515 03:55:24.789014 139161600 ServerMgr.cpp:866] remove one login server, id:10
I0515 03:55:24.792901 333923776 NetServer.cpp:88] delete io...127.0.0.1:54177
I0515 03:55:24.830127 333923776 NetServer.cpp:88] delete io...127.0.0.1:54161
I0515 03:55:24.830268 333923776 NetServer.cpp:88] delete io...127.0.0.1:54151
W0515 03:55:24.837476 139161600 ServerMgr.cpp:889] remove one proxy server, id:30
W0515 03:55:24.837532 139161600 ServerMgr.cpp:850] remove one game server, id:11
W0515 03:55:24.839028 139161600 CenterThread.cpp:129] db server is disconnect, after 1s will be reconnect!
I0515 03:55:26.244244 333923776 NetServer.cpp:55] accept io...127.0.0.1:54222
I0515 03:55:26.259073 139161600 ServerMgr.cpp:187] register one game server: 127.0.0.1:54222
W0515 03:55:26.268940 333923776 NetModule.cpp:723] ready reconnect server, server id: 0
I0515 03:55:26.269017 333923776 NetConnector.cpp:216] connect to: 0.0.0.0:6001 success! 
I0515 03:55:26.271116 139161600 CenterThread.cpp:95] connect to db server succ!
I0515 03:55:28.257247 333923776 NetServer.cpp:55] accept io...127.0.0.1:54299
I0515 03:55:28.270200 139161600 ServerMgr.cpp:54] register one proxy server: 127.0.0.1:54299
I0515 03:55:35.298521 333923776 NetServer.cpp:55] accept io...127.0.0.1:54312
I0515 03:55:35.324955 139161600 ServerMgr.cpp:492] register one login server: 127.0.0.1:54312
I0515 05:55:36.762493 333923776 NetServer.cpp:88] delete io...127.0.0.1:54222
I0515 05:55:36.763105 333923776 NetServer.cpp:88] delete io...127.0.0.1:54312
I0515 05:55:36.764855 333923776 NetServer.cpp:88] delete io...127.0.0.1:54299
W0515 05:55:36.765125 139161600 ServerMgr.cpp:850] remove one game server, id:11
W0515 05:55:36.765815 139161600 ServerMgr.cpp:866] remove one login server, id:10
W0515 05:55:36.765861 139161600 ServerMgr.cpp:889] remove one proxy server, id:30
W0515 05:55:36.776545 139161600 CenterThread.cpp:129] db server is disconnect, after 1s will be reconnect!
W0515 05:55:38.243120 333923776 NetModule.cpp:723] ready reconnect server, server id: 0
I0515 05:55:38.243247 333923776 NetConnector.cpp:216] connect to: 0.0.0.0:6001 success! 
I0515 05:55:38.243621 333923776 NetServer.cpp:55] accept io...127.0.0.1:54342
I0515 05:55:38.244920 139161600 CenterThread.cpp:95] connect to db server succ!
I0515 05:55:38.266799 139161600 ServerMgr.cpp:187] register one game server: 127.0.0.1:54342
I0515 05:55:40.249693 333923776 NetServer.cpp:55] accept io...127.0.0.1:54367
I0515 05:55:40.274233 139161600 ServerMgr.cpp:54] register one proxy server: 127.0.0.1:54367
I0515 05:55:47.284828 333923776 NetServer.cpp:55] accept io...127.0.0.1:54370
I0515 05:55:47.295029 139161600 ServerMgr.cpp:492] register one login server: 127.0.0.1:54370
I0515 07:55:49.717998 333923776 NetServer.cpp:88] delete io...127.0.0.1:54370
I0515 07:55:49.719594 333923776 NetServer.cpp:88] delete io...127.0.0.1:54342
I0515 07:55:49.719669 333923776 NetServer.cpp:88] delete io...127.0.0.1:54367
W0515 07:55:49.719728 139161600 ServerMgr.cpp:866] remove one login server, id:10
W0515 07:55:49.720011 139161600 ServerMgr.cpp:850] remove one game server, id:11
W0515 07:55:49.720067 139161600 ServerMgr.cpp:889] remove one proxy server, id:30
W0515 07:55:49.742364 139161600 CenterThread.cpp:129] db server is disconnect, after 1s will be reconnect!
I0515 07:55:51.190588 333923776 NetServer.cpp:55] accept io...127.0.0.1:54403
W0515 07:55:51.194876 333923776 NetModule.cpp:723] ready reconnect server, server id: 0
I0515 07:55:51.194979 333923776 NetConnector.cpp:216] connect to: 0.0.0.0:6001 success! 
I0515 07:55:51.196897 139161600 CenterThread.cpp:95] connect to db server succ!
I0515 07:55:51.205312 139161600 ServerMgr.cpp:187] register one game server: 127.0.0.1:54403
I0515 07:55:53.214784 333923776 NetServer.cpp:55] accept io...127.0.0.1:54427
I0515 07:55:53.240159 139161600 ServerMgr.cpp:54] register one proxy server: 127.0.0.1:54427
I0515 07:56:00.231571 333923776 NetServer.cpp:55] accept io...127.0.0.1:54430
I0515 07:56:00.240003 139161600 ServerMgr.cpp:492] register one login server: 127.0.0.1:54430
I0515 08:45:05.749899 333923776 NetServer.cpp:88] delete io...127.0.0.1:54427
I0515 08:45:05.750722 333923776 NetServer.cpp:88] delete io...127.0.0.1:54430
I0515 08:45:05.750792 333923776 NetServer.cpp:88] delete io...127.0.0.1:54403
W0515 08:45:05.758927 139161600 ServerMgr.cpp:889] remove one proxy server, id:30
W0515 08:45:05.760411 139161600 ServerMgr.cpp:866] remove one login server, id:10
W0515 08:45:05.760494 139161600 ServerMgr.cpp:850] remove one game server, id:11
W0515 08:45:05.760545 139161600 CenterThread.cpp:129] db server is disconnect, after 1s will be reconnect!
W0515 08:45:07.226140 333923776 NetModule.cpp:723] ready reconnect server, server id: 0
I0515 08:45:07.226287 333923776 NetConnector.cpp:216] connect to: 0.0.0.0:6001 success! 
I0515 08:45:07.227622 139161600 CenterThread.cpp:95] connect to db server succ!
I0515 08:45:07.231722 333923776 NetServer.cpp:55] accept io...127.0.0.1:54471
I0515 08:45:07.256116 139161600 ServerMgr.cpp:187] register one game server: 127.0.0.1:54471
I0515 08:45:09.245287 333923776 NetServer.cpp:55] accept io...127.0.0.1:54500
I0515 08:45:09.259040 139161600 ServerMgr.cpp:54] register one proxy server: 127.0.0.1:54500
I0515 08:45:16.266414 333923776 NetServer.cpp:55] accept io...127.0.0.1:54513
I0515 08:45:16.295678 139161600 ServerMgr.cpp:492] register one login server: 127.0.0.1:54513
I0515 09:55:18.580318 333923776 NetServer.cpp:88] delete io...127.0.0.1:54513
I0515 09:55:18.580639 333923776 NetServer.cpp:88] delete io...127.0.0.1:54471
I0515 09:55:18.580693 333923776 NetServer.cpp:88] delete io...127.0.0.1:54500
W0515 09:55:18.581706 139161600 ServerMgr.cpp:866] remove one login server, id:10
W0515 09:55:18.581743 139161600 ServerMgr.cpp:850] remove one game server, id:11
W0515 09:55:18.581768 139161600 ServerMgr.cpp:889] remove one proxy server, id:30
W0515 09:55:18.581789 139161600 CenterThread.cpp:129] db server is disconnect, after 1s will be reconnect!
I0515 09:55:20.059978 333923776 NetServer.cpp:55] accept io...127.0.0.1:54540
W0515 09:55:20.064549 333923776 NetModule.cpp:723] ready reconnect server, server id: 0
I0515 09:55:20.064678 333923776 NetConnector.cpp:216] connect to: 0.0.0.0:6001 success! 
I0515 09:55:20.066849 139161600 CenterThread.cpp:95] connect to db server succ!
I0515 09:55:20.069413 139161600 ServerMgr.cpp:187] register one game server: 127.0.0.1:54540
I0515 09:55:22.088131 333923776 NetServer.cpp:55] accept io...127.0.0.1:54576
I0515 09:55:22.117488 139161600 ServerMgr.cpp:54] register one proxy server: 127.0.0.1:54576
I0515 09:55:29.121489 333923776 NetServer.cpp:55] accept io...127.0.0.1:54589
I0515 09:55:29.148999 139161600 ServerMgr.cpp:492] register one login server: 127.0.0.1:54589
I0515 11:06:03.154906 333923776 NetServer.cpp:88] delete io...127.0.0.1:54540
I0515 11:06:03.154997 333923776 NetServer.cpp:88] delete io...127.0.0.1:54589
I0515 11:06:03.155052 333923776 NetServer.cpp:88] delete io...127.0.0.1:54576
W0515 11:06:03.177004 139161600 ServerMgr.cpp:850] remove one game server, id:11
W0515 11:06:03.177091 139161600 ServerMgr.cpp:866] remove one login server, id:10
W0515 11:06:03.177131 139161600 ServerMgr.cpp:889] remove one proxy server, id:30
W0515 11:06:03.177168 139161600 CenterThread.cpp:129] db server is disconnect, after 1s will be reconnect!
I0515 11:06:04.640038 333923776 NetServer.cpp:55] accept io...127.0.0.1:54624
W0515 11:06:04.640619 333923776 NetModule.cpp:723] ready reconnect server, server id: 0
I0515 11:06:04.640669 333923776 NetConnector.cpp:216] connect to: 0.0.0.0:6001 success! 
I0515 11:06:04.641834 139161600 CenterThread.cpp:95] connect to db server succ!
I0515 11:06:04.663586 139161600 ServerMgr.cpp:187] register one game server: 127.0.0.1:54624
I0515 11:06:06.645368 333923776 NetServer.cpp:55] accept io...127.0.0.1:54663
I0515 11:06:06.666499 139161600 ServerMgr.cpp:54] register one proxy server: 127.0.0.1:54663
I0515 11:06:13.655297 333923776 NetServer.cpp:55] accept io...127.0.0.1:54699
I0515 11:06:13.682188 139161600 ServerMgr.cpp:492] register one login server: 127.0.0.1:54699
I0515 12:28:34.115677 333923776 NetServer.cpp:88] delete io...127.0.0.1:54624
W0515 12:28:34.117703 139161600 ServerMgr.cpp:850] remove one game server, id:11
W0516 01:11:38.608700 139161600 CenterThread.cpp:330] center server is across day.
I0516 01:11:38.624220 333923776 NetServer.cpp:88] delete io...127.0.0.1:54663
I0516 01:11:38.624286 333923776 NetServer.cpp:88] delete io...127.0.0.1:54699
W0516 01:11:38.637974 139161600 ServerMgr.cpp:889] remove one proxy server, id:30
W0516 01:11:38.638026 139161600 ServerMgr.cpp:866] remove one login server, id:10
W0516 01:11:38.638059 139161600 CenterThread.cpp:129] db server is disconnect, after 1s will be reconnect!
W0516 01:11:40.115723 333923776 NetModule.cpp:723] ready reconnect server, server id: 0
I0516 01:11:40.115885 333923776 NetConnector.cpp:216] connect to: 0.0.0.0:6001 success! 
I0516 01:11:40.118490 139161600 CenterThread.cpp:95] connect to db server succ!
I0516 01:11:42.114364 333923776 NetServer.cpp:55] accept io...127.0.0.1:52717
I0516 01:11:42.140244 139161600 ServerMgr.cpp:54] register one proxy server: 127.0.0.1:52717
I0516 01:11:49.147588 333923776 NetServer.cpp:55] accept io...127.0.0.1:52733
I0516 01:11:49.177361 139161600 ServerMgr.cpp:492] register one login server: 127.0.0.1:52733
I0516 03:11:51.527364 333923776 NetServer.cpp:88] delete io...127.0.0.1:52717
I0516 03:11:51.559289 333923776 NetServer.cpp:88] delete io...127.0.0.1:52733
W0516 03:11:51.632752 139161600 ServerMgr.cpp:889] remove one proxy server, id:30
W0516 03:11:51.783933 139161600 ServerMgr.cpp:866] remove one login server, id:10
W0516 03:11:51.784500 139161600 CenterThread.cpp:129] db server is disconnect, after 1s will be reconnect!
W0516 03:11:52.990901 333923776 NetModule.cpp:723] ready reconnect server, server id: 0
I0516 03:11:52.990976 333923776 NetConnector.cpp:216] connect to: 0.0.0.0:6001 success! 
I0516 03:11:52.992861 139161600 CenterThread.cpp:95] connect to db server succ!
I0516 03:11:55.441965 333923776 NetServer.cpp:55] accept io...127.0.0.1:52809
I0516 03:11:55.475514 139161600 ServerMgr.cpp:54] register one proxy server: 127.0.0.1:52809
I0516 03:12:02.049633 333923776 NetServer.cpp:55] accept io...127.0.0.1:52811
I0516 03:12:02.075153 139161600 ServerMgr.cpp:492] register one login server: 127.0.0.1:52811
W0516 05:12:03.793871 139161600 ServerMgr.cpp:866] remove one login server, id:10
I0516 05:12:03.794245 333923776 NetServer.cpp:88] delete io...127.0.0.1:52811
I0516 05:12:03.795197 333923776 NetServer.cpp:88] delete io...127.0.0.1:52809
W0516 05:12:03.796903 139161600 ServerMgr.cpp:889] remove one proxy server, id:30
W0516 05:12:03.796985 139161600 CenterThread.cpp:129] db server is disconnect, after 1s will be reconnect!
W0516 05:12:05.298180 333923776 NetModule.cpp:723] ready reconnect server, server id: 0
I0516 05:12:05.298375 333923776 NetConnector.cpp:216] connect to: 0.0.0.0:6001 success! 
I0516 05:12:05.298486 139161600 CenterThread.cpp:95] connect to db server succ!
I0516 05:12:07.256090 333923776 NetServer.cpp:55] accept io...127.0.0.1:52868
I0516 05:12:07.277956 139161600 ServerMgr.cpp:54] register one proxy server: 127.0.0.1:52868
I0516 07:12:16.786890 333923776 NetServer.cpp:55] accept io...127.0.0.1:52880
I0516 07:12:16.794816 139161600 ServerMgr.cpp:492] register one login server: 127.0.0.1:52880
W0516 07:12:16.794886 139161600 CenterThread.cpp:129] db server is disconnect, after 1s will be reconnect!
I0516 07:12:16.795982 333923776 NetServer.cpp:88] delete io...127.0.0.1:52868
W0516 07:12:16.811143 139161600 ServerMgr.cpp:889] remove one proxy server, id:30
W0516 07:12:18.284860 333923776 NetModule.cpp:723] ready reconnect server, server id: 0
I0516 07:12:18.285033 333923776 NetConnector.cpp:216] connect to: 0.0.0.0:6001 success! 
I0516 07:12:18.286566 139161600 CenterThread.cpp:95] connect to db server succ!
I0516 07:12:20.274556 333923776 NetServer.cpp:55] accept io...127.0.0.1:52933
I0516 07:12:20.305385 139161600 ServerMgr.cpp:54] register one proxy server: 127.0.0.1:52933
W0516 08:00:05.712015 139161600 CenterThread.cpp:129] db server is disconnect, after 1s will be reconnect!
I0516 08:00:05.712368 333923776 NetServer.cpp:88] delete io...127.0.0.1:52880
I0516 08:00:05.744838 333923776 NetServer.cpp:88] delete io...127.0.0.1:52933
W0516 08:00:05.745760 139161600 ServerMgr.cpp:866] remove one login server, id:10
W0516 08:00:05.745796 139161600 ServerMgr.cpp:889] remove one proxy server, id:30
W0516 08:00:07.194569 333923776 NetModule.cpp:723] ready reconnect server, server id: 0
I0516 08:00:07.194747 333923776 NetConnector.cpp:216] connect to: 0.0.0.0:6001 success! 
I0516 08:00:07.197566 139161600 CenterThread.cpp:95] connect to db server succ!
I0516 08:00:09.181448 333923776 NetServer.cpp:55] accept io...127.0.0.1:52995
I0516 08:00:09.208173 139161600 ServerMgr.cpp:54] register one proxy server: 127.0.0.1:52995
I0516 10:00:13.626308 333923776 NetServer.cpp:88] delete io...127.0.0.1:52995
W0516 10:00:13.627909 139161600 ServerMgr.cpp:889] remove one proxy server, id:30
W0516 10:00:13.627959 139161600 CenterThread.cpp:129] db server is disconnect, after 1s will be reconnect!
I0516 10:00:14.104599 333923776 NetServer.cpp:55] accept io...127.0.0.1:53015
I0516 10:00:14.132819 139161600 ServerMgr.cpp:492] register one login server: 127.0.0.1:53015
W0516 10:00:15.108664 333923776 NetModule.cpp:723] ready reconnect server, server id: 0
I0516 10:00:15.108841 333923776 NetConnector.cpp:216] connect to: 0.0.0.0:6001 success! 
I0516 10:00:15.111495 139161600 CenterThread.cpp:95] connect to db server succ!
I0516 10:00:17.120152 333923776 NetServer.cpp:55] accept io...127.0.0.1:53054
I0516 10:00:17.140486 139161600 ServerMgr.cpp:54] register one proxy server: 127.0.0.1:53054
I0516 10:07:27.726600 333923776 NetServer.cpp:88] delete io...127.0.0.1:53015
I0516 10:07:27.726680 333923776 NetServer.cpp:88] delete io...127.0.0.1:53054
W0516 10:07:27.728137 139161600 ServerMgr.cpp:866] remove one login server, id:10
W0516 10:07:27.728199 139161600 ServerMgr.cpp:889] remove one proxy server, id:30
W0516 10:07:27.728231 139161600 CenterThread.cpp:129] db server is disconnect, after 1s will be reconnect!
W0516 10:07:29.216416 333923776 NetModule.cpp:723] ready reconnect server, server id: 0
I0516 10:07:29.216604 333923776 NetConnector.cpp:216] connect to: 0.0.0.0:6001 success! 
I0516 10:07:29.219112 139161600 CenterThread.cpp:95] connect to db server succ!
I0516 10:07:31.221716 333923776 NetServer.cpp:55] accept io...127.0.0.1:53123
I0516 10:07:31.247478 139161600 ServerMgr.cpp:54] register one proxy server: 127.0.0.1:53123
I0516 10:07:37.740928 333923776 NetServer.cpp:55] accept io...127.0.0.1:53187
I0516 10:07:37.810425 139161600 ServerMgr.cpp:492] register one login server: 127.0.0.1:53187
I0516 23:28:09.619174 333923776 NetServer.cpp:88] delete io...127.0.0.1:53187
I0516 23:28:09.619240 333923776 NetServer.cpp:88] delete io...127.0.0.1:53123
W0516 23:28:09.620985 139161600 ServerMgr.cpp:866] remove one login server, id:10
W0516 23:28:09.626430 139161600 ServerMgr.cpp:889] remove one proxy server, id:30
W0516 23:28:09.626475 139161600 CenterThread.cpp:129] db server is disconnect, after 1s will be reconnect!
W0516 23:28:11.107599 333923776 NetModule.cpp:723] ready reconnect server, server id: 0
I0516 23:28:11.107781 333923776 NetConnector.cpp:216] connect to: 0.0.0.0:6001 success! 
I0516 23:28:11.110370 139161600 CenterThread.cpp:95] connect to db server succ!
I0516 23:28:13.122712 333923776 NetServer.cpp:55] accept io...127.0.0.1:62152
I0516 23:28:13.152456 139161600 ServerMgr.cpp:54] register one proxy server: 127.0.0.1:62152
I0516 23:28:20.150519 333923776 NetServer.cpp:55] accept io...127.0.0.1:62168
I0516 23:28:20.178375 139161600 ServerMgr.cpp:492] register one login server: 127.0.0.1:62168
W0517 01:28:23.709149 139161600 CenterThread.cpp:330] center server is across day.
I0517 01:28:23.824584 333923776 NetServer.cpp:88] delete io...127.0.0.1:62168
I0517 01:28:23.824820 333923776 NetServer.cpp:88] delete io...127.0.0.1:62152
W0517 01:28:24.316723 139161600 ServerMgr.cpp:866] remove one login server, id:10
W0517 01:28:24.512490 139161600 ServerMgr.cpp:889] remove one proxy server, id:30
W0517 01:28:24.614121 139161600 CenterThread.cpp:129] db server is disconnect, after 1s will be reconnect!
W0517 01:28:25.645614 333923776 NetModule.cpp:723] ready reconnect server, server id: 0
I0517 01:28:25.645689 333923776 NetConnector.cpp:216] connect to: 0.0.0.0:6001 success! 
I0517 01:28:25.647104 139161600 CenterThread.cpp:95] connect to db server succ!
I0517 01:28:27.054451 333923776 NetServer.cpp:55] accept io...127.0.0.1:62203
I0517 01:28:27.062994 139161600 ServerMgr.cpp:54] register one proxy server: 127.0.0.1:62203
I0517 03:28:36.953624 333923776 NetServer.cpp:88] delete io...127.0.0.1:62203
W0517 03:28:36.955485 139161600 ServerMgr.cpp:889] remove one proxy server, id:30
W0517 03:28:36.955860 139161600 CenterThread.cpp:129] db server is disconnect, after 1s will be reconnect!
I0517 03:28:37.401240 333923776 NetServer.cpp:55] accept io...127.0.0.1:62271
I0517 03:28:37.409427 139161600 ServerMgr.cpp:492] register one login server: 127.0.0.1:62271
W0517 03:28:38.435863 333923776 NetModule.cpp:723] ready reconnect server, server id: 0
I0517 03:28:38.436067 333923776 NetConnector.cpp:216] connect to: 0.0.0.0:6001 success! 
I0517 03:28:38.436436 139161600 CenterThread.cpp:95] connect to db server succ!
I0517 03:28:40.410702 333923776 NetServer.cpp:55] accept io...127.0.0.1:62310
I0517 03:28:40.434444 139161600 ServerMgr.cpp:54] register one proxy server: 127.0.0.1:62310
I0517 05:28:48.832860 333923776 NetServer.cpp:88] delete io...127.0.0.1:62310
I0517 05:28:48.841526 333923776 NetServer.cpp:88] delete io...127.0.0.1:62271
W0517 05:28:48.845518 139161600 ServerMgr.cpp:889] remove one proxy server, id:30
W0517 05:28:48.845818 139161600 ServerMgr.cpp:866] remove one login server, id:10
W0517 05:28:48.869220 139161600 CenterThread.cpp:129] db server is disconnect, after 1s will be reconnect!
W0517 05:28:50.316462 333923776 NetModule.cpp:723] ready reconnect server, server id: 0
I0517 05:28:50.317201 333923776 NetConnector.cpp:216] connect to: 127.0.0.1:6001 success! 
I0517 05:28:50.317544 139161600 CenterThread.cpp:95] connect to db server succ!
