W1212 09:58:44.301023 185397248 ActivityMgr.cpp:37] insert wealth god coming cfg fail. repeated cfg! id: 18
W1212 09:58:44.301168 185397248 CenterThread.cpp:3921] OnSubLoadWealthGodHistoryData: 7
W1212 09:58:44.301213 185397248 CenterThread.cpp:3921] OnSubLoadWealthGodHistoryData: 10
W1212 09:58:44.301252 185397248 CenterThread.cpp:3921] OnSubLoadWealthGodHistoryData: 10
W1212 09:58:44.301287 185397248 CenterThread.cpp:3921] OnSubLoadWealthGodHistoryData: 10
W1212 09:58:44.301322 185397248 CenterThread.cpp:3921] OnSubLoadWealthGodHistoryData: 10
W1212 09:58:44.301362 185397248 CenterThread.cpp:3921] OnSubLoadWealthGodHistoryData: 10
W1212 09:58:44.301398 185397248 CenterThread.cpp:3921] OnSubLoadWealthGodHistoryData: 10
W1212 09:58:44.301434 185397248 CenterThread.cpp:3921] OnSubLoadWealthGodHistoryData: 10
W1212 09:58:44.301471 185397248 CenterThread.cpp:3921] OnSubLoadWealthGodHistoryData: 10
W1212 09:58:44.301507 185397248 CenterThread.cpp:3921] OnSubLoadWealthGodHistoryData: 10
W1212 09:58:44.301569 185397248 CenterThread.cpp:3921] OnSubLoadWealthGodHistoryData: 10
W1212 09:58:44.301682 185397248 DuoBaoMgr.cpp:34] insert duo bao cfg fail. repeated cfg! id: 1
W1212 09:58:44.301717 185397248 DuoBaoMgr.cpp:34] insert duo bao cfg fail. repeated cfg! id: 2
W1212 09:58:44.301746 185397248 DuoBaoMgr.cpp:34] insert duo bao cfg fail. repeated cfg! id: 3
W1212 09:58:44.301774 185397248 DuoBaoMgr.cpp:34] insert duo bao cfg fail. repeated cfg! id: 26
W1212 09:58:44.301805 185397248 DuoBaoMgr.cpp:34] insert duo bao cfg fail. repeated cfg! id: 28
W1212 09:58:44.301833 185397248 DuoBaoMgr.cpp:34] insert duo bao cfg fail. repeated cfg! id: 29
W1212 09:58:44.301862 185397248 DuoBaoMgr.cpp:34] insert duo bao cfg fail. repeated cfg! id: 30
W1212 09:58:44.301904 185397248 DuoBaoMgr.cpp:34] insert duo bao cfg fail. repeated cfg! id: 31
W1212 09:58:44.301926 185397248 DuoBaoMgr.cpp:34] insert duo bao cfg fail. repeated cfg! id: 32
W1212 09:58:44.302189 185397248 DuoBaoMgr.cpp:94] has the same doing data? id: 1
W1212 09:58:44.302214 185397248 DuoBaoMgr.cpp:94] has the same doing data? id: 2
W1212 09:58:44.302237 185397248 DuoBaoMgr.cpp:94] has the same doing data? id: 2
W1212 09:58:44.302259 185397248 DuoBaoMgr.cpp:94] has the same doing data? id: 3
W1212 09:58:44.302297 185397248 DuoBaoMgr.cpp:94] has the same doing data? id: 3
W1212 09:58:44.302321 185397248 DuoBaoMgr.cpp:94] has the same doing data? id: 26
W1212 09:58:44.302343 185397248 DuoBaoMgr.cpp:94] has the same doing data? id: 26
W1212 09:58:44.302366 185397248 DuoBaoMgr.cpp:94] has the same doing data? id: 28
W1212 09:58:44.302388 185397248 DuoBaoMgr.cpp:94] has the same doing data? id: 28
W1212 09:58:44.302410 185397248 DuoBaoMgr.cpp:94] has the same doing data? id: 29
W1212 09:58:44.302433 185397248 DuoBaoMgr.cpp:94] has the same doing data? id: 29
W1212 09:58:44.302456 185397248 DuoBaoMgr.cpp:175] load duo bao data finish.
I1212 14:20:30.459535 325195200 NetServer.cpp:88] delete io...127.0.0.1:59552
W1212 14:20:30.461292 185397248 ServerMgr.cpp:827] remove one game server, id:1101
I1212 14:23:12.418296 325195200 NetServer.cpp:55] accept io...127.0.0.1:60292
I1212 14:23:13.799597 185397248 ServerMgr.cpp:187] register one game server: 127.0.0.1:60292
I1212 15:09:53.835794 325195200 NetServer.cpp:88] delete io...127.0.0.1:60292
W1212 15:09:53.836969 185397248 ServerMgr.cpp:827] remove one game server, id:1101
I1212 15:10:01.237131 325195200 NetServer.cpp:55] accept io...127.0.0.1:60374
I1212 15:10:02.989709 185397248 ServerMgr.cpp:187] register one game server: 127.0.0.1:60374
I1212 15:12:37.827073 325195200 NetServer.cpp:88] delete io...127.0.0.1:60374
W1212 15:12:37.828732 185397248 ServerMgr.cpp:827] remove one game server, id:1101
I1212 15:15:04.898803 325195200 NetServer.cpp:55] accept io...127.0.0.1:60396
I1212 15:15:06.734411 185397248 ServerMgr.cpp:187] register one game server: 127.0.0.1:60396
I1212 15:16:16.428880 325195200 NetServer.cpp:88] delete io...127.0.0.1:60396
W1212 15:16:16.431339 185397248 ServerMgr.cpp:827] remove one game server, id:1101
I1212 15:16:28.186106 325195200 NetServer.cpp:55] accept io...127.0.0.1:60403
I1212 15:16:28.208108 185397248 ServerMgr.cpp:187] register one game server: 127.0.0.1:60403
I1212 15:22:06.484272 325195200 NetServer.cpp:88] delete io...127.0.0.1:60403
W1212 15:22:06.484884 185397248 ServerMgr.cpp:827] remove one game server, id:1101
I1212 15:24:56.090595 325195200 NetServer.cpp:55] accept io...127.0.0.1:60419
I1212 15:24:57.599555 185397248 ServerMgr.cpp:187] register one game server: 127.0.0.1:60419
I1212 15:26:37.904569 325195200 NetServer.cpp:88] delete io...127.0.0.1:60419
W1212 15:26:37.906651 185397248 ServerMgr.cpp:827] remove one game server, id:1101
I1212 15:31:47.723924 325195200 NetServer.cpp:55] accept io...127.0.0.1:60440
I1212 15:31:49.347512 185397248 ServerMgr.cpp:187] register one game server: 127.0.0.1:60440
W1212 15:35:02.236135 185397248 CenterThread.cpp:5007] update online user fail
I1212 16:35:19.277899 325195200 NetServer.cpp:88] delete io...127.0.0.1:60440
W1212 16:35:19.279906 185397248 ServerMgr.cpp:827] remove one game server, id:1101
I1212 16:35:26.673221 325195200 NetServer.cpp:55] accept io...127.0.0.1:60648
I1212 16:35:28.181973 185397248 ServerMgr.cpp:187] register one game server: 127.0.0.1:60648
I1212 22:07:12.353848 325195200 NetServer.cpp:88] delete io...127.0.0.1:60648
W1212 22:07:12.354154 185397248 ServerMgr.cpp:827] remove one game server, id:1101
I1212 22:07:12.360126 325195200 NetServer.cpp:88] delete io...127.0.0.1:59553
I1212 22:07:12.360260 325195200 NetServer.cpp:88] delete io...127.0.0.1:59559
W1212 22:07:12.362323 185397248 ServerMgr.cpp:866] remove one proxy server, id:30
W1212 22:07:12.362363 185397248 ServerMgr.cpp:843] remove one login server, id:10
W1212 22:07:12.362391 185397248 CenterThread.cpp:120] db server is disconnect, after 1s will be reconnect!
W1212 22:07:13.666683 325195200 NetModule.cpp:703] ready reconnect server, server id: 0
I1212 22:07:13.666764 325195200 NetConnector.cpp:216] connect to: 0.0.0.0:6001 success! 
I1212 22:07:13.666908 325195200 NetServer.cpp:55] accept io...127.0.0.1:61301
I1212 22:07:13.668906 185397248 CenterThread.cpp:87] connect to db server succ!
I1212 22:07:13.698292 185397248 ServerMgr.cpp:187] register one game server: 127.0.0.1:61301
I1212 22:07:15.667445 325195200 NetServer.cpp:55] accept io...127.0.0.1:61308
I1212 22:07:15.681314 185397248 ServerMgr.cpp:54] register one proxy server: 127.0.0.1:61308
I1212 22:07:22.711099 325195200 NetServer.cpp:55] accept io...127.0.0.1:61314
I1212 22:07:22.728444 185397248 ServerMgr.cpp:469] register one login server: 127.0.0.1:61314
I1212 22:38:40.706018 325195200 NetServer.cpp:88] delete io...127.0.0.1:61308
I1212 22:38:40.706127 325195200 NetServer.cpp:88] delete io...127.0.0.1:61314
I1212 22:38:40.706161 325195200 NetServer.cpp:88] delete io...127.0.0.1:61301
W1212 22:38:40.706593 185397248 ServerMgr.cpp:866] remove one proxy server, id:30
W1212 22:38:40.706634 185397248 ServerMgr.cpp:843] remove one login server, id:10
W1212 22:38:40.706667 185397248 ServerMgr.cpp:827] remove one game server, id:1101
W1212 22:38:40.706691 185397248 CenterThread.cpp:120] db server is disconnect, after 1s will be reconnect!
W1212 22:38:42.188227 325195200 NetModule.cpp:703] ready reconnect server, server id: 0
I1212 22:38:42.188414 325195200 NetConnector.cpp:216] connect to: 0.0.0.0:6001 success! 
I1212 22:38:42.191011 185397248 CenterThread.cpp:87] connect to db server succ!
I1212 22:38:42.194907 325195200 NetServer.cpp:55] accept io...127.0.0.1:61323
I1212 22:38:42.212350 185397248 ServerMgr.cpp:187] register one game server: 127.0.0.1:61323
I1212 22:38:44.199328 325195200 NetServer.cpp:55] accept io...127.0.0.1:61324
I1212 22:38:44.210899 185397248 ServerMgr.cpp:54] register one proxy server: 127.0.0.1:61324
I1212 22:38:51.225265 325195200 NetServer.cpp:55] accept io...127.0.0.1:61328
I1212 22:38:51.247568 185397248 ServerMgr.cpp:469] register one login server: 127.0.0.1:61328
I1212 22:44:17.608842 325195200 NetServer.cpp:88] delete io...127.0.0.1:61323
I1212 22:44:17.608916 325195200 NetServer.cpp:88] delete io...127.0.0.1:61324
I1212 22:44:17.608939 325195200 NetServer.cpp:88] delete io...127.0.0.1:61328
W1212 22:44:17.610311 185397248 ServerMgr.cpp:827] remove one game server, id:1101
W1212 22:44:17.610368 185397248 ServerMgr.cpp:866] remove one proxy server, id:30
W1212 22:44:17.610404 185397248 ServerMgr.cpp:843] remove one login server, id:10
W1212 22:44:17.610435 185397248 CenterThread.cpp:120] db server is disconnect, after 1s will be reconnect!
W1212 22:44:19.091236 325195200 NetModule.cpp:703] ready reconnect server, server id: 0
I1212 22:44:19.091415 325195200 NetConnector.cpp:216] connect to: 0.0.0.0:6001 success! 
I1212 22:44:19.093997 185397248 CenterThread.cpp:87] connect to db server succ!
I1212 22:44:19.094789 325195200 NetServer.cpp:55] accept io...127.0.0.1:61339
I1212 22:44:19.106266 185397248 ServerMgr.cpp:187] register one game server: 127.0.0.1:61339
I1212 22:44:21.099566 325195200 NetServer.cpp:55] accept io...127.0.0.1:61340
I1212 22:44:21.113732 185397248 ServerMgr.cpp:54] register one proxy server: 127.0.0.1:61340
I1212 22:44:28.139546 325195200 NetServer.cpp:55] accept io...127.0.0.1:61344
I1212 22:44:28.169023 185397248 ServerMgr.cpp:469] register one login server: 127.0.0.1:61344
I1212 22:49:54.795879 325195200 NetServer.cpp:88] delete io...127.0.0.1:61339
I1212 22:49:54.795974 325195200 NetServer.cpp:88] delete io...127.0.0.1:61344
I1212 22:49:54.796005 325195200 NetServer.cpp:88] delete io...127.0.0.1:61340
W1212 22:49:54.797503 185397248 ServerMgr.cpp:827] remove one game server, id:1101
W1212 22:49:54.797538 185397248 ServerMgr.cpp:843] remove one login server, id:10
W1212 22:49:54.797611 185397248 ServerMgr.cpp:866] remove one proxy server, id:30
W1212 22:49:54.797718 185397248 CenterThread.cpp:120] db server is disconnect, after 1s will be reconnect!
W1212 22:49:56.277693 325195200 NetModule.cpp:703] ready reconnect server, server id: 0
I1212 22:49:56.277876 325195200 NetConnector.cpp:216] connect to: 0.0.0.0:6001 success! 
I1212 22:49:56.278154 325195200 NetServer.cpp:55] accept io...127.0.0.1:61356
I1212 22:49:56.280508 185397248 CenterThread.cpp:87] connect to db server succ!
I1212 22:49:56.289675 185397248 ServerMgr.cpp:187] register one game server: 127.0.0.1:61356
I1212 22:49:58.288408 325195200 NetServer.cpp:55] accept io...127.0.0.1:61357
I1212 22:49:58.312250 185397248 ServerMgr.cpp:54] register one proxy server: 127.0.0.1:61357
I1212 22:50:04.829710 325195200 NetServer.cpp:55] accept io...127.0.0.1:61361
I1212 22:50:04.841255 185397248 ServerMgr.cpp:469] register one login server: 127.0.0.1:61361
I1212 22:55:31.715283 325195200 NetServer.cpp:88] delete io...127.0.0.1:61361
I1212 22:55:31.715414 325195200 NetServer.cpp:88] delete io...127.0.0.1:61357
I1212 22:55:31.715447 325195200 NetServer.cpp:88] delete io...127.0.0.1:61356
W1212 22:55:31.715616 185397248 ServerMgr.cpp:843] remove one login server, id:10
W1212 22:55:31.715667 185397248 ServerMgr.cpp:866] remove one proxy server, id:30
W1212 22:55:31.715703 185397248 ServerMgr.cpp:827] remove one game server, id:1101
W1212 22:55:31.715736 185397248 CenterThread.cpp:120] db server is disconnect, after 1s will be reconnect!
W1212 22:55:33.194329 325195200 NetModule.cpp:703] ready reconnect server, server id: 0
I1212 22:55:33.194515 325195200 NetConnector.cpp:216] connect to: 0.0.0.0:6001 success! 
I1212 22:55:33.196298 325195200 NetServer.cpp:55] accept io...127.0.0.1:61372
I1212 22:55:33.196339 185397248 CenterThread.cpp:87] connect to db server succ!
I1212 22:55:33.220759 185397248 ServerMgr.cpp:187] register one game server: 127.0.0.1:61372
I1212 22:55:35.207888 325195200 NetServer.cpp:55] accept io...127.0.0.1:61373
I1212 22:55:35.223145 185397248 ServerMgr.cpp:54] register one proxy server: 127.0.0.1:61373
I1212 22:55:42.242530 325195200 NetServer.cpp:55] accept io...127.0.0.1:61379
I1212 22:55:42.269174 185397248 ServerMgr.cpp:469] register one login server: 127.0.0.1:61379
I1212 23:01:08.630156 325195200 NetServer.cpp:88] delete io...127.0.0.1:61372
I1212 23:01:08.630390 325195200 NetServer.cpp:88] delete io...127.0.0.1:61379
I1212 23:01:08.630424 325195200 NetServer.cpp:88] delete io...127.0.0.1:61373
W1212 23:01:08.631325 185397248 ServerMgr.cpp:827] remove one game server, id:1101
W1212 23:01:08.631402 185397248 ServerMgr.cpp:843] remove one login server, id:10
W1212 23:01:08.631428 185397248 ServerMgr.cpp:866] remove one proxy server, id:30
W1212 23:01:08.631456 185397248 CenterThread.cpp:120] db server is disconnect, after 1s will be reconnect!
W1212 23:01:10.106297 325195200 NetModule.cpp:703] ready reconnect server, server id: 0
I1212 23:01:10.106487 325195200 NetServer.cpp:55] accept io...127.0.0.1:61387
I1212 23:01:10.106568 325195200 NetConnector.cpp:216] connect to: 0.0.0.0:6001 success! 
I1212 23:01:10.109302 185397248 CenterThread.cpp:87] connect to db server succ!
I1212 23:01:10.130143 185397248 ServerMgr.cpp:187] register one game server: 127.0.0.1:61387
I1212 23:01:12.131230 325195200 NetServer.cpp:55] accept io...127.0.0.1:61389
I1212 23:01:12.149410 185397248 ServerMgr.cpp:54] register one proxy server: 127.0.0.1:61389
I1212 23:01:18.637060 325195200 NetServer.cpp:55] accept io...127.0.0.1:61394
I1212 23:01:18.665012 185397248 ServerMgr.cpp:469] register one login server: 127.0.0.1:61394
I1212 23:06:45.790318 325195200 NetServer.cpp:88] delete io...127.0.0.1:61387
I1212 23:06:45.791087 325195200 NetServer.cpp:88] delete io...127.0.0.1:61394
I1212 23:06:45.791126 325195200 NetServer.cpp:88] delete io...127.0.0.1:61389
W1212 23:06:45.792325 185397248 ServerMgr.cpp:827] remove one game server, id:1101
W1212 23:06:45.792372 185397248 ServerMgr.cpp:843] remove one login server, id:10
W1212 23:06:45.792405 185397248 ServerMgr.cpp:866] remove one proxy server, id:30
W1212 23:06:45.794558 185397248 CenterThread.cpp:120] db server is disconnect, after 1s will be reconnect!
W1212 23:06:47.275821 325195200 NetModule.cpp:703] ready reconnect server, server id: 0
I1212 23:06:47.276003 325195200 NetConnector.cpp:216] connect to: 0.0.0.0:6001 success! 
I1212 23:06:47.278597 185397248 CenterThread.cpp:87] connect to db server succ!
I1212 23:06:47.288513 325195200 NetServer.cpp:55] accept io...127.0.0.1:61404
I1212 23:06:47.312130 185397248 ServerMgr.cpp:187] register one game server: 127.0.0.1:61404
I1212 23:06:49.284759 325195200 NetServer.cpp:55] accept io...127.0.0.1:61405
I1212 23:06:49.310876 185397248 ServerMgr.cpp:54] register one proxy server: 127.0.0.1:61405
I1212 23:06:56.328402 325195200 NetServer.cpp:55] accept io...127.0.0.1:61411
I1212 23:06:56.345906 185397248 ServerMgr.cpp:469] register one login server: 127.0.0.1:61411
I1212 23:12:22.796779 325195200 NetServer.cpp:88] delete io...127.0.0.1:61404
W1212 23:12:22.797997 185397248 ServerMgr.cpp:827] remove one game server, id:1101
W1212 23:12:22.811944 185397248 ServerMgr.cpp:866] remove one proxy server, id:30
I1212 23:12:22.811944 325195200 NetServer.cpp:88] delete io...127.0.0.1:61405
I1212 23:12:22.814509 325195200 NetServer.cpp:88] delete io...127.0.0.1:61411
W1212 23:12:22.816766 185397248 ServerMgr.cpp:843] remove one login server, id:10
W1212 23:12:22.816896 185397248 CenterThread.cpp:120] db server is disconnect, after 1s will be reconnect!
W1212 23:12:24.286628 325195200 NetModule.cpp:703] ready reconnect server, server id: 0
I1212 23:12:24.286806 325195200 NetConnector.cpp:216] connect to: 0.0.0.0:6001 success! 
I1212 23:12:24.289413 185397248 CenterThread.cpp:87] connect to db server succ!
I1212 23:12:24.293241 325195200 NetServer.cpp:55] accept io...127.0.0.1:61418
I1212 23:12:24.304623 185397248 ServerMgr.cpp:187] register one game server: 127.0.0.1:61418
I1212 23:12:26.293283 325195200 NetServer.cpp:55] accept io...127.0.0.1:61419
I1212 23:12:26.313294 185397248 ServerMgr.cpp:54] register one proxy server: 127.0.0.1:61419
I1212 23:12:33.326159 325195200 NetServer.cpp:55] accept io...127.0.0.1:61425
I1212 23:12:33.353900 185397248 ServerMgr.cpp:469] register one login server: 127.0.0.1:61425
I1212 23:44:48.730249 325195200 NetServer.cpp:88] delete io...127.0.0.1:61418
I1212 23:44:48.730321 325195200 NetServer.cpp:88] delete io...127.0.0.1:61419
I1212 23:44:48.730351 325195200 NetServer.cpp:88] delete io...127.0.0.1:61425
W1212 23:44:48.730432 185397248 ServerMgr.cpp:827] remove one game server, id:1101
W1212 23:44:48.730489 185397248 ServerMgr.cpp:866] remove one proxy server, id:30
W1212 23:44:48.730516 185397248 ServerMgr.cpp:843] remove one login server, id:10
W1212 23:44:48.730540 185397248 CenterThread.cpp:120] db server is disconnect, after 1s will be reconnect!
W1212 23:44:50.216368 325195200 NetModule.cpp:703] ready reconnect server, server id: 0
I1212 23:44:50.216482 325195200 NetConnector.cpp:216] connect to: 0.0.0.0:6001 success! 
I1212 23:44:50.219180 185397248 CenterThread.cpp:87] connect to db server succ!
I1212 23:44:50.221868 325195200 NetServer.cpp:55] accept io...127.0.0.1:61437
I1212 23:44:50.247526 185397248 ServerMgr.cpp:187] register one game server: 127.0.0.1:61437
I1212 23:44:52.230319 325195200 NetServer.cpp:55] accept io...127.0.0.1:61441
I1212 23:44:52.258127 185397248 ServerMgr.cpp:54] register one proxy server: 127.0.0.1:61441
I1212 23:44:58.756964 325195200 NetServer.cpp:55] accept io...127.0.0.1:61447
I1212 23:44:58.768486 185397248 ServerMgr.cpp:469] register one login server: 127.0.0.1:61447
I1212 23:50:25.642000 325195200 NetServer.cpp:88] delete io...127.0.0.1:61447
I1212 23:50:25.642053 325195200 NetServer.cpp:88] delete io...127.0.0.1:61441
I1212 23:50:25.642081 325195200 NetServer.cpp:88] delete io...127.0.0.1:61437
W1212 23:50:25.642948 185397248 ServerMgr.cpp:843] remove one login server, id:10
W1212 23:50:25.642997 185397248 ServerMgr.cpp:866] remove one proxy server, id:30
W1212 23:50:25.643031 185397248 ServerMgr.cpp:827] remove one game server, id:1101
W1212 23:50:25.643060 185397248 CenterThread.cpp:120] db server is disconnect, after 1s will be reconnect!
I1212 23:50:27.125838 325195200 NetServer.cpp:55] accept io...127.0.0.1:61458
W1212 23:50:27.128765 325195200 NetModule.cpp:703] ready reconnect server, server id: 0
I1212 23:50:27.128950 325195200 NetConnector.cpp:216] connect to: 0.0.0.0:6001 success! 
I1212 23:50:27.131639 185397248 CenterThread.cpp:87] connect to db server succ!
I1212 23:50:27.146131 185397248 ServerMgr.cpp:187] register one game server: 127.0.0.1:61458
I1212 23:50:29.142179 325195200 NetServer.cpp:55] accept io...127.0.0.1:61460
I1212 23:50:29.153499 185397248 ServerMgr.cpp:54] register one proxy server: 127.0.0.1:61460
I1212 23:50:35.653050 325195200 NetServer.cpp:55] accept io...127.0.0.1:61466
I1212 23:50:35.669920 185397248 ServerMgr.cpp:469] register one login server: 127.0.0.1:61466
I1212 23:56:02.517058 325195200 NetServer.cpp:88] delete io...127.0.0.1:61458
W1212 23:56:02.517220 185397248 ServerMgr.cpp:827] remove one game server, id:1101
I1212 23:56:02.517253 325195200 NetServer.cpp:88] delete io...127.0.0.1:61466
W1212 23:56:02.517258 185397248 ServerMgr.cpp:843] remove one login server, id:10
I1212 23:56:02.517287 325195200 NetServer.cpp:88] delete io...127.0.0.1:61460
W1212 23:56:02.517341 185397248 ServerMgr.cpp:866] remove one proxy server, id:30
W1212 23:56:02.517375 185397248 CenterThread.cpp:120] db server is disconnect, after 1s will be reconnect!
W1212 23:56:04.000402 325195200 NetModule.cpp:703] ready reconnect server, server id: 0
I1212 23:56:04.000597 325195200 NetConnector.cpp:216] connect to: 0.0.0.0:6001 success! 
I1212 23:56:04.000903 325195200 NetServer.cpp:55] accept io...127.0.0.1:61474
I1212 23:56:04.003177 185397248 CenterThread.cpp:87] connect to db server succ!
I1212 23:56:04.015158 185397248 ServerMgr.cpp:187] register one game server: 127.0.0.1:61474
I1212 23:56:06.008882 325195200 NetServer.cpp:55] accept io...127.0.0.1:61475
I1212 23:56:06.023169 185397248 ServerMgr.cpp:54] register one proxy server: 127.0.0.1:61475
I1212 23:56:13.052757 325195200 NetServer.cpp:55] accept io...127.0.0.1:61479
I1212 23:56:13.061053 185397248 ServerMgr.cpp:469] register one login server: 127.0.0.1:61479
W1213 00:01:39.694574 185397248 CenterThread.cpp:304] center server is across day.
I1213 00:01:39.719141 325195200 NetServer.cpp:88] delete io...127.0.0.1:61479
I1213 00:01:39.719203 325195200 NetServer.cpp:88] delete io...127.0.0.1:61475
I1213 00:01:39.719241 325195200 NetServer.cpp:88] delete io...127.0.0.1:61474
I1213 00:01:41.198318 325195200 NetServer.cpp:55] accept io...127.0.0.1:61488
I1213 00:01:43.200933 325195200 NetServer.cpp:55] accept io...127.0.0.1:61489
I1213 00:01:50.223592 325195200 NetServer.cpp:55] accept io...127.0.0.1:61494
I1213 00:01:50.340780 325195200 NetServer.cpp:88] delete io...127.0.0.1:61489
W1213 00:01:50.367442 185397248 ServerMgr.cpp:843] remove one login server, id:10
W1213 00:01:50.367625 185397248 ServerMgr.cpp:866] remove one proxy server, id:30
W1213 00:01:50.367725 185397248 ServerMgr.cpp:827] remove one game server, id:1101
W1213 00:01:50.367815 185397248 CenterThread.cpp:120] db server is disconnect, after 1s will be reconnect!
I1213 00:01:50.367928 185397248 ServerMgr.cpp:187] register one game server: 127.0.0.1:61488
I1213 00:01:50.368000 185397248 ServerMgr.cpp:469] register one login server: 127.0.0.1:61494
W1213 00:01:50.368031 185397248 ServerMgr.cpp:866] remove one proxy server, id:30
W1213 00:01:51.740010 325195200 NetModule.cpp:703] ready reconnect server, server id: 0
I1213 00:01:51.740295 325195200 NetConnector.cpp:216] connect to: 0.0.0.0:6001 success! 
I1213 00:01:51.741871 185397248 CenterThread.cpp:87] connect to db server succ!
I1213 00:01:53.752545 325195200 NetServer.cpp:55] accept io...127.0.0.1:61496
I1213 00:01:53.760926 185397248 ServerMgr.cpp:54] register one proxy server: 127.0.0.1:61496
I1213 00:07:16.642525 325195200 NetServer.cpp:88] delete io...127.0.0.1:61488
I1213 00:07:16.642606 325195200 NetServer.cpp:88] delete io...127.0.0.1:61494
I1213 00:07:16.642632 325195200 NetServer.cpp:88] delete io...127.0.0.1:61496
W1213 00:07:16.643784 185397248 ServerMgr.cpp:827] remove one game server, id:1101
W1213 00:07:16.643842 185397248 ServerMgr.cpp:843] remove one login server, id:10
W1213 00:07:16.643880 185397248 ServerMgr.cpp:866] remove one proxy server, id:30
W1213 00:07:16.643900 185397248 CenterThread.cpp:120] db server is disconnect, after 1s will be reconnect!
W1213 00:07:18.121016 325195200 NetModule.cpp:703] ready reconnect server, server id: 0
I1213 00:07:18.121196 325195200 NetConnector.cpp:216] connect to: 0.0.0.0:6001 success! 
I1213 00:07:18.123338 185397248 CenterThread.cpp:87] connect to db server succ!
I1213 00:07:18.129997 325195200 NetServer.cpp:55] accept io...127.0.0.1:61509
I1213 00:07:18.158629 185397248 ServerMgr.cpp:187] register one game server: 127.0.0.1:61509
I1213 00:07:20.143685 325195200 NetServer.cpp:55] accept io...127.0.0.1:61510
I1213 00:07:20.177070 185397248 ServerMgr.cpp:54] register one proxy server: 127.0.0.1:61510
I1213 00:07:27.200680 325195200 NetServer.cpp:55] accept io...127.0.0.1:61514
I1213 00:07:27.230481 185397248 ServerMgr.cpp:469] register one login server: 127.0.0.1:61514
I1213 00:12:53.679672 325195200 NetServer.cpp:88] delete io...127.0.0.1:61514
I1213 00:12:53.679749 325195200 NetServer.cpp:88] delete io...127.0.0.1:61510
I1213 00:12:53.679777 325195200 NetServer.cpp:88] delete io...127.0.0.1:61509
W1213 00:12:53.680469 185397248 ServerMgr.cpp:843] remove one login server, id:10
W1213 00:12:53.680505 185397248 ServerMgr.cpp:866] remove one proxy server, id:30
W1213 00:12:53.680598 185397248 ServerMgr.cpp:827] remove one game server, id:1101
W1213 00:12:53.680620 185397248 CenterThread.cpp:120] db server is disconnect, after 1s will be reconnect!
W1213 00:12:55.162451 325195200 NetModule.cpp:703] ready reconnect server, server id: 0
I1213 00:12:55.162631 325195200 NetConnector.cpp:216] connect to: 0.0.0.0:6001 success! 
I1213 00:12:55.165196 185397248 CenterThread.cpp:87] connect to db server succ!
I1213 00:12:55.165942 325195200 NetServer.cpp:55] accept io...127.0.0.1:61523
I1213 00:12:55.191773 185397248 ServerMgr.cpp:187] register one game server: 127.0.0.1:61523
I1213 00:12:57.171077 325195200 NetServer.cpp:55] accept io...127.0.0.1:61524
I1213 00:12:57.195449 185397248 ServerMgr.cpp:54] register one proxy server: 127.0.0.1:61524
I1213 00:13:03.712640 325195200 NetServer.cpp:55] accept io...127.0.0.1:61529
I1213 00:13:03.738607 185397248 ServerMgr.cpp:469] register one login server: 127.0.0.1:61529
I1213 00:18:30.521925 325195200 NetServer.cpp:88] delete io...127.0.0.1:61523
I1213 00:18:30.522035 325195200 NetServer.cpp:88] delete io...127.0.0.1:61529
I1213 00:18:30.522061 325195200 NetServer.cpp:88] delete io...127.0.0.1:61524
W1213 00:18:30.522130 185397248 ServerMgr.cpp:827] remove one game server, id:1101
W1213 00:18:30.522172 185397248 ServerMgr.cpp:843] remove one login server, id:10
W1213 00:18:30.522197 185397248 ServerMgr.cpp:866] remove one proxy server, id:30
W1213 00:18:30.522215 185397248 CenterThread.cpp:120] db server is disconnect, after 1s will be reconnect!
W1213 00:18:31.997483 325195200 NetModule.cpp:703] ready reconnect server, server id: 0
I1213 00:18:31.997649 325195200 NetConnector.cpp:216] connect to: 0.0.0.0:6001 success! 
I1213 00:18:32.000329 185397248 CenterThread.cpp:87] connect to db server succ!
I1213 00:18:32.015025 325195200 NetServer.cpp:55] accept io...127.0.0.1:61538
I1213 00:18:32.040660 185397248 ServerMgr.cpp:187] register one game server: 127.0.0.1:61538
I1213 00:18:34.023514 325195200 NetServer.cpp:55] accept io...127.0.0.1:61540
I1213 00:18:34.048840 185397248 ServerMgr.cpp:54] register one proxy server: 127.0.0.1:61540
I1213 00:18:40.556720 325195200 NetServer.cpp:55] accept io...127.0.0.1:61544
I1213 00:18:40.571064 185397248 ServerMgr.cpp:469] register one login server: 127.0.0.1:61544
I1213 00:57:35.758419 325195200 NetServer.cpp:88] delete io...127.0.0.1:61540
I1213 00:57:35.758496 325195200 NetServer.cpp:88] delete io...127.0.0.1:61544
I1213 00:57:35.758525 325195200 NetServer.cpp:88] delete io...127.0.0.1:61538
W1213 00:57:35.760383 185397248 ServerMgr.cpp:866] remove one proxy server, id:30
W1213 00:57:35.760422 185397248 ServerMgr.cpp:843] remove one login server, id:10
W1213 00:57:35.760447 185397248 ServerMgr.cpp:827] remove one game server, id:1101
W1213 00:57:35.760468 185397248 CenterThread.cpp:120] db server is disconnect, after 1s will be reconnect!
W1213 00:57:37.241379 325195200 NetModule.cpp:703] ready reconnect server, server id: 0
I1213 00:57:37.241549 325195200 NetConnector.cpp:216] connect to: 0.0.0.0:6001 success! 
I1213 00:57:37.243466 185397248 CenterThread.cpp:87] connect to db server succ!
I1213 00:57:37.246762 325195200 NetServer.cpp:55] accept io...127.0.0.1:61553
I1213 00:57:37.254498 185397248 ServerMgr.cpp:187] register one game server: 127.0.0.1:61553
I1213 00:57:39.248792 325195200 NetServer.cpp:55] accept io...127.0.0.1:61554
I1213 00:57:39.269680 185397248 ServerMgr.cpp:54] register one proxy server: 127.0.0.1:61554
I1213 00:57:46.292587 325195200 NetServer.cpp:55] accept io...127.0.0.1:61560
I1213 00:57:46.324954 185397248 ServerMgr.cpp:469] register one login server: 127.0.0.1:61560
I1213 01:03:12.675133 325195200 NetServer.cpp:88] delete io...127.0.0.1:61553
I1213 01:03:12.675243 325195200 NetServer.cpp:88] delete io...127.0.0.1:61560
I1213 01:03:12.675349 325195200 NetServer.cpp:88] delete io...127.0.0.1:61554
W1213 01:03:12.676260 185397248 ServerMgr.cpp:827] remove one game server, id:1101
W1213 01:03:12.676306 185397248 ServerMgr.cpp:843] remove one login server, id:10
W1213 01:03:12.676337 185397248 ServerMgr.cpp:866] remove one proxy server, id:30
W1213 01:03:12.676364 185397248 CenterThread.cpp:120] db server is disconnect, after 1s will be reconnect!
I1213 01:03:14.154089 325195200 NetServer.cpp:55] accept io...127.0.0.1:61568
W1213 01:03:14.155385 325195200 NetModule.cpp:703] ready reconnect server, server id: 0
I1213 01:03:14.155624 325195200 NetConnector.cpp:216] connect to: 0.0.0.0:6001 success! 
I1213 01:03:14.156817 185397248 CenterThread.cpp:87] connect to db server succ!
I1213 01:03:14.175081 185397248 ServerMgr.cpp:187] register one game server: 127.0.0.1:61568
I1213 01:03:16.166868 325195200 NetServer.cpp:55] accept io...127.0.0.1:61570
I1213 01:03:16.193732 185397248 ServerMgr.cpp:54] register one proxy server: 127.0.0.1:61570
I1213 01:03:23.205080 325195200 NetServer.cpp:55] accept io...127.0.0.1:61576
I1213 01:03:23.224928 185397248 ServerMgr.cpp:469] register one login server: 127.0.0.1:61576
I1213 01:08:49.535374 325195200 NetServer.cpp:88] delete io...127.0.0.1:61568
W1213 01:08:49.537171 185397248 ServerMgr.cpp:827] remove one game server, id:1101
I1213 01:08:49.539175 325195200 NetServer.cpp:88] delete io...127.0.0.1:61576
W1213 01:08:49.539650 185397248 ServerMgr.cpp:843] remove one login server, id:10
I1213 01:08:49.539675 325195200 NetServer.cpp:88] delete io...127.0.0.1:61570
W1213 01:08:49.539685 185397248 ServerMgr.cpp:866] remove one proxy server, id:30
W1213 01:08:49.541798 185397248 CenterThread.cpp:120] db server is disconnect, after 1s will be reconnect!
W1213 01:08:51.019065 325195200 NetModule.cpp:703] ready reconnect server, server id: 0
I1213 01:08:51.019249 325195200 NetConnector.cpp:216] connect to: 0.0.0.0:6001 success! 
I1213 01:08:51.019691 325195200 NetServer.cpp:55] accept io...127.0.0.1:61584
I1213 01:08:51.021839 185397248 CenterThread.cpp:87] connect to db server succ!
I1213 01:08:51.027981 185397248 ServerMgr.cpp:187] register one game server: 127.0.0.1:61584
I1213 01:08:53.030117 325195200 NetServer.cpp:55] accept io...127.0.0.1:61585
I1213 01:08:53.053995 185397248 ServerMgr.cpp:54] register one proxy server: 127.0.0.1:61585
I1213 01:09:00.046828 325195200 NetServer.cpp:55] accept io...127.0.0.1:61589
I1213 01:09:00.073249 185397248 ServerMgr.cpp:469] register one login server: 127.0.0.1:61589
I1213 01:14:26.697685 325195200 NetServer.cpp:88] delete io...127.0.0.1:61584
I1213 01:14:26.697758 325195200 NetServer.cpp:88] delete io...127.0.0.1:61589
I1213 01:14:26.697789 325195200 NetServer.cpp:88] delete io...127.0.0.1:61585
W1213 01:14:26.698130 185397248 ServerMgr.cpp:827] remove one game server, id:1101
W1213 01:14:26.698169 185397248 ServerMgr.cpp:843] remove one login server, id:10
W1213 01:14:26.698197 185397248 ServerMgr.cpp:866] remove one proxy server, id:30
W1213 01:14:26.701063 185397248 CenterThread.cpp:120] db server is disconnect, after 1s will be reconnect!
W1213 01:14:28.182198 325195200 NetModule.cpp:703] ready reconnect server, server id: 0
I1213 01:14:28.182376 325195200 NetConnector.cpp:216] connect to: 0.0.0.0:6001 success! 
I1213 01:14:28.182452 185397248 CenterThread.cpp:87] connect to db server succ!
I1213 01:14:28.186337 325195200 NetServer.cpp:55] accept io...127.0.0.1:61596
I1213 01:14:28.203866 185397248 ServerMgr.cpp:187] register one game server: 127.0.0.1:61596
I1213 01:14:30.186501 325195200 NetServer.cpp:55] accept io...127.0.0.1:61597
I1213 01:14:30.200857 185397248 ServerMgr.cpp:54] register one proxy server: 127.0.0.1:61597
I1213 01:14:36.728569 325195200 NetServer.cpp:55] accept io...127.0.0.1:61603
I1213 01:14:36.757617 185397248 ServerMgr.cpp:469] register one login server: 127.0.0.1:61603
I1213 01:20:03.537565 325195200 NetServer.cpp:88] delete io...127.0.0.1:61596
I1213 01:20:03.537662 325195200 NetServer.cpp:88] delete io...127.0.0.1:61603
I1213 01:20:03.537694 325195200 NetServer.cpp:88] delete io...127.0.0.1:61597
W1213 01:20:03.539393 185397248 ServerMgr.cpp:827] remove one game server, id:1101
W1213 01:20:03.539428 185397248 ServerMgr.cpp:843] remove one login server, id:10
W1213 01:20:03.539449 185397248 ServerMgr.cpp:866] remove one proxy server, id:30
W1213 01:20:03.539469 185397248 CenterThread.cpp:120] db server is disconnect, after 1s will be reconnect!
W1213 01:20:05.030822 325195200 NetModule.cpp:703] ready reconnect server, server id: 0
I1213 01:20:05.031015 325195200 NetServer.cpp:55] accept io...127.0.0.1:61611
I1213 01:20:05.031097 325195200 NetConnector.cpp:216] connect to: 0.0.0.0:6001 success! 
I1213 01:20:05.033596 185397248 CenterThread.cpp:87] connect to db server succ!
I1213 01:20:05.051657 185397248 ServerMgr.cpp:187] register one game server: 127.0.0.1:61611
I1213 01:20:07.031903 325195200 NetServer.cpp:55] accept io...127.0.0.1:61614
I1213 01:20:07.060875 185397248 ServerMgr.cpp:54] register one proxy server: 127.0.0.1:61614
I1213 01:20:14.074014 325195200 NetServer.cpp:55] accept io...127.0.0.1:61618
I1213 01:20:14.100584 185397248 ServerMgr.cpp:469] register one login server: 127.0.0.1:61618
I1213 01:25:40.753945 325195200 NetServer.cpp:88] delete io...127.0.0.1:61614
I1213 01:25:40.754029 325195200 NetServer.cpp:88] delete io...127.0.0.1:61611
I1213 01:25:40.754062 325195200 NetServer.cpp:88] delete io...127.0.0.1:61618
W1213 01:25:40.756768 185397248 ServerMgr.cpp:866] remove one proxy server, id:30
W1213 01:25:40.756812 185397248 ServerMgr.cpp:827] remove one game server, id:1101
W1213 01:25:40.756852 185397248 ServerMgr.cpp:843] remove one login server, id:10
W1213 01:25:40.756933 185397248 CenterThread.cpp:120] db server is disconnect, after 1s will be reconnect!
W1213 01:25:42.230692 325195200 NetModule.cpp:703] ready reconnect server, server id: 0
I1213 01:25:42.230881 325195200 NetServer.cpp:55] accept io...127.0.0.1:61625
I1213 01:25:42.230953 325195200 NetConnector.cpp:216] connect to: 0.0.0.0:6001 success! 
I1213 01:25:42.232764 185397248 CenterThread.cpp:87] connect to db server succ!
I1213 01:25:42.245023 185397248 ServerMgr.cpp:187] register one game server: 127.0.0.1:61625
I1213 01:25:44.237092 325195200 NetServer.cpp:55] accept io...127.0.0.1:61627
I1213 01:25:44.260197 185397248 ServerMgr.cpp:54] register one proxy server: 127.0.0.1:61627
I1213 01:25:51.272291 325195200 NetServer.cpp:55] accept io...127.0.0.1:61632
I1213 01:25:51.305335 185397248 ServerMgr.cpp:469] register one login server: 127.0.0.1:61632
I1213 01:31:17.661902 325195200 NetServer.cpp:88] delete io...127.0.0.1:61625
I1213 01:31:17.662014 325195200 NetServer.cpp:88] delete io...127.0.0.1:61632
I1213 01:31:17.662052 325195200 NetServer.cpp:88] delete io...127.0.0.1:61627
W1213 01:31:17.663101 185397248 ServerMgr.cpp:827] remove one game server, id:1101
W1213 01:31:17.663138 185397248 ServerMgr.cpp:843] remove one login server, id:10
W1213 01:31:17.663161 185397248 ServerMgr.cpp:866] remove one proxy server, id:30
W1213 01:31:17.663180 185397248 CenterThread.cpp:120] db server is disconnect, after 1s will be reconnect!
W1213 01:31:19.141692 325195200 NetModule.cpp:703] ready reconnect server, server id: 0
I1213 01:31:19.141883 325195200 NetServer.cpp:55] accept io...127.0.0.1:61639
I1213 01:31:19.141963 325195200 NetConnector.cpp:216] connect to: 0.0.0.0:6001 success! 
I1213 01:31:19.143846 185397248 CenterThread.cpp:87] connect to db server succ!
I1213 01:31:19.150009 185397248 ServerMgr.cpp:187] register one game server: 127.0.0.1:61639
I1213 01:31:21.150337 325195200 NetServer.cpp:55] accept io...127.0.0.1:61641
I1213 01:31:21.179514 185397248 ServerMgr.cpp:54] register one proxy server: 127.0.0.1:61641
I1213 01:31:28.175526 325195200 NetServer.cpp:55] accept io...127.0.0.1:61647
I1213 01:31:28.202316 185397248 ServerMgr.cpp:469] register one login server: 127.0.0.1:61647
I1213 02:07:03.785374 325195200 NetServer.cpp:88] delete io...127.0.0.1:61639
I1213 02:07:03.785455 325195200 NetServer.cpp:88] delete io...127.0.0.1:61647
I1213 02:07:03.785480 325195200 NetServer.cpp:88] delete io...127.0.0.1:61641
W1213 02:07:03.787458 185397248 ServerMgr.cpp:827] remove one game server, id:1101
W1213 02:07:03.787577 185397248 ServerMgr.cpp:843] remove one login server, id:10
W1213 02:07:03.787621 185397248 ServerMgr.cpp:866] remove one proxy server, id:30
W1213 02:07:03.787662 185397248 CenterThread.cpp:120] db server is disconnect, after 1s will be reconnect!
W1213 02:07:05.269685 325195200 NetModule.cpp:703] ready reconnect server, server id: 0
I1213 02:07:05.269862 325195200 NetConnector.cpp:216] connect to: 0.0.0.0:6001 success! 
I1213 02:07:05.272322 185397248 CenterThread.cpp:87] connect to db server succ!
I1213 02:07:05.272986 325195200 NetServer.cpp:55] accept io...127.0.0.1:61655
I1213 02:07:05.292891 185397248 ServerMgr.cpp:187] register one game server: 127.0.0.1:61655
I1213 02:07:07.282378 325195200 NetServer.cpp:55] accept io...127.0.0.1:61657
I1213 02:07:07.291033 185397248 ServerMgr.cpp:54] register one proxy server: 127.0.0.1:61657
I1213 02:07:14.316679 325195200 NetServer.cpp:55] accept io...127.0.0.1:61664
I1213 02:07:14.321321 185397248 ServerMgr.cpp:469] register one login server: 127.0.0.1:61664
I1213 02:12:40.716701 325195200 NetServer.cpp:88] delete io...127.0.0.1:61664
I1213 02:12:40.716768 325195200 NetServer.cpp:88] delete io...127.0.0.1:61655
I1213 02:12:40.716794 325195200 NetServer.cpp:88] delete io...127.0.0.1:61657
W1213 02:12:40.717875 185397248 ServerMgr.cpp:843] remove one login server, id:10
W1213 02:12:40.717921 185397248 ServerMgr.cpp:827] remove one game server, id:1101
W1213 02:12:40.717945 185397248 ServerMgr.cpp:866] remove one proxy server, id:30
W1213 02:12:40.717964 185397248 CenterThread.cpp:120] db server is disconnect, after 1s will be reconnect!
W1213 02:12:42.199460 325195200 NetModule.cpp:703] ready reconnect server, server id: 0
I1213 02:12:42.199640 325195200 NetConnector.cpp:216] connect to: 0.0.0.0:6001 success! 
I1213 02:12:42.200004 185397248 CenterThread.cpp:87] connect to db server succ!
I1213 02:12:42.209146 325195200 NetServer.cpp:55] accept io...127.0.0.1:61670
I1213 02:12:42.238095 185397248 ServerMgr.cpp:187] register one game server: 127.0.0.1:61670
I1213 02:12:44.208984 325195200 NetServer.cpp:55] accept io...127.0.0.1:61671
I1213 02:12:44.217645 185397248 ServerMgr.cpp:54] register one proxy server: 127.0.0.1:61671
I1213 02:12:50.745208 325195200 NetServer.cpp:55] accept io...127.0.0.1:61677
I1213 02:12:50.777379 185397248 ServerMgr.cpp:469] register one login server: 127.0.0.1:61677
I1213 02:18:17.565606 325195200 NetServer.cpp:88] delete io...127.0.0.1:61677
I1213 02:18:17.565690 325195200 NetServer.cpp:88] delete io...127.0.0.1:61671
I1213 02:18:17.565722 325195200 NetServer.cpp:88] delete io...127.0.0.1:61670
W1213 02:18:17.567816 185397248 ServerMgr.cpp:843] remove one login server, id:10
W1213 02:18:17.567867 185397248 ServerMgr.cpp:866] remove one proxy server, id:30
W1213 02:18:17.567903 185397248 ServerMgr.cpp:827] remove one game server, id:1101
W1213 02:18:17.567934 185397248 CenterThread.cpp:120] db server is disconnect, after 1s will be reconnect!
W1213 02:18:19.047590 325195200 NetModule.cpp:703] ready reconnect server, server id: 0
I1213 02:18:19.047772 325195200 NetConnector.cpp:216] connect to: 0.0.0.0:6001 success! 
I1213 02:18:19.048971 325195200 NetServer.cpp:55] accept io...127.0.0.1:61684
I1213 02:18:19.049037 185397248 CenterThread.cpp:87] connect to db server succ!
I1213 02:18:19.064254 185397248 ServerMgr.cpp:187] register one game server: 127.0.0.1:61684
I1213 02:18:21.057416 325195200 NetServer.cpp:55] accept io...127.0.0.1:61685
I1213 02:18:21.066133 185397248 ServerMgr.cpp:54] register one proxy server: 127.0.0.1:61685
I1213 02:18:28.095870 325195200 NetServer.cpp:55] accept io...127.0.0.1:61691
I1213 02:18:28.110337 185397248 ServerMgr.cpp:469] register one login server: 127.0.0.1:61691
I1213 02:23:54.814826 325195200 NetServer.cpp:88] delete io...127.0.0.1:61684
I1213 02:23:54.814895 325195200 NetServer.cpp:88] delete io...127.0.0.1:61691
I1213 02:23:54.814926 325195200 NetServer.cpp:88] delete io...127.0.0.1:61685
W1213 02:23:54.816407 185397248 ServerMgr.cpp:827] remove one game server, id:1101
W1213 02:23:54.816448 185397248 ServerMgr.cpp:843] remove one login server, id:10
W1213 02:23:54.816471 185397248 ServerMgr.cpp:866] remove one proxy server, id:30
W1213 02:23:54.816491 185397248 CenterThread.cpp:120] db server is disconnect, after 1s will be reconnect!
W1213 02:23:56.297214 325195200 NetModule.cpp:703] ready reconnect server, server id: 0
I1213 02:23:56.297392 325195200 NetConnector.cpp:216] connect to: 0.0.0.0:6001 success! 
I1213 02:23:56.297720 325195200 NetServer.cpp:55] accept io...127.0.0.1:61699
I1213 02:23:56.299988 185397248 CenterThread.cpp:87] connect to db server succ!
I1213 02:23:56.322700 185397248 ServerMgr.cpp:187] register one game server: 127.0.0.1:61699
I1213 02:23:58.313958 325195200 NetServer.cpp:55] accept io...127.0.0.1:61700
I1213 02:23:58.325453 185397248 ServerMgr.cpp:54] register one proxy server: 127.0.0.1:61700
I1213 02:24:05.337781 325195200 NetServer.cpp:55] accept io...127.0.0.1:61704
I1213 02:24:05.366892 185397248 ServerMgr.cpp:469] register one login server: 127.0.0.1:61704
I1213 02:29:31.704414 325195200 NetServer.cpp:88] delete io...127.0.0.1:61699
I1213 02:29:31.704494 325195200 NetServer.cpp:88] delete io...127.0.0.1:61700
I1213 02:29:31.704527 325195200 NetServer.cpp:88] delete io...127.0.0.1:61704
W1213 02:29:31.706568 185397248 ServerMgr.cpp:827] remove one game server, id:1101
W1213 02:29:31.706611 185397248 ServerMgr.cpp:866] remove one proxy server, id:30
W1213 02:29:31.706646 185397248 ServerMgr.cpp:843] remove one login server, id:10
W1213 02:29:31.706665 185397248 CenterThread.cpp:120] db server is disconnect, after 1s will be reconnect!
W1213 02:29:33.189736 325195200 NetModule.cpp:703] ready reconnect server, server id: 0
I1213 02:29:33.189903 325195200 NetConnector.cpp:216] connect to: 0.0.0.0:6001 success! 
I1213 02:29:33.190019 185397248 CenterThread.cpp:87] connect to db server succ!
I1213 02:29:33.193877 325195200 NetServer.cpp:55] accept io...127.0.0.1:61712
I1213 02:29:33.223523 185397248 ServerMgr.cpp:187] register one game server: 127.0.0.1:61712
I1213 02:29:35.206425 325195200 NetServer.cpp:55] accept io...127.0.0.1:61713
I1213 02:29:35.222810 185397248 ServerMgr.cpp:54] register one proxy server: 127.0.0.1:61713
I1213 02:29:42.246944 325195200 NetServer.cpp:55] accept io...127.0.0.1:61717
I1213 02:29:42.277657 185397248 ServerMgr.cpp:469] register one login server: 127.0.0.1:61717
I1213 02:35:08.564224 325195200 NetServer.cpp:88] delete io...127.0.0.1:61712
I1213 02:35:08.564334 325195200 NetServer.cpp:88] delete io...127.0.0.1:61717
I1213 02:35:08.564379 325195200 NetServer.cpp:88] delete io...127.0.0.1:61713
W1213 02:35:08.566433 185397248 ServerMgr.cpp:827] remove one game server, id:1101
W1213 02:35:08.566491 185397248 ServerMgr.cpp:843] remove one login server, id:10
W1213 02:35:08.566521 185397248 ServerMgr.cpp:866] remove one proxy server, id:30
W1213 02:35:08.566545 185397248 CenterThread.cpp:120] db server is disconnect, after 1s will be reconnect!
I1213 02:35:10.048936 325195200 NetServer.cpp:55] accept io...127.0.0.1:61726
W1213 02:35:10.049330 325195200 NetModule.cpp:703] ready reconnect server, server id: 0
I1213 02:35:10.049504 325195200 NetConnector.cpp:216] connect to: 0.0.0.0:6001 success! 
I1213 02:35:10.051213 185397248 CenterThread.cpp:87] connect to db server succ!
I1213 02:35:10.066460 185397248 ServerMgr.cpp:187] register one game server: 127.0.0.1:61726
I1213 02:35:12.061393 325195200 NetServer.cpp:55] accept io...127.0.0.1:61728
I1213 02:35:12.078609 185397248 ServerMgr.cpp:54] register one proxy server: 127.0.0.1:61728
I1213 02:35:19.080948 325195200 NetServer.cpp:55] accept io...127.0.0.1:61732
I1213 02:35:19.104303 185397248 ServerMgr.cpp:469] register one login server: 127.0.0.1:61732
I1213 02:40:45.743475 325195200 NetServer.cpp:88] delete io...127.0.0.1:61726
I1213 02:40:45.743572 325195200 NetServer.cpp:88] delete io...127.0.0.1:61732
I1213 02:40:45.743605 325195200 NetServer.cpp:88] delete io...127.0.0.1:61728
W1213 02:40:45.743675 185397248 ServerMgr.cpp:827] remove one game server, id:1101
W1213 02:40:45.743721 185397248 ServerMgr.cpp:843] remove one login server, id:10
W1213 02:40:45.743752 185397248 ServerMgr.cpp:866] remove one proxy server, id:30
W1213 02:40:45.743777 185397248 CenterThread.cpp:120] db server is disconnect, after 1s will be reconnect!
W1213 02:40:47.229050 325195200 NetModule.cpp:703] ready reconnect server, server id: 0
I1213 02:40:47.229214 325195200 NetConnector.cpp:216] connect to: 0.0.0.0:6001 success! 
I1213 02:40:47.229537 325195200 NetServer.cpp:55] accept io...127.0.0.1:61739
I1213 02:40:47.231007 185397248 CenterThread.cpp:87] connect to db server succ!
I1213 02:40:47.243165 185397248 ServerMgr.cpp:187] register one game server: 127.0.0.1:61739
I1213 02:40:49.243499 325195200 NetServer.cpp:55] accept io...127.0.0.1:61740
I1213 02:40:49.269366 185397248 ServerMgr.cpp:54] register one proxy server: 127.0.0.1:61740
I1213 02:40:56.272153 325195200 NetServer.cpp:55] accept io...127.0.0.1:61744
I1213 02:40:56.294389 185397248 ServerMgr.cpp:469] register one login server: 127.0.0.1:61744
I1213 03:15:53.811798 325195200 NetServer.cpp:88] delete io...127.0.0.1:61739
I1213 03:15:53.811868 325195200 NetServer.cpp:88] delete io...127.0.0.1:61744
I1213 03:15:53.811893 325195200 NetServer.cpp:88] delete io...127.0.0.1:61740
W1213 03:15:53.812882 185397248 ServerMgr.cpp:827] remove one game server, id:1101
W1213 03:15:53.812925 185397248 ServerMgr.cpp:843] remove one login server, id:10
W1213 03:15:53.812952 185397248 ServerMgr.cpp:866] remove one proxy server, id:30
W1213 03:15:53.812979 185397248 CenterThread.cpp:120] db server is disconnect, after 1s will be reconnect!
I1213 03:15:55.296064 325195200 NetServer.cpp:55] accept io...127.0.0.1:61755
W1213 03:15:55.299896 325195200 NetModule.cpp:703] ready reconnect server, server id: 0
I1213 03:15:55.300002 325195200 NetConnector.cpp:216] connect to: 0.0.0.0:6001 success! 
I1213 03:15:55.300514 185397248 CenterThread.cpp:87] connect to db server succ!
I1213 03:15:55.315764 185397248 ServerMgr.cpp:187] register one game server: 127.0.0.1:61755
I1213 03:15:57.312355 325195200 NetServer.cpp:55] accept io...127.0.0.1:61757
I1213 03:15:57.326292 185397248 ServerMgr.cpp:54] register one proxy server: 127.0.0.1:61757
I1213 03:16:03.835352 325195200 NetServer.cpp:55] accept io...127.0.0.1:61761
I1213 03:16:03.859699 185397248 ServerMgr.cpp:469] register one login server: 127.0.0.1:61761
I1213 03:21:30.734308 325195200 NetServer.cpp:88] delete io...127.0.0.1:61761
I1213 03:21:30.734478 325195200 NetServer.cpp:88] delete io...127.0.0.1:61755
I1213 03:21:30.734782 325195200 NetServer.cpp:88] delete io...127.0.0.1:61757
W1213 03:21:30.735122 185397248 ServerMgr.cpp:843] remove one login server, id:10
W1213 03:21:30.735193 185397248 ServerMgr.cpp:827] remove one game server, id:1101
W1213 03:21:30.735234 185397248 ServerMgr.cpp:866] remove one proxy server, id:30
W1213 03:21:30.735270 185397248 CenterThread.cpp:120] db server is disconnect, after 1s will be reconnect!
W1213 03:21:32.221971 325195200 NetModule.cpp:703] ready reconnect server, server id: 0
I1213 03:21:32.222157 325195200 NetServer.cpp:55] accept io...127.0.0.1:61770
I1213 03:21:32.222239 325195200 NetConnector.cpp:216] connect to: 0.0.0.0:6001 success! 
I1213 03:21:32.223206 185397248 CenterThread.cpp:87] connect to db server succ!
I1213 03:21:32.232386 185397248 ServerMgr.cpp:187] register one game server: 127.0.0.1:61770
I1213 03:21:34.241992 325195200 NetServer.cpp:55] accept io...127.0.0.1:61772
I1213 03:21:34.266515 185397248 ServerMgr.cpp:54] register one proxy server: 127.0.0.1:61772
I1213 03:21:41.261116 325195200 NetServer.cpp:55] accept io...127.0.0.1:61779
I1213 03:21:41.275068 185397248 ServerMgr.cpp:469] register one login server: 127.0.0.1:61779
I1213 03:27:07.582105 325195200 NetServer.cpp:88] delete io...127.0.0.1:61770
I1213 03:27:07.582183 325195200 NetServer.cpp:88] delete io...127.0.0.1:61772
I1213 03:27:07.582208 325195200 NetServer.cpp:88] delete io...127.0.0.1:61779
W1213 03:27:07.582337 185397248 ServerMgr.cpp:827] remove one game server, id:1101
W1213 03:27:07.582370 185397248 ServerMgr.cpp:866] remove one proxy server, id:30
W1213 03:27:07.582393 185397248 ServerMgr.cpp:843] remove one login server, id:10
W1213 03:27:07.585022 185397248 CenterThread.cpp:120] db server is disconnect, after 1s will be reconnect!
I1213 03:27:09.066169 325195200 NetServer.cpp:55] accept io...127.0.0.1:61786
W1213 03:27:09.070837 325195200 NetModule.cpp:703] ready reconnect server, server id: 0
I1213 03:27:09.071036 325195200 NetConnector.cpp:216] connect to: 0.0.0.0:6001 success! 
I1213 03:27:09.073606 185397248 CenterThread.cpp:87] connect to db server succ!
I1213 03:27:09.097044 185397248 ServerMgr.cpp:187] register one game server: 127.0.0.1:61786
I1213 03:27:11.075765 325195200 NetServer.cpp:55] accept io...127.0.0.1:61789
I1213 03:27:11.089969 185397248 ServerMgr.cpp:54] register one proxy server: 127.0.0.1:61789
I1213 03:27:18.112745 325195200 NetServer.cpp:55] accept io...127.0.0.1:61795
I1213 03:27:18.137761 185397248 ServerMgr.cpp:469] register one login server: 127.0.0.1:61795
I1213 03:32:44.821841 325195200 NetServer.cpp:88] delete io...127.0.0.1:61786
I1213 03:32:44.821959 325195200 NetServer.cpp:88] delete io...127.0.0.1:61789
I1213 03:32:44.821990 325195200 NetServer.cpp:88] delete io...127.0.0.1:61795
W1213 03:32:44.823683 185397248 ServerMgr.cpp:827] remove one game server, id:1101
W1213 03:32:44.823736 185397248 ServerMgr.cpp:866] remove one proxy server, id:30
W1213 03:32:44.823765 185397248 ServerMgr.cpp:843] remove one login server, id:10
W1213 03:32:44.823799 185397248 CenterThread.cpp:120] db server is disconnect, after 1s will be reconnect!
I1213 03:32:46.300426 325195200 NetServer.cpp:55] accept io...127.0.0.1:61805
W1213 03:32:46.305953 325195200 NetModule.cpp:703] ready reconnect server, server id: 0
I1213 03:32:46.306144 325195200 NetConnector.cpp:216] connect to: 0.0.0.0:6001 success! 
