W0501 15:10:06.200330 214880256 CenterThread.cpp:3582] OnSubLoadWealthGodHistoryData: 10
W0501 15:10:07.257905 214880256 CenterThread.cpp:3582] OnSubLoadWealthGodHistoryData: 10
W0501 15:10:08.251171 214880256 CenterThread.cpp:3582] OnSubLoadWealthGodHistoryData: 10
W0501 15:10:09.175273 214880256 CenterThread.cpp:3582] OnSubLoadWealthGodHistoryData: 10
W0501 15:10:10.278975 214880256 CenterThread.cpp:3582] OnSubLoadWealthGodHistoryData: 10
W0501 15:10:11.215889 214880256 CenterThread.cpp:3582] OnSubLoadWealthGodHistoryData: 10
W0501 15:10:12.368078 214880256 DuoBaoMgr.cpp:34] insert duo bao cfg fail. repeated cfg! id: 1
W0501 15:10:12.368127 214880256 DuoBaoMgr.cpp:34] insert duo bao cfg fail. repeated cfg! id: 2
W0501 15:10:12.368144 214880256 DuoBaoMgr.cpp:34] insert duo bao cfg fail. repeated cfg! id: 3
W0501 15:10:12.368172 214880256 DuoBaoMgr.cpp:34] insert duo bao cfg fail. repeated cfg! id: 4
W0501 15:10:12.368188 214880256 DuoBaoMgr.cpp:34] insert duo bao cfg fail. repeated cfg! id: 5
W0501 15:10:12.368203 214880256 DuoBaoMgr.cpp:34] insert duo bao cfg fail. repeated cfg! id: 30
W0501 15:10:12.368218 214880256 DuoBaoMgr.cpp:34] insert duo bao cfg fail. repeated cfg! id: 31
W0501 15:10:12.368233 214880256 DuoBaoMgr.cpp:34] insert duo bao cfg fail. repeated cfg! id: 32
W0501 15:10:12.368248 214880256 DuoBaoMgr.cpp:34] insert duo bao cfg fail. repeated cfg! id: 33
W0501 15:10:20.925788 214880256 DuoBaoMgr.cpp:94] has the same doing data? id: 1
W0501 15:10:20.925871 214880256 DuoBaoMgr.cpp:94] has the same doing data? id: 2
W0501 15:10:20.925889 214880256 DuoBaoMgr.cpp:94] has the same doing data? id: 3
W0501 15:10:20.925905 214880256 DuoBaoMgr.cpp:94] has the same doing data? id: 30
W0501 15:10:20.925920 214880256 DuoBaoMgr.cpp:94] has the same doing data? id: 31
W0501 15:10:20.925936 214880256 DuoBaoMgr.cpp:94] has the same doing data? id: 32
W0501 15:10:20.925951 214880256 DuoBaoMgr.cpp:94] has the same doing data? id: 33
W0501 15:10:20.925967 214880256 DuoBaoMgr.cpp:175] load duo bao data finish.
W0501 15:10:21.367699 214880256 RedPacketMgr.cpp:120] update red packet room cfg, game index 20101, value: 5
W0501 15:10:21.367745 214880256 RedPacketMgr.cpp:120] update red packet room cfg, game index 20102, value: 5
W0501 15:10:21.367764 214880256 RedPacketMgr.cpp:120] update red packet room cfg, game index 20103, value: 5
W0501 15:10:21.367781 214880256 RedPacketMgr.cpp:120] update red packet room cfg, game index 20104, value: 5
W0501 15:10:21.367797 214880256 RedPacketMgr.cpp:120] update red packet room cfg, game index 30101, value: 5
W0501 15:10:21.367812 214880256 RedPacketMgr.cpp:120] update red packet room cfg, game index 30102, value: 5
W0501 15:10:21.367828 214880256 RedPacketMgr.cpp:120] update red packet room cfg, game index 30103, value: 5
W0501 15:10:21.367844 214880256 RedPacketMgr.cpp:120] update red packet room cfg, game index 40301, value: 5
W0501 15:10:21.367861 214880256 RedPacketMgr.cpp:120] update red packet room cfg, game index 40302, value: 5
W0501 15:10:21.367877 214880256 RedPacketMgr.cpp:120] update red packet room cfg, game index 40303, value: 5
W0501 15:10:21.367892 214880256 RedPacketMgr.cpp:120] update red packet room cfg, game index 50101, value: 5
W0501 15:10:21.367908 214880256 RedPacketMgr.cpp:120] update red packet room cfg, game index 50102, value: 5
W0501 15:10:21.367924 214880256 RedPacketMgr.cpp:120] update red packet room cfg, game index 50103, value: 5
W0501 15:10:21.367940 214880256 RedPacketMgr.cpp:120] update red packet room cfg, game index 60101, value: 5
W0501 15:10:21.367955 214880256 RedPacketMgr.cpp:120] update red packet room cfg, game index 60102, value: 5
W0501 15:10:21.367971 214880256 RedPacketMgr.cpp:120] update red packet room cfg, game index 60103, value: 5
W0501 15:10:21.367987 214880256 RedPacketMgr.cpp:120] update red packet room cfg, game index 80101, value: 10
W0501 15:10:21.368002 214880256 RedPacketMgr.cpp:120] update red packet room cfg, game index 90101, value: 0
W0501 15:10:21.368018 214880256 RedPacketMgr.cpp:120] update red packet room cfg, game index 90102, value: 0
W0501 15:10:21.368034 214880256 RedPacketMgr.cpp:120] update red packet room cfg, game index 90103, value: 0
W0501 15:10:21.368049 214880256 RedPacketMgr.cpp:120] update red packet room cfg, game index 1000101, value: 10
W0501 15:10:21.368120 214880256 RedPacketMgr.cpp:120] update red packet room cfg, game index 1000102, value: 10
W0501 15:10:21.368140 214880256 RedPacketMgr.cpp:120] update red packet room cfg, game index 1000301, value: 10
W0501 15:10:21.368155 214880256 RedPacketMgr.cpp:120] update red packet room cfg, game index 1000401, value: 10
W0501 15:10:21.368171 214880256 RedPacketMgr.cpp:120] update red packet room cfg, game index 1680301, value: 10
W0501 15:10:21.368186 214880256 RedPacketMgr.cpp:120] update red packet room cfg, game index 1680302, value: 10
W0501 15:10:21.368206 214880256 RedPacketMgr.cpp:120] update red packet room cfg, game index 1680303, value: 10
W0501 15:10:21.457082 214880256 RedPacketMgr.cpp:149] update red packet, index: 58
W0501 15:10:21.667619 214880256 ConfigOption.cpp:1009] set chat upload url: http://test.upload.lerengu.com
I0501 15:16:19.964323 276858304 NetServer.cpp:88] delete io...127.0.0.1:54761
W0501 15:16:19.966066 214880256 ServerMgr.cpp:850] remove one game server, id:11
I0501 15:16:23.943750 276858304 NetServer.cpp:55] accept io...127.0.0.1:54801
I0501 15:16:26.112649 214880256 ServerMgr.cpp:187] register one game server: 127.0.0.1:54801
I0501 15:33:24.382375 276858304 NetServer.cpp:88] delete io...127.0.0.1:54801
W0501 15:33:24.384598 214880256 ServerMgr.cpp:850] remove one game server, id:11
I0501 15:33:36.038552 276858304 NetServer.cpp:55] accept io...127.0.0.1:54840
I0501 15:33:38.193197 214880256 ServerMgr.cpp:187] register one game server: 127.0.0.1:54840
I0501 16:29:17.479331 276858304 NetServer.cpp:88] delete io...127.0.0.1:54840
W0501 16:29:17.479806 214880256 ServerMgr.cpp:850] remove one game server, id:11
I0501 16:30:28.156210 276858304 NetServer.cpp:55] accept io...127.0.0.1:54913
I0501 16:30:30.112354 214880256 ServerMgr.cpp:187] register one game server: 127.0.0.1:54913
I0501 17:13:40.714131 276858304 NetServer.cpp:88] delete io...127.0.0.1:54913
W0501 17:13:40.714151 214880256 ServerMgr.cpp:850] remove one game server, id:11
I0501 17:13:53.365986 276858304 NetServer.cpp:55] accept io...127.0.0.1:54997
I0501 17:13:55.409958 214880256 ServerMgr.cpp:187] register one game server: 127.0.0.1:54997
I0501 17:42:13.427202 276858304 NetServer.cpp:88] delete io...127.0.0.1:54997
W0501 17:42:13.428000 214880256 ServerMgr.cpp:850] remove one game server, id:11
I0501 18:27:58.750284 276858304 NetServer.cpp:88] delete io...127.0.0.1:53791
W0501 18:27:58.752399 214880256 ServerMgr.cpp:850] remove one game server, id:991
I0501 18:27:58.779848 276858304 NetServer.cpp:88] delete io...127.0.0.1:53810
W0501 18:27:58.788781 214880256 ServerMgr.cpp:889] remove one proxy server, id:30
I0501 18:27:58.788857 276858304 NetServer.cpp:88] delete io...127.0.0.1:53813
I0501 18:27:58.788914 276858304 NetServer.cpp:88] delete io...127.0.0.1:53794
W0501 18:27:58.791602 214880256 ServerMgr.cpp:866] remove one login server, id:10
W0501 18:27:58.791637 214880256 ServerMgr.cpp:850] remove one game server, id:82
W0501 18:27:58.791739 214880256 CenterThread.cpp:125] db server is disconnect, after 1s will be reconnect!
W0501 18:28:00.229297 276858304 NetModule.cpp:723] ready reconnect server, server id: 0
I0501 18:28:00.229380 276858304 NetServer.cpp:55] accept io...127.0.0.1:55187
I0501 18:28:00.229410 276858304 NetConnector.cpp:216] connect to: 0.0.0.0:6001 success! 
I0501 18:28:00.230000 214880256 CenterThread.cpp:92] connect to db server succ!
I0501 18:28:00.241935 276858304 NetServer.cpp:55] accept io...127.0.0.1:55190
I0501 18:28:00.253504 214880256 ServerMgr.cpp:187] register one game server: 127.0.0.1:55187
I0501 18:28:00.273135 214880256 ServerMgr.cpp:187] register one game server: 127.0.0.1:55190
I0501 18:28:02.245244 276858304 NetServer.cpp:55] accept io...127.0.0.1:55195
I0501 18:28:02.271134 214880256 ServerMgr.cpp:54] register one proxy server: 127.0.0.1:55195
I0501 18:28:09.283815 276858304 NetServer.cpp:55] accept io...127.0.0.1:55201
I0501 18:28:09.304769 214880256 ServerMgr.cpp:492] register one login server: 127.0.0.1:55201
I0501 19:09:40.763912 276858304 NetServer.cpp:88] delete io...127.0.0.1:55195
I0501 19:09:40.764031 276858304 NetServer.cpp:88] delete io...127.0.0.1:55190
I0501 19:09:40.764067 276858304 NetServer.cpp:88] delete io...127.0.0.1:55187
I0501 19:09:40.764184 276858304 NetServer.cpp:88] delete io...127.0.0.1:55201
W0501 19:09:40.766100 214880256 ServerMgr.cpp:889] remove one proxy server, id:30
W0501 19:09:40.766211 214880256 ServerMgr.cpp:850] remove one game server, id:82
W0501 19:09:40.766260 214880256 ServerMgr.cpp:850] remove one game server, id:991
W0501 19:09:40.766294 214880256 ServerMgr.cpp:866] remove one login server, id:10
W0501 19:09:40.768553 214880256 CenterThread.cpp:125] db server is disconnect, after 1s will be reconnect!
I0501 19:09:42.250123 276858304 NetServer.cpp:55] accept io...127.0.0.1:55259
I0501 19:09:42.250196 276858304 NetServer.cpp:55] accept io...127.0.0.1:55260
W0501 19:09:42.256007 276858304 NetModule.cpp:723] ready reconnect server, server id: 0
I0501 19:09:42.256105 276858304 NetConnector.cpp:216] connect to: 0.0.0.0:6001 success! 
I0501 19:09:42.257856 214880256 CenterThread.cpp:92] connect to db server succ!
I0501 19:09:42.273967 214880256 ServerMgr.cpp:187] register one game server: 127.0.0.1:55259
I0501 19:09:42.273993 214880256 ServerMgr.cpp:187] register one game server: 127.0.0.1:55260
I0501 19:09:44.255726 276858304 NetServer.cpp:55] accept io...127.0.0.1:55278
I0501 19:09:44.283777 214880256 ServerMgr.cpp:54] register one proxy server: 127.0.0.1:55278
I0501 19:09:50.819610 276858304 NetServer.cpp:55] accept io...127.0.0.1:55280
I0501 19:09:50.843876 214880256 ServerMgr.cpp:492] register one login server: 127.0.0.1:55280
I0501 20:03:49.680660 276858304 NetServer.cpp:88] delete io...127.0.0.1:55259
I0501 20:03:49.680775 276858304 NetServer.cpp:88] delete io...127.0.0.1:55278
I0501 20:03:49.680816 276858304 NetServer.cpp:88] delete io...127.0.0.1:55260
I0501 20:03:49.680887 276858304 NetServer.cpp:88] delete io...127.0.0.1:55280
W0501 20:03:49.681519 214880256 ServerMgr.cpp:850] remove one game server, id:991
W0501 20:03:49.681659 214880256 ServerMgr.cpp:889] remove one proxy server, id:30
W0501 20:03:49.681697 214880256 ServerMgr.cpp:850] remove one game server, id:82
W0501 20:03:49.681733 214880256 ServerMgr.cpp:866] remove one login server, id:10
W0501 20:03:49.681764 214880256 CenterThread.cpp:125] db server is disconnect, after 1s will be reconnect!
I0501 20:03:51.158784 276858304 NetServer.cpp:55] accept io...127.0.0.1:55323
I0501 20:03:51.159775 276858304 NetServer.cpp:55] accept io...127.0.0.1:55325
W0501 20:03:51.164208 276858304 NetModule.cpp:723] ready reconnect server, server id: 0
I0501 20:03:51.164281 276858304 NetConnector.cpp:216] connect to: 0.0.0.0:6001 success! 
I0501 20:03:51.165144 214880256 CenterThread.cpp:92] connect to db server succ!
I0501 20:03:51.171247 214880256 ServerMgr.cpp:187] register one game server: 127.0.0.1:55323
I0501 20:03:51.186470 214880256 ServerMgr.cpp:187] register one game server: 127.0.0.1:55325
I0501 20:03:53.177657 276858304 NetServer.cpp:55] accept io...127.0.0.1:55342
I0501 20:03:53.203550 214880256 ServerMgr.cpp:54] register one proxy server: 127.0.0.1:55342
I0501 20:04:00.197420 276858304 NetServer.cpp:55] accept io...127.0.0.1:55344
I0501 20:04:00.220294 214880256 ServerMgr.cpp:492] register one login server: 127.0.0.1:55344
W0501 20:41:13.536274 214880256 CenterThread.cpp:125] db server is disconnect, after 1s will be reconnect!
W0501 20:41:14.958683 276858304 NetModule.cpp:723] ready reconnect server, server id: 0
W0501 20:41:14.959753 214880256 CenterThread.cpp:125] db server is disconnect, after 1s will be reconnect!
W0501 20:41:16.467048 276858304 NetModule.cpp:723] ready reconnect server, server id: 0
I0501 20:41:16.467176 276858304 NetConnector.cpp:216] connect to: 0.0.0.0:6001 success! 
I0501 20:41:16.467628 214880256 CenterThread.cpp:92] connect to db server succ!
W0501 20:41:22.047847 214880256 ActivityMgr.cpp:37] insert wealth god coming cfg fail. repeated cfg! id: 2
W0501 20:41:22.047894 214880256 ActivityMgr.cpp:37] insert wealth god coming cfg fail. repeated cfg! id: 1
W0501 20:41:22.047914 214880256 ActivityMgr.cpp:37] insert wealth god coming cfg fail. repeated cfg! id: 7
W0501 20:41:22.047930 214880256 ActivityMgr.cpp:37] insert wealth god coming cfg fail. repeated cfg! id: 4
W0501 20:41:22.047946 214880256 ActivityMgr.cpp:37] insert wealth god coming cfg fail. repeated cfg! id: 5
W0501 20:41:22.047963 214880256 ActivityMgr.cpp:37] insert wealth god coming cfg fail. repeated cfg! id: 6
W0501 20:41:22.047978 214880256 ActivityMgr.cpp:37] insert wealth god coming cfg fail. repeated cfg! id: 29
W0501 20:41:22.047996 214880256 ActivityMgr.cpp:37] insert wealth god coming cfg fail. repeated cfg! id: 3
W0501 20:41:22.048010 214880256 ActivityMgr.cpp:37] insert wealth god coming cfg fail. repeated cfg! id: 8
W0501 20:41:22.048027 214880256 ActivityMgr.cpp:37] insert wealth god coming cfg fail. repeated cfg! id: 9
W0501 20:41:22.048043 214880256 ActivityMgr.cpp:37] insert wealth god coming cfg fail. repeated cfg! id: 31
W0501 20:41:22.048058 214880256 ActivityMgr.cpp:37] insert wealth god coming cfg fail. repeated cfg! id: 10
W0501 20:41:22.048074 214880256 ActivityMgr.cpp:37] insert wealth god coming cfg fail. repeated cfg! id: 12
W0501 20:41:22.048091 214880256 ActivityMgr.cpp:37] insert wealth god coming cfg fail. repeated cfg! id: 11
W0501 20:41:22.048166 214880256 ActivityMgr.cpp:37] insert wealth god coming cfg fail. repeated cfg! id: 13
W0501 20:41:22.048192 214880256 ActivityMgr.cpp:37] insert wealth god coming cfg fail. repeated cfg! id: 14
W0501 20:41:22.048209 214880256 ActivityMgr.cpp:37] insert wealth god coming cfg fail. repeated cfg! id: 15
W0501 20:41:22.048225 214880256 ActivityMgr.cpp:37] insert wealth god coming cfg fail. repeated cfg! id: 30
W0501 20:41:22.048240 214880256 ActivityMgr.cpp:37] insert wealth god coming cfg fail. repeated cfg! id: 16
W0501 20:41:22.048256 214880256 ActivityMgr.cpp:37] insert wealth god coming cfg fail. repeated cfg! id: 17
W0501 20:41:22.048306 214880256 ActivityMgr.cpp:37] insert wealth god coming cfg fail. repeated cfg! id: 18
W0501 20:41:22.528733 214880256 CenterThread.cpp:3582] OnSubLoadWealthGodHistoryData: 10
W0501 20:41:23.737897 214880256 CenterThread.cpp:3582] OnSubLoadWealthGodHistoryData: 10
W0501 20:41:24.792968 214880256 CenterThread.cpp:3582] OnSubLoadWealthGodHistoryData: 10
W0501 20:41:25.755589 214880256 CenterThread.cpp:3582] OnSubLoadWealthGodHistoryData: 10
W0501 20:41:26.674360 214880256 CenterThread.cpp:3582] OnSubLoadWealthGodHistoryData: 10
W0501 20:41:27.545318 214880256 CenterThread.cpp:3582] OnSubLoadWealthGodHistoryData: 10
W0501 20:41:28.510498 214880256 CenterThread.cpp:3582] OnSubLoadWealthGodHistoryData: 10
W0501 20:41:29.408490 214880256 CenterThread.cpp:3582] OnSubLoadWealthGodHistoryData: 10
W0501 20:41:30.390219 214880256 CenterThread.cpp:3582] OnSubLoadWealthGodHistoryData: 10
W0501 20:41:31.278458 214880256 CenterThread.cpp:3582] OnSubLoadWealthGodHistoryData: 10
W0501 20:41:32.233623 214880256 CenterThread.cpp:3582] OnSubLoadWealthGodHistoryData: 10
W0501 20:41:33.350621 214880256 CenterThread.cpp:3582] OnSubLoadWealthGodHistoryData: 10
W0501 20:41:34.354369 214880256 CenterThread.cpp:3582] OnSubLoadWealthGodHistoryData: 10
W0501 20:41:35.467988 214880256 DuoBaoMgr.cpp:34] insert duo bao cfg fail. repeated cfg! id: 1
W0501 20:41:35.468052 214880256 DuoBaoMgr.cpp:34] insert duo bao cfg fail. repeated cfg! id: 2
W0501 20:41:35.468070 214880256 DuoBaoMgr.cpp:34] insert duo bao cfg fail. repeated cfg! id: 3
W0501 20:41:35.468097 214880256 DuoBaoMgr.cpp:34] insert duo bao cfg fail. repeated cfg! id: 4
W0501 20:41:35.468113 214880256 DuoBaoMgr.cpp:34] insert duo bao cfg fail. repeated cfg! id: 5
W0501 20:41:35.468128 214880256 DuoBaoMgr.cpp:34] insert duo bao cfg fail. repeated cfg! id: 30
W0501 20:41:35.468143 214880256 DuoBaoMgr.cpp:34] insert duo bao cfg fail. repeated cfg! id: 31
W0501 20:41:35.468158 214880256 DuoBaoMgr.cpp:34] insert duo bao cfg fail. repeated cfg! id: 32
W0501 20:41:35.468173 214880256 DuoBaoMgr.cpp:34] insert duo bao cfg fail. repeated cfg! id: 33
W0501 20:41:43.986523 214880256 DuoBaoMgr.cpp:94] has the same doing data? id: 1
W0501 20:41:43.986593 214880256 DuoBaoMgr.cpp:94] has the same doing data? id: 2
W0501 20:41:43.986611 214880256 DuoBaoMgr.cpp:94] has the same doing data? id: 3
W0501 20:41:43.986627 214880256 DuoBaoMgr.cpp:94] has the same doing data? id: 30
W0501 20:41:43.986644 214880256 DuoBaoMgr.cpp:94] has the same doing data? id: 31
W0501 20:41:43.986660 214880256 DuoBaoMgr.cpp:94] has the same doing data? id: 32
W0501 20:41:43.986675 214880256 DuoBaoMgr.cpp:94] has the same doing data? id: 33
W0501 20:41:43.986690 214880256 DuoBaoMgr.cpp:175] load duo bao data finish.
W0501 20:41:44.466403 214880256 RedPacketMgr.cpp:120] update red packet room cfg, game index 20101, value: 5
W0501 20:41:44.466540 214880256 RedPacketMgr.cpp:120] update red packet room cfg, game index 20102, value: 5
W0501 20:41:44.466588 214880256 RedPacketMgr.cpp:120] update red packet room cfg, game index 20103, value: 5
W0501 20:41:44.466655 214880256 RedPacketMgr.cpp:120] update red packet room cfg, game index 20104, value: 5
W0501 20:41:44.466722 214880256 RedPacketMgr.cpp:120] update red packet room cfg, game index 30101, value: 5
W0501 20:41:44.466768 214880256 RedPacketMgr.cpp:120] update red packet room cfg, game index 30102, value: 5
W0501 20:41:44.466842 214880256 RedPacketMgr.cpp:120] update red packet room cfg, game index 30103, value: 5
W0501 20:41:44.466883 214880256 RedPacketMgr.cpp:120] update red packet room cfg, game index 40301, value: 5
W0501 20:41:44.466933 214880256 RedPacketMgr.cpp:120] update red packet room cfg, game index 40302, value: 5
W0501 20:41:44.494019 214880256 RedPacketMgr.cpp:120] update red packet room cfg, game index 40303, value: 5
W0501 20:41:44.494076 214880256 RedPacketMgr.cpp:120] update red packet room cfg, game index 50101, value: 5
W0501 20:41:44.494096 214880256 RedPacketMgr.cpp:120] update red packet room cfg, game index 50102, value: 5
W0501 20:41:44.494114 214880256 RedPacketMgr.cpp:120] update red packet room cfg, game index 50103, value: 5
W0501 20:41:44.494132 214880256 RedPacketMgr.cpp:120] update red packet room cfg, game index 60101, value: 5
W0501 20:41:44.494148 214880256 RedPacketMgr.cpp:120] update red packet room cfg, game index 60102, value: 5
W0501 20:41:44.494226 214880256 RedPacketMgr.cpp:120] update red packet room cfg, game index 60103, value: 5
W0501 20:41:44.494249 214880256 RedPacketMgr.cpp:120] update red packet room cfg, game index 80101, value: 10
W0501 20:41:44.494266 214880256 RedPacketMgr.cpp:120] update red packet room cfg, game index 90101, value: 0
W0501 20:41:44.494283 214880256 RedPacketMgr.cpp:120] update red packet room cfg, game index 90102, value: 0
W0501 20:41:44.494300 214880256 RedPacketMgr.cpp:120] update red packet room cfg, game index 90103, value: 0
W0501 20:41:44.494318 214880256 RedPacketMgr.cpp:120] update red packet room cfg, game index 1000101, value: 10
W0501 20:41:44.494334 214880256 RedPacketMgr.cpp:120] update red packet room cfg, game index 1000102, value: 10
W0501 20:41:44.494350 214880256 RedPacketMgr.cpp:120] update red packet room cfg, game index 1000301, value: 10
W0501 20:41:44.494367 214880256 RedPacketMgr.cpp:120] update red packet room cfg, game index 1000401, value: 10
W0501 20:41:44.494385 214880256 RedPacketMgr.cpp:120] update red packet room cfg, game index 1680301, value: 10
W0501 20:41:44.494401 214880256 RedPacketMgr.cpp:120] update red packet room cfg, game index 1680302, value: 10
W0501 20:41:44.494418 214880256 RedPacketMgr.cpp:120] update red packet room cfg, game index 1680303, value: 10
W0501 20:41:44.583307 214880256 RedPacketMgr.cpp:149] update red packet, index: 58
W0501 20:41:44.745558 214880256 ConfigOption.cpp:1009] set chat upload url: http://test.upload.lerengu.com
I0501 20:42:53.407465 276858304 NetServer.cpp:55] accept io...127.0.0.1:55512
I0501 20:42:59.535918 214880256 ServerMgr.cpp:187] register one game server: 127.0.0.1:55512
I0501 23:34:16.383555 276858304 NetServer.cpp:88] delete io...127.0.0.1:55342
W0501 23:34:16.383896 214880256 ServerMgr.cpp:889] remove one proxy server, id:30
I0501 23:34:16.384811 276858304 NetServer.cpp:88] delete io...127.0.0.1:55323
I0501 23:34:16.384914 276858304 NetServer.cpp:88] delete io...127.0.0.1:55344
I0501 23:34:16.384968 276858304 NetServer.cpp:88] delete io...127.0.0.1:55325
I0501 23:34:16.385015 276858304 NetServer.cpp:88] delete io...127.0.0.1:55512
W0501 23:34:16.386607 214880256 ServerMgr.cpp:850] remove one game server, id:991
W0501 23:34:16.386718 214880256 ServerMgr.cpp:866] remove one login server, id:10
W0501 23:34:16.386770 214880256 ServerMgr.cpp:850] remove one game server, id:82
W0501 23:34:16.386799 214880256 ServerMgr.cpp:850] remove one game server, id:993
W0501 23:34:16.386831 214880256 CenterThread.cpp:125] db server is disconnect, after 1s will be reconnect!
W0501 23:34:17.864784 276858304 NetModule.cpp:723] ready reconnect server, server id: 0
I0501 23:34:17.864851 276858304 NetConnector.cpp:216] connect to: 0.0.0.0:6001 success! 
I0501 23:34:17.866573 214880256 CenterThread.cpp:92] connect to db server succ!
I0501 23:34:17.867494 276858304 NetServer.cpp:55] accept io...127.0.0.1:55648
I0501 23:34:17.870574 276858304 NetServer.cpp:55] accept io...127.0.0.1:55649
I0501 23:34:17.871047 276858304 NetServer.cpp:55] accept io...127.0.0.1:55652
I0501 23:34:17.873857 214880256 ServerMgr.cpp:187] register one game server: 127.0.0.1:55648
I0501 23:34:17.878712 214880256 ServerMgr.cpp:187] register one game server: 127.0.0.1:55649
I0501 23:34:17.901643 214880256 ServerMgr.cpp:187] register one game server: 127.0.0.1:55652
I0501 23:34:19.881134 276858304 NetServer.cpp:55] accept io...127.0.0.1:55659
I0501 23:34:19.904565 214880256 ServerMgr.cpp:54] register one proxy server: 127.0.0.1:55659
I0501 23:34:26.897859 276858304 NetServer.cpp:55] accept io...127.0.0.1:55678
I0501 23:34:26.928570 214880256 ServerMgr.cpp:492] register one login server: 127.0.0.1:55678
W0502 01:34:49.829293 214880256 CenterThread.cpp:321] center server is across day.
I0502 01:34:49.861408 276858304 NetServer.cpp:88] delete io...127.0.0.1:55652
I0502 01:34:49.861522 276858304 NetServer.cpp:88] delete io...127.0.0.1:55648
I0502 01:34:49.861587 276858304 NetServer.cpp:88] delete io...127.0.0.1:55659
I0502 01:34:49.861657 276858304 NetServer.cpp:88] delete io...127.0.0.1:55649
I0502 01:34:49.861721 276858304 NetServer.cpp:88] delete io...127.0.0.1:55678
W0502 01:34:49.967511 214880256 CenterThread.cpp:125] db server is disconnect, after 1s will be reconnect!
W0502 01:34:49.967607 214880256 ServerMgr.cpp:850] remove one game server, id:82
W0502 01:34:49.967650 214880256 ServerMgr.cpp:850] remove one game server, id:991
W0502 01:34:49.967685 214880256 ServerMgr.cpp:889] remove one proxy server, id:30
W0502 01:34:49.967713 214880256 ServerMgr.cpp:850] remove one game server, id:993
W0502 01:34:49.967748 214880256 ServerMgr.cpp:866] remove one login server, id:10
I0502 01:34:51.332971 276858304 NetServer.cpp:55] accept io...127.0.0.1:55692
W0502 01:34:51.336163 276858304 NetModule.cpp:723] ready reconnect server, server id: 0
I0502 01:34:51.336230 276858304 NetServer.cpp:55] accept io...127.0.0.1:55695
I0502 01:34:51.336264 276858304 NetConnector.cpp:216] connect to: 0.0.0.0:6001 success! 
I0502 01:34:51.338464 276858304 NetServer.cpp:55] accept io...127.0.0.1:55698
I0502 01:34:51.338582 214880256 CenterThread.cpp:92] connect to db server succ!
I0502 01:34:51.363903 214880256 ServerMgr.cpp:187] register one game server: 127.0.0.1:55698
I0502 01:34:51.367293 214880256 ServerMgr.cpp:187] register one game server: 127.0.0.1:55692
I0502 01:34:51.367322 214880256 ServerMgr.cpp:187] register one game server: 127.0.0.1:55695
I0502 01:34:53.343736 276858304 NetServer.cpp:55] accept io...127.0.0.1:55710
I0502 01:34:53.358651 214880256 ServerMgr.cpp:54] register one proxy server: 127.0.0.1:55710
I0502 03:35:10.683014 276858304 NetServer.cpp:88] delete io...127.0.0.1:55692
I0502 03:35:10.683990 276858304 NetServer.cpp:88] delete io...127.0.0.1:55710
W0502 03:35:10.685686 214880256 ServerMgr.cpp:850] remove one game server, id:993
W0502 03:35:10.685787 214880256 ServerMgr.cpp:889] remove one proxy server, id:30
W0502 03:35:10.685822 214880256 ServerMgr.cpp:850] remove one game server, id:991
I0502 03:35:10.685824 276858304 NetServer.cpp:88] delete io...127.0.0.1:55698
I0502 03:35:10.686501 276858304 NetServer.cpp:88] delete io...127.0.0.1:55695
W0502 03:35:10.690325 214880256 ServerMgr.cpp:850] remove one game server, id:82
W0502 03:35:10.700794 214880256 CenterThread.cpp:125] db server is disconnect, after 1s will be reconnect!
W0502 03:35:12.179841 276858304 NetModule.cpp:723] ready reconnect server, server id: 0
I0502 03:35:12.179913 276858304 NetConnector.cpp:216] connect to: 0.0.0.0:6001 success! 
I0502 03:35:12.179939 214880256 CenterThread.cpp:92] connect to db server succ!
I0502 03:35:12.192508 276858304 NetServer.cpp:55] accept io...127.0.0.1:55724
I0502 03:35:12.193014 276858304 NetServer.cpp:55] accept io...127.0.0.1:55728
I0502 03:35:12.193087 276858304 NetServer.cpp:55] accept io...127.0.0.1:55729
I0502 03:35:12.209226 214880256 ServerMgr.cpp:187] register one game server: 127.0.0.1:55724
I0502 03:35:12.209321 214880256 ServerMgr.cpp:187] register one game server: 127.0.0.1:55729
I0502 03:35:12.212167 214880256 ServerMgr.cpp:187] register one game server: 127.0.0.1:55728
I0502 03:35:14.200214 276858304 NetServer.cpp:55] accept io...127.0.0.1:55733
I0502 03:35:14.225847 214880256 ServerMgr.cpp:54] register one proxy server: 127.0.0.1:55733
I0502 03:35:21.697856 276858304 NetServer.cpp:55] accept io...127.0.0.1:55746
I0502 03:35:21.712499 214880256 ServerMgr.cpp:492] register one login server: 127.0.0.1:55746
I0502 05:35:30.666802 276858304 NetServer.cpp:88] delete io...127.0.0.1:55724
I0502 05:35:30.699857 276858304 NetServer.cpp:88] delete io...127.0.0.1:55733
I0502 05:35:30.699981 276858304 NetServer.cpp:88] delete io...127.0.0.1:55729
I0502 05:35:30.700057 276858304 NetServer.cpp:88] delete io...127.0.0.1:55728
I0502 05:35:30.700198 276858304 NetServer.cpp:88] delete io...127.0.0.1:55746
W0502 05:35:30.706776 214880256 ServerMgr.cpp:850] remove one game server, id:993
W0502 05:35:30.706835 214880256 ServerMgr.cpp:889] remove one proxy server, id:30
W0502 05:35:30.706866 214880256 ServerMgr.cpp:850] remove one game server, id:82
W0502 05:35:30.706892 214880256 ServerMgr.cpp:850] remove one game server, id:991
W0502 05:35:30.706923 214880256 ServerMgr.cpp:866] remove one login server, id:10
W0502 05:35:30.706941 214880256 CenterThread.cpp:125] db server is disconnect, after 1s will be reconnect!
I0502 05:35:32.136831 276858304 NetServer.cpp:55] accept io...127.0.0.1:55750
W0502 05:35:32.137465 276858304 NetModule.cpp:723] ready reconnect server, server id: 0
I0502 05:35:32.137524 276858304 NetConnector.cpp:216] connect to: 0.0.0.0:6001 success! 
I0502 05:35:32.139854 214880256 CenterThread.cpp:92] connect to db server succ!
I0502 05:35:32.154990 214880256 ServerMgr.cpp:187] register one game server: 127.0.0.1:55750
I0502 05:35:32.172577 276858304 NetServer.cpp:55] accept io...127.0.0.1:55753
I0502 05:35:32.173028 276858304 NetServer.cpp:55] accept io...127.0.0.1:55754
I0502 05:35:32.191574 214880256 ServerMgr.cpp:187] register one game server: 127.0.0.1:55754
I0502 05:35:32.196615 214880256 ServerMgr.cpp:187] register one game server: 127.0.0.1:55753
I0502 05:35:34.154742 276858304 NetServer.cpp:55] accept io...127.0.0.1:55759
I0502 05:35:34.167022 214880256 ServerMgr.cpp:54] register one proxy server: 127.0.0.1:55759
I0502 05:35:41.226212 276858304 NetServer.cpp:55] accept io...127.0.0.1:55770
I0502 05:35:41.231333 214880256 ServerMgr.cpp:492] register one login server: 127.0.0.1:55770
I0502 07:35:49.707069 276858304 NetServer.cpp:88] delete io...127.0.0.1:55750
I0502 07:35:49.720958 276858304 NetServer.cpp:88] delete io...127.0.0.1:55753
I0502 07:35:49.721079 276858304 NetServer.cpp:88] delete io...127.0.0.1:55759
I0502 07:35:49.721160 276858304 NetServer.cpp:88] delete io...127.0.0.1:55770
I0502 07:35:49.721212 276858304 NetServer.cpp:88] delete io...127.0.0.1:55754
W0502 07:35:49.723721 214880256 ServerMgr.cpp:850] remove one game server, id:991
W0502 07:35:49.733942 214880256 ServerMgr.cpp:850] remove one game server, id:993
W0502 07:35:49.734004 214880256 ServerMgr.cpp:889] remove one proxy server, id:30
W0502 07:35:49.734028 214880256 ServerMgr.cpp:866] remove one login server, id:10
W0502 07:35:49.734052 214880256 ServerMgr.cpp:850] remove one game server, id:82
W0502 07:35:49.747467 214880256 CenterThread.cpp:125] db server is disconnect, after 1s will be reconnect!
W0502 07:35:51.192235 276858304 NetModule.cpp:723] ready reconnect server, server id: 0
I0502 07:35:51.193269 276858304 NetServer.cpp:55] accept io...127.0.0.1:55777
I0502 07:35:51.193302 276858304 NetConnector.cpp:216] connect to: 0.0.0.0:6001 success! 
I0502 07:35:51.195606 214880256 CenterThread.cpp:92] connect to db server succ!
I0502 07:35:51.204183 214880256 ServerMgr.cpp:187] register one game server: 127.0.0.1:55777
I0502 07:35:51.239678 276858304 NetServer.cpp:55] accept io...127.0.0.1:55780
I0502 07:35:51.239779 276858304 NetServer.cpp:55] accept io...127.0.0.1:55781
I0502 07:35:51.269497 214880256 ServerMgr.cpp:187] register one game server: 127.0.0.1:55780
I0502 07:35:51.269531 214880256 ServerMgr.cpp:187] register one game server: 127.0.0.1:55781
I0502 07:35:53.247707 276858304 NetServer.cpp:55] accept io...127.0.0.1:55786
I0502 07:35:53.273584 214880256 ServerMgr.cpp:54] register one proxy server: 127.0.0.1:55786
I0502 07:35:59.812667 276858304 NetServer.cpp:55] accept io...127.0.0.1:55789
I0502 07:35:59.830971 214880256 ServerMgr.cpp:492] register one login server: 127.0.0.1:55789
I0502 09:00:11.684841 276858304 NetServer.cpp:88] delete io...127.0.0.1:55789
I0502 09:00:11.686607 276858304 NetServer.cpp:88] delete io...127.0.0.1:55777
I0502 09:00:11.686739 276858304 NetServer.cpp:88] delete io...127.0.0.1:55786
I0502 09:00:11.686841 276858304 NetServer.cpp:88] delete io...127.0.0.1:55781
I0502 09:00:11.686893 276858304 NetServer.cpp:88] delete io...127.0.0.1:55780
W0502 09:00:11.687337 214880256 ServerMgr.cpp:866] remove one login server, id:10
W0502 09:00:11.687574 214880256 ServerMgr.cpp:850] remove one game server, id:991
W0502 09:00:11.687698 214880256 ServerMgr.cpp:889] remove one proxy server, id:30
W0502 09:00:11.687731 214880256 ServerMgr.cpp:850] remove one game server, id:82
W0502 09:00:11.687763 214880256 ServerMgr.cpp:850] remove one game server, id:993
W0502 09:00:11.687805 214880256 CenterThread.cpp:125] db server is disconnect, after 1s will be reconnect!
I0502 09:00:13.164407 276858304 NetServer.cpp:55] accept io...127.0.0.1:55811
W0502 09:00:13.170722 276858304 NetModule.cpp:723] ready reconnect server, server id: 0
I0502 09:00:13.170783 276858304 NetConnector.cpp:216] connect to: 0.0.0.0:6001 success! 
I0502 09:00:13.172873 214880256 CenterThread.cpp:92] connect to db server succ!
I0502 09:00:13.172986 276858304 NetServer.cpp:55] accept io...127.0.0.1:55814
I0502 09:00:13.193011 214880256 ServerMgr.cpp:187] register one game server: 127.0.0.1:55811
I0502 09:00:13.203398 214880256 ServerMgr.cpp:187] register one game server: 127.0.0.1:55814
I0502 09:00:13.219990 276858304 NetServer.cpp:55] accept io...127.0.0.1:55815
I0502 09:00:13.250937 214880256 ServerMgr.cpp:187] register one game server: 127.0.0.1:55815
I0502 09:00:15.191602 276858304 NetServer.cpp:55] accept io...127.0.0.1:55820
I0502 09:00:15.215446 214880256 ServerMgr.cpp:54] register one proxy server: 127.0.0.1:55820
I0502 09:00:21.718593 276858304 NetServer.cpp:55] accept io...127.0.0.1:55827
I0502 09:00:21.745255 214880256 ServerMgr.cpp:492] register one login server: 127.0.0.1:55827
I0502 09:35:11.397542 276858304 NetServer.cpp:88] delete io...127.0.0.1:55815
I0502 09:35:11.397630 276858304 NetServer.cpp:88] delete io...127.0.0.1:55814
I0502 09:35:11.397660 276858304 NetServer.cpp:88] delete io...127.0.0.1:55811
I0502 09:35:11.397686 276858304 NetServer.cpp:88] delete io...127.0.0.1:55820
I0502 09:35:11.397709 276858304 NetServer.cpp:88] delete io...127.0.0.1:55827
W0502 09:35:11.400043 214880256 ServerMgr.cpp:850] remove one game server, id:993
W0502 09:35:11.400086 214880256 ServerMgr.cpp:850] remove one game server, id:991
W0502 09:35:11.400148 214880256 ServerMgr.cpp:850] remove one game server, id:82
W0502 09:35:11.400185 214880256 ServerMgr.cpp:889] remove one proxy server, id:30
W0502 09:35:11.400213 214880256 ServerMgr.cpp:866] remove one login server, id:10
W0502 09:35:11.406873 214880256 CenterThread.cpp:125] db server is disconnect, after 1s will be reconnect!
I0502 09:35:12.885645 276858304 NetServer.cpp:55] accept io...127.0.0.1:55979
W0502 09:35:12.886987 276858304 NetModule.cpp:723] ready reconnect server, server id: 0
I0502 09:35:12.887044 276858304 NetConnector.cpp:216] connect to: 0.0.0.0:6001 success! 
I0502 09:35:12.889397 214880256 CenterThread.cpp:92] connect to db server succ!
I0502 09:35:12.893519 276858304 NetServer.cpp:55] accept io...127.0.0.1:55984
I0502 09:35:12.893579 276858304 NetServer.cpp:55] accept io...127.0.0.1:55985
I0502 09:35:12.898691 214880256 ServerMgr.cpp:187] register one game server: 127.0.0.1:55979
I0502 09:35:12.918241 214880256 ServerMgr.cpp:187] register one game server: 127.0.0.1:55984
I0502 09:35:12.921180 214880256 ServerMgr.cpp:187] register one game server: 127.0.0.1:55985
I0502 09:35:14.908635 276858304 NetServer.cpp:55] accept io...127.0.0.1:56001
I0502 09:35:14.939043 214880256 ServerMgr.cpp:54] register one proxy server: 127.0.0.1:56001
I0502 09:35:21.472308 276858304 NetServer.cpp:55] accept io...127.0.0.1:56004
I0502 09:35:21.505194 214880256 ServerMgr.cpp:492] register one login server: 127.0.0.1:56004
I0502 10:02:43.919422 276858304 NetServer.cpp:88] delete io...127.0.0.1:55979
I0502 10:02:43.919484 276858304 NetServer.cpp:88] delete io...127.0.0.1:56004
I0502 10:02:43.919515 276858304 NetServer.cpp:88] delete io...127.0.0.1:56001
I0502 10:02:43.919543 276858304 NetServer.cpp:88] delete io...127.0.0.1:55984
I0502 10:02:43.919579 276858304 NetServer.cpp:88] delete io...127.0.0.1:55985
W0502 10:02:43.921466 214880256 ServerMgr.cpp:850] remove one game server, id:993
W0502 10:02:43.931625 214880256 ServerMgr.cpp:866] remove one login server, id:10
W0502 10:02:43.931671 214880256 ServerMgr.cpp:889] remove one proxy server, id:30
W0502 10:02:43.931706 214880256 ServerMgr.cpp:850] remove one game server, id:82
W0502 10:02:43.931740 214880256 ServerMgr.cpp:850] remove one game server, id:991
W0502 10:02:43.933954 214880256 CenterThread.cpp:125] db server is disconnect, after 1s will be reconnect!
W0502 10:02:45.394104 276858304 NetModule.cpp:723] ready reconnect server, server id: 0
I0502 10:02:45.394168 276858304 NetConnector.cpp:216] connect to: 0.0.0.0:6001 success! 
I0502 10:02:45.396523 214880256 CenterThread.cpp:92] connect to db server succ!
I0502 10:02:45.398033 276858304 NetServer.cpp:55] accept io...127.0.0.1:56024
I0502 10:02:45.400388 276858304 NetServer.cpp:55] accept io...127.0.0.1:56026
I0502 10:02:45.409405 276858304 NetServer.cpp:55] accept io...127.0.0.1:56027
I0502 10:02:45.413774 214880256 ServerMgr.cpp:187] register one game server: 127.0.0.1:56024
I0502 10:02:45.413797 214880256 ServerMgr.cpp:187] register one game server: 127.0.0.1:56026
I0502 10:02:45.441174 214880256 ServerMgr.cpp:187] register one game server: 127.0.0.1:56027
I0502 10:02:47.421478 276858304 NetServer.cpp:55] accept io...127.0.0.1:56044
I0502 10:02:47.453330 214880256 ServerMgr.cpp:54] register one proxy server: 127.0.0.1:56044
I0502 10:02:53.964797 276858304 NetServer.cpp:55] accept io...127.0.0.1:56052
I0502 10:02:53.989802 214880256 ServerMgr.cpp:492] register one login server: 127.0.0.1:56052
I0502 10:47:56.857791 276858304 NetServer.cpp:55] accept io...127.0.0.1:56207
W0502 10:47:59.646126 214880256 ServerMgr.cpp:139] need gem and playcount not equal!
I0502 10:47:59.646373 214880256 ServerMgr.cpp:187] register one game server: 127.0.0.1:56207
W0502 11:05:52.825733 214880256 CenterThread.cpp:125] db server is disconnect, after 1s will be reconnect!
W0502 11:05:54.004012 276858304 NetModule.cpp:723] ready reconnect server, server id: 0
I0502 11:05:54.004130 276858304 NetConnector.cpp:216] connect to: 0.0.0.0:6001 success! 
I0502 11:05:54.004276 214880256 CenterThread.cpp:92] connect to db server succ!
W0502 11:06:11.816717 214880256 ActivityMgr.cpp:37] insert wealth god coming cfg fail. repeated cfg! id: 2
W0502 11:06:11.818001 214880256 ActivityMgr.cpp:37] insert wealth god coming cfg fail. repeated cfg! id: 1
W0502 11:06:11.818033 214880256 ActivityMgr.cpp:37] insert wealth god coming cfg fail. repeated cfg! id: 7
W0502 11:06:11.818053 214880256 ActivityMgr.cpp:37] insert wealth god coming cfg fail. repeated cfg! id: 4
W0502 11:06:11.818068 214880256 ActivityMgr.cpp:37] insert wealth god coming cfg fail. repeated cfg! id: 5
W0502 11:06:11.818086 214880256 ActivityMgr.cpp:37] insert wealth god coming cfg fail. repeated cfg! id: 6
W0502 11:06:11.818104 214880256 ActivityMgr.cpp:37] insert wealth god coming cfg fail. repeated cfg! id: 29
W0502 11:06:11.818118 214880256 ActivityMgr.cpp:37] insert wealth god coming cfg fail. repeated cfg! id: 3
W0502 11:06:11.818135 214880256 ActivityMgr.cpp:37] insert wealth god coming cfg fail. repeated cfg! id: 8
W0502 11:06:11.818150 214880256 ActivityMgr.cpp:37] insert wealth god coming cfg fail. repeated cfg! id: 9
W0502 11:06:11.818166 214880256 ActivityMgr.cpp:37] insert wealth god coming cfg fail. repeated cfg! id: 31
W0502 11:06:11.818181 214880256 ActivityMgr.cpp:37] insert wealth god coming cfg fail. repeated cfg! id: 10
W0502 11:06:11.818197 214880256 ActivityMgr.cpp:37] insert wealth god coming cfg fail. repeated cfg! id: 12
W0502 11:06:11.818212 214880256 ActivityMgr.cpp:37] insert wealth god coming cfg fail. repeated cfg! id: 11
W0502 11:06:11.818226 214880256 ActivityMgr.cpp:37] insert wealth god coming cfg fail. repeated cfg! id: 13
W0502 11:06:11.818243 214880256 ActivityMgr.cpp:37] insert wealth god coming cfg fail. repeated cfg! id: 14
W0502 11:06:11.818258 214880256 ActivityMgr.cpp:37] insert wealth god coming cfg fail. repeated cfg! id: 15
W0502 11:06:11.818272 214880256 ActivityMgr.cpp:37] insert wealth god coming cfg fail. repeated cfg! id: 30
W0502 11:06:11.818289 214880256 ActivityMgr.cpp:37] insert wealth god coming cfg fail. repeated cfg! id: 16
W0502 11:06:11.818305 214880256 ActivityMgr.cpp:37] insert wealth god coming cfg fail. repeated cfg! id: 17
W0502 11:06:11.818320 214880256 ActivityMgr.cpp:37] insert wealth god coming cfg fail. repeated cfg! id: 18
W0502 11:06:12.549856 214880256 CenterThread.cpp:3582] OnSubLoadWealthGodHistoryData: 10
W0502 11:06:14.091609 214880256 CenterThread.cpp:3582] OnSubLoadWealthGodHistoryData: 10
W0502 11:06:15.686056 214880256 CenterThread.cpp:3582] OnSubLoadWealthGodHistoryData: 10
W0502 11:06:17.167660 214880256 CenterThread.cpp:3582] OnSubLoadWealthGodHistoryData: 10
W0502 11:06:18.620334 214880256 CenterThread.cpp:3582] OnSubLoadWealthGodHistoryData: 10
I0502 11:06:18.632140 276858304 NetServer.cpp:88] delete io...127.0.0.1:56027
W0502 11:06:18.633987 214880256 ServerMgr.cpp:850] remove one game server, id:993
W0502 11:06:20.072427 214880256 CenterThread.cpp:3582] OnSubLoadWealthGodHistoryData: 10
I0502 11:06:21.079692 276858304 NetServer.cpp:55] accept io...127.0.0.1:56272
W0502 11:06:21.433193 214880256 CenterThread.cpp:3582] OnSubLoadWealthGodHistoryData: 10
I0502 11:06:22.678411 214880256 ServerMgr.cpp:187] register one game server: 127.0.0.1:56272
W0502 11:06:23.212261 214880256 CenterThread.cpp:3582] OnSubLoadWealthGodHistoryData: 10
W0502 11:06:24.736662 214880256 CenterThread.cpp:3582] OnSubLoadWealthGodHistoryData: 10
W0502 11:06:26.178666 214880256 CenterThread.cpp:3582] OnSubLoadWealthGodHistoryData: 10
W0502 11:06:27.608038 214880256 CenterThread.cpp:3582] OnSubLoadWealthGodHistoryData: 10
W0502 11:06:29.085800 214880256 CenterThread.cpp:3582] OnSubLoadWealthGodHistoryData: 10
W0502 11:06:30.592021 214880256 CenterThread.cpp:3582] OnSubLoadWealthGodHistoryData: 10
W0502 11:06:32.613616 214880256 DuoBaoMgr.cpp:34] insert duo bao cfg fail. repeated cfg! id: 1
W0502 11:06:32.613673 214880256 DuoBaoMgr.cpp:34] insert duo bao cfg fail. repeated cfg! id: 2
W0502 11:06:32.613692 214880256 DuoBaoMgr.cpp:34] insert duo bao cfg fail. repeated cfg! id: 3
W0502 11:06:32.613709 214880256 DuoBaoMgr.cpp:34] insert duo bao cfg fail. repeated cfg! id: 4
W0502 11:06:32.613725 214880256 DuoBaoMgr.cpp:34] insert duo bao cfg fail. repeated cfg! id: 5
W0502 11:06:32.613742 214880256 DuoBaoMgr.cpp:34] insert duo bao cfg fail. repeated cfg! id: 30
W0502 11:06:32.613759 214880256 DuoBaoMgr.cpp:34] insert duo bao cfg fail. repeated cfg! id: 31
W0502 11:06:32.613775 214880256 DuoBaoMgr.cpp:34] insert duo bao cfg fail. repeated cfg! id: 32
W0502 11:06:32.613790 214880256 DuoBaoMgr.cpp:34] insert duo bao cfg fail. repeated cfg! id: 33
W0502 11:06:47.706769 214880256 DuoBaoMgr.cpp:94] has the same doing data? id: 1
W0502 11:06:47.706863 214880256 DuoBaoMgr.cpp:94] has the same doing data? id: 2
W0502 11:06:47.706882 214880256 DuoBaoMgr.cpp:94] has the same doing data? id: 3
W0502 11:06:47.706910 214880256 DuoBaoMgr.cpp:94] has the same doing data? id: 30
W0502 11:06:47.706924 214880256 DuoBaoMgr.cpp:94] has the same doing data? id: 31
W0502 11:06:47.706938 214880256 DuoBaoMgr.cpp:94] has the same doing data? id: 32
W0502 11:06:47.706950 214880256 DuoBaoMgr.cpp:94] has the same doing data? id: 32
W0502 11:06:47.706964 214880256 DuoBaoMgr.cpp:94] has the same doing data? id: 33
W0502 11:06:47.706990 214880256 DuoBaoMgr.cpp:175] load duo bao data finish.
W0502 11:06:48.382961 214880256 RedPacketMgr.cpp:120] update red packet room cfg, game index 20101, value: 5
W0502 11:06:48.383002 214880256 RedPacketMgr.cpp:120] update red packet room cfg, game index 20102, value: 5
W0502 11:06:48.383019 214880256 RedPacketMgr.cpp:120] update red packet room cfg, game index 20103, value: 5
W0502 11:06:48.383033 214880256 RedPacketMgr.cpp:120] update red packet room cfg, game index 20104, value: 5
W0502 11:06:48.383047 214880256 RedPacketMgr.cpp:120] update red packet room cfg, game index 30101, value: 5
W0502 11:06:48.383061 214880256 RedPacketMgr.cpp:120] update red packet room cfg, game index 30102, value: 5
W0502 11:06:48.383075 214880256 RedPacketMgr.cpp:120] update red packet room cfg, game index 30103, value: 5
W0502 11:06:48.383088 214880256 RedPacketMgr.cpp:120] update red packet room cfg, game index 40301, value: 5
W0502 11:06:48.383102 214880256 RedPacketMgr.cpp:120] update red packet room cfg, game index 40302, value: 5
W0502 11:06:48.383116 214880256 RedPacketMgr.cpp:120] update red packet room cfg, game index 40303, value: 5
W0502 11:06:48.383129 214880256 RedPacketMgr.cpp:120] update red packet room cfg, game index 50101, value: 5
W0502 11:06:48.383143 214880256 RedPacketMgr.cpp:120] update red packet room cfg, game index 50102, value: 5
W0502 11:06:48.383157 214880256 RedPacketMgr.cpp:120] update red packet room cfg, game index 50103, value: 5
W0502 11:06:48.383170 214880256 RedPacketMgr.cpp:120] update red packet room cfg, game index 60101, value: 5
W0502 11:06:48.383270 214880256 RedPacketMgr.cpp:120] update red packet room cfg, game index 60102, value: 5
W0502 11:06:48.383294 214880256 RedPacketMgr.cpp:120] update red packet room cfg, game index 60103, value: 5
W0502 11:06:48.383311 214880256 RedPacketMgr.cpp:120] update red packet room cfg, game index 80101, value: 10
W0502 11:06:48.383323 214880256 RedPacketMgr.cpp:120] update red packet room cfg, game index 90101, value: 0
W0502 11:06:48.383337 214880256 RedPacketMgr.cpp:120] update red packet room cfg, game index 90102,