W1221 19:52:39.542402 96169984 DuoBaoMgr.cpp:34] insert duo bao cfg fail. repeated cfg! id: 32
W1221 19:52:52.163650 96169984 DuoBaoMgr.cpp:94] has the same doing data? id: 1
W1221 19:52:52.163691 96169984 DuoBaoMgr.cpp:94] has the same doing data? id: 2
W1221 19:52:52.163708 96169984 DuoBaoMgr.cpp:94] has the same doing data? id: 2
W1221 19:52:52.163724 96169984 DuoBaoMgr.cpp:94] has the same doing data? id: 3
W1221 19:52:52.163739 96169984 DuoBaoMgr.cpp:94] has the same doing data? id: 3
W1221 19:52:52.163777 96169984 DuoBaoMgr.cpp:94] has the same doing data? id: 26
W1221 19:52:52.163794 96169984 DuoBaoMgr.cpp:94] has the same doing data? id: 26
W1221 19:52:52.163810 96169984 DuoBaoMgr.cpp:94] has the same doing data? id: 28
W1221 19:52:52.163825 96169984 DuoBaoMgr.cpp:94] has the same doing data? id: 28
W1221 19:52:52.163839 96169984 DuoBaoMgr.cpp:94] has the same doing data? id: 29
W1221 19:52:52.163854 96169984 DuoBaoMgr.cpp:94] has the same doing data? id: 29
W1221 19:52:52.163872 96169984 DuoBaoMgr.cpp:94] has the same doing data? id: 30
W1221 19:52:52.163889 96169984 DuoBaoMgr.cpp:94] has the same doing data? id: 31
W1221 19:52:52.163905 96169984 DuoBaoMgr.cpp:94] has the same doing data? id: 32
W1221 19:52:52.163928 96169984 DuoBaoMgr.cpp:175] load duo bao data finish.
W1221 20:23:18.228965 96169984 ServerMgr.cpp:835] remove one game server, id:1101
W1221 20:30:09.266340 96169984 ServerMgr.cpp:835] remove one game server, id:1101
W1221 20:32:49.296094 96169984 ServerMgr.cpp:835] remove one game server, id:1101
W1221 20:59:14.948607 96169984 CenterThread.cpp:5018] update online user fail
W1221 21:01:29.511884 96169984 ServerMgr.cpp:835] remove one game server, id:1101
W1221 21:02:13.242921 96169984 ServerMgr.cpp:835] remove one game server, id:1101
W1221 21:03:51.787943 96169984 ServerMgr.cpp:835] remove one game server, id:1101
W1221 21:06:02.453110 96169984 ServerMgr.cpp:835] remove one game server, id:1101
W1221 21:29:40.709051 96169984 CenterThread.cpp:5018] update online user fail
W1221 21:35:39.878952 96169984 ServerMgr.cpp:851] remove one login server, id:10
W1221 21:35:39.879015 96169984 ServerMgr.cpp:835] remove one game server, id:1101
W1221 21:35:39.879041 96169984 ServerMgr.cpp:874] remove one proxy server, id:30
W1221 21:35:39.879099 96169984 CenterThread.cpp:120] db server is disconnect, after 1s will be reconnect!
W1221 21:35:41.743968 327116224 NetModule.cpp:703] ready reconnect server, server id: 0
W1221 21:37:28.112185 96169984 ActivityMgr.cpp:37] insert wealth god coming cfg fail. repeated cfg! id: 2
W1221 21:37:28.112478 96169984 ActivityMgr.cpp:37] insert wealth god coming cfg fail. repeated cfg! id: 1
W1221 21:37:28.112576 96169984 ActivityMgr.cpp:37] insert wealth god coming cfg fail. repeated cfg! id: 7
W1221 21:37:28.112658 96169984 ActivityMgr.cpp:37] insert wealth god coming cfg fail. repeated cfg! id: 4
W1221 21:37:28.112737 96169984 ActivityMgr.cpp:37] insert wealth god coming cfg fail. repeated cfg! id: 5
W1221 21:37:28.112817 96169984 ActivityMgr.cpp:37] insert wealth god coming cfg fail. repeated cfg! id: 6
W1221 21:37:28.112895 96169984 ActivityMgr.cpp:37] insert wealth god coming cfg fail. repeated cfg! id: 3
W1221 21:37:28.112972 96169984 ActivityMgr.cpp:37] insert wealth god coming cfg fail. repeated cfg! id: 8
W1221 21:37:28.113050 96169984 ActivityMgr.cpp:37] insert wealth god coming cfg fail. repeated cfg! id: 9
W1221 21:37:28.113128 96169984 ActivityMgr.cpp:37] insert wealth god coming cfg fail. repeated cfg! id: 10
W1221 21:37:28.113206 96169984 ActivityMgr.cpp:37] insert wealth god coming cfg fail. repeated cfg! id: 12
W1221 21:37:28.113286 96169984 ActivityMgr.cpp:37] insert wealth god coming cfg fail. repeated cfg! id: 11
W1221 21:37:28.113363 96169984 ActivityMgr.cpp:37] insert wealth god coming cfg fail. repeated cfg! id: 13
W1221 21:37:28.113440 96169984 ActivityMgr.cpp:37] insert wealth god coming cfg fail. repeated cfg! id: 14
W1221 21:37:28.113519 96169984 ActivityMgr.cpp:37] insert wealth god coming cfg fail. repeated cfg! id: 15
W1221 21:37:28.113597 96169984 ActivityMgr.cpp:37] insert wealth god coming cfg fail. repeated cfg! id: 16
W1221 21:37:28.113677 96169984 ActivityMgr.cpp:37] insert wealth god coming cfg fail. repeated cfg! id: 17
W1221 21:37:28.113914 96169984 ActivityMgr.cpp:37] insert wealth god coming cfg fail. repeated cfg! id: 28
W1221 21:37:28.114050 96169984 ActivityMgr.cpp:37] insert wealth god coming cfg fail. repeated cfg! id: 18
W1221 21:37:28.553117 96169984 CenterThread.cpp:3932] OnSubLoadWealthGodHistoryData: 10
W1221 21:37:29.785583 96169984 CenterThread.cpp:3932] OnSubLoadWealthGodHistoryData: 10
W1221 21:37:30.986757 96169984 CenterThread.cpp:3932] OnSubLoadWealthGodHistoryData: 10
W1221 21:37:32.203070 96169984 CenterThread.cpp:3932] OnSubLoadWealthGodHistoryData: 10
W1221 21:37:33.428504 96169984 CenterThread.cpp:3932] OnSubLoadWealthGodHistoryData: 10
W1221 21:37:34.646996 96169984 CenterThread.cpp:3932] OnSubLoadWealthGodHistoryData: 10
W1221 21:37:35.860080 96169984 CenterThread.cpp:3932] OnSubLoadWealthGodHistoryData: 10
W1221 21:37:37.080540 96169984 CenterThread.cpp:3932] OnSubLoadWealthGodHistoryData: 10
W1221 21:37:38.313704 96169984 CenterThread.cpp:3932] OnSubLoadWealthGodHistoryData: 10
W1221 21:37:39.530226 96169984 CenterThread.cpp:3932] OnSubLoadWealthGodHistoryData: 10
W1221 21:37:40.750476 96169984 CenterThread.cpp:3932] OnSubLoadWealthGodHistoryData: 10
W1221 21:37:42.206162 96169984 DuoBaoMgr.cpp:34] insert duo bao cfg fail. repeated cfg! id: 1
W1221 21:37:42.206333 96169984 DuoBaoMgr.cpp:34] insert duo bao cfg fail. repeated cfg! id: 2
W1221 21:37:42.206423 96169984 DuoBaoMgr.cpp:34] insert duo bao cfg fail. repeated cfg! id: 3
W1221 21:37:42.206506 96169984 DuoBaoMgr.cpp:34] insert duo bao cfg fail. repeated cfg! id: 26
W1221 21:37:42.206581 96169984 DuoBaoMgr.cpp:34] insert duo bao cfg fail. repeated cfg! id: 28
W1221 21:37:42.206657 96169984 DuoBaoMgr.cpp:34] insert duo bao cfg fail. repeated cfg! id: 29
W1221 21:37:42.206733 96169984 DuoBaoMgr.cpp:34] insert duo bao cfg fail. repeated cfg! id: 30
W1221 21:37:42.206809 96169984 DuoBaoMgr.cpp:34] insert duo bao cfg fail. repeated cfg! id: 31
W1221 21:37:42.206884 96169984 DuoBaoMgr.cpp:34] insert duo bao cfg fail. repeated cfg! id: 32
W1221 21:38:00.654783 96169984 DuoBaoMgr.cpp:94] has the same doing data? id: 1
W1221 21:38:00.654917 96169984 DuoBaoMgr.cpp:94] has the same doing data? id: 2
W1221 21:38:00.654958 96169984 DuoBaoMgr.cpp:94] has the same doing data? id: 2
W1221 21:38:00.654991 96169984 DuoBaoMgr.cpp:94] has the same doing data? id: 3
W1221 21:38:00.655025 96169984 DuoBaoMgr.cpp:94] has the same doing data? id: 3
W1221 21:38:00.655056 96169984 DuoBaoMgr.cpp:94] has the same doing data? id: 26
W1221 21:38:00.655089 96169984 DuoBaoMgr.cpp:94] has the same doing data? id: 26
W1221 21:38:00.655122 96169984 DuoBaoMgr.cpp:94] has the same doing data? id: 28
W1221 21:38:00.655153 96169984 DuoBaoMgr.cpp:94] has the same doing data? id: 28
W1221 21:38:00.655185 96169984 DuoBaoMgr.cpp:94] has the same doing data? id: 29
W1221 21:38:00.655216 96169984 DuoBaoMgr.cpp:94] has the same doing data? id: 29
W1221 21:38:00.655248 96169984 DuoBaoMgr.cpp:94] has the same doing data? id: 30
W1221 21:38:00.672842 96169984 DuoBaoMgr.cpp:94] has the same doing data? id: 31
W1221 21:38:00.672936 96169984 DuoBaoMgr.cpp:94] has the same doing data? id: 32
W1221 21:38:00.673007 96169984 DuoBaoMgr.cpp:175] load duo bao data finish.
W1221 22:14:49.937407 96169984 ServerMgr.cpp:835] remove one game server, id:1101
W1221 22:14:49.937592 96169984 ServerMgr.cpp:874] remove one proxy server, id:30
W1221 22:14:49.937681 96169984 ServerMgr.cpp:851] remove one login server, id:10
W1221 22:14:49.937757 96169984 CenterThread.cpp:120] db server is disconnect, after 1s will be reconnect!
W1221 22:14:51.416047 327116224 NetModule.cpp:703] ready reconnect server, server id: 0
W1221 22:51:21.980537 96169984 ServerMgr.cpp:851] remove one login server, id:10
W1221 22:51:21.980613 96169984 ServerMgr.cpp:835] remove one game server, id:1101
W1221 22:51:21.980651 96169984 ServerMgr.cpp:874] remove one proxy server, id:30
W1221 22:51:21.980685 96169984 CenterThread.cpp:120] db server is disconnect, after 1s will be reconnect!
W1221 22:51:23.462960 327116224 NetModule.cpp:703] ready reconnect server, server id: 0
W1222 00:52:15.006489 96169984 CenterThread.cpp:304] center server is across day.
W1222 00:52:35.063926 96169984 ServerMgr.cpp:874] remove one proxy server, id:30
W1222 00:52:35.064101 96169984 ServerMgr.cpp:851] remove one login server, id:10
W1222 00:52:35.064200 96169984 ServerMgr.cpp:835] remove one game server, id:1101
W1222 00:52:35.064291 96169984 CenterThread.cpp:120] db server is disconnect, after 1s will be reconnect!
W1222 00:52:36.087319 327116224 NetModule.cpp:703] ready reconnect server, server id: 0
W1222 02:53:08.053716 96169984 ServerMgr.cpp:835] remove one game server, id:1101
W1222 02:53:08.053905 96169984 ServerMgr.cpp:851] remove one login server, id:10
W1222 02:53:08.054069 96169984 ServerMgr.cpp:874] remove one proxy server, id:30
W1222 02:53:08.054105 96169984 CenterThread.cpp:120] db server is disconnect, after 1s will be reconnect!
W1222 02:53:09.533666 327116224 NetModule.cpp:703] ready reconnect server, server id: 0
W1222 04:54:01.071517 96169984 ServerMgr.cpp:851] remove one login server, id:10
W1222 04:54:01.071566 96169984 ServerMgr.cpp:835] remove one game server, id:1101
W1222 04:54:01.071599 96169984 ServerMgr.cpp:874] remove one proxy server, id:30
W1222 04:54:01.071620 96169984 CenterThread.cpp:120] db server is disconnect, after 1s will be reconnect!
W1222 04:54:02.554064 327116224 NetModule.cpp:703] ready reconnect server, server id: 0
W1222 06:54:54.098641 96169984 ServerMgr.cpp:835] remove one game server, id:1101
W1222 06:54:54.098724 96169984 ServerMgr.cpp:851] remove one login server, id:10
W1222 06:54:54.098762 96169984 ServerMgr.cpp:874] remove one proxy server, id:30
W1222 06:54:54.098824 96169984 CenterThread.cpp:120] db server is disconnect, after 1s will be reconnect!
W1222 06:54:55.578171 327116224 NetModule.cpp:703] ready reconnect server, server id: 0
W1222 08:55:47.115746 96169984 ServerMgr.cpp:835] remove one game server, id:1101
W1222 08:55:47.115792 96169984 ServerMgr.cpp:851] remove one login server, id:10
W1222 08:55:47.115815 96169984 ServerMgr.cpp:874] remove one proxy server, id:30
W1222 08:55:47.115834 96169984 CenterThread.cpp:120] db server is disconnect, after 1s will be reconnect!
W1222 08:55:48.600142 327116224 NetModule.cpp:703] ready reconnect server, server id: 0
W1222 09:45:02.168310 96169984 ServerMgr.cpp:874] remove one proxy server, id:30
W1222 09:45:02.168400 96169984 ServerMgr.cpp:835] remove one game server, id:1101
W1222 09:45:02.168438 96169984 ServerMgr.cpp:851] remove one login server, id:10
W1222 09:45:02.168460 96169984 CenterThread.cpp:120] db server is disconnect, after 1s will be reconnect!
W1222 09:45:03.650086 327116224 NetModule.cpp:703] ready reconnect server, server id: 0
W1222 09:51:30.031373 96169984 ActivityMgr.cpp:37] insert wealth god coming cfg fail. repeated cfg! id: 2
W1222 09:51:30.031481 96169984 ActivityMgr.cpp:37] insert wealth god coming cfg fail. repeated cfg! id: 1
W1222 09:51:30.031507 96169984 ActivityMgr.cpp:37] insert wealth god coming cfg fail. repeated cfg! id: 7
W1222 09:51:30.031525 96169984 ActivityMgr.cpp:37] insert wealth god coming cfg fail. repeated cfg! id: 4
W1222 09:51:30.031544 96169984 ActivityMgr.cpp:37] insert wealth god coming cfg fail. repeated cfg! id: 5
W1222 09:51:30.031563 96169984 ActivityMgr.cpp:37] insert wealth god coming cfg fail. repeated cfg! id: 6
W1222 09:51:30.031581 96169984 ActivityMgr.cpp:37] insert wealth god coming cfg fail. repeated cfg! id: 3
W1222 09:51:30.031599 96169984 ActivityMgr.cpp:37] insert wealth god coming cfg fail. repeated cfg! id: 8
W1222 09:51:30.031617 96169984 ActivityMgr.cpp:37] insert wealth god coming cfg fail. repeated cfg! id: 9
W1222 09:51:30.031635 96169984 ActivityMgr.cpp:37] insert wealth god coming cfg fail. repeated cfg! id: 10
W1222 09:51:30.031654 96169984 ActivityMgr.cpp:37] insert wealth god coming cfg fail. repeated cfg! id: 12
W1222 09:51:30.031672 96169984 ActivityMgr.cpp:37] insert wealth god coming cfg fail. repeated cfg! id: 11
W1222 09:51:30.031690 96169984 ActivityMgr.cpp:37] insert wealth god coming cfg fail. repeated cfg! id: 13
W1222 09:51:30.031708 96169984 ActivityMgr.cpp:37] insert wealth god coming cfg fail. repeated cfg! id: 14
W1222 09:51:30.031726 96169984 ActivityMgr.cpp:37] insert wealth god coming cfg fail. repeated cfg! id: 15
W1222 09:51:30.031744 96169984 ActivityMgr.cpp:37] insert wealth god coming cfg fail. repeated cfg! id: 16
W1222 09:51:30.031764 96169984 ActivityMgr.cpp:37] insert wealth god coming cfg fail. repeated cfg! id: 17
W1222 09:51:30.031781 96169984 ActivityMgr.cpp:37] insert wealth god coming cfg fail. repeated cfg! id: 28
W1222 09:51:30.031800 96169984 ActivityMgr.cpp:37] insert wealth god coming cfg fail. repeated cfg! id: 18
W1222 09:51:30.481175 96169984 CenterThread.cpp:3932] OnSubLoadWealthGodHistoryData: 10
W1222 09:51:31.726902 96169984 CenterThread.cpp:3932] OnSubLoadWealthGodHistoryData: 10
W1222 09:51:32.943481 96169984 CenterThread.cpp:3932] OnSubLoadWealthGodHistoryData: 10
W1222 09:51:34.405454 96169984 CenterThread.cpp:3932] OnSubLoadWealthGodHistoryData: 10
W1222 09:51:35.602916 96169984 CenterThread.cpp:3932] OnSubLoadWealthGodHistoryData: 10
W1222 09:51:36.827003 96169984 CenterThread.cpp:3932] OnSubLoadWealthGodHistoryData: 10
W1222 09:51:38.057379 96169984 CenterThread.cpp:3932] OnSubLoadWealthGodHistoryData: 10
W1222 09:51:39.275087 96169984 CenterThread.cpp:3932] OnSubLoadWealthGodHistoryData: 10
W1222 09:51:40.496908 96169984 CenterThread.cpp:3932] OnSubLoadWealthGodHistoryData: 10
W1222 09:51:41.726541 96169984 CenterThread.cpp:3932] OnSubLoadWealthGodHistoryData: 10
W1222 09:51:42.950338 96169984 CenterThread.cpp:3932] OnSubLoadWealthGodHistoryData: 10
W1222 09:51:44.392978 96169984 DuoBaoMgr.cpp:34] insert duo bao cfg fail. repeated cfg! id: 1
W1222 09:51:44.393023 96169984 DuoBaoMgr.cpp:34] insert duo bao cfg fail. repeated cfg! id: 2
W1222 09:51:44.393038 96169984 DuoBaoMgr.cpp:34] insert duo bao cfg fail. repeated cfg! id: 3
W1222 09:51:44.393052 96169984 DuoBaoMgr.cpp:34] insert duo bao cfg fail. repeated cfg! id: 26
W1222 09:51:44.393065 96169984 DuoBaoMgr.cpp:34] insert duo bao cfg fail. repeated cfg! id: 28
W1222 09:51:44.393079 96169984 DuoBaoMgr.cpp:34] insert duo bao cfg fail. repeated cfg! id: 29
W1222 09:51:44.393091 96169984 DuoBaoMgr.cpp:34] insert duo bao cfg fail. repeated cfg! id: 30
W1222 09:51:44.393105 96169984 DuoBaoMgr.cpp:34] insert duo bao cfg fail. repeated cfg! id: 31
W1222 09:51:44.393117 96169984 DuoBaoMgr.cpp:34] insert duo bao cfg fail. repeated cfg! id: 32
W1222 09:51:57.302924 96169984 DuoBaoMgr.cpp:94] has the same doing data? id: 1
W1222 09:51:57.302992 96169984 DuoBaoMgr.cpp:94] has the same doing data? id: 2
W1222 09:51:57.303015 96169984 DuoBaoMgr.cpp:94] has the same doing data? id: 2
W1222 09:51:57.303035 96169984 DuoBaoMgr.cpp:94] has the same doing data? id: 3
W1222 09:51:57.303052 96169984 DuoBaoMgr.cpp:94] has the same doing data? id: 3
W1222 09:51:57.303093 96169984 DuoBaoMgr.cpp:94] has the same doing data? id: 26
W1222 09:51:57.303112 96169984 DuoBaoMgr.cpp:94] has the same doing data? id: 26
W1222 09:51:57.303130 96169984 DuoBaoMgr.cpp:94] has the same doing data? id: 28
W1222 09:51:57.303148 96169984 DuoBaoMgr.cpp:94] has the same doing data? id: 28
W1222 09:51:57.303166 96169984 DuoBaoMgr.cpp:94] has the same doing data? id: 29
W1222 09:51:57.303184 96169984 DuoBaoMgr.cpp:94] has the same doing data? id: 29
W1222 09:51:57.303201 96169984 DuoBaoMgr.cpp:94] has the same doing data? id: 30
W1222 09:51:57.303220 96169984 DuoBaoMgr.cpp:94] has the same doing data? id: 31
W1222 09:51:57.303237 96169984 DuoBaoMgr.cpp:94] has the same doing data? id: 32
W1222 09:51:57.303264 96169984 DuoBaoMgr.cpp:175] load duo bao data finish.
W1222 10:15:33.959614 96169984 CenterThread.cpp:5018] update online user fail
W1222 10:34:57.318053 96169984 CenterThread.cpp:5018] update online user fail
W1222 10:36:17.409183 96169984 CenterThread.cpp:5018] update online user fail
W1222 10:57:42.859959 96169984 ServerMgr.cpp:835] remove one game server, id:1101
W1222 11:24:46.135888 96169984 CenterThread.cpp:5018] update online user fail
W1222 11:24:57.635510 96169984 CenterThread.cpp:5018] update online user fail
W1222 11:26:44.341167 96169984 ServerMgr.cpp:835] remove one game server, id:1101
W1222 11:27:43.189613 96169984 ServerMgr.cpp:835] remove one game server, id:1101
W1222 11:35:40.522166 96169984 CenterThread.cpp:5018] update online user fail
W1222 11:36:23.955857 96169984 CenterThread.cpp:5018] update online user fail
W1222 11:40:32.536839 96169984 ServerMgr.cpp:835] remove one game server, id:1101
W1222 11:44:31.867853 96169984 ServerMgr.cpp:835] remove one game server, id:1101
W1222 11:44:41.892400 96169984 CenterThread.cpp:5018] update online user fail
W1222 11:51:36.081395 96169984 ServerMgr.cpp:835] remove one game server, id:1101
W1222 12:20:27.199679 96169984 CenterThread.cpp:5018] update online user fail
W1222 12:21:06.756552 96169984 CenterThread.cpp:5018] update online user fail
W1222 12:29:57.239647 96169984 CenterThread.cpp:5018] update online user fail
W1222 12:30:32.182240 96169984 CenterThread.cpp:5018] update online user fail
W1222 14:41:20.202914 96169984 ServerMgr.cpp:835] remove one game server, id:1101
W1222 14:45:43.427726 96169984 CenterThread.cpp:5018] update online user fail
W1222 14:45:51.715463 96169984 ServerMgr.cpp:835] remove one game server, id:100
W1222 14:55:50.681910 96169984 ServerMgr.cpp:835] remove one game server, id:100
W1222 15:23:24.311556 96169984 ServerMgr.cpp:835] remove one game server, id:100
W1222 15:40:12.418936 96169984 CenterThread.cpp:5018] update online user fail
W1222 15:40:32.565207 96169984 CenterThread.cpp:5018] update online user fail
W1222 15:40:50.159910 96169984 CenterThread.cpp:5018] update online user fail
W1222 16:16:41.195212 96169984 CenterThread.cpp:5018] update online user fail
W1222 16:17:31.378418 96169984 CenterThread.cpp:5018] update online user fail
W1222 16:19:04.454973 96169984 CenterThread.cpp:5018] update online user fail
W1222 16:19:14.455417 96169984 CenterThread.cpp:5018] update online user fail
W1222 16:21:10.443127 96169984 CenterThread.cpp:5018] update online user fail
W1222 16:21:22.528578 96169984 CenterThread.cpp:5018] update online user fail
W1222 16:21:32.537266 96169984 CenterThread.cpp:5018] update online user fail
W1222 16:21:48.740310 96169984 CenterThread.cpp:5018] update online user fail
W1222 16:22:53.258085 96169984 CenterThread.cpp:5018] update online user fail
W1222 16:23:03.269024 96169984 CenterThread.cpp:5018] update online user fail
W1222 16:23:13.273087 96169984 CenterThread.cpp:5018] update online user fail
W1222 16:24:20.725015 96169984 CenterThread.cpp:5018] update online user fail
W1222 16:54:16.370061 96169984 ServerMgr.cpp:835] remove one game server, id:1101
W1222 16:59:31.942109 96169984 ServerMgr.cpp:835] remove one game server, id:1101
W1222 17:00:43.496978 96169984 ServerMgr.cpp:835] remove one game server, id:1101
W1222 17:05:05.080497 96169984 ServerMgr.cpp:835] remove one game server, id:1101
W1222 17:08:15.774762 96169984 ServerMgr.cpp:835] remove one game server, id:1101
W1222 17:33:26.108435 96169984 CenterThread.cpp:5018] update online user fail
W1222 17:34:41.186450 96169984 CenterThread.cpp:5018] update online user fail
W1222 17:34:53.087143 96169984 CenterThread.cpp:5018] update online user fail
W1222 17:37:39.717027 96169984 CenterThread.cpp:120] db server is disconnect, after 1s will be reconnect!
W1222 17:37:40.916784 327116224 NetModule.cpp:703] ready reconnect server, server id: 0
W1222 17:37:40.918707 96169984 CenterThread.cpp:120] db server is disconnect, after 1s will be reconnect!
W1222 17:37:42.417654 327116224 NetModule.cpp:703] ready reconnect server, server id: 0
W1222 17:37:50.106235 96169984 ActivityMgr.cpp:37] insert wealth god coming cfg fail. repeated cfg! id: 2
W1222 17:37:50.106278 96169984 ActivityMgr.cpp:37] insert wealth god coming cfg fail. repeated cfg! id: 1
W1222 17:37:50.106297 96169984 ActivityMgr.cpp:37] insert wealth god coming cfg fail. repeated cfg! id: 7
W1222 17:37:50.106314 96169984 ActivityMgr.cpp:37] insert wealth god coming cfg fail. repeated cfg! id: 4
W1222 17:37:50.106330 96169984 ActivityMgr.cpp:37] insert wealth god coming cfg fail. repeated cfg! id: 5
W1222 17:37:50.106346 96169984 ActivityMgr.cpp:37] insert wealth god coming cfg fail. repeated cfg! id: 6
W1222 17:37:50.106361 96169984 ActivityMgr.cpp:37] insert wealth god coming cfg fail. repeated cfg! id: 3
W1222 17:37:50.106377 96169984 ActivityMgr.cpp:37] insert wealth god coming cfg fail. repeated cfg! id: 8
W1222 17:37:50.106397 96169984 ActivityMgr.cpp:37] insert wealth god coming cfg fail. repeated cfg! id: 9
W1222 17:37:50.106420 96169984 ActivityMgr.cpp:37] insert wealth god coming cfg fail. repeated cfg! id: 10
W1222 17:37:50.106436 96169984 ActivityMgr.cpp:37] insert wealth god coming cfg fail. repeated cfg! id: 12
W1222 17:37:50.106452 96169984 ActivityMgr.cpp:37] insert wealth god coming cfg fail. repeated cfg! id: 11
W1222 17:37:50.106513 96169984 ActivityMgr.cpp:37] insert wealth god coming cfg fail. repeated cfg! id: 13
W1222 17:37:50.106537 96169984 ActivityMgr.cpp:37] insert wealth god coming cfg fail. repeated cfg! id: 14
W1222 17:37:50.106555 96169984 ActivityMgr.cpp:37] insert wealth god coming cfg fail. repeated cfg! id: 15
W1222 17:37:50.106571 96169984 ActivityMgr.cpp:37] insert wealth god coming cfg fail. repeated cfg! id: 16
W1222 17:37:50.106586 96169984 ActivityMgr.cpp:37] insert wealth god coming cfg fail. repeated cfg! id: 17
W1222 17:37:50.106602 96169984 ActivityMgr.cpp:37] insert wealth god coming cfg fail. repeated cfg! id: 28
W1222 17:37:50.106617 96169984 ActivityMgr.cpp:37] insert wealth god coming cfg fail. repeated cfg! id: 18
W1222 17:37:50.546597 96169984 CenterThread.cpp:3932] OnSubLoadWealthGodHistoryData: 10
W1222 17:37:51.793700 96169984 CenterThread.cpp:3932] OnSubLoadWealthGodHistoryData: 10
W1222 17:37:53.034554 96169984 CenterThread.cpp:3932] OnSubLoadWealthGodHistoryData: 10
W1222 17:37:54.545806 96169984 CenterThread.cpp:3932] OnSubLoadWealthGodHistoryData: 10
W1222 17:37:55.759510 96169984 CenterThread.cpp:3932] OnSubLoadWealthGodHistoryData: 10
W1222 17:37:57.210525 96169984 CenterThread.cpp:3932] OnSubLoadWealthGodHistoryData: 10
W1222 17:37:58.425669 96169984 CenterThread.cpp:3932] OnSubLoadWealthGodHistoryData: 10
W1222 17:37:59.657347 96169984 CenterThread.cpp:3932] OnSubLoadWealthGodHistoryData: 10
W1222 17:38:00.907390 96169984 CenterThread.cpp:3932] OnSubLoadWealthGodHistoryData: 10
W1222 17:38:02.126307 96169984 CenterThread.cpp:3932] OnSubLoadWealthGodHistoryData: 10
W1222 17:38:03.338109 96169984 CenterThread.cpp:3932] OnSubLoadWealthGodHistoryData: 10
W1222 17:38:04.775835 96169984 DuoBaoMgr.cpp:34] insert duo bao cfg fail. repeated cfg! id: 1
W1222 17:38:04.775892 96169984 DuoBaoMgr.cpp:34] insert duo bao cfg fail. repeated cfg! id: 2
W1222 17:38:04.775913 96169984 DuoBaoMgr.cpp:34] insert duo bao cfg fail. repeated cfg! id: 3
W1222 17:38:04.775931 96169984 DuoBaoMgr.cpp:34] insert duo bao cfg fail. repeated cfg! id: 26
W1222 17:38:04.775949 96169984 DuoBaoMgr.cpp:34] insert duo bao cfg fail. repeated cfg! id: 28
W1222 17:38:04.775966 96169984 DuoBaoMgr.cpp:34] insert duo bao cfg fail. repeated cfg! id: 29
W1222 17:38:04.775985 96169984 DuoBaoMgr.cpp:34] insert duo bao cfg fail. repeated cfg! id: 30
W1222 17:38:04.776026 96169984 DuoBaoMgr.cpp:34] insert duo bao cfg fail. repeated cfg! id: 31
W1222 17:38:04.776046 96169984 DuoBaoMgr.cpp:34] insert duo bao cfg fail. repeated cfg! id: 32
W1222 17:38:16.929642 96169984 DuoBaoMgr.cpp:94] has the same doing data? id: 1
W1222 17:38:16.929692 96169984 DuoBaoMgr.cpp:94] has the same doing data? id: 2
W1222 17:38:16.929711 96169984 DuoBaoMgr.cpp:94] has the same doing data? id: 3
W1222 17:38:16.929728 96169984 DuoBaoMgr.cpp:94] has the same doing data? id: 26
W1222 17:38:16.929744 96169984 DuoBaoMgr.cpp:94] has the same doing data? id: 28
W1222 17:38:16.929760 96169984 DuoBaoMgr.cpp:94] has the same doing data? id: 29
W1222 17:38:16.929775 96169984 DuoBaoMgr.cpp:94] has the same doing data? id: 30
W1222 17:38:16.929791 96169984 DuoBaoMgr.cpp:94] has the same doing data? id: 31
W1222 17:38:16.929806 96169984 DuoBaoMgr.cpp:94] has the same doing data? id: 32
W1222 17:38:16.929831 96169984 DuoBaoMgr.cpp:175] load duo bao data finish.
W1222 19:04:40.007936 96169984 CenterThread.cpp:5018] update online user fail
W1222 19:06:03.700722 96169984 CenterThread.cpp:5018] update online user fail
W1222 20:16:08.144006 96169984 ServerMgr.cpp:851] remove one login server, id:10
W1222 20:16:08.146531 96169984 ServerMgr.cpp:835] remove one game server, id:1101
W1222 20:16:08.146793 96169984 ServerMgr.cpp:874] remove one proxy server, id:30
W1222 20:16:08.149464 96169984 CenterThread.cpp:120] db server is disconnect, after 1s will be reconnect!
W1222 20:16:09.623956 327116224 NetModule.cpp:703] ready reconnect server, server id: 0
W1222 20:53:26.177031 96169984 ServerMgr.cpp:835] remove one game server, id:1101
W1222 20:53:26.177075 96169984 ServerMgr.cpp:874] remove one proxy server, id:30
W1222 20:53:26.177103 96169984 ServerMgr.cpp:851] remove one login server, id:10
W1222 20:53:26.177122 96169984 CenterThread.cpp:120] db server is disconnect, after 1s will be reconnect!
W1222 20:53:27.661734 327116224 NetModule.cpp:703] ready reconnect server, server id: 0
W1223 02:08:37.170487 96169984 CenterThread.cpp:304] center server is across day.
W1223 02:08:47.176827 96169984 ServerMgr.cpp:851] remove one login server, id:10
W1223 02:08:47.177239 96169984 ServerMgr.cpp:835] remove one game server, id:1101
W1223 02:08:47.177374 96169984 ServerMgr.cpp:874] remove one proxy server, id:30
W1223 02:08:47.177466 96169984 CenterThread.cpp:120] db server is disconnect, after 1s will be reconnect!
W1223 02:08:48.239200 327116224 NetModule.cpp:703] ready reconnect server, server id: 0
W1223 10:00:03.186461 96169984 ServerMgr.cpp:874] remove one proxy server, id:30
W1223 10:00:03.186769 96169984 ServerMgr.cpp:851] remove one login server, id:10
W1223 10:00:03.186800 96169984 ServerMgr.cpp:835] remove one game server, id:1101
W1223 10:00:03.186822 96169984 CenterThread.cpp:120] db server is disconnect, after 1s will be reconnect!
W1223 10:00:04.658576 327116224 NetModule.cpp:703] ready reconnect server, server id: 0
W1223 15:31:20.216578 96169984 ServerMgr.cpp:874] remove one proxy server, id:30
W1223 15:31:20.216814 96169984 ServerMgr.cpp:835] remove one game server, id:1101
W1223 15:31:20.216840 96169984 ServerMgr.cpp:851] remove one login server, id:10
W1223 15:31:20.216861 96169984 CenterThread.cpp:120] db server is disconnect, after 1s will be reconnect!
W1223 15:31:21.696173 327116224 NetModule.cpp:703] ready reconnect server, server id: 0
W1224 09:45:03.232651 96169984 CenterThread.cpp:304] center server is across day.
W1224 09:45:03.280385 96169984 ServerMgr.cpp:835] remove one game server, id:1101
W1224 09:45:03.294908 96169984 ServerMgr.cpp:851] remove one login server, id:10
W1224 09:45:03.294958 96169984 ServerMgr.cpp:874] remove one proxy server, id:30
W1224 09:45:03.295003 96169984 CenterThread.cpp:120] db server is disconnect, after 1s will be reconnect!
W1224 09:45:04.732482 327116224 NetModule.cpp:703] ready reconnect server, server id: 0
W1224 10:00:56.282415 96169984 ServerMgr.cpp:851] remove one login server, id:10
W1224 10:00:56.290447 96169984 ServerMgr.cpp:874] remove one proxy server, id:30
W1224 10:00:56.292898 96169984 ServerMgr.cpp:835] remove one game server, id:1101
W1224 10:00:56.292963 96169984 CenterThread.cpp:120] db server is disconnect, after 1s will be reconnect!
W1224 10:00:57.764734 327116224 NetModule.cpp:703] ready reconnect server, server id: 0
W1224 11:29:17.782106 96169984 CenterThread.cpp:5018] update online user fail
W1224 14:24:59.886062 96169984 ServerMgr.cpp:835] remove one game server, id:1101
W1224 14:28:51.491066 96169984 ServerMgr.cpp:835] remove one game server, id:1101
W1224 14:51:28.738611 96169984 ServerMgr.cpp:835] remove one game server, id:1101
W1224 14:52:58.081568 96169984 CenterThread.cpp:5018] update online user fail
W1224 14:53:42.679549 96169984 CenterThread.cpp:5018] update online user fail
W1224 14:53:52.684957 96169984 CenterThread.cpp:5018] update online user fail
W1224 14:55:30.363467 96169984 CenterThread.cpp:5018] update online user fail
W1224 14:57:10.150214 96169984 ServerMgr.cpp:835] remove one game server, id:1101
W1224 15:06:08.450379 96169984 CenterThread.cpp:120] db server is disconnect, after 1s will be reconnect!
W1224 15:06:09.497440 327116224 NetModule.cpp:703] ready reconnect server, server id: 0
W1224 15:06:09.499366 96169984 CenterThread.cpp:120] db server is disconnect, after 1s will be reconnect!
W1224 15:06:10.998658 327116224 NetModule.cpp:703] ready reconnect server, server id: 0
W1224 15:06:27.131572 96169984 ActivityMgr.cpp:37] insert wealth god coming cfg fail. repeated cfg! id: 2
W1224 15:06:27.131669 96169984 ActivityMgr.cpp:37] insert wealth god coming cfg fail. repeated cfg! id: 1
W1224 15:06:27.131701 96169984 ActivityMgr.cpp:37] insert wealth god coming cfg fail. repeated cfg! id: 7
W1224 15:06:27.131753 96169984 ActivityMgr.cpp:37] insert wealth god coming cfg fail. repeated cfg! id: 4
W1224 15:06:27.131783 96169984 ActivityMgr.cpp:37] insert wealth god coming cfg fail. repeated cfg! id: 5
W1224 15:06:27.131800 96169984 ActivityMgr.cpp:37] insert wealth god coming cfg fail. repeated cfg! id: 6
W1224 15:06:27.131829 96169984 ActivityMgr.cpp:37] insert wealth god coming cfg fail. repeated cfg! id: 3
W1224 15:06:27.131851 96169984 ActivityMgr.cpp:37] insert wealth god coming cfg fail. repeated cfg! id: 8
W1224 15:06:27.131873 96169984 ActivityMgr.cpp:37] insert wealth god coming cfg fail. repeated cfg! id: 9
W1224 15:06:27.131894 96169984 ActivityMgr.cpp:37] insert wealth god coming cfg fail. repeated cfg! id: 10
W1224 15:06:27.131916 96169984 ActivityMgr.cpp:37] insert wealth god coming cfg fail. repeated cfg! id: 12
W1224 15:06:27.131933 96169984 ActivityMgr.cpp:37] insert wealth god coming cfg fail. repeated cfg! id: 11
W1224 15:06:27.131949 96169984 ActivityMgr.cpp:37] insert wealth god coming cfg fail. repeated cfg! id: 13
W1224 15:06:27.131965 96169984 ActivityMgr.cpp:37] insert wealth god coming cfg fail. repeated cfg! id: 14
W1224 15:06:27.131985 96169984 ActivityMgr.cpp:37] insert wealth god coming cfg fail. repeated cfg! id: 15
W1224 15:06:27.132009 96169984 ActivityMgr.cpp:37] insert wealth god coming cfg fail. repeated cfg! id: 16
W1224 15:06:27.132028 96169984 ActivityMgr.cpp:37] insert wealth god coming cfg fail. repeated cfg! id: 17
W1224 15:06:27.132051 96169984 ActivityMgr.cpp:37] insert wealth god coming cfg fail. repeated cfg! id: 18
W1224 15:06:27.581866 96169984 CenterThread.cpp:3932] OnSubLoadWealthGodHistoryData: 10
W1224 15:06:29.042263 96169984 CenterThread.cpp:3932] OnSubLoadWealthGodHistoryData: 10
W1224 15:06:30.311880 96169984 CenterThread.cpp:3932] OnSubLoadWealthGodHistoryData: 10
W1224 15:06:31.579399 96169984 CenterThread.cpp:3932] OnSubLoadWealthGodHistoryData: 10
W1224 15:06:32.823592 96169984 CenterThread.cpp:3932] OnSubLoadWealthGodHistoryData: 10
W1224 15:06:34.077250 96169984 CenterThread.cpp:3932] OnSubLoadWealthGodHistoryData: 10
W1224 15:06:35.325093 96169984 CenterThread.cpp:3932] OnSubLoadWealthGodHistoryData: 10
W1224 15:06:36.576140 96169984 CenterThread.cpp:3932] OnSubLoadWealthGodHistoryData: 10
W1224 15:06:37.808148 96169984 CenterThread.cpp:3932] OnSubLoadWealthGodHistoryData: 10
W1224 15:06:39.281839 96169984 CenterThread.cpp:3932] OnSubLoadWealthGodHistoryData: 10
W1224 15:06:40.516629 96169984 CenterThread.cpp:3932] OnSubLoadWealthGodHistoryData: 10
W1224 15:06:41.964629 96169984 DuoBaoMgr.cpp:34] insert duo bao cfg fail. repeated cfg! id: 1
W1224 15:06:41.964682 96169984 DuoBaoMgr.cpp:34] insert duo bao cfg fail. repeated cfg! id: 2
W1224 15:06:41.964704 96169984 DuoBaoMgr.cpp:34] insert duo bao cfg fail. repeated cfg! id: 3
W1224 15:06:41.964722 96169984 DuoBaoMgr.cpp:34] insert duo bao cfg fail. repeated cfg! id: 26
W1224 15:06:41.964740 96169984 DuoBaoMgr.cpp:34] insert duo bao cfg fail. repeated cfg! id: 28
W1224 15:06:41.964758 96169984 DuoBaoMgr.cpp:34] insert duo bao cfg fail. repeated cfg! id: 29
W1224 15:06:41.964776 96169984 DuoBaoMgr.cpp:34] insert duo bao cfg fail. repeated cfg! id: 30
W1224 15:06:41.964793 96169984 DuoBaoMgr.cpp:34] insert duo bao cfg fail. repeated cfg! id: 31
W1224 15:06:41.964810 96169984 DuoBaoMgr.cpp:34] insert duo bao cfg fail. repeated cfg! id: 32
W1224 15:06:55.126258 96169984 DuoBaoMgr.cpp:94] has the same doing data? id: 1
W1224 15:06:55.126308 96169984 DuoBaoMgr.cpp:94] has the same doing data? id: 2
W1224 15:06:55.126329 96169984 DuoBaoMgr.cpp:94] has the same doing data? id: 3
W1224 15:06:55.126348 96169984 DuoBaoMgr.cpp:94] has the same doing data? id: 26
W1224 15:06:55.126368 96169984 DuoBaoMgr.cpp:94] has the same doing data? id: 28
W1224 15:06:55.126385 96169984 DuoBaoMgr.cpp:94] has the same doing data? id: 29
W1224 15:06:55.126404 96169984 DuoBaoMgr.cpp:94] has the same doing data? id: 30
W1224 15:06:55.126422 96169984 DuoBaoMgr.cpp:94] has the same doing data? id: 31
W1224 15:06:55.126441 96169984 DuoBaoMgr.cpp:94] has the same doing data? id: 32
W1224 15:06:55.126464 96169984 DuoBaoMgr.cpp:175] load duo bao data finish.
W1224 15:13:59.444768 96169984 ServerMgr.cpp:835] remove one game server, id:1101
W1224 15:18:09.360241 96169984 CenterThread.cpp:5018] update online user fail
W1224 15:18:32.987380 96169984 ServerMgr.cpp:835] remove one game server, id:1101
W1224 15:42:15.194041 96169984 CenterThread.cpp:120] db server is disconnect, after 1s will be reconnect!
W1224 15:42:16.497673 327116224 NetModule.cpp:703] ready reconnect server, server id: 0
W1224 15:42:16.499866 96169984 CenterThread.cpp:120] db server is disconnect, after 1s will be reconnect!
W1224 15:42:17.999444 327116224 NetModule.cpp:703] ready reconnect server, server id: 0
W1224 15:42:17.999752 96169984 CenterThread.cpp:120] db server is disconnect, after 1s will be reconnect!
W1224 15:42:19.504971 327116224 NetModule.cpp:703] ready reconnect server, server id: 0
W1224 15:42:19.506928 96169984 CenterThread.cpp:120] db server is disconnect, after 1s will be reconnect!
W1224 15:42:21.011626 327116224 NetModule.cpp:703] ready reconnect server, server id: 0
W1224 15:42:21.013579 96169984 CenterThread.cpp:120] db server is disconnect, after 1s will be reconnect!
W1224 15:42:22.512894 327116224 NetModule.cpp:703] ready reconnect server, server id: 0
W1224 15:42:22.515249 96169984 CenterThread.cpp:120] db server is disconnect, after 1s will be reconnect!
W1224 15:42:24.017633 327116224 NetModule.cpp:703] ready reconnect server, server id: 0
W1224 15:42:24.019515 96169984 CenterThread.cpp:120] db server is disconnect, after 1s will be reconnect!
W1224 15:42:25.520575 327116224 NetModule.cpp:703] ready reconnect server, server id: 0
W1224 15:42:25.522505 96169984 CenterThread.cpp:120] db server is disconnect, after 1s will be reconnect!
W1224 15:42:27.024003 327116224 NetModule.cpp:703] ready reconnect server, server id: 0
W1224 15:42:27.024845 96169984 CenterThread.cpp:120] db server is disconnect, after 1s will be reconnect!
W1224 15:42:28.527459 327116224 NetModule.cpp:703] ready reconnect server, server id: 0
W1224 15:42:28.528846 96169984 CenterThread.cpp:120] db server is disconnect, after 1s will be reconnect!
W1224 15:42:30.032701 327116224 NetModule.cpp:703] ready reconnect server, server id: 0
W1224 15:42:30.035111 96169984 CenterThread.cpp:120] db server is disconnect, after 1s will be reconnect!
W1224 15:42:31.535151 327116224 NetModule.cpp:703] ready reconnect server, server id: 0
W1224 15:42:31.536239 96169984 CenterThread.cpp:120] db server is disconnect, after 1s will be reconnect!
W1224 15:42:33.039863 327116224 NetModule.cpp:703] ready reconnect server, server id: 0
W1224 15:42:33.042248 96169984 CenterThread.cpp:120] db server is disconnect, after 1s will be reconnect!
W1224 15:42:34.544029 327116224 NetModule.cpp:703] ready reconnect server, server id: 0
W1224 15:42:34.544489 96169984 CenterThread.cpp:120] db server is disconnect, after 1s will be reconnect!
W1224 15:42:36.048897 327116224 NetModule.cpp:703] ready reconnect server, server id: 0
W1224 15:42:36.051188 96169984 CenterThread.cpp:120] db server is disconnect, after 1s will be reconnect!
W1224 15:42:37.553838 327116224 NetModule.cpp:703] ready reconnect server, server id: 0
W1224 15:42:37.554178 96169984 CenterThread.cpp:120] db server is disconnect, after 1s will be reconnect!
W1224 15:42:39.055855 327116224 NetModule.cpp:703] ready reconnect server, server id: 0
W1224 15:42:39.058255 96169984 CenterThread.cpp:120] db server is disconnect, after 1s will be reconnect!
W1224 15:42:40.561084 327116224 NetModule.cpp:703] ready reconnect server, server id: 0
W1224 15:42:40.562626 96169984 CenterThread.cpp:120] db server is disconnect, after 1s will be reconnect!
W1224 15:42:42.070350 327116224 NetModule.cpp:703] ready reconnect server, server id: 0
W1224 15:42:42.072624 96169984 CenterThread.cpp:120] db server is disconnect, after 1s will be reconnect!
W1224 15:42:43.575147 327116224 NetModule.cpp:703] ready reconnect server, server id: 0
W1224 15:42:43.577494 96169984 CenterThread.cpp:120] db server is disconnect, after 1s will be reconnect!
W1224 15:42:45.081460 327116224 NetModule.cpp:703] ready reconnect server, server id: 0
W1224 15:42:45.082587 96169984 CenterThread.cpp:120] db server is disconnect, after 1s will be reconnect!
W1224 15:42:46.586753 327116224 NetModule.cpp:703] ready reconnect server, server id: 0
W1224 15:42:46.588369 96169984 CenterThread.cpp:120] db server is disconnect, after 1s will be reconnect!
W1224 15:42:48.090456 327116224 NetModule.cpp:703] ready reconnect server, server id: 0
W1224 15:42:48.091219 96169984 CenterThread.cpp:120] db server is disconnect, after 1s will be reconnect!
W1224 15:42:49.593292 327116224 NetModule.cpp:703] ready reconnect server, server id: 0
W1224 15:42:49.595211 96169984 CenterThread.cpp:120] db server is disconnect, after 1s will be reconnect!
W1224 15:42:51.098738 327116224 NetModule.cpp:703] ready reconnect server, server id: 0
W1224 15:42:51.100442 96169984 CenterThread.cpp:120] db server is disconnect, after 1s will be reconnect!
W1224 15:42:52.604138 327116224 NetModule.cpp:703] ready reconnect server, server id: 0
W1224 15:42:52.606456 96169984 CenterThread.cpp:120] db server is disconnect, after 1s will be reconnect!
W1224 15:42:54.107008 327116224 NetModule.cpp:703] ready reconnect server, server id: 0
W1224 15:42:54.107719 96169984 CenterThread.cpp:120] db server is disconnect, after 1s will be reconnect!
W1224 15:42:55.611460 327116224 NetModule.cpp:703] ready reconnect server, server id: 0
W1224 15:42:55.613376 96169984 CenterThread.cpp:120] db server is disconnect, after 1s will be reconnect!
W1224 15:42:57.115170 327116224 NetModule.cpp:703] ready reconnect server, server id: 0
W1224 15:42:57.117003 96169984 CenterThread.cpp:120] db server is disconnect, after 1s will be reconnect!
W1224 15:42:58.620698 327116224 NetModule.cpp:703] ready reconnect server, server id: 0
W1224 15:42:58.623088 96169984 CenterThread.cpp:120] db server is disconnect, after 1s will be reconnect!
W1224 15:43:00.125213 327116224 NetModule.cpp:703] ready reconnect server, server id: 0
W1224 15:43:00.127512 96169984 CenterThread.cpp:120] db server is disconnect, after 1s will be reconnect!
W1224 15:43:01.632550 327116224 NetModule.cpp:703] ready reconnect server, server id: 0
W1224 15:43:01.634937 96169984 CenterThread.cpp:120] db server is disconnect, after 1s will be reconnect!
W1224 15:43:03.136462 327116224 NetModule.cpp:703] ready reconnect server, server id: 0
W1224 15:43:03.138288 96169984 CenterThread.cpp:120] db server is disconnect, after 1s will be reconnect!
W1224 15:43:04.639962 327116224 NetModule.cpp:703] ready reconnect server, server id: 0
W1224 15:43:04.641500 96169984 CenterThread.cpp:120] db server is disconnect, after 1s will be reconnect!
W1224 15:43:06.141942 327116224 NetModule.cpp:703] ready reconnect server, server id: 0
W1224 15:43:06.144068 96169984 CenterThread.cpp:120] db server is disconnect, after 1s will be reconnect!
W1224 15:43:07.648715 327116224 NetModule.cpp:703] ready reconnect server, server id: 0
W1224 15:43:07.648931 96169984 CenterThread.cpp:120] db server is disconnect, after 1s will be reconnect!
W1224 15:43:09.152248 327116224 NetModule.cpp:703] ready reconnect server, server id: 0
W1224 15:43:09.153734 96169984 CenterThread.cpp:120] db server is disconnect, after 1s will be reconnect!
W1224 15:43:10.659911 327116224 NetModule.cpp:703] ready reconnect server, server id: 0
W1224 15:43:10.662278 96169984 CenterThread.cpp:120] db server is disconnect, after 1s will be reconnect!
W1224 15:43:12.162914 327116224 NetModule.cpp:703] ready reconnect server, server id: 0
W1224 15:43:12.163353 96169984 CenterThread.cpp:120] db server is disconnect, after 1s will be reconnect!
W1224 15:43:13.663290 327116224 NetModule.cpp:703] ready reconnect server, server id: 0
W1224 15:43:13.664247 96169984 CenterThread.cpp:120] db server is disconnect, after 1s will be reconnect!
W1224 15:43:15.170692 327116224 NetModule.cpp:703] ready reconnect server, server id: 0
W1224 15:43:15.172634 96169984 CenterThread.cpp:120] db server is disconnect, after 1s will be reconnect!
W1224 15:43:16.675319 327116224 NetModule.cpp:703] ready reconnect server, server id: 0
W1224 15:43:16.676928 96169984 CenterThread.cpp:120] db server is disconnect, after 1s will be reconnect!
W1224 15:43:18.181921 327116224 NetModule.cpp:703] ready reconnect server, server id: 0
W1224 15:43:18.183537 96169984 CenterThread.cpp:120] db server is disconnect, after 1s will be reconnect!
W1224 15:43:19.685148 327116224 NetModule.cpp:703] ready reconnect server, server id: 0
W1224 15:43:19.686669 96169984 CenterThread.cpp:120] db server is disconnect, after 1s will be reconnect!
W1224 15:43:21.191916 327116224 NetModule.cpp:703] ready reconnect server, server id: 0
W1224 15:43:21.194303 96169984 CenterThread.cpp:120] db server is disconnect, after 1s will be reconnect!
W1224 15:43:22.695276 327116224 NetModule.cpp:703] ready reconnect server, server id: 0
W1224 15:43:22.697656 96169984 CenterThread.cpp:120] db server is disconnect, after 1s will be reconnect!
W1224 15:43:24.199467 327116224 NetModule.cpp:703] ready reconnect server, server id: 0
W1224 15:43:24.201443 96169984 CenterThread.cpp:120] db server is disconnect, after 1s will be reconnect!
W1224 15:43:25.707548 327116224 NetModule.cpp:703] ready reconnect server, server id: 0
W1224 15:43:25.708634 96169984 CenterThread.cpp:120] db server is disconnect, after 1s will be reconnect!
W1224 15:43:27.213328 327116224 NetModule.cpp:703] ready reconnect server, server id: 0
W1224 15:43:27.215695 96169984 CenterThread.cpp:120] db server is disconnect, after 1s will be reconnect!
W1224 15:43:28.717136 327116224 NetModule.cpp:703] ready reconnect server, server id: 0
W1224 15:43:28.719486 96169984 CenterThread.cpp:120] db server is disconnect, after 1s will be reconnect!
W1224 15:43:30.224611 327116224 NetModule.cpp:703] ready reconnect server, server id: 0
W1224 15:43:30.226877 96169984 CenterThread.cpp:120] db server is disconnect, after 1s will be reconnect!
W1224 15:43:31.728212 327116224 NetModule.cpp:703] ready reconnect server, server id: 0
W1224 15:43:31.730366 96169984 CenterThread.cpp:120] db server is disconnect, after 1s will be reconnect!
W1224 15:43:33.230288 327116224 NetModule.cpp:703] ready reconnect server, server id: 0
W1224 15:43:33.231935 96169984 CenterThread.cpp:120] db server is disconnect, after 1s will be reconnect!
W1224 15:43:34.735019 327116224 NetModule.cpp:703] ready reconnect server, server id: 0
W1224 15:43:34.736243 96169984 CenterThread.cpp:120] db server is disconnect, after 1s will be reconnect!
W1224 15:43:36.242117 327116224 NetModule.cpp:703] ready reconnect server, server id: 0
W1224 15:43:36.244460 96169984 CenterThread.cpp:120] db server is disconnect, after 1s will be reconnect!
W1224 15:43:37.746755 327116224 NetModule.cpp:703] ready reconnect server, server id: 0
W1224 15:43:37.747393 96169984 CenterThread.cpp:120] db server is disconnect, after 1s will be reconnect!
W1224 15:43:39.254082 327116224 NetModule.cpp:703] ready reconnect server, server id: 0
W1224 15:43:39.255986 96169984 CenterThread.cpp:120] db server is disconnect, after 1s will be reconnect!
W1224 15:43:40.759503 327116224 NetModule.cpp:703] ready reconnect server, server id: 0
W1224 15:43:40.760933 96169984 CenterThread.cpp:120] db server is disconnect, after 1s will be reconnect!
W1224 15:43:42.263263 327116224 NetModule.cpp:703] ready reconnect server, server id: 0
W1224 15:43:42.263752 96169984 CenterThread.cpp:120] db server is disconnect, after 1s will be reconnect!
W1224 15:43:43.766324 327116224 NetModule.cpp:703] ready reconnect server, server id: 0
W1224 15:43:43.767912 96169984 CenterThread.cpp:120] db server is disconnect, after 1s will be reconnect!
W1224 15:43:45.271200 327116224 NetModule.cpp:703] ready reconnect server, server id: 0
W1224 15:43:45.272294 96169984 CenterThread.cpp:120] db server is disconnect, after 1s will be reconnect!
W1224 15:43:46.772883 327116224 NetModule.cpp:703] ready reconnect server, server id: 0
W1224 15:43:46.775188 96169984 CenterThread.cpp:120] db server is disconnect, after 1s will be reconnect!
W1224 15:43:48.277606 327116224 NetModule.cpp:703] ready reconnect server, server id: 0
W1224 15:43:48.279165 96169984 CenterThread.cpp:120] db server is disconnect, after 1s will be reconnect!
W1224 15:43:49.783450 327116224 NetModule.cpp:703] ready reconnect server, server id: 0
W1224 15:43:49.784993 96169984 CenterThread.cpp:120] db server is disconnect, after 1s will be reconnect!
W1224 15:43:51.287115 327116224 NetModule.cpp:703] ready reconnect server, server id: 0
W1224 15:43:51.288592 96169984 CenterThread.cpp:120] db server is disconnect, after 1s will be reconnect!
W1224 15:43:52.790343 327116224 NetModule.cpp:703] ready reconnect server, server id: 0
W1224 15:43:52.791539 96169984 CenterThread.cpp:120] db server is disconnect, after 1s will be reconnect!
W1224 15:43:54.296375 327116224 NetModule.cpp:703] ready reconnect server, server id: 0
W1224 15:43:54.298164 96169984 CenterThread.cpp:120] db server is disconnect, after 1s will be reconnect!
W1224 15:43:55.797250 327116224 NetModule.cpp:703] ready reconnect server, server id: 0
W1224 15:43:55.799680 96169984 CenterThread.cpp:120] db server is disconnect, after 1s will be reconnect!
W1224 15:43:57.304239 327116224 NetModule.cpp:703] ready reconnect server, server id: 0
W1224 15:43:57.306141 96169984 CenterThread.cpp:120] db server is disconnect, after 1s will be reconnect!
W1224 15:43:58.806808 327116224 NetModule.cpp:703] ready reconnect server, server id: 0
W1224 15:43:58.809137 96169984 CenterThread.cpp:120] db server is disconnect, after 1s will be reconnect!
W1224 15:44:00.312017 327116224 NetModule.cpp:703] ready reconnect server, server id: 0
W1224 15:44:00.313088 96169984 CenterThread.cpp:120] db server is disconnect, after 1s will be reconnect!
W1224 15:44:01.816540 327116224 NetModule.cpp:703] ready reconnect server, server id: 0
W1224 15:44:01.817862 96169984 CenterThread.cpp:120] db server is disconnect, after 1s will be reconnect!
W1224 15:44:03.321607 327116224 NetModule.cpp:703] ready reconnect server, server id: 0
W1224 15:44:03.323501 96169984 CenterThread.cpp:120] db server is disconnect, after 1s will be reconnect!
W1224 15:44:04.829705 327116224 NetModule.cpp:703] ready reconnect server, server id: 0
W1224 15:44:04.831064 96169984 CenterThread.cpp:120] db server is disconnect, after 1s will be reconnect!
W1224 15:44:06.338685 327116224 NetModule.cpp:703] ready reconnect server, server id: 0
W1224 15:44:06.339515 96169984 CenterThread.cpp:120] db server is disconnect, after 1s will be reconnect!
W1224 15:44:07.846832 327116224 NetModule.cpp:703] ready reconnect server, server id: 0
W1224 15:44:07.848418 96169984 CenterThread.cpp:120] db server is disconnect, after 1s will be reconnect!
W1224 15:44:09.350653 327116224 NetModule.cpp:703] ready reconnect server, server id: 0
W1224 15:44:09.351970 96169984 CenterThread.cpp:120] db server is disconnect, after 1s will be reconnect!
W1224 15:44:10.854928 327116224 NetModule.cpp:703] ready reconnect server, server id: 0
W1224 15:44:10.856989 96169984 CenterThread.cpp:120] db server is disconnect, after 1s will be reconnect!
W1224 15:44:12.358664 327116224 NetModule.cpp:703] ready reconnect server, server id: 0
W1224 15:44:12.360512 96169984 CenterThread.cpp:120] db server is disconnect, after 1s will be reconnect!
W1224 15:44:13.863956 327116224 NetModule.cpp:703] ready reconnect server, server id: 0
W1224 15:44:13.865229 96169984 CenterThread.cpp:120] db server is disconnect, after 1s will be reconnect!
W1224 15:44:15.366943 327116224 NetModule.cpp:703] ready reconnect server, server id: 0
W1224 15:44:15.368474 96169984 CenterThread.cpp:120] db server is disconnect, after 1s will be reconnect!
W1224 15:44:16.869944 327116224 NetModule.cpp:703] ready reconnect server, server id: 0
W1224 15:44:16.871829 96169984 CenterThread.cpp:120] db server is disconnect, after 1s will be reconnect!
