W1213 01:14:28.182198 325195200 NetModule.cpp:703] ready reconnect server, server id: 0
W1213 01:20:03.539393 185397248 ServerMgr.cpp:827] remove one game server, id:1101
W1213 01:20:03.539428 185397248 ServerMgr.cpp:843] remove one login server, id:10
W1213 01:20:03.539449 185397248 ServerMgr.cpp:866] remove one proxy server, id:30
W1213 01:20:03.539469 185397248 CenterThread.cpp:120] db server is disconnect, after 1s will be reconnect!
W1213 01:20:05.030822 325195200 NetModule.cpp:703] ready reconnect server, server id: 0
W1213 01:25:40.756768 185397248 ServerMgr.cpp:866] remove one proxy server, id:30
W1213 01:25:40.756812 185397248 ServerMgr.cpp:827] remove one game server, id:1101
W1213 01:25:40.756852 185397248 ServerMgr.cpp:843] remove one login server, id:10
W1213 01:25:40.756933 185397248 CenterThread.cpp:120] db server is disconnect, after 1s will be reconnect!
W1213 01:25:42.230692 325195200 NetModule.cpp:703] ready reconnect server, server id: 0
W1213 01:31:17.663101 185397248 ServerMgr.cpp:827] remove one game server, id:1101
W1213 01:31:17.663138 185397248 ServerMgr.cpp:843] remove one login server, id:10
W1213 01:31:17.663161 185397248 ServerMgr.cpp:866] remove one proxy server, id:30
W1213 01:31:17.663180 185397248 CenterThread.cpp:120] db server is disconnect, after 1s will be reconnect!
W1213 01:31:19.141692 325195200 NetModule.cpp:703] ready reconnect server, server id: 0
W1213 02:07:03.787458 185397248 ServerMgr.cpp:827] remove one game server, id:1101
W1213 02:07:03.787577 185397248 ServerMgr.cpp:843] remove one login server, id:10
W1213 02:07:03.787621 185397248 ServerMgr.cpp:866] remove one proxy server, id:30
W1213 02:07:03.787662 185397248 CenterThread.cpp:120] db server is disconnect, after 1s will be reconnect!
W1213 02:07:05.269685 325195200 NetModule.cpp:703] ready reconnect server, server id: 0
W1213 02:12:40.717875 185397248 ServerMgr.cpp:843] remove one login server, id:10
W1213 02:12:40.717921 185397248 ServerMgr.cpp:827] remove one game server, id:1101
W1213 02:12:40.717945 185397248 ServerMgr.cpp:866] remove one proxy server, id:30
W1213 02:12:40.717964 185397248 CenterThread.cpp:120] db server is disconnect, after 1s will be reconnect!
W1213 02:12:42.199460 325195200 NetModule.cpp:703] ready reconnect server, server id: 0
W1213 02:18:17.567816 185397248 ServerMgr.cpp:843] remove one login server, id:10
W1213 02:18:17.567867 185397248 ServerMgr.cpp:866] remove one proxy server, id:30
W1213 02:18:17.567903 185397248 ServerMgr.cpp:827] remove one game server, id:1101
W1213 02:18:17.567934 185397248 CenterThread.cpp:120] db server is disconnect, after 1s will be reconnect!
W1213 02:18:19.047590 325195200 NetModule.cpp:703] ready reconnect server, server id: 0
W1213 02:23:54.816407 185397248 ServerMgr.cpp:827] remove one game server, id:1101
W1213 02:23:54.816448 185397248 ServerMgr.cpp:843] remove one login server, id:10
W1213 02:23:54.816471 185397248 ServerMgr.cpp:866] remove one proxy server, id:30
W1213 02:23:54.816491 185397248 CenterThread.cpp:120] db server is disconnect, after 1s will be reconnect!
W1213 02:23:56.297214 325195200 NetModule.cpp:703] ready reconnect server, server id: 0
W1213 02:29:31.706568 185397248 ServerMgr.cpp:827] remove one game server, id:1101
W1213 02:29:31.706611 185397248 ServerMgr.cpp:866] remove one proxy server, id:30
W1213 02:29:31.706646 185397248 ServerMgr.cpp:843] remove one login server, id:10
W1213 02:29:31.706665 185397248 CenterThread.cpp:120] db server is disconnect, after 1s will be reconnect!
W1213 02:29:33.189736 325195200 NetModule.cpp:703] ready reconnect server, server id: 0
W1213 02:35:08.566433 185397248 ServerMgr.cpp:827] remove one game server, id:1101
W1213 02:35:08.566491 185397248 ServerMgr.cpp:843] remove one login server, id:10
W1213 02:35:08.566521 185397248 ServerMgr.cpp:866] remove one proxy server, id:30
W1213 02:35:08.566545 185397248 CenterThread.cpp:120] db server is disconnect, after 1s will be reconnect!
W1213 02:35:10.049330 325195200 NetModule.cpp:703] ready reconnect server, server id: 0
W1213 02:40:45.743675 185397248 ServerMgr.cpp:827] remove one game server, id:1101
W1213 02:40:45.743721 185397248 ServerMgr.cpp:843] remove one login server, id:10
W1213 02:40:45.743752 185397248 ServerMgr.cpp:866] remove one proxy server, id:30
W1213 02:40:45.743777 185397248 CenterThread.cpp:120] db server is disconnect, after 1s will be reconnect!
W1213 02:40:47.229050 325195200 NetModule.cpp:703] ready reconnect server, server id: 0
W1213 03:15:53.812882 185397248 ServerMgr.cpp:827] remove one game server, id:1101
W1213 03:15:53.812925 185397248 ServerMgr.cpp:843] remove one login server, id:10
W1213 03:15:53.812952 185397248 ServerMgr.cpp:866] remove one proxy server, id:30
W1213 03:15:53.812979 185397248 CenterThread.cpp:120] db server is disconnect, after 1s will be reconnect!
W1213 03:15:55.299896 325195200 NetModule.cpp:703] ready reconnect server, server id: 0
W1213 03:21:30.735122 185397248 ServerMgr.cpp:843] remove one login server, id:10
W1213 03:21:30.735193 185397248 ServerMgr.cpp:827] remove one game server, id:1101
W1213 03:21:30.735234 185397248 ServerMgr.cpp:866] remove one proxy server, id:30
W1213 03:21:30.735270 185397248 CenterThread.cpp:120] db server is disconnect, after 1s will be reconnect!
W1213 03:21:32.221971 325195200 NetModule.cpp:703] ready reconnect server, server id: 0
W1213 03:27:07.582337 185397248 ServerMgr.cpp:827] remove one game server, id:1101
W1213 03:27:07.582370 185397248 ServerMgr.cpp:866] remove one proxy server, id:30
W1213 03:27:07.582393 185397248 ServerMgr.cpp:843] remove one login server, id:10
W1213 03:27:07.585022 185397248 CenterThread.cpp:120] db server is disconnect, after 1s will be reconnect!
W1213 03:27:09.070837 325195200 NetModule.cpp:703] ready reconnect server, server id: 0
W1213 03:32:44.823683 185397248 ServerMgr.cpp:827] remove one game server, id:1101
W1213 03:32:44.823736 185397248 ServerMgr.cpp:866] remove one proxy server, id:30
W1213 03:32:44.823765 185397248 ServerMgr.cpp:843] remove one login server, id:10
W1213 03:32:44.823799 185397248 CenterThread.cpp:120] db server is disconnect, after 1s will be reconnect!
W1213 03:32:46.305953 325195200 NetModule.cpp:703] ready reconnect server, server id: 0
W1213 03:38:21.739353 185397248 ServerMgr.cpp:827] remove one game server, id:1101
W1213 03:38:21.739437 185397248 ServerMgr.cpp:843] remove one login server, id:10
W1213 03:38:21.739487 185397248 ServerMgr.cpp:866] remove one proxy server, id:30
W1213 03:38:21.739521 185397248 CenterThread.cpp:120] db server is disconnect, after 1s will be reconnect!
W1213 03:38:23.219790 325195200 NetModule.cpp:703] ready reconnect server, server id: 0
W1213 03:43:58.754796 185397248 ServerMgr.cpp:827] remove one game server, id:1101
W1213 03:43:58.754833 185397248 ServerMgr.cpp:843] remove one login server, id:10
W1213 03:43:58.754855 185397248 ServerMgr.cpp:866] remove one proxy server, id:30
W1213 03:43:58.754873 185397248 CenterThread.cpp:120] db server is disconnect, after 1s will be reconnect!
W1213 03:44:00.227646 325195200 NetModule.cpp:703] ready reconnect server, server id: 0
W1213 03:49:35.911145 185397248 ServerMgr.cpp:843] remove one login server, id:10
W1213 03:49:35.911201 185397248 ServerMgr.cpp:827] remove one game server, id:1101
W1213 03:49:35.911229 185397248 ServerMgr.cpp:866] remove one proxy server, id:30
W1213 03:49:35.911267 185397248 CenterThread.cpp:120] db server is disconnect, after 1s will be reconnect!
W1213 03:49:37.394621 325195200 NetModule.cpp:703] ready reconnect server, server id: 0
W1213 04:20:43.848261 185397248 ServerMgr.cpp:866] remove one proxy server, id:30
W1213 04:20:43.848336 185397248 ServerMgr.cpp:843] remove one login server, id:10
W1213 04:20:43.848366 185397248 ServerMgr.cpp:827] remove one game server, id:1101
W1213 04:20:43.848387 185397248 CenterThread.cpp:120] db server is disconnect, after 1s will be reconnect!
W1213 04:20:45.324977 325195200 NetModule.cpp:703] ready reconnect server, server id: 0
W1213 04:26:20.738523 185397248 ServerMgr.cpp:843] remove one login server, id:10
W1213 04:26:20.738562 185397248 ServerMgr.cpp:827] remove one game server, id:1101
W1213 04:26:20.738608 185397248 ServerMgr.cpp:866] remove one proxy server, id:30
W1213 04:26:20.738631 185397248 CenterThread.cpp:120] db server is disconnect, after 1s will be reconnect!
W1213 04:26:22.220510 325195200 NetModule.cpp:703] ready reconnect server, server id: 0
W1213 04:31:57.927930 185397248 ServerMgr.cpp:827] remove one game server, id:1101
W1213 04:31:57.927971 185397248 ServerMgr.cpp:866] remove one proxy server, id:30
W1213 04:31:57.928051 185397248 ServerMgr.cpp:843] remove one login server, id:10
W1213 04:31:57.928078 185397248 CenterThread.cpp:120] db server is disconnect, after 1s will be reconnect!
W1213 04:31:59.411195 325195200 NetModule.cpp:703] ready reconnect server, server id: 0
W1213 04:37:34.853602 185397248 ServerMgr.cpp:827] remove one game server, id:1101
W1213 04:37:34.853652 185397248 ServerMgr.cpp:866] remove one proxy server, id:30
W1213 04:37:34.853683 185397248 ServerMgr.cpp:843] remove one login server, id:10
W1213 04:37:34.853710 185397248 CenterThread.cpp:120] db server is disconnect, after 1s will be reconnect!
W1213 04:37:36.331691 325195200 NetModule.cpp:703] ready reconnect server, server id: 0
W1213 04:43:11.776159 185397248 ServerMgr.cpp:827] remove one game server, id:1101
W1213 04:43:11.776191 185397248 ServerMgr.cpp:843] remove one login server, id:10
W1213 04:43:11.776213 185397248 ServerMgr.cpp:866] remove one proxy server, id:30
W1213 04:43:11.776233 185397248 CenterThread.cpp:120] db server is disconnect, after 1s will be reconnect!
W1213 04:43:13.248545 325195200 NetModule.cpp:703] ready reconnect server, server id: 0
W1213 04:48:48.618955 185397248 ServerMgr.cpp:827] remove one game server, id:1101
W1213 04:48:48.619107 185397248 ServerMgr.cpp:843] remove one login server, id:10
W1213 04:48:48.619135 185397248 ServerMgr.cpp:866] remove one proxy server, id:30
W1213 04:48:48.619155 185397248 CenterThread.cpp:120] db server is disconnect, after 1s will be reconnect!
W1213 04:48:50.103250 325195200 NetModule.cpp:703] ready reconnect server, server id: 0
W1213 04:54:25.810276 185397248 ServerMgr.cpp:827] remove one game server, id:1101
W1213 04:54:25.810320 185397248 ServerMgr.cpp:843] remove one login server, id:10
W1213 04:54:25.810344 185397248 ServerMgr.cpp:866] remove one proxy server, id:30
W1213 04:54:25.810389 185397248 CenterThread.cpp:120] db server is disconnect, after 1s will be reconnect!
W1213 04:54:27.290354 325195200 NetModule.cpp:703] ready reconnect server, server id: 0
W1213 05:26:05.866219 185397248 ServerMgr.cpp:827] remove one game server, id:1101
W1213 05:26:05.866268 185397248 ServerMgr.cpp:866] remove one proxy server, id:30
W1213 05:26:05.866291 185397248 ServerMgr.cpp:843] remove one login server, id:10
W1213 05:26:05.873694 185397248 CenterThread.cpp:120] db server is disconnect, after 1s will be reconnect!
W1213 05:26:07.351456 325195200 NetModule.cpp:703] ready reconnect server, server id: 0
W1213 05:26:07.789191 185397248 ActivityMgr.cpp:37] insert wealth god coming cfg fail. repeated cfg! id: 2
W1213 05:26:07.789327 185397248 ActivityMgr.cpp:37] insert wealth god coming cfg fail. repeated cfg! id: 1
W1213 05:26:07.789386 185397248 ActivityMgr.cpp:37] insert wealth god coming cfg fail. repeated cfg! id: 7
W1213 05:26:07.789438 185397248 ActivityMgr.cpp:37] insert wealth god coming cfg fail. repeated cfg! id: 4
W1213 05:26:07.789546 185397248 ActivityMgr.cpp:37] insert wealth god coming cfg fail. repeated cfg! id: 5
W1213 05:26:07.789594 185397248 ActivityMgr.cpp:37] insert wealth god coming cfg fail. repeated cfg! id: 6
W1213 05:26:07.789638 185397248 ActivityMgr.cpp:37] insert wealth god coming cfg fail. repeated cfg! id: 3
W1213 05:26:07.789682 185397248 ActivityMgr.cpp:37] insert wealth god coming cfg fail. repeated cfg! id: 8
W1213 05:26:07.789726 185397248 ActivityMgr.cpp:37] insert wealth god coming cfg fail. repeated cfg! id: 9
W1213 05:26:07.789769 185397248 ActivityMgr.cpp:37] insert wealth god coming cfg fail. repeated cfg! id: 10
W1213 05:26:07.789814 185397248 ActivityMgr.cpp:37] insert wealth god coming cfg fail. repeated cfg! id: 12
W1213 05:26:07.789858 185397248 ActivityMgr.cpp:37] insert wealth god coming cfg fail. repeated cfg! id: 11
W1213 05:26:07.790132 185397248 ActivityMgr.cpp:37] insert wealth god coming cfg fail. repeated cfg! id: 13
W1213 05:26:07.790211 185397248 ActivityMgr.cpp:37] insert wealth god coming cfg fail. repeated cfg! id: 14
W1213 05:26:07.790261 185397248 ActivityMgr.cpp:37] insert wealth god coming cfg fail. repeated cfg! id: 15
W1213 05:26:07.790302 185397248 ActivityMgr.cpp:37] insert wealth god coming cfg fail. repeated cfg! id: 16
W1213 05:26:07.790343 185397248 ActivityMgr.cpp:37] insert wealth god coming cfg fail. repeated cfg! id: 17
W1213 05:26:07.790388 185397248 ActivityMgr.cpp:37] insert wealth god coming cfg fail. repeated cfg! id: 28
W1213 05:26:07.790431 185397248 ActivityMgr.cpp:37] insert wealth god coming cfg fail. repeated cfg! id: 18
W1213 05:26:33.871950 185397248 CenterThread.cpp:3921] OnSubLoadWealthGodHistoryData: 8
W1213 05:26:34.792376 185397248 CenterThread.cpp:3921] OnSubLoadWealthGodHistoryData: 10
W1213 05:26:35.350091 185397248 CenterThread.cpp:3921] OnSubLoadWealthGodHistoryData: 10
W1213 05:26:35.810807 185397248 CenterThread.cpp:3921] OnSubLoadWealthGodHistoryData: 10
W1213 05:26:36.264775 185397248 CenterThread.cpp:3921] OnSubLoadWealthGodHistoryData: 10
W1213 05:26:36.736750 185397248 CenterThread.cpp:3921] OnSubLoadWealthGodHistoryData: 10
W1213 05:26:37.203742 185397248 CenterThread.cpp:3921] OnSubLoadWealthGodHistoryData: 10
W1213 05:26:37.686125 185397248 CenterThread.cpp:3921] OnSubLoadWealthGodHistoryData: 10
W1213 05:26:38.237339 185397248 CenterThread.cpp:3921] OnSubLoadWealthGodHistoryData: 10
W1213 05:26:38.715168 185397248 CenterThread.cpp:3921] OnSubLoadWealthGodHistoryData: 10
W1213 05:26:39.185746 185397248 CenterThread.cpp:3921] OnSubLoadWealthGodHistoryData: 10
W1213 05:31:42.767005 185397248 ServerMgr.cpp:843] remove one login server, id:10
W1213 05:31:42.767138 185397248 ServerMgr.cpp:827] remove one game server, id:1101
W1213 05:31:42.767175 185397248 ServerMgr.cpp:866] remove one proxy server, id:30
W1213 05:31:42.767208 185397248 CenterThread.cpp:120] db server is disconnect, after 1s will be reconnect!
W1213 05:31:44.248229 325195200 NetModule.cpp:703] ready reconnect server, server id: 0
W1213 05:37:19.949980 185397248 ServerMgr.cpp:827] remove one game server, id:1101
W1213 05:37:19.950095 185397248 ServerMgr.cpp:843] remove one login server, id:10
W1213 05:37:19.950146 185397248 ServerMgr.cpp:866] remove one proxy server, id:30
W1213 05:37:19.952419 185397248 CenterThread.cpp:120] db server is disconnect, after 1s will be reconnect!
W1213 05:37:21.433187 325195200 NetModule.cpp:703] ready reconnect server, server id: 0
W1213 05:42:56.862787 185397248 ServerMgr.cpp:827] remove one game server, id:1101
W1213 05:42:56.862825 185397248 ServerMgr.cpp:866] remove one proxy server, id:30
W1213 05:42:56.862849 185397248 ServerMgr.cpp:843] remove one login server, id:10
W1213 05:42:56.862867 185397248 CenterThread.cpp:120] db server is disconnect, after 1s will be reconnect!
W1213 05:42:58.350019 325195200 NetModule.cpp:703] ready reconnect server, server id: 0
W1213 05:48:33.776254 185397248 ServerMgr.cpp:827] remove one game server, id:1101
W1213 05:48:33.776293 185397248 ServerMgr.cpp:866] remove one proxy server, id:30
W1213 05:48:33.776325 185397248 ServerMgr.cpp:843] remove one login server, id:10
W1213 05:48:33.776343 185397248 CenterThread.cpp:120] db server is disconnect, after 1s will be reconnect!
W1213 05:48:35.254240 325195200 NetModule.cpp:703] ready reconnect server, server id: 0
W1213 05:54:10.966845 185397248 ServerMgr.cpp:827] remove one game server, id:1101
W1213 05:54:10.966892 185397248 ServerMgr.cpp:843] remove one login server, id:10
W1213 05:54:10.966912 185397248 ServerMgr.cpp:866] remove one proxy server, id:30
W1213 05:54:10.966930 185397248 CenterThread.cpp:120] db server is disconnect, after 1s will be reconnect!
W1213 05:54:12.448307 325195200 NetModule.cpp:703] ready reconnect server, server id: 0
W1213 05:59:47.883097 185397248 ServerMgr.cpp:866] remove one proxy server, id:30
W1213 05:59:47.883164 185397248 ServerMgr.cpp:843] remove one login server, id:10
W1213 05:59:47.883208 185397248 ServerMgr.cpp:827] remove one game server, id:1101
W1213 05:59:47.883244 185397248 CenterThread.cpp:120] db server is disconnect, after 1s will be reconnect!
W1213 05:59:49.365037 325195200 NetModule.cpp:703] ready reconnect server, server id: 0
W1213 06:32:14.898422 185397248 ServerMgr.cpp:827] remove one game server, id:1101
W1213 06:32:14.898470 185397248 ServerMgr.cpp:843] remove one login server, id:10
W1213 06:32:14.898505 185397248 ServerMgr.cpp:866] remove one proxy server, id:30
W1213 06:32:14.898536 185397248 CenterThread.cpp:120] db server is disconnect, after 1s will be reconnect!
W1213 06:32:16.379180 325195200 NetModule.cpp:703] ready reconnect server, server id: 0
W1213 06:37:51.923306 185397248 ServerMgr.cpp:827] remove one game server, id:1101
W1213 06:37:51.941588 185397248 ServerMgr.cpp:866] remove one proxy server, id:30
W1213 06:37:51.941658 185397248 ServerMgr.cpp:843] remove one login server, id:10
W1213 06:37:51.941727 185397248 CenterThread.cpp:120] db server is disconnect, after 1s will be reconnect!
W1213 06:37:53.406951 325195200 NetModule.cpp:703] ready reconnect server, server id: 0
W1213 06:43:28.833006 185397248 ServerMgr.cpp:827] remove one game server, id:1101
W1213 06:43:28.833242 185397248 ServerMgr.cpp:843] remove one login server, id:10
W1213 06:43:28.833264 185397248 ServerMgr.cpp:866] remove one proxy server, id:30
W1213 06:43:28.833284 185397248 CenterThread.cpp:120] db server is disconnect, after 1s will be reconnect!
W1213 06:43:30.308918 325195200 NetModule.cpp:703] ready reconnect server, server id: 0
W1213 06:49:05.774829 185397248 ServerMgr.cpp:827] remove one game server, id:1101
W1213 06:49:05.775095 185397248 ServerMgr.cpp:843] remove one login server, id:10
W1213 06:49:05.775130 185397248 ServerMgr.cpp:866] remove one proxy server, id:30
W1213 06:49:05.781486 185397248 CenterThread.cpp:120] db server is disconnect, after 1s will be reconnect!
W1213 06:49:07.256436 325195200 NetModule.cpp:703] ready reconnect server, server id: 0
W1213 06:54:42.960747 185397248 ServerMgr.cpp:827] remove one game server, id:1101
W1213 06:54:42.960788 185397248 ServerMgr.cpp:843] remove one login server, id:10
W1213 06:54:42.960811 185397248 ServerMgr.cpp:866] remove one proxy server, id:30
W1213 06:54:42.960832 185397248 CenterThread.cpp:120] db server is disconnect, after 1s will be reconnect!
W1213 06:54:44.435585 325195200 NetModule.cpp:703] ready reconnect server, server id: 0
W1213 07:00:19.836148 185397248 ServerMgr.cpp:843] remove one login server, id:10
W1213 07:00:19.836187 185397248 ServerMgr.cpp:827] remove one game server, id:1101
W1213 07:00:19.836212 185397248 ServerMgr.cpp:866] remove one proxy server, id:30
W1213 07:00:19.836233 185397248 CenterThread.cpp:120] db server is disconnect, after 1s will be reconnect!
W1213 07:00:21.321460 325195200 NetModule.cpp:703] ready reconnect server, server id: 0
W1213 07:05:56.675882 185397248 ServerMgr.cpp:827] remove one game server, id:1101
W1213 07:05:56.677606 185397248 ServerMgr.cpp:866] remove one proxy server, id:30
W1213 07:05:56.677678 185397248 ServerMgr.cpp:843] remove one login server, id:10
W1213 07:05:56.680174 185397248 CenterThread.cpp:120] db server is disconnect, after 1s will be reconnect!
W1213 07:05:58.155041 325195200 NetModule.cpp:703] ready reconnect server, server id: 0
W1213 07:45:15.922042 185397248 ServerMgr.cpp:827] remove one game server, id:1101
W1213 07:45:15.922094 185397248 ServerMgr.cpp:843] remove one login server, id:10
W1213 07:45:15.922130 185397248 ServerMgr.cpp:866] remove one proxy server, id:30
W1213 07:45:15.922163 185397248 CenterThread.cpp:120] db server is disconnect, after 1s will be reconnect!
W1213 07:45:17.397867 325195200 NetModule.cpp:703] ready reconnect server, server id: 0
W1213 07:50:52.830760 185397248 ServerMgr.cpp:827] remove one game server, id:1101
W1213 07:50:52.830804 185397248 ServerMgr.cpp:843] remove one login server, id:10
W1213 07:50:52.830827 185397248 ServerMgr.cpp:866] remove one proxy server, id:30
W1213 07:50:52.830847 185397248 CenterThread.cpp:120] db server is disconnect, after 1s will be reconnect!
W1213 07:50:54.318944 325195200 NetModule.cpp:703] ready reconnect server, server id: 0
W1213 07:56:29.688812 185397248 ServerMgr.cpp:866] remove one proxy server, id:30
W1213 07:56:29.688850 185397248 ServerMgr.cpp:843] remove one login server, id:10
W1213 07:56:29.689136 185397248 ServerMgr.cpp:827] remove one game server, id:1101
W1213 07:56:29.692378 185397248 CenterThread.cpp:120] db server is disconnect, after 1s will be reconnect!
W1213 07:56:31.174248 325195200 NetModule.cpp:703] ready reconnect server, server id: 0
W1213 08:02:06.872391 185397248 ServerMgr.cpp:827] remove one game server, id:1101
W1213 08:02:06.872442 185397248 ServerMgr.cpp:843] remove one login server, id:10
W1213 08:02:06.872464 185397248 ServerMgr.cpp:866] remove one proxy server, id:30
W1213 08:02:06.872484 185397248 CenterThread.cpp:120] db server is disconnect, after 1s will be reconnect!
W1213 08:02:08.353140 325195200 NetModule.cpp:703] ready reconnect server, server id: 0
W1213 08:07:43.867717 185397248 ServerMgr.cpp:827] remove one game server, id:1101
W1213 08:07:43.876354 185397248 ServerMgr.cpp:843] remove one login server, id:10
W1213 08:07:43.876420 185397248 ServerMgr.cpp:866] remove one proxy server, id:30
W1213 08:07:43.878518 185397248 CenterThread.cpp:120] db server is disconnect, after 1s will be reconnect!
W1213 08:07:45.349067 325195200 NetModule.cpp:703] ready reconnect server, server id: 0
W1213 08:11:53.881631 185397248 ServerMgr.cpp:827] remove one game server, id:1101
W1213 08:11:53.881672 185397248 ServerMgr.cpp:866] remove one proxy server, id:30
W1213 08:11:53.881734 185397248 ServerMgr.cpp:843] remove one login server, id:10
W1213 08:11:53.881757 185397248 CenterThread.cpp:120] db server is disconnect, after 1s will be reconnect!
W1213 08:11:55.361147 325195200 NetModule.cpp:703] ready reconnect server, server id: 0
W1213 08:21:38.207182 185397248 ActivityMgr.cpp:37] insert wealth god coming cfg fail. repeated cfg! id: 2
W1213 08:21:38.208101 185397248 ActivityMgr.cpp:37] insert wealth god coming cfg fail. repeated cfg! id: 1
W1213 08:21:38.208155 185397248 ActivityMgr.cpp:37] insert wealth god coming cfg fail. repeated cfg! id: 7
W1213 08:21:38.208192 185397248 ActivityMgr.cpp:37] insert wealth god coming cfg fail. repeated cfg! id: 4
W1213 08:21:38.208227 185397248 ActivityMgr.cpp:37] insert wealth god coming cfg fail. repeated cfg! id: 5
W1213 08:21:38.208261 185397248 ActivityMgr.cpp:37] insert wealth god coming cfg fail. repeated cfg! id: 6
W1213 08:21:38.208297 185397248 ActivityMgr.cpp:37] insert wealth god coming cfg fail. repeated cfg! id: 3
W1213 08:21:38.208333 185397248 ActivityMgr.cpp:37] insert wealth god coming cfg fail. repeated cfg! id: 8
W1213 08:21:38.208369 185397248 ActivityMgr.cpp:37] insert wealth god coming cfg fail. repeated cfg! id: 9
W1213 08:21:38.208408 185397248 ActivityMgr.cpp:37] insert wealth god coming cfg fail. repeated cfg! id: 10
W1213 08:21:38.208443 185397248 ActivityMgr.cpp:37] insert wealth god coming cfg fail. repeated cfg! id: 12
W1213 08:21:38.208479 185397248 ActivityMgr.cpp:37] insert wealth god coming cfg fail. repeated cfg! id: 11
W1213 08:21:38.208520 185397248 ActivityMgr.cpp:37] insert wealth god coming cfg fail. repeated cfg! id: 13
W1213 08:21:38.208557 185397248 ActivityMgr.cpp:37] insert wealth god coming cfg fail. repeated cfg! id: 14
W1213 08:21:38.208595 185397248 ActivityMgr.cpp:37] insert wealth god coming cfg fail. repeated cfg! id: 15
W1213 08:21:38.208628 185397248 ActivityMgr.cpp:37] insert wealth god coming cfg fail. repeated cfg! id: 16
W1213 08:21:38.208665 185397248 ActivityMgr.cpp:37] insert wealth god coming cfg fail. repeated cfg! id: 17
W1213 08:21:38.208704 185397248 ActivityMgr.cpp:37] insert wealth god coming cfg fail. repeated cfg! id: 28
W1213 08:21:38.208741 185397248 ActivityMgr.cpp:37] insert wealth god coming cfg fail. repeated cfg! id: 18
W1213 08:21:38.208873 185397248 CenterThread.cpp:3921] OnSubLoadWealthGodHistoryData: 8
W1213 08:21:38.208922 185397248 CenterThread.cpp:3921] OnSubLoadWealthGodHistoryData: 10
W1213 08:21:38.208966 185397248 CenterThread.cpp:3921] OnSubLoadWealthGodHistoryData: 10
W1213 08:21:38.209022 185397248 CenterThread.cpp:3921] OnSubLoadWealthGodHistoryData: 10
W1213 08:21:38.209064 185397248 CenterThread.cpp:3921] OnSubLoadWealthGodHistoryData: 10
W1213 08:21:38.209107 185397248 CenterThread.cpp:3921] OnSubLoadWealthGodHistoryData: 10
W1213 08:21:38.209148 185397248 CenterThread.cpp:3921] OnSubLoadWealthGodHistoryData: 10
W1213 08:21:38.209189 185397248 CenterThread.cpp:3921] OnSubLoadWealthGodHistoryData: 10
W1213 08:21:38.209233 185397248 CenterThread.cpp:3921] OnSubLoadWealthGodHistoryData: 10
W1213 08:21:38.209276 185397248 CenterThread.cpp:3921] OnSubLoadWealthGodHistoryData: 10
W1213 08:21:38.209347 185397248 CenterThread.cpp:3921] OnSubLoadWealthGodHistoryData: 10
W1213 08:21:38.209456 185397248 DuoBaoMgr.cpp:34] insert duo bao cfg fail. repeated cfg! id: 1
W1213 08:21:38.209494 185397248 DuoBaoMgr.cpp:34] insert duo bao cfg fail. repeated cfg! id: 2
W1213 08:21:38.209528 185397248 DuoBaoMgr.cpp:34] insert duo bao cfg fail. repeated cfg! id: 3
W1213 08:21:38.209561 185397248 DuoBaoMgr.cpp:34] insert duo bao cfg fail. repeated cfg! id: 26
W1213 08:21:38.209595 185397248 DuoBaoMgr.cpp:34] insert duo bao cfg fail. repeated cfg! id: 28
W1213 08:21:38.209630 185397248 DuoBaoMgr.cpp:34] insert duo bao cfg fail. repeated cfg! id: 29
W1213 08:21:38.209662 185397248 DuoBaoMgr.cpp:34] insert duo bao cfg fail. repeated cfg! id: 30
W1213 08:21:38.209695 185397248 DuoBaoMgr.cpp:34] insert duo bao cfg fail. repeated cfg! id: 31
W1213 08:21:38.209728 185397248 DuoBaoMgr.cpp:34] insert duo bao cfg fail. repeated cfg! id: 32
W1213 08:21:38.210041 185397248 DuoBaoMgr.cpp:94] has the same doing data? id: 1
W1213 08:21:38.210072 185397248 DuoBaoMgr.cpp:94] has the same doing data? id: 2
W1213 08:21:38.210098 185397248 DuoBaoMgr.cpp:94] has the same doing data? id: 2
W1213 08:21:38.210125 185397248 DuoBaoMgr.cpp:94] has the same doing data? id: 3
W1213 08:21:38.210165 185397248 DuoBaoMgr.cpp:94] has the same doing data? id: 3
W1213 08:21:38.210192 185397248 DuoBaoMgr.cpp:94] has the same doing data? id: 26
W1213 08:21:38.210218 185397248 DuoBaoMgr.cpp:94] has the same doing data? id: 26
W1213 08:21:38.210244 185397248 DuoBaoMgr.cpp:94] has the same doing data? id: 28
W1213 08:21:38.210270 185397248 DuoBaoMgr.cpp:94] has the same doing data? id: 28
W1213 08:21:38.210295 185397248 DuoBaoMgr.cpp:94] has the same doing data? id: 29
W1213 08:21:38.210321 185397248 DuoBaoMgr.cpp:94] has the same doing data? id: 29
W1213 08:21:38.210350 185397248 DuoBaoMgr.cpp:94] has the same doing data? id: 31
W1213 08:21:38.210376 185397248 DuoBaoMgr.cpp:94] has the same doing data? id: 32
W1213 08:21:38.210410 185397248 DuoBaoMgr.cpp:175] load duo bao data finish.
W1213 10:02:34.425698 185397248 ServerMgr.cpp:827] remove one game server, id:1101
W1213 10:56:31.433092 185397248 ServerMgr.cpp:827] remove one game server, id:1101
W1213 16:59:57.725663 185397248 CenterThread.cpp:120] db server is disconnect, after 1s will be reconnect!
W1213 16:59:59.128834 325195200 NetModule.cpp:703] ready reconnect server, server id: 0
W1213 16:59:59.131130 185397248 CenterThread.cpp:120] db server is disconnect, after 1s will be reconnect!
W1213 17:00:00.633306 325195200 NetModule.cpp:703] ready reconnect server, server id: 0
W1213 17:00:00.634261 185397248 CenterThread.cpp:120] db server is disconnect, after 1s will be reconnect!
W1213 17:00:02.134387 325195200 NetModule.cpp:703] ready reconnect server, server id: 0
W1213 17:00:02.135697 185397248 CenterThread.cpp:120] db server is disconnect, after 1s will be reconnect!
W1213 17:00:03.637213 325195200 NetModule.cpp:703] ready reconnect server, server id: 0
W1213 17:00:03.637801 185397248 CenterThread.cpp:120] db server is disconnect, after 1s will be reconnect!
W1213 17:00:05.143445 325195200 NetModule.cpp:703] ready reconnect server, server id: 0
W1213 17:00:05.145778 185397248 CenterThread.cpp:120] db server is disconnect, after 1s will be reconnect!
W1213 17:00:06.645335 325195200 NetModule.cpp:703] ready reconnect server, server id: 0
W1213 17:00:06.647706 185397248 CenterThread.cpp:120] db server is disconnect, after 1s will be reconnect!
W1213 17:00:08.152376 325195200 NetModule.cpp:703] ready reconnect server, server id: 0
W1213 17:00:08.153039 185397248 CenterThread.cpp:120] db server is disconnect, after 1s will be reconnect!
W1213 17:00:09.657011 325195200 NetModule.cpp:703] ready reconnect server, server id: 0
W1213 17:00:09.659276 185397248 CenterThread.cpp:120] db server is disconnect, after 1s will be reconnect!
W1213 17:00:11.163607 325195200 NetModule.cpp:703] ready reconnect server, server id: 0
W1213 17:00:11.165828 185397248 CenterThread.cpp:120] db server is disconnect, after 1s will be reconnect!
W1213 17:00:12.665794 325195200 NetModule.cpp:703] ready reconnect server, server id: 0
W1213 17:00:12.668009 185397248 CenterThread.cpp:120] db server is disconnect, after 1s will be reconnect!
W1213 17:00:14.168857 325195200 NetModule.cpp:703] ready reconnect server, server id: 0
W1213 17:00:14.171533 185397248 CenterThread.cpp:120] db server is disconnect, after 1s will be reconnect!
W1213 17:00:15.670689 325195200 NetModule.cpp:703] ready reconnect server, server id: 0
W1213 17:00:15.673028 185397248 CenterThread.cpp:120] db server is disconnect, after 1s will be reconnect!
W1213 17:00:17.175967 325195200 NetModule.cpp:703] ready reconnect server, server id: 0
W1213 17:00:17.176237 185397248 CenterThread.cpp:120] db server is disconnect, after 1s will be reconnect!
W1213 17:00:18.678118 325195200 NetModule.cpp:703] ready reconnect server, server id: 0
W1213 17:00:18.680506 185397248 CenterThread.cpp:120] db server is disconnect, after 1s will be reconnect!
W1213 17:00:20.182206 325195200 NetModule.cpp:703] ready reconnect server, server id: 0
W1213 17:00:20.183288 185397248 CenterThread.cpp:120] db server is disconnect, after 1s will be reconnect!
W1213 17:00:21.684846 325195200 NetModule.cpp:703] ready reconnect server, server id: 0
W1213 17:00:21.686662 185397248 CenterThread.cpp:120] db server is disconnect, after 1s will be reconnect!
W1213 17:00:23.187525 325195200 NetModule.cpp:703] ready reconnect server, server id: 0
W1213 17:00:23.189723 185397248 CenterThread.cpp:120] db server is disconnect, after 1s will be reconnect!
W1213 17:00:24.689885 325195200 NetModule.cpp:703] ready reconnect server, server id: 0
W1213 17:00:24.692101 185397248 CenterThread.cpp:120] db server is disconnect, after 1s will be reconnect!
W1213 17:00:26.194229 325195200 NetModule.cpp:703] ready reconnect server, server id: 0
W1213 17:00:26.196489 185397248 CenterThread.cpp:120] db server is disconnect, after 1s will be reconnect!
W1213 17:00:27.695299 325195200 NetModule.cpp:703] ready reconnect server, server id: 0
W1213 17:00:27.697715 185397248 CenterThread.cpp:120] db server is disconnect, after 1s will be reconnect!
W1213 17:00:29.197921 325195200 NetModule.cpp:703] ready reconnect server, server id: 0
W1213 17:00:29.200196 185397248 CenterThread.cpp:120] db server is disconnect, after 1s will be reconnect!
W1213 17:00:30.701609 325195200 NetModule.cpp:703] ready reconnect server, server id: 0
W1213 17:00:30.703963 185397248 CenterThread.cpp:120] db server is disconnect, after 1s will be reconnect!
W1213 17:00:32.204449 325195200 NetModule.cpp:703] ready reconnect server, server id: 0
W1213 17:00:32.207160 185397248 CenterThread.cpp:120] db server is disconnect, after 1s will be reconnect!
W1213 17:00:33.708292 325195200 NetModule.cpp:703] ready reconnect server, server id: 0
W1213 17:00:33.710476 185397248 CenterThread.cpp:120] db server is disconnect, after 1s will be reconnect!
W1213 17:00:35.214558 325195200 NetModule.cpp:703] ready reconnect server, server id: 0
W1213 17:00:35.216037 185397248 CenterThread.cpp:120] db server is disconnect, after 1s will be reconnect!
W1213 17:00:36.720141 325195200 NetModule.cpp:703] ready reconnect server, server id: 0
W1213 17:00:36.722247 185397248 CenterThread.cpp:120] db server is disconnect, after 1s will be reconnect!
W1213 17:00:38.225173 325195200 NetModule.cpp:703] ready reconnect server, server id: 0
W1213 17:00:38.227049 185397248 CenterThread.cpp:120] db server is disconnect, after 1s will be reconnect!
W1213 17:00:39.728704 325195200 NetModule.cpp:703] ready reconnect server, server id: 0
W1213 17:00:39.730532 185397248 CenterThread.cpp:120] db server is disconnect, after 1s will be reconnect!
W1213 17:00:41.231549 325195200 NetModule.cpp:703] ready reconnect server, server id: 0
W1213 17:00:41.234169 185397248 CenterThread.cpp:120] db server is disconnect, after 1s will be reconnect!
W1213 17:00:42.739712 325195200 NetModule.cpp:703] ready reconnect server, server id: 0
W1213 17:00:42.741978 185397248 CenterThread.cpp:120] db server is disconnect, after 1s will be reconnect!
W1213 17:00:44.248085 325195200 NetModule.cpp:703] ready reconnect server, server id: 0
W1213 17:00:44.248414 185397248 CenterThread.cpp:120] db server is disconnect, after 1s will be reconnect!
W1213 17:00:45.753074 325195200 NetModule.cpp:703] ready reconnect server, server id: 0
W1213 17:00:45.754241 185397248 CenterThread.cpp:120] db server is disconnect, after 1s will be reconnect!
W1213 17:00:47.259498 325195200 NetModule.cpp:703] ready reconnect server, server id: 0
W1213 17:00:47.261775 185397248 CenterThread.cpp:120] db server is disconnect, after 1s will be reconnect!
W1213 17:00:48.766674 325195200 NetModule.cpp:703] ready reconnect server, server id: 0
W1213 17:00:48.767912 185397248 CenterThread.cpp:120] db server is disconnect, after 1s will be reconnect!
W1213 17:00:50.268476 325195200 NetModule.cpp:703] ready reconnect server, server id: 0
W1213 17:00:50.270678 185397248 CenterThread.cpp:120] db server is disconnect, after 1s will be reconnect!
W1213 17:00:51.772524 325195200 NetModule.cpp:703] ready reconnect server, server id: 0
W1213 17:00:51.774755 185397248 CenterThread.cpp:120] db server is disconnect, after 1s will be reconnect!
W1213 17:00:53.276254 325195200 NetModule.cpp:703] ready reconnect server, server id: 0
W1213 17:00:53.278537 185397248 CenterThread.cpp:120] db server is disconnect, after 1s will be reconnect!
W1213 17:00:54.780107 325195200 NetModule.cpp:703] ready reconnect server, server id: 0
W1213 17:00:54.780732 185397248 CenterThread.cpp:120] db server is disconnect, after 1s will be reconnect!
W1213 17:00:56.287150 325195200 NetModule.cpp:703] ready reconnect server, server id: 0
W1213 17:00:56.289328 185397248 CenterThread.cpp:120] db server is disconnect, after 1s will be reconnect!
W1213 17:00:57.790477 325195200 NetModule.cpp:703] ready reconnect server, server id: 0
W1213 17:00:57.792793 185397248 CenterThread.cpp:120] db server is disconnect, after 1s will be reconnect!
W1213 17:00:59.293771 325195200 NetModule.cpp:703] ready reconnect server, server id: 0
W1213 17:00:59.296171 185397248 CenterThread.cpp:120] db server is disconnect, after 1s will be reconnect!
W1213 17:01:00.796177 325195200 NetModule.cpp:703] ready reconnect server, server id: 0
W1213 17:01:00.798396 185397248 CenterThread.cpp:120] db server is disconnect, after 1s will be reconnect!
W1213 17:01:02.300523 325195200 NetModule.cpp:703] ready reconnect server, server id: 0
W1213 17:01:02.302793 185397248 CenterThread.cpp:120] db server is disconnect, after 1s will be reconnect!
W1213 17:01:03.805207 325195200 NetModule.cpp:703] ready reconnect server, server id: 0
W1213 17:01:03.807461 185397248 CenterThread.cpp:120] db server is disconnect, after 1s will be reconnect!
W1213 17:01:04.664188 185397248 ServerMgr.cpp:827] remove one game server, id:1101
W1213 17:01:05.311966 325195200 NetModule.cpp:703] ready reconnect server, server id: 0
W1213 17:01:05.313663 185397248 CenterThread.cpp:120] db server is disconnect, after 1s will be reconnect!
W1213 17:01:06.815778 325195200 NetModule.cpp:703] ready reconnect server, server id: 0
W1213 17:01:06.818117 185397248 CenterThread.cpp:120] db server is disconnect, after 1s will be reconnect!
W1213 17:01:08.319058 325195200 NetModule.cpp:703] ready reconnect server, server id: 0
W1213 17:01:08.321439 185397248 CenterThread.cpp:120] db server is disconnect, after 1s will be reconnect!
