Log file created at: 2019/03/29 15:20:15
Running on machine: henisdeMacBookPro.local
Log line format: [IWEF]mmdd hh:mm:ss.uuuuuu threadid file:line] msg
I0329 15:20:15.635895 458859968 CenterServer.cpp:32] 正在启动中心服务器...
I0329 15:20:15.639160 458859968 NetModule.h:71] Init NetModule Finished.
I0329 15:20:15.639317 458859968 NetModule.h:78] start work thread 0...
I0329 15:20:15.639328 458859968 NetModule.cpp:69] Start Run NetModule...
I0329 15:20:15.639348 458859968 NetModule.cpp:88] NetModule Already Startover.
I0329 15:20:15.639358 458859968 NetModule.cpp:220] add one connector: 0.0.0.0:6001 succeed...
I0329 15:20:15.639365 458859968 NetModule.cpp:136] Create one server...
I0329 15:20:16.140972 458859968 NetConnector.cpp:216] connect to: 0.0.0.0:6001 success! 
I0329 15:20:16.143224 212684800 CenterThread.cpp:92] connect to db server succ!
I0329 15:20:24.529405 458859968 NetServer.cpp:55] accept io...127.0.0.1:49757
I0329 15:20:24.551450 212684800 ServerMgr.cpp:54] register one proxy server: 127.0.0.1:49757
I0329 15:20:36.324256 458859968 NetServer.cpp:55] accept io...127.0.0.1:49760
I0329 15:20:36.348270 212684800 ServerMgr.cpp:492] register one login server: 127.0.0.1:49760
I0329 15:21:03.771528 458859968 NetServer.cpp:55] accept io...127.0.0.1:49770
W0329 15:21:18.580219 212684800 CenterThread.cpp:3582] OnSubLoadWealthGodHistoryData: 10
I0329 15:21:18.913758 212684800 ServerMgr.cpp:187] register one game server: 127.0.0.1:49770
W0329 15:21:21.771490 212684800 CenterThread.cpp:3582] OnSubLoadWealthGodHistoryData: 10
W0329 15:21:25.339103 212684800 CenterThread.cpp:3582] OnSubLoadWealthGodHistoryData: 10
W0329 15:21:28.835767 212684800 CenterThread.cpp:3582] OnSubLoadWealthGodHistoryData: 10
W0329 15:21:32.097026 212684800 CenterThread.cpp:3582] OnSubLoadWealthGodHistoryData: 10
W0329 15:21:35.497565 212684800 CenterThread.cpp:3582] OnSubLoadWealthGodHistoryData: 10
W0329 15:21:39.178934 212684800 CenterThread.cpp:3582] OnSubLoadWealthGodHistoryData: 10
W0329 15:21:42.568779 212684800 CenterThread.cpp:3582] OnSubLoadWealthGodHistoryData: 10
W0329 15:21:45.900792 212684800 CenterThread.cpp:3582] OnSubLoadWealthGodHistoryData: 10
W0329 15:21:49.102741 212684800 CenterThread.cpp:3582] OnSubLoadWealthGodHistoryData: 10
W0329 15:21:52.490118 212684800 CenterThread.cpp:3582] OnSubLoadWealthGodHistoryData: 10
W0329 15:21:56.169840 212684800 CenterThread.cpp:3582] OnSubLoadWealthGodHistoryData: 10
W0329 15:21:59.548645 212684800 CenterThread.cpp:3582] OnSubLoadWealthGodHistoryData: 10
W0329 15:22:33.649859 212684800 DuoBaoMgr.cpp:175] load duo bao data finish.
W0329 15:22:35.798097 212684800 ConfigOption.cpp:1009] set chat upload url: http://test.upload.lerengu.com
I0329 15:25:35.697129 458859968 NetServer.cpp:88] delete io...127.0.0.1:49770
W0329 15:25:35.698563 212684800 ServerMgr.cpp:850] remove one game server, id:991
I0329 15:26:38.208106 458859968 NetServer.cpp:55] accept io...127.0.0.1:49787
I0329 15:26:52.850013 212684800 ServerMgr.cpp:187] register one game server: 127.0.0.1:49787
I0329 15:30:10.540585 458859968 NetServer.cpp:88] delete io...127.0.0.1:49787
W0329 15:30:10.541750 212684800 ServerMgr.cpp:850] remove one game server, id:991
I0329 15:30:14.810106 458859968 NetServer.cpp:55] accept io...127.0.0.1:49797
I0329 15:30:20.212347 212684800 ServerMgr.cpp:187] register one game server: 127.0.0.1:49797
I0329 20:29:54.468961 458859968 NetServer.cpp:88] delete io...127.0.0.1:49797
W0329 20:29:54.470945 212684800 ServerMgr.cpp:850] remove one game server, id:991
I0329 20:30:05.920063 458859968 NetServer.cpp:55] accept io...127.0.0.1:51786
I0329 20:30:17.043246 212684800 ServerMgr.cpp:187] register one game server: 127.0.0.1:51786
I0329 20:32:09.475687 458859968 NetServer.cpp:88] delete io...127.0.0.1:51786
W0329 20:32:09.476500 212684800 ServerMgr.cpp:850] remove one game server, id:991
I0329 20:32:19.474851 458859968 NetServer.cpp:55] accept io...127.0.0.1:51805
I0329 20:32:19.496870 212684800 ServerMgr.cpp:187] register one game server: 127.0.0.1:51805
I0329 20:34:24.420964 458859968 NetServer.cpp:88] delete io...127.0.0.1:51805
W0329 20:34:24.422649 212684800 ServerMgr.cpp:850] remove one game server, id:991
I0329 20:34:38.203707 458859968 NetServer.cpp:55] accept io...127.0.0.1:51823
I0329 20:34:50.563179 212684800 ServerMgr.cpp:187] register one game server: 127.0.0.1:51823
I0329 21:43:40.369854 458859968 NetServer.cpp:88] delete io...127.0.0.1:51823
W0329 21:43:40.370517 212684800 ServerMgr.cpp:850] remove one game server, id:993
I0329 21:46:26.812175 458859968 NetServer.cpp:55] accept io...127.0.0.1:51996
I0329 21:46:26.819102 212684800 ServerMgr.cpp:187] register one game server: 127.0.0.1:51996
W0329 21:49:38.929888 212684800 ServerMgr.cpp:850] remove one game server, id:993
I0329 21:49:38.930068 458859968 NetServer.cpp:88] delete io...127.0.0.1:51996
I0329 21:49:52.529151 458859968 NetServer.cpp:55] accept io...127.0.0.1:52003
I0329 21:49:57.400329 212684800 ServerMgr.cpp:187] register one game server: 127.0.0.1:52003
I0329 22:03:28.005540 458859968 NetServer.cpp:88] delete io...127.0.0.1:52003
W0329 22:03:28.006350 212684800 ServerMgr.cpp:850] remove one game server, id:993
I0329 22:22:34.555030 458859968 NetServer.cpp:55] accept io...127.0.0.1:52158
I0329 22:22:39.000692 212684800 ServerMgr.cpp:187] register one game server: 127.0.0.1:52158
I0329 22:35:48.815985 458859968 NetServer.cpp:88] delete io...127.0.0.1:52158
W0329 22:35:48.816540 212684800 ServerMgr.cpp:850] remove one game server, id:991
I0329 22:37:34.444890 458859968 NetServer.cpp:55] accept io...127.0.0.1:52241
I0329 22:37:38.772016 212684800 ServerMgr.cpp:187] register one game server: 127.0.0.1:52241
W0330 00:52:37.037051 212684800 CenterThread.cpp:321] center server is across day.
I0330 00:52:37.058321 458859968 NetServer.cpp:88] delete io...127.0.0.1:52241
I0330 00:52:37.064975 458859968 NetServer.cpp:88] delete io...127.0.0.1:49760
I0330 00:52:37.065099 458859968 NetServer.cpp:88] delete io...127.0.0.1:49757
W0330 00:52:37.091572 212684800 ServerMgr.cpp:850] remove one game server, id:991
W0330 00:52:37.092407 212684800 ServerMgr.cpp:866] remove one login server, id:10
W0330 00:52:37.098410 212684800 ServerMgr.cpp:889] remove one proxy server, id:30
W0330 00:52:37.098475 212684800 CenterThread.cpp:125] db server is disconnect, after 1s will be reconnect!
W0330 00:52:38.542467 458859968 NetModule.cpp:723] ready reconnect server, server id: 0
I0330 00:52:38.542559 458859968 NetConnector.cpp:216] connect to: 0.0.0.0:6001 success! 
I0330 00:52:38.543704 212684800 CenterThread.cpp:92] connect to db server succ!
I0330 00:52:38.553464 458859968 NetServer.cpp:55] accept io...127.0.0.1:52286
I0330 00:52:38.557229 212684800 ServerMgr.cpp:187] register one game server: 127.0.0.1:52286
I0330 00:52:40.552683 458859968 NetServer.cpp:55] accept io...127.0.0.1:52289
I0330 00:52:40.569062 212684800 ServerMgr.cpp:54] register one proxy server: 127.0.0.1:52289
I0330 02:53:07.650764 458859968 NetServer.cpp:88] delete io...127.0.0.1:52289
I0330 02:53:07.659580 458859968 NetServer.cpp:88] delete io...127.0.0.1:52286
W0330 02:53:07.667469 212684800 ServerMgr.cpp:889] remove one proxy server, id:30
W0330 02:53:07.670042 212684800 ServerMgr.cpp:850] remove one game server, id:991
W0330 02:53:07.670866 212684800 CenterThread.cpp:125] db server is disconnect, after 1s will be reconnect!
W0330 02:53:09.138025 458859968 NetModule.cpp:723] ready reconnect server, server id: 0
I0330 02:53:09.138098 458859968 NetConnector.cpp:216] connect to: 0.0.0.0:6001 success! 
I0330 02:53:09.138886 212684800 CenterThread.cpp:92] connect to db server succ!
I0330 02:53:09.174732 458859968 NetServer.cpp:55] accept io...127.0.0.1:52365
I0330 02:53:09.179821 212684800 ServerMgr.cpp:187] register one game server: 127.0.0.1:52365
I0330 02:53:11.138283 458859968 NetServer.cpp:55] accept io...127.0.0.1:52372
I0330 02:53:11.162575 212684800 ServerMgr.cpp:54] register one proxy server: 127.0.0.1:52372
I0330 02:53:40.284085 458859968 NetServer.cpp:55] accept io...127.0.0.1:52397
I0330 02:53:40.314937 212684800 ServerMgr.cpp:492] register one login server: 127.0.0.1:52397
I0330 04:53:48.602499 458859968 NetServer.cpp:88] delete io...127.0.0.1:52365
W0330 04:53:48.604655 212684800 ServerMgr.cpp:850] remove one game server, id:991
I0330 04:53:48.604765 458859968 NetServer.cpp:88] delete io...127.0.0.1:52397
W0330 04:53:48.605243 212684800 ServerMgr.cpp:866] remove one login server, id:10
I0330 04:53:48.607259 458859968 NetServer.cpp:88] delete io...127.0.0.1:52372
W0330 04:53:48.607329 212684800 ServerMgr.cpp:889] remove one proxy server, id:30
W0330 04:53:48.624084 212684800 CenterThread.cpp:125] db server is disconnect, after 1s will be reconnect!
W0330 04:53:50.085777 458859968 NetModule.cpp:723] ready reconnect server, server id: 0
I0330 04:53:50.085888 458859968 NetConnector.cpp:216] connect to: 127.0.0.1:6001 success! 
I0330 04:53:50.087599 212684800 CenterThread.cpp:92] connect to db server succ!
I0330 04:53:50.114192 458859968 NetServer.cpp:55] accept io...127.0.0.1:52417
I0330 04:53:50.145355 212684800 ServerMgr.cpp:187] register one game server: 127.0.0.1:52417
I0330 04:53:52.101914 458859968 NetServer.cpp:55] accept io...127.0.0.1:52424
I0330 04:53:52.129034 212684800 ServerMgr.cpp:54] register one proxy server: 127.0.0.1:52424
I0330 04:53:59.146878 458859968 NetServer.cpp:55] accept io...127.0.0.1:52434
I0330 04:53:59.175583 212684800 ServerMgr.cpp:492] register one login server: 127.0.0.1:52434
I0330 06:54:06.756235 458859968 NetServer.cpp:88] delete io...127.0.0.1:52434
I0330 06:54:06.776980 458859968 NetServer.cpp:88] delete io...127.0.0.1:52424
W0330 06:54:06.776988 212684800 ServerMgr.cpp:866] remove one login server, id:10
I0330 06:54:06.777133 458859968 NetServer.cpp:88] delete io...127.0.0.1:52417
W0330 06:54:06.777719 212684800 ServerMgr.cpp:889] remove one proxy server, id:30
W0330 06:54:06.777787 212684800 ServerMgr.cpp:850] remove one game server, id:991
W0330 06:54:06.780073 212684800 CenterThread.cpp:125] db server is disconnect, after 1s will be reconnect!
W0330 06:54:08.237373 458859968 NetModule.cpp:723] ready reconnect server, server id: 0
I0330 06:54:08.238407 458859968 NetServer.cpp:55] accept io...127.0.0.1:52462
I0330 06:54:08.238509 458859968 NetConnector.cpp:216] connect to: 0.0.0.0:6001 success! 
I0330 06:54:08.240669 212684800 CenterThread.cpp:92] connect to db server succ!
I0330 06:54:08.246482 212684800 ServerMgr.cpp:187] register one game server: 127.0.0.1:52462
I0330 06:54:10.247421 458859968 NetServer.cpp:55] accept io...127.0.0.1:52466
I0330 06:54:10.272267 212684800 ServerMgr.cpp:54] register one proxy server: 127.0.0.1:52466
I0330 06:54:16.802536 458859968 NetServer.cpp:55] accept io...127.0.0.1:52468
I0330 06:54:16.836501 212684800 ServerMgr.cpp:492] register one login server: 127.0.0.1:52468
I0330 08:54:24.615016 458859968 NetServer.cpp:88] delete io...127.0.0.1:52462
I0330 08:54:24.616626 458859968 NetServer.cpp:88] delete io...127.0.0.1:52466
W0330 08:54:24.616649 212684800 ServerMgr.cpp:850] remove one game server, id:991
I0330 08:54:24.616794 458859968 NetServer.cpp:88] delete io...127.0.0.1:52468
W0330 08:54:24.617178 212684800 ServerMgr.cpp:889] remove one proxy server, id:30
W0330 08:54:24.617280 212684800 ServerMgr.cpp:866] remove one login server, id:10
W0330 08:54:24.625789 212684800 CenterThread.cpp:125] db server is disconnect, after 1s will be reconnect!
W0330 08:54:26.093834 458859968 NetModule.cpp:723] ready reconnect server, server id: 0
I0330 08:54:26.093935 458859968 NetConnector.cpp:216] connect to: 0.0.0.0:6001 success! 
I0330 08:54:26.094377 458859968 NetServer.cpp:55] accept io...127.0.0.1:52492
I0330 08:54:26.095098 212684800 CenterThread.cpp:92] connect to db server succ!
I0330 08:54:26.122143 212684800 ServerMgr.cpp:187] register one game server: 127.0.0.1:52492
I0330 08:54:28.107009 458859968 NetServer.cpp:55] accept io...127.0.0.1:52499
I0330 08:54:28.113095 212684800 ServerMgr.cpp:54] register one proxy server: 127.0.0.1:52499
I0330 08:54:35.136152 458859968 NetServer.cpp:55] accept io...127.0.0.1:52519
I0330 08:54:35.161697 212684800 ServerMgr.cpp:492] register one login server: 127.0.0.1:52519
I0330 09:00:10.788187 458859968 NetServer.cpp:88] delete io...127.0.0.1:52499
W0330 09:00:10.790108 212684800 ServerMgr.cpp:889] remove one proxy server, id:30
I0330 09:00:10.790376 458859968 NetServer.cpp:88] delete io...127.0.0.1:52519
W0330 09:00:10.790711 212684800 ServerMgr.cpp:866] remove one login server, id:10
I0330 09:00:10.790781 458859968 NetServer.cpp:88] delete io...127.0.0.1:52492
W0330 09:00:10.792886 212684800 ServerMgr.cpp:850] remove one game server, id:991
W0330 09:00:10.799316 212684800 CenterThread.cpp:125] db server is disconnect, after 1s will be reconnect!
W0330 09:00:12.278375 458859968 NetModule.cpp:723] ready reconnect server, server id: 0
I0330 09:00:12.278445 458859968 NetConnector.cpp:216] connect to: 0.0.0.0:6001 success! 
I0330 09:00:12.280427 212684800 CenterThread.cpp:92] connect to db server succ!
I0330 09:00:12.300597 458859968 NetServer.cpp:55] accept io...127.0.0.1:52531
I0330 09:00:12.331130 212684800 ServerMgr.cpp:187] register one game server: 127.0.0.1:52531
I0330 09:00:14.287070 458859968 NetServer.cpp:55] accept io...127.0.0.1:52542
I0330 09:00:14.318109 212684800 ServerMgr.cpp:54] register one proxy server: 127.0.0.1:52542
I0330 09:00:21.334131 458859968 NetServer.cpp:55] accept io...127.0.0.1:52550
I0330 09:00:21.366349 212684800 ServerMgr.cpp:492] register one login server: 127.0.0.1:52550
I0330 09:50:40.337064 458859968 NetServer.cpp:88] delete io...127.0.0.1:52542
I0330 09:50:40.337123 458859968 NetServer.cpp:88] delete io...127.0.0.1:52550
I0330 09:50:40.337143 458859968 NetServer.cpp:88] delete io...127.0.0.1:52531
W0330 09:50:40.354548 212684800 ServerMgr.cpp:889] remove one proxy server, id:30
W0330 09:50:40.354601 212684800 ServerMgr.cpp:866] remove one login server, id:10
W0330 09:50:40.354727 212684800 ServerMgr.cpp:850] remove one game server, id:991
W0330 09:50:40.354840 212684800 CenterThread.cpp:125] db server is disconnect, after 1s will be reconnect!
W0330 09:50:41.820646 458859968 NetModule.cpp:723] ready reconnect server, server id: 0
I0330 09:50:41.820832 458859968 NetConnector.cpp:216] connect to: 0.0.0.0:6001 success! 
I0330 09:50:41.822124 212684800 CenterThread.cpp:92] connect to db server succ!
I0330 09:50:41.822955 458859968 NetServer.cpp:55] accept io...127.0.0.1:52562
I0330 09:50:41.846278 212684800 ServerMgr.cpp:187] register one game server: 127.0.0.1:52562
I0330 09:50:43.830960 458859968 NetServer.cpp:55] accept io...127.0.0.1:52565
I0330 09:50:43.855552 212684800 ServerMgr.cpp:54] register one proxy server: 127.0.0.1:52565
I0330 09:50:50.866885 458859968 NetServer.cpp:55] accept io...127.0.0.1:52573
I0330 09:50:50.881049 212684800 ServerMgr.cpp:492] register one login server: 127.0.0.1:52573
I0330 09:52:02.983961 458859968 NetServer.cpp:88] delete io...127.0.0.1:52562
I0330 09:52:02.984057 458859968 NetServer.cpp:88] delete io...127.0.0.1:52565
I0330 09:52:02.984159 458859968 NetServer.cpp:88] delete io...127.0.0.1:52573
W0330 09:52:02.985383 212684800 ServerMgr.cpp:850] remove one game server, id:991
W0330 09:52:02.985442 212684800 ServerMgr.cpp:889] remove one proxy server, id:30
W0330 09:52:02.985476 212684800 ServerMgr.cpp:866] remove one login server, id:10
W0330 09:52:02.992559 212684800 CenterThread.cpp:125] db server is disconnect, after 1s will be reconnect!
W0330 09:52:04.470149 458859968 NetModule.cpp:723] ready reconnect server, server id: 0
I0330 09:52:04.470248 458859968 NetConnector.cpp:216] connect to: 0.0.0.0:6001 success! 
I0330 09:52:04.472725 212684800 CenterThread.cpp:92] connect to db server succ!
I0330 09:52:04.476357 458859968 NetServer.cpp:55] accept io...127.0.0.1:52618
I0330 09:52:04.503428 212684800 ServerMgr.cpp:187] register one game server: 127.0.0.1:52618
I0330 09:52:06.471812 458859968 NetServer.cpp:55] accept io...127.0.0.1:52627
I0330 09:52:06.479555 212684800 ServerMgr.cpp:54] register one proxy server: 127.0.0.1:52627
I0330 09:52:13.510819 458859968 NetServer.cpp:55] accept io...127.0.0.1:52650
I0330 09:52:13.516319 212684800 ServerMgr.cpp:492] register one login server: 127.0.0.1:52650
W0330 10:03:05.046820 212684800 ActivityMgr.cpp:37] insert wealth god coming cfg fail. repeated cfg! id: 2
W0330 10:03:05.051056 212684800 ActivityMgr.cpp:37] insert wealth god coming cfg fail. repeated cfg! id: 1
W0330 10:03:05.051158 212684800 ActivityMgr.cpp:37] insert wealth god coming cfg fail. repeated cfg! id: 7
W0330 10:03:05.051213 212684800 ActivityMgr.cpp:37] insert wealth god coming cfg fail. repeated cfg! id: 4
W0330 10:03:05.051262 212684800 ActivityMgr.cpp:37] insert wealth god coming cfg fail. repeated cfg! id: 5
W0330 10:03:05.051311 212684800 ActivityMgr.cpp:37] insert wealth god coming cfg fail. repeated cfg! id: 6
W0330 10:03:05.051360 212684800 ActivityMgr.cpp:37] insert wealth god coming cfg fail. repeated cfg! id: 29
W0330 10:03:05.051410 212684800 ActivityMgr.cpp:37] insert wealth god coming cfg fail. repeated cfg! id: 3
W0330 10:03:05.051470 212684800 ActivityMgr.cpp:37] insert wealth god coming cfg fail. repeated cfg! id: 8
W0330 10:03:05.051527 212684800 ActivityMgr.cpp:37] insert wealth god coming cfg fail. repeated cfg! id: 9
W0330 10:03:05.051582 212684800 ActivityMgr.cpp:37] insert wealth god coming cfg fail. repeated cfg! id: 31
W0330 10:03:05.051637 212684800 ActivityMgr.cpp:37] insert wealth god coming cfg fail. repeated cfg! id: 10
W0330 10:03:05.051687 212684800 ActivityMgr.cpp:37] insert wealth god coming cfg fail. repeated cfg! id: 12
W0330 10:03:05.051735 212684800 ActivityMgr.cpp:37] insert wealth god coming cfg fail. repeated cfg! id: 11
W0330 10:03:05.051786 212684800 ActivityMgr.cpp:37] insert wealth god coming cfg fail. repeated cfg! id: 13
W0330 10:03:05.051838 212684800 ActivityMgr.cpp:37] insert wealth god coming cfg fail. repeated cfg! id: 14
W0330 10:03:05.051889 212684800 ActivityMgr.cpp:37] insert wealth god coming cfg fail. repeated cfg! id: 15
W0330 10:03:05.051949 212684800 ActivityMgr.cpp:37] insert wealth god coming cfg fail. repeated cfg! id: 30
W0330 10:03:05.052002 212684800 ActivityMgr.cpp:37] insert wealth god coming cfg fail. repeated cfg! id: 16
W0330 10:03:05.052474 212684800 ActivityMgr.cpp:37] insert wealth god coming cfg fail. repeated cfg! id: 17
W0330 10:03:05.052534 212684800 ActivityMgr.cpp:37] insert wealth god coming cfg fail. repeated cfg! id: 18
W0330 10:03:05.505651 212684800 CenterThread.cpp:3582] OnSubLoadWealthGodHistoryData: 10
W0330 10:03:06.790652 212684800 CenterThread.cpp:3582] OnSubLoadWealthGodHistoryData: 10
W0330 10:03:08.039669 212684800 CenterThread.cpp:3582] OnSubLoadWealthGodHistoryData: 10
W0330 10:03:09.309242 212684800 CenterThread.cpp:3582] OnSubLoadWealthGodHistoryData: 10
W0330 10:03:10.591872 212684800 CenterThread.cpp:3582] OnSubLoadWealthGodHistoryData: 10
W0330 10:03:11.853991 212684800 CenterThread.cpp:3582] OnSubLoadWealthGodHistoryData: 10
W0330 10:03:13.117949 212684800 CenterThread.cpp:3582] OnSubLoadWealthGodHistoryData: 10
W0330 10:03:14.397882 212684800 CenterThread.cpp:3582] OnSubLoadWealthGodHistoryData: 10
W0330 10:03:15.660627 212684800 CenterThread.cpp:3582] OnSubLoadWealthGodHistoryData: 10
W0330 10:03:16.950539 212684800 CenterThread.cpp:3582] OnSubLoadWealthGodHistoryData: 10
W0330 10:03:18.202870 212684800 CenterThread.cpp:3582] OnSubLoadWealthGodHistoryData: 10
W0330 10:03:19.474193 212684800 CenterThread.cpp:3582] OnSubLoadWealthGodHistoryData: 10
W0330 10:03:20.760073 212684800 CenterThread.cpp:3582] OnSubLoadWealthGodHistoryData: 10
W0330 10:03:22.270891 212684800 DuoBaoMgr.cpp:34] insert duo bao cfg fail. repeated cfg! id: 1
W0330 10:03:22.271553 212684800 DuoBaoMgr.cpp:34] insert duo bao cfg fail. repeated cfg! id: 2
W0330 10:03:22.271606 212684800 DuoBaoMgr.cpp:34] insert duo bao cfg fail. repeated cfg! id: 3
W0330 10:03:22.271641 212684800 DuoBaoMgr.cpp:34] insert duo bao cfg fail. repeated cfg! id: 4
W0330 10:03:22.271674 212684800 DuoBaoMgr.cpp:34] insert duo bao cfg fail. repeated cfg! id: 5
W0330 10:03:22.271708 212684800 DuoBaoMgr.cpp:34] insert duo bao cfg fail. repeated cfg! id: 30
W0330 10:03:22.271740 212684800 DuoBaoMgr.cpp:34] insert duo bao cfg fail. repeated cfg! id: 31
W0330 10:03:22.271772 212684800 DuoBaoMgr.cpp:34] insert duo bao cfg fail. repeated cfg! id: 32
W0330 10:03:22.271805 21