I1212 04:12:39.584859 185397248 ServerMgr.cpp:187] register one game server: 127.0.0.1:59015
I1212 04:12:41.570160 325195200 NetServer.cpp:55] accept io...127.0.0.1:59016
I1212 04:12:41.578750 185397248 ServerMgr.cpp:54] register one proxy server: 127.0.0.1:59016
I1212 04:12:48.615339 325195200 NetServer.cpp:55] accept io...127.0.0.1:59022
I1212 04:12:48.644901 185397248 ServerMgr.cpp:469] register one login server: 127.0.0.1:59022
I1212 04:18:15.053334 325195200 NetServer.cpp:88] delete io...127.0.0.1:59015
I1212 04:18:15.053406 325195200 NetServer.cpp:88] delete io...127.0.0.1:59022
I1212 04:18:15.053426 325195200 NetServer.cpp:88] delete io...127.0.0.1:59016
W1212 04:18:15.053520 185397248 CenterThread.cpp:120] db server is disconnect, after 1s will be reconnect!
W1212 04:18:15.053565 185397248 ServerMgr.cpp:827] remove one game server, id:1101
W1212 04:18:15.053599 185397248 ServerMgr.cpp:843] remove one login server, id:10
W1212 04:18:15.053618 185397248 ServerMgr.cpp:866] remove one proxy server, id:30
W1212 04:18:16.541659 325195200 NetModule.cpp:703] ready reconnect server, server id: 0
I1212 04:18:16.541857 325195200 NetServer.cpp:55] accept io...127.0.0.1:59028
I1212 04:18:16.541935 325195200 NetConnector.cpp:216] connect to: 0.0.0.0:6001 success! 
I1212 04:18:16.543115 185397248 CenterThread.cpp:87] connect to db server succ!
I1212 04:18:16.560829 185397248 ServerMgr.cpp:187] register one game server: 127.0.0.1:59028
I1212 04:18:18.542946 325195200 NetServer.cpp:55] accept io...127.0.0.1:59030
I1212 04:18:18.556711 185397248 ServerMgr.cpp:54] register one proxy server: 127.0.0.1:59030
I1212 04:18:25.582273 325195200 NetServer.cpp:55] accept io...127.0.0.1:59036
I1212 04:18:25.607105 185397248 ServerMgr.cpp:469] register one login server: 127.0.0.1:59036
I1212 04:23:52.001626 325195200 NetServer.cpp:88] delete io...127.0.0.1:59028
I1212 04:23:52.001713 325195200 NetServer.cpp:88] delete io...127.0.0.1:59036
I1212 04:23:52.001735 325195200 NetServer.cpp:88] delete io...127.0.0.1:59030
W1212 04:23:52.002804 185397248 ServerMgr.cpp:827] remove one game server, id:1101
W1212 04:23:52.002851 185397248 ServerMgr.cpp:843] remove one login server, id:10
W1212 04:23:52.002879 185397248 ServerMgr.cpp:866] remove one proxy server, id:30
W1212 04:23:52.007390 185397248 CenterThread.cpp:120] db server is disconnect, after 1s will be reconnect!
W1212 04:23:53.479818 325195200 NetModule.cpp:703] ready reconnect server, server id: 0
I1212 04:23:53.479995 325195200 NetConnector.cpp:216] connect to: 0.0.0.0:6001 success! 
I1212 04:23:53.482579 185397248 CenterThread.cpp:87] connect to db server succ!
I1212 04:23:53.491663 325195200 NetServer.cpp:55] accept io...127.0.0.1:59043
I1212 04:23:53.521800 185397248 ServerMgr.cpp:187] register one game server: 127.0.0.1:59043
I1212 04:23:55.496886 325195200 NetServer.cpp:55] accept io...127.0.0.1:59044
I1212 04:23:55.505503 185397248 ServerMgr.cpp:54] register one proxy server: 127.0.0.1:59044
I1212 04:24:02.526358 325195200 NetServer.cpp:55] accept io...127.0.0.1:59048
I1212 04:24:02.542886 185397248 ServerMgr.cpp:469] register one login server: 127.0.0.1:59048
I1212 04:29:29.016963 325195200 NetServer.cpp:88] delete io...127.0.0.1:59043
W1212 04:29:29.019493 185397248 ServerMgr.cpp:827] remove one game server, id:1101
I1212 04:29:29.022651 325195200 NetServer.cpp:88] delete io...127.0.0.1:59044
W1212 04:29:29.023440 185397248 ServerMgr.cpp:866] remove one proxy server, id:30
I1212 04:29:29.023474 325195200 NetServer.cpp:88] delete io...127.0.0.1:59048
W1212 04:29:29.023480 185397248 ServerMgr.cpp:843] remove one login server, id:10
W1212 04:29:29.025766 185397248 CenterThread.cpp:120] db server is disconnect, after 1s will be reconnect!
W1212 04:29:30.497223 325195200 NetModule.cpp:703] ready reconnect server, server id: 0
I1212 04:29:30.497404 325195200 NetConnector.cpp:216] connect to: 0.0.0.0:6001 success! 
I1212 04:29:30.499972 185397248 CenterThread.cpp:87] connect to db server succ!
I1212 04:29:30.503775 325195200 NetServer.cpp:55] accept io...127.0.0.1:59059
I1212 04:29:30.530321 185397248 ServerMgr.cpp:187] register one game server: 127.0.0.1:59059
I1212 04:29:32.504220 325195200 NetServer.cpp:55] accept io...127.0.0.1:59060
I1212 04:29:32.530663 185397248 ServerMgr.cpp:54] register one proxy server: 127.0.0.1:59060
I1212 04:29:39.543095 325195200 NetServer.cpp:55] accept io...127.0.0.1:59064
I1212 04:29:39.566001 185397248 ServerMgr.cpp:469] register one login server: 127.0.0.1:59064
I1212 04:35:05.983642 325195200 NetServer.cpp:88] delete io...127.0.0.1:59059
I1212 04:35:05.983713 325195200 NetServer.cpp:88] delete io...127.0.0.1:59064
I1212 04:35:05.983736 325195200 NetServer.cpp:88] delete io...127.0.0.1:59060
W1212 04:35:05.984709 185397248 ServerMgr.cpp:827] remove one game server, id:1101
W1212 04:35:05.984757 185397248 ServerMgr.cpp:843] remove one login server, id:10
W1212 04:35:05.984783 185397248 ServerMgr.cpp:866] remove one proxy server, id:30
W1212 04:35:05.984807 185397248 CenterThread.cpp:120] db server is disconnect, after 1s will be reconnect!
W1212 04:35:07.467124 325195200 NetModule.cpp:703] ready reconnect server, server id: 0
I1212 04:35:07.467411 325195200 NetConnector.cpp:216] connect to: 0.0.0.0:6001 success! 
I1212 04:35:07.468214 325195200 NetServer.cpp:55] accept io...127.0.0.1:59076
I1212 04:35:07.469875 185397248 CenterThread.cpp:87] connect to db server succ!
I1212 04:35:07.488095 185397248 ServerMgr.cpp:187] register one game server: 127.0.0.1:59076
I1212 04:35:09.478905 325195200 NetServer.cpp:55] accept io...127.0.0.1:59077
I1212 04:35:09.504221 185397248 ServerMgr.cpp:54] register one proxy server: 127.0.0.1:59077
I1212 04:35:16.016840 325195200 NetServer.cpp:55] accept io...127.0.0.1:59083
I1212 04:35:16.033710 185397248 ServerMgr.cpp:469] register one login server: 127.0.0.1:59083
I1212 04:40:43.189417 325195200 NetServer.cpp:88] delete io...127.0.0.1:59076
I1212 04:40:43.189635 325195200 NetServer.cpp:88] delete io...127.0.0.1:59083
I1212 04:40:43.189671 325195200 NetServer.cpp:88] delete io...127.0.0.1:59077
W1212 04:40:43.191463 185397248 ServerMgr.cpp:827] remove one game server, id:1101
W1212 04:40:43.191519 185397248 ServerMgr.cpp:843] remove one login server, id:10
W1212 04:40:43.191562 185397248 ServerMgr.cpp:866] remove one proxy server, id:30
W1212 04:40:43.191598 185397248 CenterThread.cpp:120] db server is disconnect, after 1s will be reconnect!
W1212 04:40:44.672777 325195200 NetModule.cpp:703] ready reconnect server, server id: 0
I1212 04:40:44.672960 325195200 NetConnector.cpp:216] connect to: 0.0.0.0:6001 success! 
I1212 04:40:44.674063 325195200 NetServer.cpp:55] accept io...127.0.0.1:59095
I1212 04:40:44.675534 185397248 CenterThread.cpp:87] connect to db server succ!
I1212 04:40:44.702950 185397248 ServerMgr.cpp:187] register one game server: 127.0.0.1:59095
I1212 04:40:46.694886 325195200 NetServer.cpp:55] accept io...127.0.0.1:59096
I1212 04:40:46.721393 185397248 ServerMgr.cpp:54] register one proxy server: 127.0.0.1:59096
I1212 04:40:53.223990 325195200 NetServer.cpp:55] accept io...127.0.0.1:59100
I1212 04:40:53.235584 185397248 ServerMgr.cpp:469] register one login server: 127.0.0.1:59100
I1212 05:12:19.127851 325195200 NetServer.cpp:88] delete io...127.0.0.1:59095
I1212 05:12:19.127938 325195200 NetServer.cpp:88] delete io...127.0.0.1:59096
I1212 05:12:19.127972 325195200 NetServer.cpp:88] delete io...127.0.0.1:59100
W1212 05:12:19.129748 185397248 ServerMgr.cpp:827] remove one game server, id:1101
W1212 05:12:19.129813 185397248 ServerMgr.cpp:866] remove one proxy server, id:30
W1212 05:12:19.129848 185397248 ServerMgr.cpp:843] remove one login server, id:10
W1212 05:12:19.129881 185397248 CenterThread.cpp:120] db server is disconnect, after 1s will be reconnect!
I1212 05:12:20.606683 325195200 NetServer.cpp:55] accept io...127.0.0.1:59105
W1212 05:12:20.610499 325195200 NetModule.cpp:703] ready reconnect server, server id: 0
I1212 05:12:20.610687 325195200 NetConnector.cpp:216] connect to: 0.0.0.0:6001 success! 
I1212 05:12:20.611028 185397248 CenterThread.cpp:87] connect to db server succ!
I1212 05:12:20.634943 185397248 ServerMgr.cpp:187] register one game server: 127.0.0.1:59105
I1212 05:12:22.616014 325195200 NetServer.cpp:55] accept io...127.0.0.1:59108
I1212 05:12:22.638092 185397248 ServerMgr.cpp:54] register one proxy server: 127.0.0.1:59108
I1212 05:12:29.644372 325195200 NetServer.cpp:55] accept io...127.0.0.1:59115
I1212 05:12:29.665091 185397248 ServerMgr.cpp:469] register one login server: 127.0.0.1:59115
I1212 05:17:56.113380 325195200 NetServer.cpp:88] delete io...127.0.0.1:59115
I1212 05:17:56.113880 325195200 NetServer.cpp:88] delete io...127.0.0.1:59105
I1212 05:17:56.113901 325195200 NetServer.cpp:88] delete io...127.0.0.1:59108
W1212 05:17:56.114315 185397248 ServerMgr.cpp:843] remove one login server, id:10
W1212 05:17:56.114408 185397248 ServerMgr.cpp:827] remove one game server, id:1101
W1212 05:17:56.114441 185397248 ServerMgr.cpp:866] remove one proxy server, id:30
W1212 05:17:56.114470 185397248 CenterThread.cpp:120] db server is disconnect, after 1s will be reconnect!
W1212 05:17:57.588886 325195200 NetModule.cpp:703] ready reconnect server, server id: 0
I1212 05:17:57.589069 325195200 NetConnector.cpp:216] connect to: 0.0.0.0:6001 success! 
I1212 05:17:57.589751 325195200 NetServer.cpp:55] accept io...127.0.0.1:59123
I1212 05:17:57.592082 185397248 CenterThread.cpp:87] connect to db server succ!
I1212 05:17:57.609939 185397248 ServerMgr.cpp:187] register one game server: 127.0.0.1:59123
I1212 05:17:59.598860 325195200 NetServer.cpp:55] accept io...127.0.0.1:59124
I1212 05:17:59.604038 185397248 ServerMgr.cpp:54] register one proxy server: 127.0.0.1:59124
I1212 05:18:06.632390 325195200 NetServer.cpp:55] accept io...127.0.0.1:59130
I1212 05:18:06.655345 185397248 ServerMgr.cpp:469] register one login server: 127.0.0.1:59130
I1212 05:23:33.175561 325195200 NetServer.cpp:88] delete io...127.0.0.1:59130
I1212 05:23:33.175675 325195200 NetServer.cpp:88] delete io...127.0.0.1:59124
I1212 05:23:33.175712 325195200 NetServer.cpp:88] delete io...127.0.0.1:59123
W1212 05:23:33.178112 185397248 ServerMgr.cpp:843] remove one login server, id:10
W1212 05:23:33.178792 185397248 ServerMgr.cpp:866] remove one proxy server, id:30
W1212 05:23:33.178833 185397248 ServerMgr.cpp:827] remove one game server, id:1101
W1212 05:23:33.178867 185397248 CenterThread.cpp:120] db server is disconnect, after 1s will be reconnect!
W1212 05:23:34.657055 325195200 NetModule.cpp:703] ready reconnect server, server id: 0
I1212 05:23:34.657251 325195200 NetConnector.cpp:216] connect to: 0.0.0.0:6001 success! 
I1212 05:23:34.657572 325195200 NetServer.cpp:55] accept io...127.0.0.1:59140
I1212 05:23:34.659309 185397248 CenterThread.cpp:87] connect to db server succ!
I1212 05:23:34.686789 185397248 ServerMgr.cpp:187] register one game server: 127.0.0.1:59140
I1212 05:23:36.673555 325195200 NetServer.cpp:55] accept io...127.0.0.1:59141
I1212 05:23:36.697335 185397248 ServerMgr.cpp:54] register one proxy server: 127.0.0.1:59141
I1212 05:23:43.685453 325195200 NetServer.cpp:55] accept io...127.0.0.1:59145
I1212 05:23:43.690814 185397248 ServerMgr.cpp:469] register one login server: 127.0.0.1:59145
I1212 05:29:10.105799 325195200 NetServer.cpp:88] delete io...127.0.0.1:59140
I1212 05:29:10.105873 325195200 NetServer.cpp:88] delete io...127.0.0.1:59145
I1212 05:29:10.105896 325195200 NetServer.cpp:88] delete io...127.0.0.1:59141
W1212 05:29:10.108373 185397248 ServerMgr.cpp:827] remove one game server, id:1101
W1212 05:29:10.108433 185397248 ServerMgr.cpp:843] remove one login server, id:10
W1212 05:29:10.108474 185397248 ServerMgr.cpp:866] remove one proxy server, id:30
W1212 05:29:10.108494 185397248 CenterThread.cpp:120] db server is disconnect, after 1s will be reconnect!
W1212 05:29:11.580158 325195200 NetModule.cpp:703] ready reconnect server, server id: 0
I1212 05:29:11.580335 325195200 NetConnector.cpp:216] connect to: 0.0.0.0:6001 success! 
I1212 05:29:11.582929 185397248 CenterThread.cpp:87] connect to db server succ!
I1212 05:29:11.586791 325195200 NetServer.cpp:55] accept io...127.0.0.1:59154
I1212 05:29:11.594775 185397248 ServerMgr.cpp:187] register one game server: 127.0.0.1:59154
I1212 05:29:13.593107 325195200 NetServer.cpp:55] accept io...127.0.0.1:59155
I1212 05:29:13.619585 185397248 ServerMgr.cpp:54] register one proxy server: 127.0.0.1:59155
I1212 05:29:20.629053 325195200 NetServer.cpp:55] accept io...127.0.0.1:59159
I1212 05:29:20.661051 185397248 ServerMgr.cpp:469] register one login server: 127.0.0.1:59159
I1212 05:34:47.083025 325195200 NetServer.cpp:88] delete io...127.0.0.1:59154
I1212 05:34:47.083154 325195200 NetServer.cpp:88] delete io...127.0.0.1:59159
W1212 05:34:47.083160 185397248 ServerMgr.cpp:827] remove one game server, id:1101
I1212 05:34:47.083192 325195200 NetServer.cpp:88] delete io...127.0.0.1:59155
W1212 05:34:47.083225 185397248 ServerMgr.cpp:843] remove one login server, id:10
W1212 05:34:47.083349 185397248 ServerMgr.cpp:866] remove one proxy server, id:30
W1212 05:34:47.083402 185397248 CenterThread.cpp:120] db server is disconnect, after 1s will be reconnect!
W1212 05:34:48.566175 325195200 NetModule.cpp:703] ready reconnect server, server id: 0
I1212 05:34:48.566339 325195200 NetConnector.cpp:216] connect to: 0.0.0.0:6001 success! 
I1212 05:34:48.568969 185397248 CenterThread.cpp:87] connect to db server succ!
I1212 05:34:48.576606 325195200 NetServer.cpp:55] accept io...127.0.0.1:59166
I1212 05:34:48.599413 185397248 ServerMgr.cpp:187] register one game server: 127.0.0.1:59166
I1212 05:34:50.571902 325195200 NetServer.cpp:55] accept io...127.0.0.1:59167
I1212 05:34:50.588966 185397248 ServerMgr.cpp:54] register one proxy server: 127.0.0.1:59167
I1212 05:34:57.607339 325195200 NetServer.cpp:55] accept io...127.0.0.1:59173
I1212 05:34:57.615770 185397248 ServerMgr.cpp:469] register one login server: 127.0.0.1:59173
I1212 05:40:24.029708 325195200 NetServer.cpp:88] delete io...127.0.0.1:59166
I1212 05:40:24.029808 325195200 NetServer.cpp:88] delete io...127.0.0.1:59173
I1212 05:40:24.029841 325195200 NetServer.cpp:88] delete io...127.0.0.1:59167
W1212 05:40:24.030042 185397248 ServerMgr.cpp:827] remove one game server, id:1101
W1212 05:40:24.030109 185397248 ServerMgr.cpp:843] remove one login server, id:10
W1212 05:40:24.030144 185397248 ServerMgr.cpp:866] remove one proxy server, id:30
W1212 05:40:24.030174 185397248 CenterThread.cpp:120] db server is disconnect, after 1s will be reconnect!
W1212 05:40:25.516479 325195200 NetModule.cpp:703] ready reconnect server, server id: 0
I1212 05:40:25.516671 325195200 NetConnector.cpp:216] connect to: 0.0.0.0:6001 success! 
I1212 05:40:25.516988 325195200 NetServer.cpp:55] accept io...127.0.0.1:59179
I1212 05:40:25.519256 185397248 CenterThread.cpp:87] connect to db server succ!
I1212 05:40:25.522403 185397248 ServerMgr.cpp:187] register one game server: 127.0.0.1:59179
I1212 05:40:27.521698 325195200 NetServer.cpp:55] accept io...127.0.0.1:59180
I1212 05:40:27.529930 185397248 ServerMgr.cpp:54] register one proxy server: 127.0.0.1:59180
I1212 05:40:34.565011 325195200 NetServer.cpp:55] accept io...127.0.0.1:59186
I1212 05:40:34.591717 185397248 ServerMgr.cpp:469] register one login server: 127.0.0.1:59186
I1212 05:46:01.011096 325195200 NetServer.cpp:88] delete io...127.0.0.1:59179
W1212 05:46:01.011159 185397248 ServerMgr.cpp:827] remove one game server, id:1101
I1212 05:46:01.011188 325195200 NetServer.cpp:88] delete io...127.0.0.1:59186
W1212 05:46:01.011214 185397248 ServerMgr.cpp:843] remove one login server, id:10
I1212 05:46:01.011237 325195200 NetServer.cpp:88] delete io...127.0.0.1:59180
W1212 05:46:01.011250 185397248 ServerMgr.cpp:866] remove one proxy server, id:30
W1212 05:46:01.013571 185397248 CenterThread.cpp:120] db server is disconnect, after 1s will be reconnect!
W1212 05:46:02.498239 325195200 NetModule.cpp:703] ready reconnect server, server id: 0
I1212 05:46:02.498420 325195200 NetConnector.cpp:216] connect to: 0.0.0.0:6001 success! 
I1212 05:46:02.501008 185397248 CenterThread.cpp:87] connect to db server succ!
I1212 05:46:02.504794 325195200 NetServer.cpp:55] accept io...127.0.0.1:59194
I1212 05:46:02.521757 185397248 ServerMgr.cpp:187] register one game server: 127.0.0.1:59194
I1212 05:46:04.517276 325195200 NetServer.cpp:55] accept io...127.0.0.1:59195
I1212 05:46:04.541214 185397248 ServerMgr.cpp:54] register one proxy server: 127.0.0.1:59195
I1212 05:46:11.056617 325195200 NetServer.cpp:55] accept io...127.0.0.1:59202
I1212 05:46:11.067636 185397248 ServerMgr.cpp:469] register one login server: 127.0.0.1:59202
I1212 06:20:46.146427 325195200 NetServer.cpp:88] delete io...127.0.0.1:59194
W1212 06:20:46.147558 185397248 ServerMgr.cpp:827] remove one game server, id:1101
I1212 06:20:46.156106 325195200 NetServer.cpp:88] delete io...127.0.0.1:59202
W1212 06:20:46.156165 185397248 ServerMgr.cpp:843] remove one login server, id:10
I1212 06:20:46.156194 325195200 NetServer.cpp:88] delete io...127.0.0.1:59195
W1212 06:20:46.156203 185397248 ServerMgr.cpp:866] remove one proxy server, id:30
W1212 06:20:46.158982 185397248 CenterThread.cpp:120] db server is disconnect, after 1s will be reconnect!
W1212 06:20:47.635937 325195200 NetModule.cpp:703] ready reconnect server, server id: 0
I1212 06:20:47.636116 325195200 NetConnector.cpp:216] connect to: 0.0.0.0:6001 success! 
I1212 06:20:47.637893 325195200 NetServer.cpp:55] accept io...127.0.0.1:59212
I1212 06:20:47.637954 185397248 CenterThread.cpp:87] connect to db server succ!
I1212 06:20:47.667162 185397248 ServerMgr.cpp:187] register one game server: 127.0.0.1:59212
I1212 06:20:49.634140 325195200 NetServer.cpp:55] accept io...127.0.0.1:59213
I1212 06:20:49.639075 185397248 ServerMgr.cpp:54] register one proxy server: 127.0.0.1:59213
I1212 06:20:56.676391 325195200 NetServer.cpp:55] accept io...127.0.0.1:59217
I1212 06:20:56.702267 185397248 ServerMgr.cpp:469] register one login server: 127.0.0.1:59217
I1212 06:26:23.127398 325195200 NetServer.cpp:88] delete io...127.0.0.1:59212
I1212 06:26:23.127468 325195200 NetServer.cpp:88] delete io...127.0.0.1:59217
I1212 06:26:23.127492 325195200 NetServer.cpp:88] delete io...127.0.0.1:59213
W1212 06:26:23.129252 185397248 ServerMgr.cpp:827] remove one game server, id:1101
W1212 06:26:23.129295 185397248 ServerMgr.cpp:843] remove one login server, id:10
W1212 06:26:23.129346 185397248 ServerMgr.cpp:866] remove one proxy server, id:30
W1212 06:26:23.129645 185397248 CenterThread.cpp:120] db server is disconnect, after 1s will be reconnect!
W1212 06:26:24.608355 325195200 NetModule.cpp:703] ready reconnect server, server id: 0
I1212 06:26:24.608536 325195200 NetConnector.cpp:216] connect to: 0.0.0.0:6001 success! 
I1212 06:26:24.611105 185397248 CenterThread.cpp:87] connect to db server succ!
I1212 06:26:24.611878 325195200 NetServer.cpp:55] accept io...127.0.0.1:59227
I1212 06:26:24.616297 185397248 ServerMgr.cpp:187] register one game server: 127.0.0.1:59227
I1212 06:26:26.619240 325195200 NetServer.cpp:55] accept io...127.0.0.1:59228
I1212 06:26:26.646085 185397248 ServerMgr.cpp:54] register one proxy server: 127.0.0.1:59228
I1212 06:26:33.169826 325195200 NetServer.cpp:55] accept io...127.0.0.1:59232
I1212 06:26:33.174237 185397248 ServerMgr.cpp:469] register one login server: 127.0.0.1:59232
I1212 06:32:00.100618 325195200 NetServer.cpp:88] delete io...127.0.0.1:59227
I1212 06:32:00.100797 325195200 NetServer.cpp:88] delete io...127.0.0.1:59232
I1212 06:32:00.100828 325195200 NetServer.cpp:88] delete io...127.0.0.1:59228
W1212 06:32:00.101780 185397248 ServerMgr.cpp:827] remove one game server, id:1101
W1212 06:32:00.101835 185397248 ServerMgr.cpp:843] remove one login server, id:10
W1212 06:32:00.101867 185397248 ServerMgr.cpp:866] remove one proxy server, id:30
W1212 06:32:00.101897 185397248 CenterThread.cpp:120] db server is disconnect, after 1s will be reconnect!
I1212 06:32:01.577442 325195200 NetServer.cpp:55] accept io...127.0.0.1:59241
W1212 06:32:01.585440 325195200 NetModule.cpp:703] ready reconnect server, server id: 0
I1212 06:32:01.585635 325195200 NetConnector.cpp:216] connect to: 0.0.0.0:6001 success! 
I1212 06:32:01.585760 185397248 CenterThread.cpp:87] connect to db server succ!
I1212 06:32:01.591655 185397248 ServerMgr.cpp:187] register one game server: 127.0.0.1:59241
I1212 06:32:03.589067 325195200 NetServer.cpp:55] accept io...127.0.0.1:59243
I1212 06:32:03.618155 185397248 ServerMgr.cpp:54] register one proxy server: 127.0.0.1:59243
I1212 06:32:10.627154 325195200 NetServer.cpp:55] accept io...127.0.0.1:59249
I1212 06:32:10.635605 185397248 ServerMgr.cpp:469] register one login server: 127.0.0.1:59249
I1212 06:37:37.049211 325195200 NetServer.cpp:88] delete io...127.0.0.1:59241
I1212 06:37:37.049309 325195200 NetServer.cpp:88] delete io...127.0.0.1:59249
I1212 06:37:37.049342 325195200 NetServer.cpp:88] delete io...127.0.0.1:59243
W1212 06:37:37.049587 185397248 ServerMgr.cpp:827] remove one game server, id:1101
W1212 06:37:37.049654 185397248 ServerMgr.cpp:843] remove one login server, id:10
W1212 06:37:37.049693 185397248 ServerMgr.cpp:866] remove one proxy server, id:30
W1212 06:37:37.049724 185397248 CenterThread.cpp:120] db server is disconnect, after 1s will be reconnect!
W1212 06:37:38.528771 325195200 NetModule.cpp:703] ready reconnect server, server id: 0
I1212 06:37:38.528949 325195200 NetConnector.cpp:216] connect to: 0.0.0.0:6001 success! 
I1212 06:37:38.531571 185397248 CenterThread.cpp:87] connect to db server succ!
I1212 06:37:38.538445 325195200 NetServer.cpp:55] accept io...127.0.0.1:59256
I1212 06:37:38.549861 185397248 ServerMgr.cpp:187] register one game server: 127.0.0.1:59256
I1212 06:37:40.544406 325195200 NetServer.cpp:55] accept io...127.0.0.1:59257
I1212 06:37:40.570596 185397248 ServerMgr.cpp:54] register one proxy server: 127.0.0.1:59257
I1212 06:37:47.569162 325195200 NetServer.cpp:55] accept io...127.0.0.1:59263
I1212 06:37:47.598690 185397248 ServerMgr.cpp:469] register one login server: 127.0.0.1:59263
I1212 06:43:13.928836 325195200 NetServer.cpp:88] delete io...127.0.0.1:59256
I1212 06:43:13.928930 325195200 NetServer.cpp:88] delete io...127.0.0.1:59257
I1212 06:43:13.928956 325195200 NetServer.cpp:88] delete io...127.0.0.1:59263
W1212 06:43:13.930701 185397248 ServerMgr.cpp:827] remove one game server, id:1101
W1212 06:43:13.930750 185397248 ServerMgr.cpp:866] remove one proxy server, id:30
W1212 06:43:13.930778 185397248 ServerMgr.cpp:843] remove one login server, id:10
W1212 06:43:13.935268 185397248 CenterThread.cpp:120] db server is disconnect, after 1s will be reconnect!
W1212 06:43:15.414907 325195200 NetModule.cpp:703] ready reconnect server, server id: 0
I1212 06:43:15.415084 325195200 NetConnector.cpp:216] connect to: 0.0.0.0:6001 success! 
I1212 06:43:15.417637 185397248 CenterThread.cpp:87] connect to db server succ!
I1212 06:43:15.430420 325195200 NetServer.cpp:55] accept io...127.0.0.1:59270
I1212 06:43:15.438361 185397248 ServerMgr.cpp:187] register one game server: 127.0.0.1:59270
I1212 06:43:17.420507 325195200 NetServer.cpp:55] accept io...127.0.0.1:59271
I1212 06:43:17.437952 185397248 ServerMgr.cpp:54] register one proxy server: 127.0.0.1:59271
I1212 06:43:24.477102 325195200 NetServer.cpp:55] accept io...127.0.0.1:59278
I1212 06:43:24.485474 185397248 ServerMgr.cpp:469] register one login server: 127.0.0.1:59278
I1212 06:48:51.184767 325195200 NetServer.cpp:88] delete io...127.0.0.1:59270
W1212 06:48:51.184921 185397248 ServerMgr.cpp:827] remove one game server, id:1101
I1212 06:48:51.185010 325195200 NetServer.cpp:88] delete io...127.0.0.1:59278
W1212 06:48:51.185048 185397248 ServerMgr.cpp:843] remove one login server, id:10
I1212 06:48:51.185083 325195200 NetServer.cpp:88] delete io...127.0.0.1:59271
W1212 06:48:51.185091 185397248 ServerMgr.cpp:866] remove one proxy server, id:30
W1212 06:48:51.187240 185397248 CenterThread.cpp:120] db server is disconnect, after 1s will be reconnect!
W1212 06:48:52.669787 325195200 NetModule.cpp:703] ready reconnect server, server id: 0
I1212 06:48:52.669971 325195200 NetConnector.cpp:216] connect to: 0.0.0.0:6001 success! 
I1212 06:48:52.670269 325195200 NetServer.cpp:55] accept io...127.0.0.1:59284
I1212 06:48:52.672407 185397248 CenterThread.cpp:87] connect to db server succ!
I1212 06:48:52.681394 185397248 ServerMgr.cpp:187] register one game server: 127.0.0.1:59284
I1212 06:48:54.676115 325195200 NetServer.cpp:55] accept io...127.0.0.1:59285
I1212 06:48:54.696127 185397248 ServerMgr.cpp:54] register one proxy server: 127.0.0.1:59285
I1212 06:49:01.694375 325195200 NetServer.cpp:55] accept io...127.0.0.1:59291
I1212 06:49:01.699760 185397248 ServerMgr.cpp:469] register one login server: 127.0.0.1:59291
I1212 06:54:28.131662 325195200 NetServer.cpp:88] delete io...127.0.0.1:59284
I1212 06:54:28.131752 325195200 NetServer.cpp:88] delete io...127.0.0.1:59291
I1212 06:54:28.131773 325195200 NetServer.cpp:88] delete io...127.0.0.1:59285
W1212 06:54:28.133743 185397248 ServerMgr.cpp:827] remove one game server, id:1101
W1212 06:54:28.133795 185397248 ServerMgr.cpp:843] remove one login server, id:10
W1212 06:54:28.133818 185397248 ServerMgr.cpp:866] remove one proxy server, id:30
W1212 06:54:28.133867 185397248 CenterThread.cpp:120] db server is disconnect, after 1s will be reconnect!
W1212 06:54:29.618001 325195200 NetModule.cpp:703] ready reconnect server, server id: 0
I1212 06:54:29.618156 325195200 NetConnector.cpp:216] connect to: 0.0.0.0:6001 success! 
I1212 06:54:29.618458 325195200 NetServer.cpp:55] accept io...127.0.0.1:59297
I1212 06:54:29.620744 185397248 CenterThread.cpp:87] connect to db server succ!
I1212 06:54:29.641621 185397248 ServerMgr.cpp:187] register one game server: 127.0.0.1:59297
I1212 06:54:31.621711 325195200 NetServer.cpp:55] accept io...127.0.0.1:59298
I1212 06:54:31.654222 185397248 ServerMgr.cpp:54] register one proxy server: 127.0.0.1:59298
I1212 06:54:38.647601 325195200 NetServer.cpp:55] accept io...127.0.0.1:59302
I1212 06:54:38.671078 185397248 ServerMgr.cpp:469] register one login server: 127.0.0.1:59302
I1212 07:29:10.177202 325195200 NetServer.cpp:88] delete io...127.0.0.1:59297
I1212 07:29:10.177300 325195200 NetServer.cpp:88] delete io...127.0.0.1:59302
I1212 07:29:10.177336 325195200 NetServer.cpp:88] delete io...127.0.0.1:59298
W1212 07:29:10.179262 185397248 ServerMgr.cpp:827] remove one game server, id:1101
W1212 07:29:10.179339 185397248 ServerMgr.cpp:843] remove one login server, id:10
W1212 07:29:10.179379 185397248 ServerMgr.cpp:866] remove one proxy server, id:30
W1212 07:29:10.179414 185397248 CenterThread.cpp:120] db server is disconnect, after 1s will be reconnect!
W1212 07:29:11.667734 325195200 NetModule.cpp:703] ready reconnect server, server id: 0
I1212 07:29:11.667914 325195200 NetConnector.cpp:216] connect to: 0.0.0.0:6001 success! 
I1212 07:29:11.670527 185397248 CenterThread.cpp:87] connect to db server succ!
I1212 07:29:11.672797 325195200 NetServer.cpp:55] accept io...127.0.0.1:59316
I1212 07:29:11.694744 185397248 ServerMgr.cpp:187] register one game server: 127.0.0.1:59316
I1212 07:29:13.676064 325195200 NetServer.cpp:55] accept io...127.0.0.1:59317
I1212 07:29:13.693166 185397248 ServerMgr.cpp:54] register one proxy server: 127.0.0.1:59317
I1212 07:29:20.711460 325195200 NetServer.cpp:55] accept io...127.0.0.1:59321
I1212 07:29:20.722929 185397248 ServerMgr.cpp:469] register one login server: 127.0.0.1:59321
I1212 07:34:47.155656 325195200 NetServer.cpp:88] delete io...127.0.0.1:59316
I1212 07:34:47.156016 325195200 NetServer.cpp:88] delete io...127.0.0.1:59321
I1212 07:34:47.156141 325195200 NetServer.cpp:88] delete io...127.0.0.1:59317
W1212 07:34:47.156648 185397248 ServerMgr.cpp:827] remove one game server, id:1101
W1212 07:34:47.156734 185397248 ServerMgr.cpp:843] remove one login server, id:10
W1212 07:34:47.156795 185397248 ServerMgr.cpp:866] remove one proxy server, id:30
W1212 07:34:47.159039 185397248 CenterThread.cpp:120] db server is disconnect, after 1s will be reconnect!
I1212 07:34:48.631155 325195200 NetServer.cpp:55] accept io...127.0.0.1:59333
I1212 07:34:48.639305 185397248 ServerMgr.cpp:187] register one game server: 127.0.0.1:59333
W1212 07:34:48.642443 325195200 NetModule.cpp:703] ready reconnect server, server id: 0
I1212 07:34:48.642588 325195200 NetConnector.cpp:216] connect to: 0.0.0.0:6001 success! 
I1212 07:34:48.644546 185397248 CenterThread.cpp:87] connect to db server succ!
I1212 07:34:50.641094 325195200 NetServer.cpp:55] accept io...127.0.0.1:59335
I1212 07:34:50.664916 185397248 ServerMgr.cpp:54] register one proxy server: 127.0.0.1:59335
I1212 07:34:57.676484 325195200 NetServer.cpp:55] accept io...127.0.0.1:59342
I1212 07:34:57.687996 185397248 ServerMgr.cpp:469] register one login server: 127.0.0.1:59342
I1212 07:40:24.096721 325195200 NetServer.cpp:88] delete io...127.0.0.1:59333
I1212 07:40:24.096835 325195200 NetServer.cpp:88] delete io...127.0.0.1:59335
I1212 07:40:24.096877 325195200 NetServer.cpp:88] delete io...127.0.0.1:59342
W1212 07:40:24.097626 185397248 ServerMgr.cpp:827] remove one game server, id:1101
W1212 07:40:24.097699 185397248 ServerMgr.cpp:866] remove one proxy server, id:30
W1212 07:40:24.097734 185397248 ServerMgr.cpp:843] remove one login server, id:10
W1212 07:40:24.097764 185397248 CenterThread.cpp:120] db server is disconnect, after 1s will be reconnect!
W1212 07:40:25.575224 325195200 NetModule.cpp:703] ready reconnect server, server id: 0
I1212 07:40:25.575417 325195200 NetConnector.cpp:216] connect to: 0.0.0.0:6001 success! 
I1212 07:40:25.575695 325195200 NetServer.cpp:55] accept io...127.0.0.1:59348
I1212 07:40:25.578016 185397248 CenterThread.cpp:87] connect to db server succ!
I1212 07:40:25.599386 185397248 ServerMgr.cpp:187] register one game server: 127.0.0.1:59348
I1212 07:40:27.578739 325195200 NetServer.cpp:55] accept io...127.0.0.1:59349
I1212 07:40:27.610690 185397248 ServerMgr.cpp:54] register one proxy server: 127.0.0.1:59349
I1212 07:40:34.617625 325195200 NetServer.cpp:55] accept io...127.0.0.1:59355
I1212 07:40:34.650529 185397248 ServerMgr.cpp:469] register one login server: 127.0.0.1:59355
I1212 07:46:01.165773 325195200 NetServer.cpp:88] delete io...127.0.0.1:59348
I1212 07:46:01.165933 325195200 NetServer.cpp:88] delete io...127.0.0.1:59355
I1212 07:46:01.165980 325195200 NetServer.cpp:88] delete io...127.0.0.1:59349
W1212 07:46:01.167045 185397248 ServerMgr.cpp:827] remove one game server, id:1101
W1212 07:46:01.167114 185397248 ServerMgr.cpp:843] remove one login server, id:10
W1212 07:46:01.167148 185397248 ServerMgr.cpp:866] remove one proxy server, id:30
W1212 07:46:01.167173 185397248 CenterThread.cpp:120] db server is disconnect, after 1s will be reconnect!
W1212 07:46:02.642329 325195200 NetModule.cpp:703] ready reconnect server, server id: 0
I1212 07:46:02.642508 325195200 NetConnector.cpp:216] connect to: 0.0.0.0:6001 success! 
I1212 07:46:02.645009 185397248 CenterThread.cpp:87] connect to db server succ!
I1212 07:46:02.648742 325195200 NetServer.cpp:55] accept io...127.0.0.1:59364
I1212 07:46:02.659868 185397248 ServerMgr.cpp:187] register one game server: 127.0.0.1:59364
I1212 07:46:04.662515 325195200 NetServer.cpp:55] accept io...127.0.0.1:59365
I1212 07:46:04.679603 185397248 ServerMgr.cpp:54] register one proxy server: 127.0.0.1:59365
I1212 07:46:11.706980 325195200 NetServer.cpp:55] accept io...127.0.0.1:59374
I1212 07:46:11.718415 185397248 ServerMgr.cpp:469] register one login server: 127.0.0.1:59374
I1212 07:51:38.124403 325195200 NetServer.cpp:88] delete io...127.0.0.1:59374
I1212 07:51:38.124482 325195200 NetServer.cpp:88] delete io...127.0.0.1:59365
I1212 07:51:38.124523 325195200 NetServer.cpp:88] delete io...127.0.0.1:59364
W1212 07:51:38.125732 185397248 ServerMgr.cpp:843] remove one login server, id:10
W1212 07:51:38.125785 185397248 ServerMgr.cpp:866] remove one proxy server, id:30
W1212 07:51:38.125824 185397248 ServerMgr.cpp:827] remove one game server, id:1101
W1212 07:51:38.125885 185397248 CenterThread.cpp:120] db server is disconnect, after 1s will be reconnect!
W1212 07:51:39.601780 325195200 NetModule.cpp:703] ready reconnect server, server id: 0
I1212 07:51:39.601902 325195200 NetConnector.cpp:216] connect to: 0.0.0.0:6001 success! 
I1212 07:51:39.602146 325195200 NetServer.cpp:55] accept io...127.0.0.1:59381
I1212 07:51:39.604462 185397248 CenterThread.cpp:87] connect to db server succ!
I1212 07:51:39.634717 185397248 ServerMgr.cpp:187] register one game server: 127.0.0.1:59381
I1212 07:51:41.608121 325195200 NetServer.cpp:55] accept io...127.0.0.1:59382
I1212 07:51:41.627423 185397248 ServerMgr.cpp:54] register one proxy server: 127.0.0.1:59382
I1212 07:51:48.647106 325195200 NetServer.cpp:55] accept io...127.0.0.1:59388
I1212 07:51:48.671128 185397248 ServerMgr.cpp:469] register one login server: 127.0.0.1:59388
I1212 07:57:15.081667 325195200 NetServer.cpp:88] delete io...127.0.0.1:59388
I1212 07:57:15.082448 325195200 NetServer.cpp:88] delete io...127.0.0.1:59382
I1212 07:57:15.082486 325195200 NetServer.cpp:88] delete io...127.0.0.1:59381
W1212 07:57:15.083524 185397248 ServerMgr.cpp:843] remove one login server, id:10
W1212 07:57:15.083631 185397248 ServerMgr.cpp:866] remove one proxy server, id:30
W1212 07:57:15.083674 185397248 ServerMgr.cpp:827] remove one game server, id:1101
W1212 07:57:15.083710 185397248 CenterThread.cpp:120] db server is disconnect, after 1s will be reconnect!
I1212 07:57:16.567697 325195200 NetServer.cpp:55] accept io...127.0.0.1:59397
W1212 07:57:16.568668 325195200 NetModule.cpp:703] ready reconnect server, server id: 0
I1212 07:57:16.568855 325195200 NetConnector.cpp:216] connect to: 0.0.0.0:6001 success! 
I1212 07:57:16.569103 185397248 CenterThread.cpp:87] connect to db server succ!
I1212 07:57:16.572204 185397248 ServerMgr.cpp:187] register one game server: 127.0.0.1:59397
I1212 07:57:18.578708 325195200 NetServer.cpp:55] accept io...127.0.0.1:59399
I1212 07:57:18.583549 185397248 ServerMgr.cpp:54] register one proxy server: 127.0.0.1:59399
I1212 07:57:25.104204 325195200 NetServer.cpp:55] accept io...127.0.0.1:59404
I1212 07:57:25.110195 185397248 ServerMgr.cpp:469] register one login server: 127.0.0.1:59404
I1212 08:02:52.075691 325195200 NetServer.cpp:88] delete io...127.0.0.1:59397
I1212 08:02:52.076380 325195200 NetServer.cpp:88] delete io...127.0.0.1:59404
I1212 08:02:52.076555 325195200 NetServer.cpp:88] delete io...127.0.0.1:59399
W1212 08:02:52.077044 185397248 ServerMgr.cpp:827] remove one game server, id:1101
W1212 08:02:52.077105 185397248 ServerMgr.cpp:843] remove one login server, id:10
W1212 08:02:52.077142 185397248 ServerMgr.cpp:866] remove one proxy server, id:30
W1212 08:02:52.077172 185397248 CenterThread.cpp:120] db server is disconnect, after 1s will be reconnect!
I1212 08:02:53.558435 325195200 NetServer.cpp:55] accept io...127.0.0.1:59414
W1212 08:02:53.564362 325195200 NetModule.cpp:703] ready reconnect server, server id: 0
I1212 08:02:53.564544 325195200 NetConnector.cpp:216] connect to: 0.0.0.0:6001 success! 
I1212 08:02:53.567445 185397248 CenterThread.cpp:87] connect to db server succ!
I1212 08:02:53.579612 185397248 ServerMgr.cpp:187] register one game server: 127.0.0.1:59414
I1212 08:02:55.590955 325195200 NetServer.cpp:55] accept io...127.0.0.1:59416
I1212 08:02:55.624609 185397248 ServerMgr.cpp:54] register one proxy server: 127.0.0.1:59416
I1212 08:03:02.620961 325195200 NetServer.cpp:55] accept io...127.0.0.1:59420
I1212 08:03:02.632656 185397248 ServerMgr.cpp:469] register one login server: 127.0.0.1:59420
I1212 08:38:39.202857 325195200 NetServer.cpp:88] delete io...127.0.0.1:59420
I1212 08:38:39.203013 325195200 NetServer.cpp:88] delete io...127.0.0.1:59416
I1212 08:38:39.203207 325195200 NetServer.cpp:88] delete io...127.0.0.1:59414
W1212 08:38:39.203570 185397248 ServerMgr.cpp:843] remove one login server, id:10
W1212 08:38:39.203630 185397248 ServerMgr.cpp:866] remove one proxy server, id:30
W1212 08:38:39.203696 185397248 ServerMgr.cpp:827] remove one game server, id:1101
W1212 08:38:39.206229 185397248 CenterThread.cpp:120] db server is disconnect, after 1s will be reconnect!
I1212 08:38:40.690084 325195200 NetServer.cpp:55] accept io...127.0.0.1:59432
W1212 08:38:40.692864 325195200 NetModule.cpp:703] ready reconnect server, server id: 0
I1212 08:38:40.693045 325195200 NetConnector.cpp:216] connect to: 0.0.0.0:6001 success! 
I1212 08:38:40.695248 185397248 CenterThread.cpp:87] connect to db server succ!
I1212 08:38:40.702836 185397248 ServerMgr.cpp:187] register one game server: 127.0.0.1:59432
I1212 08:38:42.694463 325195200 NetServer.cpp:55] accept io...127.0.0.1:59434
I1212 08:38:42.720672 185397248 ServerMgr.cpp:54] register one proxy server: 127.0.0.1:59434
I1212 08:38:49.233896 325195200 NetServer.cpp:55] accept io...127.0.0.1:59440
I1212 08:38:49.241928 185397248 ServerMgr.cpp:469] register one login server: 127.0.0.1:59440
I1212 08:44:16.171427 325195200 NetServer.cpp:88] delete io...127.0.0.1:59432
W1212 08:44:16.173597 185397248 ServerMgr.cpp:827] remove one game server, id:1101
I1212 08:44:16.183590 325195200 NetServer.cpp:88] delete io...127.0.0.1:59434
W1212 08:44:16.183637 185397248 ServerMgr.cpp:866] remove one proxy server, id:30
I1212 08:44:16.183852 325195200 NetServer.cpp:88] delete io...127.0.0.1:59440
W1212 08:44:16.184311 185397248 ServerMgr.cpp:843] remove one login server, id:10
W1212 08:44:16.187425 185397248 CenterThread.cpp:120] db server is disconnect, after 1s will be reconnect!
I1212 08:44:17.649489 325195200 NetServer.cpp:55] accept io...127.0.0.1:59447
W1212 08:44:17.650822 325195200 NetModule.cpp:703] ready reconnect server, server id: 0
I1212 08:44:17.651046 325195200 NetConnector.cpp:216] connect to: 0.0.0.0:6001 success! 
I1212 08:44:17.651473 185397248 CenterThread.cpp:87] connect to db server succ!
I1212 08:44:17.672488 185397248 ServerMgr.cpp:187] register one game server: 127.0.0.1:59447
I1212 08:44:19.665554 325195200 NetServer.cpp:55] accept io...127.0.0.1:59449
I1212 08:44:19.677199 185397248 ServerMgr.cpp:54] register one proxy server: 127.0.0.1:59449
I1212 08:44:26.699666 325195200 NetServer.cpp:55] accept io...127.0.0.1:59455
I1212 08:44:26.726366 185397248 ServerMgr.cpp:469] register one login server: 127.0.0.1:59455
I1212 08:49:53.146939 325195200 NetServer.cpp:88] delete io...127.0.0.1:59447
I1212 08:49:53.147007 325195200 NetServer.cpp:88] delete io...127.0.0.1:59455
I1212 08:49:53.147028 325195200 NetServer.cpp:88] delete io...127.0.0.1:59449
W1212 08:49:53.147996 185397248 ServerMgr.cpp:827] remove one game server, id:1101
W1212 08:49:53.148034 185397248 ServerMgr.cpp:843] remove one login server, id:10
W1212 08:49:53.148054 185397248 ServerMgr.cpp:866] remove one proxy server, id:30
W1212 08:49:53.148072 185397248 CenterThread.cpp:120] db server is disconnect, after 1s will be reconnect!
W1212 08:49:54.623096 325195200 NetModule.cpp:703] ready reconnect server, server id: 0
I1212 08:49:54.623257 325195200 NetConnector.cpp:216] connect to: 0.0.0.0:6001 success! 
I1212 08:49:54.623533 325195200 NetServer.cpp:55] accept io...127.0.0.1:59462
I1212 08:49:54.625802 185397248 CenterThread.cpp:87] connect to db server succ!
I1212 08:49:54.637964 185397248 ServerMgr.cpp:187] register one game server: 127.0.0.1:59462
I1212 08:49:56.631386 325195200 NetServer.cpp:55] accept io...127.0.0.1:59463
I1212 08:49:56.644611 185397248 ServerMgr.cpp:54] register one proxy server: 127.0.0.1:59463
I1212 08:50:03.661725 325195200 NetServer.cpp:55] accept io...127.0.0.1:59469
I1212 08:50:03.687875 185397248 ServerMgr.cpp:469] register one login server: 127.0.0.1:59469
I1212 08:55:30.103899 325195200 NetServer.cpp:88] delete io...127.0.0.1:59462
W1212 08:55:30.104449 185397248 ServerMgr.cpp:827] remove one game server, id:1101
I1212 08:55:30.104487 325195200 NetServer.cpp:88] delete io...127.0.0.1:59469
W1212 08:55:30.104511 185397248 ServerMgr.cpp:843] remove one login server, id:10
I1212 08:55:30.104543 325195200 NetServer.cpp:88] delete io...127.0.0.1:59463
W1212 08:55:30.104585 185397248 ServerMgr.cpp:866] remove one proxy server, id:30
W1212 08:55:30.107245 185397248 CenterThread.cpp:120] db server is disconnect, after 1s will be reconnect!
W1212 08:55:31.578361 325195200 NetModule.cpp:703] ready reconnect server, server id: 0
I1212 08:55:31.578537 325195200 NetConnector.cpp:216] connect to: 0.0.0.0:6001 success! 
I1212 08:55:31.581166 185397248 CenterThread.cpp:87] connect to db server succ!
I1212 08:55:31.588011 325195200 NetServer.cpp:55] accept io...127.0.0.1:59475
I1212 08:55:31.611573 185397248 ServerMgr.cpp:187] register one game server: 127.0.0.1:59475
I1212 08:55:33.594643 325195200 NetServer.cpp:55] accept io...127.0.0.1:59476
I1212 08:55:33.624337 185397248 ServerMgr.cpp:54] register one proxy server: 127.0.0.1:59476
I1212 08:55:40.621474 325195200 NetServer.cpp:55] accept io...127.0.0.1:59484
I1212 08:55:40.645954 185397248 ServerMgr.cpp:469] register one login server: 127.0.0.1:59484
I1212 09:01:07.093943 325195200 NetServer.cpp:88] delete io...127.0.0.1:59475
I1212 09:01:07.094024 325195200 NetServer.cpp:88] delete io...127.0.0.1:59484
I1212 09:01:07.094056 325195200 NetServer.cpp:88] delete io...127.0.0.1:59476
W1212 09:01:07.095822 185397248 ServerMgr.cpp:827] remove one game server, id:1101
W1212 09:01:07.095894 185397248 ServerMgr.cpp:843] remove one login server, id:10
W1212 09:01:07.095930 185397248 ServerMgr.cpp:866] remove one proxy server, id:30
W1212 09:01:07.095962 185397248 CenterThread.cpp:120] db server is disconnect, after 1s will be reconnect!
W1212 09:01:08.578568 325195200 NetModule.cpp:703] ready reconnect server, server id: 0
I1212 09:01:08.578752 325195200 NetConnector.cpp:216] connect to: 0.0.0.0:6001 success! 
I1212 09:01:08.579192 185397248 CenterThread.cpp:87] connect to db server succ!
I1212 09:01:08.581423 325195200 NetServer.cpp:55] accept io...127.0.0.1:59491
I1212 09:01:08.590039 185397248 ServerMgr.cpp:187] register one game server: 127.0.0.1:59491
I1212 09:01:10.592136 325195200 NetServer.cpp:55] accept io...127.0.0.1:59492
I1212 09:01:10.609931 185397248 ServerMgr.cpp:54] register one proxy server: 127.0.0.1:59492
I1212 09:01:17.132565 325195200 NetServer.cpp:55] accept io...127.0.0.1:59497
I1212 09:01:17.144598 185397248 ServerMgr.cpp:469] register one login server: 127.0.0.1:59497
I1212 09:06:44.096441 325195200 NetServer.cpp:88] delete io...127.0.0.1:59491
I1212 09:06:44.096530 325195200 NetServer.cpp:88] delete io...127.0.0.1:59497
I1212 09:06:44.096581 325195200 NetServer.cpp:88] delete io...127.0.0.1:59492
W1212 09:06:44.098098 185397248 ServerMgr.cpp:827] remove one game server, id:1101
W1212 09:06:44.098168 185397248 ServerMgr.cpp:843] remove one login server, id:10
W1212 09:06:44.098228 185397248 ServerMgr.cpp:866] remove one proxy server, id:30
W1212 09:06:44.098256 185397248 CenterThread.cpp:120] db server is disconnect, after 1s will be reconnect!
W1212 09:06:45.577150 325195200 NetModule.cpp:703] ready reconnect server, server id: 0
I1212 09:06:45.577328 325195200 NetConnector.cpp:216] connect to: 0.0.0.0:6001 success! 
I1212 09:06:45.577705 185397248 CenterThread.cpp:87] connect to db server succ!
I1212 09:06:45.580891 325195200 NetServer.cpp:55] accept io...127.0.0.1:59508
I1212 09:06:45.608141 185397248 ServerMgr.cpp:187] register one game server: 127.0.0.1:59508
I1212 09:06:47.584827 325195200 NetServer.cpp:55] accept io...127.0.0.1:59509
I1212 09:06:47.599552 185397248 ServerMgr.cpp:54] register one proxy server: 127.0.0.1:59509
I1212 09:06:54.126488 325195200 NetServer.cpp:55] accept io...127.0.0.1:59513
I1212 09:06:54.151666 185397248 ServerMgr.cpp:469] register one login server: 127.0.0.1:59513
I1212 09:12:21.300951 325195200 NetServer.cpp:88] delete io...127.0.0.1:59513
W1212 09:12:21.303102 185397248 ServerMgr.cpp:843] remove one login server, id:10
I1212 09:12:21.312927 325195200 NetServer.cpp:88] delete io...127.0.0.1:59508
W1212 09:12:21.313344 185397248 ServerMgr.cpp:827] remove one game server, id:1101
I1212 09:12:21.313374 325195200 NetServer.cpp:88] delete io...127.0.0.1:59509
W1212 09:12:21.313387 185397248 ServerMgr.cpp:866] remove one proxy server, id:30
W1212 09:12:21.315464 185397248 CenterThread.cpp:120] db server is disconnect, after 1s will be reconnect!
W1212 09:12:22.789113 325195200 NetModule.cpp:703] ready reconnect server, server id: 0
I1212 09:12:22.789297 325195200 NetConnector.cpp:216] connect to: 0.0.0.0:6001 success! 
I1212 09:12:22.790043 325195200 NetServer.cpp:55] accept io...127.0.0.1:59523
I1212 09:12:22.791601 185397248 CenterThread.cpp:87] connect to db server succ!
I1212 09:12:22.814518 185397248 ServerMgr.cpp:187] register one game server: 127.0.0.1:59523
I1212 09:12:24.797689 325195200 NetServer.cpp:55] accept io...127.0.0.1:59525
I1212 09:12:24.824425 185397248 ServerMgr.cpp:54] register one proxy server: 127.0.0.1:59525
I1212 09:12:31.822983 325195200 NetServer.cpp:55] accept io...127.0.0.1:59531
I1212 09:12:31.848987 185397248 ServerMgr.cpp:469] register one login server: 127.0.0.1:59531
I1212 09:45:54.230868 325195200 NetServer.cpp:88] delete io...127.0.0.1:59525
I1212 09:45:54.230955 325195200 NetServer.cpp:88] delete io...127.0.0.1:59523
I1212 09:45:54.230983 325195200 NetServer.cpp:88] delete io...127.0.0.1:59531
W1212 09:45:54.231652 185397248 ServerMgr.cpp:866] remove one proxy server, id:30
W1212 09:45:54.231719 185397248 ServerMgr.cpp:827] remove one game server, id:1101
W1212 09:45:54.231756 185397248 ServerMgr.cpp:843] remove one login server, id:10
W1212 09:45:54.231788 185397248 CenterThread.cpp:120] db server is disconnect, after 1s will be reconnect!
W1212 09:45:55.721094 325195200 NetModule.cpp:703] ready reconnect server, server id: 0
I1212 09:45:55.721278 325195200 NetConnector.cpp:216] connect to: 0.0.0.0:6001 success! 
I1212 09:45:55.724160 185397248 CenterThread.cpp:87] connect to db server succ!
I1212 09:45:55.727926 325195200 NetServer.cpp:55] accept io...127.0.0.1:59538
I1212 09:45:55.760197 185397248 ServerMgr.cpp:187] register one game server: 127.0.0.1:59538
I1212 09:45:57.739400 325195200 NetServer.cpp:55] accept io...127.0.0.1:59542
I1212 09:45:57.771973 185397248 ServerMgr.cpp:54] register one proxy server: 127.0.0.1:59542
I1212 09:46:04.765854 325195200 NetServer.cpp:55] accept io...127.0.0.1:59546
I1212 09:46:04.795547 185397248 ServerMgr.cpp:469] register one login server: 127.0.0.1:59546
I1212 09:48:43.294139 325195200 NetServer.cpp:88] delete io...127.0.0.1:59538
I1212 09:48:43.294226 325195200 NetServer.cpp:88] delete io...127.0.0.1:59542
I1212 09:48:43.294256 325195200 NetServer.cpp:88] delete io...127.0.0.1:59546
W1212 09:48:43.295521 185397248 ServerMgr.cpp:827] remove one game server, id:1101
W1212 09:48:43.295565 185397248 ServerMgr.cpp:866] remove one proxy server, id:30
W1212 09:48:43.295588 185397248 ServerMgr.cpp:843] remove one login server, id:10
W1212 09:48:43.295606 185397248 CenterThread.cpp:120] db server is disconnect, after 1s will be reconnect!
W1212 09:48:44.785444 325195200 NetModule.cpp:703] ready reconnect server, server id: 0
I1212 09:48:44.785636 325195200 NetConnector.cpp:216] connect to: 0.0.0.0:6001 success! 
I1212 09:48:44.785924 325195200 NetServer.cpp:55] accept io...127.0.0.1:59552
I1212 09:48:44.786049 185397248 CenterThread.cpp:87] connect to db server succ!
I1212 09:48:44.806560 185397248 ServerMgr.cpp:187] register one game server: 127.0.0.1:59552
I1212 09:48:46.795279 325195200 NetServer.cpp:55] accept io...127.0.0.1:59553
I1212 09:48:46.800531 185397248 ServerMgr.cpp:54] register one proxy server: 127.0.0.1:59553
I1212 09:48:53.844179 325195200 NetServer.cpp:55] accept io...127.0.0.1:59559
I1212 09:48:53.849593 185397248 ServerMgr.cpp:469] register one login server: 127.0.0.1:59559
W1212 09:58:44.300197 185397248 ActivityMgr.cpp:37] insert wealth god coming cfg fail. repeated cfg! id: 2
W1212 09:58:44.300344 185397248 ActivityMgr.cpp:37] insert wealth god coming cfg fail. repeated cfg! id: 1
W1212 09:58:44.300384 185397248 ActivityMgr.cpp:37] insert wealth god coming cfg fail. repeated cfg! id: 7
W1212 09:58:44.300420 185397248 ActivityMgr.cpp:37] insert wealth god coming cfg fail. repeated cfg! id: 4
W1212 09:58:44.300453 185397248 ActivityMgr.cpp:37] insert wealth god coming cfg fail. repeated cfg! id: 5
W1212 09:58:44.300487 185397248 ActivityMgr.cpp:37] insert wealth god coming cfg fail. repeated cfg! id: 6
W1212 09:58:44.300521 185397248 ActivityMgr.cpp:37] insert wealth god coming cfg fail. repeated cfg! id: 3
W1212 09:58:44.300557 185397248 ActivityMgr.cpp:37] insert wealth god coming cfg fail. repeated cfg! id: 8
W1212 09:58:44.300591 185397248 ActivityMgr.cpp:37] insert wealth god coming cfg fail. repeated cfg! id: 9
W1212 09:58:44.300662 185397248 ActivityMgr.cpp:37] insert wealth god coming cfg fail. repeated cfg! id: 10
W1212 09:58:44.300694 185397248 ActivityMgr.cpp:37] insert wealth god coming cfg fail. repeated cfg! id: 12
W1212 09:58:44.300722 185397248 ActivityMgr.cpp:37] insert wealth god coming cfg fail. repeated cfg! id: 11
W1212 09:58:44.300751 185397248 ActivityMgr.cpp:37] insert wealth god coming cfg fail. repeated cfg! id: 13
W1212 09:58:44.300779 185397248 ActivityMgr.cpp:37] insert wealth god coming cfg fail. repeated cfg! id: 14
W1212 09:58:44.300807 185397248 ActivityMgr.cpp:37] insert wealth god coming cfg fail. repeated cfg! id: 15
W1212 09:58:44.300837 185397248 ActivityMgr.cpp:37] insert wealth god coming cfg fail. repeated cfg! id: 16
W1212 09:58:44.300864 185397248 ActivityMgr.cpp:37] insert wealth god coming cfg fail. repeated cfg! id: 17
W1212 09:58:44.300892 185397248 ActivityMgr.cpp:37] insert wealth god coming cfg fail. repeated cfg! id: 28
