I0105 19:00:36.430213 249644480 NetConnector.cpp:216] connect to: 0.0.0.0:6001 success! 
I0105 19:00:36.431648 159150080 CenterThread.cpp:87] connect to db server succ!
I0105 19:00:36.440855 159150080 ServerMgr.cpp:187] register one game server: 127.0.0.1:49879
I0105 19:00:38.440148 249644480 NetServer.cpp:55] accept io...127.0.0.1:49886
I0105 19:00:38.473340 159150080 ServerMgr.cpp:54] register one proxy server: 127.0.0.1:49886
I0105 19:00:45.472174 249644480 NetServer.cpp:55] accept io...127.0.0.1:49897
I0105 19:00:45.504384 159150080 ServerMgr.cpp:478] register one login server: 127.0.0.1:49897
W0106 04:01:13.556783 159150080 CenterThread.cpp:304] center server is across day.
I0106 04:01:13.596937 249644480 NetServer.cpp:88] delete io...127.0.0.1:49897
I0106 04:01:13.601101 249644480 NetServer.cpp:88] delete io...127.0.0.1:49879
I0106 04:01:13.605341 249644480 NetServer.cpp:88] delete io...127.0.0.1:49886
W0106 04:01:14.020890 159150080 ServerMgr.cpp:852] remove one login server, id:10
W0106 04:01:14.020959 159150080 ServerMgr.cpp:836] remove one game server, id:1101
W0106 04:01:14.020992 159150080 ServerMgr.cpp:875] remove one proxy server, id:30
W0106 04:01:14.021013 159150080 CenterThread.cpp:120] db server is disconnect, after 1s will be reconnect!
W0106 04:01:15.576011 249644480 NetModule.cpp:723] ready reconnect server, server id: 0
I0106 04:01:15.576107 249644480 NetConnector.cpp:216] connect to: 127.0.0.1:6001 success! 
I0106 04:01:15.576496 159150080 CenterThread.cpp:87] connect to db server succ!
I0106 04:01:15.671742 249644480 NetServer.cpp:55] accept io...127.0.0.1:49932
I0106 04:01:15.701680 159150080 ServerMgr.cpp:187] register one game server: 127.0.0.1:49932
I0106 04:01:17.059882 249644480 NetServer.cpp:55] accept io...127.0.0.1:49998
I0106 04:01:17.082597 159150080 ServerMgr.cpp:54] register one proxy server: 127.0.0.1:49998
I0106 04:01:24.119462 249644480 NetServer.cpp:55] accept io...127.0.0.1:50005
I0106 04:01:24.152209 159150080 ServerMgr.cpp:478] register one login server: 127.0.0.1:50005
I0106 10:27:33.860281 249644480 NetServer.cpp:88] delete io...127.0.0.1:49932
I0106 10:27:33.861644 249644480 NetServer.cpp:88] delete io...127.0.0.1:50005
I0106 10:27:33.862396 249644480 NetServer.cpp:88] delete io...127.0.0.1:49998
W0106 10:27:33.862978 159150080 ServerMgr.cpp:836] remove one game server, id:1101
W0106 10:27:33.863378 159150080 ServerMgr.cpp:852] remove one login server, id:10
W0106 10:27:33.863410 159150080 ServerMgr.cpp:875] remove one proxy server, id:30
W0106 10:27:33.863447 159150080 CenterThread.cpp:120] db server is disconnect, after 1s will be reconnect!
W0106 10:27:35.318677 249644480 NetModule.cpp:723] ready reconnect server, server id: 0
I0106 10:27:35.339138 249644480 NetServer.cpp:55] accept io...127.0.0.1:50051
I0106 10:27:35.339179 249644480 NetConnector.cpp:216] connect to: 0.0.0.0:6001 success! 
I0106 10:27:35.340062 159150080 CenterThread.cpp:87] connect to db server succ!
I0106 10:27:35.367657 159150080 ServerMgr.cpp:187] register one game server: 127.0.0.1:50051
I0106 10:27:37.320169 249644480 NetServer.cpp:55] accept io...127.0.0.1:50072
I0106 10:27:37.345010 159150080 ServerMgr.cpp:54] register one proxy server: 127.0.0.1:50072
I0106 10:27:44.340065 249644480 NetServer.cpp:55] accept io...127.0.0.1:50081
I0106 10:27:44.359109 159150080 ServerMgr.cpp:478] register one login server: 127.0.0.1:50081
I0106 11:17:07.602131 249644480 NetServer.cpp:88] delete io...127.0.0.1:50051
W0106 11:17:07.603080 159150080 ServerMgr.cpp:836] remove one game server, id:1101
I0106 11:17:07.645795 249644480 NetServer.cpp:88] delete io...127.0.0.1:50072
W0106 11:17:07.649927 159150080 ServerMgr.cpp:875] remove one proxy server, id:30
I0106 11:17:07.651540 249644480 NetServer.cpp:88] delete io...127.0.0.1:50081
W0106 11:17:07.652312 159150080 ServerMgr.cpp:852] remove one login server, id:10
W0106 11:17:07.655148 159150080 CenterThread.cpp:120] db server is disconnect, after 1s will be reconnect!
W0106 11:17:09.081498 249644480 NetModule.cpp:723] ready reconnect server, server id: 0
I0106 11:17:09.081681 249644480 NetConnector.cpp:216] connect to: 0.0.0.0:6001 success! 
I0106 11:17:09.083261 159150080 CenterThread.cpp:87] connect to db server succ!
I0106 11:17:09.088618 249644480 NetServer.cpp:55] accept io...127.0.0.1:54179
I0106 11:17:09.097669 159150080 ServerMgr.cpp:187] register one game server: 127.0.0.1:54179
I0106 11:17:11.086309 249644480 NetServer.cpp:55] accept io...127.0.0.1:54208
I0106 11:17:11.101531 159150080 ServerMgr.cpp:54] register one proxy server: 127.0.0.1:54208
I0106 11:17:18.107170 249644480 NetServer.cpp:55] accept io...127.0.0.1:54237
I0106 11:17:18.131956 159150080 ServerMgr.cpp:478] register one login server: 127.0.0.1:54237
I0106 12:42:19.464483 249644480 NetServer.cpp:88] delete io...127.0.0.1:54237
W0106 12:42:19.467165 159150080 ServerMgr.cpp:852] remove one login server, id:10
I0106 12:42:19.468211 249644480 NetServer.cpp:88] delete io...127.0.0.1:54208
W0106 12:42:19.468875 159150080 ServerMgr.cpp:875] remove one proxy server, id:30
I0106 12:42:19.473726 249644480 NetServer.cpp:88] delete io...127.0.0.1:54179
W0106 12:42:19.476161 159150080 ServerMgr.cpp:836] remove one game server, id:1101
W0106 12:42:19.476735 159150080 CenterThread.cpp:120] db server is disconnect, after 1s will be reconnect!
I0106 12:42:20.780145 249644480 NetServer.cpp:55] accept io...127.0.0.1:54532
I0106 12:42:20.791465 159150080 ServerMgr.cpp:187] register one game server: 127.0.0.1:54532
W0106 12:42:20.793174 249644480 NetModule.cpp:723] ready reconnect server, server id: 0
I0106 12:42:20.793458 249644480 NetConnector.cpp:216] connect to: 127.0.0.1:6001 success! 
I0106 12:42:20.795845 159150080 CenterThread.cpp:87] connect to db server succ!
I0106 12:42:22.791853 249644480 NetServer.cpp:55] accept io...127.0.0.1:54550
I0106 12:42:22.817616 159150080 ServerMgr.cpp:54] register one proxy server: 127.0.0.1:54550
I0106 12:42:29.816031 249644480 NetServer.cpp:55] accept io...127.0.0.1:54587
I0106 12:42:29.835724 159150080 ServerMgr.cpp:478] register one login server: 127.0.0.1:54587
I0106 12:58:31.360951 249644480 NetServer.cpp:88] delete io...127.0.0.1:54532
I0106 12:58:31.361135 249644480 NetServer.cpp:88] delete io...127.0.0.1:54550
I0106 12:58:31.361217 249644480 NetServer.cpp:88] delete io...127.0.0.1:54587
W0106 12:58:31.362990 159150080 ServerMgr.cpp:836] remove one game server, id:1101
W0106 12:58:31.363052 159150080 ServerMgr.cpp:875] remove one proxy server, id:30
W0106 12:58:31.363078 159150080 ServerMgr.cpp:852] remove one login server, id:10
W0106 12:58:31.363108 159150080 CenterThread.cpp:120] db server is disconnect, after 1s will be reconnect!
W0106 12:58:32.835367 249644480 NetModule.cpp:723] ready reconnect server, server id: 0
I0106 12:58:32.836309 249644480 NetConnector.cpp:216] connect to: 0.0.0.0:6001 success! 
I0106 12:58:32.838209 159150080 CenterThread.cpp:87] connect to db server succ!
I0106 12:58:32.877327 249644480 NetServer.cpp:55] accept io...127.0.0.1:54774
I0106 12:58:32.901595 159150080 ServerMgr.cpp:187] register one game server: 127.0.0.1:54774
I0106 12:58:34.857409 249644480 NetServer.cpp:55] accept io...127.0.0.1:54783
I0106 12:58:34.872156 159150080 ServerMgr.cpp:54] register one proxy server: 127.0.0.1:54783
I0106 12:58:41.867422 249644480 NetServer.cpp:55] accept io...127.0.0.1:54788
I0106 12:58:41.891183 159150080 ServerMgr.cpp:478] register one login server: 127.0.0.1:54788
I0106 13:30:38.012554 249644480 NetServer.cpp:88] delete io...127.0.0.1:54788
W0106 13:30:38.012614 159150080 ServerMgr.cpp:852] remove one login server, id:10
I0106 13:30:38.012650 249644480 NetServer.cpp:88] delete io...127.0.0.1:54774
W0106 13:30:38.012683 159150080 ServerMgr.cpp:836] remove one game server, id:1101
I0106 13:30:38.012733 249644480 NetServer.cpp:88] delete io...127.0.0.1:54783
W0106 13:30:38.012758 159150080 ServerMgr.cpp:875] remove one proxy server, id:30
W0106 13:30:38.014905 159150080 CenterThread.cpp:120] db server is disconnect, after 1s will be reconnect!
I0106 13:30:39.500497 249644480 NetServer.cpp:55] accept io...127.0.0.1:54828
W0106 13:30:39.501734 249644480 NetModule.cpp:723] ready reconnect server, server id: 0
I0106 13:30:39.501852 249644480 NetConnector.cpp:216] connect to: 0.0.0.0:6001 success! 
I0106 13:30:39.502265 159150080 CenterThread.cpp:87] connect to db server succ!
I0106 13:30:39.532765 159150080 ServerMgr.cpp:187] register one game server: 127.0.0.1:54828
I0106 13:30:41.507246 249644480 NetServer.cpp:55] accept io...127.0.0.1:54850
I0106 13:30:41.528542 159150080 ServerMgr.cpp:54] register one proxy server: 127.0.0.1:54850
I0106 13:30:48.033808 249644480 NetServer.cpp:55] accept io...127.0.0.1:54851
I0106 13:30:48.068392 159150080 ServerMgr.cpp:478] register one login server: 127.0.0.1:54851
I0106 13:47:27.146867 249644480 NetServer.cpp:88] delete io...127.0.0.1:54850
I0106 13:47:27.146944 249644480 NetServer.cpp:88] delete io...127.0.0.1:54851
I0106 13:47:27.146975 249644480 NetServer.cpp:88] delete io...127.0.0.1:54828
W0106 13:47:27.147070 159150080 ServerMgr.cpp:875] remove one proxy server, id:30
W0106 13:47:27.147115 159150080 ServerMgr.cpp:852] remove one login server, id:10
W0106 13:47:27.147140 159150080 ServerMgr.cpp:836] remove one game server, id:1101
W0106 13:47:27.147161 159150080 CenterThread.cpp:120] db server is disconnect, after 1s will be reconnect!
W0106 13:47:28.631749 249644480 NetModule.cpp:723] ready reconnect server, server id: 0
I0106 13:47:28.631930 249644480 NetConnector.cpp:216] connect to: 0.0.0.0:6001 success! 
I0106 13:47:28.633889 159150080 CenterThread.cpp:87] connect to db server succ!
I0106 13:47:28.636711 249644480 NetServer.cpp:55] accept io...127.0.0.1:54979
I0106 13:47:28.647675 159150080 ServerMgr.cpp:187] register one game server: 127.0.0.1:54979
I0106 13:47:30.632951 249644480 NetServer.cpp:55] accept io...127.0.0.1:55000
I0106 13:47:30.645018 159150080 ServerMgr.cpp:54] register one proxy server: 127.0.0.1:55000
I0106 13:47:37.670277 249644480 NetServer.cpp:55] accept io...127.0.0.1:55011
I0106 13:47:37.678694 159150080 ServerMgr.cpp:478] register one login server: 127.0.0.1:55011
I0106 13:59:28.031424 249644480 NetServer.cpp:88] delete io...127.0.0.1:55000
I0106 13:59:28.031599 249644480 NetServer.cpp:88] delete io...127.0.0.1:55011
I0106 13:59:28.031642 249644480 NetServer.cpp:88] delete io...127.0.0.1:54979
W0106 13:59:28.032407 159150080 ServerMgr.cpp:875] remove one proxy server, id:30
W0106 13:59:28.032508 159150080 ServerMgr.cpp:852] remove one login server, id:10
W0106 13:59:28.032550 159150080 ServerMgr.cpp:836] remove one game server, id:1101
W0106 13:59:28.032588 159150080 CenterThread.cpp:120] db server is disconnect, after 1s will be reconnect!
W0106 13:59:29.512970 249644480 NetModule.cpp:723] ready reconnect server, server id: 0
I0106 13:59:29.513067 249644480 NetServer.cpp:55] accept io...127.0.0.1:55043
I0106 13:59:29.513116 249644480 NetConnector.cpp:216] connect to: 0.0.0.0:6001 success! 
I0106 13:59:29.515295 159150080 CenterThread.cpp:87] connect to db server succ!
I0106 13:59:29.539736 159150080 ServerMgr.cpp:187] register one game server: 127.0.0.1:55043
I0106 13:59:31.530290 249644480 NetServer.cpp:55] accept io...127.0.0.1:55065
I0106 13:59:31.554039 159150080 ServerMgr.cpp:54] register one proxy server: 127.0.0.1:55065
I0106 13:59:38.540822 249644480 NetServer.cpp:55] accept io...127.0.0.1:55068
I0106 13:59:38.550588 159150080 ServerMgr.cpp:478] register one login server: 127.0.0.1:55068
I0106 19:07:06.724510 249644480 NetServer.cpp:88] delete io...127.0.0.1:55068
I0106 19:07:06.724599 249644480 NetServer.cpp:88] delete io...127.0.0.1:55065
I0106 19:07:06.724635 249644480 NetServer.cpp:88] delete io...127.0.0.1:55043
W0106 19:07:06.733376 159150080 ServerMgr.cpp:852] remove one login server, id:10
W0106 19:07:06.733445 159150080 ServerMgr.cpp:875] remove one proxy server, id:30
W0106 19:07:06.733471 159150080 ServerMgr.cpp:836] remove one game server, id:1101
W0106 19:07:06.733516 159150080 CenterThread.cpp:120] db server is disconnect, after 1s will be reconnect!
W0106 19:07:08.207427 249644480 NetModule.cpp:723] ready reconnect server, server id: 0
I0106 19:07:08.207623 249644480 NetServer.cpp:55] accept io...127.0.0.1:55114
I0106 19:07:08.207721 249644480 NetConnector.cpp:216] connect to: 0.0.0.0:6001 success! 
I0106 19:07:08.209880 159150080 CenterThread.cpp:87] connect to db server succ!
I0106 19:07:08.233618 159150080 ServerMgr.cpp:187] register one game server: 127.0.0.1:55114
I0106 19:07:10.224421 249644480 NetServer.cpp:55] accept io...127.0.0.1:55136
I0106 19:07:10.233374 159150080 ServerMgr.cpp:54] register one proxy server: 127.0.0.1:55136
I0106 19:07:17.265560 249644480 NetServer.cpp:55] accept io...127.0.0.1:55158
I0106 19:07:17.283121 159150080 ServerMgr.cpp:478] register one login server: 127.0.0.1:55158
I0106 23:36:59.136795 249644480 NetServer.cpp:88] delete io...127.0.0.1:55158
W0106 23:36:59.137192 159150080 ServerMgr.cpp:852] remove one login server, id:10
I0106 23:36:59.148306 249644480 NetServer.cpp:88] delete io...127.0.0.1:55136
I0106 23:36:59.148960 249644480 NetServer.cpp:88] delete io...127.0.0.1:55114
W0106 23:36:59.149273 159150080 ServerMgr.cpp:875] remove one proxy server, id:30
W0106 23:36:59.149344 159150080 ServerMgr.cpp:836] remove one game server, id:1101
W0106 23:36:59.149385 159150080 CenterThread.cpp:120] db server is disconnect, after 1s will be reconnect!
W0106 23:37:00.624047 249644480 NetModule.cpp:723] ready reconnect server, server id: 0
I0106 23:37:00.624111 249644480 NetConnector.cpp:216] connect to: 0.0.0.0:6001 success! 
I0106 23:37:00.624953 159150080 CenterThread.cpp:87] connect to db server succ!
I0106 23:37:00.628089 249644480 NetServer.cpp:55] accept io...127.0.0.1:61551
I0106 23:37:00.650159 159150080 ServerMgr.cpp:187] register one game server: 127.0.0.1:61551
I0106 23:37:02.631475 249644480 NetServer.cpp:55] accept io...127.0.0.1:61568
I0106 23:37:02.642326 159150080 ServerMgr.cpp:54] register one proxy server: 127.0.0.1:61568
I0106 23:37:09.677785 249644480 NetServer.cpp:55] accept io...127.0.0.1:61581
I0106 23:37:09.684676 159150080 ServerMgr.cpp:478] register one login server: 127.0.0.1:61581
W0107 08:38:00.564502 159150080 CenterThread.cpp:304] center server is across day.
I0107 08:38:00.569411 249644480 NetServer.cpp:88] delete io...127.0.0.1:61581
I0107 08:38:00.593554 249644480 NetServer.cpp:88] delete io...127.0.0.1:61551
I0107 08:38:00.593931 249644480 NetServer.cpp:88] delete io...127.0.0.1:61568
W0107 08:38:00.608075 159150080 ServerMgr.cpp:852] remove one login server, id:10
W0107 08:38:00.608124 159150080 ServerMgr.cpp:836] remove one game server, id:1101
W0107 08:38:00.608153 159150080 ServerMgr.cpp:875] remove one proxy server, id:30
W0107 08:38:00.608173 159150080 CenterThread.cpp:120] db server is disconnect, after 1s will be reconnect!
I0107 08:38:01.783582 249644480 NetServer.cpp:55] accept io...127.0.0.1:61615
I0107 08:38:01.809280 159150080 ServerMgr.cpp:187] register one game server: 127.0.0.1:61615
W0107 08:38:02.050763 249644480 NetModule.cpp:723] ready reconnect server, server id: 0
I0107 08:38:02.050873 249644480 NetConnector.cpp:216] connect to: 127.0.0.1:6001 success! 
I0107 08:38:02.051479 159150080 CenterThread.cpp:87] connect to db server succ!
I0107 08:38:04.068605 249644480 NetServer.cpp:55] accept io...127.0.0.1:61638
I0107 08:38:04.099093 159150080 ServerMgr.cpp:54] register one proxy server: 127.0.0.1:61638
W0107 09:53:15.714910 159150080 CenterThread.cpp:120] db server is disconnect, after 1s will be reconnect!
I0107 09:53:15.727629 249644480 NetServer.cpp:88] delete io...127.0.0.1:61615
W0107 09:53:15.729161 159150080 ServerMgr.cpp:836] remove one game server, id:1101
W0107 09:53:15.729316 159150080 ServerMgr.cpp:875] remove one proxy server, id:30
I0107 09:53:15.732751 249644480 NetServer.cpp:88] delete io...127.0.0.1:61638
I0107 09:53:16.168649 249644480 NetServer.cpp:55] accept io...127.0.0.1:61671
I0107 09:53:16.181500 159150080 ServerMgr.cpp:478] register one login server: 127.0.0.1:61671
I0107 09:53:17.164808 249644480 NetServer.cpp:55] accept io...127.0.0.1:61680
W0107 09:53:17.194398 249644480 NetModule.cpp:723] ready reconnect server, server id: 0
I0107 09:53:17.769505 249644480 NetConnector.cpp:216] connect to: 0.0.0.0:6001 success! 
I0107 09:53:17.771489 159150080 CenterThread.cpp:87] connect to db server succ!
I0107 09:53:17.800096 159150080 ServerMgr.cpp:187] register one game server: 127.0.0.1:61680
I0107 09:53:19.164789 249644480 NetServer.cpp:55] accept io...127.0.0.1:61698
I0107 09:53:19.190526 159150080 ServerMgr.cpp:54] register one proxy server: 127.0.0.1:61698
I0107 20:18:33.155503 249644480 NetServer.cpp:88] delete io...127.0.0.1:61680
W0107 20:18:33.158948 159150080 ServerMgr.cpp:836] remove one game server, id:1101
I0107 20:19:04.281747 249644480 NetServer.cpp:55] accept io...127.0.0.1:54189
I0107 20:19:24.353170 159150080 ServerMgr.cpp:187] register one game server: 127.0.0.1:54189
W0107 20:21:44.769917 159150080 CenterThread.cpp:5070] update online user fail
W0107 20:21:54.777204 159150080 CenterThread.cpp:5070] update online user fail
I0107 20:23:42.144659 249644480 NetServer.cpp:88] delete io...127.0.0.1:54189
W0107 20:23:42.145434 159150080 ServerMgr.cpp:836] remove one game server, id:1101
I0107 20:26:25.873358 249644480 NetServer.cpp:55] accept io...127.0.0.1:54246
I0107 20:26:38.296749 159150080 ServerMgr.cpp:187] register one game server: 127.0.0.1:54246
I0107 20:28:52.198823 249644480 NetServer.cpp:88] delete io...127.0.0.1:54246
W0107 20:28:52.200597 159150080 ServerMgr.cpp:836] remove one game server, id:1101
I0107 20:29:31.168887 249644480 NetServer.cpp:55] accept io...127.0.0.1:54271
I0107 20:29:43.326627 159150080 ServerMgr.cpp:187] register one game server: 127.0.0.1:54271
I0107 20:38:05.382968 249644480 NetServer.cpp:88] delete io...127.0.0.1:54271
W0107 20:38:05.383402 159150080 ServerMgr.cpp:836] remove one game server, id:1101
I0107 20:38:13.325150 249644480 NetServer.cpp:55] accept io...127.0.0.1:54437
I0107 20:38:25.208405 249644480 NetServer.cpp:88] delete io...127.0.0.1:54437
I0107 20:38:35.465963 249644480 NetServer.cpp:55] accept io...127.0.0.1:54451
I0107 20:38:47.603924 159150080 ServerMgr.cpp:187] register one game server: 127.0.0.1:54451
I0107 20:44:39.621177 249644480 NetServer.cpp:88] delete io...127.0.0.1:54451
W0107 20:44:39.622447 159150080 ServerMgr.cpp:836] remove one game server, id:1101
W0107 21:18:34.435072 159150080 CenterThread.cpp:5070] update online user fail
I0107 21:18:47.887868 249644480 NetServer.cpp:55] accept io...127.0.0.1:54943
I0107 21:19:37.525379 159150080 ServerMgr.cpp:187] register one game server: 127.0.0.1:54943
W0107 21:22:06.143142 159150080 CenterThread.cpp:5070] update online user fail
W0107 21:22:18.814848 159150080 CenterThread.cpp:5070] update online user fail
W0107 21:22:28.820744 159150080 CenterThread.cpp:5070] update online user fail
W0107 21:22:38.825585 159150080 CenterThread.cpp:5070] update online user fail
W0107 21:31:22.714416 159150080 CenterThread.cpp:5070] update online user fail
W0107 21:35:33.263595 159150080 CenterThread.cpp:5070] update online user fail
I0107 21:39:22.573779 249644480 NetServer.cpp:88] delete io...127.0.0.1:54943
W0107 21:39:22.573900 159150080 ServerMgr.cpp:836] remove one game server, id:100
I0107 21:39:33.410845 249644480 NetServer.cpp:55] accept io...127.0.0.1:55093
I0107 21:39:45.751309 159150080 ServerMgr.cpp:187] register one game server: 127.0.0.1:55093
I0107 21:40:00.354408 249644480 NetServer.cpp:88] delete io...127.0.0.1:55093
W0107 21:40:04.054004 159150080 CenterThread.cpp:5070] update online user fail
W0107 21:40:04.054101 159150080 ServerMgr.cpp:836] remove one game server, id:100
I0107 21:40:28.599155 249644480 NetServer.cpp:55] accept io...127.0.0.1:55105
I0107 21:40:40.974670 159150080 ServerMgr.cpp:187] register one game server: 127.0.0.1:55105
W0107 21:42:58.286736 159150080 CenterThread.cpp:5070] update online user fail
W0107 21:43:08.291930 159150080 CenterThread.cpp:5070] update online user fail
W0107 21:43:18.295749 159150080 CenterThread.cpp:5070] update online user fail
W0107 21:43:28.301532 159150080 CenterThread.cpp:5070] update online user fail
W0107 21:43:38.307130 159150080 CenterThread.cpp:5070] update online user fail
W0107 21:44:03.652770 159150080 CenterThread.cpp:5070] update online user fail
W0107 21:44:13.657904 159150080 CenterThread.cpp:5070] update online user fail
W0107 21:44:23.662533 159150080 CenterThread.cpp:5070] update online user fail
W0107 21:44:33.667522 159150080 CenterThread.cpp:5070] update online user fail
W0107 22:22:28.751482 159150080 CenterThread.cpp:120] db server is disconnect, after 1s will be reconnect!
I0107 22:22:28.777029 249644480 NetServer.cpp:88] delete io...127.0.0.1:61698
W0107 22:22:28.777261 159150080 ServerMgr.cpp:875] remove one proxy server, id:30
I0107 22:22:28.777608 249644480 NetServer.cpp:88] delete io...127.0.0.1:61671
I0107 22:22:28.777952 249644480 NetServer.cpp:88] delete io...127.0.0.1:55105
W0107 22:22:28.779616 159150080 ServerMgr.cpp:852] remove one login server, id:10
W0107 22:22:28.779678 159150080 ServerMgr.cpp:836] remove one game server, id:1101
I0107 22:22:31.113449 249644480 NetServer.cpp:55] accept io...127.0.0.1:55214
W0107 22:22:31.113675 249644480 NetModule.cpp:723] ready reconnect server, server id: 0
I0107 22:22:31.113765 249644480 NetConnector.cpp:216] connect to: 0.0.0.0:6001 success! 
I0107 22:22:31.114686 159150080 CenterThread.cpp:87] connect to db server succ!
I0107 22:22:31.125880 159150080 ServerMgr.cpp:187] register one game server: 127.0.0.1:55214
I0107 22:22:32.112773 249644480 NetServer.cpp:55] accept io...127.0.0.1:55222
I0107 22:22:32.146826 159150080 ServerMgr.cpp:54] register one proxy server: 127.0.0.1:55222
I0107 22:22:39.149858 249644480 NetServer.cpp:55] accept io...127.0.0.1:55233
I0107 22:22:39.178444 159150080 ServerMgr.cpp:478] register one login server: 127.0.0.1:55233
W0107 22:24:27.769595 159150080 CenterThread.cpp:5104] set pcu info fail.
W0107 22:24:37.773610 159150080 CenterThread.cpp:5104] set pcu info fail.
W0107 22:24:38.116348 159150080 CenterThread.cpp:3970] OnSubLoadWealthGodHistoryData: 10
W0107 22:24:38.116466 159150080 CenterThread.cpp:3970] OnSubLoadWealthGodHistoryData: 10
W0107 22:24:38.116508 159150080 CenterThread.cpp:3970] OnSubLoadWealthGodHistoryData: 10
W0107 22:24:38.116574 159150080 CenterThread.cpp:3970] OnSubLoadWealthGodHistoryData: 10
W0107 22:24:38.116631 159150080 CenterThread.cpp:3970] OnSubLoadWealthGodHistoryData: 10
W0107 22:24:38.117303 159150080 CenterThread.cpp:3970] OnSubLoadWealthGodHistoryData: 10
W0107 22:24:38.117369 159150080 CenterThread.cpp:3970] OnSubLoadWealthGodHistoryData: 10
W0107 22:24:38.117437 159150080 CenterThread.cpp:3970] OnSubLoadWealthGodHistoryData: 10
W0107 22:24:38.117477 159150080 CenterThread.cpp:3970] OnSubLoadWealthGodHistoryData: 10
W0107 22:24:38.118088 159150080 CenterThread.cpp:3970] OnSubLoadWealthGodHistoryData: 10
W0107 22:24:38.118680 159150080 CenterThread.cpp:3970] OnSubLoadWealthGodHistoryData: 10
W0107 22:24:38.118754 159150080 CenterThread.cpp:3970] OnSubLoadWealthGodHistoryData: 10
W0107 22:24:38.118857 159150080 CenterThread.cpp:3970] OnSubLoadWealthGodHistoryData: 10
W0107 22:24:38.120836 159150080 DuoBaoMgr.cpp:94] has the same doing data? id: 1
W0107 22:24:38.120903 159150080 DuoBaoMgr.cpp:94] has the same doing data? id: 1
W0107 22:24:38.120926 159150080 DuoBaoMgr.cpp:94] has the same doing data? id: 2
W0107 22:24:38.120947 159150080 DuoBaoMgr.cpp:94] has the same doing data? id: 2
W0107 22:24:38.120967 159150080 DuoBaoMgr.cpp:94] has the same doing data? id: 3
W0107 22:24:38.120986 159150080 DuoBaoMgr.cpp:94] has the same doing data? id: 3
W0107 22:24:38.121006 159150080 DuoBaoMgr.cpp:94] has the same doing data? id: 4
W0107 22:24:38.121026 159150080 DuoBaoMgr.cpp:94] has the same doing data? id: 30
W0107 22:24:38.121047 159150080 DuoBaoMgr.cpp:94] has the same doing data? id: 30
W0107 22:24:38.121067 159150080 DuoBaoMgr.cpp:94] has the same doing data? id: 31
W0107 22:24:38.121086 159150080 DuoBaoMgr.cpp:94] has the same doing data? id: 31
W0107 22:24:38.121111 159150080 DuoBaoMgr.cpp:175] load duo bao data finish.
W0107 23:04:51.573000 159150080 ServerMgr.cpp:836] remove one game server, id:1101
I0107 23:04:51.584492 249644480 NetServer.cpp:88] delete io...127.0.0.1:55214
I0107 23:04:51.584558 249644480 NetServer.cpp:88] delete io...127.0.0.1:55222
I0107 23:04:51.584602 249644480 NetServer.cpp:88] delete io...127.0.0.1:55233
W0107 23:04:51.584897 159150080 ServerMgr.cpp:875] remove one proxy server, id:30
W0107 23:04:51.584949 159150080 ServerMgr.cpp:852] remove one login server, id:10
W0107 23:04:51.584980 159150080 CenterThread.cpp:120] db server is disconnect, after 1s will be reconnect!
I0107 23:04:53.053480 249644480 NetServer.cpp:55] accept io...127.0.0.1:55256
W0107 23:04:53.060253 249644480 NetModule.cpp:723] ready reconnect server, server id: 0
I0107 23:04:53.068512 249644480 NetConnector.cpp:216] connect to: 127.0.0.1:6001 success! 
I0107 23:04:53.068640 159150080 ServerMgr.cpp:187] register one game server: 127.0.0.1:55256
I0107 23:04:53.068666 159150080 CenterThread.cpp:87] connect to db server succ!
I0107 23:04:55.077185 249644480 NetServer.cpp:55] accept io...127.0.0.1:55263
I0107 23:04:55.098953 159150080 ServerMgr.cpp:54] register one proxy server: 127.0.0.1:55263
I0107 23:05:02.111374 249644480 NetServer.cpp:55] accept io...127.0.0.1:55273
I0107 23:05:02.125133 159150080 ServerMgr.cpp:478] register one login server: 127.0.0.1:55273
W0107 23:06:40.677407 159150080 CenterThread.cpp:5104] set pcu info fail.
W0107 23:06:50.687590 159150080 CenterThread.cpp:5104] set pcu info fail.
W0107 23:07:00.691704 159150080 CenterThread.cpp:5104] set pcu info fail.
W0107 23:07:00.692791 159150080 CenterThread.cpp:3970] OnSubLoadWealthGodHistoryData: 10
W0107 23:07:00.692842 159150080 CenterThread.cpp:3970] OnSubLoadWealthGodHistoryData: 10
W0107 23:07:01.407724 159150080 CenterThread.cpp:3970] OnSubLoadWealthGodHistoryData: 10
W0107 23:07:02.619827 159150080 CenterThread.cpp:3970] OnSubLoadWealthGodHistoryData: 10
W0107 23:07:03.834700 159150080 CenterThread.cpp:3970] OnSubLoadWealthGodHistoryData: 10
W0107 23:07:05.072762 159150080 CenterThread.cpp:3970] OnSubLoadWealthGodHistoryData: 10
W0107 23:07:06.274735 159150080 CenterThread.cpp:3970] OnSubLoadWealthGodHistoryData: 10
W0107 23:07:07.478811 159150080 CenterThread.cpp:3970] OnSubLoadWealthGodHistoryData: 10
W0107 23:07:08.703815 159150080 CenterThread.cpp:3970] OnSubLoadWealthGodHistoryData: 10
W0107 23:07:09.922803 159150080 CenterThread.cpp:3970] OnSubLoadWealthGodHistoryData: 10
W0107 23:07:11.149838 159150080 CenterThread.cpp:3970] OnSubLoadWealthGodHistoryData: 10
W0107 23:07:12.354907 159150080 CenterThread.cpp:3970] OnSubLoadWealthGodHistoryData: 10
W0107 23:07:13.565066 159150080 CenterThread.cpp:3970] OnSubLoadWealthGodHistoryData: 10
W0107 23:07:16.203920 159150080 DuoBaoMgr.cpp:94] has the same doing data? id: 1
W0107 23:07:16.204000 159150080 DuoBaoMgr.cpp:94] has the same doing data? id: 1
W0107 23:07:16.204030 159150080 DuoBaoMgr.cpp:94] has the same doing data? id: 2
W0107 23:07:16.204053 159150080 DuoBaoMgr.cpp:94] has the same doing data? id: 2
W0107 23:07:16.204077 159150080 DuoBaoMgr.cpp:94] has the same doing data? id: 3
W0107 23:07:16.204102 159150080 DuoBaoMgr.cpp:94] has the same doing data? id: 3
W0107 23:07:16.204131 159150080 DuoBaoMgr.cpp:94] has the same doing data? id: 4
W0107 23:07:16.204156 159150080 DuoBaoMgr.cpp:94] has the same doing data? id: 30
W0107 23:07:16.204179 159150080 DuoBaoMgr.cpp:94] has the same doing data? id: 30
W0107 23:07:16.204200 159150080 DuoBaoMgr.cpp:94] has the same doing data? id: 31
W0107 23:07:16.204221 159150080 DuoBaoMgr.cpp:94] has the same doing data? id: 31
W0107 23:07:16.204246 159150080 DuoBaoMgr.cpp:175] load duo bao data finish.
I0107 23:48:57.601464 249644480 NetServer.cpp:88] delete io...127.0.0.1:55256
W0107 23:48:57.601284 159150080 ServerMgr.cpp:836] remove one game server, id:1101
W0107 23:48:57.610152 159150080 ServerMgr.cpp:852] remove one login server, id:10
I0107 23:48:57.610929 249644480 NetServer.cpp:88] delete io...127.0.0.1:55273
I0107 23:48:57.611588 249644480 NetServer.cpp:88] delete io...127.0.0.1:55263
W0107 23:48:57.612262 159150080 ServerMgr.cpp:875] remove one proxy server, id:30
W0107 23:48:57.612321 159150080 CenterThread.cpp:120] db server is disconnect, after 1s will be reconnect!
W0107 23:48:59.084412 249644480 NetModule.cpp:723] ready reconnect server, server id: 0
I0107 23:48:59.084925 249644480 NetConnector.cpp:216] connect to: 0.0.0.0:6001 success! 
I0107 23:48:59.085938 159150080 CenterThread.cpp:87] connect to db server succ!
I0107 23:48:59.090216 249644480 NetServer.cpp:55] accept io...127.0.0.1:55319
I0107 23:48:59.120338 159150080 ServerMgr.cpp:187] register one game server: 127.0.0.1:55319
I0107 23:49:01.099673 249644480 NetServer.cpp:55] accept io...127.0.0.1:55322
I0107 23:49:01.107790 159150080 ServerMgr.cpp:54] register one proxy server: 127.0.0.1:55322
I0107 23:49:07.640141 249644480 NetServer.cpp:55] accept io...127.0.0.1:55325
I0107 23:49:07.671643 159150080 ServerMgr.cpp:478] register one login server: 127.0.0.1:55325
W0107 23:50:09.964821 159150080 CenterThread.cpp:5104] set pcu info fail.
W0107 23:50:19.968994 159150080 CenterThread.cpp:5104] set pcu info fail.
W0107 23:50:29.977231 159150080 CenterThread.cpp:5104] set pcu info fail.
W0107 23:50:38.908229 159150080 CenterThread.cpp:3970] OnSubLoadWealthGodHistoryData: 10
W0107 23:50:40.143290 159150080 CenterThread.cpp:3970] OnSubLoadWealthGodHistoryData: 10
W0107 23:50:41.354846 159150080 CenterThread.cpp:3970] OnSubLoadWealthGodHistoryData: 10
W0107 23:50:42.576364 159150080 CenterThread.cpp:3970] OnSubLoadWealthGodHistoryData: 10
W0107 23:50:43.805838 159150080 CenterThread.cpp:3970] OnSubLoadWealthGodHistoryData: 10
W0107 23:50:45.025367 159150080 CenterThread.cpp:3970] OnSubLoadWealthGodHistoryData: 10
W0107 23:50:46.263381 159150080 CenterThread.cpp:3970] OnSubLoadWealthGodHistoryData: 10
W0107 23:50:47.473557 159150080 CenterThread.cpp:3970] OnSubLoadWealthGodHistoryData: 10
W0107 23:50:48.706836 159150080 CenterThread.cpp:3970] OnSubLoadWealthGodHistoryData: 10
W0107 23:50:49.924583 159150080 CenterThread.cpp:3970] OnSubLoadWealthGodHistoryData: 10
W0107 23:50:51.180536 159150080 CenterThread.cpp:3970] OnSubLoadWealthGodHistoryData: 10
W0107 23:50:52.402583 159150080 CenterThread.cpp:3970] OnSubLoadWealthGodHistoryData: 10
W0107 23:50:53.628587 159150080 CenterThread.cpp:3970] OnSubLoadWealthGodHistoryData: 10
W0107 23:50:56.275586 159150080 DuoBaoMgr.cpp:94] has the same doing data? id: 1
W0107 23:50:56.275681 159150080 DuoBaoMgr.cpp:94] has the same doing data? id: 1
W0107 23:50:56.275717 159150080 DuoBaoMgr.cpp:94] has the same doing data? id: 2
W0107 23:50:56.275743 159150080 DuoBaoMgr.cpp:94] has the same doing data? id: 2
W0107 23:50:56.275764 159150080 DuoBaoMgr.cpp:94] has the same doing data? id: 3
W0107 23:50:56.275786 159150080 DuoBaoMgr.cpp:94] has the same doing data? id: 3
W0107 23:50:56.275810 159150080 DuoBaoMgr.cpp:94] has the same doing data? id: 4
W0107 23:50:56.275835 159150080 DuoBaoMgr.cpp:94] has the same doing data? id: 30
W0107 23:50:56.275856 159150080 DuoBaoMgr.cpp:94] has the same doing data? id: 30
W0107 23:50:56.275880 159150080 DuoBaoMgr.cpp:94] has the same doing data? id: 31
W0107 23:50:56.275902 159150080 DuoBaoMgr.cpp:94] has the same doing data? id: 31
W0107 23:50:56.275928 159150080 DuoBaoMgr.cpp:175] load duo bao data finish.
W0108 00:28:30.608865 159150080 CenterThread.cpp:304] center server is across day.
I0108 00:28:30.629761 249644480 NetServer.cpp:88] delete io...127.0.0.1:55319
I0108 00:28:30.629842 249644480 NetServer.cpp:88] delete io...127.0.0.1:55322
I0108 00:28:30.629947 249644480 NetServer.cpp:88] delete io...127.0.0.1:55325
I0108 00:28:32.116869 249644480 NetServer.cpp:55] accept io...127.0.0.1:55353
I0108 00:28:34.128335 249644480 NetServer.cpp:55] accept io...127.0.0.1:55357
W0108 00:28:40.640661 159150080 ServerMgr.cpp:836] remove one game server, id:1101
W0108 00:28:40.640725 159150080 ServerMgr.cpp:875] remove one proxy server, id:30
W0108 00:28:40.640749 159150080 ServerMgr.cpp:852] remove one login server, id:10
W0108 00:28:40.640770 159150080 CenterThread.cpp:120] db server is disconnect, after 1s will be reconnect!
I0108 00:28:40.640801 159150080 ServerMgr.cpp:187] register one game server: 127.0.0.1:55353
I0108 00:28:40.640820 159150080 ServerMgr.cpp:54] register one proxy server: 127.0.0.1:55357
I0108 00:28:41.659520 249644480 NetServer.cpp:55] accept io...127.0.0.1:55361
W0108 00:28:41.674422 249644480 NetModule.cpp:723] ready reconnect server, server id: 0
I0108 00:28:41.674577 249644480 NetConnector.cpp:216] connect to: 0.0.0.0:6001 success! 
I0108 00:28:41.676268 159150080 CenterThread.cpp:87] connect to db server succ!
I0108 00:28:41.679152 159150080 ServerMgr.cpp:478] register one login server: 127.0.0.1:55361
W0108 00:30:17.879158 159150080 CenterThread.cpp:5104] set pcu info fail.
W0108 00:30:27.890290 159150080 CenterThread.cpp:5104] set pcu info fail.
W0108 00:30:37.896428 159150080 CenterThread.cpp:5104] set pcu info fail.
W0108 00:31:10.064801 159150080 CenterThread.cpp:3970] OnSubLoadWealthGodHistoryData: 10
W0108 00:31:11.274746 159150080 CenterThread.cpp:3970] OnSubLoadWealthGodHistoryData: 10
W0108 00:31:12.477773 159150080 CenterThread.cpp:3970] OnSubLoadWealthGodHistoryData: 10
W0108 00:31:13.688743 159150080 CenterThread.cpp:3970] OnSubLoadWealthGodHistoryData: 10
W0108 00:31:14.908788 159150080 CenterThread.cpp:3970] OnSubLoadWealthGodHistoryData: 10
W0108 00:31:16.115732 159150080 CenterThread.cpp:3970] OnSubLoadWealthGodHistoryData: 10
W0108 00:31:17.319878 159150080 CenterThread.cpp:3970] OnSubLoadWealthGodHistoryData: 10
W0108 00:31:18.530876 159150080 CenterThread.cpp:3970] OnSubLoadWealthGodHistoryData: 10
W0108 00:31:19.747833 159150080 CenterThread.cpp:3970] OnSubLoadWealthGodHistoryData: 10
W0108 00:31:20.961884 159150080 CenterThread.cpp:3970] OnSubLoadWealthGodHistoryData: 10
W0108 00:31:22.199780 159150080 CenterThread.cpp:3970] OnSubLoadWealthGodHistoryData: 10
W0108 00:31:23.398859 159150080 CenterThread.cpp:3970] OnSubLoadWealthGodHistoryData: 10
W0108 00:31:24.607790 159150080 CenterThread.cpp:3970] OnSubLoadWealthGodHistoryData: 10
W0108 00:31:27.240025 159150080 DuoBaoMgr.cpp:94] has the same doing data? id: 1
W0108 00:31:27.240095 159150080 DuoBaoMgr.cpp:94] has the same doing data? id: 1
W0108 00:31:27.240123 159150080 DuoBaoMgr.cpp:94] has the same doing data? id: 2
W0108 00:31:27.240145 159150080 DuoBaoMgr.cpp:94] has the same doing data? id: 2
W0108 00:31:27.240166 159150080 DuoBaoMgr.cpp:94] has the same doing data? id: 3
W0108 00:31:27.240186 159150080 DuoBaoMgr.cpp:94] has the same doing data? id: 3
W0108 00:31:27.240207 159150080 DuoBaoMgr.cpp:94] has the same doing data? id: 4
W0108 00:31:27.240227 159150080 DuoBaoMgr.cpp:94] has the same doing data? id: 30
W0108 00:31:27.240248 159150080 DuoBaoMgr.cpp:94] has the same doing data? id: 30
W0108 00:31:27.240268 159150080 DuoBaoMgr.cpp:94] has the same doing data? id: 31
W0108 00:31:27.240289 159150080 DuoBaoMgr.cpp:94] has the same doing data? id: 31
W0108 00:31:27.240311 159150080 DuoBaoMgr.cpp:175] load duo bao data finish.
I0108 01:03:38.628049 249644480 NetServer.cpp:88] delete io...127.0.0.1:55357
I0108 01:03:38.628129 249644480 NetServer.cpp:88] delete io...127.0.0.1:55361
I0108 01:03:38.628163 249644480 NetServer.cpp:88] delete io...127.0.0.1:55353
W0108 01:03:38.630513 159150080 ServerMgr.cpp:875] remove one proxy server, id:30
W0108 01:03:38.630796 159150080 ServerMgr.cpp:852] remove one login server, id:10
W0108 01:03:38.630971 159150080 ServerMgr.cpp:836] remove one game server, id:1101
W0108 01:03:38.630990 159150080 CenterThread.cpp:120] db server is disconnect, after 1s will be reconnect!
W0108 01:03:40.113718 249644480 NetModule.cpp:723] ready reconnect server, server id: 0
I0108 01:03:40.113795 249644480 NetConnector.cpp:216] connect to: 0.0.0.0:6001 success! 
I0108 01:03:40.115047 159150080 CenterThread.cpp:87] connect to db server succ!
I0108 01:03:40.120219 249644480 NetServer.cpp:55] accept io...127.0.0.1:55395
I0108 01:03:40.152081 159150080 ServerMgr.cpp:187] register one game server: 127.0.0.1:55395
I0108 01:03:42.137105 249644480 NetServer.cpp:55] accept io...127.0.0.1:55399
I0108 01:03:42.147274 159150080 ServerMgr.cpp:54] register one proxy server: 127.0.0.1:55399
I0108 01:03:49.188427 249644480 NetServer.cpp:55] accept io...127.0.0.1:55402
I0108 01:03:49.217927 159150080 ServerMgr.cpp:478] register one login server: 127.0.0.1:55402
W0108 01:04:49.777043 159150080 CenterThread.cpp:5104] set pcu info fail.
W0108 01:04:59.785228 159150080 CenterThread.cpp:5104] set pcu info fail.
W0108 01:05:09.794332 159150080 CenterThread.cpp:5104] set pcu info fail.
W0108 01:05:41.860729 159150080 CenterThread.cpp:3970] OnSubLoadWealthGodHistoryData: 10
W0108 01:05:43.070555 159150080 CenterThread.cpp:3970] OnSubLoadWealthGodHistoryData: 10
W0108 01:05:44.305687 159150080 CenterThread.cpp:3970] OnSubLoadWealthGodHistoryData: 10
W0108 01:05:45.513761 159150080 CenterThread.cpp:3970] OnSubLoadWealthGodHistoryData: 10
W0108 01:05:46.700738 159150080 CenterThread.cpp:3970] OnSubLoadWealthGodHistoryData: 10
W0108 01:05:47.920672 159150080 CenterThread.cpp:3970] OnSubLoadWealthGodHistoryData: 10
W0108 01:05:49.145815 159150080 CenterThread.cpp:3970] OnSubLoadWealthGodHistoryData: 10
W0108 01:05:50.356258 159150080 CenterThread.cpp:3970] OnSubLoadWealthGodHistoryData: 10
W0108 01:05:51.560762 159150080 CenterThread.cpp:3970] OnSubLoadWealthGodHistoryData: 10
W0108 01:05:52.794709 159150080 CenterThread.cpp:3970] OnSubLoadWealthGodHistoryData: 10
W0108 01:05:53.998697 159150080 CenterThread.cpp:3970] OnSubLoadWealthGodHistoryData: 10
W0108 01:05:55.204820 159150080 CenterThread.cpp:3970] OnSubLoadWealthGodHistoryData: 10
W0108 01:05:56.444697 159150080 CenterThread.cpp:3970] OnSubLoadWealthGodHistoryData: 10
W0108 01:05:59.081771 159150080 DuoBaoMgr.cpp:94] has the same doing data? id: 1
W0108 01:05:59.081848 159150080 DuoBaoMgr.cpp:94] has the same doing data? id: 1
W0108 01:05:59.081889 159150080 DuoBaoMgr.cpp:94] has the same doing data? id: 2
W0108 01:05:59.081917 159150080 DuoBaoMgr.cpp:94] has the same doing data? id: 2
W0108 01:05:59.081938 159150080 DuoBaoMgr.cpp:94] has the same doing data? id: 3
W0108 01:05:59.081962 159150080 DuoBaoMgr.cpp:94] has the same doing data? id: 3
W0108 01:05:59.081984 159150080 DuoBaoMgr.cpp:94] has the same doing data? id: 4
W0108 01:05:59.082006 159150080 DuoBaoMgr.cpp:94] has the same doing data? id: 30
W0108 01:05:59.082029 159150080 DuoBaoMgr.cpp:94] has the same doing data? id: 30
W0108 01:05:59.082056 159150080 DuoBaoMgr.cpp:94] has the same doing data? id: 31
W0108 01:05:59.082080 159150080 DuoBaoMgr.cpp:94] has the same doing data? id: 31
W0108 01:05:59.082108 159150080 DuoBaoMgr.cpp:175] load duo bao data finish.
I0108 02:08:40.641690 249644480 NetServer.cpp:88] delete io...127.0.0.1:55395
I0108 02:08:40.641789 249644480 NetServer.cpp:88] delete io...127.0.0.1:55402
I0108 02:08:40.641826 249644480 NetServer.cpp:88] delete io...127.0.0.1:55399
W0108 02:08:40.643690 159150080 ServerMgr.cpp:836] remove one game server, id:1101
W0108 02:08:40.643759 159150080 ServerMgr.cpp:852] remove one login server, id:10
W0108 02:08:40.643800 159150080 ServerMgr.cpp:875] remove one proxy server, id:30
W0108 02:08:40.651017 159150080 CenterThread.cpp:120] db server is disconnect, after 1s will be reconnect!
W0108 02:08:42.129446 249644480 NetModule.cpp:723] ready reconnect server, server id: 0
I0108 02:08:42.129564 249644480 NetConnector.cpp:216] connect to: 0.0.0.0:6001 success! 
I0108 02:08:42.129997 159150080 CenterThread.cpp:87] connect to db server succ!
I0108 02:08:42.132486 249644480 NetServer.cpp:55] accept io...127.0.0.1:55444
I0108 02:08:42.139492 159150080 ServerMgr.cpp:187] register one game server: 127.0.0.1:55444
I0108 02:08:44.144979 249644480 NetServer.cpp:55] accept io...127.0.0.1:55447
I0108 02:08:44.175086 159150080 ServerMgr.cpp:54] register one proxy server: 127.0.0.1:55447
I0108 02:08:50.678819 249644480 NetServer.cpp:55] accept io...127.0.0.1:55450
I0108 02:08:50.710644 159150080 ServerMgr.cpp:478] register one login server: 127.0.0.1:55450
W0108 02:09:52.311575 159150080 CenterThread.cpp:5104] set pcu info fail.
W0108 02:10:02.314697 159150080 CenterThread.cpp:5104] set pcu info fail.
W0108 02:10:22.927830 159150080 CenterThread.cpp:3970] OnSubLoadWealthGodHistoryData: 10
W0108 02:10:24.118916 159150080 CenterThread.cpp:3970] OnSubLoadWealthGodHistoryData: 10
W0108 02:10:25.324921 159150080 CenterThread.cpp:3970] OnSubLoadWealthGodHistoryData: 10
W0108 02:10:26.526912 159150080 CenterThread.cpp:3970] OnSubLoadWealthGodHistoryData: 10
W0108 02:10:27.716899 159150080 CenterThread.cpp:3970] OnSubLoadWealthGodHistoryData: 10
W0108 02:10:28.927093 159150080 CenterThread.cpp:3970] OnSubLoadWealthGodHistoryData: 10
W0108 02:10:30.128863 159150080 CenterThread.cpp:3970] OnSubLoadWealthGodHistoryData: 10
W0108 02:10:31.325919 159150080 CenterThread.cpp:3970] OnSubLoadWealthGodHistoryData: 10
W0108 02:10:32.530946 159150080 CenterThread.cpp:3970] OnSubLoadWealthGodHistoryData: 10
W0108 02:10:33.746970 159150080 CenterThread.cpp:3970] OnSubLoadWealthGodHistoryData: 10
W0108 02:10:34.930034 159150080 CenterThread.cpp:3970] OnSubLoadWealthGodHistoryData: 10
W0108 02:10:36.154877 159150080 CenterThread.cpp:3970] OnSubLoadWealthGodHistoryData: 10
W0108 02:10:37.350010 159150080 CenterThread.cpp:3970] OnSubLoadWealthGodHistoryData: 10
W0108 02:10:39.969064 159150080 DuoBaoMgr.cpp:94] has the same doing data? id: 1
W0108 02:10:39.969135 159150080 DuoBaoMgr.cpp:94] has the same doing data? id: 1
W0108 02:10:39.969161 159150080 DuoBaoMgr.cpp:94] has the same doing data? id: 2
W0108 02:10:39.969182 159150080 DuoBaoMgr.cpp:94] has the same doing data? id: 2
W0108 02:10:39.969203 159150080 DuoBaoMgr.cpp:94] has the same doing data? id: 3
W0108 02:10:39.969224 159150080 DuoBaoMgr.cpp:94] has the same doing data? id: 3
W0108 02:10:39.969245 159150080 DuoBaoMgr.cpp:94] has the same doing data? id: 4
W0108 02:10:39.969266 159150080 DuoBaoMgr.cpp:94] has the same doing data? id: 30
W0108 02:10:39.969287 159150080 DuoBaoMgr.cpp:94] has the same doing data? id: 30
W0108 02:10:39.969308 159150080 DuoBaoMgr.cpp:94] has the same doing data? id: 31
W0108 02:10:39.969329 159150080 DuoBaoMgr.cpp:94] has the same doing data? id: 31
W0108 02:10:39.969353 159150080 DuoBaoMgr.cpp:175] load duo bao data finish.
I0108 03:13:43.661247 249644480 NetServer.cpp:88] delete io...127.0.0.1:55447
I0108 03:13:43.661352 249644480 NetServer.cpp:88] delete io...127.0.0.1:55450
I0108 03:13:43.661391 249644480 NetServer.cpp:88] delete io...127.0.0.1:55444
W0108 03:13:43.662186 159150080 ServerMgr.cpp:875] remove one proxy server, id:30
W0108 03:13:43.662247 159150080 ServerMgr.cpp:852] remove one login server, id:10
W0108 03:13:43.662281 159150080 ServerMgr.cpp:836] remove one game server, id:1101
W0108 03:13:43.671519 159150080 CenterThread.cpp:120] db server is disconnect, after 1s will be reconnect!
W0108 03:13:45.151263 249644480 NetModule.cpp:723] ready reconnect server, server id: 0
I0108 03:13:45.151345 249644480 NetConnector.cpp:216] connect to: 0.0.0.0:6001 success! 
I0108 03:13:45.152194 159150080 CenterThread.cpp:87] connect to db server succ!
I0108 03:13:45.154294 249644480 NetServer.cpp:55] accept io...127.0.0.1:55487
I0108 03:13:45.171125 159150080 ServerMgr.cpp:187] register one game server: 127.0.0.1:55487
I0108 03:13:47.161396 249644480 NetServer.cpp:55] accept io...127.0.0.1:55491
I0108 03:13:47.182973 159150080 ServerMgr.cpp:54] register one proxy server: 127.0.0.1:55491
I0108 03:13:54.197464 249644480 NetServer.cpp:55] accept io...127.0.0.1:55494
I0108 03:13:54.227154 159150080 ServerMgr.cpp:478] register one login server: 127.0.0.1:55494
W0108 03:15:19.497460 159150080 CenterThread.cpp:5104] set pcu info fail.
W0108 03:15:29.501623 159150080 CenterThread.cpp:5104] set pcu info fail.
W0108 03:15:39.510797 159150080 CenterThread.cpp:5104] set pcu info fail.
W0108 03:15:42.079726 159150080 CenterThread.cpp:3970] OnSubLoadWealthGodHistoryData: 10
W0108 03:15:43.298285 159150080 CenterThread.cpp:3970] OnSubLoadWealthGodHistoryData: 10
W0108 03:15:44.493693 159150080 CenterThread.cpp:3970] OnSubLoadWealthGodHistoryData: 10
W0108 03:15:45.691872 159150080 CenterThread.cpp:3970] OnSubLoadWealthGodHistoryData: 10
W0108 03:15:46.929622 159150080 CenterThread.cpp:3970] OnSubLoadWealthGodHistoryData: 10
W0108 03:15:48.120683 159150080 CenterThread.cpp:3970] OnSubLoadWealthGodHistoryData: 10
W0108 03:15:49.333701 159150080 CenterThread.cpp:3970] OnSubLoadWealthGodHistoryData: 10
W0108 03:15:50.543751 159150080 CenterThread.cpp:3970] OnSubLoadWealthGodHistoryData: 10
W0108 03:15:51.726646 159150080 CenterThread.cpp:3970] OnSubLoadWealthGodHistoryData: 10
W0108 03:15:52.955695 159150080 CenterThread.cpp:3970] OnSubLoadWealthGodHistoryData: 10
W0108 03:15:54.158776 159150080 CenterThread.cpp:3970] OnSubLoadWealthGodHistoryData: 10
W0108 03:15:55.341856 159150080 CenterThread.cpp:3970] OnSubLoadWealthGodHistoryData: 10
W0108 03:15:56.772866 159150080 CenterThread.cpp:3970] OnSubLoadWealthGodHistoryData: 10
W0108 03:15:59.421815 159150080 DuoBaoMgr.cpp:94] has the same doing data? id: 1
W0108 03:15:59.421902 159150080 DuoBaoMgr.cpp:94] has the same doing data? id: 1
W0108 03:15:59.421929 159150080 DuoBaoMgr.cpp:94] has the same doing data? id: 2
W0108 03:15:59.421952 159150080 DuoBaoMgr.cpp:94] has the same doing data? id: 2
W0108 03:15:59.421973 159150080 DuoBaoMgr.cpp:94] has the same doing data? id: 3
W0108 03:15:59.421993 159150080 DuoBaoMgr.cpp:94] has the same doing data? id: 3
W0108 03:15:59.422014 159150080 DuoBaoMgr.cpp:94] has the same doing data? id: 4
W0108 03:15:59.422035 159150080 DuoBaoMgr.cpp:94] has the same doing data? id: 30
W0108 03:15:59.422056 159150080 DuoBaoMgr.cpp:94] has the same doing data? id: 30
W0108 03:15:59.422078 159150080 DuoBaoMgr.cpp:94] has the same doing data? id: 31
W0108 03:15:59.422098 159150080 DuoBaoMgr.cpp:94] has the same doing data? id: 31
W0108 03:15:59.422124 159150080 DuoBaoMgr.cpp:175] load duo bao data finish.
I0108 04:18:46.679589 249644480 NetServer.cpp:88] delete io...127.0.0.1:55487
I0108 04:18:46.679672 249644480 NetServer.cpp:88] delete io...127.0.0.1:55491
I0108 04:18:46.679700 249644480 NetServer.cpp:88] delete io...127.0.0.1:55494
W0108 04:18:46.680248 159150080 ServerMgr.cpp:836] remove one game server, id:1101
W0108 04:18:46.680299 159150080 ServerMgr.cpp:875] remove one proxy server, id:30
W0108 04:18:46.680325 159150080 ServerMgr.cpp:852] remove one login server, id:10
W0108 04:18:46.691187 159150080 CenterThread.cpp:120] db server is disconnect, after 1s will be reconnect!
W0108 04:18:48.174748 249644480 NetModule.cpp:723] ready reconnect server, server id: 0
I0108 04:18:48.175424 249644480 NetServer.cpp:55] accept io...127.0.0.1:55545
I0108 04:18:48.175478 249644480 NetConnector.cpp:216] connect to: 0.0.0.0:6001 success! 
I0108 04:18:48.175664 159150080 CenterThread.cpp:87] connect to db server succ!
I0108 04:18:48.203394 159150080 ServerMgr.cpp:187] register one game server: 127.0.0.1:55545
I0108 04:18:50.191104 249644480 NetServer.cpp:55] accept io...127.0.0.1:55550
I0108 04:18:50.196633 159150080 ServerMgr.cpp:54] register one proxy server: 127.0.0.1:55550
I0108 04:18:57.228303 249644480 NetServer.cpp:55] accept io...127.0.0.1:55553
I0108 04:18:57.259935 159150080 ServerMgr.cpp:478] register one login server: 127.0.0.1:55553
W0108 04:19:48.530299 159150080 CenterThread.cpp:5104] set pcu info fail.
W0108 04:19:58.537237 159150080 CenterThread.cpp:5104] set pcu info fail.
W0108 04:20:08.547466 159150080 CenterThread.cpp:5104] set pcu info fail.
W0108 04:20:40.724774 159150080 CenterThread.cpp:3970] OnSubLoadWealthGodHistoryData: 10
W0108 04:20:41.931766 159150080 CenterThread.cpp:3970] OnSubLoadWealthGodHistoryData: 10
W0108 04:20:43.172659 159150080 CenterThread.cpp:3970] OnSubLoadWealthGodHistoryData: 10
W0108 04:20:44.381791 159150080 CenterThread.cpp:3970] OnSubLoadWealthGodHistoryData: 10
W0108 04:20:45.584708 159150080 CenterThread.cpp:3970] OnSubLoadWealthGodHistoryData: 10
W0108 04:20:46.795774 159150080 CenterThread.cpp:3970] OnSubLoadWealthGodHistoryData: 10
W0108 04:20:47.995695 159150080 CenterThread.cpp:3970] OnSubLoadWealthGodHistoryData: 10
W0108 04:20:49.196718 159150080 CenterThread.cpp:3970] OnSubLoadWealthGodHistoryData: 10
W0108 04:20:50.416764 159150080 CenterThread.cpp:3970] OnSubLoadWealthGodHistoryData: 10
W0108 04:20:51.645797 159150080 CenterThread.cpp:3970] OnSubLoadWealthGodHistoryData: 10
W0108 04:20:52.867734 159150080 CenterThread.cpp:3970] OnSubLoadWealthGodHistoryData: 10
W0108 04:20:54.072809 159150080 CenterThread.cpp:3970] OnSubLoadWealthGodHistoryData: 10
W0108 04:20:55.286814 159150080 CenterThread.cpp:3970] OnSubLoadWealthGodHistoryData: 10
W0108 04:20:57.900882 159150080 DuoBaoMgr.cpp:94] has the same doing data? id: 1
W0108 04:20:57.900951 159150080 DuoBaoMgr.cpp:94] has the same doing data? id: 1
W0108 04:20:57.900974 159150080 DuoBaoMgr.cpp:94] has the same doing data? id: 2
W0108 04:20:57.900993 159150080 DuoBaoMgr.cpp:94] has the same doing data? id: 2
W0108 04:20:57.901012 159150080 DuoBaoMgr.cpp:94] has the same doing data? id: 3
W0108 04:20:57.901031 159150080 DuoBaoMgr.cpp:94] has the same doing data? id: 3
W0108 04:20:57.901049 159150080 DuoBaoMgr.cpp:94] has the same doing data? id: 4
