W1210 18:54:11.770682 156147712 CenterThread.cpp:120] db server is disconnect, after 1s will be reconnect!
W1210 18:54:13.273432 304133568 NetModule.cpp:703] ready reconnect server, server id: 0
W1210 18:54:13.276089 156147712 CenterThread.cpp:120] db server is disconnect, after 1s will be reconnect!
W1210 18:54:14.779480 304133568 NetModule.cpp:703] ready reconnect server, server id: 0
W1210 18:54:14.781831 156147712 CenterThread.cpp:120] db server is disconnect, after 1s will be reconnect!
W1210 18:54:16.281945 304133568 NetModule.cpp:703] ready reconnect server, server id: 0
W1210 18:54:16.284210 156147712 CenterThread.cpp:120] db server is disconnect, after 1s will be reconnect!
W1210 18:54:17.786569 304133568 NetModule.cpp:703] ready reconnect server, server id: 0
W1210 18:54:17.788815 156147712 CenterThread.cpp:120] db server is disconnect, after 1s will be reconnect!
W1210 18:54:19.290573 304133568 NetModule.cpp:703] ready reconnect server, server id: 0
W1210 18:54:19.292814 156147712 CenterThread.cpp:120] db server is disconnect, after 1s will be reconnect!
W1210 18:54:20.793656 304133568 NetModule.cpp:703] ready reconnect server, server id: 0
W1210 18:54:20.795889 156147712 CenterThread.cpp:120] db server is disconnect, after 1s will be reconnect!
W1210 18:54:22.298703 304133568 NetModule.cpp:703] ready reconnect server, server id: 0
W1210 18:54:22.300985 156147712 CenterThread.cpp:120] db server is disconnect, after 1s will be reconnect!
W1210 18:54:23.801072 304133568 NetModule.cpp:703] ready reconnect server, server id: 0
W1210 18:54:23.803316 156147712 CenterThread.cpp:120] db server is disconnect, after 1s will be reconnect!
W1210 18:54:25.304503 304133568 NetModule.cpp:703] ready reconnect server, server id: 0
W1210 18:54:25.306361 156147712 CenterThread.cpp:120] db server is disconnect, after 1s will be reconnect!
W1210 18:54:26.806123 304133568 NetModule.cpp:703] ready reconnect server, server id: 0
W1210 18:54:26.807624 156147712 CenterThread.cpp:120] db server is disconnect, after 1s will be reconnect!
W1210 18:54:28.312212 304133568 NetModule.cpp:703] ready reconnect server, server id: 0
W1210 18:54:28.312472 156147712 CenterThread.cpp:120] db server is disconnect, after 1s will be reconnect!
W1210 18:54:29.821511 304133568 NetModule.cpp:703] ready reconnect server, server id: 0
W1210 18:54:29.823760 156147712 CenterThread.cpp:120] db server is disconnect, after 1s will be reconnect!
W1210 18:54:31.327136 304133568 NetModule.cpp:703] ready reconnect server, server id: 0
W1210 18:54:31.327654 156147712 CenterThread.cpp:120] db server is disconnect, after 1s will be reconnect!
W1210 18:54:32.830227 304133568 NetModule.cpp:703] ready reconnect server, server id: 0
W1210 18:54:32.832500 156147712 CenterThread.cpp:120] db server is disconnect, after 1s will be reconnect!
W1210 18:54:34.335224 304133568 NetModule.cpp:703] ready reconnect server, server id: 0
W1210 18:54:34.337522 156147712 CenterThread.cpp:120] db server is disconnect, after 1s will be reconnect!
W1210 18:54:35.838683 304133568 NetModule.cpp:703] ready reconnect server, server id: 0
W1210 18:54:35.840972 156147712 CenterThread.cpp:120] db server is disconnect, after 1s will be reconnect!
W1210 18:54:37.343858 304133568 NetModule.cpp:703] ready reconnect server, server id: 0
W1210 18:54:37.345971 156147712 CenterThread.cpp:120] db server is disconnect, after 1s will be reconnect!
W1210 18:54:38.846283 304133568 NetModule.cpp:703] ready reconnect server, server id: 0
W1210 18:54:38.848568 156147712 CenterThread.cpp:120] db server is disconnect, after 1s will be reconnect!
W1210 18:54:40.348886 304133568 NetModule.cpp:703] ready reconnect server, server id: 0
W1210 18:54:40.350993 156147712 CenterThread.cpp:120] db server is disconnect, after 1s will be reconnect!
W1210 18:54:41.850276 304133568 NetModule.cpp:703] ready reconnect server, server id: 0
W1210 18:54:41.851168 156147712 CenterThread.cpp:120] db server is disconnect, after 1s will be reconnect!
W1210 18:54:43.359378 304133568 NetModule.cpp:703] ready reconnect server, server id: 0
W1210 18:54:43.362085 156147712 CenterThread.cpp:120] db server is disconnect, after 1s will be reconnect!
W1210 18:54:44.862152 304133568 NetModule.cpp:703] ready reconnect server, server id: 0
W1210 18:54:44.864415 156147712 CenterThread.cpp:120] db server is disconnect, after 1s will be reconnect!
W1210 18:54:46.370394 304133568 NetModule.cpp:703] ready reconnect server, server id: 0
W1210 18:54:46.372161 156147712 CenterThread.cpp:120] db server is disconnect, after 1s will be reconnect!
W1210 18:54:47.871932 304133568 NetModule.cpp:703] ready reconnect server, server id: 0
W1210 18:54:47.873073 156147712 CenterThread.cpp:120] db server is disconnect, after 1s will be reconnect!
W1210 18:54:49.375692 304133568 NetModule.cpp:703] ready reconnect server, server id: 0
W1210 18:54:49.377967 156147712 CenterThread.cpp:120] db server is disconnect, after 1s will be reconnect!
W1210 18:54:50.884023 304133568 NetModule.cpp:703] ready reconnect server, server id: 0
W1210 18:54:50.885646 156147712 CenterThread.cpp:120] db server is disconnect, after 1s will be reconnect!
W1210 18:54:52.387951 304133568 NetModule.cpp:703] ready reconnect server, server id: 0
W1210 18:54:52.390205 156147712 CenterThread.cpp:120] db server is disconnect, after 1s will be reconnect!
W1210 18:54:53.890314 304133568 NetModule.cpp:703] ready reconnect server, server id: 0
W1210 18:54:53.892581 156147712 CenterThread.cpp:120] db server is disconnect, after 1s will be reconnect!
W1210 18:54:55.393609 304133568 NetModule.cpp:703] ready reconnect server, server id: 0
W1210 18:54:55.394156 156147712 CenterThread.cpp:120] db server is disconnect, after 1s will be reconnect!
W1210 18:54:56.898452 304133568 NetModule.cpp:703] ready reconnect server, server id: 0
W1210 18:54:56.900760 156147712 CenterThread.cpp:120] db server is disconnect, after 1s will be reconnect!
W1210 18:54:58.404346 304133568 NetConnector.cpp:287] open connect: 0.0.0.0:6001 fail.
W1210 18:54:58.404438 304133568 NetModule.cpp:703] ready reconnect server, server id: 0
W1210 18:54:58.406795 156147712 CenterThread.cpp:120] db server is disconnect, after 1s will be reconnect!
W1210 18:54:59.911195 304133568 NetModule.cpp:703] ready reconnect server, server id: 0
W1210 18:54:59.913563 156147712 CenterThread.cpp:120] db server is disconnect, after 1s will be reconnect!
W1210 18:55:01.415230 304133568 NetModule.cpp:703] ready reconnect server, server id: 0
W1210 18:55:01.416298 156147712 CenterThread.cpp:120] db server is disconnect, after 1s will be reconnect!
W1210 18:55:02.918166 304133568 NetConnector.cpp:287] open connect: 0.0.0.0:6001 fail.
W1210 18:55:02.918293 304133568 NetModule.cpp:703] ready reconnect server, server id: 0
W1210 18:55:02.918520 156147712 CenterThread.cpp:120] db server is disconnect, after 1s will be reconnect!
W1210 18:55:04.422840 304133568 NetModule.cpp:703] ready reconnect server, server id: 0
W1210 18:55:04.425151 156147712 CenterThread.cpp:120] db server is disconnect, after 1s will be reconnect!
W1210 18:55:05.924120 304133568 NetModule.cpp:703] ready reconnect server, server id: 0
W1210 18:55:05.926120 156147712 CenterThread.cpp:120] db server is disconnect, after 1s will be reconnect!
W1210 18:55:07.425369 304133568 NetModule.cpp:703] ready reconnect server, server id: 0
W1210 18:55:07.427623 156147712 CenterThread.cpp:120] db server is disconnect, after 1s will be reconnect!
W1210 18:55:08.928462 304133568 NetModule.cpp:703] ready reconnect server, server id: 0
W1210 18:55:08.930740 156147712 CenterThread.cpp:120] db server is disconnect, after 1s will be reconnect!
W1210 18:55:10.432173 304133568 NetModule.cpp:703] ready reconnect server, server id: 0
W1210 18:55:10.434551 156147712 CenterThread.cpp:120] db server is disconnect, after 1s will be reconnect!
W1210 18:55:11.935716 304133568 NetModule.cpp:703] ready reconnect server, server id: 0
W1210 18:55:11.937958 156147712 CenterThread.cpp:120] db server is disconnect, after 1s will be reconnect!
W1210 18:55:13.438840 304133568 NetModule.cpp:703] ready reconnect server, server id: 0
W1210 18:55:13.439179 156147712 CenterThread.cpp:120] db server is disconnect, after 1s will be reconnect!
W1210 18:55:14.945055 304133568 NetModule.cpp:703] ready reconnect server, server id: 0
W1210 18:55:14.947319 156147712 CenterThread.cpp:120] db server is disconnect, after 1s will be reconnect!
W1210 18:55:16.448282 304133568 NetModule.cpp:703] ready reconnect server, server id: 0
W1210 18:55:16.449566 156147712 CenterThread.cpp:120] db server is disconnect, after 1s will be reconnect!
W1210 18:55:17.954915 304133568 NetModule.cpp:703] ready reconnect server, server id: 0
W1210 18:55:17.957175 156147712 CenterThread.cpp:120] db server is disconnect, after 1s will be reconnect!
W1210 18:55:19.457154 304133568 NetModule.cpp:703] ready reconnect server, server id: 0
W1210 18:55:19.459426 156147712 CenterThread.cpp:120] db server is disconnect, after 1s will be reconnect!
W1210 18:55:20.959048 304133568 NetModule.cpp:703] ready reconnect server, server id: 0
W1210 18:55:20.961314 156147712 CenterThread.cpp:120] db server is disconnect, after 1s will be reconnect!
W1210 18:55:22.462944 304133568 NetModule.cpp:703] ready reconnect server, server id: 0
W1210 18:55:22.463582 156147712 CenterThread.cpp:120] db server is disconnect, after 1s will be reconnect!
W1210 18:55:23.965240 304133568 NetModule.cpp:703] ready reconnect server, server id: 0
W1210 18:55:23.967443 156147712 CenterThread.cpp:120] db server is disconnect, after 1s will be reconnect!
W1210 18:55:25.468127 304133568 NetModule.cpp:703] ready reconnect server, server id: 0
W1210 18:55:25.470402 156147712 CenterThread.cpp:120] db server is disconnect, after 1s will be reconnect!
W1210 18:55:26.970734 304133568 NetModule.cpp:703] ready reconnect server, server id: 0
W1210 18:55:26.973907 156147712 CenterThread.cpp:120] db server is disconnect, after 1s will be reconnect!
W1210 18:55:28.473845 304133568 NetModule.cpp:703] ready reconnect server, server id: 0
W1210 18:55:28.476141 156147712 CenterThread.cpp:120] db server is disconnect, after 1s will be reconnect!
W1210 18:55:29.980578 304133568 NetModule.cpp:703] ready reconnect server, server id: 0
W1210 18:55:29.983283 156147712 CenterThread.cpp:120] db server is disconnect, after 1s will be reconnect!
W1210 18:55:31.486007 304133568 NetModule.cpp:703] ready reconnect server, server id: 0
W1210 18:55:31.488282 156147712 CenterThread.cpp:120] db server is disconnect, after 1s will be reconnect!
W1210 18:55:32.988744 304133568 NetModule.cpp:703] ready reconnect server, server id: 0
W1210 18:55:32.990039 156147712 CenterThread.cpp:120] db server is disconnect, after 1s will be reconnect!
W1210 18:55:34.491518 304133568 NetModule.cpp:703] ready reconnect server, server id: 0
W1210 18:55:34.493811 156147712 CenterThread.cpp:120] db server is disconnect, after 1s will be reconnect!
W1210 18:55:35.999429 304133568 NetModule.cpp:703] ready reconnect server, server id: 0
W1210 18:55:36.001708 156147712 CenterThread.cpp:120] db server is disconnect, after 1s will be reconnect!
W1210 18:55:37.503566 304133568 NetModule.cpp:703] ready reconnect server, server id: 0
W1210 18:55:37.505843 156147712 CenterThread.cpp:120] db server is disconnect, after 1s will be reconnect!
W1210 18:55:39.008276 304133568 NetModule.cpp:703] ready reconnect server, server id: 0
W1210 18:55:39.010563 156147712 CenterThread.cpp:120] db server is disconnect, after 1s will be reconnect!
W1210 18:55:40.512140 304133568 NetModule.cpp:703] ready reconnect server, server id: 0
W1210 18:55:40.512399 156147712 CenterThread.cpp:120] db server is disconnect, after 1s will be reconnect!
W1210 18:55:42.017211 304133568 NetModule.cpp:703] ready reconnect server, server id: 0
W1210 18:55:42.019487 156147712 CenterThread.cpp:120] db server is disconnect, after 1s will be reconnect!
W1210 18:55:43.519435 304133568 NetModule.cpp:703] ready reconnect server, server id: 0
W1210 18:55:43.519723 156147712 CenterThread.cpp:120] db server is disconnect, after 1s will be reconnect!
W1210 18:55:45.027070 304133568 NetModule.cpp:703] ready reconnect server, server id: 0
W1210 18:55:45.029553 156147712 CenterThread.cpp:120] db server is disconnect, after 1s will be reconnect!
W1210 18:55:46.535019 304133568 NetModule.cpp:703] ready reconnect server, server id: 0
W1210 18:55:46.537278 156147712 CenterThread.cpp:120] db server is disconnect, after 1s will be reconnect!
W1210 18:55:48.040067 304133568 NetModule.cpp:703] ready reconnect server, server id: 0
W1210 18:55:48.041695 156147712 CenterThread.cpp:120] db server is disconnect, after 1s will be reconnect!
W1210 18:55:49.543547 304133568 NetModule.cpp:703] ready reconnect server, server id: 0
W1210 18:55:49.544885 156147712 CenterThread.cpp:120] db server is disconnect, after 1s will be reconnect!
W1210 18:55:51.045100 304133568 NetModule.cpp:703] ready reconnect server, server id: 0
W1210 18:55:51.045706 156147712 CenterThread.cpp:120] db server is disconnect, after 1s will be reconnect!
W1210 18:55:52.547150 304133568 NetModule.cpp:703] ready reconnect server, server id: 0
W1210 18:55:52.549630 156147712 CenterThread.cpp:120] db server is disconnect, after 1s will be reconnect!
W1210 18:55:54.051174 304133568 NetModule.cpp:703] ready reconnect server, server id: 0
W1210 18:55:54.053436 156147712 CenterThread.cpp:120] db server is disconnect, after 1s will be reconnect!
W1210 18:55:55.554764 304133568 NetModule.cpp:703] ready reconnect server, server id: 0
W1210 18:55:55.556347 156147712 CenterThread.cpp:120] db server is disconnect, after 1s will be reconnect!
W1210 18:55:57.063895 304133568 NetModule.cpp:703] ready reconnect server, server id: 0
W1210 18:55:57.066151 156147712 CenterThread.cpp:120] db server is disconnect, after 1s will be reconnect!
W1210 18:55:58.565464 304133568 NetModule.cpp:703] ready reconnect server, server id: 0
W1210 18:55:58.568086 156147712 CenterThread.cpp:120] db server is disconnect, after 1s will be reconnect!
W1210 18:56:00.068892 304133568 NetModule.cpp:703] ready reconnect server, server id: 0
W1210 18:56:11.505597 156147712 ActivityMgr.cpp:37] insert wealth god coming cfg fail. repeated cfg! id: 2
W1210 18:56:11.505699 156147712 ActivityMgr.cpp:37] insert wealth god coming cfg fail. repeated cfg! id: 1
W1210 18:56:11.505738 156147712 ActivityMgr.cpp:37] insert wealth god coming cfg fail. repeated cfg! id: 7
W1210 18:56:11.505769 156147712 ActivityMgr.cpp:37] insert wealth god coming cfg fail. repeated cfg! id: 4
W1210 18:56:11.505800 156147712 ActivityMgr.cpp:37] insert wealth god coming cfg fail. repeated cfg! id: 5
W1210 18:56:11.505831 156147712 ActivityMgr.cpp:37] insert wealth god coming cfg fail. repeated cfg! id: 6
W1210 18:56:11.505861 156147712 ActivityMgr.cpp:37] insert wealth god coming cfg fail. repeated cfg! id: 3
W1210 18:56:11.505893 156147712 ActivityMgr.cpp:37] insert wealth god coming cfg fail. repeated cfg! id: 8
W1210 18:56:11.505924 156147712 ActivityMgr.cpp:37] insert wealth god coming cfg fail. repeated cfg! id: 9
W1210 18:56:11.505955 156147712 ActivityMgr.cpp:37] insert wealth god coming cfg fail. repeated cfg! id: 10
W1210 18:56:11.505986 156147712 ActivityMgr.cpp:37] insert wealth god coming cfg fail. repeated cfg! id: 12
W1210 18:56:11.506016 156147712 ActivityMgr.cpp:37] insert wealth god coming cfg fail. repeated cfg! id: 11
W1210 18:56:11.506103 156147712 ActivityMgr.cpp:37] insert wealth god coming cfg fail. repeated cfg! id: 13
W1210 18:56:11.506160 156147712 ActivityMgr.cpp:37] insert wealth god coming cfg fail. repeated cfg! id: 14
W1210 18:56:11.506196 156147712 ActivityMgr.cpp:37] insert wealth god coming cfg fail. repeated cfg! id: 15
W1210 18:56:11.506228 156147712 ActivityMgr.cpp:37] insert wealth god coming cfg fail. repeated cfg! id: 16
W1210 18:56:11.506259 156147712 ActivityMgr.cpp:37] insert wealth god coming cfg fail. repeated cfg! id: 17
W1210 18:56:11.506331 156147712 ActivityMgr.cpp:37] insert wealth god coming cfg fail. repeated cfg! id: 28
W1210 18:56:11.506366 156147712 ActivityMgr.cpp:37] insert wealth god coming cfg fail. repeated cfg! id: 18
W1210 18:56:11.506485 156147712 CenterThread.cpp:3921] OnSubLoadWealthGodHistoryData: 5
W1210 18:56:11.506526 156147712 CenterThread.cpp:3921] OnSubLoadWealthGodHistoryData: 10
W1210 18:56:11.506564 156147712 CenterThread.cpp:3921] OnSubLoadWealthGodHistoryData: 10
W1210 18:56:11.506602 156147712 CenterThread.cpp:3921] OnSubLoadWealthGodHistoryData: 10
W1210 18:56:11.506639 156147712 CenterThread.cpp:3921] OnSubLoadWealthGodHistoryData: 10
W1210 18:56:11.506676 156147712 CenterThread.cpp:3921] OnSubLoadWealthGodHistoryData: 10
W1210 18:56:11.506714 156147712 CenterThread.cpp:3921] OnSubLoadWealthGodHistoryData: 10
W1210 18:56:11.506755 156147712 CenterThread.cpp:3921] OnSubLoadWealthGodHistoryData: 10
W1210 18:56:11.506796 156147712 CenterThread.cpp:3921] OnSubLoadWealthGodHistoryData: 10
W1210 18:56:11.506834 156147712 CenterThread.cpp:3921] OnSubLoadWealthGodHistoryData: 10
W1210 18:56:11.506908 156147712 CenterThread.cpp:3921] OnSubLoadWealthGodHistoryData: 10
W1210 18:56:11.507009 156147712 DuoBaoMgr.cpp:34] insert duo bao cfg fail. repeated cfg! id: 1
W1210 18:56:11.507043 156147712 DuoBaoMgr.cpp:34] insert duo bao cfg fail. repeated cfg! id: 2
W1210 18:56:11.507074 156147712 DuoBaoMgr.cpp:34] insert duo bao cfg fail. repeated cfg! id: 3
W1210 18:56:11.507105 156147712 DuoBaoMgr.cpp:34] insert duo bao cfg fail. repeated cfg! id: 26
W1210 18:56:11.507136 156147712 DuoBaoMgr.cpp:34] insert duo bao cfg fail. repeated cfg! id: 28
W1210 18:56:11.507167 156147712 DuoBaoMgr.cpp:34] insert duo bao cfg fail. repeated cfg! id: 29
W1210 18:56:11.507199 156147712 DuoBaoMgr.cpp:34] insert duo bao cfg fail. repeated cfg! id: 30
W1210 18:56:11.507228 156147712 DuoBaoMgr.cpp:34] insert duo bao cfg fail. repeated cfg! id: 31
W1210 18:56:11.507259 156147712 DuoBaoMgr.cpp:34] insert duo bao cfg fail. repeated cfg! id: 32
W1210 18:56:11.507616 156147712 DuoBaoMgr.cpp:80] has the same doing data? id: 1
W1210 18:56:11.507649 156147712 DuoBaoMgr.cpp:80] has the same doing data? id: 2
W1210 18:56:11.507675 156147712 DuoBaoMgr.cpp:80] has the same doing data? id: 3
W1210 18:56:11.507700 156147712 DuoBaoMgr.cpp:80] has the same doing data? id: 26
W1210 18:56:11.507725 156147712 DuoBaoMgr.cpp:80] has the same doing data? id: 28
W1210 18:56:11.507748 156147712 DuoBaoMgr.cpp:80] has the same doing data? id: 29
W1210 18:56:11.507773 156147712 DuoBaoMgr.cpp:80] has the same doing data? id: 31
W1210 18:56:11.507797 156147712 DuoBaoMgr.cpp:80] has the same doing data? id: 32
W1210 18:56:11.507823 156147712 DuoBaoMgr.cpp:161] load duo bao data finish.
W1210 21:41:58.290983 156147712 ServerMgr.cpp:827] remove one game server, id:1101
W1210 21:41:58.299172 156147712 ServerMgr.cpp:866] remove one proxy server, id:30
W1210 21:41:58.301241 156147712 ServerMgr.cpp:843] remove one login server, id:10
W1210 21:41:58.301286 156147712 CenterThread.cpp:120] db server is disconnect, after 1s will be reconnect!
W1210 21:41:59.770162 304133568 NetModule.cpp:703] ready reconnect server, server id: 0
W1210 21:47:35.516188 156147712 ServerMgr.cpp:843] remove one login server, id:10
W1210 21:47:35.516219 156147712 ServerMgr.cpp:827] remove one game server, id:1101
W1210 21:47:35.516242 156147712 ServerMgr.cpp:866] remove one proxy server, id:30
W1210 21:47:35.516259 156147712 CenterThread.cpp:120] db server is disconnect, after 1s will be reconnect!
W1210 21:47:37.008996 304133568 NetModule.cpp:703] ready reconnect server, server id: 0
W1210 21:53:12.454916 156147712 ServerMgr.cpp:843] remove one login server, id:10
W1210 21:53:12.455000 156147712 ServerMgr.cpp:866] remove one proxy server, id:30
W1210 21:53:12.455034 156147712 ServerMgr.cpp:827] remove one game server, id:1101
W1210 21:53:12.455063 156147712 CenterThread.cpp:120] db server is disconnect, after 1s will be reconnect!
W1210 21:53:13.934728 304133568 NetModule.cpp:703] ready reconnect server, server id: 0
W1210 21:58:49.392529 156147712 ServerMgr.cpp:827] remove one game server, id:1101
W1210 21:58:49.401159 156147712 ServerMgr.cpp:866] remove one proxy server, id:30
W1210 21:58:49.401203 156147712 ServerMgr.cpp:843] remove one login server, id:10
W1210 21:58:49.403473 156147712 CenterThread.cpp:120] db server is disconnect, after 1s will be reconnect!
W1210 21:58:50.875182 304133568 NetModule.cpp:703] ready reconnect server, server id: 0
W1210 22:04:26.338306 156147712 ServerMgr.cpp:827] remove one game server, id:1101
W1210 22:04:26.338356 156147712 ServerMgr.cpp:866] remove one proxy server, id:30
W1210 22:04:26.338378 156147712 ServerMgr.cpp:843] remove one login server, id:10
W1210 22:04:26.338397 156147712 CenterThread.cpp:120] db server is disconnect, after 1s will be reconnect!
W1210 22:04:27.820919 304133568 NetModule.cpp:703] ready reconnect server, server id: 0
W1210 22:10:03.282145 156147712 ServerMgr.cpp:827] remove one game server, id:1101
W1210 22:10:03.282202 156147712 ServerMgr.cpp:866] remove one proxy server, id:30
W1210 22:10:03.282238 156147712 ServerMgr.cpp:843] remove one login server, id:10
W1210 22:10:03.282269 156147712 CenterThread.cpp:120] db server is disconnect, after 1s will be reconnect!
W1210 22:10:04.763986 304133568 NetModule.cpp:703] ready reconnect server, server id: 0
W1210 22:44:13.249392 156147712 ServerMgr.cpp:827] remove one game server, id:1101
W1210 22:44:13.249450 156147712 ServerMgr.cpp:843] remove one login server, id:10
W1210 22:44:13.249486 156147712 ServerMgr.cpp:866] remove one proxy server, id:30
W1210 22:44:13.258831 156147712 CenterThread.cpp:120] db server is disconnect, after 1s will be reconnect!
W1210 22:44:14.736605 304133568 NetModule.cpp:703] ready reconnect server, server id: 0
W1210 22:49:55.260607 156147712 ServerMgr.cpp:843] remove one login server, id:10
W1210 22:49:55.261030 156147712 ServerMgr.cpp:827] remove one game server, id:1101
W1210 22:49:55.261052 156147712 ServerMgr.cpp:866] remove one proxy server, id:30
W1210 22:49:55.261075 156147712 CenterThread.cpp:120] db server is disconnect, after 1s will be reconnect!
W1210 22:49:56.741168 304133568 NetModule.cpp:703] ready reconnect server, server id: 0
W1210 22:55:32.204792 156147712 ServerMgr.cpp:827] remove one game server, id:1101
W1210 22:55:32.216477 156147712 ServerMgr.cpp:866] remove one proxy server, id:30
W1210 22:55:32.216521 156147712 ServerMgr.cpp:843] remove one login server, id:10
W1210 22:55:32.218688 156147712 CenterThread.cpp:120] db server is disconnect, after 1s will be reconnect!
W1210 22:55:33.684494 304133568 NetModule.cpp:703] ready reconnect server, server id: 0
W1210 23:01:09.162535 156147712 ServerMgr.cpp:827] remove one game server, id:1101
W1210 23:01:09.162580 156147712 ServerMgr.cpp:843] remove one login server, id:10
W1210 23:01:09.162629 156147712 ServerMgr.cpp:866] remove one proxy server, id:30
W1210 23:01:09.162684 156147712 CenterThread.cpp:120] db server is disconnect, after 1s will be reconnect!
W1210 23:01:10.642874 304133568 NetModule.cpp:703] ready reconnect server, server id: 0
W1210 23:06:46.029219 156147712 ServerMgr.cpp:827] remove one game server, id:1101
W1210 23:06:46.029287 156147712 ServerMgr.cpp:843] remove one login server, id:10
W1210 23:06:46.029322 156147712 ServerMgr.cpp:866] remove one proxy server, id:30
W1210 23:06:46.029390 156147712 CenterThread.cpp:120] db server is disconnect, after 1s will be reconnect!
W1210 23:06:47.509493 304133568 NetModule.cpp:703] ready reconnect server, server id: 0
W1210 23:12:23.247325 156147712 ServerMgr.cpp:827] remove one game server, id:1101
W1210 23:12:23.247360 156147712 ServerMgr.cpp:866] remove one proxy server, id:30
W1210 23:12:23.247378 156147712 ServerMgr.cpp:843] remove one login server, id:10
W1210 23:12:23.247395 156147712 CenterThread.cpp:120] db server is disconnect, after 1s will be reconnect!
W1210 23:12:24.723147 304133568 NetModule.cpp:703] ready reconnect server, server id: 0
W1210 23:18:00.181375 156147712 ServerMgr.cpp:827] remove one game server, id:1101
W1210 23:18:00.181427 156147712 ServerMgr.cpp:866] remove one proxy server, id:30
W1210 23:18:00.181459 156147712 ServerMgr.cpp:843] remove one login server, id:10
W1210 23:18:00.183794 156147712 CenterThread.cpp:120] db server is disconnect, after 1s will be reconnect!
W1210 23:18:01.659093 304133568 NetModule.cpp:703] ready reconnect server, server id: 0
W1210 23:45:02.271955 156147712 ServerMgr.cpp:827] remove one game server, id:1101
W1210 23:45:02.272004 156147712 ServerMgr.cpp:843] remove one login server, id:10
W1210 23:45:02.272037 156147712 ServerMgr.cpp:866] remove one proxy server, id:30
W1210 23:45:02.281157 156147712 CenterThread.cpp:120] db server is disconnect, after 1s will be reconnect!
W1210 23:45:03.756644 304133568 NetModule.cpp:703] ready reconnect server, server id: 0
W1210 23:49:20.967022 156147712 ActivityMgr.cpp:37] insert wealth god coming cfg fail. repeated cfg! id: 2
W1210 23:49:20.967144 156147712 ActivityMgr.cpp:37] insert wealth god coming cfg fail. repeated cfg! id: 1
W1210 23:49:20.967180 156147712 ActivityMgr.cpp:37] insert wealth god coming cfg fail. repeated cfg! id: 7
W1210 23:49:20.967212 156147712 ActivityMgr.cpp:37] insert wealth god coming cfg fail. repeated cfg! id: 4
W1210 23:49:20.967244 156147712 ActivityMgr.cpp:37] insert wealth god coming cfg fail. repeated cfg! id: 5
W1210 23:49:20.967275 156147712 ActivityMgr.cpp:37] insert wealth god coming cfg fail. repeated cfg! id: 6
W1210 23:49:20.967305 156147712 ActivityMgr.cpp:37] insert wealth god coming cfg fail. repeated cfg! id: 3
W1210 23:49:20.967336 156147712 ActivityMgr.cpp:37] insert wealth god coming cfg fail. repeated cfg! id: 8
W1210 23:49:20.967367 156147712 ActivityMgr.cpp:37] insert wealth god coming cfg fail. repeated cfg! id: 9
W1210 23:49:20.967397 156147712 ActivityMgr.cpp:37] insert wealth god coming cfg fail. repeated cfg! id: 10
W1210 23:49:20.967428 156147712 ActivityMgr.cpp:37] insert wealth god coming cfg fail. repeated cfg! id: 12
W1210 23:49:20.967459 156147712 ActivityMgr.cpp:37] insert wealth god coming cfg fail. repeated cfg! id: 11
W1210 23:49:20.967494 156147712 ActivityMgr.cpp:37] insert wealth god coming cfg fail. repeated cfg! id: 13
W1210 23:49:20.967525 156147712 ActivityMgr.cpp:37] insert wealth god coming cfg fail. repeated cfg! id: 14
W1210 23:49:20.967555 156147712 ActivityMgr.cpp:37] insert wealth god coming cfg fail. repeated cfg! id: 15
W1210 23:49:20.967586 156147712 ActivityMgr.cpp:37] insert wealth god coming cfg fail. repeated cfg! id: 16
W1210 23:49:20.967617 156147712 ActivityMgr.cpp:37] insert wealth god coming cfg fail. repeated cfg! id: 17
W1210 23:49:20.967646 156147712 ActivityMgr.cpp:37] insert wealth god coming cfg fail. repeated cfg! id: 28
W1210 23:49:20.967677 156147712 ActivityMgr.cpp:37] insert wealth god coming cfg fail. repeated cfg! id: 18
W1210 23:49:20.967797 156147712 CenterThread.cpp:3921] OnSubLoadWealthGodHistoryData: 6
W1210 23:49:20.967838 156147712 CenterThread.cpp:3921] OnSubLoadWealthGodHistoryData: 10
W1210 23:49:20.967877 156147712 CenterThread.cpp:3921] OnSubLoadWealthGodHistoryData: 10
W1210 23:49:20.967924 156147712 CenterThread.cpp:3921] OnSubLoadWealthGodHistoryData: 10
W1210 23:49:20.967963 156147712 CenterThread.cpp:3921] OnSubLoadWealthGodHistoryData: 10
W1210 23:49:20.968003 156147712 CenterThread.cpp:3921] OnSubLoadWealthGodHistoryData: 10
W1210 23:49:20.968041 156147712 CenterThread.cpp:3921] OnSubLoadWealthGodHistoryData: 10
W1210 23:49:20.968081 156147712 CenterThread.cpp:3921] OnSubLoadWealthGodHistoryData: 10
W1210 23:49:20.968120 156147712 CenterThread.cpp:3921] OnSubLoadWealthGodHistoryData: 10
W1210 23:49:20.968158 156147712 CenterThread.cpp:3921] OnSubLoadWealthGodHistoryData: 10
W1210 23:49:20.968222 156147712 CenterThread.cpp:3921] OnSubLoadWealthGodHistoryData: 10
W1210 23:49:20.968322 156147712 DuoBaoMgr.cpp:34] insert duo bao cfg fail. repeated cfg! id: 1
W1210 23:49:20.968358 156147712 DuoBaoMgr.cpp:34] insert duo bao cfg fail. repeated cfg! id: 2
W1210 23:49:20.968389 156147712 DuoBaoMgr.cpp:34] insert duo bao cfg fail. repeated cfg! id: 3
W1210 23:49:20.968420 156147712 DuoBaoMgr.cpp:34] insert duo bao cfg fail. repeated cfg! id: 26
W1210 23:49:20.968449 156147712 DuoBaoMgr.cpp:34] insert duo bao cfg fail. repeated cfg! id: 28
W1210 23:49:20.968479 156147712 DuoBaoMgr.cpp:34] insert duo bao cfg fail. repeated cfg! id: 29
W1210 23:49:20.968509 156147712 DuoBaoMgr.cpp:34] insert duo bao cfg fail. repeated cfg! id: 30
W1210 23:49:20.968540 156147712 DuoBaoMgr.cpp:34] insert duo bao cfg fail. repeated cfg! id: 31
W1210 23:49:20.968570 156147712 DuoBaoMgr.cpp:34] insert duo bao cfg fail. repeated cfg! id: 32
W1210 23:49:20.968973 156147712 DuoBaoMgr.cpp:80] has the same doing data? id: 1
W1210 23:49:20.969004 156147712 DuoBaoMgr.cpp:80] has the same doing data? id: 2
W1210 23:49:20.969030 156147712 DuoBaoMgr.cpp:80] has the same doing data? id: 3
W1210 23:49:20.969055 156147712 DuoBaoMgr.cpp:80] has the same doing data? id: 26
W1210 23:49:20.969092 156147712 DuoBaoMgr.cpp:80] has the same doing data? id: 28
W1210 23:49:20.969117 156147712 DuoBaoMgr.cpp:80] has the same doing data? id: 29
W1210 23:49:20.969141 156147712 DuoBaoMgr.cpp:80] has the same doing data? id: 31
W1210 23:49:20.969166 156147712 DuoBaoMgr.cpp:80] has the same doing data? id: 32
W1210 23:49:20.969192 156147712 DuoBaoMgr.cpp:161] load duo bao data finish.
W1210 23:49:32.563427 156147712 ActivityMgr.cpp:37] insert wealth god coming cfg fail. repeated cfg! id: 2
W1210 23:49:32.563565 156147712 ActivityMgr.cpp:37] insert wealth god coming cfg fail. repeated cfg! id: 1
W1210 23:49:32.563621 156147712 ActivityMgr.cpp:37] insert wealth god coming cfg fail. repeated cfg! id: 7
W1210 23:49:32.563669 156147712 ActivityMgr.cpp:37] insert wealth god coming cfg fail. repeated cfg! id: 4
W1210 23:49:32.563717 156147712 ActivityMgr.cpp:37] insert wealth god coming cfg fail. repeated cfg! id: 5
W1210 23:49:32.563765 156147712 ActivityMgr.cpp:37] insert wealth god coming cfg fail. repeated cfg! id: 6
W1210 23:49:32.563812 156147712 ActivityMgr.cpp:37] insert wealth god coming cfg fail. repeated cfg! id: 3
W1210 23:49:32.563869 156147712 ActivityMgr.cpp:37] insert wealth god coming cfg fail. repeated cfg! id: 8
W1210 23:49:32.563920 156147712 ActivityMgr.cpp:37] insert wealth god coming cfg fail. repeated cfg! id: 9
W1210 23:49:32.563968 156147712 ActivityMgr.cpp:37] insert wealth god coming cfg fail. repeated cfg! id: 10
W1210 23:49:32.564019 156147712 ActivityMgr.cpp:37] insert wealth god coming cfg fail. repeated cfg! id: 12
W1210 23:49:32.564069 156147712 ActivityMgr.cpp:37] insert wealth god coming cfg fail. repeated cfg! id: 11
W1210 23:49:32.564121 156147712 ActivityMgr.cpp:37] insert wealth god coming cfg fail. repeated cfg! id: 13
W1210 23:49:32.564169 156147712 ActivityMgr.cpp:37] insert wealth god coming cfg fail. repeated cfg! id: 14
W1210 23:49:32.564218 156147712 ActivityMgr.cpp:37] insert wealth god coming cfg fail. repeated cfg! id: 15
W1210 23:49:32.564265 156147712 ActivityMgr.cpp:37] insert wealth god coming cfg fail. repeated cfg! id: 16
W1210 23:49:32.564312 156147712 ActivityMgr.cpp:37] insert wealth god coming cfg fail. repeated cfg! id: 17
W1210 23:49:32.564358 156147712 ActivityMgr.cpp:37] insert wealth god coming cfg fail. repeated cfg! id: 28
W1210 23:49:32.564415 156147712 ActivityMgr.cpp:37] insert wealth god coming cfg fail. repeated cfg! id: 18
W1210 23:49:32.730634 156147712 CenterThread.cpp:3921] OnSubLoadWealthGodHistoryData: 6
W1210 23:49:33.019644 156147712 CenterThread.cpp:3921] OnSubLoadWealthGodHistoryData: 10
W1210 23:49:33.466892 156147712 CenterThread.cpp:3921] OnSubLoadWealthGodHistoryData: 10
W1210 23:49:33.903257 156147712 CenterThread.cpp:3921] OnSubLoadWealthGodHistoryData: 10
W1210 23:49:34.343479 156147712 CenterThread.cpp:3921] OnSubLoadWealthGodHistoryData: 10
W1210 23:49:34.780091 156147712 CenterThread.cpp:3921] OnSubLoadWealthGodHistoryData: 10
W1210 23:49:35.240952 156147712 CenterThread.cpp:3921] OnSubLoadWealthGodHistoryData: 10
W1210 23:49:35.720633 156147712 CenterThread.cpp:3921] OnSubLoadWealthGodHistoryData: 10
W1210 23:49:36.148195 156147712 CenterThread.cpp:3921] OnSubLoadWealthGodHistoryData: 10
W1210 23:49:36.590478 156147712 CenterThread.cpp:3921] OnSubLoadWealthGodHistoryData: 10
W1210 23:49:37.030992 156147712 CenterThread.cpp:3921] OnSubLoadWealthGodHistoryData: 10
W1210 23:49:37.550667 156147712 DuoBaoMgr.cpp:34] insert duo bao cfg fail. repeated cfg! id: 1
W1210 23:49:37.550799 156147712 DuoBaoMgr.cpp:34] insert duo bao cfg fail. repeated cfg! id: 2
W1210 23:49:37.550853 156147712 DuoBaoMgr.cpp:34] insert duo bao cfg fail. repeated cfg! id: 3
W1210 23:49:37.550900 156147712 DuoBaoMgr.cpp:34] insert duo bao cfg fail. repeated cfg! id: 26
W1210 23:49:37.550948 156147712 DuoBaoMgr.cpp:34] insert duo bao cfg fail. repeated cfg! id: 28
W1210 23:49:37.550994 156147712 DuoBaoMgr.cpp:34] insert duo bao cfg fail. repeated cfg! id: 29
W1210 23:49:37.551039 156147712 DuoBaoMgr.cpp:34] insert duo bao cfg fail. repeated cfg! id: 30
W1210 23:49:37.551123 156147712 DuoBaoMgr.cpp:34] insert duo bao cfg fail. repeated cfg! id: 31
W1210 23:49:37.551175 156147712 DuoBaoMgr.cpp:34] insert duo bao cfg fail. repeated cfg! id: 32
W1210 23:49:39.150813 156147712 DuoBaoMgr.cpp:80] has the same doing data? id: 1
W1210 23:49:39.150949 156147712 DuoBaoMgr.cpp:80] has the same doing data? id: 2
W1210 23:49:39.151005 156147712 DuoBaoMgr.cpp:80] has the same doing data? id: 3
W1210 23:49:39.151052 156147712 DuoBaoMgr.cpp:80] has the same doing data? id: 26
W1210 23:49:39.151100 156147712 DuoBaoMgr.cpp:80] has the same doing data? id: 28
W1210 23:49:39.151147 156147712 DuoBaoMgr.cpp:80] has the same doing data? id: 29
W1210 23:49:39.151195 156147712 DuoBaoMgr.cpp:80] has the same doing data? id: 31
W1210 23:49:39.151243 156147712 DuoBaoMgr.cpp:80] has the same doing data? id: 32
W1210 23:49:39.151301 156147712 DuoBaoMgr.cpp:161] load duo bao data finish.
W1211 00:00:03.065973 156147712 CenterThread.cpp:304] center server is across day.
W1211 00:49:53.009861 156147712 ServerMgr.cpp:827] remove one game server, id:1101
W1211 00:49:53.009912 156147712 ServerMgr.cpp:843] remove one login server, id:10
W1211 00:49:53.009945 156147712 ServerMgr.cpp:866] remove one proxy server, id:30
W1211 00:49:53.009973 156147712 CenterThread.cpp:120] db server is disconnect, after 1s will be reconnect!
W1211 00:49:54.498087 304133568 NetModule.cpp:703] ready reconnect server, server id: 0
W1211 00:55:34.735998 156147712 ServerMgr.cpp:827] remove one game server, id:1101
W1211 00:55:34.736136 156147712 ServerMgr.cpp:843] remove one login server, id:10
W1211 00:55:34.736202 156147712 ServerMgr.cpp:866] remove one proxy server, id:30
W1211 00:55:34.736256 156147712 CenterThread.cpp:120] db server is disconnect, after 1s will be reconnect!
W1211 00:55:36.260517 304133568 NetModule.cpp:703] ready reconnect server, server id: 0
W1211 01:01:07.196825 156147712 CenterThread.cpp:120] db server is disconnect, after 1s will be reconnect!
W1211 01:01:07.196954 156147712 ServerMgr.cpp:827] remove one game server, id:1101
W1211 01:01:07.196976 156147712 ServerMgr.cpp:843] remove one login server, id:10
W1211 01:01:07.196998 156147712 ServerMgr.cpp:866] remove one proxy server, id:30
W1211 01:01:08.675701 304133568 NetModule.cpp:703] ready reconnect server, server id: 0
W1211 01:06:44.398169 156147712 ServerMgr.cpp:827] remove one game server, id:1101
W1211 01:06:44.398219 156147712 ServerMgr.cpp:866] remove one proxy server, id:30
W1211 01:06:44.398250 156147712 ServerMgr.cpp:843] remove one login server, id:10
W1211 01:06:44.398277 156147712 CenterThread.cpp:120] db server is disconnect, after 1s will be reconnect!
W1211 01:06:45.879622 304133568 NetModule.cpp:703] ready reconnect server, server id: 0
W1211 01:12:21.349095 156147712 ServerMgr.cpp:827] remove one game server, id:1101
W1211 01:12:21.349133 156147712 ServerMgr.cpp:866] remove one proxy server, id:30
W1211 01:12:21.349155 156147712 ServerMgr.cpp:843] remove one login server, id:10
W1211 01:12:21.349174 156147712 CenterThread.cpp:120] db server is disconnect, after 1s will be reconnect!
W1211 01:12:22.826136 304133568 NetModule.cpp:703] ready reconnect server, server id: 0
W1211 01:17:58.280648 156147712 ServerMgr.cpp:827] remove one game server, id:1101
W1211 01:17:58.280688 156147712 ServerMgr.cpp:843] remove one login server, id:10
W1211 01:17:58.280709 156147712 ServerMgr.cpp:866] remove one proxy server, id:30
W1211 01:17:58.280727 156147712 CenterThread.cpp:120] db server is disconnect, after 1s will be reconnect!
W1211 01:17:59.764199 304133568 NetModule.cpp:703] ready reconnect server, server id: 0
W1211 01:43:00.329713 156147712 ServerMgr.cpp:827] remove one game server, id:1101
W1211 01:43:00.343060 156147712 ServerMgr.cpp:843] remove one login server, id:10
W1211 01:43:00.343101 156147712 ServerMgr.cpp:866] remove one proxy server, id:30
W1211 01:43:00.343188 156147712 CenterThread.cpp:120] db server is disconnect, after 1s will be reconnect!
W1211 01:43:01.813891 304133568 NetModule.cpp:703] ready reconnect server, server id: 0
W1211 01:48:37.281733 156147712 ServerMgr.cpp:843] remove one login server, id:10
W1211 01:48:37.281774 156147712 ServerMgr.cpp:866] remove one proxy server, id:30
W1211 01:48:37.281796 156147712 ServerMgr.cpp:827] remove one game server, id:1101
W1211 01:48:37.281819 156147712 CenterThread.cpp:120] db server is disconnect, after 1s will be reconnect!
W1211 01:48:38.761956 304133568 NetModule.cpp:703] ready reconnect server, server id: 0
W1211 01:54:14.235095 156147712 ServerMgr.cpp:827] remove one game server, id:1101
W1211 01:54:14.235168 156147712 ServerMgr.cpp:866] remove one proxy server, id:30
W1211 01:54:14.235203 156147712 ServerMgr.cpp:843] remove one login server, id:10
W1211 01:54:14.235230 156147712 CenterThread.cpp:120] db server is disconnect, after 1s will be reconnect!
W1211 01:54:15.711900 304133568 NetModule.cpp:703] ready reconnect server, server id: 0
W1211 01:59:51.110716 156147712 ServerMgr.cpp:843] remove one login server, id:10
W1211 01:59:51.110762 156147712 ServerMgr.cpp:827] remove one game server, id:1101
W1211 01:59:51.110795 156147712 ServerMgr.cpp:866] remove one proxy server, id:30
W1211 01:59:51.110822 156147712 CenterThread.cpp:120] db server is disconnect, after 1s will be reconnect!
W1211 01:59:52.589450 304133568 NetModule.cpp:703] ready reconnect server, server id: 0
W1211 02:05:28.347545 156147712 ServerMgr.cpp:827] remove one game server, id:1101
W1211 02:05:28.347664 156147712 ServerMgr.cpp:843] remove one login server, id:10
W1211 02:05:28.348088 156147712 ServerMgr.cpp:866] remove one proxy server, id:30
W1211 02:05:28.350814 156147712 CenterThread.cpp:120] db server is disconnect, after 1s will be reconnect!
W1211 02:05:29.829092 304133568 NetModule.cpp:703] ready reconnect server, server id: 0
W1211 02:11:05.297958 156147712 ServerMgr.cpp:827] remove one game server, id:1101
W1211 02:11:05.303544 156147712 ServerMgr.cpp:866] remove one proxy server, id:30
W1211 02:11:05.303781 156147712 ServerMgr.cpp:843] remove one login server, id:10
W1211 02:11:05.303874 156147712 CenterThread.cpp:120] db server is disconnect, after 1s will be reconnect!
W1211 02:11:06.781590 304133568 NetModule.cpp:703] ready reconnect server, server id: 0
W1211 02:16:42.235522 156147712 ServerMgr.cpp:827] remove one game server, id:1101
W1211 02:16:42.235564 156147712 ServerMgr.cpp:843] remove one login server, id:10
W1211 02:16:42.235602 156147712 ServerMgr.cpp:866] remove one proxy server, id:30
W1211 02:16:42.237668 156147712 CenterThread.cpp:120] db server is disconnect, after 1s will be reconnect!
W1211 02:16:43.723546 304133568 NetModule.cpp:703] ready reconnect server, server id: 0
W1211 04:17:34.359691 156147712 ServerMgr.cpp:843] remove one login server, id:10
W1211 04:17:34.359763 156147712 ServerMgr.cpp:866] remove one proxy server, id:30
W1211 04:17:34.359796 156147712 ServerMgr.cpp:827] remove one game server, id:1101
W1211 04:17:34.359833 156147712 CenterThread.cpp:120] db server is disconnect, after 1s will be reconnect!
W1211 04:17:35.838776 304133568 NetModule.cpp:703] ready reconnect server, server id: 0
W1211 04:23:11.335590 156147712 ServerMgr.cpp:827] remove one game server, id:1101
W1211 04:23:11.335649 156147712 ServerMgr.cpp:843] remove one login server, id:10
W1211 04:23:11.335683 156147712 ServerMgr.cpp:866] remove one proxy server, id:30
W1211 04:23:11.335712 156147712 CenterThread.cpp:120] db server is disconnect, after 1s will be reconnect!
W1211 04:23:12.817545 304133568 NetModule.cpp:703] ready reconnect server, server id: 0
W1211 04:28:48.283599 156147712 ServerMgr.cpp:827] remove one game server, id:1101
W1211 04:28:48.283640 156147712 ServerMgr.cpp:866] remove one proxy server, id:30
W1211 04:28:48.283661 156147712 ServerMgr.cpp:843] remove one login server, id:10
W1211 04:28:48.283679 156147712 CenterThread.cpp:120] db server is disconnect, after 1s will be reconnect!
W1211 04:28:49.768573 304133568 NetModule.cpp:703] ready reconnect server, server id: 0
W1211 04:34:25.163089 156147712 ServerMgr.cpp:827] remove one game server, id:1101
W1211 04:34:25.163136 156147712 ServerMgr.cpp:866] remove one proxy server, id:30
W1211 04:34:25.163161 156147712 ServerMgr.cpp:843] remove one login server, id:10
W1211 04:34:25.163180 156147712 CenterThread.cpp:120] db server is disconnect, after 1s will be reconnect!
W1211 04:34:26.643908 304133568 NetModule.cpp:703] ready reconnect server, server id: 0
W1211 04:40:02.392906 156147712 ServerMgr.cpp:827] remove one game server, id:1101
W1211 04:40:02.393077 156147712 ServerMgr.cpp:843] remove one login server, id:10
W1211 04:40:02.393214 156147712 ServerMgr.cpp:866] remove one proxy server, id:30
W1211 04:40:02.393231 156147712 CenterThread.cpp:120] db server is disconnect, after 1s will be reconnect!
W1211 04:40:03.869320 304133568 NetModule.cpp:703] ready reconnect server, server id: 0
W1211 04:45:39.336484 156147712 ServerMgr.cpp:827] remove one game server, id:1101
W1211 04:45:39.336522 156147712 ServerMgr.cpp:843] remove one login server, id:10
W1211 04:45:39.336544 156147712 ServerMgr.cpp:866] remove one proxy server, id:30
W1211 04:45:39.336561 156147712 CenterThread.cpp:120] db server is disconnect, after 1s will be reconnect!
W1211 04:45:40.818272 304133568 NetModule.cpp:703] ready reconnect server, server id: 0
W1211 04:51:16.304258 156147712 ServerMgr.cpp:827] remove one game server, id:1101
W1211 04:51:16.304294 156147712 ServerMgr.cpp:843] remove one login server, id:10
W1211 04:51:16.304319 156147712 ServerMgr.cpp:866] remove one proxy server, id:30
W1211 04:51:16.304337 156147712 CenterThread.cpp:120] db server is disconnect, after 1s will be reconnect!
W1211 04:51:17.777750 304133568 NetModule.cpp:703] ready reconnect server, server id: 0
W1211 06:52:08.413553 156147712 ServerMgr.cpp:827] remove one game server, id:1101
W1211 06:52:08.413583 156147712 ServerMgr.cpp:843] remove one login server, id:10
W1211 06:52:08.413602 156147712 ServerMgr.cpp:866] remove one proxy server, id:30
W1211 06:52:08.418236 156147712 CenterThread.cpp:120] db server is disconnect, after 1s will be reconnect!
W1211 06:52:09.893936 304133568 NetModule.cpp:703] ready reconnect server, server id: 0
W1211 06:57:45.391702 156147712 ServerMgr.cpp:843] remove one login server, id:10
W1211 06:57:45.391757 156147712 ServerMgr.cpp:827] remove one game server, id:1101
W1211 06:57:45.391793 156147712 ServerMgr.cpp:866] remove one proxy server, id:30
W1211 06:57:45.391824 156147712 CenterThread.cpp:120] db server is disconnect, after 1s will be reconnect!
W1211 06:57:46.868296 304133568 NetModule.cpp:703] ready reconnect server, server id: 0
W1211 07:03:22.326803 156147712 ServerMgr.cpp:827] remove one game server, id:1101
W1211 07:03:22.326851 156147712 ServerMgr.cpp:866] remove one proxy server, id:30
W1211 07:03:22.326903 156147712 ServerMgr.cpp:843] remove one login server, id:10
W1211 07:03:22.326931 156147712 CenterThread.cpp:120] db server is disconnect, after 1s will be reconnect!
W1211 07:03:23.810891 304133568 NetModule.cpp:703] ready reconnect server, server id: 0
W1211 07:08:59.538094 156147712 ServerMgr.cpp:827] remove one game server, id:1101
W1211 07:08:59.538156 156147712 ServerMgr.cpp:843] remove one login server, id:10
W1211 07:08:59.538179 156147712 ServerMgr.cpp:866] remove one proxy server, id:30
W1211 07:08:59.538200 156147712 CenterThread.cpp:120] db server is disconnect, after 1s will be reconnect!
W1211 07:09:01.020251 304133568 NetModule.cpp:703] ready reconnect server, server id: 0
W1211 07:14:36.489804 156147712 ServerMgr.cpp:843] remove one login server, id:10
W1211 07:14:36.489840 156147712 ServerMgr.cpp:827] remove one game server, id:1101
W1211 07:14:36.489867 156147712 ServerMgr.cpp:866] remove one proxy server, id:30
W1211 07:14:36.494439 156147712 CenterThread.cpp:120] db server is disconnect, after 1s will be reconnect!
W1211 07:14:37.973603 304133568 NetModule.cpp:703] ready reconnect server, server id: 0
W1211 07:20:13.440410 156147712 ServerMgr.cpp:827] remove one game server, id:1101
W1211 07:20:13.440465 156147712 ServerMgr.cpp:843] remove one login server, id:10
W1211 07:20:13.440491 156147712 ServerMgr.cpp:866] remove one proxy server, id:30
W1211 07:20:13.440511 156147712 CenterThread.cpp:120] db server is disconnect, after 1s will be reconnect!
W1211 07:20:14.920912 304133568 NetModule.cpp:703] ready reconnect server, server id: 0
W1211 07:25:50.387789 156147712 ServerMgr.cpp:827] remove one game server, id:1101
W1211 07:25:50.387826 156147712 ServerMgr.cpp:843] remove one login server, id:10
W1211 07:25:50.387847 156147712 ServerMgr.cpp:866] remove one proxy server, id:30
W1211 07:25:50.387866 156147712 CenterThread.cpp:120] db server is disconnect, after 1s will be reconnect!
W1211 07:25:51.874501 304133568 NetModule.cpp:703] ready reconnect server, server id: 0
W1211 09:26:42.476227 156147712 ServerMgr.cpp:827] remove one game server, id:1101
W1211 09:26:42.476274 156147712 ServerMgr.cpp:843] remove one login server, id:10
W1211 09:26:42.476307 156147712 ServerMgr.cpp:866] remove one proxy server, id:30
W1211 09:26:42.476336 156147712 CenterThread.cpp:120] db server is disconnect, after 1s will be reconnect!
W1211 09:26:43.955090 304133568 NetModule.cpp:703] ready reconnect server, server id: 0
W1211 09:32:19.459715 156147712 ServerMgr.cpp:827] remove one game server, id:1101
W1211 09:32:19.459792 156147712 ServerMgr.cpp:843] remove one login server, id:10
W1211 09:32:19.459830 156147712 ServerMgr.cpp:866] remove one proxy server, id:30
W1211 09:32:19.459862 156147712 CenterThread.cpp:120] db server is disconnect, after 1s will be reconnect!
W1211 09:32:20.945358 304133568 NetModule.cpp:703] ready reconnect server, server id: 0
W1211 09:37:56.409162 156147712 ServerMgr.cpp:827] remove one game server, id:1101
W1211 09:37:56.409207 156147712 ServerMgr.cpp:866] remove one proxy server, id:30
W1211 09:37:56.409229 156147712 ServerMgr.cpp:843] remove one login server, id:10
W1211 09:37:56.409248 156147712 CenterThread.cpp:120] db server is disconnect, after 1s will be reconnect!
W1211 09:37:57.890389 304133568 NetModule.cpp:703] ready reconnect server, server id: 0
W1211 09:43:33.281453 156147712 ServerMgr.cpp:827] remove one game server, id:1101
W1211 09:43:33.281491 156147712 ServerMgr.cpp:843] remove one login server, id:10
W1211 09:43:33.281512 156147712 ServerMgr.cpp:866] remove one proxy server, id:30
W1211 09:43:33.287387 156147712 CenterThread.cpp:120] db server is disconnect, after 1s will be reconnect!
W1211 09:43:34.768646 304133568 NetModule.cpp:703] ready reconnect server, server id: 0
W1211 09:49:10.515020 156147712 ServerMgr.cpp:827] remove one game server, id:1101
W1211 09:49:10.515058 156147712 ServerMgr.cpp:843] remove one login server, id:10
W1211 09:49:10.515081 156147712 ServerMgr.cpp:866] remove one proxy server, id:30
W1211 09:49:10.515101 156147712 CenterThread.cpp:120] db server is disconnect, after 1s will be reconnect!
W1211 09:49:11.998541 304133568 NetModule.cpp:703] ready reconnect server, server id: 0
W1211 09:54:47.478344 156147712 ServerMgr.cpp:827] remove one game server, id:1101
W1211 09:54:47.478456 156147712 ServerMgr.cpp:866] remove one proxy server, id:30
W1211 09:54:47.478549 156147712 ServerMgr.cpp:843] remove one login server, id:10
W1211 09:54:47.478566 156147712 CenterThread.cpp:120] db server is disconnect, after 1s will be reconnect!
W1211 09:54:48.954820 304133568 NetModule.cpp:703] ready reconnect server, server id: 0
W1211 09:57:11.682926 156147712 ServerMgr.cpp:827] remove one game server, id:1101
W1211 09:57:11.682982 156147712 ServerMgr.cpp:843] remove one login server, id:10
W1211 09:57:11.683012 156147712 ServerMgr.cpp:866] remove one proxy server, id:30
W1211 09:57:11.683033 156147712 CenterThread.cpp:120] db server is disconnect, after 1s will be reconnect!
W1211 09:57:13.157266 304133568 NetModule.cpp:703] ready reconnect server, server id: 0
W1211 10:05:08.194646 156147712 ActivityMgr.cpp:37] insert wealth god coming cfg fail. repeated cfg! id: 2
W1211 10:05:08.194739 156147712 ActivityMgr.cpp:37] insert wealth god coming cfg fail. repeated cfg! id: 1
W1211 10:05:08.194768 156147712 ActivityMgr.cpp:37] insert wealth god coming cfg fail. repeated cfg! id: 7
W1211 10:05:08.194794 156147712 ActivityMgr.cpp:37] insert wealth god coming cfg fail. repeated cfg! id: 4
W1211 10:05:08.194819 156147712 ActivityMgr.cpp:37] insert wealth god coming cfg fail. repeated cfg! id: 5
W1211 10:05:08.194844 156147712 ActivityMgr.cpp:37] insert wealth god coming cfg fail. repeated cfg! id: 6
