W0110 01:09:20.071812 159150080 DuoBaoMgr.cpp:94] has the same doing data? id: 2
W0110 01:09:20.071851 159150080 DuoBaoMgr.cpp:94] has the same doing data? id: 3
W0110 01:09:20.071884 159150080 DuoBaoMgr.cpp:94] has the same doing data? id: 3
W0110 01:09:20.071918 159150080 DuoBaoMgr.cpp:94] has the same doing data? id: 30
W0110 01:09:20.071951 159150080 DuoBaoMgr.cpp:94] has the same doing data? id: 30
W0110 01:09:20.071985 159150080 DuoBaoMgr.cpp:94] has the same doing data? id: 31
W0110 01:09:20.072017 159150080 DuoBaoMgr.cpp:94] has the same doing data? id: 31
W0110 01:09:20.072053 159150080 DuoBaoMgr.cpp:175] load duo bao data finish.
I0110 01:42:31.355432 249644480 NetServer.cpp:88] delete io...127.0.0.1:52041
W0110 01:42:31.368072 159150080 ServerMgr.cpp:875] remove one proxy server, id:30
I0110 01:42:31.368468 249644480 NetServer.cpp:88] delete io...127.0.0.1:52045
W0110 01:42:31.368758 159150080 ServerMgr.cpp:852] remove one login server, id:10
I0110 01:42:31.368789 249644480 NetServer.cpp:88] delete io...127.0.0.1:52036
W0110 01:42:31.368839 159150080 ServerMgr.cpp:836] remove one game server, id:1101
W0110 01:42:31.370983 159150080 CenterThread.cpp:120] db server is disconnect, after 1s will be reconnect!
W0110 01:42:32.840862 249644480 NetModule.cpp:723] ready reconnect server, server id: 0
I0110 01:42:32.840951 249644480 NetServer.cpp:55] accept io...127.0.0.1:52086
I0110 01:42:32.840965 249644480 NetConnector.cpp:216] connect to: 0.0.0.0:6001 success! 
I0110 01:42:32.842419 159150080 CenterThread.cpp:87] connect to db server succ!
I0110 01:42:32.867923 159150080 ServerMgr.cpp:187] register one game server: 127.0.0.1:52086
I0110 01:42:34.866839 249644480 NetServer.cpp:55] accept io...127.0.0.1:52091
I0110 01:42:34.894934 159150080 ServerMgr.cpp:54] register one proxy server: 127.0.0.1:52091
I0110 01:42:41.394166 249644480 NetServer.cpp:55] accept io...127.0.0.1:52099
I0110 01:42:41.418788 159150080 ServerMgr.cpp:478] register one login server: 127.0.0.1:52099
W0110 01:43:45.680049 159150080 CenterThread.cpp:5104] set pcu info fail.
W0110 01:43:55.691052 159150080 CenterThread.cpp:5104] set pcu info fail.
W0110 01:44:05.695214 159150080 CenterThread.cpp:5104] set pcu info fail.
W0110 01:44:37.972854 159150080 CenterThread.cpp:3970] OnSubLoadWealthGodHistoryData: 10
W0110 01:44:39.206225 159150080 CenterThread.cpp:3970] OnSubLoadWealthGodHistoryData: 10
W0110 01:44:40.426266 159150080 CenterThread.cpp:3970] OnSubLoadWealthGodHistoryData: 10
W0110 01:44:41.642558 159150080 CenterThread.cpp:3970] OnSubLoadWealthGodHistoryData: 10
W0110 01:44:42.843048 159150080 CenterThread.cpp:3970] OnSubLoadWealthGodHistoryData: 10
W0110 01:44:44.066640 159150080 CenterThread.cpp:3970] OnSubLoadWealthGodHistoryData: 10
W0110 01:44:45.273887 159150080 CenterThread.cpp:3970] OnSubLoadWealthGodHistoryData: 10
W0110 01:44:46.503166 159150080 CenterThread.cpp:3970] OnSubLoadWealthGodHistoryData: 10
W0110 01:44:47.707937 159150080 CenterThread.cpp:3970] OnSubLoadWealthGodHistoryData: 10
W0110 01:44:48.908316 159150080 CenterThread.cpp:3970] OnSubLoadWealthGodHistoryData: 10
W0110 01:44:50.124508 159150080 CenterThread.cpp:3970] OnSubLoadWealthGodHistoryData: 10
W0110 01:44:51.347829 159150080 CenterThread.cpp:3970] OnSubLoadWealthGodHistoryData: 10
W0110 01:44:52.555596 159150080 CenterThread.cpp:3970] OnSubLoadWealthGodHistoryData: 10
W0110 01:44:55.123265 159150080 DuoBaoMgr.cpp:94] has the same doing data? id: 1
W0110 01:44:55.123348 159150080 DuoBaoMgr.cpp:94] has the same doing data? id: 1
W0110 01:44:55.123381 159150080 DuoBaoMgr.cpp:94] has the same doing data? id: 2
W0110 01:44:55.123409 159150080 DuoBaoMgr.cpp:94] has the same doing data? id: 2
W0110 01:44:55.123435 159150080 DuoBaoMgr.cpp:94] has the same doing data? id: 3
W0110 01:44:55.123461 159150080 DuoBaoMgr.cpp:94] has the same doing data? id: 3
W0110 01:44:55.123494 159150080 DuoBaoMgr.cpp:94] has the same doing data? id: 30
W0110 01:44:55.123522 159150080 DuoBaoMgr.cpp:94] has the same doing data? id: 30
W0110 01:44:55.123546 159150080 DuoBaoMgr.cpp:94] has the same doing data? id: 31
W0110 01:44:55.123572 159150080 DuoBaoMgr.cpp:94] has the same doing data? id: 31
W0110 01:44:55.123605 159150080 DuoBaoMgr.cpp:175] load duo bao data finish.
I0110 02:47:34.358139 249644480 NetServer.cpp:88] delete io...127.0.0.1:52099
I0110 02:47:34.358572 249644480 NetServer.cpp:88] delete io...127.0.0.1:52086
I0110 02:47:34.358606 249644480 NetServer.cpp:88] delete io...127.0.0.1:52091
W0110 02:47:34.359226 159150080 ServerMgr.cpp:852] remove one login server, id:10
W0110 02:47:34.359297 159150080 ServerMgr.cpp:836] remove one game server, id:1101
W0110 02:47:34.359338 159150080 ServerMgr.cpp:875] remove one proxy server, id:30
W0110 02:47:34.365049 159150080 CenterThread.cpp:120] db server is disconnect, after 1s will be reconnect!
W0110 02:47:35.848340 249644480 NetModule.cpp:723] ready reconnect server, server id: 0
I0110 02:47:35.848665 249644480 NetServer.cpp:55] accept io...127.0.0.1:52139
I0110 02:47:35.848681 249644480 NetConnector.cpp:216] connect to: 0.0.0.0:6001 success! 
I0110 02:47:35.848907 159150080 CenterThread.cpp:87] connect to db server succ!
I0110 02:47:35.879647 159150080 ServerMgr.cpp:187] register one game server: 127.0.0.1:52139
I0110 02:47:37.853461 249644480 NetServer.cpp:55] accept io...127.0.0.1:52143
I0110 02:47:37.879022 159150080 ServerMgr.cpp:54] register one proxy server: 127.0.0.1:52143
I0110 02:47:44.885915 249644480 NetServer.cpp:55] accept io...127.0.0.1:52147
I0110 02:47:44.912356 159150080 ServerMgr.cpp:478] register one login server: 127.0.0.1:52147
W0110 02:49:22.766407 159150080 CenterThread.cpp:5104] set pcu info fail.
W0110 02:49:32.771139 159150080 CenterThread.cpp:5104] set pcu info fail.
W0110 02:49:42.777045 159150080 CenterThread.cpp:5104] set pcu info fail.
W0110 02:50:14.979588 159150080 CenterThread.cpp:3970] OnSubLoadWealthGodHistoryData: 10
W0110 02:50:16.211230 159150080 CenterThread.cpp:3970] OnSubLoadWealthGodHistoryData: 10
W0110 02:50:17.439004 159150080 CenterThread.cpp:3970] OnSubLoadWealthGodHistoryData: 10
W0110 02:50:18.663694 159150080 CenterThread.cpp:3970] OnSubLoadWealthGodHistoryData: 10
W0110 02:50:19.891391 159150080 CenterThread.cpp:3970] OnSubLoadWealthGodHistoryData: 10
W0110 02:50:21.109936 159150080 CenterThread.cpp:3970] OnSubLoadWealthGodHistoryData: 10
W0110 02:50:22.362712 159150080 CenterThread.cpp:3970] OnSubLoadWealthGodHistoryData: 10
W0110 02:50:23.568439 159150080 CenterThread.cpp:3970] OnSubLoadWealthGodHistoryData: 10
W0110 02:50:24.800633 159150080 CenterThread.cpp:3970] OnSubLoadWealthGodHistoryData: 10
W0110 02:50:26.027127 159150080 CenterThread.cpp:3970] OnSubLoadWealthGodHistoryData: 10
W0110 02:50:27.267977 159150080 CenterThread.cpp:3970] OnSubLoadWealthGodHistoryData: 10
W0110 02:50:28.492488 159150080 CenterThread.cpp:3970] OnSubLoadWealthGodHistoryData: 10
W0110 02:50:29.736037 159150080 CenterThread.cpp:3970] OnSubLoadWealthGodHistoryData: 10
W0110 02:50:32.301769 159150080 DuoBaoMgr.cpp:94] has the same doing data? id: 1
W0110 02:50:32.301867 159150080 DuoBaoMgr.cpp:94] has the same doing data? id: 1
W0110 02:50:32.301904 159150080 DuoBaoMgr.cpp:94] has the same doing data? id: 2
W0110 02:50:32.301939 159150080 DuoBaoMgr.cpp:94] has the same doing data? id: 2
W0110 02:50:32.301973 159150080 DuoBaoMgr.cpp:94] has the same doing data? id: 3
W0110 02:50:32.302006 159150080 DuoBaoMgr.cpp:94] has the same doing data? id: 3
W0110 02:50:32.302038 159150080 DuoBaoMgr.cpp:94] has the same doing data? id: 30
W0110 02:50:32.302072 159150080 DuoBaoMgr.cpp:94] has the same doing data? id: 30
W0110 02:50:32.302103 159150080 DuoBaoMgr.cpp:94] has the same doing data? id: 31
W0110 02:50:32.302135 159150080 DuoBaoMgr.cpp:94] has the same doing data? id: 31
W0110 02:50:32.302170 159150080 DuoBaoMgr.cpp:175] load duo bao data finish.
I0110 03:52:37.381700 249644480 NetServer.cpp:88] delete io...127.0.0.1:52143
I0110 03:52:37.381808 249644480 NetServer.cpp:88] delete io...127.0.0.1:52139
I0110 03:52:37.381846 249644480 NetServer.cpp:88] delete io...127.0.0.1:52147
W0110 03:52:37.382715 159150080 ServerMgr.cpp:875] remove one proxy server, id:30
W0110 03:52:37.382897 159150080 ServerMgr.cpp:836] remove one game server, id:1101
W0110 03:52:37.383086 159150080 ServerMgr.cpp:852] remove one login server, id:10
W0110 03:52:37.383226 159150080 CenterThread.cpp:120] db server is disconnect, after 1s will be reconnect!
W0110 03:52:38.856705 249644480 NetModule.cpp:723] ready reconnect server, server id: 0
I0110 03:52:38.856786 249644480 NetConnector.cpp:216] connect to: 0.0.0.0:6001 success! 
I0110 03:52:38.859176 159150080 CenterThread.cpp:87] connect to db server succ!
I0110 03:52:38.863350 249644480 NetServer.cpp:55] accept io...127.0.0.1:52209
I0110 03:52:38.873518 159150080 ServerMgr.cpp:187] register one game server: 127.0.0.1:52209
I0110 03:52:40.873401 249644480 NetServer.cpp:55] accept io...127.0.0.1:52215
I0110 03:52:40.895097 159150080 ServerMgr.cpp:54] register one proxy server: 127.0.0.1:52215
I0110 03:52:47.927824 249644480 NetServer.cpp:55] accept io...127.0.0.1:52227
I0110 03:52:47.960446 159150080 ServerMgr.cpp:478] register one login server: 127.0.0.1:52227
W0110 03:53:49.992516 159150080 CenterThread.cpp:5104] set pcu info fail.
W0110 03:53:59.997741 159150080 CenterThread.cpp:5104] set pcu info fail.
W0110 03:54:10.004896 159150080 CenterThread.cpp:5104] set pcu info fail.
W0110 03:54:21.201941 159150080 CenterThread.cpp:3970] OnSubLoadWealthGodHistoryData: 10
W0110 03:54:22.411350 159150080 CenterThread.cpp:3970] OnSubLoadWealthGodHistoryData: 10
W0110 03:54:23.648993 159150080 CenterThread.cpp:3970] OnSubLoadWealthGodHistoryData: 10
W0110 03:54:24.859788 159150080 CenterThread.cpp:3970] OnSubLoadWealthGodHistoryData: 10
W0110 03:54:26.075487 159150080 CenterThread.cpp:3970] OnSubLoadWealthGodHistoryData: 10
W0110 03:54:27.279484 159150080 CenterThread.cpp:3970] OnSubLoadWealthGodHistoryData: 10
W0110 03:54:28.497403 159150080 CenterThread.cpp:3970] OnSubLoadWealthGodHistoryData: 10
W0110 03:54:29.698035 159150080 CenterThread.cpp:3970] OnSubLoadWealthGodHistoryData: 10
W0110 03:54:30.929972 159150080 CenterThread.cpp:3970] OnSubLoadWealthGodHistoryData: 10
W0110 03:54:32.132136 159150080 CenterThread.cpp:3970] OnSubLoadWealthGodHistoryData: 10
W0110 03:54:33.339582 159150080 CenterThread.cpp:3970] OnSubLoadWealthGodHistoryData: 10
W0110 03:54:34.579797 159150080 CenterThread.cpp:3970] OnSubLoadWealthGodHistoryData: 10
W0110 03:54:35.788800 159150080 CenterThread.cpp:3970] OnSubLoadWealthGodHistoryData: 10
W0110 03:54:38.331544 159150080 DuoBaoMgr.cpp:94] has the same doing data? id: 1
W0110 03:54:38.331679 159150080 DuoBaoMgr.cpp:94] has the same doing data? id: 1
W0110 03:54:38.331737 159150080 DuoBaoMgr.cpp:94] has the same doing data? id: 2
W0110 03:54:38.331787 159150080 DuoBaoMgr.cpp:94] has the same doing data? id: 2
W0110 03:54:38.331845 159150080 DuoBaoMgr.cpp:94] has the same doing data? id: 3
W0110 03:54:38.331895 159150080 DuoBaoMgr.cpp:94] has the same doing data? id: 3
W0110 03:54:38.331943 159150080 DuoBaoMgr.cpp:94] has the same doing data? id: 30
W0110 03:54:38.332020 159150080 DuoBaoMgr.cpp:94] has the same doing data? id: 30
W0110 03:54:38.332054 159150080 DuoBaoMgr.cpp:94] has the same doing data? id: 31
W0110 03:54:38.332089 159150080 DuoBaoMgr.cpp:94] has the same doing data? id: 31
W0110 03:54:38.332128 159150080 DuoBaoMgr.cpp:175] load duo bao data finish.
I0110 04:57:40.403180 249644480 NetServer.cpp:88] delete io...127.0.0.1:52215
W0110 04:57:40.404585 159150080 ServerMgr.cpp:875] remove one proxy server, id:30
I0110 04:57:40.406462 249644480 NetServer.cpp:88] delete io...127.0.0.1:52227
W0110 04:57:40.406733 159150080 ServerMgr.cpp:852] remove one login server, id:10
I0110 04:57:40.406774 249644480 NetServer.cpp:88] delete io...127.0.0.1:52209
W0110 04:57:40.406776 159150080 ServerMgr.cpp:836] remove one game server, id:1101
W0110 04:57:40.408917 159150080 CenterThread.cpp:120] db server is disconnect, after 1s will be reconnect!
W0110 04:57:41.885465 249644480 NetModule.cpp:723] ready reconnect server, server id: 0
I0110 04:57:41.885545 249644480 NetConnector.cpp:216] connect to: 0.0.0.0:6001 success! 
I0110 04:57:41.887516 159150080 CenterThread.cpp:87] connect to db server succ!
I0110 04:57:41.890974 249644480 NetServer.cpp:55] accept io...127.0.0.1:52262
I0110 04:57:41.921735 159150080 ServerMgr.cpp:187] register one game server: 127.0.0.1:52262
I0110 04:57:43.891723 249644480 NetServer.cpp:55] accept io...127.0.0.1:52267
I0110 04:57:43.917449 159150080 ServerMgr.cpp:54] register one proxy server: 127.0.0.1:52267
I0110 04:57:50.904178 249644480 NetServer.cpp:55] accept io...127.0.0.1:52271
I0110 04:57:50.930867 159150080 ServerMgr.cpp:478] register one login server: 127.0.0.1:52271
W0110 04:59:40.783890 159150080 CenterThread.cpp:5104] set pcu info fail.
W0110 04:59:50.794241 159150080 CenterThread.cpp:5104] set pcu info fail.
W0110 05:00:00.801189 159150080 CenterThread.cpp:5104] set pcu info fail.
W0110 05:00:33.009918 159150080 CenterThread.cpp:3970] OnSubLoadWealthGodHistoryData: 10
W0110 05:00:34.219211 159150080 CenterThread.cpp:3970] OnSubLoadWealthGodHistoryData: 10
W0110 05:00:35.437579 159150080 CenterThread.cpp:3970] OnSubLoadWealthGodHistoryData: 10
W0110 05:00:36.668172 159150080 CenterThread.cpp:3970] OnSubLoadWealthGodHistoryData: 10
W0110 05:00:37.875138 159150080 CenterThread.cpp:3970] OnSubLoadWealthGodHistoryData: 10
W0110 05:00:39.120833 159150080 CenterThread.cpp:3970] OnSubLoadWealthGodHistoryData: 10
W0110 05:00:40.355840 159150080 CenterThread.cpp:3970] OnSubLoadWealthGodHistoryData: 10
W0110 05:00:41.556893 159150080 CenterThread.cpp:3970] OnSubLoadWealthGodHistoryData: 10
W0110 05:00:42.768739 159150080 CenterThread.cpp:3970] OnSubLoadWealthGodHistoryData: 10
W0110 05:00:44.005755 159150080 CenterThread.cpp:3970] OnSubLoadWealthGodHistoryData: 10
W0110 05:00:45.212815 159150080 CenterThread.cpp:3970] OnSubLoadWealthGodHistoryData: 10
W0110 05:00:46.425160 159150080 CenterThread.cpp:3970] OnSubLoadWealthGodHistoryData: 10
W0110 05:00:47.644614 159150080 CenterThread.cpp:3970] OnSubLoadWealthGodHistoryData: 10
W0110 05:00:50.205327 159150080 DuoBaoMgr.cpp:94] has the same doing data? id: 1
W0110 05:00:50.205438 159150080 DuoBaoMgr.cpp:94] has the same doing data? id: 1
W0110 05:00:50.205479 159150080 DuoBaoMgr.cpp:94] has the same doing data? id: 2
W0110 05:00:50.205513 159150080 DuoBaoMgr.cpp:94] has the same doing data? id: 2
W0110 05:00:50.205546 159150080 DuoBaoMgr.cpp:94] has the same doing data? id: 3
W0110 05:00:50.205579 159150080 DuoBaoMgr.cpp:94] has the same doing data? id: 3
W0110 05:00:50.205611 159150080 DuoBaoMgr.cpp:94] has the same doing data? id: 30
W0110 05:00:50.205643 159150080 DuoBaoMgr.cpp:94] has the same doing data? id: 30
W0110 05:00:50.205677 159150080 DuoBaoMgr.cpp:94] has the same doing data? id: 31
W0110 05:00:50.205708 159150080 DuoBaoMgr.cpp:94] has the same doing data? id: 31
W0110 05:00:50.205744 159150080 DuoBaoMgr.cpp:175] load duo bao data finish.
I0110 06:02:42.428330 249644480 NetServer.cpp:88] delete io...127.0.0.1:52267
W0110 06:02:42.429507 159150080 ServerMgr.cpp:875] remove one proxy server, id:30
I0110 06:02:42.440416 249644480 NetServer.cpp:88] delete io...127.0.0.1:52262
W0110 06:02:42.440824 159150080 ServerMgr.cpp:836] remove one game server, id:1101
I0110 06:02:42.440863 249644480 NetServer.cpp:88] delete io...127.0.0.1:52271
W0110 06:02:42.443596 159150080 ServerMgr.cpp:852] remove one login server, id:10
W0110 06:02:42.443647 159150080 CenterThread.cpp:120] db server is disconnect, after 1s will be reconnect!
I0110 06:02:43.906466 249644480 NetServer.cpp:55] accept io...127.0.0.1:52333
W0110 06:02:43.908538 249644480 NetModule.cpp:723] ready reconnect server, server id: 0
I0110 06:02:43.908603 249644480 NetConnector.cpp:216] connect to: 0.0.0.0:6001 success! 
I0110 06:02:43.909711 159150080 CenterThread.cpp:87] connect to db server succ!
I0110 06:02:43.916837 159150080 ServerMgr.cpp:187] register one game server: 127.0.0.1:52333
I0110 06:02:45.933260 249644480 NetServer.cpp:55] accept io...127.0.0.1:52340
I0110 06:02:45.943656 159150080 ServerMgr.cpp:54] register one proxy server: 127.0.0.1:52340
I0110 06:02:52.455286 249644480 NetServer.cpp:55] accept io...127.0.0.1:52342
I0110 06:02:52.483090 159150080 ServerMgr.cpp:478] register one login server: 127.0.0.1:52342
W0110 06:03:54.934599 159150080 CenterThread.cpp:5104] set pcu info fail.
W0110 06:04:04.946657 159150080 CenterThread.cpp:5104] set pcu info fail.
W0110 06:04:14.948911 159150080 CenterThread.cpp:5104] set pcu info fail.
W0110 06:04:21.888130 159150080 CenterThread.cpp:3970] OnSubLoadWealthGodHistoryData: 10
W0110 06:04:23.119653 159150080 CenterThread.cpp:3970] OnSubLoadWealthGodHistoryData: 10
W0110 06:04:24.323647 159150080 CenterThread.cpp:3970] OnSubLoadWealthGodHistoryData: 10
W0110 06:04:25.547721 159150080 CenterThread.cpp:3970] OnSubLoadWealthGodHistoryData: 10
W0110 06:04:26.779451 159150080 CenterThread.cpp:3970] OnSubLoadWealthGodHistoryData: 10
W0110 06:04:27.999223 159150080 CenterThread.cpp:3970] OnSubLoadWealthGodHistoryData: 10
W0110 06:04:29.218482 159150080 CenterThread.cpp:3970] OnSubLoadWealthGodHistoryData: 10
W0110 06:04:30.447579 159150080 CenterThread.cpp:3970] OnSubLoadWealthGodHistoryData: 10
W0110 06:04:31.670785 159150080 CenterThread.cpp:3970] OnSubLoadWealthGodHistoryData: 10
W0110 06:04:32.883224 159150080 CenterThread.cpp:3970] OnSubLoadWealthGodHistoryData: 10
W0110 06:04:34.120584 159150080 CenterThread.cpp:3970] OnSubLoadWealthGodHistoryData: 10
W0110 06:04:35.350258 159150080 CenterThread.cpp:3970] OnSubLoadWealthGodHistoryData: 10
W0110 06:04:36.575095 159150080 CenterThread.cpp:3970] OnSubLoadWealthGodHistoryData: 10
W0110 06:04:39.156790 159150080 DuoBaoMgr.cpp:94] has the same doing data? id: 1
W0110 06:04:39.156873 159150080 DuoBaoMgr.cpp:94] has the same doing data? id: 1
W0110 06:04:39.156904 159150080 DuoBaoMgr.cpp:94] has the same doing data? id: 2
W0110 06:04:39.156931 159150080 DuoBaoMgr.cpp:94] has the same doing data? id: 2
W0110 06:04:39.156957 159150080 DuoBaoMgr.cpp:94] has the same doing data? id: 3
W0110 06:04:39.156983 159150080 DuoBaoMgr.cpp:94] has the same doing data? id: 3
W0110 06:04:39.157009 159150080 DuoBaoMgr.cpp:94] has the same doing data? id: 30
W0110 06:04:39.157034 159150080 DuoBaoMgr.cpp:94] has the same doing data? id: 30
W0110 06:04:39.157060 159150080 DuoBaoMgr.cpp:94] has the same doing data? id: 31
W0110 06:04:39.157086 159150080 DuoBaoMgr.cpp:94] has the same doing data? id: 31
W0110 06:04:39.157119 159150080 DuoBaoMgr.cpp:175] load duo bao data finish.
I0110 07:07:45.455785 249644480 NetServer.cpp:88] delete io...127.0.0.1:52333
W0110 07:07:45.457973 159150080 ServerMgr.cpp:836] remove one game server, id:1101
I0110 07:07:45.469341 249644480 NetServer.cpp:88] delete io...127.0.0.1:52340
W0110 07:07:45.469622 159150080 ServerMgr.cpp:875] remove one proxy server, id:30
I0110 07:07:45.469662 249644480 NetServer.cpp:88] delete io...127.0.0.1:52342
W0110 07:07:45.469672 159150080 ServerMgr.cpp:852] remove one login server, id:10
W0110 07:07:45.472558 159150080 CenterThread.cpp:120] db server is disconnect, after 1s will be reconnect!
I0110 07:07:46.935839 249644480 NetServer.cpp:55] accept io...127.0.0.1:52391
W0110 07:07:46.939388 249644480 NetModule.cpp:723] ready reconnect server, server id: 0
I0110 07:07:46.939476 249644480 NetConnector.cpp:216] connect to: 0.0.0.0:6001 success! 
I0110 07:07:46.940794 159150080 CenterThread.cpp:87] connect to db server succ!
I0110 07:07:46.966650 159150080 ServerMgr.cpp:187] register one game server: 127.0.0.1:52391
I0110 07:07:48.955292 249644480 NetServer.cpp:55] accept io...127.0.0.1:52398
I0110 07:07:48.971448 159150080 ServerMgr.cpp:54] register one proxy server: 127.0.0.1:52398
I0110 07:07:55.997149 249644480 NetServer.cpp:55] accept io...127.0.0.1:52400
I0110 07:07:56.028298 159150080 ServerMgr.cpp:478] register one login server: 127.0.0.1:52400
W0110 07:10:11.570200 159150080 CenterThread.cpp:3970] OnSubLoadWealthGodHistoryData: 10
W0110 07:10:12.815045 159150080 CenterThread.cpp:3970] OnSubLoadWealthGodHistoryData: 10
W0110 07:10:14.034663 159150080 CenterThread.cpp:3970] OnSubLoadWealthGodHistoryData: 10
W0110 07:10:15.244794 159150080 CenterThread.cpp:3970] OnSubLoadWealthGodHistoryData: 10
W0110 07:10:16.454504 159150080 CenterThread.cpp:3970] OnSubLoadWealthGodHistoryData: 10
W0110 07:10:17.674886 159150080 CenterThread.cpp:3970] OnSubLoadWealthGodHistoryData: 10
W0110 07:10:18.895385 159150080 CenterThread.cpp:3970] OnSubLoadWealthGodHistoryData: 10
W0110 07:10:20.103873 159150080 CenterThread.cpp:3970] OnSubLoadWealthGodHistoryData: 10
W0110 07:10:21.322131 159150080 CenterThread.cpp:3970] OnSubLoadWealthGodHistoryData: 10
W0110 07:10:22.559257 159150080 CenterThread.cpp:3970] OnSubLoadWealthGodHistoryData: 10
W0110 07:10:23.744899 159150080 CenterThread.cpp:3970] OnSubLoadWealthGodHistoryData: 10
W0110 07:10:24.968456 159150080 CenterThread.cpp:3970] OnSubLoadWealthGodHistoryData: 10
W0110 07:10:26.196281 159150080 CenterThread.cpp:3970] OnSubLoadWealthGodHistoryData: 10
W0110 07:10:28.721966 159150080 DuoBaoMgr.cpp:94] has the same doing data? id: 1
W0110 07:10:28.722137 159150080 DuoBaoMgr.cpp:94] has the same doing data? id: 1
W0110 07:10:28.722204 159150080 DuoBaoMgr.cpp:94] has the same doing data? id: 2
W0110 07:10:28.722259 159150080 DuoBaoMgr.cpp:94] has the same doing data? id: 2
W0110 07:10:28.722309 159150080 DuoBaoMgr.cpp:94] has the same doing data? id: 3
W0110 07:10:28.722359 159150080 DuoBaoMgr.cpp:94] has the same doing data? id: 3
W0110 07:10:28.722409 159150080 DuoBaoMgr.cpp:94] has the same doing data? id: 30
W0110 07:10:28.722461 159150080 DuoBaoMgr.cpp:94] has the same doing data? id: 30
W0110 07:10:28.722522 159150080 DuoBaoMgr.cpp:94] has the same doing data? id: 31
W0110 07:10:28.722574 159150080 DuoBaoMgr.cpp:94] has the same doing data? id: 31
W0110 07:10:28.722630 159150080 DuoBaoMgr.cpp:175] load duo bao data finish.
I0110 08:12:48.474668 249644480 NetServer.cpp:88] delete io...127.0.0.1:52391
I0110 08:12:48.474772 249644480 NetServer.cpp:88] delete io...127.0.0.1:52398
I0110 08:12:48.474809 249644480 NetServer.cpp:88] delete io...127.0.0.1:52400
W0110 08:12:48.475839 159150080 ServerMgr.cpp:836] remove one game server, id:1101
W0110 08:12:48.475899 159150080 ServerMgr.cpp:875] remove one proxy server, id:30
W0110 08:12:48.475922 159150080 ServerMgr.cpp:852] remove one login server, id:10
W0110 08:12:48.475941 159150080 CenterThread.cpp:120] db server is disconnect, after 1s will be reconnect!
W0110 08:12:49.963860 249644480 NetModule.cpp:723] ready reconnect server, server id: 0
I0110 08:12:49.963940 249644480 NetConnector.cpp:216] connect to: 0.0.0.0:6001 success! 
I0110 08:12:49.965351 159150080 CenterThread.cpp:87] connect to db server succ!
I0110 08:12:49.968688 249644480 NetServer.cpp:55] accept io...127.0.0.1:52460
I0110 08:12:49.993752 159150080 ServerMgr.cpp:187] register one game server: 127.0.0.1:52460
I0110 08:12:51.978974 249644480 NetServer.cpp:55] accept io...127.0.0.1:52467
I0110 08:12:52.010314 159150080 ServerMgr.cpp:54] register one proxy server: 127.0.0.1:52467
I0110 08:12:59.026599 249644480 NetServer.cpp:55] accept io...127.0.0.1:52472
I0110 08:12:59.058238 159150080 ServerMgr.cpp:478] register one login server: 127.0.0.1:52472
W0110 08:14:10.558414 159150080 CenterThread.cpp:5104] set pcu info fail.
W0110 08:14:20.568064 159150080 CenterThread.cpp:5104] set pcu info fail.
W0110 08:14:30.570331 159150080 CenterThread.cpp:5104] set pcu info fail.
W0110 08:14:52.746214 159150080 CenterThread.cpp:3970] OnSubLoadWealthGodHistoryData: 10
W0110 08:14:53.999603 159150080 CenterThread.cpp:3970] OnSubLoadWealthGodHistoryData: 10
W0110 08:14:55.222638 159150080 CenterThread.cpp:3970] OnSubLoadWealthGodHistoryData: 10
W0110 08:14:56.449123 159150080 CenterThread.cpp:3970] OnSubLoadWealthGodHistoryData: 10
W0110 08:14:57.676441 159150080 CenterThread.cpp:3970] OnSubLoadWealthGodHistoryData: 10
W0110 08:14:58.924533 159150080 CenterThread.cpp:3970] OnSubLoadWealthGodHistoryData: 10
W0110 08:15:00.131294 159150080 CenterThread.cpp:3970] OnSubLoadWealthGodHistoryData: 10
W0110 08:15:01.372804 159150080 CenterThread.cpp:3970] OnSubLoadWealthGodHistoryData: 10
W0110 08:15:02.599107 159150080 CenterThread.cpp:3970] OnSubLoadWealthGodHistoryData: 10
W0110 08:15:03.865042 159150080 CenterThread.cpp:3970] OnSubLoadWealthGodHistoryData: 10
W0110 08:15:05.091735 159150080 CenterThread.cpp:3970] OnSubLoadWealthGodHistoryData: 10
W0110 08:15:06.357621 159150080 CenterThread.cpp:3970] OnSubLoadWealthGodHistoryData: 10
W0110 08:15:07.574298 159150080 CenterThread.cpp:3970] OnSubLoadWealthGodHistoryData: 10
W0110 08:15:10.123843 159150080 DuoBaoMgr.cpp:94] has the same doing data? id: 1
W0110 08:15:10.123914 159150080 DuoBaoMgr.cpp:94] has the same doing data? id: 1
W0110 08:15:10.123942 159150080 DuoBaoMgr.cpp:94] has the same doing data? id: 2
W0110 08:15:10.123965 159150080 DuoBaoMgr.cpp:94] has the same doing data? id: 2
W0110 08:15:10.123986 159150080 DuoBaoMgr.cpp:94] has the same doing data? id: 3
W0110 08:15:10.124011 159150080 DuoBaoMgr.cpp:94] has the same doing data? id: 3
W0110 08:15:10.124032 159150080 DuoBaoMgr.cpp:94] has the same doing data? id: 30
W0110 08:15:10.124054 159150080 DuoBaoMgr.cpp:94] has the same doing data? id: 30
W0110 08:15:10.124075 159150080 DuoBaoMgr.cpp:94] has the same doing data? id: 31
W0110 08:15:10.124096 159150080 DuoBaoMgr.cpp:94] has the same doing data? id: 31
W0110 08:15:10.124120 159150080 DuoBaoMgr.cpp:175] load duo bao data finish.
I0110 08:25:18.434813 249644480 NetServer.cpp:88] delete io...127.0.0.1:52460
I0110 08:25:18.434903 249644480 NetServer.cpp:88] delete io...127.0.0.1:52472
I0110 08:25:18.434937 249644480 NetServer.cpp:88] delete io...127.0.0.1:52467
W0110 08:25:18.437086 159150080 ServerMgr.cpp:836] remove one game server, id:1101
W0110 08:25:18.437175 159150080 ServerMgr.cpp:852] remove one login server, id:10
W0110 08:25:18.437218 159150080 ServerMgr.cpp:875] remove one proxy server, id:30
W0110 08:25:18.439306 159150080 CenterThread.cpp:120] db server is disconnect, after 1s will be reconnect!
W0110 08:25:19.920747 249644480 NetModule.cpp:723] ready reconnect server, server id: 0
I0110 08:25:19.920845 249644480 NetConnector.cpp:216] connect to: 127.0.0.1:6001 success! 
I0110 08:25:19.922085 159150080 CenterThread.cpp:87] connect to db server succ!
I0110 08:25:19.926842 249644480 NetServer.cpp:55] accept io...127.0.0.1:52523
I0110 08:25:19.949690 159150080 ServerMgr.cpp:187] register one game server: 127.0.0.1:52523
I0110 08:25:21.930860 249644480 NetServer.cpp:55] accept io...127.0.0.1:52534
I0110 08:25:21.942492 159150080 ServerMgr.cpp:54] register one proxy server: 127.0.0.1:52534
I0110 08:25:28.945114 249644480 NetServer.cpp:55] accept io...127.0.0.1:52550
I0110 08:25:28.966929 159150080 ServerMgr.cpp:478] register one login server: 127.0.0.1:52550
I0110 08:59:57.517575 249644480 NetServer.cpp:88] delete io...127.0.0.1:52534
W0110 08:59:57.518972 159150080 ServerMgr.cpp:875] remove one proxy server, id:30
I0110 08:59:57.523699 249644480 NetServer.cpp:88] delete io...127.0.0.1:52550
W0110 08:59:57.524013 159150080 ServerMgr.cpp:852] remove one login server, id:10
I0110 08:59:57.524049 249644480 NetServer.cpp:88] delete io...127.0.0.1:52523
W0110 08:59:57.524078 159150080 ServerMgr.cpp:836] remove one game server, id:1101
W0110 08:59:57.526549 159150080 CenterThread.cpp:120] db server is disconnect, after 1s will be reconnect!
W0110 08:59:59.000151 249644480 NetModule.cpp:723] ready reconnect server, server id: 0
I0110 08:59:59.000239 249644480 NetConnector.cpp:216] connect to: 0.0.0.0:6001 success! 
I0110 08:59:59.002424 159150080 CenterThread.cpp:87] connect to db server succ!
I0110 08:59:59.002573 249644480 NetServer.cpp:55] accept io...127.0.0.1:52572
I0110 08:59:59.027621 159150080 ServerMgr.cpp:187] register one game server: 127.0.0.1:52572
I0110 09:00:01.009562 249644480 NetServer.cpp:55] accept io...127.0.0.1:52576
I0110 09:00:01.025822 159150080 ServerMgr.cpp:54] register one proxy server: 127.0.0.1:52576
I0110 09:00:08.054520 249644480 NetServer.cpp:55] accept io...127.0.0.1:52580
I0110 09:00:08.082975 159150080 ServerMgr.cpp:478] register one login server: 127.0.0.1:52580
W0110 09:01:53.276665 159150080 CenterThread.cpp:5104] set pcu info fail.
W0110 09:02:03.282018 159150080 CenterThread.cpp:5104] set pcu info fail.
W0110 09:02:13.289341 159150080 CenterThread.cpp:5104] set pcu info fail.
W0110 09:02:13.291208 159150080 CenterThread.cpp:3970] OnSubLoadWealthGodHistoryData: 10
W0110 09:02:13.291275 159150080 CenterThread.cpp:3970] OnSubLoadWealthGodHistoryData: 10
W0110 09:02:13.291323 159150080 CenterThread.cpp:3970] OnSubLoadWealthGodHistoryData: 10
W0110 09:02:13.291370 159150080 CenterThread.cpp:3970] OnSubLoadWealthGodHistoryData: 10
W0110 09:02:13.291410 159150080 CenterThread.cpp:3970] OnSubLoadWealthGodHistoryData: 10
W0110 09:02:13.291455 159150080 CenterThread.cpp:3970] OnSubLoadWealthGodHistoryData: 10
W0110 09:02:13.291494 159150080 CenterThread.cpp:3970] OnSubLoadWealthGodHistoryData: 10
W0110 09:02:13.291539 159150080 CenterThread.cpp:3970] OnSubLoadWealthGodHistoryData: 10
W0110 09:02:13.291584 159150080 CenterThread.cpp:3970] OnSubLoadWealthGodHistoryData: 10
W0110 09:02:13.291630 159150080 CenterThread.cpp:3970] OnSubLoadWealthGodHistoryData: 10
W0110 09:02:13.291682 159150080 CenterThread.cpp:3970] OnSubLoadWealthGodHistoryData: 10
W0110 09:02:13.291734 159150080 CenterThread.cpp:3970] OnSubLoadWealthGodHistoryData: 10
W0110 09:02:13.291806 159150080 CenterThread.cpp:3970] OnSubLoadWealthGodHistoryData: 10
W0110 09:02:13.291885 159150080 DuoBaoMgr.cpp:94] has the same doing data? id: 1
W0110 09:02:13.291921 159150080 DuoBaoMgr.cpp:94] has the same doing data? id: 1
W0110 09:02:13.291954 159150080 DuoBaoMgr.cpp:94] has the same doing data? id: 2
W0110 09:02:13.291985 159150080 DuoBaoMgr.cpp:94] has the same doing data? id: 2
W0110 09:02:13.292019 159150080 DuoBaoMgr.cpp:94] has the same doing data? id: 3
W0110 09:02:13.292052 159150080 DuoBaoMgr.cpp:94] has the same doing data? id: 3
W0110 09:02:13.292084 159150080 DuoBaoMgr.cpp:94] has the same doing data? id: 30
W0110 09:02:13.292116 159150080 DuoBaoMgr.cpp:94] has the same doing data? id: 30
W0110 09:02:13.292639 159150080 DuoBaoMgr.cpp:94] has the same doing data? id: 31
W0110 09:02:13.292698 159150080 DuoBaoMgr.cpp:94] has the same doing data? id: 31
W0110 09:02:13.292737 159150080 DuoBaoMgr.cpp:175] load duo bao data finish.
I0110 09:45:01.527354 249644480 NetServer.cpp:88] delete io...127.0.0.1:52576
W0110 09:45:01.527879 159150080 ServerMgr.cpp:875] remove one proxy server, id:30
I0110 09:45:01.531424 249644480 NetServer.cpp:88] delete io...127.0.0.1:52572
W0110 09:45:01.531625 159150080 ServerMgr.cpp:836] remove one game server, id:1101
I0110 09:45:01.531668 249644480 NetServer.cpp:88] delete io...127.0.0.1:52580
W0110 09:45:01.534090 159150080 ServerMgr.cpp:852] remove one login server, id:10
W0110 09:45:01.534149 159150080 CenterThread.cpp:120] db server is disconnect, after 1s will be reconnect!
W0110 09:45:03.015722 249644480 NetModule.cpp:723] ready reconnect server, server id: 0
I0110 09:45:03.015810 249644480 NetConnector.cpp:216] connect to: 0.0.0.0:6001 success! 
I0110 09:45:03.017854 159150080 CenterThread.cpp:87] connect to db server succ!
I0110 09:45:03.018180 249644480 NetServer.cpp:55] accept io...127.0.0.1:52629
I0110 09:45:03.043009 159150080 ServerMgr.cpp:187] register one game server: 127.0.0.1:52629
I0110 09:45:05.036589 249644480 NetServer.cpp:55] accept io...127.0.0.1:52633
I0110 09:45:05.051347 159150080 ServerMgr.cpp:54] register one proxy server: 127.0.0.1:52633
I0110 09:45:11.573407 249644480 NetServer.cpp:55] accept io...127.0.0.1:52638
I0110 09:45:11.599925 159150080 ServerMgr.cpp:478] register one login server: 127.0.0.1:52638
W0110 09:46:08.043136 159150080 CenterThread.cpp:5104] set pcu info fail.
W0110 09:46:18.051762 159150080 CenterThread.cpp:5104] set pcu info fail.
W0110 09:46:28.054747 159150080 CenterThread.cpp:5104] set pcu info fail.
W0110 09:46:34.428122 159150080 CenterThread.cpp:3970] OnSubLoadWealthGodHistoryData: 10
W0110 09:46:35.641532 159150080 CenterThread.cpp:3970] OnSubLoadWealthGodHistoryData: 10
W0110 09:46:36.870728 159150080 CenterThread.cpp:3970] OnSubLoadWealthGodHistoryData: 10
W0110 09:46:38.099117 159150080 CenterThread.cpp:3970] OnSubLoadWealthGodHistoryData: 10
W0110 09:46:39.320297 159150080 CenterThread.cpp:3970] OnSubLoadWealthGodHistoryData: 10
W0110 09:46:40.553148 159150080 CenterThread.cpp:3970] OnSubLoadWealthGodHistoryData: 10
W0110 09:46:41.768151 159150080 CenterThread.cpp:3970] OnSubLoadWealthGodHistoryData: 10
W0110 09:46:43.006397 159150080 CenterThread.cpp:3970] OnSubLoadWealthGodHistoryData: 10
W0110 09:46:44.214977 159150080 CenterThread.cpp:3970] OnSubLoadWealthGodHistoryData: 10
W0110 09:46:45.449941 159150080 CenterThread.cpp:3970] OnSubLoadWealthGodHistoryData: 10
W0110 09:46:46.687877 159150080 CenterThread.cpp:3970] OnSubLoadWealthGodHistoryData: 10
W0110 09:46:47.930688 159150080 CenterThread.cpp:3970] OnSubLoadWealthGodHistoryData: 10
W0110 09:46:49.151240 159150080 CenterThread.cpp:3970] OnSubLoadWealthGodHistoryData: 10
W0110 09:46:51.716749 159150080 DuoBaoMgr.cpp:94] has the same doing data? id: 1
W0110 09:46:51.716856 159150080 DuoBaoMgr.cpp:94] has the same doing data? id: 1
W0110 09:46:51.716899 159150080 DuoBaoMgr.cpp:94] has the same doing data? id: 2
W0110 09:46:51.716940 159150080 DuoBaoMgr.cpp:94] has the same doing data? id: 2
W0110 09:46:51.716974 159150080 DuoBaoMgr.cpp:94] has the same doing data? id: 3
W0110 09:46:51.717007 159150080 DuoBaoMgr.cpp:94] has the same doing data? id: 3
W0110 09:46:51.717041 159150080 DuoBaoMgr.cpp:94] has the same doing data? id: 30
W0110 09:46:51.717073 159150080 DuoBaoMgr.cpp:94] has the same doing data? id: 30
W0110 09:46:51.717139 159150080 DuoBaoMgr.cpp:94] has the same doing data? id: 31
W0110 09:46:51.717165 159150080 DuoBaoMgr.cpp:94] has the same doing data? id: 31
W0110 09:46:51.717195 159150080 DuoBaoMgr.cpp:175] load duo bao data finish.
I0110 10:48:22.575678 249644480 NetServer.cpp:88] delete io...127.0.0.1:52629
W0110 10:48:22.576292 159150080 ServerMgr.cpp:836] remove one game server, id:1101
I0110 10:49:00.145354 249644480 NetServer.cpp:55] accept io...127.0.0.1:53425
I0110 10:49:12.625190 159150080 ServerMgr.cpp:187] register one game server: 127.0.0.1:53425
W0110 14:20:45.920403 159150080 CenterThread.cpp:5070] update online user fail
W0110 14:22:17.405269 159150080 CenterThread.cpp:5070] update online user fail
W0110 14:26:20.668138 159150080 CenterThread.cpp:5070] update online user fail
I0110 14:36:22.768008 249644480 NetServer.cpp:88] delete io...127.0.0.1:53425
W0110 14:36:22.771064 159150080 ServerMgr.cpp:836] remove one game server, id:1101
W0110 22:12:01.931133 159150080 ServerMgr.cpp:875] remove one proxy server, id:30
I0110 22:12:01.931708 249644480 NetServer.cpp:88] delete io...127.0.0.1:52633
I0110 22:12:01.934620 249644480 NetServer.cpp:88] delete io...127.0.0.1:52638
W0110 22:12:01.936733 159150080 ServerMgr.cpp:852] remove one login server, id:10
W0110 22:12:01.959587 159150080 CenterThread.cpp:120] db server is disconnect, after 1s will be reconnect!
W0110 22:12:04.346609 249644480 NetModule.cpp:723] ready reconnect server, server id: 0
I0110 22:12:04.346719 249644480 NetConnector.cpp:216] connect to: 0.0.0.0:6001 success! 
I0110 22:12:04.347151 159150080 CenterThread.cpp:87] connect to db server succ!
I0110 22:12:05.375159 249644480 NetServer.cpp:55] accept io...127.0.0.1:58940
I0110 22:12:05.406662 159150080 ServerMgr.cpp:54] register one proxy server: 127.0.0.1:58940
I0110 22:12:12.409463 249644480 NetServer.cpp:55] accept io...127.0.0.1:58948
I0110 22:12:12.437198 159150080 ServerMgr.cpp:478] register one login server: 127.0.0.1:58948
W0110 22:12:51.663681 159150080 CenterThread.cpp:5104] set pcu info fail.
W0110 22:13:01.672101 159150080 CenterThread.cpp:5104] set pcu info fail.
W0110 22:13:11.683131 159150080 CenterThread.cpp:5104] set pcu info fail.
W0110 22:13:11.686877 159150080 CenterThread.cpp:3970] OnSubLoadWealthGodHistoryData: 10
W0110 22:13:11.687453 159150080 CenterThread.cpp:3970] OnSubLoadWealthGodHistoryData: 10
W0110 22:13:11.687513 159150080 CenterThread.cpp:3970] OnSubLoadWealthGodHistoryData: 10
W0110 22:13:11.687559 159150080 CenterThread.cpp:3970] OnSubLoadWealthGodHistoryData: 10
W0110 22:13:11.688485 159150080 CenterThread.cpp:3970] OnSubLoadWealthGodHistoryData: 10
W0110 22:13:11.688606 159150080 CenterThread.cpp:3970] OnSubLoadWealthGodHistoryData: 10
W0110 22:13:11.688647 159150080 CenterThread.cpp:3970] OnSubLoadWealthGodHistoryData: 10
W0110 22:13:11.688696 159150080 CenterThread.cpp:3970] OnSubLoadWealthGodHistoryData: 10
W0110 22:13:11.688766 159150080 CenterThread.cpp:3970] OnSubLoadWealthGodHistoryData: 10
W0110 22:13:11.688815 159150080 CenterThread.cpp:3970] OnSubLoadWealthGodHistoryData: 10
W0110 22:13:11.689283 159150080 CenterThread.cpp:3970] OnSubLoadWealthGodHistoryData: 10
W0110 22:13:11.689339 159150080 CenterThread.cpp:3970] OnSubLoadWealthGodHistoryData: 10
W0110 22:13:11.694697 159150080 CenterThread.cpp:3970] OnSubLoadWealthGodHistoryData: 10
W0110 22:13:11.695384 159150080 DuoBaoMgr.cpp:94] has the same doing data? id: 1
W0110 22:13:11.695410 159150080 DuoBaoMgr.cpp:94] has the same doing data? id: 2
W0110 22:13:11.695428 159150080 DuoBaoMgr.cpp:94] has the same doing data? id: 2
W0110 22:13:11.695446 159150080 DuoBaoMgr.cpp:94] has the same doing data? id: 2
W0110 22:13:11.695463 159150080 DuoBaoMgr.cpp:94] has the same doing data? id: 3
W0110 22:13:11.695480 159150080 DuoBaoMgr.cpp:94] has the same doing data? id: 3
W0110 22:13:11.695497 159150080 DuoBaoMgr.cpp:94] has the same doing data? id: 3
W0110 22:13:11.695513 159150080 DuoBaoMgr.cpp:94] has the same doing data? id: 4
W0110 22:13:11.695530 159150080 DuoBaoMgr.cpp:94] has the same doing data? id: 30
W0110 22:13:11.695547 159150080 DuoBaoMgr.cpp:94] has the same doing data? id: 31
W0110 22:13:11.696919 159150080 DuoBaoMgr.cpp:175] load duo bao data finish.
W0110 22:55:06.762656 159150080 ServerMgr.cpp:875] remove one proxy server, id:30
I0110 22:55:06.763399 249644480 NetServer.cpp:88] delete io...127.0.0.1:58940
I0110 22:55:06.765985 249644480 NetServer.cpp:88] delete io...127.0.0.1:58948
W0110 22:55:06.766968 159150080 ServerMgr.cpp:852] remove one login server, id:10
W0110 22:55:06.767074 159150080 CenterThread.cpp:120] db server is disconnect, after 1s will be reconnect!
W0110 22:55:08.247794 249644480 NetModule.cpp:723] ready reconnect server, server id: 0
I0110 22:55:08.248776 249644480 NetConnector.cpp:216] connect to: 0.0.0.0:6001 success! 
I0110 22:55:08.250322 159150080 CenterThread.cpp:87] connect to db server succ!
I0110 22:55:10.249099 249644480 NetServer.cpp:55] accept io...127.0.0.1:59013
I0110 22:55:10.259312 159150080 ServerMgr.cpp:54] register one proxy server: 127.0.0.1:59013
I0110 22:55:17.295902 249644480 NetServer.cpp:55] accept io...127.0.0.1:59016
I0110 22:55:17.322547 159150080 ServerMgr.cpp:478] register one login server: 127.0.0.1:59016
W0110 22:56:17.785524 159150080 CenterThread.cpp:5104] set pcu info fail.
W0110 22:56:27.793190 159150080 CenterThread.cpp:5104] set pcu info fail.
W0110 22:56:37.799155 159150080 CenterThread.cpp:5104] set pcu info fail.
W0110 22:57:09.977978 159150080 CenterThread.cpp:3970] OnSubLoadWealthGodHistoryData: 10
W0110 22:57:11.203908 159150080 CenterThread.cpp:3970] OnSubLoadWealthGodHistoryData: 10
W0110 22:57:12.409922 159150080 CenterThread.cpp:3970] OnSubLoadWealthGodHistoryData: 10
W0110 22:57:13.623869 159150080 CenterThread.cpp:3970] OnSubLoadWealthGodHistoryData: 10
W0110 22:57:14.843848 159150080 CenterThread.cpp:3970] OnSubLoadWealthGodHistoryData: 10
W0110 22:57:16.061450 159150080 CenterThread.cpp:3970] OnSubLoadWealthGodHistoryData: 10
W0110 22:57:17.285909 159150080 CenterThread.cpp:3970] OnSubLoadWealthGodHistoryData: 10
W0110 22:57:18.501004 159150080 CenterThread.cpp:3970] OnSubLoadWealthGodHistoryData: 10
W0110 22:57:19.727147 159150080 CenterThread.cpp:3970] OnSubLoadWealthGodHistoryData: 10
W0110 22:57:20.960333 159150080 CenterThread.cpp:3970] OnSubLoadWealthGodHistoryData: 10
W0110 22:57:22.151109 159150080 CenterThread.cpp:3970] OnSubLoadWealthGodHistoryData: 10
W0110 22:57:23.370659 159150080 CenterThread.cpp:3970] OnSubLoadWealthGodHistoryData: 10
W0110 22:57:24.603175 159150080 CenterThread.cpp:3970] OnSubLoadWealthGodHistoryData: 10
W0110 22:57:27.161412 159150080 DuoBaoMgr.cpp:94] has the same doing data? id: 1
W0110 22:57:27.161482 159150080 DuoBaoMgr.cpp:94] has the same doing data? id: 2
W0110 22:57:27.161506 159150080 DuoBaoMgr.cpp:94] has the same doing data? id: 2
W0110 22:57:27.161527 159150080 DuoBaoMgr.cpp:94] has the same doing data? id: 2
W0110 22:57:27.161547 159150080 DuoBaoMgr.cpp:94] has the same doing data? id: 3
W0110 22:57:27.161567 159150080 DuoBaoMgr.cpp:94] has the same doing data? id: 3
W0110 22:57:27.161586 159150080 DuoBaoMgr.cpp:94] has the same doing data? id: 3
W0110 22:57:27.161607 159150080 DuoBaoMgr.cpp:94] has the same doing data? id: 4
W0110 22:57:27.161626 159150080 DuoBaoMgr.cpp:94] has the same doing data? id: 30
W0110 22:57:27.161646 159150080 DuoBaoMgr.cpp:94] has the same doing data? id: 31
W0110 22:57:27.162720 159150080 DuoBaoMgr.cpp:175] load duo bao data finish.
W0111 00:00:09.769413 159150080 CenterThread.cpp:304] center server is across day.
I0111 00:00:09.790004 249644480 NetServer.cpp:88] delete io...127.0.0.1:59016
I0111 00:00:09.790055 249644480 NetServer.cpp:88] delete io...127.0.0.1:59013
I0111 00:00:13.297955 249644480 NetServer.cpp:55] accept io...127.0.0.1:59064
W0111 00:00:19.819574 159150080 ServerMgr.cpp:852] remove one login server, id:10
W0111 00:00:19.819766 159150080 ServerMgr.cpp:875] remove one proxy server, id:30
W0111 00:00:19.819800 159150080 CenterThread.cpp:120] db server is disconnect, after 1s will be reconnect!
I0111 00:00:19.819840 159150080 ServerMgr.cpp:54] register one proxy server: 127.0.0.1:59064
I0111 00:00:19.853857 249644480 NetServer.cpp:88] delete io...127.0.0.1:59064
W0111 00:00:19.855711 159150080 ServerMgr.cpp:875] remove one proxy server, id:30
I0111 00:00:20.862538 249644480 NetServer.cpp:55] accept io...127.0.0.1:59074
I0111 00:00:20.892443 159150080 ServerMgr.cpp:478] register one login server: 127.0.0.1:59074
W0111 00:00:21.340569 249644480 NetModule.cpp:723] ready reconnect server, server id: 0
I0111 00:00:21.340665 249644480 NetConnector.cpp:216] connect to: 0.0.0.0:6001 success! 
I0111 00:00:21.343255 159150080 CenterThread.cpp:87] connect to db server succ!
I0111 00:00:23.359688 249644480 NetServer.cpp:55] accept io...127.0.0.1:59076
I0111 00:00:23.386539 159150080 ServerMgr.cpp:54] register one proxy server: 127.0.0.1:59076
W0111 00:01:32.409746 159150080 CenterThread.cpp:5104] set pcu info fail.
W0111 00:01:42.420395 159150080 CenterThread.cpp:5104] set pcu info fail.
W0111 00:01:52.431062 159150080 CenterThread.cpp:5104] set pcu info fail.
W0111 00:02:01.361680 159150080 CenterThread.cpp:3970] OnSubLoadWealthGodHistoryData: 10
W0111 00:02:02.573753 159150080 CenterThread.cpp:3970] OnSubLoadWealthGodHistoryData: 10
W0111 00:02:03.797848 159150080 CenterThread.cpp:3970] OnSubLoadWealthGodHistoryData: 10
W0111 00:02:05.004768 159150080 CenterThread.cpp:3970] OnSubLoadWealthGodHistoryData: 10
W0111 00:02:06.452620 159150080 CenterThread.cpp:3970] OnSubLoadWealthGodHistoryData: 10
W0111 00:02:07.683943 159150080 CenterThread.cpp:3970] OnSubLoadWealthGodHistoryData: 10
W0111 00:02:08.896883 159150080 CenterThread.cpp:3970] OnSubLoadWealthGodHistoryData: 10
W0111 00:02:10.105072 159150080 CenterThread.cpp:3970] OnSubLoadWealthGodHistoryData: 10
W0111 00:02:11.318655 159150080 CenterThread.cpp:3970] OnSubLoadWealthGodHistoryData: 10
W0111 00:02:12.538036 159150080 CenterThread.cpp:3970] OnSubLoadWealthGodHistoryData: 10
W0111 00:02:13.756908 159150080 CenterThread.cpp:3970] OnSubLoadWealthGodHistoryData: 10
W0111 00:02:15.204907 159150080 CenterThread.cpp:3970] OnSubLoadWealthGodHistoryData: 10
W0111 00:02:16.413961 159150080 CenterThread.cpp:3970] OnSubLoadWealthGodHistoryData: 10
W0111 00:02:19.444116 159150080 DuoBaoMgr.cpp:94] has the same doing data? id: 1
W0111 00:02:19.444185 159150080 DuoBaoMgr.cpp:94] has the same doing data? id: 2
W0111 00:02:19.444207 159150080 DuoBaoMgr.cpp:94] has the same doing data? id: 2
W0111 00:02:19.444227 159150080 DuoBaoMgr.cpp:94] has the same doing data? id: 2
W0111 00:02:19.444247 159150080 DuoBaoMgr.cpp:94] has the same doing data? id: 3
W0111 00:02:19.444267 159150080 DuoBaoMgr.cpp:94] has the same doing data? id: 3
W0111 00:02:19.444286 159150080 DuoBaoMgr.cpp:94] has the same doing data? id: 3
W0111 00:02:19.444306 159150080 DuoBaoMgr.cpp:94] has the same doing data? id: 4
W0111 00:02:19.444326 159150080 DuoBaoMgr.cpp:94] has the same doing data? id: 30
W0111 00:02:19.444345 159150080 DuoBaoMgr.cpp:94] has the same doing data? id: 31
W0111 00:02:19.447459 159150080 DuoBaoMgr.cpp:175] load duo bao data finish.
I0111 01:05:12.822516 249644480 NetServer.cpp:88] delete io...127.0.0.1:59074
W0111 01:05:12.824616 159150080 ServerMgr.cpp:852] remove one login server, id:10
I0111 01:05:12.836226 249644480 NetServer.cpp:88] delete io...127.0.0.1:59076
W0111 01:05:12.836647 159150080 ServerMgr.cpp:875] remove one proxy server, id:30
W0111 01:05:12.839452 159150080 CenterThread.cpp:120] db server is disconnect, after 1s will be reconnect!
W0111 01:05:14.316803 249644480 NetModule.cpp:723] ready reconnect server, server id: 0
I0111 01:05:14.316884 249644480 NetConnector.cpp:216] connect to: 127.0.0.1:6001 success! 
I0111 01:05:14.317121 159150080 CenterThread.cpp:87] connect to db server succ!
I0111 01:05:16.323879 249644480 NetServer.cpp:55] accept io...127.0.0.1:59126
I0111 01:05:16.352212 159150080 ServerMgr.cpp:54] register one proxy server: 127.0.0.1:59126
I0111 01:05:22.881822 249644480 NetServer.cpp:55] accept io...127.0.0.1:59129
I0111 01:05:22.910272 159150080 ServerMgr.cpp:478] register one login server: 127.0.0.1:59129
W0111 01:06:32.768970 159150080 CenterThread.cpp:5104] set pcu info fail.
W0111 01:06:42.779091 159150080 CenterThread.cpp:5104] set pcu info fail.
W0111 01:06:52.788225 159150080 CenterThread.cpp:5104] set pcu info fail.
W0111 01:07:02.859983 159150080 CenterThread.cpp:3970] OnSubLoadWealthGodHistoryData: 10
W0111 01:07:04.050317 159150080 CenterThread.cpp:3970] OnSubLoadWealthGodHistoryData: 10
W0111 01:07:05.269268 159150080 CenterThread.cpp:3970] OnSubLoadWealthGodHistoryData: 10
W0111 01:07:06.459102 159150080 CenterThread.cpp:3970] OnSubLoadWealthGodHistoryData: 10
W0111 01:07:07.645280 159150080 CenterThread.cpp:3970] OnSubLoadWealthGodHistoryData: 10
W0111 01:07:08.854252 159150080 CenterThread.cpp:3970] OnSubLoadWealthGodHistoryData: 10
W0111 01:07:10.046435 159150080 CenterThread.cpp:3970] OnSubLoadWealthGodHistoryData: 10
W0111 01:07:11.256309 159150080 CenterThread.cpp:3970] OnSubLoadWealthGodHistoryData: 10
W0111 01:07:12.436615 159150080 CenterThread.cpp:3970] OnSubLoadWealthGodHistoryData: 10
W0111 01:07:13.656478 159150080 CenterThread.cpp:3970] OnSubLoadWealthGodHistoryData: 10
W0111 01:07:14.871359 159150080 CenterThread.cpp:3970] OnSubLoadWealthGodHistoryData: 10
W0111 01:07:16.053504 159150080 CenterThread.cpp:3970] OnSubLoadWealthGodHistoryData: 10
W0111 01:07:17.279364 159150080 CenterThread.cpp:3970] OnSubLoadWealthGodHistoryData: 10
W0111 01:07:19.789723 159150080 DuoBaoMgr.cpp:94] has the same doing data? id: 1
W0111 01:07:19.789799 159150080 DuoBaoMgr.cpp:94] has the same doing data? id: 2
W0111 01:07:19.789824 159150080 DuoBaoMgr.cpp:94] has the same doing data? id: 2
W0111 01:07:19.789844 159150080 DuoBaoMgr.cpp:94] has the same doing data? id: 2
W0111 01:07:19.789863 159150080 DuoBaoMgr.cpp:94] has the same doing data? id: 3
W0111 01:07:19.789882 159150080 DuoBaoMgr.cpp:94] has the same doing data? id: 3
W0111 01:07:19.789901 159150080 DuoBaoMgr.cpp:94] has the same doing data? id: 3
W0111 01:07:19.789923 159150080 DuoBaoMgr.cpp:94] has the same doing data? id: 4
W0111 01:07:19.789942 159150080 DuoBaoMgr.cpp:94] has the same doing data? id: 30
W0111 01:07:19.789963 159150080 DuoBaoMgr.cpp:94] has the same doing data? id: 31
W0111 01:07:19.791448 159150080 DuoBaoMgr.cpp:175] load duo bao data finish.
I0111 02:10:16.843133 249644480 NetServer.cpp:88] delete io...127.0.0.1:59126
W0111 02:10:16.845247 159150080 ServerMgr.cpp:875] remove one proxy server, id:30
I0111 02:10:16.861199 249644480 NetServer.cpp:88] delete io...127.0.0.1:59129
W0111 02:10:16.861814 159150080 ServerMgr.cpp:852] remove one login server, id:10
W0111 02:10:16.864048 159150080 CenterThread.cpp:120] db server is disconnect, after 1s will be reconnect!
W0111 02:10:18.338028 249644480 NetModule.cpp:723] ready reconnect server, server id: 0
I0111 02:10:18.338131 249644480 NetConnector.cpp:216] connect to: 0.0.0.0:6001 success! 
I0111 02:10:18.340880 159150080 CenterThread.cpp:87] connect to db server succ!
I0111 02:10:20.349745 249644480 NetServer.cpp:55] accept io...127.0.0.1:59174
I0111 02:10:20.354679 159150080 ServerMgr.cpp:54] register one proxy server: 127.0.0.1:59174
I0111 02:10:27.380342 249644480 NetServer.cpp:55] accept io...127.0.0.1:59178
I0111 02:10:27.387945 159150080 ServerMgr.cpp:478] register one login server: 127.0.0.1:59178
W0111 02:11:32.076787 159150080 CenterThread.cpp:5104] set pcu info fail.
W0111 02:11:42.087637 159150080 CenterThread.cpp:5104] set pcu info fail.
