Log file created at: 2018/12/11 16:21:12
Running on machine: henisdeMacBook-Pro.local
Log line format: [IWEF]mmdd hh:mm:ss.uuuuuu threadid file:line] msg
I1211 16:21:12.542109 325195200 CenterServer.cpp:32] 正在启动中心服务器...
I1211 16:21:12.546432 325195200 NetModule.h:71] Init NetModule Finished.
I1211 16:21:12.547324 325195200 NetModule.h:77] start work thread 0...
I1211 16:21:12.547341 325195200 NetModule.cpp:64] Start Run NetModule...
I1211 16:21:12.547364 325195200 NetModule.cpp:76] NetModule Already Startover.
I1211 16:21:12.547377 325195200 NetModule.cpp:200] add one connector: 0.0.0.0:6001 succeed...
I1211 16:21:12.547384 325195200 NetModule.cpp:118] Create one server...
I1211 16:21:13.050681 325195200 NetConnector.cpp:216] connect to: 0.0.0.0:6001 success! 
I1211 16:21:13.051709 185397248 CenterThread.cpp:87] connect to db server succ!
W1211 16:21:15.464880 185397248 CenterThread.cpp:3921] OnSubLoadWealthGodHistoryData: 6
W1211 16:21:15.758348 185397248 CenterThread.cpp:3921] OnSubLoadWealthGodHistoryData: 10
W1211 16:21:16.201417 185397248 CenterThread.cpp:3921] OnSubLoadWealthGodHistoryData: 10
W1211 16:21:16.648973 185397248 CenterThread.cpp:3921] OnSubLoadWealthGodHistoryData: 10
W1211 16:21:17.114539 185397248 CenterThread.cpp:3921] OnSubLoadWealthGodHistoryData: 10
W1211 16:21:17.580211 185397248 CenterThread.cpp:3921] OnSubLoadWealthGodHistoryData: 10
W1211 16:21:18.014264 185397248 CenterThread.cpp:3921] OnSubLoadWealthGodHistoryData: 10
W1211 16:21:18.491005 185397248 CenterThread.cpp:3921] OnSubLoadWealthGodHistoryData: 10
W1211 16:21:18.971571 185397248 CenterThread.cpp:3921] OnSubLoadWealthGodHistoryData: 10
W1211 16:21:19.429204 185397248 CenterThread.cpp:3921] OnSubLoadWealthGodHistoryData: 10
W1211 16:21:19.917266 185397248 CenterThread.cpp:3921] OnSubLoadWealthGodHistoryData: 10
W1211 16:21:22.772291 185397248 DuoBaoMgr.cpp:94] has the same doing data? id: 2
W1211 16:21:22.772442 185397248 DuoBaoMgr.cpp:94] has the same doing data? id: 3
W1211 16:21:22.772503 185397248 DuoBaoMgr.cpp:94] has the same doing data? id: 26
W1211 16:21:22.772558 185397248 DuoBaoMgr.cpp:94] has the same doing data? id: 28
W1211 16:21:22.772613 185397248 DuoBaoMgr.cpp:94] has the same doing data? id: 29
W1211 16:21:22.772672 185397248 DuoBaoMgr.cpp:175] load duo bao data finish.
I1211 16:21:36.998392 325195200 NetServer.cpp:55] accept io...127.0.0.1:55545
I1211 16:21:37.021325 185397248 ServerMgr.cpp:54] register one proxy server: 127.0.0.1:55545
I1211 16:21:51.648932 325195200 NetServer.cpp:55] accept io...127.0.0.1:55547
I1211 16:21:51.792251 185397248 ServerMgr.cpp:469] register one login server: 127.0.0.1:55547
I1211 16:22:03.945158 325195200 NetServer.cpp:55] accept io...127.0.0.1:55557
I1211 16:22:06.579296 185397248 ServerMgr.cpp:187] register one game server: 127.0.0.1:55557
I1211 16:23:39.628190 325195200 NetServer.cpp:88] delete io...127.0.0.1:55557
W1211 16:23:39.631464 185397248 ServerMgr.cpp:827] remove one game server, id:1101
I1211 16:24:06.737993 325195200 NetServer.cpp:55] accept io...127.0.0.1:55569
I1211 16:24:08.188145 185397248 ServerMgr.cpp:187] register one game server: 127.0.0.1:55569
W1211 16:41:48.673357 185397248 CenterThread.cpp:5007] update online user fail
W1211 21:10:25.262109 185397248 CenterThread.cpp:5007] update online user fail
I1211 22:03:07.627689 325195200 NetServer.cpp:88] delete io...127.0.0.1:55547
I1211 22:03:07.628012 325195200 NetServer.cpp:88] delete io...127.0.0.1:55569
I1211 22:03:07.628284 325195200 NetServer.cpp:88] delete io...127.0.0.1:55545
W1211 22:03:07.629717 185397248 ServerMgr.cpp:843] remove one login server, id:10
W1211 22:03:07.629958 185397248 ServerMgr.cpp:827] remove one game server, id:1101
W1211 22:03:07.642644 185397248 ServerMgr.cpp:866] remove one proxy server, id:30
W1211 22:03:07.665845 185397248 CenterThread.cpp:120] db server is disconnect, after 1s will be reconnect!
W1211 22:03:09.109076 325195200 NetModule.cpp:703] ready reconnect server, server id: 0
I1211 22:03:09.109140 325195200 NetConnector.cpp:216] connect to: 0.0.0.0:6001 success! 
I1211 22:03:09.111165 185397248 CenterThread.cpp:87] connect to db server succ!
I1211 22:03:09.116456 325195200 NetServer.cpp:55] accept io...127.0.0.1:58470
I1211 22:03:09.140511 185397248 ServerMgr.cpp:187] register one game server: 127.0.0.1:58470
I1211 22:03:10.890908 325195200 NetServer.cpp:55] accept io...127.0.0.1:58473
I1211 22:03:10.908538 185397248 ServerMgr.cpp:54] register one proxy server: 127.0.0.1:58473
I1211 22:03:17.933570 325195200 NetServer.cpp:55] accept io...127.0.0.1:58478
I1211 22:03:17.948091 185397248 ServerMgr.cpp:469] register one login server: 127.0.0.1:58478
I1211 22:43:00.952376 325195200 NetServer.cpp:88] delete io...127.0.0.1:58478
I1211 22:43:00.952558 325195200 NetServer.cpp:88] delete io...127.0.0.1:58473
I1211 22:43:00.952600 325195200 NetServer.cpp:88] delete io...127.0.0.1:58470
W1211 22:43:00.953146 185397248 ServerMgr.cpp:843] remove one login server, id:10
W1211 22:43:00.953207 185397248 ServerMgr.cpp:866] remove one proxy server, id:30
W1211 22:43:00.953241 185397248 ServerMgr.cpp:827] remove one game server, id:1101
W1211 22:43:00.953274 185397248 CenterThread.cpp:120] db server is disconnect, after 1s will be reconnect!
W1211 22:43:02.433573 325195200 NetModule.cpp:703] ready reconnect server, server id: 0
I1211 22:43:02.433745 325195200 NetConnector.cpp:216] connect to: 0.0.0.0:6001 success! 
I1211 22:43:02.434068 325195200 NetServer.cpp:55] accept io...127.0.0.1:58488
I1211 22:43:02.436094 185397248 CenterThread.cpp:87] connect to db server succ!
I1211 22:43:02.457268 185397248 ServerMgr.cpp:187] register one game server: 127.0.0.1:58488
I1211 22:43:04.444121 325195200 NetServer.cpp:55] accept io...127.0.0.1:58491
I1211 22:43:04.467919 185397248 ServerMgr.cpp:54] register one proxy server: 127.0.0.1:58491
I1211 22:43:11.471395 325195200 NetServer.cpp:55] accept io...127.0.0.1:58496
I1211 22:43:11.485610 185397248 ServerMgr.cpp:469] register one login server: 127.0.0.1:58496
I1211 22:48:37.927750 325195200 NetServer.cpp:88] delete io...127.0.0.1:58488
W1211 22:48:37.927867 185397248 ServerMgr.cpp:827] remove one game server, id:1101
I1211 22:48:37.928027 325195200 NetServer.cpp:88] delete io...127.0.0.1:58496
W1211 22:48:37.928058 185397248 ServerMgr.cpp:843] remove one login server, id:10
I1211 22:48:37.928098 325195200 NetServer.cpp:88] delete io...127.0.0.1:58491
W1211 22:48:37.928483 185397248 ServerMgr.cpp:866] remove one proxy server, id:30
W1211 22:48:37.928776 185397248 CenterThread.cpp:120] db server is disconnect, after 1s will be reconnect!
W1211 22:48:39.416153 325195200 NetModule.cpp:703] ready reconnect server, server id: 0
I1211 22:48:39.416354 325195200 NetServer.cpp:55] accept io...127.0.0.1:58502
I1211 22:48:39.416426 325195200 NetConnector.cpp:216] connect to: 0.0.0.0:6001 success! 
I1211 22:48:39.418159 185397248 CenterThread.cpp:87] connect to db server succ!
I1211 22:48:39.430353 185397248 ServerMgr.cpp:187] register one game server: 127.0.0.1:58502
I1211 22:48:41.428623 325195200 NetServer.cpp:55] accept io...127.0.0.1:58504
I1211 22:48:41.455173 185397248 ServerMgr.cpp:54] register one proxy server: 127.0.0.1:58504
I1211 22:48:48.453253 325195200 NetServer.cpp:55] accept io...127.0.0.1:58508
I1211 22:48:48.467551 185397248 ServerMgr.cpp:469] register one login server: 127.0.0.1:58508
I1211 22:54:14.900954 325195200 NetServer.cpp:88] delete io...127.0.0.1:58508
I1211 22:54:14.901028 325195200 NetServer.cpp:88] delete io...127.0.0.1:58502
I1211 22:54:14.901057 325195200 NetServer.cpp:88] delete io...127.0.0.1:58504
W1211 22:54:14.903039 185397248 ServerMgr.cpp:843] remove one login server, id:10
W1211 22:54:14.903084 185397248 ServerMgr.cpp:827] remove one game server, id:1101
W1211 22:54:14.903108 185397248 ServerMgr.cpp:866] remove one proxy server, id:30
W1211 22:54:14.903216 185397248 CenterThread.cpp:120] db server is disconnect, after 1s will be reconnect!
W1211 22:54:16.379230 325195200 NetModule.cpp:703] ready reconnect server, server id: 0
I1211 22:54:16.379410 325195200 NetConnector.cpp:216] connect to: 0.0.0.0:6001 success! 
I1211 22:54:16.381201 185397248 CenterThread.cpp:87] connect to db server succ!
I1211 22:54:16.381947 325195200 NetServer.cpp:55] accept io...127.0.0.1:58517
I1211 22:54:16.410709 185397248 ServerMgr.cpp:187] register one game server: 127.0.0.1:58517
I1211 22:54:18.383265 325195200 NetServer.cpp:55] accept io...127.0.0.1:58518
I1211 22:54:18.414496 185397248 ServerMgr.cpp:54] register one proxy server: 127.0.0.1:58518
I1211 22:54:25.412385 325195200 NetServer.cpp:55] accept io...127.0.0.1:58523
I1211 22:54:25.433069 185397248 ServerMgr.cpp:469] register one login server: 127.0.0.1:58523
I1211 22:59:51.855732 325195200 NetServer.cpp:88] delete io...127.0.0.1:58523
I1211 22:59:51.855824 325195200 NetServer.cpp:88] delete io...127.0.0.1:58517
I1211 22:59:51.855856 325195200 NetServer.cpp:88] delete io...127.0.0.1:58518
W1211 22:59:51.856357 185397248 ServerMgr.cpp:843] remove one login server, id:10
W1211 22:59:51.856407 185397248 ServerMgr.cpp:827] remove one game server, id:1101
W1211 22:59:51.856432 185397248 ServerMgr.cpp:866] remove one proxy server, id:30
W1211 22:59:51.856452 185397248 CenterThread.cpp:120] db server is disconnect, after 1s will be reconnect!
W1211 22:59:53.340523 325195200 NetModule.cpp:703] ready reconnect server, server id: 0
I1211 22:59:53.340698 325195200 NetConnector.cpp:216] connect to: 0.0.0.0:6001 success! 
I1211 22:59:53.341014 325195200 NetServer.cpp:55] accept io...127.0.0.1:58532
I1211 22:59:53.343330 185397248 CenterThread.cpp:87] connect to db server succ!
I1211 22:59:53.355419 185397248 ServerMgr.cpp:187] register one game server: 127.0.0.1:58532
I1211 22:59:55.350327 325195200 NetServer.cpp:55] accept io...127.0.0.1:58533
I1211 22:59:55.364854 185397248 ServerMgr.cpp:54] register one proxy server: 127.0.0.1:58533
I1211 23:00:02.375778 325195200 NetServer.cpp:55] accept io...127.0.0.1:58539
I1211 23:00:02.392443 185397248 ServerMgr.cpp:469] register one login server: 127.0.0.1:58539
I1211 23:05:28.836778 325195200 NetServer.cpp:88] delete io...127.0.0.1:58532
I1211 23:05:28.836891 325195200 NetServer.cpp:88] delete io...127.0.0.1:58533
I1211 23:05:28.836935 325195200 NetServer.cpp:88] delete io...127.0.0.1:58539
W1211 23:05:28.837205 185397248 ServerMgr.cpp:827] remove one game server, id:1101
W1211 23:05:28.837275 185397248 ServerMgr.cpp:866] remove one proxy server, id:30
W1211 23:05:28.837297 185397248 ServerMgr.cpp:843] remove one login server, id:10
W1211 23:05:28.842134 185397248 CenterThread.cpp:120] db server is disconnect, after 1s will be reconnect!
W1211 23:05:30.326807 325195200 NetModule.cpp:703] ready reconnect server, server id: 0
I1211 23:05:30.327061 325195200 NetServer.cpp:55] accept io...127.0.0.1:58545
I1211 23:05:30.327103 325195200 NetConnector.cpp:216] connect to: 0.0.0.0:6001 success! 
I1211 23:05:30.329524 185397248 CenterThread.cpp:87] connect to db server succ!
I1211 23:05:30.358862 185397248 ServerMgr.cpp:187] register one game server: 127.0.0.1:58545
I1211 23:05:32.335893 325195200 NetServer.cpp:55] accept io...127.0.0.1:58547
I1211 23:05:32.347556 185397248 ServerMgr.cpp:54] register one proxy server: 127.0.0.1:58547
I1211 23:05:39.355878 325195200 NetServer.cpp:55] accept io...127.0.0.1:58551
I1211 23:05:39.367349 185397248 ServerMgr.cpp:469] register one login server: 127.0.0.1:58551
I1211 23:11:05.734017 325195200 NetServer.cpp:88] delete io...127.0.0.1:58545
I1211 23:11:05.734105 325195200 NetServer.cpp:88] delete io...127.0.0.1:58551
I1211 23:11:05.734128 325195200 NetServer.cpp:88] delete io...127.0.0.1:58547
W1211 23:11:05.734781 185397248 ServerMgr.cpp:827] remove one game server, id:1101
W1211 23:11:05.734832 185397248 ServerMgr.cpp:843] remove one login server, id:10
W1211 23:11:05.734859 185397248 ServerMgr.cpp:866] remove one proxy server, id:30
W1211 23:11:05.734889 185397248 CenterThread.cpp:120] db server is disconnect, after 1s will be reconnect!
W1211 23:11:07.219152 325195200 NetModule.cpp:703] ready reconnect server, server id: 0
I1211 23:11:07.219332 325195200 NetConnector.cpp:216] connect to: 0.0.0.0:6001 success! 
I1211 23:11:07.219653 325195200 NetServer.cpp:55] accept io...127.0.0.1:58560
I1211 23:11:07.221248 185397248 CenterThread.cpp:87] connect to db server succ!
I1211 23:11:07.245626 185397248 ServerMgr.cpp:187] register one game server: 127.0.0.1:58560
I1211 23:11:09.228240 325195200 NetServer.cpp:55] accept io...127.0.0.1:58561
I1211 23:11:09.232830 185397248 ServerMgr.cpp:54] register one proxy server: 127.0.0.1:58561
I1211 23:11:16.257800 325195200 NetServer.cpp:55] accept io...127.0.0.1:58565
I1211 23:11:16.281114 185397248 ServerMgr.cpp:469] register one login server: 127.0.0.1:58565
I1211 23:16:42.986928 325195200 NetServer.cpp:88] delete io...127.0.0.1:58560
I1211 23:16:42.987030 325195200 NetServer.cpp:88] delete io...127.0.0.1:58561
I1211 23:16:42.987056 325195200 NetServer.cpp:88] delete io...127.0.0.1:58565
W1211 23:16:42.987170 185397248 ServerMgr.cpp:827] remove one game server, id:1101
W1211 23:16:42.987223 185397248 ServerMgr.cpp:866] remove one proxy server, id:30
W1211 23:16:42.987257 185397248 ServerMgr.cpp:843] remove one login server, id:10
W1211 23:16:42.987287 185397248 CenterThread.cpp:120] db server is disconnect, after 1s will be reconnect!
I1211 23:16:44.472152 325195200 NetServer.cpp:55] accept io...127.0.0.1:58576
W1211 23:16:44.474699 325195200 NetModule.cpp:703] ready reconnect server, server id: 0
I1211 23:16:44.474908 325195200 NetConnector.cpp:216] connect to: 0.0.0.0:6001 success! 
I1211 23:16:44.477196 185397248 ServerMgr.cpp:187] register one game server: 127.0.0.1:58576
I1211 23:16:44.477249 185397248 CenterThread.cpp:87] connect to db server succ!
I1211 23:16:46.482725 325195200 NetServer.cpp:55] accept io...127.0.0.1:58578
I1211 23:16:46.511040 185397248 ServerMgr.cpp:54] register one proxy server: 127.0.0.1:58578
I1211 23:16:53.503863 325195200 NetServer.cpp:55] accept io...127.0.0.1:58585
I1211 23:16:53.527549 185397248 ServerMgr.cpp:469] register one login server: 127.0.0.1:58585
I1211 23:45:02.970960 325195200 NetServer.cpp:88] delete io...127.0.0.1:58576
I1211 23:45:02.971086 325195200 NetServer.cpp:88] delete io...127.0.0.1:58578
I1211 23:45:02.971117 325195200 NetServer.cpp:88] delete io...127.0.0.1:58585
W1211 23:45:02.971545 185397248 ServerMgr.cpp:827] remove one game server, id:1101
W1211 23:45:02.971609 185397248 ServerMgr.cpp:866] remove one proxy server, id:30
W1211 23:45:02.971645 185397248 ServerMgr.cpp:843] remove one login server, id:10
W1211 23:45:02.974056 185397248 CenterThread.cpp:120] db server is disconnect, after 1s will be reconnect!
I1211 23:45:04.457054 325195200 NetServer.cpp:55] accept io...127.0.0.1:58599
W1211 23:45:04.458333 325195200 NetModule.cpp:703] ready reconnect server, server id: 0
I1211 23:45:04.458472 325195200 NetConnector.cpp:216] connect to: 0.0.0.0:6001 success! 
I1211 23:45:04.460084 185397248 CenterThread.cpp:87] connect to db server succ!
I1211 23:45:04.472338 185397248 ServerMgr.cpp:187] register one game server: 127.0.0.1:58599
I1211 23:45:06.466053 325195200 NetServer.cpp:55] accept io...127.0.0.1:58604
I1211 23:45:06.491524 185397248 ServerMgr.cpp:54] register one proxy server: 127.0.0.1:58604
I1211 23:45:13.508253 325195200 NetServer.cpp:55] accept io...127.0.0.1:58611
I1211 23:45:13.519699 185397248 ServerMgr.cpp:469] register one login server: 127.0.0.1:58611
W1211 23:48:08.090343 185397248 ActivityMgr.cpp:37] insert wealth god coming cfg fail. repeated cfg! id: 2
W1211 23:48:08.090478 185397248 ActivityMgr.cpp:37] insert wealth god coming cfg fail. repeated cfg! id: 1
W1211 23:48:08.090517 185397248 ActivityMgr.cpp:37] insert wealth god coming cfg fail. repeated cfg! id: 7
W1211 23:48:08.090550 185397248 ActivityMgr.cpp:37] insert wealth god coming cfg fail. repeated cfg! id: 4
W1211 23:48:08.090584 185397248 ActivityMgr.cpp:37] insert wealth god coming cfg fail. repeated cfg! id: 5
W1211 23:48:08.090616 185397248 ActivityMgr.cpp:37] insert wealth god coming cfg fail. repeated cfg! id: 6
W1211 23:48:08.090648 185397248 ActivityMgr.cpp:37] insert wealth god coming cfg fail. repeated cfg! id: 3
W1211 23:48:08.090680 185397248 ActivityMgr.cpp:37] insert wealth god coming cfg fail. repeated cfg! id: 8
W1211 23:48:08.090713 185397248 ActivityMgr.cpp:37] insert wealth god coming cfg fail. repeated cfg! id: 9
W1211 23:48:08.090746 185397248 ActivityMgr.cpp:37] insert wealth god coming cfg fail. repeated cfg! id: 10
W1211 23:48:08.090778 185397248 ActivityMgr.cpp:37] insert wealth god coming cfg fail. repeated cfg! id: 12
W1211 23:48:08.090811 185397248 ActivityMgr.cpp:37] insert wealth god coming cfg fail. repeated cfg! id: 11
W1211 23:48:08.091003 185397248 ActivityMgr.cpp:37] insert wealth god coming cfg fail. repeated cfg! id: 13
W1211 23:48:08.091063 185397248 ActivityMgr.cpp:37] insert wealth god coming cfg fail. repeated cfg! id: 14
W1211 23:48:08.091102 185397248 ActivityMgr.cpp:37] insert wealth god coming cfg fail. repeated cfg! id: 15
W1211 23:48:08.091138 185397248 ActivityMgr.cpp:37] insert wealth god coming cfg fail. repeated cfg! id: 16
W1211 23:48:08.091172 185397248 ActivityMgr.cpp:37] insert wealth god coming cfg fail. repeated cfg! id: 17
W1211 23:48:08.091207 185397248 ActivityMgr.cpp:37] insert wealth god coming cfg fail. repeated cfg! id: 28
W1211 23:48:08.091264 185397248 ActivityMgr.cpp:37] insert wealth god coming cfg fail. repeated cfg! id: 18
W1211 23:48:08.091444 185397248 CenterThread.cpp:3921] OnSubLoadWealthGodHistoryData: 7
W1211 23:48:08.091521 185397248 CenterThread.cpp:3921] OnSubLoadWealthGodHistoryData: 10
W1211 23:48:08.091689 185397248 CenterThread.cpp:3921] OnSubLoadWealthGodHistoryData: 10
W1211 23:48:08.091753 185397248 CenterThread.cpp:3921] OnSubLoadWealthGodHistoryData: 10
W1211 23:48:08.091830 185397248 CenterThread.cpp:3921] OnSubLoadWealthGodHistoryData: 10
W1211 23:48:08.091869 185397248 CenterThread.cpp:3921] OnSubLoadWealthGodHistoryData: 10
W1211 23:48:08.091907 185397248 CenterThread.cpp:3921] OnSubLoadWealthGodHistoryData: 10
W1211 23:48:08.091940 185397248 CenterThread.cpp:3921] OnSubLoadWealthGodHistoryData: 10
W1211 23:48:08.091979 185397248 CenterThread.cpp:3921] OnSubLoadWealthGodHistoryData: 10
W1211 23:48:08.092013 185397248 CenterThread.cpp:3921] OnSubLoadWealthGodHistoryData: 10
W1211 23:48:08.092089 185397248 CenterThread.cpp:3921] OnSubLoadWealthGodHistoryData: 10
W1211 23:48:08.092195 185397248 DuoBaoMgr.cpp:34] insert duo bao cfg fail. repeated cfg! id: 1
W1211 23:48:08.092227 185397248 DuoBaoMgr.cpp:34] insert duo bao cfg fail. repeated cfg! id: 2
W1211 23:48:08.092255 185397248 DuoBaoMgr.cpp:34] insert duo bao cfg fail. repeated cfg! id: 3
W1211 23:48:08.092283 185397248 DuoBaoMgr.cpp:34] insert duo bao cfg fail. repeated cfg! id: 26
W1211 23:48:08.092310 185397248 DuoBaoMgr.cpp:34] insert duo bao cfg fail. repeated cfg! id: 28
W1211 23:48:08.092337 185397248 DuoBaoMgr.cpp:34] insert duo bao cfg fail. repeated cfg! id: 29
W1211 23:48:08.092365 185397248 DuoBaoMgr.cpp:34] insert duo bao cfg fail. repeated cfg! id: 30
W1211 23:48:08.092391 185397248 DuoBaoMgr.cpp:34] insert duo bao cfg fail. repeated cfg! id: 31
W1211 23:48:08.092418 185397248 DuoBaoMgr.cpp:34] insert duo bao cfg fail. repeated cfg! id: 32
W1211 23:48:08.092901 185397248 DuoBaoMgr.cpp:94] has the same doing data? id: 1
W1211 23:48:08.092953 185397248 DuoBaoMgr.cpp:94] has the same doing data? id: 2
W1211 23:48:08.092983 185397248 DuoBaoMgr.cpp:94] has the same doing data? id: 2
W1211 23:48:08.093013 185397248 DuoBaoMgr.cpp:94] has the same doing data? id: 3
W1211 23:48:08.093092 185397248 DuoBaoMgr.cpp:94] has the same doing data? id: 3
W1211 23:48:08.093122 185397248 DuoBaoMgr.cpp:94] has the same doing data? id: 26
W1211 23:48:08.093150 185397248 DuoBaoMgr.cpp:94] has the same doing data? id: 26
W1211 23:48:08.093178 185397248 DuoBaoMgr.cpp:94] has the same doing data? id: 28
W1211 23:48:08.093205 185397248 DuoBaoMgr.cpp:94] has the same doing data? id: 28
W1211 23:48:08.093232 185397248 DuoBaoMgr.cpp:94] has the same doing data? id: 29
W1211 23:48:08.093259 185397248 DuoBaoMgr.cpp:94] has the same doing data? id: 29
W1211 23:48:08.093294 185397248 DuoBaoMgr.cpp:175] load duo bao data finish.
W1212 00:00:03.713536 185397248 CenterThread.cpp:304] center server is across day.
I1212 00:49:53.722673 325195200 NetServer.cpp:88] delete io...127.0.0.1:58599
I1212 00:49:53.722754 325195200 NetServer.cpp:88] delete io...127.0.0.1:58604
I1212 00:49:53.722786 325195200 NetServer.cpp:88] delete io...127.0.0.1:58611
W1212 00:49:53.724778 185397248 ServerMgr.cpp:827] remove one game server, id:1101
W1212 00:49:53.724834 185397248 ServerMgr.cpp:866] remove one proxy server, id:30
W1212 00:49:53.724865 185397248 ServerMgr.cpp:843] remove one login server, id:10
W1212 00:49:53.724892 185397248 CenterThread.cpp:120] db server is disconnect, after 1s will be reconnect!
W1212 00:49:55.207356 325195200 NetModule.cpp:703] ready reconnect server, server id: 0
I1212 00:49:55.207559 325195200 NetConnector.cpp:216] connect to: 0.0.0.0:6001 success! 
I1212 00:49:55.207842 325195200 NetServer.cpp:55] accept io...127.0.0.1:58679
I1212 00:49:55.210120 185397248 CenterThread.cpp:87] connect to db server succ!
I1212 00:49:55.233701 185397248 ServerMgr.cpp:187] register one game server: 127.0.0.1:58679
I1212 00:49:57.220564 325195200 NetServer.cpp:55] accept io...127.0.0.1:58680
I1212 00:49:57.246558 185397248 ServerMgr.cpp:54] register one proxy server: 127.0.0.1:58680
I1212 00:50:03.754092 325195200 NetServer.cpp:55] accept io...127.0.0.1:58686
I1212 00:50:03.770395 185397248 ServerMgr.cpp:469] register one login server: 127.0.0.1:58686
I1212 00:55:30.974498 325195200 NetServer.cpp:88] delete io...127.0.0.1:58686
I1212 00:55:30.974679 325195200 NetServer.cpp:88] delete io...127.0.0.1:58679
I1212 00:55:30.974715 325195200 NetServer.cpp:88] delete io...127.0.0.1:58680
I1212 00:55:32.449084 325195200 NetServer.cpp:55] accept io...127.0.0.1:58694
W1212 00:55:33.005275 185397248 ServerMgr.cpp:843] remove one login server, id:10
W1212 00:55:33.005435 185397248 ServerMgr.cpp:827] remove one game server, id:1101
W1212 00:55:33.005503 185397248 ServerMgr.cpp:866] remove one proxy server, id:30
W1212 00:55:33.005559 185397248 CenterThread.cpp:120] db server is disconnect, after 1s will be reconnect!
I1212 00:55:33.005636 185397248 ServerMgr.cpp:187] register one game server: 127.0.0.1:58694
W1212 00:55:34.462604 325195200 NetModule.cpp:703] ready reconnect server, server id: 0
I1212 00:55:34.462793 325195200 NetConnector.cpp:216] connect to: 0.0.0.0:6001 success! 
I1212 00:55:34.464833 185397248 CenterThread.cpp:87] connect to db server succ!
I1212 00:55:34.464911 325195200 NetServer.cpp:55] accept io...127.0.0.1:58697
I1212 00:55:34.494874 185397248 ServerMgr.cpp:54] register one proxy server: 127.0.0.1:58697
I1212 00:55:41.487696 325195200 NetServer.cpp:55] accept io...127.0.0.1:58701
I1212 00:55:41.510648 185397248 ServerMgr.cpp:469] register one login server: 127.0.0.1:58701
I1212 01:01:07.959147 325195200 NetServer.cpp:88] delete io...127.0.0.1:58701
I1212 01:01:07.959223 325195200 NetServer.cpp:88] delete io...127.0.0.1:58697
I1212 01:01:07.959244 325195200 NetServer.cpp:88] delete io...127.0.0.1:58694
W1212 01:01:07.960192 185397248 ServerMgr.cpp:843] remove one login server, id:10
W1212 01:01:07.960242 185397248 ServerMgr.cpp:866] remove one proxy server, id:30
W1212 01:01:07.960269 185397248 ServerMgr.cpp:827] remove one game server, id:1101
W1212 01:01:07.960289 185397248 CenterThread.cpp:120] db server is disconnect, after 1s will be reconnect!
W1212 01:01:09.442780 325195200 NetModule.cpp:703] ready reconnect server, server id: 0
I1212 01:01:09.442965 325195200 NetConnector.cpp:216] connect to: 0.0.0.0:6001 success! 
I1212 01:01:09.443320 185397248 CenterThread.cpp:87] connect to db server succ!
I1212 01:01:09.452805 325195200 NetServer.cpp:55] accept io...127.0.0.1:58712
I1212 01:01:09.473384 185397248 ServerMgr.cpp:187] register one game server: 127.0.0.1:58712
I1212 01:01:11.467834 325195200 NetServer.cpp:55] accept io...127.0.0.1:58713
I1212 01:01:11.485374 185397248 ServerMgr.cpp:54] register one proxy server: 127.0.0.1:58713
I1212 01:01:18.489239 325195200 NetServer.cpp:55] accept io...127.0.0.1:58717
I1212 01:01:18.516383 185397248 ServerMgr.cpp:469] register one login server: 127.0.0.1:58717
I1212 01:06:44.942983 325195200 NetServer.cpp:88] delete io...127.0.0.1:58712
I1212 01:06:44.943063 325195200 NetServer.cpp:88] delete io...127.0.0.1:58713
I1212 01:06:44.943086 325195200 NetServer.cpp:88] delete io...127.0.0.1:58717
W1212 01:06:44.944748 185397248 ServerMgr.cpp:827] remove one game server, id:1101
W1212 01:06:44.944839 185397248 ServerMgr.cpp:866] remove one proxy server, id:30
W1212 01:06:44.944864 185397248 ServerMgr.cpp:843] remove one login server, id:10
W1212 01:06:44.947139 185397248 CenterThread.cpp:120] db server is disconnect, after 1s will be reconnect!
W1212 01:06:46.433001 325195200 NetModule.cpp:703] ready reconnect server, server id: 0
I1212 01:06:46.433182 325195200 NetConnector.cpp:216] connect to: 0.0.0.0:6001 success! 
I1212 01:06:46.433574 325195200 NetServer.cpp:55] accept io...127.0.0.1:58732
I1212 01:06:46.435807 185397248 CenterThread.cpp:87] connect to db server succ!
I1212 01:06:46.457252 185397248 ServerMgr.cpp:187] register one game server: 127.0.0.1:58732
I1212 01:06:48.432595 325195200 NetServer.cpp:55] accept io...127.0.0.1:58733
I1212 01:06:48.463383 185397248 ServerMgr.cpp:54] register one proxy server: 127.0.0.1:58733
I1212 01:06:55.456733 325195200 NetServer.cpp:55] accept io...127.0.0.1:58739
I1212 01:06:55.483361 185397248 ServerMgr.cpp:469] register one login server: 127.0.0.1:58739
I1212 01:12:21.802740 325195200 NetServer.cpp:88] delete io...127.0.0.1:58732
I1212 01:12:21.802826 325195200 NetServer.cpp:88] delete io...127.0.0.1:58739
I1212 01:12:21.802858 325195200 NetServer.cpp:88] delete io...127.0.0.1:58733
W1212 01:12:21.804885 185397248 ServerMgr.cpp:827] remove one game server, id:1101
W1212 01:12:21.804946 185397248 ServerMgr.cpp:843] remove one login server, id:10
W1212 01:12:21.804985 185397248 ServerMgr.cpp:866] remove one proxy server, id:30
W1212 01:12:21.805021 185397248 CenterThread.cpp:120] db server is disconnect, after 1s will be reconnect!
I1212 01:12:23.278161 325195200 NetServer.cpp:55] accept io...127.0.0.1:58746
W1212 01:12:23.282083 325195200 NetModule.cpp:703] ready reconnect server, server id: 0
I1212 01:12:23.282269 325195200 NetConnector.cpp:216] connect to: 0.0.0.0:6001 success! 
I1212 01:12:23.282641 185397248 CenterThread.cpp:87] connect to db server succ!
I1212 01:12:23.297921 185397248 ServerMgr.cpp:187] register one game server: 127.0.0.1:58746
I1212 01:12:25.298848 325195200 NetServer.cpp:55] accept io...127.0.0.1:58748
I1212 01:12:25.311384 185397248 ServerMgr.cpp:54] register one proxy server: 127.0.0.1:58748
I1212 01:12:31.830663 325195200 NetServer.cpp:55] accept io...127.0.0.1:58755
I1212 01:12:31.845175 185397248 ServerMgr.cpp:469] register one login server: 127.0.0.1:58755
I1212 01:17:59.039947 325195200 NetServer.cpp:88] delete io...127.0.0.1:58746
I1212 01:17:59.040043 325195200 NetServer.cpp:88] delete io...127.0.0.1:58755
I1212 01:17:59.040074 325195200 NetServer.cpp:88] delete io...127.0.0.1:58748
W1212 01:17:59.041191 185397248 ServerMgr.cpp:827] remove one game server, id:1101
W1212 01:17:59.041239 185397248 ServerMgr.cpp:843] remove one login server, id:10
W1212 01:17:59.041266 185397248 ServerMgr.cpp:866] remove one proxy server, id:30
W1212 01:17:59.041288 185397248 CenterThread.cpp:120] db server is disconnect, after 1s will be reconnect!
W1212 01:18:00.528098 325195200 NetModule.cpp:703] ready reconnect server, server id: 0
I1212 01:18:00.528302 325195200 NetConnector.cpp:216] connect to: 0.0.0.0:6001 success! 
I1212 01:18:00.528414 185397248 CenterThread.cpp:87] connect to db server succ!
I1212 01:18:00.529523 325195200 NetServer.cpp:55] accept io...127.0.0.1:58765
I1212 01:18:00.533515 185397248 ServerMgr.cpp:187] register one game server: 127.0.0.1:58765
I1212 01:18:02.529729 325195200 NetServer.cpp:55] accept io...127.0.0.1:58766
I1212 01:18:02.556679 185397248 ServerMgr.cpp:54] register one proxy server: 127.0.0.1:58766
I1212 01:18:09.572814 325195200 NetServer.cpp:55] accept io...127.0.0.1:58772
I1212 01:18:09.579357 185397248 ServerMgr.cpp:469] register one login server: 127.0.0.1:58772
I1212 01:50:13.047500 325195200 NetServer.cpp:88] delete io...127.0.0.1:58772
I1212 01:50:13.047825 325195200 NetServer.cpp:88] delete io...127.0.0.1:58766
I1212 01:50:13.047858 325195200 NetServer.cpp:88] delete io...127.0.0.1:58765
W1212 01:50:13.049485 185397248 ServerMgr.cpp:843] remove one login server, id:10
W1212 01:50:13.049530 185397248 ServerMgr.cpp:866] remove one proxy server, id:30
W1212 01:50:13.049552 185397248 ServerMgr.cpp:827] remove one game server, id:1101
W1212 01:50:13.049572 185397248 CenterThread.cpp:120] db server is disconnect, after 1s will be reconnect!
I1212 01:50:14.531131 325195200 NetServer.cpp:55] accept io...127.0.0.1:58778
W1212 01:50:14.534070 325195200 NetModule.cpp:703] ready reconnect server, server id: 0
I1212 01:50:14.534231 325195200 NetConnector.cpp:216] connect to: 0.0.0.0:6001 success! 
I1212 01:50:14.535686 185397248 CenterThread.cpp:87] connect to db server succ!
I1212 01:50:14.565134 185397248 ServerMgr.cpp:187] register one game server: 127.0.0.1:58778
I1212 01:50:16.536314 325195200 NetServer.cpp:55] accept io...127.0.0.1:58780
I1212 01:50:16.541947 185397248 ServerMgr.cpp:54] register one proxy server: 127.0.0.1:58780
I1212 01:50:23.055274 325195200 NetServer.cpp:55] accept io...127.0.0.1:58787
I1212 01:50:23.069674 185397248 ServerMgr.cpp:469] register one login server: 127.0.0.1:58787
I1212 01:55:50.012621 325195200 NetServer.cpp:88] delete io...127.0.0.1:58787
I1212 01:55:50.012754 325195200 NetServer.cpp:88] delete io...127.0.0.1:58780
I1212 01:55:50.012836 325195200 NetServer.cpp:88] delete io...127.0.0.1:58778
W1212 01:55:50.013372 185397248 ServerMgr.cpp:843] remove one login server, id:10
W1212 01:55:50.013417 185397248 ServerMgr.cpp:866] remove one proxy server, id:30
W1212 01:55:50.013444 185397248 ServerMgr.cpp:827] remove one game server, id:1101
W1212 01:55:50.013470 185397248 CenterThread.cpp:120] db server is disconnect, after 1s will be reconnect!
I1212 01:55:51.490561 325195200 NetServer.cpp:55] accept io...127.0.0.1:58793
W1212 01:55:51.501443 325195200 NetModule.cpp:703] ready reconnect server, server id: 0
I1212 01:55:51.501633 325195200 NetConnector.cpp:216] connect to: 0.0.0.0:6001 success! 
I1212 01:55:51.504241 185397248 CenterThread.cpp:87] connect to db server succ!
I1212 01:55:51.513464 185397248 ServerMgr.cpp:187] register one game server: 127.0.0.1:58793
I1212 01:55:53.502539 325195200 NetServer.cpp:55] accept io...127.0.0.1:58796
I1212 01:55:53.516584 185397248 ServerMgr.cpp:54] register one proxy server: 127.0.0.1:58796
I1212 01:56:00.528156 325195200 NetServer.cpp:55] accept io...127.0.0.1:58800
I1212 01:56:00.542683 185397248 ServerMgr.cpp:469] register one login server: 127.0.0.1:58800
I1212 02:01:26.948308 325195200 NetServer.cpp:88] delete io...127.0.0.1:58793
I1212 02:01:26.948396 325195200 NetServer.cpp:88] delete io...127.0.0.1:58796
I1212 02:01:26.948436 325195200 NetServer.cpp:88] delete io...127.0.0.1:58800
W1212 02:01:26.948824 185397248 ServerMgr.cpp:827] remove one game server, id:1101
W1212 02:01:26.948884 185397248 ServerMgr.cpp:866] remove one proxy server, id:30
W1212 02:01:26.948920 185397248 ServerMgr.cpp:843] remove one login server, id:10
W1212 02:01:26.948941 185397248 CenterThread.cpp:120] db server is disconnect, after 1s will be reconnect!
W1212 02:01:28.439723 325195200 NetModule.cpp:703] ready reconnect server, server id: 0
I1212 02:01:28.439905 325195200 NetConnector.cpp:216] connect to: 0.0.0.0:6001 success! 
I1212 02:01:28.440330 325195200 NetServer.cpp:55] accept io...127.0.0.1:58813
I1212 02:01:28.442497 185397248 CenterThread.cpp:87] connect to db server succ!
I1212 02:01:28.448595 185397248 ServerMgr.cpp:187] register one game server: 127.0.0.1:58813
I1212 02:01:30.443642 325195200 NetServer.cpp:55] accept io...127.0.0.1:58814
I1212 02:01:30.452273 185397248 ServerMgr.cpp:54] register one proxy server: 127.0.0.1:58814
I1212 02:01:37.474815 325195200 NetServer.cpp:55] accept io...127.0.0.1:58819
I1212 02:01:37.506772 185397248 ServerMgr.cpp:469] register one login server: 127.0.0.1:58819
I1212 02:07:03.832759 325195200 NetServer.cpp:88] delete io...127.0.0.1:58813
I1212 02:07:03.832921 325195200 NetServer.cpp:88] delete io...127.0.0.1:58819
I1212 02:07:03.832955 325195200 NetServer.cpp:88] delete io...127.0.0.1:58814
W1212 02:07:03.834460 185397248 ServerMgr.cpp:827] remove one game server, id:1101
W1212 02:07:03.834527 185397248 ServerMgr.cpp:843] remove one login server, id:10
W1212 02:07:03.834563 185397248 ServerMgr.cpp:866] remove one proxy server, id:30
W1212 02:07:03.834594 185397248 CenterThread.cpp:120] db server is disconnect, after 1s will be reconnect!
I1212 02:07:05.310138 325195200 NetServer.cpp:55] accept io...127.0.0.1:58830
W1212 02:07:05.312054 325195200 NetModule.cpp:703] ready reconnect server, server id: 0
I1212 02:07:05.312211 325195200 NetConnector.cpp:216] connect to: 0.0.0.0:6001 success! 
I1212 02:07:05.312484 185397248 CenterThread.cpp:87] connect to db server succ!
I1212 02:07:05.334980 185397248 ServerMgr.cpp:187] register one game server: 127.0.0.1:58830
I1212 02:07:07.321252 325195200 NetServer.cpp:55] accept io...127.0.0.1:58832
I1212 02:07:07.344583 185397248 ServerMgr.cpp:54] register one proxy server: 127.0.0.1:58832
I1212 02:07:14.337000 325195200 NetServer.cpp:55] accept io...127.0.0.1:58838
I1212 02:07:14.352607 185397248 ServerMgr.cpp:469] register one login server: 127.0.0.1:58838
I1212 02:12:41.053800 325195200 NetServer.cpp:88] delete io...127.0.0.1:58838
I1212 02:12:41.054057 325195200 NetServer.cpp:88] delete io...127.0.0.1:58830
I1212 02:12:41.054093 325195200 NetServer.cpp:88] delete io...127.0.0.1:58832
W1212 02:12:41.055763 185397248 ServerMgr.cpp:843] remove one login server, id:10
W1212 02:12:41.055855 185397248 ServerMgr.cpp:827] remove one game server, id:1101
W1212 02:12:41.055891 185397248 ServerMgr.cpp:866] remove one proxy server, id:30
W1212 02:12:41.055923 185397248 CenterThread.cpp:120] db server is disconnect, after 1s will be reconnect!
W1212 02:12:42.540192 325195200 NetModule.cpp:703] ready reconnect server, server id: 0
I1212 02:12:42.540377 325195200 NetConnector.cpp:216] connect to: 0.0.0.0:6001 success! 
I1212 02:12:42.542925 185397248 CenterThread.cpp:87] connect to db server succ!
I1212 02:12:42.546663 325195200 NetServer.cpp:55] accept io...127.0.0.1:58848
I1212 02:12:42.566841 185397248 ServerMgr.cpp:187] register one game server: 127.0.0.1:58848
I1212 02:12:44.565073 325195200 NetServer.cpp:55] accept io...127.0.0.1:58849
I1212 02:12:44.593935 185397248 ServerMgr.cpp:54] register one proxy server: 127.0.0.1:58849
I1212 02:12:51.582113 325195200 NetServer.cpp:55] accept io...127.0.0.1:58855
I1212 02:12:51.589891 185397248 ServerMgr.cpp:469] register one login server: 127.0.0.1:58855
I1212 02:18:18.004608 325195200 NetServer.cpp:88] delete io...127.0.0.1:58855
I1212 02:18:18.004710 325195200 NetServer.cpp:88] delete io...127.0.0.1:58849
I1212 02:18:18.004752 325195200 NetServer.cpp:88] delete io...127.0.0.1:58848
W1212 02:18:18.006709 185397248 ServerMgr.cpp:843] remove one login server, id:10
W1212 02:18:18.006765 185397248 ServerMgr.cpp:866] remove one proxy server, id:30
W1212 02:18:18.006794 185397248 ServerMgr.cpp:827] remove one game server, id:1101
W1212 02:18:18.006820 185397248 CenterThread.cpp:120] db server is disconnect, after 1s will be reconnect!
W1212 02:18:19.490710 325195200 NetModule.cpp:703] ready reconnect server, server id: 0
I1212 02:18:19.490875 325195200 NetConnector.cpp:216] connect to: 0.0.0.0:6001 success! 
I1212 02:18:19.491200 325195200 NetServer.cpp:55] accept io...127.0.0.1:58863
I1212 02:18:19.493448 185397248 CenterThread.cpp:87] connect to db server succ!
I1212 02:18:19.519410 185397248 ServerMgr.cpp:187] register one game server: 127.0.0.1:58863
I1212 02:18:21.500337 325195200 NetServer.cpp:55] accept io...127.0.0.1:58864
I1212 02:18:21.527022 185397248 ServerMgr.cpp:54] register one proxy server: 127.0.0.1:58864
I1212 02:18:28.528632 325195200 NetServer.cpp:55] accept io...127.0.0.1:58871
I1212 02:18:28.552630 185397248 ServerMgr.cpp:469] register one login server: 127.0.0.1:58871
I1212 02:23:54.982044 325195200 NetServer.cpp:88] delete io...127.0.0.1:58871
I1212 02:23:54.982178 325195200 NetServer.cpp:88] delete io...127.0.0.1:58863
I1212 02:23:54.982209 325195200 NetServer.cpp:88] delete io...127.0.0.1:58864
W1212 02:23:54.982324 185397248 ServerMgr.cpp:843] remove one login server, id:10
W1212 02:23:54.982383 185397248 ServerMgr.cpp:827] remove one game server, id:1101
W1212 02:23:54.982528 185397248 ServerMgr.cpp:866] remove one proxy server, id:30
W1212 02:23:54.982712 185397248 CenterThread.cpp:120] db server is disconnect, after 1s will be reconnect!
I1212 02:23:56.467420 325195200 NetServer.cpp:55] accept io...127.0.0.1:58878
W1212 02:23:56.471585 325195200 NetModule.cpp:703] ready reconnect server, server id: 0
I1212 02:23:56.471804 325195200 NetConnector.cpp:216] connect to: 0.0.0.0:6001 success! 
I1212 02:23:56.472183 185397248 CenterThread.cpp:87] connect to db server succ!
I1212 02:23:56.490499 185397248 ServerMgr.cpp:187] register one game server: 127.0.0.1:58878
I1212 02:23:58.468120 325195200 NetServer.cpp:55] accept io...127.0.0.1:58880
I1212 02:23:58.491060 185397248 ServerMgr.cpp:54] register one proxy server: 127.0.0.1:58880
I1212 02:24:05.499161 325195200 NetServer.cpp:55] accept io...127.0.0.1:58885
I1212 02:24:05.513797 185397248 ServerMgr.cpp:469] register one login server: 127.0.0.1:58885
I1212 02:58:59.075832 325195200 NetServer.cpp:88] delete io...127.0.0.1:58878
I1212 02:58:59.075947 325195200 NetServer.cpp:88] delete io...127.0.0.1:58880
I1212 02:58:59.076005 325195200 NetServer.cpp:88] delete io...127.0.0.1:58885
W1212 02:58:59.076480 185397248 ServerMgr.cpp:827] remove one game server, id:1101
W1212 02:58:59.076529 185397248 ServerMgr.cpp:866] remove one proxy server, id:30
W1212 02:58:59.076550 185397248 ServerMgr.cpp:843] remove one login server, id:10
W1212 02:58:59.076570 185397248 CenterThread.cpp:120] db server is disconnect, after 1s will be reconnect!
W1212 02:59:00.550138 325195200 NetModule.cpp:703] ready reconnect server, server id: 0
I1212 02:59:00.550321 325195200 NetConnector.cpp:216] connect to: 0.0.0.0:6001 success! 
I1212 02:59:00.551173 185397248 CenterThread.cpp:87] connect to db server succ!
I1212 02:59:00.553704 325195200 NetServer.cpp:55] accept io...127.0.0.1:58894
I1212 02:59:00.568199 185397248 ServerMgr.cpp:187] register one game server: 127.0.0.1:58894
I1212 02:59:02.557152 325195200 NetServer.cpp:55] accept io...127.0.0.1:58896
I1212 02:59:02.567932 185397248 ServerMgr.cpp:54] register one proxy server: 127.0.0.1:58896
I1212 02:59:09.585849 325195200 NetServer.cpp:55] accept io...127.0.0.1:58900
I1212 02:59:09.607669 185397248 ServerMgr.cpp:469] register one login server: 127.0.0.1:58900
I1212 03:04:36.045446 325195200 NetServer.cpp:88] delete io...127.0.0.1:58894
I1212 03:04:36.045604 325195200 NetServer.cpp:88] delete io...127.0.0.1:58896
I1212 03:04:36.045635 325195200 NetServer.cpp:88] delete io...127.0.0.1:58900
W1212 03:04:36.048851 185397248 ServerMgr.cpp:827] remove one game server, id:1101
W1212 03:04:36.049093 185397248 ServerMgr.cpp:866] remove one proxy server, id:30
W1212 03:04:36.049228 185397248 ServerMgr.cpp:843] remove one login server, id:10
W1212 03:04:36.049284 185397248 CenterThread.cpp:120] db server is disconnect, after 1s will be reconnect!
W1212 03:04:37.529887 325195200 NetModule.cpp:703] ready reconnect server, server id: 0
I1212 03:04:37.530064 325195200 NetConnector.cpp:216] connect to: 0.0.0.0:6001 success! 
I1212 03:04:37.532678 185397248 CenterThread.cpp:87] connect to db server succ!
I1212 03:04:37.535130 325195200 NetServer.cpp:55] accept io...127.0.0.1:58911
I1212 03:04:37.550201 185397248 ServerMgr.cpp:187] register one game server: 127.0.0.1:58911
I1212 03:04:39.538508 325195200 NetServer.cpp:55] accept io...127.0.0.1:58912
I1212 03:04:39.556166 185397248 ServerMgr.cpp:54] register one proxy server: 127.0.0.1:58912
I1212 03:04:46.574625 325195200 NetServer.cpp:55] accept io...127.0.0.1:58918
I1212 03:04:46.598021 185397248 ServerMgr.cpp:469] register one login server: 127.0.0.1:58918
I1212 03:10:12.991159 325195200 NetServer.cpp:88] delete io...127.0.0.1:58911
I1212 03:10:12.991252 325195200 NetServer.cpp:88] delete io...127.0.0.1:58918
I1212 03:10:12.991312 325195200 NetServer.cpp:88] delete io...127.0.0.1:58912
W1212 03:10:12.992549 185397248 ServerMgr.cpp:827] remove one game server, id:1101
W1212 03:10:12.992614 185397248 ServerMgr.cpp:843] remove one login server, id:10
W1212 03:10:12.992645 185397248 ServerMgr.cpp:866] remove one proxy server, id:30
W1212 03:10:12.992676 185397248 CenterThread.cpp:120] db server is disconnect, after 1s will be reconnect!
W1212 03:10:14.467458 325195200 NetModule.cpp:703] ready reconnect server, server id: 0
I1212 03:10:14.467679 325195200 NetConnector.cpp:216] connect to: 0.0.0.0:6001 success! 
I1212 03:10:14.468016 325195200 NetServer.cpp:55] accept io...127.0.0.1:58925
I1212 03:10:14.469269 185397248 CenterThread.cpp:87] connect to db server succ!
I1212 03:10:14.481467 185397248 ServerMgr.cpp:187] register one game server: 127.0.0.1:58925
I1212 03:10:16.482828 325195200 NetServer.cpp:55] accept io...127.0.0.1:58926
I1212 03:10:16.494951 185397248 ServerMgr.cpp:54] register one proxy server: 127.0.0.1:58926
I1212 03:10:23.520004 325195200 NetServer.cpp:55] accept io...127.0.0.1:58932
I1212 03:10:23.533816 185397248 ServerMgr.cpp:469] register one login server: 127.0.0.1:58932
I1212 03:15:49.972965 325195200 NetServer.cpp:88] delete io...127.0.0.1:58925
I1212 03:15:49.973114 325195200 NetServer.cpp:88] delete io...127.0.0.1:58932
I1212 03:15:49.973137 325195200 NetServer.cpp:88] delete io...127.0.0.1:58926
W1212 03:15:49.973170 185397248 ServerMgr.cpp:827] remove one game server, id:1101
W1212 03:15:49.973227 185397248 ServerMgr.cpp:843] remove one login server, id:10
W1212 03:15:49.973284 185397248 ServerMgr.cpp:866] remove one proxy server, id:30
W1212 03:15:49.973359 185397248 CenterThread.cpp:120] db server is disconnect, after 1s will be reconnect!
W1212 03:15:51.456832 325195200 NetModule.cpp:703] ready reconnect server, server id: 0
I1212 03:15:51.457082 325195200 NetServer.cpp:55] accept io...127.0.0.1:58940
I1212 03:15:51.457119 325195200 NetConnector.cpp:216] connect to: 0.0.0.0:6001 success! 
I1212 03:15:51.459005 185397248 CenterThread.cpp:87] connect to db server succ!
I1212 03:15:51.466933 185397248 ServerMgr.cpp:187] register one game server: 127.0.0.1:58940
I1212 03:15:53.472627 325195200 NetServer.cpp:55] accept io...127.0.0.1:58942
I1212 03:15:53.496477 185397248 ServerMgr.cpp:54] register one proxy server: 127.0.0.1:58942
I1212 03:16:00.515977 325195200 NetServer.cpp:55] accept io...127.0.0.1:58949
I1212 03:16:00.539299 185397248 ServerMgr.cpp:469] register one login server: 127.0.0.1:58949
I1212 03:21:26.963817 325195200 NetServer.cpp:88] delete io...127.0.0.1:58940
I1212 03:21:26.963901 325195200 NetServer.cpp:88] delete io...127.0.0.1:58949
I1212 03:21:26.963927 325195200 NetServer.cpp:88] delete io...127.0.0.1:58942
W1212 03:21:26.964810 185397248 ServerMgr.cpp:827] remove one game server, id:1101
W1212 03:21:26.964865 185397248 ServerMgr.cpp:843] remove one login server, id:10
W1212 03:21:26.964891 185397248 ServerMgr.cpp:866] remove one proxy server, id:30
W1212 03:21:26.964910 185397248 CenterThread.cpp:120] db server is disconnect, after 1s will be reconnect!
I1212 03:21:28.447798 325195200 NetServer.cpp:55] accept io...127.0.0.1:58957
W1212 03:21:28.450425 325195200 NetModule.cpp:703] ready reconnect server, server id: 0
I1212 03:21:28.450611 325195200 NetConnector.cpp:216] connect to: 0.0.0.0:6001 success! 
I1212 03:21:28.453160 185397248 CenterThread.cpp:87] connect to db server succ!
I1212 03:21:28.473950 185397248 ServerMgr.cpp:187] register one game server: 127.0.0.1:58957
I1212 03:21:30.455875 325195200 NetServer.cpp:55] accept io...127.0.0.1:58959
I1212 03:21:30.475793 185397248 ServerMgr.cpp:54] register one proxy server: 127.0.0.1:58959
I1212 03:21:37.486136 325195200 NetServer.cpp:55] accept io...127.0.0.1:58965
I1212 03:21:37.497608 185397248 ServerMgr.cpp:469] register one login server: 127.0.0.1:58965
I1212 03:27:03.853706 325195200 NetServer.cpp:88] delete io...127.0.0.1:58957
I1212 03:27:03.853821 325195200 NetServer.cpp:88] delete io...127.0.0.1:58959
I1212 03:27:03.853857 325195200 NetServer.cpp:88] delete io...127.0.0.1:58965
W1212 03:27:03.855599 185397248 ServerMgr.cpp:827] remove one game server, id:1101
W1212 03:27:03.855738 185397248 ServerMgr.cpp:866] remove one proxy server, id:30
W1212 03:27:03.855772 185397248 ServerMgr.cpp:843] remove one login server, id:10
W1212 03:27:03.855798 185397248 CenterThread.cpp:120] db server is disconnect, after 1s will be reconnect!
W1212 03:27:05.331722 325195200 NetModule.cpp:703] ready reconnect server, server id: 0
I1212 03:27:05.331902 325195200 NetConnector.cpp:216] connect to: 0.0.0.0:6001 success! 
I1212 03:27:05.332207 325195200 NetServer.cpp:55] accept io...127.0.0.1:58971
I1212 03:27:05.334518 185397248 CenterThread.cpp:87] connect to db server succ!
I1212 03:27:05.358897 185397248 ServerMgr.cpp:187] register one game server: 127.0.0.1:58971
I1212 03:27:07.345708 325195200 NetServer.cpp:55] accept io...127.0.0.1:58972
I1212 03:27:07.363662 185397248 ServerMgr.cpp:54] register one proxy server: 127.0.0.1:58972
I1212 03:27:13.883231 325195200 NetServer.cpp:55] accept io...127.0.0.1:58977
I1212 03:27:13.903185 185397248 ServerMgr.cpp:469] register one login server: 127.0.0.1:58977
I1212 03:32:41.090112 325195200 NetServer.cpp:88] delete io...127.0.0.1:58971
I1212 03:32:41.090252 325195200 NetServer.cpp:88] delete io...127.0.0.1:58977
I1212 03:32:41.090288 325195200 NetServer.cpp:88] delete io...127.0.0.1:58972
W1212 03:32:41.090492 185397248 ServerMgr.cpp:827] remove one game server, id:1101
W1212 03:32:41.090550 185397248 ServerMgr.cpp:843] remove one login server, id:10
W1212 03:32:41.090574 185397248 ServerMgr.cpp:866] remove one proxy server, id:30
W1212 03:32:41.090593 185397248 CenterThread.cpp:120] db server is disconnect, after 1s will be reconnect!
W1212 03:32:42.575551 325195200 NetModule.cpp:703] ready reconnect server, server id: 0
I1212 03:32:42.575732 325195200 NetConnector.cpp:216] connect to: 0.0.0.0:6001 success! 
I1212 03:32:42.576448 325195200 NetServer.cpp:55] accept io...127.0.0.1:58985
I1212 03:32:42.578275 185397248 CenterThread.cpp:87] connect to db server succ!
I1212 03:32:42.607867 185397248 ServerMgr.cpp:187] register one game server: 127.0.0.1:58985
I1212 03:32:44.583119 325195200 NetServer.cpp:55] accept io...127.0.0.1:58986
I1212 03:32:44.596261 185397248 ServerMgr.cpp:54] register one proxy server: 127.0.0.1:58986
I1212 03:32:51.611369 325195200 NetServer.cpp:55] accept io...127.0.0.1:58990
I1212 03:32:51.628505 185397248 ServerMgr.cpp:469] register one login server: 127.0.0.1:58990
I1212 04:07:01.097457 325195200 NetServer.cpp:88] delete io...127.0.0.1:58986
I1212 04:07:01.097537 325195200 NetServer.cpp:88] delete io...127.0.0.1:58985
I1212 04:07:01.097563 325195200 NetServer.cpp:88] delete io...127.0.0.1:58990
W1212 04:07:01.097633 185397248 ServerMgr.cpp:866] remove one proxy server, id:30
W1212 04:07:01.097695 185397248 ServerMgr.cpp:827] remove one game server, id:1101
W1212 04:07:01.097721 185397248 ServerMgr.cpp:843] remove one login server, id:10
W1212 04:07:01.097743 185397248 CenterThread.cpp:120] db server is disconnect, after 1s will be reconnect!
I1212 04:07:02.580574 325195200 NetServer.cpp:55] accept io...127.0.0.1:58998
W1212 04:07:02.588178 325195200 NetModule.cpp:703] ready reconnect server, server id: 0
I1212 04:07:02.588338 325195200 NetConnector.cpp:216] connect to: 0.0.0.0:6001 success! 
I1212 04:07:02.588732 185397248 CenterThread.cpp:87] connect to db server succ!
I1212 04:07:02.590895 185397248 ServerMgr.cpp:187] register one game server: 127.0.0.1:58998
I1212 04:07:04.597010 325195200 NetServer.cpp:55] accept io...127.0.0.1:59001
I1212 04:07:04.620865 185397248 ServerMgr.cpp:54] register one proxy server: 127.0.0.1:59001
I1212 04:07:11.641167 325195200 NetServer.cpp:55] accept io...127.0.0.1:59006
I1212 04:07:11.667014 185397248 ServerMgr.cpp:469] register one login server: 127.0.0.1:59006
I1212 04:12:38.077967 325195200 NetServer.cpp:88] delete io...127.0.0.1:58998
I1212 04:12:38.078043 325195200 NetServer.cpp:88] delete io...127.0.0.1:59006
I1212 04:12:38.078084 325195200 NetServer.cpp:88] delete io...127.0.0.1:59001
W1212 04:12:38.079152 185397248 ServerMgr.cpp:827] remove one game server, id:1101
W1212 04:12:38.079210 185397248 ServerMgr.cpp:843] remove one login server, id:10
W1212 04:12:38.079244 185397248 ServerMgr.cpp:866] remove one proxy server, id:30
W1212 04:12:38.079267 185397248 CenterThread.cpp:120] db server is disconnect, after 1s will be reconnect!
W1212 04:12:39.565104 325195200 NetModule.cpp:703] ready reconnect server, server id: 0
I1212 04:12:39.565369 325195200 NetConnector.cpp:216] connect to: 0.0.0.0:6001 success! 
I1212 04:12:39.567924 185397248 CenterThread.cpp:87] connect to db server succ!
I1212 04:12:39.568610 325195200 NetServer.cpp:55] accept io...127.0.0.1:59015
