I1213 03:32:46.308727 185397248 CenterThread.cpp:87] connect to db server succ!
I1213 03:32:46.314855 185397248 ServerMgr.cpp:187] register one game server: 127.0.0.1:61805
I1213 03:32:48.311794 325195200 NetServer.cpp:55] accept io...127.0.0.1:61807
I1213 03:32:48.336055 185397248 ServerMgr.cpp:54] register one proxy server: 127.0.0.1:61807
I1213 03:32:54.842761 325195200 NetServer.cpp:55] accept io...127.0.0.1:61812
I1213 03:32:54.860512 185397248 ServerMgr.cpp:469] register one login server: 127.0.0.1:61812
I1213 03:38:21.737043 325195200 NetServer.cpp:88] delete io...127.0.0.1:61805
I1213 03:38:21.737135 325195200 NetServer.cpp:88] delete io...127.0.0.1:61812
I1213 03:38:21.737174 325195200 NetServer.cpp:88] delete io...127.0.0.1:61807
W1213 03:38:21.739353 185397248 ServerMgr.cpp:827] remove one game server, id:1101
W1213 03:38:21.739437 185397248 ServerMgr.cpp:843] remove one login server, id:10
W1213 03:38:21.739487 185397248 ServerMgr.cpp:866] remove one proxy server, id:30
W1213 03:38:21.739521 185397248 CenterThread.cpp:120] db server is disconnect, after 1s will be reconnect!
W1213 03:38:23.219790 325195200 NetModule.cpp:703] ready reconnect server, server id: 0
I1213 03:38:23.219975 325195200 NetConnector.cpp:216] connect to: 0.0.0.0:6001 success! 
I1213 03:38:23.220295 325195200 NetServer.cpp:55] accept io...127.0.0.1:61821
I1213 03:38:23.222553 185397248 CenterThread.cpp:87] connect to db server succ!
I1213 03:38:23.234827 185397248 ServerMgr.cpp:187] register one game server: 127.0.0.1:61821
I1213 03:38:25.227761 325195200 NetServer.cpp:55] accept io...127.0.0.1:61822
I1213 03:38:25.247761 185397248 ServerMgr.cpp:54] register one proxy server: 127.0.0.1:61822
I1213 03:38:32.277731 325195200 NetServer.cpp:55] accept io...127.0.0.1:61826
I1213 03:38:32.304000 185397248 ServerMgr.cpp:469] register one login server: 127.0.0.1:61826
I1213 03:43:58.752058 325195200 NetServer.cpp:88] delete io...127.0.0.1:61821
I1213 03:43:58.752133 325195200 NetServer.cpp:88] delete io...127.0.0.1:61826
I1213 03:43:58.752162 325195200 NetServer.cpp:88] delete io...127.0.0.1:61822
W1213 03:43:58.754796 185397248 ServerMgr.cpp:827] remove one game server, id:1101
W1213 03:43:58.754833 185397248 ServerMgr.cpp:843] remove one login server, id:10
W1213 03:43:58.754855 185397248 ServerMgr.cpp:866] remove one proxy server, id:30
W1213 03:43:58.754873 185397248 CenterThread.cpp:120] db server is disconnect, after 1s will be reconnect!
W1213 03:44:00.227646 325195200 NetModule.cpp:703] ready reconnect server, server id: 0
I1213 03:44:00.227825 325195200 NetConnector.cpp:216] connect to: 0.0.0.0:6001 success! 
I1213 03:44:00.230435 185397248 CenterThread.cpp:87] connect to db server succ!
I1213 03:44:00.240367 325195200 NetServer.cpp:55] accept io...127.0.0.1:61835
I1213 03:44:00.263622 185397248 ServerMgr.cpp:187] register one game server: 127.0.0.1:61835
I1213 03:44:02.247936 325195200 NetServer.cpp:55] accept io...127.0.0.1:61836
I1213 03:44:02.262723 185397248 ServerMgr.cpp:54] register one proxy server: 127.0.0.1:61836
I1213 03:44:09.271600 325195200 NetServer.cpp:55] accept io...127.0.0.1:61841
I1213 03:44:09.300637 185397248 ServerMgr.cpp:469] register one login server: 127.0.0.1:61841
I1213 03:49:35.909652 325195200 NetServer.cpp:88] delete io...127.0.0.1:61841
I1213 03:49:35.909724 325195200 NetServer.cpp:88] delete io...127.0.0.1:61835
I1213 03:49:35.909757 325195200 NetServer.cpp:88] delete io...127.0.0.1:61836
W1213 03:49:35.911145 185397248 ServerMgr.cpp:843] remove one login server, id:10
W1213 03:49:35.911201 185397248 ServerMgr.cpp:827] remove one game server, id:1101
W1213 03:49:35.911229 185397248 ServerMgr.cpp:866] remove one proxy server, id:30
W1213 03:49:35.911267 185397248 CenterThread.cpp:120] db server is disconnect, after 1s will be reconnect!
I1213 03:49:37.393851 325195200 NetServer.cpp:55] accept io...127.0.0.1:61847
W1213 03:49:37.394621 325195200 NetModule.cpp:703] ready reconnect server, server id: 0
I1213 03:49:37.394786 325195200 NetConnector.cpp:216] connect to: 0.0.0.0:6001 success! 
I1213 03:49:37.395736 185397248 CenterThread.cpp:87] connect to db server succ!
I1213 03:49:37.416977 185397248 ServerMgr.cpp:187] register one game server: 127.0.0.1:61847
I1213 03:49:39.411533 325195200 NetServer.cpp:55] accept io...127.0.0.1:61849
I1213 03:49:39.429316 185397248 ServerMgr.cpp:54] register one proxy server: 127.0.0.1:61849
I1213 03:49:45.955211 325195200 NetServer.cpp:55] accept io...127.0.0.1:61853
I1213 03:49:45.962160 185397248 ServerMgr.cpp:469] register one login server: 127.0.0.1:61853
I1213 04:20:43.846277 325195200 NetServer.cpp:88] delete io...127.0.0.1:61849
I1213 04:20:43.846364 325195200 NetServer.cpp:88] delete io...127.0.0.1:61853
I1213 04:20:43.846396 325195200 NetServer.cpp:88] delete io...127.0.0.1:61847
W1213 04:20:43.848261 185397248 ServerMgr.cpp:866] remove one proxy server, id:30
W1213 04:20:43.848336 185397248 ServerMgr.cpp:843] remove one login server, id:10
W1213 04:20:43.848366 185397248 ServerMgr.cpp:827] remove one game server, id:1101
W1213 04:20:43.848387 185397248 CenterThread.cpp:120] db server is disconnect, after 1s will be reconnect!
W1213 04:20:45.324977 325195200 NetModule.cpp:703] ready reconnect server, server id: 0
I1213 04:20:45.325155 325195200 NetConnector.cpp:216] connect to: 0.0.0.0:6001 success! 
I1213 04:20:45.326561 325195200 NetServer.cpp:55] accept io...127.0.0.1:61862
I1213 04:20:45.326735 185397248 CenterThread.cpp:87] connect to db server succ!
I1213 04:20:45.353499 185397248 ServerMgr.cpp:187] register one game server: 127.0.0.1:61862
I1213 04:20:47.346640 325195200 NetServer.cpp:55] accept io...127.0.0.1:61863
I1213 04:20:47.354774 185397248 ServerMgr.cpp:54] register one proxy server: 127.0.0.1:61863
I1213 04:20:54.366816 325195200 NetServer.cpp:55] accept io...127.0.0.1:61869
I1213 04:20:54.390544 185397248 ServerMgr.cpp:469] register one login server: 127.0.0.1:61869
I1213 04:26:20.736766 325195200 NetServer.cpp:88] delete io...127.0.0.1:61869
I1213 04:26:20.736837 325195200 NetServer.cpp:88] delete io...127.0.0.1:61862
I1213 04:26:20.736868 325195200 NetServer.cpp:88] delete io...127.0.0.1:61863
W1213 04:26:20.738523 185397248 ServerMgr.cpp:843] remove one login server, id:10
W1213 04:26:20.738562 185397248 ServerMgr.cpp:827] remove one game server, id:1101
W1213 04:26:20.738608 185397248 ServerMgr.cpp:866] remove one proxy server, id:30
W1213 04:26:20.738631 185397248 CenterThread.cpp:120] db server is disconnect, after 1s will be reconnect!
W1213 04:26:22.220510 325195200 NetModule.cpp:703] ready reconnect server, server id: 0
I1213 04:26:22.220706 325195200 NetServer.cpp:55] accept io...127.0.0.1:61876
I1213 04:26:22.220788 325195200 NetConnector.cpp:216] connect to: 0.0.0.0:6001 success! 
I1213 04:26:22.222700 185397248 CenterThread.cpp:87] connect to db server succ!
I1213 04:26:22.233971 185397248 ServerMgr.cpp:187] register one game server: 127.0.0.1:61876
I1213 04:26:24.223227 325195200 NetServer.cpp:55] accept io...127.0.0.1:61878
I1213 04:26:24.240727 185397248 ServerMgr.cpp:54] register one proxy server: 127.0.0.1:61878
I1213 04:26:30.773249 325195200 NetServer.cpp:55] accept io...127.0.0.1:61887
I1213 04:26:30.800530 185397248 ServerMgr.cpp:469] register one login server: 127.0.0.1:61887
I1213 04:31:57.927541 325195200 NetServer.cpp:88] delete io...127.0.0.1:61876
I1213 04:31:57.927917 325195200 NetServer.cpp:88] delete io...127.0.0.1:61878
W1213 04:31:57.927930 185397248 ServerMgr.cpp:827] remove one game server, id:1101
I1213 04:31:57.927947 325195200 NetServer.cpp:88] delete io...127.0.0.1:61887
W1213 04:31:57.927971 185397248 ServerMgr.cpp:866] remove one proxy server, id:30
W1213 04:31:57.928051 185397248 ServerMgr.cpp:843] remove one login server, id:10
W1213 04:31:57.928078 185397248 CenterThread.cpp:120] db server is disconnect, after 1s will be reconnect!
W1213 04:31:59.411195 325195200 NetModule.cpp:703] ready reconnect server, server id: 0
I1213 04:31:59.411371 325195200 NetConnector.cpp:216] connect to: 0.0.0.0:6001 success! 
I1213 04:31:59.413987 185397248 CenterThread.cpp:87] connect to db server succ!
I1213 04:31:59.415176 325195200 NetServer.cpp:55] accept io...127.0.0.1:61896
I1213 04:31:59.429216 185397248 ServerMgr.cpp:187] register one game server: 127.0.0.1:61896
I1213 04:32:01.426414 325195200 NetServer.cpp:55] accept io...127.0.0.1:61897
I1213 04:32:01.438108 185397248 ServerMgr.cpp:54] register one proxy server: 127.0.0.1:61897
I1213 04:32:08.455668 325195200 NetServer.cpp:55] accept io...127.0.0.1:61901
I1213 04:32:08.469787 185397248 ServerMgr.cpp:469] register one login server: 127.0.0.1:61901
I1213 04:37:34.851660 325195200 NetServer.cpp:88] delete io...127.0.0.1:61896
I1213 04:37:34.851742 325195200 NetServer.cpp:88] delete io...127.0.0.1:61897
I1213 04:37:34.851773 325195200 NetServer.cpp:88] delete io...127.0.0.1:61901
W1213 04:37:34.853602 185397248 ServerMgr.cpp:827] remove one game server, id:1101
W1213 04:37:34.853652 185397248 ServerMgr.cpp:866] remove one proxy server, id:30
W1213 04:37:34.853683 185397248 ServerMgr.cpp:843] remove one login server, id:10
W1213 04:37:34.853710 185397248 CenterThread.cpp:120] db server is disconnect, after 1s will be reconnect!
W1213 04:37:36.331691 325195200 NetModule.cpp:703] ready reconnect server, server id: 0
I1213 04:37:36.331882 325195200 NetConnector.cpp:216] connect to: 0.0.0.0:6001 success! 
I1213 04:37:36.332182 325195200 NetServer.cpp:55] accept io...127.0.0.1:61910
I1213 04:37:36.334487 185397248 CenterThread.cpp:87] connect to db server succ!
I1213 04:37:36.358886 185397248 ServerMgr.cpp:187] register one game server: 127.0.0.1:61910
I1213 04:37:38.336961 325195200 NetServer.cpp:55] accept io...127.0.0.1:61911
I1213 04:37:38.360754 185397248 ServerMgr.cpp:54] register one proxy server: 127.0.0.1:61911
I1213 04:37:44.878093 325195200 NetServer.cpp:55] accept io...127.0.0.1:61915
I1213 04:37:44.883473 185397248 ServerMgr.cpp:469] register one login server: 127.0.0.1:61915
I1213 04:43:11.775606 325195200 NetServer.cpp:88] delete io...127.0.0.1:61910
I1213 04:43:11.775689 325195200 NetServer.cpp:88] delete io...127.0.0.1:61915
I1213 04:43:11.775712 325195200 NetServer.cpp:88] delete io...127.0.0.1:61911
W1213 04:43:11.776159 185397248 ServerMgr.cpp:827] remove one game server, id:1101
W1213 04:43:11.776191 185397248 ServerMgr.cpp:843] remove one login server, id:10
W1213 04:43:11.776213 185397248 ServerMgr.cpp:866] remove one proxy server, id:30
W1213 04:43:11.776233 185397248 CenterThread.cpp:120] db server is disconnect, after 1s will be reconnect!
W1213 04:43:13.248545 325195200 NetModule.cpp:703] ready reconnect server, server id: 0
I1213 04:43:13.248726 325195200 NetConnector.cpp:216] connect to: 0.0.0.0:6001 success! 
I1213 04:43:13.251133 185397248 CenterThread.cpp:87] connect to db server succ!
I1213 04:43:13.254950 325195200 NetServer.cpp:55] accept io...127.0.0.1:61925
I1213 04:43:13.269453 185397248 ServerMgr.cpp:187] register one game server: 127.0.0.1:61925
I1213 04:43:15.273142 325195200 NetServer.cpp:55] accept io...127.0.0.1:61926
I1213 04:43:15.287865 185397248 ServerMgr.cpp:54] register one proxy server: 127.0.0.1:61926
I1213 04:43:22.279027 325195200 NetServer.cpp:55] accept io...127.0.0.1:61931
I1213 04:43:22.299645 185397248 ServerMgr.cpp:469] register one login server: 127.0.0.1:61931
I1213 04:48:48.618683 325195200 NetServer.cpp:88] delete io...127.0.0.1:61925
I1213 04:48:48.618758 325195200 NetServer.cpp:88] delete io...127.0.0.1:61931
I1213 04:48:48.618821 325195200 NetServer.cpp:88] delete io...127.0.0.1:61926
W1213 04:48:48.618955 185397248 ServerMgr.cpp:827] remove one game server, id:1101
W1213 04:48:48.619107 185397248 ServerMgr.cpp:843] remove one login server, id:10
W1213 04:48:48.619135 185397248 ServerMgr.cpp:866] remove one proxy server, id:30
W1213 04:48:48.619155 185397248 CenterThread.cpp:120] db server is disconnect, after 1s will be reconnect!
I1213 04:48:50.101272 325195200 NetServer.cpp:55] accept io...127.0.0.1:61938
W1213 04:48:50.103250 325195200 NetModule.cpp:703] ready reconnect server, server id: 0
I1213 04:48:50.103387 325195200 NetConnector.cpp:216] connect to: 0.0.0.0:6001 success! 
I1213 04:48:50.106091 185397248 CenterThread.cpp:87] connect to db server succ!
I1213 04:48:50.124379 185397248 ServerMgr.cpp:187] register one game server: 127.0.0.1:61938
I1213 04:48:52.112421 325195200 NetServer.cpp:55] accept io...127.0.0.1:61940
I1213 04:48:52.121001 185397248 ServerMgr.cpp:54] register one proxy server: 127.0.0.1:61940
I1213 04:48:59.153105 325195200 NetServer.cpp:55] accept io...127.0.0.1:61944
I1213 04:48:59.163671 185397248 ServerMgr.cpp:469] register one login server: 127.0.0.1:61944
I1213 04:54:25.809082 325195200 NetServer.cpp:88] delete io...127.0.0.1:61938
I1213 04:54:25.809168 325195200 NetServer.cpp:88] delete io...127.0.0.1:61944
I1213 04:54:25.809198 325195200 NetServer.cpp:88] delete io...127.0.0.1:61940
W1213 04:54:25.810276 185397248 ServerMgr.cpp:827] remove one game server, id:1101
W1213 04:54:25.810320 185397248 ServerMgr.cpp:843] remove one login server, id:10
W1213 04:54:25.810344 185397248 ServerMgr.cpp:866] remove one proxy server, id:30
W1213 04:54:25.810389 185397248 CenterThread.cpp:120] db server is disconnect, after 1s will be reconnect!
W1213 04:54:27.290354 325195200 NetModule.cpp:703] ready reconnect server, server id: 0
I1213 04:54:27.290534 325195200 NetConnector.cpp:216] connect to: 0.0.0.0:6001 success! 
I1213 04:54:27.290936 325195200 NetServer.cpp:55] accept io...127.0.0.1:61953
I1213 04:54:27.293135 185397248 CenterThread.cpp:87] connect to db server succ!
I1213 04:54:27.311301 185397248 ServerMgr.cpp:187] register one game server: 127.0.0.1:61953
I1213 04:54:29.299266 325195200 NetServer.cpp:55] accept io...127.0.0.1:61954
I1213 04:54:29.313143 185397248 ServerMgr.cpp:54] register one proxy server: 127.0.0.1:61954
I1213 04:54:35.836510 325195200 NetServer.cpp:55] accept io...127.0.0.1:61958
I1213 04:54:35.861708 185397248 ServerMgr.cpp:469] register one login server: 127.0.0.1:61958
I1213 05:26:05.864419 325195200 NetServer.cpp:88] delete io...127.0.0.1:61953
I1213 05:26:05.864537 325195200 NetServer.cpp:88] delete io...127.0.0.1:61954
I1213 05:26:05.864730 325195200 NetServer.cpp:88] delete io...127.0.0.1:61958
W1213 05:26:05.866219 185397248 ServerMgr.cpp:827] remove one game server, id:1101
W1213 05:26:05.866268 185397248 ServerMgr.cpp:866] remove one proxy server, id:30
W1213 05:26:05.866291 185397248 ServerMgr.cpp:843] remove one login server, id:10
W1213 05:26:05.873694 185397248 CenterThread.cpp:120] db server is disconnect, after 1s will be reconnect!
W1213 05:26:07.351456 325195200 NetModule.cpp:703] ready reconnect server, server id: 0
I1213 05:26:07.351637 325195200 NetConnector.cpp:216] connect to: 0.0.0.0:6001 success! 
I1213 05:26:07.354254 185397248 CenterThread.cpp:87] connect to db server succ!
I1213 05:26:07.356245 325195200 NetServer.cpp:55] accept io...127.0.0.1:61967
I1213 05:26:07.380663 185397248 ServerMgr.cpp:187] register one game server: 127.0.0.1:61967
W1213 05:26:07.789191 185397248 ActivityMgr.cpp:37] insert wealth god coming cfg fail. repeated cfg! id: 2
W1213 05:26:07.789327 185397248 ActivityMgr.cpp:37] insert wealth god coming cfg fail. repeated cfg! id: 1
W1213 05:26:07.789386 185397248 ActivityMgr.cpp:37] insert wealth god coming cfg fail. repeated cfg! id: 7
W1213 05:26:07.789438 185397248 ActivityMgr.cpp:37] insert wealth god coming cfg fail. repeated cfg! id: 4
W1213 05:26:07.789546 185397248 ActivityMgr.cpp:37] insert wealth god coming cfg fail. repeated cfg! id: 5
W1213 05:26:07.789594 185397248 ActivityMgr.cpp:37] insert wealth god coming cfg fail. repeated cfg! id: 6
W1213 05:26:07.789638 185397248 ActivityMgr.cpp:37] insert wealth god coming cfg fail. repeated cfg! id: 3
W1213 05:26:07.789682 185397248 ActivityMgr.cpp:37] insert wealth god coming cfg fail. repeated cfg! id: 8
W1213 05:26:07.789726 185397248 ActivityMgr.cpp:37] insert wealth god coming cfg fail. repeated cfg! id: 9
W1213 05:26:07.789769 185397248 ActivityMgr.cpp:37] insert wealth god coming cfg fail. repeated cfg! id: 10
W1213 05:26:07.789814 185397248 ActivityMgr.cpp:37] insert wealth god coming cfg fail. repeated cfg! id: 12
W1213 05:26:07.789858 185397248 ActivityMgr.cpp:37] insert wealth god coming cfg fail. repeated cfg! id: 11
W1213 05:26:07.790132 185397248 ActivityMgr.cpp:37] insert wealth god coming cfg fail. repeated cfg! id: 13
W1213 05:26:07.790211 185397248 ActivityMgr.cpp:37] insert wealth god coming cfg fail. repeated cfg! id: 14
W1213 05:26:07.790261 185397248 ActivityMgr.cpp:37] insert wealth god coming cfg fail. repeated cfg! id: 15
W1213 05:26:07.790302 185397248 ActivityMgr.cpp:37] insert wealth god coming cfg fail. repeated cfg! id: 16
W1213 05:26:07.790343 185397248 ActivityMgr.cpp:37] insert wealth god coming cfg fail. repeated cfg! id: 17
W1213 05:26:07.790388 185397248 ActivityMgr.cpp:37] insert wealth god coming cfg fail. repeated cfg! id: 28
W1213 05:26:07.790431 185397248 ActivityMgr.cpp:37] insert wealth god coming cfg fail. repeated cfg! id: 18
I1213 05:26:09.381620 325195200 NetServer.cpp:55] accept io...127.0.0.1:61970
I1213 05:26:09.387208 185397248 ServerMgr.cpp:54] register one proxy server: 127.0.0.1:61970
I1213 05:26:16.393110 325195200 NetServer.cpp:55] accept io...127.0.0.1:61980
I1213 05:26:16.401526 185397248 ServerMgr.cpp:469] register one login server: 127.0.0.1:61980
W1213 05:26:33.871950 185397248 CenterThread.cpp:3921] OnSubLoadWealthGodHistoryData: 8
W1213 05:26:34.792376 185397248 CenterThread.cpp:3921] OnSubLoadWealthGodHistoryData: 10
W1213 05:26:35.350091 185397248 CenterThread.cpp:3921] OnSubLoadWealthGodHistoryData: 10
W1213 05:26:35.810807 185397248 CenterThread.cpp:3921] OnSubLoadWealthGodHistoryData: 10
W1213 05:26:36.264775 185397248 CenterThread.cpp:3921] OnSubLoadWealthGodHistoryData: 10
W1213 05:26:36.736750 185397248 CenterThread.cpp:3921] OnSubLoadWealthGodHistoryData: 10
W1213 05:26:37.203742 185397248 CenterThread.cpp:3921] OnSubLoadWealthGodHistoryData: 10
W1213 05:26:37.686125 185397248 CenterThread.cpp:3921] OnSubLoadWealthGodHistoryData: 10
W1213 05:26:38.237339 185397248 CenterThread.cpp:3921] OnSubLoadWealthGodHistoryData: 10
W1213 05:26:38.715168 185397248 CenterThread.cpp:3921] OnSubLoadWealthGodHistoryData: 10
W1213 05:26:39.185746 185397248 CenterThread.cpp:3921] OnSubLoadWealthGodHistoryData: 10
I1213 05:31:42.766664 325195200 NetServer.cpp:88] delete io...127.0.0.1:61980
I1213 05:31:42.766754 325195200 NetServer.cpp:88] delete io...127.0.0.1:61967
I1213 05:31:42.766789 325195200 NetServer.cpp:88] delete io...127.0.0.1:61970
W1213 05:31:42.767005 185397248 ServerMgr.cpp:843] remove one login server, id:10
W1213 05:31:42.767138 185397248 ServerMgr.cpp:827] remove one game server, id:1101
W1213 05:31:42.767175 185397248 ServerMgr.cpp:866] remove one proxy server, id:30
W1213 05:31:42.767208 185397248 CenterThread.cpp:120] db server is disconnect, after 1s will be reconnect!
W1213 05:31:44.248229 325195200 NetModule.cpp:703] ready reconnect server, server id: 0
I1213 05:31:44.248409 325195200 NetConnector.cpp:216] connect to: 0.0.0.0:6001 success! 
I1213 05:31:44.251452 185397248 CenterThread.cpp:87] connect to db server succ!
I1213 05:31:44.254819 325195200 NetServer.cpp:55] accept io...127.0.0.1:61988
I1213 05:31:44.277683 185397248 ServerMgr.cpp:187] register one game server: 127.0.0.1:61988
I1213 05:31:46.259227 325195200 NetServer.cpp:55] accept io...127.0.0.1:61989
I1213 05:31:46.280009 185397248 ServerMgr.cpp:54] register one proxy server: 127.0.0.1:61989
I1213 05:31:52.794661 325195200 NetServer.cpp:55] accept io...127.0.0.1:61993
I1213 05:31:52.817162 185397248 ServerMgr.cpp:469] register one login server: 127.0.0.1:61993
I1213 05:37:19.949653 325195200 NetServer.cpp:88] delete io...127.0.0.1:61988
W1213 05:37:19.949980 185397248 ServerMgr.cpp:827] remove one game server, id:1101
I1213 05:37:19.950016 325195200 NetServer.cpp:88] delete io...127.0.0.1:61993
W1213 05:37:19.950095 185397248 ServerMgr.cpp:843] remove one login server, id:10
I1213 05:37:19.950139 325195200 NetServer.cpp:88] delete io...127.0.0.1:61989
W1213 05:37:19.950146 185397248 ServerMgr.cpp:866] remove one proxy server, id:30
W1213 05:37:19.952419 185397248 CenterThread.cpp:120] db server is disconnect, after 1s will be reconnect!
W1213 05:37:21.433187 325195200 NetModule.cpp:703] ready reconnect server, server id: 0
I1213 05:37:21.433370 325195200 NetConnector.cpp:216] connect to: 0.0.0.0:6001 success! 
I1213 05:37:21.433771 185397248 CenterThread.cpp:87] connect to db server succ!
I1213 05:37:21.434451 325195200 NetServer.cpp:55] accept io...127.0.0.1:62003
I1213 05:37:21.445109 185397248 ServerMgr.cpp:187] register one game server: 127.0.0.1:62003
I1213 05:37:23.445423 325195200 NetServer.cpp:55] accept io...127.0.0.1:62004
I1213 05:37:23.469226 185397248 ServerMgr.cpp:54] register one proxy server: 127.0.0.1:62004
I1213 05:37:30.477188 325195200 NetServer.cpp:55] accept io...127.0.0.1:62009
I1213 05:37:30.509856 185397248 ServerMgr.cpp:469] register one login server: 127.0.0.1:62009
I1213 05:42:56.861651 325195200 NetServer.cpp:88] delete io...127.0.0.1:62003
I1213 05:42:56.861713 325195200 NetServer.cpp:88] delete io...127.0.0.1:62004
I1213 05:42:56.861781 325195200 NetServer.cpp:88] delete io...127.0.0.1:62009
W1213 05:42:56.862787 185397248 ServerMgr.cpp:827] remove one game server, id:1101
W1213 05:42:56.862825 185397248 ServerMgr.cpp:866] remove one proxy server, id:30
W1213 05:42:56.862849 185397248 ServerMgr.cpp:843] remove one login server, id:10
W1213 05:42:56.862867 185397248 CenterThread.cpp:120] db server is disconnect, after 1s will be reconnect!
W1213 05:42:58.350019 325195200 NetModule.cpp:703] ready reconnect server, server id: 0
I1213 05:42:58.350215 325195200 NetServer.cpp:55] accept io...127.0.0.1:62019
I1213 05:42:58.350308 325195200 NetConnector.cpp:216] connect to: 0.0.0.0:6001 success! 
I1213 05:42:58.352109 185397248 CenterThread.cpp:87] connect to db server succ!
I1213 05:42:58.370393 185397248 ServerMgr.cpp:187] register one game server: 127.0.0.1:62019
I1213 05:43:00.355621 325195200 NetServer.cpp:55] accept io...127.0.0.1:62021
I1213 05:43:00.385202 185397248 ServerMgr.cpp:54] register one proxy server: 127.0.0.1:62021
I1213 05:43:07.403293 325195200 NetServer.cpp:55] accept io...127.0.0.1:62025
I1213 05:43:07.433776 185397248 ServerMgr.cpp:469] register one login server: 127.0.0.1:62025
I1213 05:48:33.773363 325195200 NetServer.cpp:88] delete io...127.0.0.1:62019
I1213 05:48:33.773439 325195200 NetServer.cpp:88] delete io...127.0.0.1:62021
I1213 05:48:33.773471 325195200 NetServer.cpp:88] delete io...127.0.0.1:62025
W1213 05:48:33.776254 185397248 ServerMgr.cpp:827] remove one game server, id:1101
W1213 05:48:33.776293 185397248 ServerMgr.cpp:866] remove one proxy server, id:30
W1213 05:48:33.776325 185397248 ServerMgr.cpp:843] remove one login server, id:10
W1213 05:48:33.776343 185397248 CenterThread.cpp:120] db server is disconnect, after 1s will be reconnect!
W1213 05:48:35.254240 325195200 NetModule.cpp:703] ready reconnect server, server id: 0
I1213 05:48:35.254405 325195200 NetConnector.cpp:216] connect to: 0.0.0.0:6001 success! 
I1213 05:48:35.255035 325195200 NetServer.cpp:55] accept io...127.0.0.1:62033
I1213 05:48:35.256271 185397248 CenterThread.cpp:87] connect to db server succ!
I1213 05:48:35.284255 185397248 ServerMgr.cpp:187] register one game server: 127.0.0.1:62033
I1213 05:48:37.267168 325195200 NetServer.cpp:55] accept io...127.0.0.1:62034
I1213 05:48:37.297003 185397248 ServerMgr.cpp:54] register one proxy server: 127.0.0.1:62034
I1213 05:48:43.787165 325195200 NetServer.cpp:55] accept io...127.0.0.1:62038
I1213 05:48:43.816025 185397248 ServerMgr.cpp:469] register one login server: 127.0.0.1:62038
I1213 05:54:10.964558 325195200 NetServer.cpp:88] delete io...127.0.0.1:62033
I1213 05:54:10.964633 325195200 NetServer.cpp:88] delete io...127.0.0.1:62038
I1213 05:54:10.964673 325195200 NetServer.cpp:88] delete io...127.0.0.1:62034
W1213 05:54:10.966845 185397248 ServerMgr.cpp:827] remove one game server, id:1101
W1213 05:54:10.966892 185397248 ServerMgr.cpp:843] remove one login server, id:10
W1213 05:54:10.966912 185397248 ServerMgr.cpp:866] remove one proxy server, id:30
W1213 05:54:10.966930 185397248 CenterThread.cpp:120] db server is disconnect, after 1s will be reconnect!
W1213 05:54:12.448307 325195200 NetModule.cpp:703] ready reconnect server, server id: 0
I1213 05:54:12.448489 325195200 NetConnector.cpp:216] connect to: 0.0.0.0:6001 success! 
I1213 05:54:12.448822 185397248 CenterThread.cpp:87] connect to db server succ!
I1213 05:54:12.449573 325195200 NetServer.cpp:55] accept io...127.0.0.1:62049
I1213 05:54:12.475199 185397248 ServerMgr.cpp:187] register one game server: 127.0.0.1:62049
I1213 05:54:14.452481 325195200 NetServer.cpp:55] accept io...127.0.0.1:62050
I1213 05:54:14.463567 185397248 ServerMgr.cpp:54] register one proxy server: 127.0.0.1:62050
I1213 05:54:21.492506 325195200 NetServer.cpp:55] accept io...127.0.0.1:62057
I1213 05:54:21.520659 185397248 ServerMgr.cpp:469] register one login server: 127.0.0.1:62057
I1213 05:59:47.881114 325195200 NetServer.cpp:88] delete io...127.0.0.1:62050
I1213 05:59:47.881222 325195200 NetServer.cpp:88] delete io...127.0.0.1:62057
I1213 05:59:47.881256 325195200 NetServer.cpp:88] delete io...127.0.0.1:62049
W1213 05:59:47.883097 185397248 ServerMgr.cpp:866] remove one proxy server, id:30
W1213 05:59:47.883164 185397248 ServerMgr.cpp:843] remove one login server, id:10
W1213 05:59:47.883208 185397248 ServerMgr.cpp:827] remove one game server, id:1101
W1213 05:59:47.883244 185397248 CenterThread.cpp:120] db server is disconnect, after 1s will be reconnect!
W1213 05:59:49.365037 325195200 NetModule.cpp:703] ready reconnect server, server id: 0
I1213 05:59:49.365242 325195200 NetConnector.cpp:216] connect to: 0.0.0.0:6001 success! 
I1213 05:59:49.365540 325195200 NetServer.cpp:55] accept io...127.0.0.1:62064
I1213 05:59:49.367808 185397248 CenterThread.cpp:87] connect to db server succ!
I1213 05:59:49.396798 185397248 ServerMgr.cpp:187] register one game server: 127.0.0.1:62064
I1213 05:59:51.376402 325195200 NetServer.cpp:55] accept io...127.0.0.1:62065
I1213 05:59:51.398875 185397248 ServerMgr.cpp:54] register one proxy server: 127.0.0.1:62065
I1213 05:59:58.409111 325195200 NetServer.cpp:55] accept io...127.0.0.1:62071
I1213 05:59:58.432670 185397248 ServerMgr.cpp:469] register one login server: 127.0.0.1:62071
I1213 06:32:14.896358 325195200 NetServer.cpp:88] delete io...127.0.0.1:62064
I1213 06:32:14.896459 325195200 NetServer.cpp:88] delete io...127.0.0.1:62071
I1213 06:32:14.896515 325195200 NetServer.cpp:88] delete io...127.0.0.1:62065
W1213 06:32:14.898422 185397248 ServerMgr.cpp:827] remove one game server, id:1101
W1213 06:32:14.898470 185397248 ServerMgr.cpp:843] remove one login server, id:10
W1213 06:32:14.898505 185397248 ServerMgr.cpp:866] remove one proxy server, id:30
W1213 06:32:14.898536 185397248 CenterThread.cpp:120] db server is disconnect, after 1s will be reconnect!
I1213 06:32:16.378432 325195200 NetServer.cpp:55] accept io...127.0.0.1:62080
W1213 06:32:16.379180 325195200 NetModule.cpp:703] ready reconnect server, server id: 0
I1213 06:32:16.379364 325195200 NetConnector.cpp:216] connect to: 0.0.0.0:6001 success! 
I1213 06:32:16.379717 185397248 CenterThread.cpp:87] connect to db server succ!
I1213 06:32:16.397110 185397248 ServerMgr.cpp:187] register one game server: 127.0.0.1:62080
I1213 06:32:18.386351 325195200 NetServer.cpp:55] accept io...127.0.0.1:62082
I1213 06:32:18.410190 185397248 ServerMgr.cpp:54] register one proxy server: 127.0.0.1:62082
I1213 06:32:25.418536 325195200 NetServer.cpp:55] accept io...127.0.0.1:62086
I1213 06:32:25.450938 185397248 ServerMgr.cpp:469] register one login server: 127.0.0.1:62086
I1213 06:37:51.922663 325195200 NetServer.cpp:88] delete io...127.0.0.1:62080
W1213 06:37:51.923306 185397248 ServerMgr.cpp:827] remove one game server, id:1101
I1213 06:37:51.941190 325195200 NetServer.cpp:88] delete io...127.0.0.1:62082
W1213 06:37:51.941588 185397248 ServerMgr.cpp:866] remove one proxy server, id:30
I1213 06:37:51.941627 325195200 NetServer.cpp:88] delete io...127.0.0.1:62086
W1213 06:37:51.941658 185397248 ServerMgr.cpp:843] remove one login server, id:10
W1213 06:37:51.941727 185397248 CenterThread.cpp:120] db server is disconnect, after 1s will be reconnect!
W1213 06:37:53.406951 325195200 NetModule.cpp:703] ready reconnect server, server id: 0
I1213 06:37:53.407153 325195200 NetServer.cpp:55] accept io...127.0.0.1:62098
I1213 06:37:53.407214 325195200 NetConnector.cpp:216] connect to: 0.0.0.0:6001 success! 
I1213 06:37:53.409564 185397248 CenterThread.cpp:87] connect to db server succ!
I1213 06:37:53.433616 185397248 ServerMgr.cpp:187] register one game server: 127.0.0.1:62098
I1213 06:37:55.414218 325195200 NetServer.cpp:55] accept io...127.0.0.1:62100
I1213 06:37:55.422703 185397248 ServerMgr.cpp:54] register one proxy server: 127.0.0.1:62100
I1213 06:38:02.453394 325195200 NetServer.cpp:55] accept io...127.0.0.1:62104
I1213 06:38:02.464920 185397248 ServerMgr.cpp:469] register one login server: 127.0.0.1:62104
I1213 06:43:28.831904 325195200 NetServer.cpp:88] delete io...127.0.0.1:62098
I1213 06:43:28.832000 325195200 NetServer.cpp:88] delete io...127.0.0.1:62104
I1213 06:43:28.832032 325195200 NetServer.cpp:88] delete io...127.0.0.1:62100
W1213 06:43:28.833006 185397248 ServerMgr.cpp:827] remove one game server, id:1101
W1213 06:43:28.833242 185397248 ServerMgr.cpp:843] remove one login server, id:10
W1213 06:43:28.833264 185397248 ServerMgr.cpp:866] remove one proxy server, id:30
W1213 06:43:28.833284 185397248 CenterThread.cpp:120] db server is disconnect, after 1s will be reconnect!
W1213 06:43:30.308918 325195200 NetModule.cpp:703] ready reconnect server, server id: 0
I1213 06:43:30.309096 325195200 NetConnector.cpp:216] connect to: 0.0.0.0:6001 success! 
I1213 06:43:30.309862 325195200 NetServer.cpp:55] accept io...127.0.0.1:62115
I1213 06:43:30.311733 185397248 CenterThread.cpp:87] connect to db server succ!
I1213 06:43:30.335796 185397248 ServerMgr.cpp:187] register one game server: 127.0.0.1:62115
I1213 06:43:32.330004 325195200 NetServer.cpp:55] accept io...127.0.0.1:62116
I1213 06:43:32.338613 185397248 ServerMgr.cpp:54] register one proxy server: 127.0.0.1:62116
I1213 06:43:39.353344 325195200 NetServer.cpp:55] accept io...127.0.0.1:62120
I1213 06:43:39.377120 185397248 ServerMgr.cpp:469] register one login server: 127.0.0.1:62120
I1213 06:49:05.773597 325195200 NetServer.cpp:88] delete io...127.0.0.1:62115
I1213 06:49:05.773675 325195200 NetServer.cpp:88] delete io...127.0.0.1:62120
I1213 06:49:05.773701 325195200 NetServer.cpp:88] delete io...127.0.0.1:62116
W1213 06:49:05.774829 185397248 ServerMgr.cpp:827] remove one game server, id:1101
W1213 06:49:05.775095 185397248 ServerMgr.cpp:843] remove one login server, id:10
W1213 06:49:05.775130 185397248 ServerMgr.cpp:866] remove one proxy server, id:30
W1213 06:49:05.781486 185397248 CenterThread.cpp:120] db server is disconnect, after 1s will be reconnect!
W1213 06:49:07.256436 325195200 NetModule.cpp:703] ready reconnect server, server id: 0
I1213 06:49:07.256623 325195200 NetConnector.cpp:216] connect to: 0.0.0.0:6001 success! 
I1213 06:49:07.256934 325195200 NetServer.cpp:55] accept io...127.0.0.1:62128
I1213 06:49:07.258560 185397248 CenterThread.cpp:87] connect to db server succ!
I1213 06:49:07.276875 185397248 ServerMgr.cpp:187] register one game server: 127.0.0.1:62128
I1213 06:49:09.265216 325195200 NetServer.cpp:55] accept io...127.0.0.1:62129
I1213 06:49:09.289307 185397248 ServerMgr.cpp:54] register one proxy server: 127.0.0.1:62129
I1213 06:49:15.801189 325195200 NetServer.cpp:55] accept io...127.0.0.1:62133
I1213 06:49:15.829934 185397248 ServerMgr.cpp:469] register one login server: 127.0.0.1:62133
I1213 06:54:42.958925 325195200 NetServer.cpp:88] delete io...127.0.0.1:62128
I1213 06:54:42.959022 325195200 NetServer.cpp:88] delete io...127.0.0.1:62133
I1213 06:54:42.959048 325195200 NetServer.cpp:88] delete io...127.0.0.1:62129
W1213 06:54:42.960747 185397248 ServerMgr.cpp:827] remove one game server, id:1101
W1213 06:54:42.960788 185397248 ServerMgr.cpp:843] remove one login server, id:10
W1213 06:54:42.960811 185397248 ServerMgr.cpp:866] remove one proxy server, id:30
W1213 06:54:42.960832 185397248 CenterThread.cpp:120] db server is disconnect, after 1s will be reconnect!
W1213 06:54:44.435585 325195200 NetModule.cpp:703] ready reconnect server, server id: 0
I1213 06:54:44.435765 325195200 NetConnector.cpp:216] connect to: 0.0.0.0:6001 success! 
I1213 06:54:44.438382 185397248 CenterThread.cpp:87] connect to db server succ!
I1213 06:54:44.439173 325195200 NetServer.cpp:55] accept io...127.0.0.1:62143
I1213 06:54:44.447329 185397248 ServerMgr.cpp:187] register one game server: 127.0.0.1:62143
I1213 06:54:46.446385 325195200 NetServer.cpp:55] accept io...127.0.0.1:62144
I1213 06:54:46.452003 185397248 ServerMgr.cpp:54] register one proxy server: 127.0.0.1:62144
I1213 06:54:53.485067 325195200 NetServer.cpp:55] accept io...127.0.0.1:62150
I1213 06:54:53.508728 185397248 ServerMgr.cpp:469] register one login server: 127.0.0.1:62150
I1213 07:00:19.834460 325195200 NetServer.cpp:88] delete io...127.0.0.1:62150
I1213 07:00:19.834553 325195200 NetServer.cpp:88] delete io...127.0.0.1:62143
I1213 07:00:19.834584 325195200 NetServer.cpp:88] delete io...127.0.0.1:62144
W1213 07:00:19.836148 185397248 ServerMgr.cpp:843] remove one login server, id:10
W1213 07:00:19.836187 185397248 ServerMgr.cpp:827] remove one game server, id:1101
W1213 07:00:19.836212 185397248 ServerMgr.cpp:866] remove one proxy server, id:30
W1213 07:00:19.836233 185397248 CenterThread.cpp:120] db server is disconnect, after 1s will be reconnect!
W1213 07:00:21.321460 325195200 NetModule.cpp:703] ready reconnect server, server id: 0
I1213 07:00:21.321655 325195200 NetConnector.cpp:216] connect to: 0.0.0.0:6001 success! 
I1213 07:00:21.321938 325195200 NetServer.cpp:55] accept io...127.0.0.1:62158
I1213 07:00:21.324239 185397248 CenterThread.cpp:87] connect to db server succ!
I1213 07:00:21.348631 185397248 ServerMgr.cpp:187] register one game server: 127.0.0.1:62158
I1213 07:00:23.331637 325195200 NetServer.cpp:55] accept io...127.0.0.1:62159
I1213 07:00:23.364639 185397248 ServerMgr.cpp:54] register one proxy server: 127.0.0.1:62159
I1213 07:00:29.869971 325195200 NetServer.cpp:55] accept io...127.0.0.1:62165
I1213 07:00:29.891265 185397248 ServerMgr.cpp:469] register one login server: 127.0.0.1:62165
I1213 07:05:56.673024 325195200 NetServer.cpp:88] delete io...127.0.0.1:62158
W1213 07:05:56.675882 185397248 ServerMgr.cpp:827] remove one game server, id:1101
I1213 07:05:56.677601 325195200 NetServer.cpp:88] delete io...127.0.0.1:62159
W1213 07:05:56.677606 185397248 ServerMgr.cpp:866] remove one proxy server, id:30
I1213 07:05:56.677641 325195200 NetServer.cpp:88] delete io...127.0.0.1:62165
W1213 07:05:56.677678 185397248 ServerMgr.cpp:843] remove one login server, id:10
W1213 07:05:56.680174 185397248 CenterThread.cpp:120] db server is disconnect, after 1s will be reconnect!
W1213 07:05:58.155041 325195200 NetModule.cpp:703] ready reconnect server, server id: 0
I1213 07:05:58.155269 325195200 NetConnector.cpp:216] connect to: 0.0.0.0:6001 success! 
I1213 07:05:58.155408 325195200 NetServer.cpp:55] accept io...127.0.0.1:62171
I1213 07:05:58.157824 185397248 CenterThread.cpp:87] connect to db server succ!
I1213 07:05:58.163920 185397248 ServerMgr.cpp:187] register one game server: 127.0.0.1:62171
I1213 07:06:00.166051 325195200 NetServer.cpp:55] accept io...127.0.0.1:62172
I1213 07:06:00.195657 185397248 ServerMgr.cpp:54] register one proxy server: 127.0.0.1:62172
I1213 07:06:07.203449 325195200 NetServer.cpp:55] accept io...127.0.0.1:62178
I1213 07:06:07.217728 185397248 ServerMgr.cpp:469] register one login server: 127.0.0.1:62178
I1213 07:45:15.920145 325195200 NetServer.cpp:88] delete io...127.0.0.1:62171
I1213 07:45:15.920258 325195200 NetServer.cpp:88] delete io...127.0.0.1:62178
I1213 07:45:15.920292 325195200 NetServer.cpp:88] delete io...127.0.0.1:62172
W1213 07:45:15.922042 185397248 ServerMgr.cpp:827] remove one game server, id:1101
W1213 07:45:15.922094 185397248 ServerMgr.cpp:843] remove one login server, id:10
W1213 07:45:15.922130 185397248 ServerMgr.cpp:866] remove one proxy server, id:30
W1213 07:45:15.922163 185397248 CenterThread.cpp:120] db server is disconnect, after 1s will be reconnect!
W1213 07:45:17.397867 325195200 NetModule.cpp:703] ready reconnect server, server id: 0
I1213 07:45:17.398066 325195200 NetServer.cpp:55] accept io...127.0.0.1:62184
I1213 07:45:17.398144 325195200 NetConnector.cpp:216] connect to: 0.0.0.0:6001 success! 
I1213 07:45:17.400055 185397248 CenterThread.cpp:87] connect to db server succ!
I1213 07:45:17.409183 185397248 ServerMgr.cpp:187] register one game server: 127.0.0.1:62184
I1213 07:45:19.403159 325195200 NetServer.cpp:55] accept io...127.0.0.1:62186
I1213 07:45:19.426182 185397248 ServerMgr.cpp:54] register one proxy server: 127.0.0.1:62186
I1213 07:45:26.438452 325195200 NetServer.cpp:55] accept io...127.0.0.1:62190
I1213 07:45:26.459138 185397248 ServerMgr.cpp:469] register one login server: 127.0.0.1:62190
I1213 07:50:52.828590 325195200 NetServer.cpp:88] delete io...127.0.0.1:62184
I1213 07:50:52.828668 325195200 NetServer.cpp:88] delete io...127.0.0.1:62190
I1213 07:50:52.828693 325195200 NetServer.cpp:88] delete io...127.0.0.1:62186
W1213 07:50:52.830760 185397248 ServerMgr.cpp:827] remove one game server, id:1101
W1213 07:50:52.830804 185397248 ServerMgr.cpp:843] remove one login server, id:10
W1213 07:50:52.830827 185397248 ServerMgr.cpp:866] remove one proxy server, id:30
W1213 07:50:52.830847 185397248 CenterThread.cpp:120] db server is disconnect, after 1s will be reconnect!
W1213 07:50:54.318944 325195200 NetModule.cpp:703] ready reconnect server, server id: 0
I1213 07:50:54.319131 325195200 NetServer.cpp:55] accept io...127.0.0.1:62201
I1213 07:50:54.319212 325195200 NetConnector.cpp:216] connect to: 0.0.0.0:6001 success! 
I1213 07:50:54.321192 185397248 CenterThread.cpp:87] connect to db server succ!
I1213 07:50:54.338855 185397248 ServerMgr.cpp:187] register one game server: 127.0.0.1:62201
I1213 07:50:56.326444 325195200 NetServer.cpp:55] accept io...127.0.0.1:62203
I1213 07:50:56.355619 185397248 ServerMgr.cpp:54] register one proxy server: 127.0.0.1:62203
I1213 07:51:03.366747 325195200 NetServer.cpp:55] accept io...127.0.0.1:62209
I1213 07:51:03.393389 185397248 ServerMgr.cpp:469] register one login server: 127.0.0.1:62209
I1213 07:56:29.688355 325195200 NetServer.cpp:88] delete io...127.0.0.1:62203
I1213 07:56:29.688434 325195200 NetServer.cpp:88] delete io...127.0.0.1:62209
I1213 07:56:29.688457 325195200 NetServer.cpp:88] delete io...127.0.0.1:62201
W1213 07:56:29.688812 185397248 ServerMgr.cpp:866] remove one proxy server, id:30
W1213 07:56:29.688850 185397248 ServerMgr.cpp:843] remove one login server, id:10
W1213 07:56:29.689136 185397248 ServerMgr.cpp:827] remove one game server, id:1101
W1213 07:56:29.692378 185397248 CenterThread.cpp:120] db server is disconnect, after 1s will be reconnect!
W1213 07:56:31.174248 325195200 NetModule.cpp:703] ready reconnect server, server id: 0
I1213 07:56:31.174437 325195200 NetServer.cpp:55] accept io...127.0.0.1:62214
I1213 07:56:31.174513 325195200 NetConnector.cpp:216] connect to: 0.0.0.0:6001 success! 
I1213 07:56:31.176393 185397248 CenterThread.cpp:87] connect to db server succ!
I1213 07:56:31.188580 185397248 ServerMgr.cpp:187] register one game server: 127.0.0.1:62214
I1213 07:56:33.182782 325195200 NetServer.cpp:55] accept io...127.0.0.1:62216
I1213 07:56:33.206480 185397248 ServerMgr.cpp:54] register one proxy server: 127.0.0.1:62216
I1213 07:56:39.723146 325195200 NetServer.cpp:55] accept io...127.0.0.1:62222
I1213 07:56:39.748962 185397248 ServerMgr.cpp:469] register one login server: 127.0.0.1:62222
I1213 08:02:06.870750 325195200 NetServer.cpp:88] delete io...127.0.0.1:62214
I1213 08:02:06.870828 325195200 NetServer.cpp:88] delete io...127.0.0.1:62222
I1213 08:02:06.870858 325195200 NetServer.cpp:88] delete io...127.0.0.1:62216
W1213 08:02:06.872391 185397248 ServerMgr.cpp:827] remove one game server, id:1101
W1213 08:02:06.872442 185397248 ServerMgr.cpp:843] remove one login server, id:10
W1213 08:02:06.872464 185397248 ServerMgr.cpp:866] remove one proxy server, id:30
W1213 08:02:06.872484 185397248 CenterThread.cpp:120] db server is disconnect, after 1s will be reconnect!
I1213 08:02:08.348482 325195200 NetServer.cpp:55] accept io...127.0.0.1:62228
W1213 08:02:08.353140 325195200 NetModule.cpp:703] ready reconnect server, server id: 0
I1213 08:02:08.353308 185397248 ServerMgr.cpp:187] register one game server: 127.0.0.1:62228
I1213 08:02:08.353338 325195200 NetConnector.cpp:216] connect to: 0.0.0.0:6001 success! 
I1213 08:02:08.353365 185397248 CenterThread.cpp:87] connect to db server succ!
I1213 08:02:10.364617 325195200 NetServer.cpp:55] accept io...127.0.0.1:62230
I1213 08:02:10.396665 185397248 ServerMgr.cpp:54] register one proxy server: 127.0.0.1:62230
I1213 08:02:16.890182 325195200 NetServer.cpp:55] accept io...127.0.0.1:62238
I1213 08:02:16.904881 185397248 ServerMgr.cpp:469] register one login server: 127.0.0.1:62238
I1213 08:07:43.865589 325195200 NetServer.cpp:88] delete io...127.0.0.1:62228
W1213 08:07:43.867717 185397248 ServerMgr.cpp:827] remove one game server, id:1101
I1213 08:07:43.875978 325195200 NetServer.cpp:88] delete io...127.0.0.1:62238
W1213 08:07:43.876354 185397248 ServerMgr.cpp:843] remove one login server, id:10
I1213 08:07:43.876384 325195200 NetServer.cpp:88] delete io...127.0.0.1:62230
W1213 08:07:43.876420 185397248 ServerMgr.cpp:866] remove one proxy server, id:30
W1213 08:07:43.878518 185397248 CenterThread.cpp:120] db server is disconnect, after 1s will be reconnect!
W1213 08:07:45.349067 325195200 NetModule.cpp:703] ready reconnect server, server id: 0
I1213 08:07:45.349252 325195200 NetConnector.cpp:216] connect to: 0.0.0.0:6001 success! 
I1213 08:07:45.350042 325195200 NetServer.cpp:55] accept io...127.0.0.1:62248
I1213 08:07:45.351261 185397248 CenterThread.cpp:87] connect to db server succ!
I1213 08:07:45.378409 185397248 ServerMgr.cpp:187] register one game server: 127.0.0.1:62248
I1213 08:07:47.360517 325195200 NetServer.cpp:55] accept io...127.0.0.1:62249
I1213 08:07:47.386909 185397248 ServerMgr.cpp:54] register one proxy server: 127.0.0.1:62249
I1213 08:07:54.396458 325195200 NetServer.cpp:55] accept io...127.0.0.1:62256
I1213 08:07:54.415056 185397248 ServerMgr.cpp:469] register one login server: 127.0.0.1:62256
I1213 08:11:53.878950 325195200 NetServer.cpp:88] delete io...127.0.0.1:62248
I1213 08:11:53.879062 325195200 NetServer.cpp:88] delete io...127.0.0.1:62249
I1213 08:11:53.879091 325195200 NetServer.cpp:88] delete io...127.0.0.1:62256
W1213 08:11:53.881631 185397248 ServerMgr.cpp:827] remove one game server, id:1101
W1213 08:11:53.881672 185397248 ServerMgr.cpp:866] remove one proxy server, id:30
W1213 08:11:53.881734 185397248 ServerMgr.cpp:843] remove one login server, id:10
W1213 08:11:53.881757 185397248 CenterThread.cpp:120] db server is disconnect, after 1s will be reconnect!
W1213 08:11:55.361147 325195200 NetModule.cpp:703] ready reconnect server, server id: 0
I1213 08:11:55.361269 325195200 NetConnector.cpp:216] connect to: 0.0.0.0:6001 success! 
I1213 08:11:55.361464 325195200 NetServer.cpp:55] accept io...127.0.0.1:62264
I1213 08:11:55.361629 185397248 CenterThread.cpp:87] connect to db server succ!
I1213 08:11:55.381690 185397248 ServerMgr.cpp:187] register one game server: 127.0.0.1:62264
I1213 08:11:57.369874 325195200 NetServer.cpp:55] accept io...127.0.0.1:62285
I1213 08:11:57.380111 185397248 ServerMgr.cpp:54] register one proxy server: 127.0.0.1:62285
I1213 08:12:03.887349 325195200 NetServer.cpp:55] accept io...127.0.0.1:62294
I1213 08:12:03.904798 185397248 ServerMgr.cpp:469] register one login server: 127.0.0.1:62294
W1213 08:21:38.207182 185397248 ActivityMgr.cpp:37] insert wealth god coming cfg fail. repeated cfg! id: 2
W1213 08:21:38.208101 185397248 ActivityMgr.cpp:37] insert wealth god coming cfg fail. repeated cfg! id: 1
W1213 08:21:38.208155 185397248 ActivityMgr.cpp:37] insert wealth god coming cfg fail. repeated cfg! id: 7
W1213 08:21:38.208192 185397248 ActivityMgr.cpp:37] insert wealth god coming cfg fail. repeated cfg! id: 4
W1213 08:21:38.208227 185397248 ActivityMgr.cpp:37] insert wealth god coming cfg fail. repeated cfg! id: 5
W1213 08:21:38.208261 185397248 ActivityMgr.cpp:37] insert wealth god coming cfg fail. repeated cfg! id: 6
W1213 08:21:38.208297 185397248 ActivityMgr.cpp:37] insert wealth god coming cfg fail. repeated cfg! id: 3
W1213 08:21:38.208333 185397248 ActivityMgr.cpp:37] insert wealth god coming cfg fail. repeated cfg! id: 8
W1213 08:21:38.208369 185397248 ActivityMgr.cpp:37] insert wealth god coming cfg fail. repeated cfg! id: 9
W1213 08:21:38.208408 185397248 ActivityMgr.cpp:37] insert wealth god coming cfg fail. repeated cfg! id: 10
W1213 08:21:38.208443 185397248 ActivityMgr.cpp:37] insert wealth god coming cfg fail. repeated cfg! id: 12
W1213 08:21:38.208479 185397248 ActivityMgr.cpp:37] insert wealth god coming cfg fail. repeated cfg! id: 11
W1213 08:21:38.208520 185397248 ActivityMgr.cpp:37] insert wealth god coming cfg fail. repeated cfg! id: 13
W1213 08:21:38.208557 185397248 ActivityMgr.cpp:37] insert wealth god coming cfg fail. repeated cfg! id: 14
W1213 08:21:38.208595 185397248 ActivityMgr.cpp:37] insert wealth god coming cfg fail. repeated cfg! id: 15
W1213 08:21:38.208628 185397248 ActivityMgr.cpp:37] insert wealth god coming cfg fail. repeated cfg! id: 16
W1213 08:21:38.208665 185397248 ActivityMgr.cpp:37] insert wealth god coming cfg fail. repeated cfg! id: 17
W1213 08:21:38.208704 185397248 ActivityMgr.cpp:37] insert wealth god coming cfg fail. repeated cfg! id: 28
W1213 08:21:38.208741 185397248 ActivityMgr.cpp:37] insert wealth god coming cfg fail. repeated cfg! id: 18
W1213 08:21:38.208873 185397248 CenterThread.cpp:3921] OnSubLoadWealthGodHistoryData: 8
W1213 08:21:38.208922 185397248 CenterThread.cpp:3921] OnSubLoadWealthGodHistoryData: 10
W1213 08:21:38.208966 185397248 CenterThread.cpp:3921] OnSubLoadWealthGodHistoryData: 10
W1213 08:21:38.209022 185397248 CenterThread.cpp:3921] OnSubLoadWealthGodHistoryData: 10
W1213 08:21:38.209064 185397248 CenterThread.cpp:3921] OnSubLoadWealthGodHistoryData: 10
W1213 08:21:38.209107 185397248 CenterThread.cpp:3921] OnSubLoadWealthGodHistoryData: 10
W1213 08:21:38.209148 185397248 CenterThread.cpp:3921] OnSubLoadWealthGodHistoryData: 10
W1213 08:21:38.209189 185397248 CenterThread.cpp:3921] OnSubLoadWealthGodHistoryData: 10
W1213 08:21:38.209233 185397248 CenterThread.cpp:3921] OnSubLoadWealthGodHistoryData: 10
W1213 08:21:38.209276 185397248 CenterThread.cpp:3921] OnSubLoadWealthGodHistoryData: 10
W1213 08:21:38.209347 185397248 CenterThread.cpp:3921] OnSubLoadWealthGodHistoryData: 10
W1213 08:21:38.209456 185397248 DuoBaoMgr.cpp:34] insert duo bao cfg fail. repeated cfg! id: 1
W1213 08:21:38.209494 185397248 DuoBaoMgr.cpp:34] insert duo bao cfg fail. repeated cfg! id: 2
W1213 08:21:38.209528 185397248 DuoBaoMgr.cpp:34] insert duo bao cfg fail. repeated cfg! id: 3
W1213 08:21:38.209561 185397248 DuoBaoMgr.cpp:34] insert duo bao cfg fail. repeated cfg! id: 26
W1213 08:21:38.209595 185397248 DuoBaoMgr.cpp:34] insert duo bao cfg fail. repeated cfg! id: 28
W1213 08:21:38.209630 185397248 DuoBaoMgr.cpp:34] insert duo bao cfg fail. repeated cfg! id: 29
W1213 08:21:38.209662 185397248 DuoBaoMgr.cpp:34] insert duo bao cfg fail. repeated cfg! id: 30
W1213 08:21:38.209695 185397248 DuoBaoMgr.cpp:34] insert duo bao cfg fail. repeated cfg! id: 31
W1213 08:21:38.209728 185397248 DuoBaoMgr.cpp:34] insert duo bao cfg fail. repeated cfg! id: 32
W1213 08:21:38.210041 185397248 DuoBaoMgr.cpp:94] has the same doing data? id: 1
W1213 08:21:38.210072 185397248 DuoBaoMgr.cpp:94] has the same doing data? id: 2
W1213 08:21:38.210098 185397248 DuoBaoMgr.cpp:94] has the same doing data? id: 2
W1213 08:21:38.210125 185397248 DuoBaoMgr.cpp:94] has the same doing data? id: 3
W1213 08:21:38.210165 185397248 DuoBaoMgr.cpp:94] has the same doing data? id: 3
W1213 08:21:38.210192 185397248 DuoBaoMgr.cpp:94] has the same doing data? id: 26
W1213 08:21:38.210218 185397248 DuoBaoMgr.cpp:94] has the same doing data? id: 26
W1213 08:21:38.210244 185397248 DuoBaoMgr.cpp:94] has the same doing data? id: 28
W1213 08:21:38.210270 185397248 DuoBaoMgr.cpp:94] has the same doing data? id: 28
W1213 08:21:38.210295 185397248 DuoBaoMgr.cpp:94] has the same doing data? id: 29
W1213 08:21:38.210321 185397248 DuoBaoMgr.cpp:94] has the same doing data? id: 29
W1213 08:21:38.210350 185397248 DuoBaoMgr.cpp:94] has the same doing data? id: 31
W1213 08:21:38.210376 185397248 DuoBaoMgr.cpp:94] has the same doing data? id: 32
W1213 08:21:38.210410 185397248 DuoBaoMgr.cpp:175] load duo bao data finish.
I1213 10:02:34.425596 325195200 NetServer.cpp:88] delete io...127.0.0.1:62264
W1213 10:02:34.425698 185397248 ServerMgr.cpp:827] remove one game server, id:1101
I1213 10:02:46.862802 325195200 NetServer.cpp:55] accept io...127.0.0.1:62493
I1213 10:02:48.257387 185397248 ServerMgr.cpp:187] register one game server: 127.0.0.1:62493
I1213 10:56:31.432611 325195200 NetServer.cpp:88] delete io...127.0.0.1:62493
W1213 10:56:31.433092 185397248 ServerMgr.cpp:827] remove one game server, id:1101
I1213 10:56:34.268348 325195200 NetServer.cpp:55] accept io...127.0.0.1:62817
I1213 10:56:35.654923 185397248 ServerMgr.cpp:187] register one game server: 127.0.0.1:62817
