I1230 06:40:35.664821 81778112 NetServer.cpp:88] delete io...127.0.0.1:52220
I1230 06:40:35.664880 81778112 NetServer.cpp:88] delete io...127.0.0.1:52213
I1230 06:40:35.664907 81778112 NetServer.cpp:88] delete io...127.0.0.1:52215
W1230 06:40:35.666517 252551168 ServerMgr.cpp:851] remove one login server, id:10
W1230 06:40:35.666551 252551168 ServerMgr.cpp:835] remove one game server, id:1101
W1230 06:40:35.666574 252551168 ServerMgr.cpp:874] remove one proxy server, id:30
W1230 06:40:35.666591 252551168 CenterThread.cpp:120] db server is disconnect, after 1s will be reconnect!
W1230 06:40:37.149150 81778112 NetModule.cpp:703] ready reconnect server, server id: 0
I1230 06:40:37.149255 81778112 NetConnector.cpp:216] connect to: 0.0.0.0:6001 success! 
I1230 06:40:37.149379 81778112 NetServer.cpp:55] accept io...127.0.0.1:52230
I1230 06:40:37.149643 252551168 CenterThread.cpp:87] connect to db server succ!
I1230 06:40:37.174129 252551168 ServerMgr.cpp:187] register one game server: 127.0.0.1:52230
I1230 06:40:39.156277 81778112 NetServer.cpp:55] accept io...127.0.0.1:52247
I1230 06:40:39.171172 252551168 ServerMgr.cpp:54] register one proxy server: 127.0.0.1:52247
I1230 06:40:45.682137 81778112 NetServer.cpp:55] accept io...127.0.0.1:52259
I1230 06:40:45.693636 252551168 ServerMgr.cpp:477] register one login server: 127.0.0.1:52259
I1230 06:49:30.860056 81778112 NetServer.cpp:88] delete io...127.0.0.1:52247
W1230 06:49:30.861891 252551168 ServerMgr.cpp:874] remove one proxy server, id:30
I1230 06:49:30.870708 81778112 NetServer.cpp:88] delete io...127.0.0.1:52230
W1230 06:49:30.872565 252551168 ServerMgr.cpp:835] remove one game server, id:1101
I1230 06:49:30.872637 81778112 NetServer.cpp:88] delete io...127.0.0.1:52259
W1230 06:49:30.872647 252551168 ServerMgr.cpp:851] remove one login server, id:10
W1230 06:49:30.879015 252551168 CenterThread.cpp:120] db server is disconnect, after 1s will be reconnect!
I1230 06:49:32.341316 81778112 NetServer.cpp:55] accept io...127.0.0.1:52559
W1230 06:49:32.345371 81778112 NetModule.cpp:703] ready reconnect server, server id: 0
I1230 06:49:32.345451 81778112 NetConnector.cpp:216] connect to: 0.0.0.0:6001 success! 
I1230 06:49:32.347374 252551168 CenterThread.cpp:87] connect to db server succ!
I1230 06:49:32.364679 252551168 ServerMgr.cpp:187] register one game server: 127.0.0.1:52559
I1230 06:49:34.363689 81778112 NetServer.cpp:55] accept io...127.0.0.1:52564
I1230 06:49:34.387912 252551168 ServerMgr.cpp:54] register one proxy server: 127.0.0.1:52564
I1230 06:49:44.139061 81778112 NetServer.cpp:55] accept io...127.0.0.1:52576
I1230 06:49:44.150674 252551168 ServerMgr.cpp:477] register one login server: 127.0.0.1:52576
I1230 07:36:30.710458 81778112 NetServer.cpp:88] delete io...127.0.0.1:52559
W1230 07:36:30.712527 252551168 ServerMgr.cpp:835] remove one game server, id:1101
I1230 07:36:30.717281 81778112 NetServer.cpp:88] delete io...127.0.0.1:52576
W1230 07:36:30.717459 252551168 ServerMgr.cpp:851] remove one login server, id:10
I1230 07:36:30.717500 81778112 NetServer.cpp:88] delete io...127.0.0.1:52564
W1230 07:36:30.719658 252551168 ServerMgr.cpp:874] remove one proxy server, id:30
W1230 07:36:30.719688 252551168 CenterThread.cpp:120] db server is disconnect, after 1s will be reconnect!
W1230 07:36:32.189919 81778112 NetModule.cpp:703] ready reconnect server, server id: 0
I1230 07:36:32.190012 81778112 NetConnector.cpp:216] connect to: 0.0.0.0:6001 success! 
I1230 07:36:32.190493 252551168 CenterThread.cpp:87] connect to db server succ!
I1230 07:36:32.199640 81778112 NetServer.cpp:55] accept io...127.0.0.1:52656
I1230 07:36:32.230432 252551168 ServerMgr.cpp:187] register one game server: 127.0.0.1:52656
I1230 07:36:34.214257 81778112 NetServer.cpp:55] accept io...127.0.0.1:52673
I1230 07:36:34.240427 252551168 ServerMgr.cpp:54] register one proxy server: 127.0.0.1:52673
I1230 07:36:41.235991 81778112 NetServer.cpp:55] accept io...127.0.0.1:52689
I1230 07:36:41.242754 252551168 ServerMgr.cpp:477] register one login server: 127.0.0.1:52689
I1230 08:41:34.377979 81778112 NetServer.cpp:88] delete io...127.0.0.1:52689
I1230 08:41:34.378113 81778112 NetServer.cpp:88] delete io...127.0.0.1:52673
I1230 08:41:34.378149 81778112 NetServer.cpp:88] delete io...127.0.0.1:52656
W1230 08:41:34.378242 252551168 ServerMgr.cpp:851] remove one login server, id:10
W1230 08:41:34.378288 252551168 ServerMgr.cpp:874] remove one proxy server, id:30
W1230 08:41:34.378321 252551168 ServerMgr.cpp:835] remove one game server, id:1101
W1230 08:41:34.378352 252551168 CenterThread.cpp:120] db server is disconnect, after 1s will be reconnect!
W1230 08:41:35.862679 81778112 NetModule.cpp:703] ready reconnect server, server id: 0
I1230 08:41:35.862759 81778112 NetConnector.cpp:216] connect to: 0.0.0.0:6001 success! 
I1230 08:41:35.865130 252551168 CenterThread.cpp:87] connect to db server succ!
I1230 08:41:35.865495 81778112 NetServer.cpp:55] accept io...127.0.0.1:52813
I1230 08:41:35.891836 252551168 ServerMgr.cpp:187] register one game server: 127.0.0.1:52813
I1230 08:41:37.867982 81778112 NetServer.cpp:55] accept io...127.0.0.1:52830
I1230 08:41:37.878829 252551168 ServerMgr.cpp:54] register one proxy server: 127.0.0.1:52830
I1230 08:41:44.912880 81778112 NetServer.cpp:55] accept io...127.0.0.1:52854
I1230 08:41:44.933320 252551168 ServerMgr.cpp:477] register one login server: 127.0.0.1:52854
I1230 09:45:02.385370 81778112 NetServer.cpp:88] delete io...127.0.0.1:52854
I1230 09:45:02.385449 81778112 NetServer.cpp:88] delete io...127.0.0.1:52830
I1230 09:45:02.385476 81778112 NetServer.cpp:88] delete io...127.0.0.1:52813
W1230 09:45:02.385565 252551168 ServerMgr.cpp:851] remove one login server, id:10
W1230 09:45:02.385849 252551168 ServerMgr.cpp:874] remove one proxy server, id:30
W1230 09:45:02.385912 252551168 ServerMgr.cpp:835] remove one game server, id:1101
W1230 09:45:02.385942 252551168 CenterThread.cpp:120] db server is disconnect, after 1s will be reconnect!
I1230 09:45:03.866129 81778112 NetServer.cpp:55] accept io...127.0.0.1:52988
W1230 09:45:03.871639 81778112 NetModule.cpp:703] ready reconnect server, server id: 0
I1230 09:45:03.871834 81778112 NetConnector.cpp:216] connect to: 0.0.0.0:6001 success! 
I1230 09:45:03.874460 252551168 CenterThread.cpp:87] connect to db server succ!
I1230 09:45:03.891129 252551168 ServerMgr.cpp:187] register one game server: 127.0.0.1:52988
I1230 09:45:05.872877 81778112 NetServer.cpp:55] accept io...127.0.0.1:53006
I1230 09:45:05.899047 252551168 ServerMgr.cpp:54] register one proxy server: 127.0.0.1:53006
I1230 09:45:12.414896 81778112 NetServer.cpp:55] accept io...127.0.0.1:53016
I1230 09:45:12.439152 252551168 ServerMgr.cpp:477] register one login server: 127.0.0.1:53016
I1230 11:45:04.403287 81778112 NetServer.cpp:88] delete io...127.0.0.1:53016
W1230 11:45:04.404842 252551168 ServerMgr.cpp:851] remove one login server, id:10
I1230 11:45:04.409368 81778112 NetServer.cpp:88] delete io...127.0.0.1:52988
W1230 11:45:04.409613 252551168 ServerMgr.cpp:835] remove one game server, id:1101
W1230 11:45:04.409648 252551168 ServerMgr.cpp:874] remove one proxy server, id:30
I1230 11:45:04.409653 81778112 NetServer.cpp:88] delete io...127.0.0.1:53006
W1230 11:45:04.411823 252551168 CenterThread.cpp:120] db server is disconnect, after 1s will be reconnect!
W1230 11:45:05.893959 81778112 NetModule.cpp:703] ready reconnect server, server id: 0
I1230 11:45:05.894055 81778112 NetConnector.cpp:216] connect to: 0.0.0.0:6001 success! 
I1230 11:45:05.896867 252551168 CenterThread.cpp:87] connect to db server succ!
I1230 11:45:05.900744 81778112 NetServer.cpp:55] accept io...127.0.0.1:54296
I1230 11:45:05.906592 252551168 ServerMgr.cpp:187] register one game server: 127.0.0.1:54296
I1230 11:45:07.897881 81778112 NetServer.cpp:55] accept io...127.0.0.1:54309
I1230 11:45:07.903041 252551168 ServerMgr.cpp:54] register one proxy server: 127.0.0.1:54309
I1230 11:45:14.441090 81778112 NetServer.cpp:55] accept io...127.0.0.1:54313
I1230 11:45:14.464944 252551168 ServerMgr.cpp:477] register one login server: 127.0.0.1:54313
I1230 12:50:44.408107 81778112 NetServer.cpp:88] delete io...127.0.0.1:54309
W1230 12:50:44.410943 252551168 ServerMgr.cpp:874] remove one proxy server, id:30
I1230 12:50:44.413592 81778112 NetServer.cpp:88] delete io...127.0.0.1:54313
W1230 12:50:44.413986 252551168 ServerMgr.cpp:851] remove one login server, id:10
I1230 12:50:44.414026 81778112 NetServer.cpp:88] delete io...127.0.0.1:54296
W1230 12:50:44.416116 252551168 ServerMgr.cpp:835] remove one game server, id:1101
W1230 12:50:44.416327 252551168 CenterThread.cpp:120] db server is disconnect, after 1s will be reconnect!
W1230 12:50:45.886081 81778112 NetModule.cpp:703] ready reconnect server, server id: 0
I1230 12:50:45.886210 81778112 NetConnector.cpp:216] connect to: 0.0.0.0:6001 success! 
I1230 12:50:45.886746 252551168 CenterThread.cpp:87] connect to db server succ!
I1230 12:50:45.890774 81778112 NetServer.cpp:55] accept io...127.0.0.1:54458
I1230 12:50:45.909138 252551168 ServerMgr.cpp:187] register one game server: 127.0.0.1:54458
I1230 12:50:47.897696 81778112 NetServer.cpp:55] accept io...127.0.0.1:54471
I1230 12:50:47.912349 252551168 ServerMgr.cpp:54] register one proxy server: 127.0.0.1:54471
I1230 12:50:54.925081 81778112 NetServer.cpp:55] accept io...127.0.0.1:54483
I1230 12:50:54.948590 252551168 ServerMgr.cpp:477] register one login server: 127.0.0.1:54483
I1230 13:56:24.411466 81778112 NetServer.cpp:88] delete io...127.0.0.1:54483
W1230 13:56:24.411908 252551168 ServerMgr.cpp:851] remove one login server, id:10
I1230 13:56:24.431360 81778112 NetServer.cpp:88] delete io...127.0.0.1:54458
W1230 13:56:24.431542 252551168 ServerMgr.cpp:835] remove one game server, id:1101
I1230 13:56:24.431572 81778112 NetServer.cpp:88] delete io...127.0.0.1:54471
W1230 13:56:24.431607 252551168 ServerMgr.cpp:874] remove one proxy server, id:30
W1230 13:56:24.433898 252551168 CenterThread.cpp:120] db server is disconnect, after 1s will be reconnect!
W1230 13:56:25.896787 81778112 NetModule.cpp:703] ready reconnect server, server id: 0
I1230 13:56:25.896867 81778112 NetConnector.cpp:216] connect to: 0.0.0.0:6001 success! 
I1230 13:56:25.898474 252551168 CenterThread.cpp:87] connect to db server succ!
I1230 13:56:25.903069 81778112 NetServer.cpp:55] accept io...127.0.0.1:54620
I1230 13:56:25.912212 252551168 ServerMgr.cpp:187] register one game server: 127.0.0.1:54620
I1230 13:56:27.906160 81778112 NetServer.cpp:55] accept io...127.0.0.1:54633
I1230 13:56:27.911530 252551168 ServerMgr.cpp:54] register one proxy server: 127.0.0.1:54633
I1230 13:56:34.955171 81778112 NetServer.cpp:55] accept io...127.0.0.1:54645
I1230 13:56:34.960780 252551168 ServerMgr.cpp:477] register one login server: 127.0.0.1:54645
I1230 15:02:04.408521 81778112 NetServer.cpp:88] delete io...127.0.0.1:54620
W1230 15:02:04.410382 252551168 ServerMgr.cpp:835] remove one game server, id:1101
I1230 15:02:04.417212 81778112 NetServer.cpp:88] delete io...127.0.0.1:54645
W1230 15:02:04.417299 252551168 ServerMgr.cpp:851] remove one login server, id:10
I1230 15:02:04.417351 81778112 NetServer.cpp:88] delete io...127.0.0.1:54633
W1230 15:02:04.417405 252551168 ServerMgr.cpp:874] remove one proxy server, id:30
W1230 15:02:04.420419 252551168 CenterThread.cpp:120] db server is disconnect, after 1s will be reconnect!
W1230 15:02:05.894975 81778112 NetModule.cpp:703] ready reconnect server, server id: 0
I1230 15:02:05.895063 81778112 NetConnector.cpp:216] connect to: 0.0.0.0:6001 success! 
I1230 15:02:05.895164 81778112 NetServer.cpp:55] accept io...127.0.0.1:54782
I1230 15:02:05.896842 252551168 CenterThread.cpp:87] connect to db server succ!
I1230 15:02:05.921309 252551168 ServerMgr.cpp:187] register one game server: 127.0.0.1:54782
I1230 15:02:07.906776 81778112 NetServer.cpp:55] accept io...127.0.0.1:54795
I1230 15:02:07.929965 252551168 ServerMgr.cpp:54] register one proxy server: 127.0.0.1:54795
I1230 15:02:14.440852 81778112 NetServer.cpp:55] accept io...127.0.0.1:54799
I1230 15:02:14.449931 252551168 ServerMgr.cpp:477] register one login server: 127.0.0.1:54799
I1230 16:07:45.413107 81778112 NetServer.cpp:88] delete io...127.0.0.1:54782
W1230 16:07:45.414883 252551168 ServerMgr.cpp:835] remove one game server, id:1101
I1230 16:07:45.418476 81778112 NetServer.cpp:88] delete io...127.0.0.1:54799
W1230 16:07:45.418778 252551168 ServerMgr.cpp:851] remove one login server, id:10
I1230 16:07:45.418826 81778112 NetServer.cpp:88] delete io...127.0.0.1:54795
W1230 16:07:45.421416 252551168 ServerMgr.cpp:874] remove one proxy server, id:30
W1230 16:07:45.441246 252551168 CenterThread.cpp:120] db server is disconnect, after 1s will be reconnect!
W1230 16:07:46.897646 81778112 NetModule.cpp:703] ready reconnect server, server id: 0
I1230 16:07:46.897752 81778112 NetConnector.cpp:216] connect to: 0.0.0.0:6001 success! 
I1230 16:07:46.897801 252551168 CenterThread.cpp:87] connect to db server succ!
I1230 16:07:46.902437 81778112 NetServer.cpp:55] accept io...127.0.0.1:54942
I1230 16:07:46.906221 252551168 ServerMgr.cpp:187] register one game server: 127.0.0.1:54942
I1230 16:07:48.911767 81778112 NetServer.cpp:55] accept io...127.0.0.1:54955
I1230 16:07:48.931797 252551168 ServerMgr.cpp:54] register one proxy server: 127.0.0.1:54955
I1230 16:07:55.948658 81778112 NetServer.cpp:55] accept io...127.0.0.1:54967
I1230 16:07:55.966392 252551168 ServerMgr.cpp:477] register one login server: 127.0.0.1:54967
I1230 17:13:26.423503 81778112 NetServer.cpp:88] delete io...127.0.0.1:54967
I1230 17:13:26.423668 81778112 NetServer.cpp:88] delete io...127.0.0.1:54942
I1230 17:13:26.423702 81778112 NetServer.cpp:88] delete io...127.0.0.1:54955
W1230 17:13:26.425041 252551168 ServerMgr.cpp:851] remove one login server, id:10
W1230 17:13:26.425283 252551168 ServerMgr.cpp:835] remove one game server, id:1101
W1230 17:13:26.425319 252551168 ServerMgr.cpp:874] remove one proxy server, id:30
W1230 17:13:26.425506 252551168 CenterThread.cpp:120] db server is disconnect, after 1s will be reconnect!
W1230 17:13:27.897572 81778112 NetModule.cpp:703] ready reconnect server, server id: 0
I1230 17:13:27.897660 81778112 NetConnector.cpp:216] connect to: 0.0.0.0:6001 success! 
I1230 17:13:27.897771 81778112 NetServer.cpp:55] accept io...127.0.0.1:55103
I1230 17:13:27.900477 252551168 CenterThread.cpp:87] connect to db server succ!
I1230 17:13:27.927739 252551168 ServerMgr.cpp:187] register one game server: 127.0.0.1:55103
I1230 17:13:29.906381 81778112 NetServer.cpp:55] accept io...127.0.0.1:55116
I1230 17:13:29.932337 252551168 ServerMgr.cpp:54] register one proxy server: 127.0.0.1:55116
I1230 17:13:36.940053 81778112 NetServer.cpp:55] accept io...127.0.0.1:55132
I1230 17:13:36.950130 252551168 ServerMgr.cpp:477] register one login server: 127.0.0.1:55132
I1230 18:19:06.411495 81778112 NetServer.cpp:88] delete io...127.0.0.1:55116
I1230 18:19:06.411622 81778112 NetServer.cpp:88] delete io...127.0.0.1:55103
I1230 18:19:06.411705 81778112 NetServer.cpp:88] delete io...127.0.0.1:55132
W1230 18:19:06.413317 252551168 ServerMgr.cpp:874] remove one proxy server, id:30
W1230 18:19:06.413372 252551168 ServerMgr.cpp:835] remove one game server, id:1101
W1230 18:19:06.413408 252551168 ServerMgr.cpp:851] remove one login server, id:10
W1230 18:19:06.413465 252551168 CenterThread.cpp:120] db server is disconnect, after 1s will be reconnect!
W1230 18:19:07.893265 81778112 NetModule.cpp:703] ready reconnect server, server id: 0
I1230 18:19:07.893399 81778112 NetConnector.cpp:216] connect to: 0.0.0.0:6001 success! 
I1230 18:19:07.895362 252551168 CenterThread.cpp:87] connect to db server succ!
I1230 18:19:07.895766 81778112 NetServer.cpp:55] accept io...127.0.0.1:55263
I1230 18:19:07.918694 252551168 ServerMgr.cpp:187] register one game server: 127.0.0.1:55263
I1230 18:19:09.918468 81778112 NetServer.cpp:55] accept io...127.0.0.1:55276
I1230 18:19:09.927790 252551168 ServerMgr.cpp:54] register one proxy server: 127.0.0.1:55276
I1230 18:19:16.943727 81778112 NetServer.cpp:55] accept io...127.0.0.1:55288
I1230 18:19:16.966737 252551168 ServerMgr.cpp:477] register one login server: 127.0.0.1:55288
I1230 19:24:47.420564 81778112 NetServer.cpp:88] delete io...127.0.0.1:55288
I1230 19:24:47.420672 81778112 NetServer.cpp:88] delete io...127.0.0.1:55263
I1230 19:24:47.420706 81778112 NetServer.cpp:88] delete io...127.0.0.1:55276
W1230 19:24:47.420723 252551168 ServerMgr.cpp:851] remove one login server, id:10
W1230 19:24:47.420838 252551168 ServerMgr.cpp:835] remove one game server, id:1101
W1230 19:24:47.420879 252551168 ServerMgr.cpp:874] remove one proxy server, id:30
W1230 19:24:47.420913 252551168 CenterThread.cpp:120] db server is disconnect, after 1s will be reconnect!
W1230 19:24:48.902401 81778112 NetModule.cpp:703] ready reconnect server, server id: 0
I1230 19:24:48.902523 81778112 NetConnector.cpp:216] connect to: 0.0.0.0:6001 success! 
I1230 19:24:48.902542 252551168 CenterThread.cpp:87] connect to db server succ!
I1230 19:24:48.905750 81778112 NetServer.cpp:55] accept io...127.0.0.1:55433
I1230 19:24:48.926257 252551168 ServerMgr.cpp:187] register one game server: 127.0.0.1:55433
I1230 19:24:50.922605 81778112 NetServer.cpp:55] accept io...127.0.0.1:55446
I1230 19:24:50.947564 252551168 ServerMgr.cpp:54] register one proxy server: 127.0.0.1:55446
I1230 19:24:57.922025 81778112 NetServer.cpp:55] accept io...127.0.0.1:55458
I1230 19:24:57.941839 252551168 ServerMgr.cpp:477] register one login server: 127.0.0.1:55458
I1230 20:01:11.419476 81778112 NetServer.cpp:88] delete io...127.0.0.1:55458
I1230 20:01:11.419674 81778112 NetServer.cpp:88] delete io...127.0.0.1:55446
I1230 20:01:11.419708 81778112 NetServer.cpp:88] delete io...127.0.0.1:55433
W1230 20:01:11.420281 252551168 ServerMgr.cpp:851] remove one login server, id:10
W1230 20:01:11.420339 252551168 ServerMgr.cpp:874] remove one proxy server, id:30
W1230 20:01:11.420392 252551168 ServerMgr.cpp:835] remove one game server, id:1101
W1230 20:01:11.420426 252551168 CenterThread.cpp:120] db server is disconnect, after 1s will be reconnect!
W1230 20:01:12.901088 81778112 NetModule.cpp:703] ready reconnect server, server id: 0
I1230 20:01:12.901183 81778112 NetConnector.cpp:216] connect to: 0.0.0.0:6001 success! 
I1230 20:01:12.903995 252551168 CenterThread.cpp:87] connect to db server succ!
I1230 20:01:12.904448 81778112 NetServer.cpp:55] accept io...127.0.0.1:55593
I1230 20:01:12.913849 252551168 ServerMgr.cpp:187] register one game server: 127.0.0.1:55593
I1230 20:01:14.916995 81778112 NetServer.cpp:55] accept io...127.0.0.1:55606
I1230 20:01:14.943831 252551168 ServerMgr.cpp:54] register one proxy server: 127.0.0.1:55606
I1230 20:01:21.946468 81778112 NetServer.cpp:55] accept io...127.0.0.1:55622
I1230 20:01:21.958138 252551168 ServerMgr.cpp:477] register one login server: 127.0.0.1:55622
I1230 21:06:14.424441 81778112 NetServer.cpp:88] delete io...127.0.0.1:55622
I1230 21:06:14.424520 81778112 NetServer.cpp:88] delete io...127.0.0.1:55593
I1230 21:06:14.424556 81778112 NetServer.cpp:88] delete io...127.0.0.1:55606
W1230 21:06:14.426472 252551168 ServerMgr.cpp:851] remove one login server, id:10
W1230 21:06:14.426544 252551168 ServerMgr.cpp:835] remove one game server, id:1101
W1230 21:06:14.426573 252551168 ServerMgr.cpp:874] remove one proxy server, id:30
W1230 21:06:14.426594 252551168 CenterThread.cpp:120] db server is disconnect, after 1s will be reconnect!
I1230 21:06:15.904153 81778112 NetServer.cpp:55] accept io...127.0.0.1:55754
W1230 21:06:15.906038 81778112 NetModule.cpp:703] ready reconnect server, server id: 0
I1230 21:06:15.906116 81778112 NetConnector.cpp:216] connect to: 0.0.0.0:6001 success! 
I1230 21:06:15.906810 252551168 CenterThread.cpp:87] connect to db server succ!
I1230 21:06:15.929816 252551168 ServerMgr.cpp:187] register one game server: 127.0.0.1:55754
I1230 21:06:17.914544 81778112 NetServer.cpp:55] accept io...127.0.0.1:55768
I1230 21:06:17.944370 252551168 ServerMgr.cpp:54] register one proxy server: 127.0.0.1:55768
I1230 21:06:24.940495 81778112 NetServer.cpp:55] accept io...127.0.0.1:55780
I1230 21:06:24.948789 252551168 ServerMgr.cpp:477] register one login server: 127.0.0.1:55780
I1230 22:11:54.425946 81778112 NetServer.cpp:88] delete io...127.0.0.1:55780
I1230 22:11:54.426157 81778112 NetServer.cpp:88] delete io...127.0.0.1:55768
W1230 22:11:54.426168 252551168 ServerMgr.cpp:851] remove one login server, id:10
I1230 22:11:54.426192 81778112 NetServer.cpp:88] delete io...127.0.0.1:55754
W1230 22:11:54.426223 252551168 ServerMgr.cpp:874] remove one proxy server, id:30
W1230 22:11:54.426630 252551168 ServerMgr.cpp:835] remove one game server, id:1101
W1230 22:11:54.426823 252551168 CenterThread.cpp:120] db server is disconnect, after 1s will be reconnect!
W1230 22:11:55.908380 81778112 NetModule.cpp:703] ready reconnect server, server id: 0
I1230 22:11:55.908454 81778112 NetConnector.cpp:216] connect to: 0.0.0.0:6001 success! 
I1230 22:11:55.909516 252551168 CenterThread.cpp:87] connect to db server succ!
I1230 22:11:55.916069 81778112 NetServer.cpp:55] accept io...127.0.0.1:55919
I1230 22:11:55.929342 252551168 ServerMgr.cpp:187] register one game server: 127.0.0.1:55919
I1230 22:11:57.914971 81778112 NetServer.cpp:55] accept io...127.0.0.1:55932
I1230 22:11:57.938941 252551168 ServerMgr.cpp:54] register one proxy server: 127.0.0.1:55932
I1230 22:12:04.952430 81778112 NetServer.cpp:55] accept io...127.0.0.1:55944
I1230 22:12:04.959741 252551168 ServerMgr.cpp:477] register one login server: 127.0.0.1:55944
I1230 23:17:45.431713 81778112 NetServer.cpp:88] delete io...127.0.0.1:55944
I1230 23:17:45.431800 81778112 NetServer.cpp:88] delete io...127.0.0.1:55932
I1230 23:17:45.431833 81778112 NetServer.cpp:88] delete io...127.0.0.1:55919
W1230 23:17:45.433441 252551168 ServerMgr.cpp:851] remove one login server, id:10
W1230 23:17:45.433701 252551168 ServerMgr.cpp:874] remove one proxy server, id:30
W1230 23:17:45.433743 252551168 ServerMgr.cpp:835] remove one game server, id:1101
W1230 23:17:45.433768 252551168 CenterThread.cpp:120] db server is disconnect, after 1s will be reconnect!
W1230 23:17:46.911936 81778112 NetModule.cpp:703] ready reconnect server, server id: 0
I1230 23:17:46.912071 81778112 NetConnector.cpp:216] connect to: 0.0.0.0:6001 success! 
I1230 23:17:46.912195 81778112 NetServer.cpp:55] accept io...127.0.0.1:56104
I1230 23:17:46.912416 252551168 CenterThread.cpp:87] connect to db server succ!
I1230 23:17:46.917178 252551168 ServerMgr.cpp:187] register one game server: 127.0.0.1:56104
I1230 23:17:48.926426 81778112 NetServer.cpp:55] accept io...127.0.0.1:56121
I1230 23:17:48.948654 252551168 ServerMgr.cpp:54] register one proxy server: 127.0.0.1:56121
I1230 23:17:55.450587 81778112 NetServer.cpp:55] accept io...127.0.0.1:56133
I1230 23:17:55.464857 252551168 ServerMgr.cpp:477] register one login server: 127.0.0.1:56133
W1231 00:23:42.419831 252551168 CenterThread.cpp:304] center server is across day.
I1231 00:23:42.438102 81778112 NetServer.cpp:88] delete io...127.0.0.1:56133
I1231 00:23:42.438158 81778112 NetServer.cpp:88] delete io...127.0.0.1:56121
I1231 00:23:42.438189 81778112 NetServer.cpp:88] delete io...127.0.0.1:56104
I1231 00:23:43.924844 81778112 NetServer.cpp:55] accept io...127.0.0.1:56282
I1231 00:23:45.934628 81778112 NetServer.cpp:55] accept io...127.0.0.1:56287
W1231 00:23:52.429705 252551168 ServerMgr.cpp:851] remove one login server, id:10
W1231 00:23:52.433288 252551168 ServerMgr.cpp:874] remove one proxy server, id:30
W1231 00:23:52.433353 252551168 ServerMgr.cpp:835] remove one game server, id:1101
W1231 00:23:52.433396 252551168 CenterThread.cpp:120] db server is disconnect, after 1s will be reconnect!
I1231 00:23:52.433454 252551168 ServerMgr.cpp:187] register one game server: 127.0.0.1:56282
I1231 00:23:52.433491 252551168 ServerMgr.cpp:54] register one proxy server: 127.0.0.1:56287
I1231 00:23:52.977135 81778112 NetServer.cpp:55] accept io...127.0.0.1:56308
I1231 00:23:53.000486 252551168 ServerMgr.cpp:477] register one login server: 127.0.0.1:56308
W1231 00:23:53.455924 81778112 NetModule.cpp:703] ready reconnect server, server id: 0
I1231 00:23:53.456122 81778112 NetConnector.cpp:216] connect to: 0.0.0.0:6001 success! 
I1231 00:23:53.458678 252551168 CenterThread.cpp:87] connect to db server succ!
I1231 01:29:22.438869 81778112 NetServer.cpp:88] delete io...127.0.0.1:56282
I1231 01:29:22.439079 81778112 NetServer.cpp:88] delete io...127.0.0.1:56308
I1231 01:29:22.439110 81778112 NetServer.cpp:88] delete io...127.0.0.1:56287
W1231 01:29:22.440829 252551168 ServerMgr.cpp:835] remove one game server, id:1101
W1231 01:29:22.440990 252551168 ServerMgr.cpp:851] remove one login server, id:10
W1231 01:29:22.441175 252551168 ServerMgr.cpp:874] remove one proxy server, id:30
W1231 01:29:22.441238 252551168 CenterThread.cpp:120] db server is disconnect, after 1s will be reconnect!
W1231 01:29:23.919817 81778112 NetModule.cpp:703] ready reconnect server, server id: 0
I1231 01:29:23.919922 81778112 NetConnector.cpp:216] connect to: 0.0.0.0:6001 success! 
I1231 01:29:23.920063 81778112 NetServer.cpp:55] accept io...127.0.0.1:56466
I1231 01:29:23.922658 252551168 CenterThread.cpp:87] connect to db server succ!
I1231 01:29:23.950829 252551168 ServerMgr.cpp:187] register one game server: 127.0.0.1:56466
I1231 01:29:25.929500 81778112 NetServer.cpp:55] accept io...127.0.0.1:56483
I1231 01:29:25.943513 252551168 ServerMgr.cpp:54] register one proxy server: 127.0.0.1:56483
I1231 01:29:32.457146 81778112 NetServer.cpp:55] accept io...127.0.0.1:56495
I1231 01:29:32.484912 252551168 ServerMgr.cpp:477] register one login server: 127.0.0.1:56495
I1231 02:35:03.435111 81778112 NetServer.cpp:88] delete io...127.0.0.1:56466
W1231 02:35:03.435204 252551168 ServerMgr.cpp:835] remove one game server, id:1101
I1231 02:35:03.435212 81778112 NetServer.cpp:88] delete io...127.0.0.1:56483
W1231 02:35:03.435256 252551168 ServerMgr.cpp:874] remove one proxy server, id:30
I1231 02:35:03.435297 81778112 NetServer.cpp:88] delete io...127.0.0.1:56495
W1231 02:35:03.435324 252551168 ServerMgr.cpp:851] remove one login server, id:10
W1231 02:35:03.441841 252551168 CenterThread.cpp:120] db server is disconnect, after 1s will be reconnect!
W1231 02:35:04.924019 81778112 NetModule.cpp:703] ready reconnect server, server id: 0
I1231 02:35:04.924209 81778112 NetConnector.cpp:216] connect to: 0.0.0.0:6001 success! 
I1231 02:35:04.924499 81778112 NetServer.cpp:55] accept io...127.0.0.1:56638
I1231 02:35:04.926818 252551168 CenterThread.cpp:87] connect to db server succ!
I1231 02:35:04.946416 252551168 ServerMgr.cpp:187] register one game server: 127.0.0.1:56638
I1231 02:35:06.931687 81778112 NetServer.cpp:55] accept io...127.0.0.1:56651
I1231 02:35:06.940325 252551168 ServerMgr.cpp:54] register one proxy server: 127.0.0.1:56651
I1231 02:35:13.965900 81778112 NetServer.cpp:55] accept io...127.0.0.1:56663
I1231 02:35:13.991950 252551168 ServerMgr.cpp:477] register one login server: 127.0.0.1:56663
I1231 03:40:43.434954 81778112 NetServer.cpp:88] delete io...127.0.0.1:56651
I1231 03:40:43.435051 81778112 NetServer.cpp:88] delete io...127.0.0.1:56638
W1231 03:40:43.435050 252551168 ServerMgr.cpp:874] remove one proxy server, id:30
I1231 03:40:43.435092 81778112 NetServer.cpp:88] delete io...127.0.0.1:56663
W1231 03:40:43.435173 252551168 ServerMgr.cpp:835] remove one game server, id:1101
W1231 03:40:43.435230 252551168 ServerMgr.cpp:851] remove one login server, id:10
W1231 03:40:43.435262 252551168 CenterThread.cpp:120] db server is disconnect, after 1s will be reconnect!
I1231 03:40:44.916014 81778112 NetServer.cpp:55] accept io...127.0.0.1:56815
W1231 03:40:44.921375 81778112 NetModule.cpp:703] ready reconnect server, server id: 0
I1231 03:40:44.921464 81778112 NetConnector.cpp:216] connect to: 0.0.0.0:6001 success! 
I1231 03:40:44.924301 252551168 CenterThread.cpp:87] connect to db server succ!
I1231 03:40:44.937927 252551168 ServerMgr.cpp:187] register one game server: 127.0.0.1:56815
I1231 03:40:46.933619 81778112 NetServer.cpp:55] accept io...127.0.0.1:56833
I1231 03:40:46.943922 252551168 ServerMgr.cpp:54] register one proxy server: 127.0.0.1:56833
I1231 03:40:53.968024 81778112 NetServer.cpp:55] accept io...127.0.0.1:56853
I1231 03:40:53.994578 252551168 ServerMgr.cpp:477] register one login server: 127.0.0.1:56853
I1231 04:46:24.438153 81778112 NetServer.cpp:88] delete io...127.0.0.1:56833
I1231 04:46:24.438271 81778112 NetServer.cpp:88] delete io...127.0.0.1:56815
I1231 04:46:24.438305 81778112 NetServer.cpp:88] delete io...127.0.0.1:56853
W1231 04:46:24.438647 252551168 ServerMgr.cpp:874] remove one proxy server, id:30
W1231 04:46:24.438699 252551168 ServerMgr.cpp:835] remove one game server, id:1101
W1231 04:46:24.438731 252551168 ServerMgr.cpp:851] remove one login server, id:10
W1231 04:46:24.441117 252551168 CenterThread.cpp:120] db server is disconnect, after 1s will be reconnect!
W1231 04:46:25.924341 81778112 NetModule.cpp:703] ready reconnect server, server id: 0
I1231 04:46:25.924423 81778112 NetConnector.cpp:216] connect to: 0.0.0.0:6001 success! 
I1231 04:46:25.925809 252551168 CenterThread.cpp:87] connect to db server succ!
I1231 04:46:25.932880 81778112 NetServer.cpp:55] accept io...127.0.0.1:56986
I1231 04:46:25.956290 252551168 ServerMgr.cpp:187] register one game server: 127.0.0.1:56986
I1231 04:46:27.947103 81778112 NetServer.cpp:55] accept io...127.0.0.1:57003
I1231 04:46:27.975533 252551168 ServerMgr.cpp:54] register one proxy server: 127.0.0.1:57003
I1231 04:46:34.966773 81778112 NetServer.cpp:55] accept io...127.0.0.1:57023
I1231 04:46:34.994105 252551168 ServerMgr.cpp:477] register one login server: 127.0.0.1:57023
W1231 05:52:04.439038 252551168 ServerMgr.cpp:851] remove one login server, id:10
I1231 05:52:04.438705 81778112 NetServer.cpp:88] delete io...127.0.0.1:57023
I1231 05:52:04.439216 81778112 NetServer.cpp:88] delete io...127.0.0.1:57003
I1231 05:52:04.439446 81778112 NetServer.cpp:88] delete io...127.0.0.1:56986
W1231 05:52:04.441423 252551168 ServerMgr.cpp:874] remove one proxy server, id:30
W1231 05:52:04.441500 252551168 ServerMgr.cpp:835] remove one game server, id:1101
W1231 05:52:04.441524 252551168 CenterThread.cpp:120] db server is disconnect, after 1s will be reconnect!
I1231 05:52:05.930001 81778112 NetServer.cpp:55] accept io...127.0.0.1:57163
W1231 05:52:05.930541 81778112 NetModule.cpp:703] ready reconnect server, server id: 0
I1231 05:52:05.930670 81778112 NetConnector.cpp:216] connect to: 0.0.0.0:6001 success! 
I1231 05:52:05.932276 252551168 CenterThread.cpp:87] connect to db server succ!
I1231 05:52:05.955183 252551168 ServerMgr.cpp:187] register one game server: 127.0.0.1:57163
I1231 05:52:07.939749 81778112 NetServer.cpp:55] accept io...127.0.0.1:57189
I1231 05:52:07.967927 252551168 ServerMgr.cpp:54] register one proxy server: 127.0.0.1:57189
I1231 05:52:14.961271 81778112 NetServer.cpp:55] accept io...127.0.0.1:57201
I1231 05:52:14.987085 252551168 ServerMgr.cpp:477] register one login server: 127.0.0.1:57201
I1231 06:57:45.442797 81778112 NetServer.cpp:88] delete io...127.0.0.1:57163
I1231 06:57:45.442935 81778112 NetServer.cpp:88] delete io...127.0.0.1:57189
I1231 06:57:45.442962 81778112 NetServer.cpp:88] delete io...127.0.0.1:57201
W1231 06:57:45.444813 252551168 ServerMgr.cpp:835] remove one game server, id:1101
W1231 06:57:45.444865 252551168 ServerMgr.cpp:874] remove one proxy server, id:30
W1231 06:57:45.444897 252551168 ServerMgr.cpp:851] remove one login server, id:10
W1231 06:57:45.444924 252551168 CenterThread.cpp:120] db server is disconnect, after 1s will be reconnect!
W1231 06:57:46.929481 81778112 NetModule.cpp:703] ready reconnect server, server id: 0
I1231 06:57:46.929584 81778112 NetConnector.cpp:216] connect to: 0.0.0.0:6001 success! 
I1231 06:57:46.932420 252551168 CenterThread.cpp:87] connect to db server succ!
I1231 06:57:46.933094 81778112 NetServer.cpp:55] accept io...127.0.0.1:57338
I1231 06:57:46.944571 252551168 ServerMgr.cpp:187] register one game server: 127.0.0.1:57338
I1231 06:57:48.935518 81778112 NetServer.cpp:55] accept io...127.0.0.1:57355
I1231 06:57:48.955214 252551168 ServerMgr.cpp:54] register one proxy server: 127.0.0.1:57355
I1231 06:57:55.974025 81778112 NetServer.cpp:55] accept io...127.0.0.1:57367
I1231 06:57:55.998790 252551168 ServerMgr.cpp:477] register one login server: 127.0.0.1:57367
I1231 08:03:27.446403 81778112 NetServer.cpp:88] delete io...127.0.0.1:57367
I1231 08:03:27.446498 81778112 NetServer.cpp:88] delete io...127.0.0.1:57355
I1231 08:03:27.446535 81778112 NetServer.cpp:88] delete io...127.0.0.1:57338
W1231 08:03:27.447418 252551168 ServerMgr.cpp:851] remove one login server, id:10
W1231 08:03:27.447513 252551168 ServerMgr.cpp:874] remove one proxy server, id:30
W1231 08:03:27.447544 252551168 ServerMgr.cpp:835] remove one game server, id:1101
W1231 08:03:27.447613 252551168 CenterThread.cpp:120] db server is disconnect, after 1s will be reconnect!
W1231 08:03:28.930440 81778112 NetModule.cpp:703] ready reconnect server, server id: 0
I1231 08:03:28.930619 81778112 NetConnector.cpp:216] connect to: 0.0.0.0:6001 success! 
I1231 08:03:28.930922 81778112 NetServer.cpp:55] accept io...127.0.0.1:57510
I1231 08:03:28.933209 252551168 CenterThread.cpp:87] connect to db server succ!
I1231 08:03:28.960983 252551168 ServerMgr.cpp:187] register one game server: 127.0.0.1:57510
I1231 08:03:30.944825 81778112 NetServer.cpp:55] accept io...127.0.0.1:57527
I1231 08:03:30.962596 252551168 ServerMgr.cpp:54] register one proxy server: 127.0.0.1:57527
I1231 08:03:37.958375 81778112 NetServer.cpp:55] accept io...127.0.0.1:57533
I1231 08:03:37.963992 252551168 ServerMgr.cpp:477] register one login server: 127.0.0.1:57533
I1231 09:09:07.448580 81778112 NetServer.cpp:88] delete io...127.0.0.1:57510
I1231 09:09:07.448786 81778112 NetServer.cpp:88] delete io...127.0.0.1:57533
I1231 09:09:07.448810 81778112 NetServer.cpp:88] delete io...127.0.0.1:57527
W1231 09:09:07.450119 252551168 ServerMgr.cpp:835] remove one game server, id:1101
W1231 09:09:07.450158 252551168 ServerMgr.cpp:851] remove one login server, id:10
W1231 09:09:07.450179 252551168 ServerMgr.cpp:874] remove one proxy server, id:30
W1231 09:09:07.452600 252551168 CenterThread.cpp:120] db server is disconnect, after 1s will be reconnect!
W1231 09:09:08.928933 81778112 NetModule.cpp:703] ready reconnect server, server id: 0
I1231 09:09:08.929078 81778112 NetConnector.cpp:216] connect to: 0.0.0.0:6001 success! 
I1231 09:09:08.931211 252551168 CenterThread.cpp:87] connect to db server succ!
I1231 09:09:08.931316 81778112 NetServer.cpp:55] accept io...127.0.0.1:57676
I1231 09:09:08.945919 252551168 ServerMgr.cpp:187] register one game server: 127.0.0.1:57676
I1231 09:09:10.936162 81778112 NetServer.cpp:55] accept io...127.0.0.1:57693
I1231 09:09:10.947002 252551168 ServerMgr.cpp:54] register one proxy server: 127.0.0.1:57693
I1231 09:09:17.984973 81778112 NetServer.cpp:55] accept io...127.0.0.1:57701
I1231 09:09:18.002722 252551168 ServerMgr.cpp:477] register one login server: 127.0.0.1:57701
I1231 09:49:46.463891 81778112 NetServer.cpp:88] delete io...127.0.0.1:57676
W1231 09:49:46.464022 252551168 ServerMgr.cpp:835] remove one game server, id:1101
I1231 09:49:46.464025 81778112 NetServer.cpp:88] delete io...127.0.0.1:57693
W1231 09:49:46.464068 252551168 ServerMgr.cpp:874] remove one proxy server, id:30
I1231 09:49:46.464318 81778112 NetServer.cpp:88] delete io...127.0.0.1:57701
W1231 09:49:46.464361 252551168 ServerMgr.cpp:851] remove one login server, id:10
W1231 09:49:46.464470 252551168 CenterThread.cpp:120] db server is disconnect, after 1s will be reconnect!
W1231 09:49:47.943202 81778112 NetModule.cpp:703] ready reconnect server, server id: 0
I1231 09:49:47.943300 81778112 NetConnector.cpp:216] connect to: 0.0.0.0:6001 success! 
I1231 09:49:47.944424 252551168 CenterThread.cpp:87] connect to db server succ!
I1231 09:49:47.946645 81778112 NetServer.cpp:55] accept io...127.0.0.1:57865
I1231 09:49:47.955183 252551168 ServerMgr.cpp:187] register one game server: 127.0.0.1:57865
I1231 09:49:49.954749 81778112 NetServer.cpp:55] accept io...127.0.0.1:57882
I1231 09:49:49.966259 252551168 ServerMgr.cpp:54] register one proxy server: 127.0.0.1:57882
I1231 09:49:56.973172 81778112 NetServer.cpp:55] accept io...127.0.0.1:57910
I1231 09:49:56.999263 252551168 ServerMgr.cpp:477] register one login server: 127.0.0.1:57910
I1231 10:37:10.492480 81778112 NetServer.cpp:88] delete io...127.0.0.1:57865
W1231 10:37:10.493901 252551168 ServerMgr.cpp:835] remove one game server, id:1101
I1231 10:38:20.636200 81778112 NetServer.cpp:55] accept io...127.0.0.1:58422
I1231 10:38:25.821997 252551168 ServerMgr.cpp:187] register one game server: 127.0.0.1:58422
I1231 11:48:16.389618 81778112 NetServer.cpp:88] delete io...127.0.0.1:58422
W1231 11:48:16.390525 252551168 ServerMgr.cpp:835] remove one game server, id:1101
I1231 11:48:34.129931 81778112 NetServer.cpp:55] accept io...127.0.0.1:58574
I1231 11:48:46.286367 252551168 ServerMgr.cpp:187] register one game server: 127.0.0.1:58574
I1231 12:17:31.232678 81778112 NetServer.cpp:88] delete io...127.0.0.1:58574
W1231 12:17:31.234680 252551168 ServerMgr.cpp:835] remove one game server, id:1101
I1231 12:17:37.992074 81778112 NetServer.cpp:55] accept io...127.0.0.1:58683
I1231 12:17:40.578240 252551168 ServerMgr.cpp:187] register one game server: 127.0.0.1:58683
W1231 13:05:18.439738 252551168 CenterThread.cpp:5018] update online user fail
I1231 14:56:00.378607 81778112 NetServer.cpp:88] delete io...127.0.0.1:58683
W1231 14:56:00.378763 252551168 ServerMgr.cpp:835] remove one game server, id:1101
I1231 14:56:11.451072 81778112 NetServer.cpp:55] accept io...127.0.0.1:58985
I1231 14:56:23.784641 252551168 ServerMgr.cpp:187] register one game server: 127.0.0.1:58985
I1231 15:04:43.409346 81778112 NetServer.cpp:88] delete io...127.0.0.1:58985
W1231 15:04:43.409487 252551168 ServerMgr.cpp:835] remove one game server, id:1101
I1231 15:04:50.880985 81778112 NetServer.cpp:55] accept io...127.0.0.1:59011
I1231 15:04:53.519488 252551168 ServerMgr.cpp:187] register one game server: 127.0.0.1:59011
W1231 15:15:38.105331 252551168 CenterThread.cpp:5018] update online user fail
W1231 15:17:08.574636 252551168 CenterThread.cpp:5018] update online user fail
W1231 15:17:18.576848 252551168 CenterThread.cpp:5018] update online user fail
I1231 15:22:56.679299 81778112 NetServer.cpp:88] delete io...127.0.0.1:59011
W1231 15:22:56.680822 252551168 ServerMgr.cpp:835] remove one game server, id:1101
I1231 15:23:03.545168 81778112 NetServer.cpp:55] accept io...127.0.0.1:59066
I1231 15:23:15.866168 252551168 ServerMgr.cpp:187] register one game server: 127.0.0.1:59066
I1231 16:24:02.253801 81778112 NetServer.cpp:88] delete io...127.0.0.1:59066
W1231 16:24:02.256142 252551168 ServerMgr.cpp:835] remove one game server, id:1101
I1231 16:24:46.805851 81778112 NetServer.cpp:55] accept io...127.0.0.1:59223
I1231 16:24:49.042739 252551168 ServerMgr.cpp:187] register one game server: 127.0.0.1:59223
I1231 16:27:07.937911 81778112 NetServer.cpp:88] delete io...127.0.0.1:59223
W1231 16:27:07.939205 252551168 ServerMgr.cpp:835] remove one game server, id:100
I1231 16:27:13.241312 81778112 NetServer.cpp:55] accept io...127.0.0.1:59256
I1231 16:27:15.515491 252551168 ServerMgr.cpp:187] register one game server: 127.0.0.1:59256
I1231 16:52:39.475682 81778112 NetServer.cpp:88] delete io...127.0.0.1:59256
W1231 16:52:39.477538 252551168 ServerMgr.cpp:835] remove one game server, id:100
I1231 16:52:59.625677 81778112 NetServer.cpp:55] accept io...127.0.0.1:59311
I1231 16:53:37.388929 252551168 ServerMgr.cpp:187] register one game server: 127.0.0.1:59311
I1231 18:14:37.154716 81778112 NetServer.cpp:88] delete io...127.0.0.1:59311
W1231 18:14:37.157001 252551168 ServerMgr.cpp:835] remove one game server, id:1101
I1231 18:14:54.463373 81778112 NetServer.cpp:55] accept io...127.0.0.1:59464
I1231 18:15:06.805166 252551168 ServerMgr.cpp:187] register one game server: 127.0.0.1:59464
I1231 22:20:39.394508 81778112 NetServer.cpp:88] delete io...127.0.0.1:59464
I1231 22:20:39.409304 81778112 NetServer.cpp:88] delete io...127.0.0.1:57910
I1231 22:20:39.410020 81778112 NetServer.cpp:88] delete io...127.0.0.1:57882
W1231 22:20:39.416046 252551168 ServerMgr.cpp:835] remove one game server, id:100
W1231 22:20:39.416132 252551168 ServerMgr.cpp:851] remove one login server, id:10
W1231 22:20:39.416155 252551168 ServerMgr.cpp:874] remove one proxy server, id:30
W1231 22:20:39.416174 252551168 CenterThread.cpp:120] db server is disconnect, after 1s will be reconnect!
W1231 22:20:41.097434 81778112 NetModule.cpp:703] ready reconnect server, server id: 0
I1231 22:20:41.097668 81778112 NetConnector.cpp:216] connect to: 0.0.0.0:6001 success! 
I1231 22:20:41.098265 81778112 NetServer.cpp:55] accept io...127.0.0.1:60312
I1231 22:20:41.100018 252551168 CenterThread.cpp:87] connect to db server succ!
I1231 22:20:41.128135 252551168 ServerMgr.cpp:187] register one game server: 127.0.0.1:60312
I1231 22:20:42.615183 81778112 NetServer.cpp:55] accept io...127.0.0.1:60323
I1231 22:20:42.638681 252551168 ServerMgr.cpp:54] register one proxy server: 127.0.0.1:60323
I1231 22:20:49.662580 81778112 NetServer.cpp:55] accept io...127.0.0.1:60341
I1231 22:20:49.696199 252551168 ServerMgr.cpp:477] register one login server: 127.0.0.1:60341
W1231 22:22:54.136318 252551168 CenterThread.cpp:5052] set pcu info fail.
W1231 22:23:04.144047 252551168 CenterThread.cpp:5052] set pcu info fail.
W1231 22:23:04.474673 252551168 CenterThread.cpp:3932] OnSubLoadWealthGodHistoryData: 10
W1231 22:23:04.474752 252551168 CenterThread.cpp:3932] OnSubLoadWealthGodHistoryData: 9
W1231 22:23:04.474790 252551168 CenterThread.cpp:3932] OnSubLoadWealthGodHistoryData: 10
W1231 22:23:04.474838 252551168 CenterThread.cpp:3932] OnSubLoadWealthGodHistoryData: 10
W1231 22:23:04.474869 252551168 CenterThread.cpp:3932] OnSubLoadWealthGodHistoryData: 6
W1231 22:23:04.474903 252551168 CenterThread.cpp:3932] OnSubLoadWealthGodHistoryData: 10
W1231 22:23:04.477011 252551168 CenterThread.cpp:3932] OnSubLoadWealthGodHistoryData: 10
W1231 22:23:04.480147 252551168 CenterThread.cpp:3932] OnSubLoadWealthGodHistoryData: 10
W1231 22:23:04.480193 252551168 CenterThread.cpp:3932] OnSubLoadWealthGodHistoryData: 10
W1231 22:23:04.480224 252551168 CenterThread.cpp:3932] OnSubLoadWealthGodHistoryData: 10
W1231 22:23:04.480257 252551168 CenterThread.cpp:3932] OnSubLoadWealthGodHistoryData: 10
W1231 22:23:04.480288 252551168 CenterThread.cpp:3932] OnSubLoadWealthGodHistoryData: 10
W1231 22:23:04.480357 252551168 CenterThread.cpp:3932] OnSubLoadWealthGodHistoryData: 10
W1231 22:23:04.480412 252551168 DuoBaoMgr.cpp:94] has the same doing data? id: 1
W1231 22:23:04.480437 252551168 DuoBaoMgr.cpp:94] has the same doing data? id: 1
W1231 22:23:04.480461 252551168 DuoBaoMgr.cpp:94] has the same doing data? id: 1
W1231 22:23:04.480484 252551168 DuoBaoMgr.cpp:94] has the same doing data? id: 2
W1231 22:23:04.480505 252551168 DuoBaoMgr.cpp:94] has the same doing data? id: 2
W1231 22:23:04.480527 252551168 DuoBaoMgr.cpp:94] has the same doing data? id: 2
W1231 22:23:04.480551 252551168 DuoBaoMgr.cpp:94] has the same doing data? id: 3
W1231 22:23:04.480572 252551168 DuoBaoMgr.cpp:94] has the same doing data? id: 3
W1231 22:23:04.480594 252551168 DuoBaoMgr.cpp:94] has the same doing data? id: 3
W1231 22:23:04.480615 252551168 DuoBaoMgr.cpp:94] has the same doing data? id: 4
W1231 22:23:04.480638 252551168 DuoBaoMgr.cpp:94] has the same doing data? id: 26
W1231 22:23:04.480659 252551168 DuoBaoMgr.cpp:94] has the same doing data? id: 28
W1231 22:23:04.480680 252551168 DuoBaoMgr.cpp:94] has the same doing data? id: 29
W1231 22:23:04.480705 252551168 DuoBaoMgr.cpp:94] has the same doing data? id: 30
W1231 22:23:04.480726 252551168 DuoBaoMgr.cpp:94] has the same doing data? id: 30
W1231 22:23:04.480747 252551168 DuoBaoMgr.cpp:94] has the same doing data? id: 31
W1231 22:23:04.480769 252551168 DuoBaoMgr.cpp:94] has the same doing data? id: 31
W1231 22:23:04.480798 252551168 DuoBaoMgr.cpp:94] has the same doing data? id: 31
W1231 22:23:04.480820 252551168 DuoBaoMgr.cpp:94] has the same doing data? id: 32
W1231 22:23:04.481091 252551168 DuoBaoMgr.cpp:175] load duo bao data finish.
I1231 23:25:42.941530 81778112 NetServer.cpp:88] delete io...127.0.0.1:60312
W1231 23:25:42.942589 252551168 ServerMgr.cpp:835] remove one game server, id:100
I1231 23:25:42.950124 81778112 NetServer.cpp:88] delete io...127.0.0.1:60341
W1231 23:25:42.950232 252551168 ServerMgr.cpp:851] remove one login server, id:10
W1231 23:25:42.950273 252551168 ServerMgr.cpp:874] remove one proxy server, id:30
I1231 23:25:42.950279 81778112 NetServer.cpp:88] delete io...127.0.0.1:60323
W1231 23:25:42.952999 252551168 CenterThread.cpp:120] db server is disconnect, after 1s will be reconnect!
W1231 23:25:44.425289 81778112 NetModule.cpp:703] ready reconnect server, server id: 0
I1231 23:25:44.425377 81778112 NetConnector.cpp:216] connect to: 0.0.0.0:6001 success! 
I1231 23:25:44.426542 252551168 CenterThread.cpp:87] connect to db server succ!
I1231 23:25:44.431960 81778112 NetServer.cpp:55] accept io...127.0.0.1:60377
I1231 23:25:44.437608 252551168 ServerMgr.cpp:187] register one game server: 127.0.0.1:60377
I1231 23:25:46.428902 81778112 NetServer.cpp:55] accept io...127.0.0.1:60379
I1231 23:25:46.454368 252551168 ServerMgr.cpp:54] register one proxy server: 127.0.0.1:60379
I1231 23:25:52.974819 81778112 NetServer.cpp:55] accept io...127.0.0.1:60386
I1231 23:25:52.999385 252551168 ServerMgr.cpp:477] register one login server: 127.0.0.1:60386
W0101 00:30:45.956655 252551168 CenterThread.cpp:304] center server is across day.
I0101 00:30:45.975209 81778112 NetServer.cpp:88] delete io...127.0.0.1:60386
I0101 00:30:45.975263 81778112 NetServer.cpp:88] delete io...127.0.0.1:60377
I0101 00:30:45.975296 81778112 NetServer.cpp:88] delete io...127.0.0.1:60379
I0101 00:30:47.456809 81778112 NetServer.cpp:55] accept io...127.0.0.1:60414
I0101 00:30:49.476125 81778112 NetServer.cpp:55] accept io...127.0.0.1:60416
I0101 00:30:57.024505 81778112 NetServer.cpp:55] accept io...127.0.0.1:60423
W0101 00:31:05.987684 252551168 ServerMgr.cpp:851] remove one login server, id:10
W0101 00:31:05.987782 252551168 ServerMgr.cpp:835] remove one game server, id:100
W0101 00:31:05.987839 252551168 ServerMgr.cpp:874] remove one proxy server, id:30
W0101 00:31:05.987887 252551168 CenterThread.cpp:120] db server is disconnect, after 1s will be reconnect!
I0101 00:31:05.987953 252551168 ServerMgr.cpp:187] register one game server: 127.0.0.1:60414
I0101 00:31:05.988005 252551168 ServerMgr.cpp:54] register one proxy server: 127.0.0.1:60416
I0101 00:31:05.988055 252551168 ServerMgr.cpp:477] register one login server: 127.0.0.1:60423
I0101 00:31:06.014405 81778112 NetServer.cpp:88] delete io...127.0.0.1:60416
W0101 00:31:06.016196 252551168 ServerMgr.cpp:874] remove one proxy server, id:30
W0101 00:31:07.050510 81778112 NetModule.cpp:703] ready reconnect server, server id: 0
I0101 00:31:07.050683 81778112 NetConnector.cpp:216] connect to: 0.0.0.0:6001 success! 
I0101 00:31:07.053300 252551168 CenterThread.cpp:87] connect to db server succ!
I0101 00:31:09.544703 81778112 NetServer.cpp:55] accept io...127.0.0.1:60428
I0101 00:31:09.552815 252551168 ServerMgr.cpp:54] register one proxy server: 127.0.0.1:60428
I0101 01:35:48.997700 81778112 NetServer.cpp:88] delete io...127.0.0.1:60414
I0101 01:35:48.997807 81778112 NetServer.cpp:88] delete io...127.0.0.1:60423
W0101 01:35:48.997834 252551168 ServerMgr.cpp:835] remove one game server, id:100
I0101 01:35:48.997838 81778112 NetServer.cpp:88] delete io...127.0.0.1:60428
W0101 01:35:48.997934 252551168 ServerMgr.cpp:851] remove one login server, id:10
W0101 01:35:48.998031 252551168 ServerMgr.cpp:874] remove one proxy server, id:30
W0101 01:35:49.000849 252551168 CenterThread.cpp:120] db server is disconnect, after 1s will be reconnect!
W0101 01:35:50.483167 81778112 NetModule.cpp:703] ready reconnect server, server id: 0
I0101 01:35:50.483281 81778112 NetConnector.cpp:216] connect to: 0.0.0.0:6001 success! 
I0101 01:35:50.483425 81778112 NetServer.cpp:55] accept io...127.0.0.1:60459
I0101 01:35:50.485425 252551168 CenterThread.cpp:87] connect to db server succ!
I0101 01:35:50.511554 252551168 ServerMgr.cpp:187] register one game server: 127.0.0.1:60459
I0101 01:35:52.495899 81778112 NetServer.cpp:55] accept io...127.0.0.1:60462
I0101 01:35:52.521571 252551168 ServerMgr.cpp:54] register one proxy server: 127.0.0.1:60462
I0101 01:35:59.518934 81778112 NetServer.cpp:55] accept io...127.0.0.1:60468
I0101 01:35:59.535140 252551168 ServerMgr.cpp:477] register one login server: 127.0.0.1:60468
W0101 01:38:50.124142 252551168 CenterThread.cpp:3932] OnSubLoadWealthGodHistoryData: 10
W0101 01:38:51.325909 252551168 CenterThread.cpp:3932] OnSubLoadWealthGodHistoryData: 9
W0101 01:38:52.436012 252551168 CenterThread.cpp:3932] OnSubLoadWealthGodHistoryData: 10
W0101 01:38:53.636654 252551168 CenterThread.cpp:3932] OnSubLoadWealthGodHistoryData: 10
W0101 01:38:54.863483 252551168 CenterThread.cpp:3932] OnSubLoadWealthGodHistoryData: 6
W0101 01:38:55.616492 252551168 CenterThread.cpp:3932] OnSubLoadWealthGodHistoryData: 10
W0101 01:38:56.869318 252551168 CenterThread.cpp:3932] OnSubLoadWealthGodHistoryData: 10
W0101 01:38:58.213026 252551168 CenterThread.cpp:3932] OnSubLoadWealthGodHistoryData: 10
W0101 01:38:59.433116 252551168 CenterThread.cpp:3932] OnSubLoadWealthGodHistoryData: 10
W0101 01:39:00.640007 252551168 CenterThread.cpp:3932] OnSubLoadWealthGodHistoryData: 10
W0101 01:39:01.855901 252551168 CenterThread.cpp:3932] OnSubLoadWealthGodHistoryData: 10
W0101 01:39:03.068205 252551168 CenterThread.cpp:3932] OnSubLoadWealthGodHistoryData: 10
