W0106 10:28:59.249425 214315008 DBThread.cpp:6751] insert mail fail. errno: 2003, error msg: Can't connect to MySQL server on '58.82.239.150' (51)
W0106 10:28:59.249563 214315008 DBThread.cpp:6751] insert mail fail. errno: 2003, error msg: Can't connect to MySQL server on '58.82.239.150' (51)
W0106 10:28:59.249822 214851584 DBThread.cpp:6751] insert mail fail. errno: 2003, error msg: Can't connect to MySQL server on '58.82.239.150' (51)
W0106 10:28:59.250373 214851584 DBThread.cpp:6751] insert mail fail. errno: 2003, error msg: Can't connect to MySQL server on '58.82.239.150' (51)
W0106 10:28:59.272153 212705280 DBThread.cpp:5102] update duo bao data fail, errno: 2003, error: Can't connect to MySQL server on '58.82.239.150' (51)
W0106 10:28:59.272150 210558976 DBThread.cpp:6751] insert mail fail. errno: 2003, error msg: Can't connect to MySQL server on '58.82.239.150' (51)
W0106 10:28:59.272150 211632128 DBThread.cpp:5102] update duo bao data fail, errno: 2003, error: Can't connect to MySQL server on '58.82.239.150' (51)
W0106 10:28:59.272162 214315008 DBThread.cpp:6751] insert mail fail. errno: 2003, error msg: Can't connect to MySQL server on '58.82.239.150' (51)
W0106 10:28:59.272166 211095552 DBThread.cpp:6751] insert mail fail. errno: 2003, error msg: Can't connect to MySQL server on '58.82.239.150' (51)
W0106 10:28:59.272343 212705280 DBThread.cpp:6751] insert mail fail. errno: 2003, error msg: Can't connect to MySQL server on '58.82.239.150' (51)
W0106 10:28:59.272390 210558976 DBThread.cpp:6751] insert mail fail. errno: 2003, error msg: Can't connect to MySQL server on '58.82.239.150' (51)
W0106 10:28:59.272437 211632128 DBThread.cpp:6751] insert mail fail. errno: 2003, error msg: Can't connect to MySQL server on '58.82.239.150' (51)
W0106 10:28:59.272511 214315008 DBThread.cpp:6751] insert mail fail. errno: 2003, error msg: Can't connect to MySQL server on '58.82.239.150' (51)
W0106 10:28:59.272534 211095552 DBThread.cpp:6751] insert mail fail. errno: 2003, error msg: Can't connect to MySQL server on '58.82.239.150' (51)
W0106 10:28:59.272636 214851584 DBThread.cpp:6751] insert mail fail. errno: 2003, error msg: Can't connect to MySQL server on '58.82.239.150' (51)
W0106 10:28:59.272648 210558976 DBThread.cpp:6751] insert mail fail. errno: 2003, error msg: Can't connect to MySQL server on '58.82.239.150' (51)
W0106 10:28:59.272732 213778432 DBThread.cpp:6751] insert mail fail. errno: 2003, error msg: Can't connect to MySQL server on '58.82.239.150' (51)
W0106 10:28:59.272850 214315008 DBThread.cpp:6751] insert mail fail. errno: 2003, error msg: Can't connect to MySQL server on '58.82.239.150' (51)
W0106 10:28:59.272863 212705280 DBThread.cpp:6751] insert mail fail. errno: 2003, error msg: Can't connect to MySQL server on '58.82.239.150' (51)
W0106 10:28:59.272873 211095552 DBThread.cpp:6751] insert mail fail. errno: 2003, error msg: Can't connect to MySQL server on '58.82.239.150' (51)
W0106 10:28:59.272991 214851584 DBThread.cpp:6751] insert mail fail. errno: 2003, error msg: Can't connect to MySQL server on '58.82.239.150' (51)
W0106 10:28:59.273026 211632128 DBThread.cpp:6751] insert mail fail. errno: 2003, error msg: Can't connect to MySQL server on '58.82.239.150' (51)
W0106 10:28:59.273082 214315008 DBThread.cpp:5102] update duo bao data fail, errno: 2003, error: Can't connect to MySQL server on '58.82.239.150' (51)
W0106 10:28:59.273187 210022400 DBThread.cpp:6751] insert mail fail. errno: -1, error msg: mysql not opened yet!
W0106 10:28:59.273286 210558976 DBThread.cpp:5102] update duo bao data fail, errno: 2003, error: Can't connect to MySQL server on '58.82.239.150' (51)
W0106 10:28:59.273594 213778432 DBThread.cpp:6751] insert mail fail. errno: 2003, error msg: Can't connect to MySQL server on '58.82.239.150' (51)
W0106 10:28:59.273748 212705280 DBThread.cpp:6751] insert mail fail. errno: 2003, error msg: Can't connect to MySQL server on '58.82.239.150' (51)
W0106 10:28:59.273849 214851584 DBThread.cpp:6751] insert mail fail. errno: 2003, error msg: Can't connect to MySQL server on '58.82.239.150' (51)
W0106 10:28:59.273890 211632128 DBThread.cpp:6751] insert mail fail. errno: 2003, error msg: Can't connect to MySQL server on '58.82.239.150' (51)
W0106 10:28:59.274308 211095552 DBThread.cpp:5102] update duo bao data fail, errno: 2003, error: Can't connect to MySQL server on '58.82.239.150' (51)
W0106 10:28:59.274380 213778432 DBThread.cpp:5102] update duo bao data fail, errno: 2003, error: Can't connect to MySQL server on '58.82.239.150' (51)
W0106 10:28:59.274463 210022400 DBThread.cpp:6751] insert mail fail. errno: -1, error msg: mysql not opened yet!
W0106 10:28:59.274468 214851584 DBThread.cpp:5102] update duo bao data fail, errno: 2003, error: Can't connect to MySQL server on '58.82.239.150' (51)
W0106 10:28:59.274574 213778432 DBThread.cpp:6751] insert mail fail. errno: 2003, error msg: Can't connect to MySQL server on '58.82.239.150' (51)
W0106 10:28:59.274600 210022400 DBThread.cpp:6751] insert mail fail. errno: -1, error msg: mysql not opened yet!
W0106 10:28:59.275478 210022400 DBThread.cpp:5102] update duo bao data fail, errno: -1, error: mysql not opened yet!
W0106 10:30:04.796187 213241856 DBThread.cpp:6751] insert mail fail. errno: -1, error msg: mysql not opened yet!
W0106 10:30:04.796409 213241856 DBThread.cpp:6751] insert mail fail. errno: -1, error msg: mysql not opened yet!
W0106 10:30:04.796567 213241856 DBThread.cpp:6751] insert mail fail. errno: -1, error msg: mysql not opened yet!
W0106 10:30:04.796701 213241856 DBThread.cpp:6751] insert mail fail. errno: -1, error msg: mysql not opened yet!
W0106 10:30:04.796829 213241856 DBThread.cpp:6751] insert mail fail. errno: -1, error msg: mysql not opened yet!
W0106 10:30:04.796969 213241856 DBThread.cpp:6751] insert mail fail. errno: -1, error msg: mysql not opened yet!
W0106 10:30:16.117691 212168704 DBThread.cpp:6751] insert mail fail. errno: -1, error msg: mysql not opened yet!
W0106 10:30:16.117919 212168704 DBThread.cpp:6751] insert mail fail. errno: -1, error msg: mysql not opened yet!
W0106 10:30:16.118063 212168704 DBThread.cpp:5102] update duo bao data fail, errno: -1, error: mysql not opened yet!
W0106 10:30:16.118222 212168704 DBThread.cpp:6751] insert mail fail. errno: -1, error msg: mysql not opened yet!
W0106 10:30:16.118376 212168704 DBThread.cpp:6751] insert mail fail. errno: -1, error msg: mysql not opened yet!
W0106 10:30:16.118528 212168704 DBThread.cpp:6751] insert mail fail. errno: -1, error msg: mysql not opened yet!
W0106 10:32:43.406299 209485824 BuildDBThread.cpp:294] CBuildDBThread run, begin build database ..
W0106 10:32:45.411626 209485824 BuildDBThread.cpp:133] open :58.82.239.150:3306@mysql error!
W0106 10:32:45.411774 209485824 BuildDBThread.cpp:217] open :58.82.239.150:3306@mysql error!
W0106 10:37:33.869998 210022400 DBThread.cpp:5437] select today earn score rank fail . errno: -1, err msg: mysql not opened yet!
W0106 10:37:33.870141 210022400 DBThread.cpp:5674] select today online rank fail. errno: -1, err msg: mysql not opened yet!
W0106 10:37:33.870239 210022400 DBThread.cpp:5771] select today task finish rank fail. errno: -1, err msg: mysql not opened yet!
W0106 10:40:34.620731 212168704 DBThread.cpp:4628] INSERT wealth_god_data fail, errno: -1, error: mysql not opened yet!
W0106 10:41:49.737102 211632128 DBThread.cpp:4588] INSERT wealth god index fail, errno: -1, error: mysql not opened yet!
W0106 10:48:33.905031 210022400 DBThread.cpp:5437] select today earn score rank fail . errno: -1, err msg: mysql not opened yet!
W0106 10:48:33.905230 210022400 DBThread.cpp:5674] select today online rank fail. errno: -1, err msg: mysql not opened yet!
W0106 10:48:33.905336 210022400 DBThread.cpp:5771] select today task finish rank fail. errno: -1, err msg: mysql not opened yet!
W0106 10:57:33.919965 210022400 DBThread.cpp:5437] select today earn score rank fail . errno: -1, err msg: mysql not opened yet!
W0106 10:57:33.920110 210022400 DBThread.cpp:5674] select today online rank fail. errno: -1, err msg: mysql not opened yet!
W0106 10:57:33.920220 210022400 DBThread.cpp:5771] select today task finish rank fail. errno: -1, err msg: mysql not opened yet!
W0106 11:07:33.966812 210022400 DBThread.cpp:5437] select today earn score rank fail . errno: -1, err msg: mysql not opened yet!
W0106 11:07:33.967074 210022400 DBThread.cpp:5674] select today online rank fail. errno: -1, err msg: mysql not opened yet!
W0106 11:07:33.967227 210022400 DBThread.cpp:5771] select today task finish rank fail. errno: -1, err msg: mysql not opened yet!
I0106 11:17:07.602099 479126976 NetServer.cpp:88] delete io...127.0.0.1:50069
I0106 11:17:07.602259 479126976 NetServer.cpp:88] delete io...127.0.0.1:50050
I0106 11:17:07.602330 479126976 NetServer.cpp:88] delete io...127.0.0.1:50052
I0106 11:17:09.082367 479126976 NetServer.cpp:55] accept io...127.0.0.1:54178
I0106 11:17:09.086675 479126976 NetServer.cpp:55] accept io...127.0.0.1:54180
I0106 11:17:11.085225 479126976 NetServer.cpp:55] accept io...127.0.0.1:54205
I0106 11:17:17.654747 210022400 DBThread.cpp:100] bind one connect: 127.0.0.1:54178
I0106 11:17:17.654788 210022400 DBThread.cpp:100] bind one connect: 127.0.0.1:54180
W0106 11:17:17.655699 210022400 DBThread.cpp:5437] select today earn score rank fail . errno: -1, err msg: mysql not opened yet!
W0106 11:17:17.656142 210022400 DBThread.cpp:6134] SELECT DISTINCT(platformId) FROM stat_pcu
W0106 11:17:17.656204 210022400 DBThread.cpp:6135] select pcu platformId fail. errno: -1, err msg: mysql not opened yet!
W0106 11:17:17.656260 210022400 DBThread.cpp:7914] get platform score db handle fail.
W0106 11:17:17.656392 210022400 DBThread.cpp:8251] select generalize promoter info platform id fail, errno:2003, error: Can't connect to MySQL server on '58.82.239.150' (51)
W0106 11:17:17.656455 210022400 DBThread.cpp:8320] get record score db handle fail.
W0106 11:17:17.656567 210022400 DBThread.cpp:8465] select quanmin channel fail, errno:2003, error: Can't connect to MySQL server on '58.82.239.150' (51)
W0106 11:17:17.656687 210022400 DBThread.cpp:8518] select client channel domain fail, errno:2003, error: Can't connect to MySQL server on '58.82.239.150' (51)
W0106 11:17:17.656744 210022400 DBThread.cpp:8614] get platform db handle fail.
W0106 11:17:17.656944 210022400 DBThread.cpp:8576] select channel show exchange condition fail, errno:2003, error: Can't connect to MySQL server on '58.82.239.150' (51)
W0106 11:17:17.657137 210022400 DBThread.cpp:5674] select today online rank fail. errno: -1, err msg: mysql not opened yet!
W0106 11:17:17.657275 210022400 DBThread.cpp:5771] select today task finish rank fail. errno: -1, err msg: mysql not opened yet!
W0106 11:17:17.657335 210022400 DBThread.cpp:4107] get platform db handle fail.
W0106 11:17:17.657379 210022400 DBThread.cpp:4203] get platform db handle fail.
W0106 11:17:17.657428 210022400 DBThread.cpp:4270] get platform db handle fail.
W0106 11:17:17.657563 210022400 DBThread.cpp:4357] select wealth god coming id fail. errno: -1, error: mysql not opened yet!
W0106 11:17:17.657698 210022400 DBThread.cpp:8077] select recharge amount cfg fail, errno:2003, error: Can't connect to MySQL server on '58.82.239.150' (51)
W0106 11:17:17.657821 210022400 DBThread.cpp:8404] select excharge amount cfg fail, errno:2003, error: Can't connect to MySQL server on '58.82.239.150' (51)
W0106 11:17:17.657877 210022400 DBThread.cpp:4731] get platform db handle fail.
W0106 11:17:17.657985 210022400 DBThread.cpp:4821] select duobao_data fail. errno: -1, error: mysql not opened yet!
W0106 11:17:17.658040 210022400 DBThread.cpp:8669] get platform db handle fail.
I0106 11:17:17.658080 210022400 DBThread.cpp:100] bind one connect: 127.0.0.1:54205
W0106 11:17:34.007827 210022400 DBThread.cpp:5437] select today earn score rank fail . errno: -1, err msg: mysql not opened yet!
W0106 11:17:34.008013 210022400 DBThread.cpp:5674] select today online rank fail. errno: -1, err msg: mysql not opened yet!
W0106 11:17:34.008155 210022400 DBThread.cpp:5771] select today task finish rank fail. errno: -1, err msg: mysql not opened yet!
I0106 12:42:19.303063 479126976 NetServer.cpp:88] delete io...127.0.0.1:54178
W0106 12:42:19.461633 210022400 DBThread.cpp:5437] select today earn score rank fail . errno: -1, err msg: mysql not opened yet!
I0106 12:42:19.463999 479126976 NetServer.cpp:88] delete io...127.0.0.1:54205
I0106 12:42:19.464573 479126976 NetServer.cpp:88] delete io...127.0.0.1:54180
W0106 12:42:19.466784 210022400 DBThread.cpp:5674] select today online rank fail. errno: -1, err msg: mysql not opened yet!
W0106 12:42:19.471166 210022400 DBThread.cpp:5771] select today task finish rank fail. errno: -1, err msg: mysql not opened yet!
I0106 12:42:20.783083 479126976 NetServer.cpp:55] accept io...127.0.0.1:54533
I0106 12:42:20.783841 210022400 DBThread.cpp:100] bind one connect: 127.0.0.1:54533
I0106 12:42:20.795927 479126976 NetServer.cpp:55] accept io...127.0.0.1:54534
I0106 12:42:20.796761 210022400 DBThread.cpp:100] bind one connect: 127.0.0.1:54534
W0106 12:42:20.814661 210022400 DBThread.cpp:5437] select today earn score rank fail . errno: -1, err msg: mysql not opened yet!
W0106 12:42:20.814908 210022400 DBThread.cpp:6134] SELECT DISTINCT(platformId) FROM stat_pcu
W0106 12:42:20.814965 210022400 DBThread.cpp:6135] select pcu platformId fail. errno: -1, err msg: mysql not opened yet!
W0106 12:42:20.815726 210022400 DBThread.cpp:7914] get platform score db handle fail.
W0106 12:42:20.816305 210022400 DBThread.cpp:8251] select generalize promoter info platform id fail, errno:2003, error: Can't connect to MySQL server on '58.82.239.150' (51)
W0106 12:42:20.816382 210022400 DBThread.cpp:8320] get record score db handle fail.
W0106 12:42:20.816519 210022400 DBThread.cpp:8465] select quanmin channel fail, errno:2003, error: Can't connect to MySQL server on '58.82.239.150' (51)
W0106 12:42:20.816774 210022400 DBThread.cpp:8518] select client channel domain fail, errno:2003, error: Can't connect to MySQL server on '58.82.239.150' (51)
W0106 12:42:20.816859 210022400 DBThread.cpp:8614] get platform db handle fail.
W0106 12:42:20.817040 210022400 DBThread.cpp:8576] select channel show exchange condition fail, errno:2003, error: Can't connect to MySQL server on '58.82.239.150' (51)
W0106 12:42:20.817240 210022400 DBThread.cpp:5674] select today online rank fail. errno: -1, err msg: mysql not opened yet!
W0106 12:42:20.817410 210022400 DBThread.cpp:5771] select today task finish rank fail. errno: -1, err msg: mysql not opened yet!
W0106 12:42:20.817474 210022400 DBThread.cpp:4107] get platform db handle fail.
W0106 12:42:20.817543 210022400 DBThread.cpp:4203] get platform db handle fail.
W0106 12:42:20.817611 210022400 DBThread.cpp:4270] get platform db handle fail.
W0106 12:42:20.817893 210022400 DBThread.cpp:4357] select wealth god coming id fail. errno: -1, error: mysql not opened yet!
W0106 12:42:20.818058 210022400 DBThread.cpp:8077] select recharge amount cfg fail, errno:2003, error: Can't connect to MySQL server on '58.82.239.150' (51)
W0106 12:42:20.818209 210022400 DBThread.cpp:8404] select excharge amount cfg fail, errno:2003, error: Can't connect to MySQL server on '58.82.239.150' (51)
W0106 12:42:20.818289 210022400 DBThread.cpp:4731] get platform db handle fail.
W0106 12:42:20.818425 210022400 DBThread.cpp:4821] select duobao_data fail. errno: -1, error: mysql not opened yet!
W0106 12:42:20.819032 210022400 DBThread.cpp:8669] get platform db handle fail.
I0106 12:42:22.789958 479126976 NetServer.cpp:55] accept io...127.0.0.1:54547
I0106 12:42:22.790032 210022400 DBThread.cpp:100] bind one connect: 127.0.0.1:54547
W0106 12:58:31.335284 210022400 DBThread.cpp:5437] select today earn score rank fail . errno: -1, err msg: mysql not opened yet!
W0106 12:58:31.335510 210022400 DBThread.cpp:5674] select today online rank fail. errno: -1, err msg: mysql not opened yet!
W0106 12:58:31.335644 210022400 DBThread.cpp:5771] select today task finish rank fail. errno: -1, err msg: mysql not opened yet!
I0106 12:58:31.360955 479126976 NetServer.cpp:88] delete io...127.0.0.1:54534
I0106 12:58:31.361105 479126976 NetServer.cpp:88] delete io...127.0.0.1:54547
I0106 12:58:31.361125 479126976 NetServer.cpp:88] delete io...127.0.0.1:54533
I0106 12:58:32.835584 479126976 NetServer.cpp:55] accept io...127.0.0.1:54761
I0106 12:58:32.835618 210022400 DBThread.cpp:100] bind one connect: 127.0.0.1:54761
W0106 12:58:32.846735 210022400 DBThread.cpp:5437] select today earn score rank fail . errno: -1, err msg: mysql not opened yet!
W0106 12:58:32.846832 210022400 DBThread.cpp:6134] SELECT DISTINCT(platformId) FROM stat_pcu
W0106 12:58:32.846859 210022400 DBThread.cpp:6135] select pcu platformId fail. errno: -1, err msg: mysql not opened yet!
W0106 12:58:32.846886 210022400 DBThread.cpp:7914] get platform score db handle fail.
W0106 12:58:32.846952 210022400 DBThread.cpp:8251] select generalize promoter info platform id fail, errno:2003, error: Can't connect to MySQL server on '58.82.239.150' (51)
W0106 12:58:32.846984 210022400 DBThread.cpp:8320] get record score db handle fail.
W0106 12:58:32.847045 210022400 DBThread.cpp:8465] select quanmin channel fail, errno:2003, error: Can't connect to MySQL server on '58.82.239.150' (51)
W0106 12:58:32.847113 210022400 DBThread.cpp:8518] select client channel domain fail, errno:2003, error: Can't connect to MySQL server on '58.82.239.150' (51)
W0106 12:58:32.847143 210022400 DBThread.cpp:8614] get platform db handle fail.
W0106 12:58:32.847201 210022400 DBThread.cpp:8576] select channel show exchange condition fail, errno:2003, error: Can't connect to MySQL server on '58.82.239.150' (51)
W0106 12:58:32.847277 210022400 DBThread.cpp:5674] select today online rank fail. errno: -1, err msg: mysql not opened yet!
W0106 12:58:32.847342 210022400 DBThread.cpp:5771] select today task finish rank fail. errno: -1, err msg: mysql not opened yet!
W0106 12:58:32.847371 210022400 DBThread.cpp:4107] get platform db handle fail.
W0106 12:58:32.847393 210022400 DBThread.cpp:4203] get platform db handle fail.
W0106 12:58:32.848096 210022400 DBThread.cpp:4270] get platform db handle fail.
W0106 12:58:32.848204 210022400 DBThread.cpp:4357] select wealth god coming id fail. errno: -1, error: mysql not opened yet!
W0106 12:58:32.848276 210022400 DBThread.cpp:8077] select recharge amount cfg fail, errno:2003, error: Can't connect to MySQL server on '58.82.239.150' (51)
W0106 12:58:32.848341 210022400 DBThread.cpp:8404] select excharge amount cfg fail, errno:2003, error: Can't connect to MySQL server on '58.82.239.150' (51)
W0106 12:58:32.848368 210022400 DBThread.cpp:4731] get platform db handle fail.
W0106 12:58:32.848425 210022400 DBThread.cpp:4821] select duobao_data fail. errno: -1, error: mysql not opened yet!
W0106 12:58:32.848451 210022400 DBThread.cpp:8669] get platform db handle fail.
I0106 12:58:32.878332 479126976 NetServer.cpp:55] accept io...127.0.0.1:54775
I0106 12:58:32.878623 210022400 DBThread.cpp:100] bind one connect: 127.0.0.1:54775
I0106 12:58:34.856477 479126976 NetServer.cpp:55] accept io...127.0.0.1:54780
I0106 12:58:34.857993 210022400 DBThread.cpp:100] bind one connect: 127.0.0.1:54780
I0106 13:30:38.012609 479126976 NetServer.cpp:88] delete io...127.0.0.1:54761
I0106 13:30:38.012702 479126976 NetServer.cpp:88] delete io...127.0.0.1:54775
I0106 13:30:38.012737 479126976 NetServer.cpp:88] delete io...127.0.0.1:54780
W0106 13:30:38.019889 210022400 DBThread.cpp:5437] select today earn score rank fail . errno: -1, err msg: mysql not opened yet!
W0106 13:30:38.020238 210022400 DBThread.cpp:5674] select today online rank fail. errno: -1, err msg: mysql not opened yet!
W0106 13:30:38.020357 210022400 DBThread.cpp:5771] select today task finish rank fail. errno: -1, err msg: mysql not opened yet!
I0106 13:30:39.500730 479126976 NetServer.cpp:55] accept io...127.0.0.1:54829
I0106 13:30:39.501197 210022400 DBThread.cpp:100] bind one connect: 127.0.0.1:54829
I0106 13:30:39.501819 479126976 NetServer.cpp:55] accept io...127.0.0.1:54830
I0106 13:30:39.503497 210022400 DBThread.cpp:100] bind one connect: 127.0.0.1:54830
W0106 13:30:39.505971 210022400 DBThread.cpp:5437] select today earn score rank fail . errno: -1, err msg: mysql not opened yet!
W0106 13:30:39.506073 210022400 DBThread.cpp:6134] SELECT DISTINCT(platformId) FROM stat_pcu
W0106 13:30:39.506109 210022400 DBThread.cpp:6135] select pcu platformId fail. errno: -1, err msg: mysql not opened yet!
W0106 13:30:39.506142 210022400 DBThread.cpp:7914] get platform score db handle fail.
W0106 13:30:39.506217 210022400 DBThread.cpp:8251] select generalize promoter info platform id fail, errno:2003, error: Can't connect to MySQL server on '58.82.239.150' (51)
W0106 13:30:39.506283 210022400 DBThread.cpp:8320] get record score db handle fail.
W0106 13:30:39.506405 210022400 DBThread.cpp:8465] select quanmin channel fail, errno:2003, error: Can't connect to MySQL server on '58.82.239.150' (51)
W0106 13:30:39.506558 210022400 DBThread.cpp:8518] select client channel domain fail, errno:2003, error: Can't connect to MySQL server on '58.82.239.150' (51)
W0106 13:30:39.506620 210022400 DBThread.cpp:8614] get platform db handle fail.
W0106 13:30:39.506692 210022400 DBThread.cpp:8576] select channel show exchange condition fail, errno:2003, error: Can't connect to MySQL server on '58.82.239.150' (51)
W0106 13:30:39.506844 210022400 DBThread.cpp:5674] select today online rank fail. errno: -1, err msg: mysql not opened yet!
W0106 13:30:39.506983 210022400 DBThread.cpp:5771] select today task finish rank fail. errno: -1, err msg: mysql not opened yet!
W0106 13:30:39.507045 210022400 DBThread.cpp:4107] get platform db handle fail.
W0106 13:30:39.507071 210022400 DBThread.cpp:4203] get platform db handle fail.
W0106 13:30:39.507122 210022400 DBThread.cpp:4270] get platform db handle fail.
W0106 13:30:39.507232 210022400 DBThread.cpp:4357] select wealth god coming id fail. errno: -1, error: mysql not opened yet!
W0106 13:30:39.507393 210022400 DBThread.cpp:8077] select recharge amount cfg fail, errno:2003, error: Can't connect to MySQL server on '58.82.239.150' (51)
W0106 13:30:39.507495 210022400 DBThread.cpp:8404] select excharge amount cfg fail, errno:2003, error: Can't connect to MySQL server on '58.82.239.150' (51)
W0106 13:30:39.507539 210022400 DBThread.cpp:4731] get platform db handle fail.
W0106 13:30:39.507635 210022400 DBThread.cpp:4821] select duobao_data fail. errno: -1, error: mysql not opened yet!
W0106 13:30:39.507670 210022400 DBThread.cpp:8669] get platform db handle fail.
I0106 13:30:41.506104 479126976 NetServer.cpp:55] accept io...127.0.0.1:54847
I0106 13:30:41.507928 210022400 DBThread.cpp:100] bind one connect: 127.0.0.1:54847
W0106 13:47:27.126502 210022400 DBThread.cpp:5437] select today earn score rank fail . errno: -1, err msg: mysql not opened yet!
W0106 13:47:27.126855 210022400 DBThread.cpp:5674] select today online rank fail. errno: -1, err msg: mysql not opened yet!
W0106 13:47:27.126947 210022400 DBThread.cpp:5771] select today task finish rank fail. errno: -1, err msg: mysql not opened yet!
I0106 13:47:27.146760 479126976 NetServer.cpp:88] delete io...127.0.0.1:54830
I0106 13:47:27.146821 479126976 NetServer.cpp:88] delete io...127.0.0.1:54847
I0106 13:47:27.146848 479126976 NetServer.cpp:88] delete io...127.0.0.1:54829
I0106 13:47:28.631994 479126976 NetServer.cpp:55] accept io...127.0.0.1:54978
I0106 13:47:28.633859 210022400 DBThread.cpp:100] bind one connect: 127.0.0.1:54978
I0106 13:47:28.637241 479126976 NetServer.cpp:55] accept io...127.0.0.1:54980
I0106 13:47:28.638660 210022400 DBThread.cpp:100] bind one connect: 127.0.0.1:54980
W0106 13:47:28.649929 210022400 DBThread.cpp:5437] select today earn score rank fail . errno: -1, err msg: mysql not opened yet!
W0106 13:47:28.650235 210022400 DBThread.cpp:6134] SELECT DISTINCT(platformId) FROM stat_pcu
W0106 13:47:28.650285 210022400 DBThread.cpp:6135] select pcu platformId fail. errno: -1, err msg: mysql not opened yet!
W0106 13:47:28.650328 210022400 DBThread.cpp:7914] get platform score db handle fail.
W0106 13:47:28.650447 210022400 DBThread.cpp:8251] select generalize promoter info platform id fail, errno:2003, error: Can't connect to MySQL server on '58.82.239.150' (51)
W0106 13:47:28.650503 210022400 DBThread.cpp:8320] get record score db handle fail.
W0106 13:47:28.650617 210022400 DBThread.cpp:8465] select quanmin channel fail, errno:2003, error: Can't connect to MySQL server on '58.82.239.150' (51)
W0106 13:47:28.650743 210022400 DBThread.cpp:8518] select client channel domain fail, errno:2003, error: Can't connect to MySQL server on '58.82.239.150' (51)
W0106 13:47:28.650792 210022400 DBThread.cpp:8614] get platform db handle fail.
W0106 13:47:28.650892 210022400 DBThread.cpp:8576] select channel show exchange condition fail, errno:2003, error: Can't connect to MySQL server on '58.82.239.150' (51)
W0106 13:47:28.651010 210022400 DBThread.cpp:5674] select today online rank fail. errno: -1, err msg: mysql not opened yet!
W0106 13:47:28.651125 210022400 DBThread.cpp:5771] select today task finish rank fail. errno: -1, err msg: mysql not opened yet!
W0106 13:47:28.651173 210022400 DBThread.cpp:4107] get platform db handle fail.
W0106 13:47:28.651209 210022400 DBThread.cpp:4203] get platform db handle fail.
W0106 13:47:28.651242 210022400 DBThread.cpp:4270] get platform db handle fail.
W0106 13:47:28.651340 210022400 DBThread.cpp:4357] select wealth god coming id fail. errno: -1, error: mysql not opened yet!
W0106 13:47:28.651448 210022400 DBThread.cpp:8077] select recharge amount cfg fail, errno:2003, error: Can't connect to MySQL server on '58.82.239.150' (51)
W0106 13:47:28.651557 210022400 DBThread.cpp:8404] select excharge amount cfg fail, errno:2003, error: Can't connect to MySQL server on '58.82.239.150' (51)
W0106 13:47:28.651607 210022400 DBThread.cpp:4731] get platform db handle fail.
W0106 13:47:28.651712 210022400 DBThread.cpp:4821] select duobao_data fail. errno: -1, error: mysql not opened yet!
W0106 13:47:28.651769 210022400 DBThread.cpp:8669] get platform db handle fail.
I0106 13:47:30.631355 479126976 NetServer.cpp:55] accept io...127.0.0.1:54997
I0106 13:47:30.633805 210022400 DBThread.cpp:100] bind one connect: 127.0.0.1:54997
I0106 13:59:28.031498 479126976 NetServer.cpp:88] delete io...127.0.0.1:54997
I0106 13:59:28.031589 479126976 NetServer.cpp:88] delete io...127.0.0.1:54980
I0106 13:59:28.031630 479126976 NetServer.cpp:88] delete io...127.0.0.1:54978
W0106 13:59:28.053036 210022400 DBThread.cpp:5437] select today earn score rank fail . errno: -1, err msg: mysql not opened yet!
W0106 13:59:28.053143 210022400 DBThread.cpp:5674] select today online rank fail. errno: -1, err msg: mysql not opened yet!
W0106 13:59:28.053206 210022400 DBThread.cpp:5771] select today task finish rank fail. errno: -1, err msg: mysql not opened yet!
I0106 13:59:29.513607 479126976 NetServer.cpp:55] accept io...127.0.0.1:55044
I0106 13:59:29.513661 479126976 NetServer.cpp:55] accept io...127.0.0.1:55045
I0106 13:59:29.514817 210022400 DBThread.cpp:100] bind one connect: 127.0.0.1:55044
I0106 13:59:29.514834 210022400 DBThread.cpp:100] bind one connect: 127.0.0.1:55045
W0106 13:59:29.540174 210022400 DBThread.cpp:5437] select today earn score rank fail . errno: -1, err msg: mysql not opened yet!
W0106 13:59:29.540782 210022400 DBThread.cpp:6134] SELECT DISTINCT(platformId) FROM stat_pcu
W0106 13:59:29.540820 210022400 DBThread.cpp:6135] select pcu platformId fail. errno: -1, err msg: mysql not opened yet!
W0106 13:59:29.540871 210022400 DBThread.cpp:7914] get platform score db handle fail.
W0106 13:59:29.540952 210022400 DBThread.cpp:8251] select generalize promoter info platform id fail, errno:2003, error: Can't connect to MySQL server on '58.82.239.150' (51)
W0106 13:59:29.540982 210022400 DBThread.cpp:8320] get record score db handle fail.
W0106 13:59:29.541036 210022400 DBThread.cpp:8465] select quanmin channel fail, errno:2003, error: Can't connect to MySQL server on '58.82.239.150' (51)
W0106 13:59:29.541095 210022400 DBThread.cpp:8518] select client channel domain fail, errno:2003, error: Can't connect to MySQL server on '58.82.239.150' (51)
W0106 13:59:29.541129 210022400 DBThread.cpp:8614] get platform db handle fail.
W0106 13:59:29.541206 210022400 DBThread.cpp:8576] select channel show exchange condition fail, errno:2003, error: Can't connect to MySQL server on '58.82.239.150' (51)
W0106 13:59:29.541276 210022400 DBThread.cpp:5674] select today online rank fail. errno: -1, err msg: mysql not opened yet!
W0106 13:59:29.541358 210022400 DBThread.cpp:5771] select today task finish rank fail. errno: -1, err msg: mysql not opened yet!
W0106 13:59:29.541381 210022400 DBThread.cpp:4107] get platform db handle fail.
W0106 13:59:29.541399 210022400 DBThread.cpp:4203] get platform db handle fail.
W0106 13:59:29.541415 210022400 DBThread.cpp:4270] get platform db handle fail.
W0106 13:59:29.541473 210022400 DBThread.cpp:4357] select wealth god coming id fail. errno: -1, error: mysql not opened yet!
W0106 13:59:29.541538 210022400 DBThread.cpp:8077] select recharge amount cfg fail, errno:2003, error: Can't connect to MySQL server on '58.82.239.150' (51)
W0106 13:59:29.541592 210022400 DBThread.cpp:8404] select excharge amount cfg fail, errno:2003, error: Can't connect to MySQL server on '58.82.239.150' (51)
W0106 13:59:29.541616 210022400 DBThread.cpp:4731] get platform db handle fail.
W0106 13:59:29.541666 210022400 DBThread.cpp:4821] select duobao_data fail. errno: -1, error: mysql not opened yet!
W0106 13:59:29.541702 210022400 DBThread.cpp:8669] get platform db handle fail.
I0106 13:59:31.528126 479126976 NetServer.cpp:55] accept io...127.0.0.1:55062
I0106 13:59:31.530453 210022400 DBThread.cpp:100] bind one connect: 127.0.0.1:55062
W0106 13:59:56.130544 209485824 BuildDBThread.cpp:294] CBuildDBThread run, begin build database ..
W0106 13:59:58.139370 209485824 BuildDBThread.cpp:133] open :58.82.239.150:3306@mysql error!
W0106 13:59:58.139787 209485824 BuildDBThread.cpp:217] open :58.82.239.150:3306@mysql error!
W0106 19:07:06.708760 210022400 DBThread.cpp:5437] select today earn score rank fail . errno: -1, err msg: mysql not opened yet!
I0106 19:07:06.724485 479126976 NetServer.cpp:88] delete io...127.0.0.1:55045
I0106 19:07:06.733325 479126976 NetServer.cpp:88] delete io...127.0.0.1:55044
I0106 19:07:06.733378 479126976 NetServer.cpp:88] delete io...127.0.0.1:55062
W0106 19:07:06.733412 210022400 DBThread.cpp:5674] select today online rank fail. errno: -1, err msg: mysql not opened yet!
W0106 19:07:06.733494 210022400 DBThread.cpp:5771] select today task finish rank fail. errno: -1, err msg: mysql not opened yet!
I0106 19:07:08.207670 479126976 NetServer.cpp:55] accept io...127.0.0.1:55115
I0106 19:07:08.207854 479126976 NetServer.cpp:55] accept io...127.0.0.1:55116
I0106 19:07:08.209870 210022400 DBThread.cpp:100] bind one connect: 127.0.0.1:55115
I0106 19:07:08.209921 210022400 DBThread.cpp:100] bind one connect: 127.0.0.1:55116
W0106 19:07:08.233986 210022400 DBThread.cpp:5437] select today earn score rank fail . errno: -1, err msg: mysql not opened yet!
W0106 19:07:08.234258 210022400 DBThread.cpp:6134] SELECT DISTINCT(platformId) FROM stat_pcu
W0106 19:07:08.234339 210022400 DBThread.cpp:6135] select pcu platformId fail. errno: -1, err msg: mysql not opened yet!
W0106 19:07:08.234413 210022400 DBThread.cpp:7914] get platform score db handle fail.
W0106 19:07:08.234606 210022400 DBThread.cpp:8251] select generalize promoter info platform id fail, errno:2003, error: Can't connect to MySQL server on '58.82.239.150' (51)
W0106 19:07:08.234663 210022400 DBThread.cpp:8320] get record score db handle fail.
W0106 19:07:08.234766 210022400 DBThread.cpp:8465] select quanmin channel fail, errno:2003, error: Can't connect to MySQL server on '58.82.239.150' (51)
W0106 19:07:08.234884 210022400 DBThread.cpp:8518] select client channel domain fail, errno:2003, error: Can't connect to MySQL server on '58.82.239.150' (51)
W0106 19:07:08.234937 210022400 DBThread.cpp:8614] get platform db handle fail.
W0106 19:07:08.235039 210022400 DBThread.cpp:8576] select channel show exchange condition fail, errno:2003, error: Can't connect to MySQL server on '58.82.239.150' (51)
W0106 19:07:08.235162 210022400 DBThread.cpp:5674] select today online rank fail. errno: -1, err msg: mysql not opened yet!
W0106 19:07:08.235280 210022400 DBThread.cpp:5771] select today task finish rank fail. errno: -1, err msg: mysql not opened yet!
W0106 19:07:08.235330 210022400 DBThread.cpp:4107] get platform db handle fail.
W0106 19:07:08.235375 210022400 DBThread.cpp:4203] get platform db handle fail.
W0106 19:07:08.235414 210022400 DBThread.cpp:4270] get platform db handle fail.
W0106 19:07:08.235513 210022400 DBThread.cpp:4357] select wealth god coming id fail. errno: -1, error: mysql not opened yet!
W0106 19:07:08.235635 210022400 DBThread.cpp:8077] select recharge amount cfg fail, errno:2003, error: Can't connect to MySQL server on '58.82.239.150' (51)
W0106 19:07:08.235749 210022400 DBThread.cpp:8404] select excharge amount cfg fail, errno:2003, error: Can't connect to MySQL server on '58.82.239.150' (51)
W0106 19:07:08.235801 210022400 DBThread.cpp:4731] get platform db handle fail.
W0106 19:07:08.235944 210022400 DBThread.cpp:4821] select duobao_data fail. errno: -1, error: mysql not opened yet!
W0106 19:07:08.237243 210022400 DBThread.cpp:8669] get platform db handle fail.
I0106 19:07:10.223587 479126976 NetServer.cpp:55] accept io...127.0.0.1:55133
I0106 19:07:10.225134 210022400 DBThread.cpp:100] bind one connect: 127.0.0.1:55133
W0106 19:17:06.747400 210022400 DBThread.cpp:5437] select today earn score rank fail . errno: -1, err msg: mysql not opened yet!
W0106 19:17:06.747648 210022400 DBThread.cpp:5674] select today online rank fail. errno: -1, err msg: mysql not opened yet!
W0106 19:17:06.747823 210022400 DBThread.cpp:5771] select today task finish rank fail. errno: -1, err msg: mysql not opened yet!
W0106 19:27:06.816227 210022400 DBThread.cpp:5437] select today earn score rank fail . errno: -1, err msg: mysql not opened yet!
W0106 19:27:06.818650 210022400 DBThread.cpp:5674] select today online rank fail. errno: -1, err msg: mysql not opened yet!
W0106 19:27:06.818763 210022400 DBThread.cpp:5771] select today task finish rank fail. errno: -1, err msg: mysql not opened yet!
W0106 19:37:06.903421 210022400 DBThread.cpp:5437] select today earn score rank fail . errno: -1, err msg: mysql not opened yet!
W0106 19:37:06.905109 210022400 DBThread.cpp:5674] select today online rank fail. errno: -1, err msg: mysql not opened yet!
W0106 19:37:06.905217 210022400 DBThread.cpp:5771] select today task finish rank fail. errno: -1, err msg: mysql not opened yet!
W0106 19:40:08.803623 211095552 DBThread.cpp:4628] INSERT wealth_god_data fail, errno: 2003, error: Can't connect to MySQL server on '58.82.239.150' (51)
W0106 19:40:08.804481 210558976 DBThread.cpp:4588] INSERT wealth god index fail, errno: 2003, error: Can't connect to MySQL server on '58.82.239.150' (51)
W0106 19:47:06.978515 210022400 DBThread.cpp:5437] select today earn score rank fail . errno: -1, err msg: mysql not opened yet!
W0106 19:47:06.981341 210022400 DBThread.cpp:5674] select today online rank fail. errno: -1, err msg: mysql not opened yet!
W0106 19:47:06.981531 210022400 DBThread.cpp:5771] select today task finish rank fail. errno: -1, err msg: mysql not opened yet!
W0106 19:57:07.020001 210022400 DBThread.cpp:5437] select today earn score rank fail . errno: -1, err msg: mysql not opened yet!
W0106 19:57:07.022176 210022400 DBThread.cpp:5674] select today online rank fail. errno: -1, err msg: mysql not opened yet!
W0106 19:57:07.022320 210022400 DBThread.cpp:5771] select today task finish rank fail. errno: -1, err msg: mysql not opened yet!
W0106 20:00:10.047657 211632128 DBThread.cpp:4588] INSERT wealth god index fail, errno: -1, error: mysql not opened yet!
W0106 20:00:10.047751 212168704 DBThread.cpp:4628] INSERT wealth_god_data fail, errno: -1, error: mysql not opened yet!
W0106 20:06:26.481760 209485824 BuildDBThread.cpp:294] CBuildDBThread run, begin build database ..
W0106 20:06:28.489800 209485824 BuildDBThread.cpp:133] open :58.82.239.150:3306@mysql error!
W0106 20:06:28.489938 209485824 BuildDBThread.cpp:217] open :58.82.239.150:3306@mysql error!
W0106 20:07:07.049398 210022400 DBThread.cpp:5437] select today earn score rank fail . errno: -1, err msg: mysql not opened yet!
W0106 20:07:07.049616 210022400 DBThread.cpp:5674] select today online rank fail. errno: -1, err msg: mysql not opened yet!
W0106 20:07:07.049752 210022400 DBThread.cpp:5771] select today task finish rank fail. errno: -1, err msg: mysql not opened yet!
W0106 20:17:07.122671 210022400 DBThread.cpp:5437] select today earn score rank fail . errno: -1, err msg: mysql not opened yet!
W0106 20:17:07.124199 210022400 DBThread.cpp:5674] select today online rank fail. errno: -1, err msg: mysql not opened yet!
W0106 20:17:07.124271 210022400 DBThread.cpp:5771] select today task finish rank fail. errno: -1, err msg: mysql not opened yet!
W0106 20:27:07.206943 210022400 DBThread.cpp:5437] select today earn score rank fail . errno: -1, err msg: mysql not opened yet!
W0106 20:27:07.208516 210022400 DBThread.cpp:5674] select today online rank fail. errno: -1, err msg: mysql not opened yet!
W0106 20:27:07.208593 210022400 DBThread.cpp:5771] select today task finish rank fail. errno: -1, err msg: mysql not opened yet!
W0106 20:30:11.792096 212705280 DBThread.cpp:4588] INSERT wealth god index fail, errno: 2003, error: Can't connect to MySQL server on '58.82.239.150' (51)
W0106 20:30:11.793190 213241856 DBThread.cpp:4628] INSERT wealth_god_data fail, errno: -1, error: mysql not opened yet!
W0106 23:36:59.120409 210022400 DBThread.cpp:5437] select today earn score rank fail . errno: -1, err msg: mysql not opened yet!
I0106 23:36:59.136814 479126976 NetServer.cpp:88] delete io...127.0.0.1:55133
W0106 23:36:59.148360 210022400 DBThread.cpp:5674] select today online rank fail. errno: -1, err msg: mysql not opened yet!
I0106 23:36:59.148512 479126976 NetServer.cpp:88] delete io...127.0.0.1:55115
I0106 23:36:59.148695 479126976 NetServer.cpp:88] delete io...127.0.0.1:55116
W0106 23:36:59.148730 210022400 DBThread.cpp:5771] select today task finish rank fail. errno: -1, err msg: mysql not opened yet!
W0106 23:36:59.148828 210022400 DBThread.cpp:1991] start  AcrossTheDayEvent...
W0106 23:36:59.148967 210022400 DBThread.cpp:5345] delete yesterdayEarnScore fail. errno: -1, err msg: mysql not opened yet!
W0106 23:36:59.149010 210022400 DBThread.cpp:1996] SwitchTodayScoreRank use time : 1
W0106 23:36:59.150036 210022400 DBThread.cpp:2001] ResetTodayScoreRankInCache use time : 1
W0106 23:36:59.151204 210022400 DBThread.cpp:5854] delete from today online rank fail. errno: -1, err msg: mysql not opened yet!
W0106 23:36:59.151662 210022400 DBThread.cpp:2006] ResetTodayRank use time : 1
I0106 23:37:00.624115 479126976 NetServer.cpp:55] accept io...127.0.0.1:61550
I0106 23:37:00.626930 210022400 DBThread.cpp:100] bind one connect: 127.0.0.1:61550
I0106 23:37:00.628710 479126976 NetServer.cpp:55] accept io...127.0.0.1:61552
I0106 23:37:00.629209 210022400 DBThread.cpp:100] bind one connect: 127.0.0.1:61552
W0106 23:37:00.650305 210022400 DBThread.cpp:5437] select today earn score rank fail . errno: -1, err msg: mysql not opened yet!
W0106 23:37:00.650395 210022400 DBThread.cpp:6134] SELECT DISTINCT(platformId) FROM stat_pcu
W0106 23:37:00.650420 210022400 DBThread.cpp:6135] select pcu platformId fail. errno: -1, err msg: mysql not opened yet!
W0106 23:37:00.650445 210022400 DBThread.cpp:7914] get platform score db handle fail.
W0106 23:37:00.650504 210022400 DBThread.cpp:8251] select generalize promoter info platform id fail, errno:2003, error: Can't connect to MySQL server on '58.82.239.150' (51)
W0106 23:37:00.650532 210022400 DBThread.cpp:8320] get record score db handle fail.
W0106 23:37:00.650585 210022400 DBThread.cpp:8465] select quanmin channel fail, errno:2003, error: Can't connect to MySQL server on '58.82.239.150' (51)
W0106 23:37:00.650645 210022400 DBThread.cpp:8518] select client channel domain fail, errno:2003, error: Can't connect to MySQL server on '58.82.239.150' (51)
W0106 23:37:00.650671 210022400 DBThread.cpp:8614] get platform db handle fail.
W0106 23:37:00.650724 210022400 DBThread.cpp:8576] select channel show exchange condition fail, errno:2003, error: Can't connect to MySQL server on '58.82.239.150' (51)
W0106 23:37:00.650791 210022400 DBThread.cpp:5674] select today online rank fail. errno: -1, err msg: mysql not opened yet!
W0106 23:37:00.650852 210022400 DBThread.cpp:5771] select today task finish rank fail. errno: -1, err msg: mysql not opened yet!
W0106 23:37:00.650880 210022400 DBThread.cpp:4107] get platform db handle fail.
W0106 23:37:00.650903 210022400 DBThread.cpp:4203] get platform db handle fail.
W0106 23:37:00.650923 210022400 DBThread.cpp:4270] get platform db handle fail.
W0106 23:37:00.650982 210022400 DBThread.cpp:4357] select wealth god coming id fail. errno: -1, error: mysql not opened yet!
W0106 23:37:00.651041 210022400 DBThread.cpp:8077] select recharge amount cfg fail, errno:2003, error: Can't connect to MySQL server on '58.82.239.150' (51)
W0106 23:37:00.651098 210022400 DBThread.cpp:8404] select excharge amount cfg fail, errno:2003, error: Can't connect to MySQL server on '58.82.239.150' (51)
W0106 23:37:00.651127 210022400 DBThread.cpp:4731] get platform db handle fail.
W0106 23:37:00.651180 210022400 DBThread.cpp:4821] select duobao_data fail. errno: -1, error: mysql not opened yet!
W0106 23:37:00.651207 210022400 DBThread.cpp:8669] get platform db handle fail.
I0106 23:37:02.631103 479126976 NetServer.cpp:55] accept io...127.0.0.1:61565
I0106 23:37:02.632983 210022400 DBThread.cpp:100] bind one connect: 127.0.0.1:61565
W0107 08:38:00.554941 210022400 DBThread.cpp:5437] select today earn score rank fail . errno: -1, err msg: mysql not opened yet!
I0107 08:38:00.565359 479126976 NetServer.cpp:88] delete io...127.0.0.1:61550
I0107 08:38:00.596137 479126976 NetServer.cpp:88] delete io...127.0.0.1:61565
I0107 08:38:00.596299 479126976 NetServer.cpp:88] delete io...127.0.0.1:61552
W0107 08:38:00.596319 210022400 DBThread.cpp:5674] select today online rank fail. errno: -1, err msg: mysql not opened yet!
W0107 08:38:00.596495 210022400 DBThread.cpp:5771] select today task finish rank fail. errno: -1, err msg: mysql not opened yet!
I0107 08:38:01.792848 479126976 NetServer.cpp:55] accept io...127.0.0.1:61616
I0107 08:38:01.793159 210022400 DBThread.cpp:100] bind one connect: 127.0.0.1:61616
I0107 08:38:02.050806 479126976 NetServer.cpp:55] accept io...127.0.0.1:61617
I0107 08:38:02.052675 210022400 DBThread.cpp:100] bind one connect: 127.0.0.1:61617
W0107 08:38:02.066471 210022400 DBThread.cpp:5437] select today earn score rank fail . errno: -1, err msg: mysql not opened yet!
W0107 08:38:02.071913 210022400 DBThread.cpp:6134] SELECT DISTINCT(platformId) FROM stat_pcu
W0107 08:38:02.072089 210022400 DBThread.cpp:6135] select pcu platformId fail. errno: -1, err msg: mysql not opened yet!
W0107 08:38:02.072922 210022400 DBThread.cpp:7914] get platform score db handle fail.
W0107 08:38:02.074057 210022400 DBThread.cpp:8251] select generalize promoter info platform id fail, errno:2003, error: Can't connect to MySQL server on '58.82.239.150' (51)
W0107 08:38:02.074295 210022400 DBThread.cpp:8320] get record score db handle fail.
W0107 08:38:02.074687 210022400 DBThread.cpp:8465] select quanmin channel fail, errno:2003, error: Can't connect to MySQL server on '58.82.239.150' (51)
W0107 08:38:02.074975 210022400 DBThread.cpp:8518] select client channel domain fail, errno:2003, error: Can't connect to MySQL server on '58.82.239.150' (51)
W0107 08:38:02.075022 210022400 DBThread.cpp:8614] get platform db handle fail.
W0107 08:38:02.075088 210022400 DBThread.cpp:8576] select channel show exchange condition fail, errno:2003, error: Can't connect to MySQL server on '58.82.239.150' (51)
W0107 08:38:02.075206 210022400 DBThread.cpp:5674] select today online rank fail. errno: -1, err msg: mysql not opened yet!
W0107 08:38:02.075397 210022400 DBThread.cpp:5771] select today task finish rank fail. errno: -1, err msg: mysql not opened yet!
W0107 08:38:02.075448 210022400 DBThread.cpp:4107] get platform db handle fail.
W0107 08:38:02.075474 210022400 DBThread.cpp:4203] get platform db handle fail.
W0107 08:38:02.075497 210022400 DBThread.cpp:4270] get platform db handle fail.
W0107 08:38:02.075585 210022400 DBThread.cpp:4357] select wealth god coming id fail. errno: -1, error: mysql not opened yet!
W0107 08:38:02.075656 210022400 DBThread.cpp:8077] select recharge amount cfg fail, errno:2003, error: Can't connect to MySQL server on '58.82.239.150' (51)
W0107 08:38:02.075722 210022400 DBThread.cpp:8404] select excharge amount cfg fail, errno:2003, error: Can't connect to MySQL server on '58.82.239.150' (51)
W0107 08:38:02.075754 210022400 DBThread.cpp:4731] get platform db handle fail.
W0107 08:38:02.076670 210022400 DBThread.cpp:4821] select duobao_data fail. errno: -1, error: mysql not opened yet!
W0107 08:38:02.076983 210022400 DBThread.cpp:8669] get platform db handle fail.
I0107 08:38:04.068280 479126976 NetServer.cpp:55] accept io...127.0.0.1:61635
I0107 08:38:04.070130 210022400 DBThread.cpp:100] bind one connect: 127.0.0.1:61635
I0107 09:53:15.658869 479126976 NetServer.cpp:88] delete io...127.0.0.1:61616
I0107 09:53:15.669406 479126976 NetServer.cpp:88] delete io...127.0.0.1:61635
W0107 09:53:15.673682 210022400 DBThread.cpp:5437] select today earn score rank fail . errno: -1, err msg: mysql not opened yet!
I0107 09:53:15.679167 479126976 NetServer.cpp:88] delete io...127.0.0.1:61617
W0107 09:53:15.690629 210022400 DBThread.cpp:5674] select today online rank fail. errno: -1, err msg: mysql not opened yet!
W0107 09:53:15.690901 210022400 DBThread.cpp:5771] select today task finish rank fail. errno: -1, err msg: mysql not opened yet!
I0107 09:53:17.194000 479126976 NetServer.cpp:55] accept io...127.0.0.1:61681
I0107 09:53:17.196137 210022400 DBThread.cpp:100] bind one connect: 127.0.0.1:61681
I0107 09:53:17.769775 479126976 NetServer.cpp:55] accept io...127.0.0.1:61682
I0107 09:53:17.770855 210022400 DBThread.cpp:100] bind one connect: 127.0.0.1:61682
W0107 09:53:17.788607 210022400 DBThread.cpp:5437] select today earn score rank fail . errno: -1, err msg: mysql not opened yet!
W0107 09:53:17.788718 210022400 DBThread.cpp:6134] SELECT DISTINCT(platformId) FROM stat_pcu
W0107 09:53:17.788741 210022400 DBThread.cpp:6135] select pcu platformId fail. errno: -1, err msg: mysql not opened yet!
W0107 09:53:17.788766 210022400 DBThread.cpp:7914] get platform score db handle fail.
W0107 09:53:17.788861 210022400 DBThread.cpp:8251] select generalize promoter info platform id fail, errno:2003, error: Can't connect to MySQL server on '58.82.239.150' (51)
W0107 09:53:17.788887 210022400 DBThread.cpp:8320] get record score db handle fail.
W0107 09:53:17.788936 210022400 DBThread.cpp:8465] select quanmin channel fail, errno:2003, error: Can't connect to MySQL server on '58.82.239.150' (51)
W0107 09:53:17.788995 210022400 DBThread.cpp:8518] select client channel domain fail, errno:2003, error: Can't connect to MySQL server on '58.82.239.150' (51)
W0107 09:53:17.789028 210022400 DBThread.cpp:8614] get platform db handle fail.
W0107 09:53:17.789079 210022400 DBThread.cpp:8576] select channel show exchange condition fail, errno:2003, error: Can't connect to MySQL server on '58.82.239.150' (51)
W0107 09:53:17.789146 210022400 DBThread.cpp:5674] select today online rank fail. errno: -1, err msg: mysql not opened yet!
W0107 09:53:17.789254 210022400 DBThread.cpp:5771] select today task finish rank fail. errno: -1, err msg: mysql not opened yet!
W0107 09:53:17.789280 210022400 DBThread.cpp:4107] get platform db handle fail.
W0107 09:53:17.789299 210022400 DBThread.cpp:4203] get platform db handle fail.
W0107 09:53:17.789314 210022400 DBThread.cpp:4270] get platform db handle fail.
W0107 09:53:17.789381 210022400 DBThread.cpp:4357] select wealth god coming id fail. errno: -1, error: mysql not opened yet!
W0107 09:53:17.789433 210022400 DBThread.cpp:8077] select recharge amount cfg fail, errno:2003, error: Can't connect to MySQL server on '58.82.239.150' (51)
W0107 09:53:17.800683 210022400 DBThread.cpp:8404] select excharge amount cfg fail, errno:2003, error: Can't connect to MySQL server on '58.82.239.150' (51)
W0107 09:53:17.800745 210022400 DBThread.cpp:4731] get platform db handle fail.
W0107 09:53:17.800884 210022400 DBThread.cpp:4821] select duobao_data fail. errno: -1, error: mysql not opened yet!
W0107 09:53:17.800918 210022400 DBThread.cpp:8669] get platform db handle fail.
I0107 09:53:19.164386 479126976 NetServer.cpp:55] accept io...127.0.0.1:61695
I0107 09:53:19.165973 210022400 DBThread.cpp:100] bind one connect: 127.0.0.1:61695
W0107 10:20:20.512363 211095552 DBThread.cpp:4628] INSERT wealth_god_data fail, errno: 1062, error: Duplicate entry '3-1-2-380' for key 'PRIMARY'
W0107 10:21:43.680126 209485824 BuildDBThread.cpp:294] CBuildDBThread run, begin build database ..
W0107 10:41:15.000833 213778432 DBThread.cpp:4628] INSERT wealth_god_data fail, errno: 1062, error: Duplicate entry '2-1-1-46' for key 'PRIMARY'
W0107 11:21:48.121413 209485824 BuildDBThread.cpp:294] CBuildDBThread run, begin build database ..
W0107 11:31:07.689623 214851584 DBThread.cpp:4628] INSERT wealth_god_data fail, errno: 1062, error: Duplicate entry '100-1-2-292' for key 'PRIMARY'
W0107 12:21:52.635519 209485824 BuildDBThread.cpp:294] CBuildDBThread run, begin build database ..
