I0311 01:28:16.205260 195454400 NetServer.cpp:88] delete io...127.0.0.1:59437
W0311 01:28:16.206921 59736064 ServerMgr.cpp:88] remove one proxy server, id: 30
W0311 01:28:16.206969 59736064 LoginServerThread.cpp:180] center server is disconnect, after 10s will be reconnect!
I0311 01:28:19.695070 195454400 NetServer.cpp:55] accept io...127.0.0.1:59461
I0311 01:28:19.696328 59736064 LoginServerThread.cpp:190] bind one connect: 127.0.0.1:59461
I0311 01:28:19.725136 59736064 ServerMgr.cpp:54] bind one proxy server, ip:127.0.0.1:59461
W0311 01:28:26.719121 195454400 NetModule.cpp:723] ready reconnect server, server id: 0
I0311 01:28:26.719507 195454400 NetConnector.cpp:216] connect to: 0.0.0.0:5001 success! 
I0311 02:09:04.219472 195454400 NetServer.cpp:88] delete io...127.0.0.1:59461
W0311 02:09:04.220753 59736064 ServerMgr.cpp:88] remove one proxy server, id: 30
W0311 02:09:04.223196 59736064 LoginServerThread.cpp:180] center server is disconnect, after 10s will be reconnect!
I0311 02:09:07.706594 195454400 NetServer.cpp:55] accept io...127.0.0.1:59480
I0311 02:09:07.708338 59736064 LoginServerThread.cpp:190] bind one connect: 127.0.0.1:59480
I0311 02:09:07.724462 59736064 ServerMgr.cpp:54] bind one proxy server, ip:127.0.0.1:59480
W0311 02:09:14.752391 195454400 NetModule.cpp:723] ready reconnect server, server id: 0
I0311 02:09:14.752713 195454400 NetConnector.cpp:216] connect to: 0.0.0.0:5001 success! 
I0311 02:46:49.240499 195454400 NetServer.cpp:88] delete io...127.0.0.1:59480
W0311 02:46:49.243415 59736064 ServerMgr.cpp:88] remove one proxy server, id: 30
W0311 02:46:49.256534 59736064 LoginServerThread.cpp:180] center server is disconnect, after 10s will be reconnect!
I0311 02:46:52.738051 195454400 NetServer.cpp:55] accept io...127.0.0.1:59500
I0311 02:46:52.740455 59736064 LoginServerThread.cpp:190] bind one connect: 127.0.0.1:59500
I0311 02:46:52.753898 59736064 ServerMgr.cpp:54] bind one proxy server, ip:127.0.0.1:59500
W0311 02:46:59.756211 195454400 NetModule.cpp:723] ready reconnect server, server id: 0
I0311 02:46:59.756680 195454400 NetConnector.cpp:216] connect to: 0.0.0.0:5001 success! 
I0311 03:18:25.248854 195454400 NetServer.cpp:88] delete io...127.0.0.1:59500
W0311 03:18:25.251076 59736064 ServerMgr.cpp:88] remove one proxy server, id: 30
W0311 03:18:25.251109 59736064 LoginServerThread.cpp:180] center server is disconnect, after 10s will be reconnect!
I0311 03:18:28.749509 195454400 NetServer.cpp:55] accept io...127.0.0.1:59518
I0311 03:18:28.752002 59736064 LoginServerThread.cpp:190] bind one connect: 127.0.0.1:59518
I0311 03:18:28.759861 59736064 ServerMgr.cpp:54] bind one proxy server, ip:127.0.0.1:59518
W0311 03:18:35.763583 195454400 NetModule.cpp:723] ready reconnect server, server id: 0
I0311 03:18:35.763963 195454400 NetConnector.cpp:216] connect to: 0.0.0.0:5001 success! 
I0311 03:49:51.263530 195454400 NetServer.cpp:88] delete io...127.0.0.1:59518
W0311 03:49:51.266067 59736064 ServerMgr.cpp:88] remove one proxy server, id: 30
W0311 03:49:51.266103 59736064 LoginServerThread.cpp:180] center server is disconnect, after 10s will be reconnect!
I0311 03:49:54.759224 195454400 NetServer.cpp:55] accept io...127.0.0.1:59539
I0311 03:49:54.760751 59736064 LoginServerThread.cpp:190] bind one connect: 127.0.0.1:59539
I0311 03:49:54.777801 59736064 ServerMgr.cpp:54] bind one proxy server, ip:127.0.0.1:59539
W0311 03:50:01.794416 195454400 NetModule.cpp:723] ready reconnect server, server id: 0
I0311 03:50:01.794675 195454400 NetConnector.cpp:216] connect to: 0.0.0.0:5001 success! 
I0311 04:22:59.281970 195454400 NetServer.cpp:88] delete io...127.0.0.1:59539
W0311 04:22:59.283241 59736064 ServerMgr.cpp:88] remove one proxy server, id: 30
W0311 04:22:59.283299 59736064 LoginServerThread.cpp:180] center server is disconnect, after 10s will be reconnect!
I0311 04:23:02.768916 195454400 NetServer.cpp:55] accept io...127.0.0.1:59560
I0311 04:23:02.771008 59736064 LoginServerThread.cpp:190] bind one connect: 127.0.0.1:59560
I0311 04:23:02.773866 59736064 ServerMgr.cpp:54] bind one proxy server, ip:127.0.0.1:59560
W0311 04:23:09.817212 195454400 NetModule.cpp:723] ready reconnect server, server id: 0
I0311 04:23:09.817586 195454400 NetConnector.cpp:216] connect to: 0.0.0.0:5001 success! 
I0311 04:54:42.292768 195454400 NetServer.cpp:88] delete io...127.0.0.1:59560
W0311 04:54:42.294737 59736064 ServerMgr.cpp:88] remove one proxy server, id: 30
W0311 04:54:42.300814 59736064 LoginServerThread.cpp:180] center server is disconnect, after 10s will be reconnect!
I0311 04:54:45.781531 195454400 NetServer.cpp:55] accept io...127.0.0.1:59582
I0311 04:54:45.783890 59736064 LoginServerThread.cpp:190] bind one connect: 127.0.0.1:59582
I0311 04:54:45.805078 59736064 ServerMgr.cpp:54] bind one proxy server, ip:127.0.0.1:59582
W0311 04:54:52.809967 195454400 NetModule.cpp:723] ready reconnect server, server id: 0
I0311 04:54:52.810302 195454400 NetConnector.cpp:216] connect to: 0.0.0.0:5001 success! 
I0311 05:32:26.304869 195454400 NetServer.cpp:88] delete io...127.0.0.1:59582
W0311 05:32:26.305246 59736064 ServerMgr.cpp:88] remove one proxy server, id: 30
W0311 05:32:26.305342 59736064 LoginServerThread.cpp:180] center server is disconnect, after 10s will be reconnect!
I0311 05:32:29.794922 195454400 NetServer.cpp:55] accept io...127.0.0.1:59630
I0311 05:32:29.797207 59736064 LoginServerThread.cpp:190] bind one connect: 127.0.0.1:59630
I0311 05:32:29.819897 59736064 ServerMgr.cpp:54] bind one proxy server, ip:127.0.0.1:59630
W0311 05:32:36.828677 195454400 NetModule.cpp:723] ready reconnect server, server id: 0
I0311 05:32:36.829020 195454400 NetConnector.cpp:216] connect to: 0.0.0.0:5001 success! 
I0311 06:04:14.326508 195454400 NetServer.cpp:88] delete io...127.0.0.1:59630
W0311 06:04:14.326882 59736064 ServerMgr.cpp:88] remove one proxy server, id: 30
W0311 06:04:14.329157 59736064 LoginServerThread.cpp:180] center server is disconnect, after 10s will be reconnect!
I0311 06:04:17.819237 195454400 NetServer.cpp:55] accept io...127.0.0.1:59649
I0311 06:04:17.821405 59736064 LoginServerThread.cpp:190] bind one connect: 127.0.0.1:59649
I0311 06:04:17.839336 59736064 ServerMgr.cpp:54] bind one proxy server, ip:127.0.0.1:59649
W0311 06:04:24.851905 195454400 NetModule.cpp:723] ready reconnect server, server id: 0
I0311 06:04:24.852272 195454400 NetConnector.cpp:216] connect to: 0.0.0.0:5001 success! 
I0311 06:36:56.339689 195454400 NetServer.cpp:88] delete io...127.0.0.1:59649
W0311 06:36:56.340559 59736064 ServerMgr.cpp:88] remove one proxy server, id: 30
W0311 06:36:56.340618 59736064 LoginServerThread.cpp:180] center server is disconnect, after 10s will be reconnect!
I0311 06:36:59.829161 195454400 NetServer.cpp:55] accept io...127.0.0.1:59666
I0311 06:36:59.830698 59736064 LoginServerThread.cpp:190] bind one connect: 127.0.0.1:59666
I0311 06:36:59.835286 59736064 ServerMgr.cpp:54] bind one proxy server, ip:127.0.0.1:59666
W0311 06:37:06.848212 195454400 NetModule.cpp:723] ready reconnect server, server id: 0
I0311 06:37:06.848558 195454400 NetConnector.cpp:216] connect to: 0.0.0.0:5001 success! 
I0311 07:08:00.346088 195454400 NetServer.cpp:88] delete io...127.0.0.1:59666
W0311 07:08:00.348263 59736064 ServerMgr.cpp:88] remove one proxy server, id: 30
W0311 07:08:00.363795 59736064 LoginServerThread.cpp:180] center server is disconnect, after 10s will be reconnect!
I0311 07:08:03.849236 195454400 NetServer.cpp:55] accept io...127.0.0.1:59687
I0311 07:08:03.851199 59736064 LoginServerThread.cpp:190] bind one connect: 127.0.0.1:59687
I0311 07:08:03.857278 59736064 ServerMgr.cpp:54] bind one proxy server, ip:127.0.0.1:59687
W0311 07:08:10.880785 195454400 NetModule.cpp:723] ready reconnect server, server id: 0
I0311 07:08:10.881089 195454400 NetConnector.cpp:216] connect to: 0.0.0.0:5001 success! 
I0311 07:45:41.360669 195454400 NetServer.cpp:88] delete io...127.0.0.1:59687
W0311 07:45:41.362241 59736064 ServerMgr.cpp:88] remove one proxy server, id: 30
W0311 07:45:41.362310 59736064 LoginServerThread.cpp:180] center server is disconnect, after 10s will be reconnect!
I0311 07:45:44.854646 195454400 NetServer.cpp:55] accept io...127.0.0.1:59705
I0311 07:45:44.856918 59736064 LoginServerThread.cpp:190] bind one connect: 127.0.0.1:59705
I0311 07:45:44.871050 59736064 ServerMgr.cpp:54] bind one proxy server, ip:127.0.0.1:59705
W0311 07:45:51.873612 195454400 NetModule.cpp:723] ready reconnect server, server id: 0
I0311 07:45:51.873947 195454400 NetConnector.cpp:216] connect to: 0.0.0.0:5001 success! 
I0311 08:19:43.377496 195454400 NetServer.cpp:88] delete io...127.0.0.1:59705
W0311 08:19:43.377933 59736064 ServerMgr.cpp:88] remove one proxy server, id: 30
W0311 08:19:43.377977 59736064 LoginServerThread.cpp:180] center server is disconnect, after 10s will be reconnect!
I0311 08:19:46.875870 195454400 NetServer.cpp:55] accept io...127.0.0.1:59724
I0311 08:19:46.878240 59736064 LoginServerThread.cpp:190] bind one connect: 127.0.0.1:59724
I0311 08:19:46.889432 59736064 ServerMgr.cpp:54] bind one proxy server, ip:127.0.0.1:59724
W0311 08:19:53.895155 195454400 NetModule.cpp:723] ready reconnect server, server id: 0
I0311 08:19:53.895488 195454400 NetConnector.cpp:216] connect to: 0.0.0.0:5001 success! 
I0311 08:52:58.383918 195454400 NetServer.cpp:88] delete io...127.0.0.1:59724
W0311 08:52:58.385144 59736064 ServerMgr.cpp:88] remove one proxy server, id: 30
W0311 08:52:58.385210 59736064 LoginServerThread.cpp:180] center server is disconnect, after 10s will be reconnect!
I0311 08:53:01.889598 195454400 NetServer.cpp:55] accept io...127.0.0.1:59742
I0311 08:53:01.889942 59736064 LoginServerThread.cpp:190] bind one connect: 127.0.0.1:59742
I0311 08:53:01.918401 59736064 ServerMgr.cpp:54] bind one proxy server, ip:127.0.0.1:59742
W0311 08:53:08.420585 195454400 NetModule.cpp:723] ready reconnect server, server id: 0
I0311 08:53:08.420851 195454400 NetConnector.cpp:216] connect to: 0.0.0.0:5001 success! 
I0311 09:31:13.401582 195454400 NetServer.cpp:88] delete io...127.0.0.1:59742
W0311 09:31:13.404100 59736064 ServerMgr.cpp:88] remove one proxy server, id: 30
W0311 09:31:13.423702 59736064 LoginServerThread.cpp:180] center server is disconnect, after 10s will be reconnect!
I0311 09:31:16.896908 195454400 NetServer.cpp:55] accept io...127.0.0.1:59766
I0311 09:31:16.898779 59736064 LoginServerThread.cpp:190] bind one connect: 127.0.0.1:59766
I0311 09:31:16.909931 59736064 ServerMgr.cpp:54] bind one proxy server, ip:127.0.0.1:59766
W0311 09:31:23.935034 195454400 NetModule.cpp:723] ready reconnect server, server id: 0
I0311 09:31:23.935402 195454400 NetConnector.cpp:216] connect to: 0.0.0.0:5001 success! 
I0311 09:45:02.408993 195454400 NetServer.cpp:88] delete io...127.0.0.1:59766
W0311 09:45:02.409951 59736064 ServerMgr.cpp:88] remove one proxy server, id: 30
W0311 09:45:02.410176 59736064 LoginServerThread.cpp:180] center server is disconnect, after 10s will be reconnect!
I0311 09:45:05.902079 195454400 NetServer.cpp:55] accept io...127.0.0.1:59785
I0311 09:45:05.904435 59736064 LoginServerThread.cpp:190] bind one connect: 127.0.0.1:59785
I0311 09:45:05.921700 59736064 ServerMgr.cpp:54] bind one proxy server, ip:127.0.0.1:59785
W0311 09:45:12.449890 195454400 NetModule.cpp:723] ready reconnect server, server id: 0
I0311 09:45:12.450250 195454400 NetConnector.cpp:216] connect to: 0.0.0.0:5001 success! 
I0311 22:14:51.688100 195454400 NetServer.cpp:88] delete io...127.0.0.1:59785
W0311 22:14:51.689101 59736064 ServerMgr.cpp:88] remove one proxy server, id: 30
W0311 22:14:51.704222 59736064 LoginServerThread.cpp:180] center server is disconnect, after 10s will be reconnect!
I0311 22:14:55.009199 195454400 NetServer.cpp:55] accept io...127.0.0.1:61742
I0311 22:14:55.010318 59736064 LoginServerThread.cpp:190] bind one connect: 127.0.0.1:61742
I0311 22:14:55.030097 59736064 ServerMgr.cpp:54] bind one proxy server, ip:127.0.0.1:61742
W0311 22:15:02.049145 195454400 NetModule.cpp:723] ready reconnect server, server id: 0
I0311 22:15:02.050459 195454400 NetConnector.cpp:216] connect to: 0.0.0.0:5001 success! 
I0311 22:55:28.225260 195454400 NetServer.cpp:88] delete io...127.0.0.1:61742
W0311 22:55:28.226588 59736064 ServerMgr.cpp:88] remove one proxy server, id: 30
W0311 22:55:28.232755 59736064 LoginServerThread.cpp:180] center server is disconnect, after 10s will be reconnect!
I0311 22:55:31.716828 195454400 NetServer.cpp:55] accept io...127.0.0.1:61789
I0311 22:55:31.717777 59736064 LoginServerThread.cpp:190] bind one connect: 127.0.0.1:61789
I0311 22:55:31.722690 59736064 ServerMgr.cpp:54] bind one proxy server, ip:127.0.0.1:61789
W0311 22:55:38.749377 195454400 NetModule.cpp:723] ready reconnect server, server id: 0
I0311 22:55:38.749508 195454400 NetConnector.cpp:216] connect to: 0.0.0.0:5001 success! 
I0311 23:38:23.253743 195454400 NetServer.cpp:88] delete io...127.0.0.1:61789
W0311 23:38:23.254509 59736064 ServerMgr.cpp:88] remove one proxy server, id: 30
W0311 23:38:23.263087 59736064 LoginServerThread.cpp:180] center server is disconnect, after 10s will be reconnect!
I0311 23:38:26.742697 195454400 NetServer.cpp:55] accept io...127.0.0.1:61854
I0311 23:38:26.744101 59736064 LoginServerThread.cpp:190] bind one connect: 127.0.0.1:61854
I0311 23:38:26.772449 59736064 ServerMgr.cpp:54] bind one proxy server, ip:127.0.0.1:61854
W0311 23:38:33.770615 195454400 NetModule.cpp:723] ready reconnect server, server id: 0
I0311 23:38:33.771134 195454400 NetConnector.cpp:216] connect to: 127.0.0.1:5001 success! 
W0312 00:19:13.260226 59736064 LoginServerThread.cpp:539] login server is across day.
I0312 00:19:13.281726 195454400 NetServer.cpp:88] delete io...127.0.0.1:61854
W0312 00:19:13.281967 59736064 LoginServerThread.cpp:562] delete record_register_ip error, errno: 2003, error: Can't connect to MySQL server on '58.82.239.150' (50)
W0312 00:19:13.282665 59736064 ServerMgr.cpp:88] remove one proxy server, id: 30
W0312 00:19:13.282734 59736064 LoginServerThread.cpp:180] center server is disconnect, after 10s will be reconnect!
I0312 00:19:16.773793 195454400 NetServer.cpp:55] accept io...127.0.0.1:61892
I0312 00:19:16.774513 59736064 LoginServerThread.cpp:190] bind one connect: 127.0.0.1:61892
I0312 00:19:16.790875 59736064 ServerMgr.cpp:54] bind one proxy server, ip:127.0.0.1:61892
W0312 00:19:23.800102 195454400 NetModule.cpp:723] ready reconnect server, server id: 0
I0312 00:19:23.800292 195454400 NetConnector.cpp:216] connect to: 0.0.0.0:5001 success! 
I0312 00:59:46.296375 195454400 NetServer.cpp:88] delete io...127.0.0.1:61892
W0312 00:59:46.298315 59736064 ServerMgr.cpp:88] remove one proxy server, id: 30
W0312 00:59:46.301497 59736064 LoginServerThread.cpp:180] center server is disconnect, after 10s will be reconnect!
I0312 00:59:49.784071 195454400 NetServer.cpp:55] accept io...127.0.0.1:61927
I0312 00:59:49.786276 59736064 LoginServerThread.cpp:190] bind one connect: 127.0.0.1:61927
I0312 00:59:49.801623 59736064 ServerMgr.cpp:54] bind one proxy server, ip:127.0.0.1:61927
W0312 00:59:56.822599 195454400 NetModule.cpp:723] ready reconnect server, server id: 0
I0312 00:59:56.822759 195454400 NetConnector.cpp:216] connect to: 0.0.0.0:5001 success! 
I0312 01:35:56.307924 195454400 NetServer.cpp:88] delete io...127.0.0.1:61927
W0312 01:35:56.309897 59736064 ServerMgr.cpp:88] remove one proxy server, id: 30
W0312 01:35:56.309963 59736064 LoginServerThread.cpp:180] center server is disconnect, after 10s will be reconnect!
I0312 01:35:59.808277 195454400 NetServer.cpp:55] accept io...127.0.0.1:61973
I0312 01:35:59.809648 59736064 LoginServerThread.cpp:190] bind one connect: 127.0.0.1:61973
I0312 01:35:59.814812 59736064 ServerMgr.cpp:54] bind one proxy server, ip:127.0.0.1:61973
W0312 01:36:06.834246 195454400 NetModule.cpp:723] ready reconnect server, server id: 0
I0312 01:36:06.834463 195454400 NetConnector.cpp:216] connect to: 0.0.0.0:5001 success! 
I0312 02:15:33.319341 195454400 NetServer.cpp:88] delete io...127.0.0.1:61973
W0312 02:15:33.321177 59736064 ServerMgr.cpp:88] remove one proxy server, id: 30
W0312 02:15:33.321229 59736064 LoginServerThread.cpp:180] center server is disconnect, after 10s will be reconnect!
I0312 02:15:36.821648 195454400 NetServer.cpp:55] accept io...127.0.0.1:62006
I0312 02:15:36.822963 59736064 LoginServerThread.cpp:190] bind one connect: 127.0.0.1:62006
I0312 02:15:36.843056 59736064 ServerMgr.cpp:54] bind one proxy server, ip:127.0.0.1:62006
W0312 02:15:43.358878 195454400 NetModule.cpp:723] ready reconnect server, server id: 0
I0312 02:15:43.359352 195454400 NetConnector.cpp:216] connect to: 0.0.0.0:5001 success! 
I0312 02:54:43.342890 195454400 NetServer.cpp:88] delete io...127.0.0.1:62006
W0312 02:54:43.343688 59736064 ServerMgr.cpp:88] remove one proxy server, id: 30
W0312 02:54:43.349901 59736064 LoginServerThread.cpp:180] center server is disconnect, after 10s will be reconnect!
I0312 02:54:46.831322 195454400 NetServer.cpp:55] accept io...127.0.0.1:62040
I0312 02:54:46.832813 59736064 LoginServerThread.cpp:190] bind one connect: 127.0.0.1:62040
I0312 02:54:46.837769 59736064 ServerMgr.cpp:54] bind one proxy server, ip:127.0.0.1:62040
W0312 02:54:53.867605 195454400 NetModule.cpp:723] ready reconnect server, server id: 0
I0312 02:54:53.868572 195454400 NetConnector.cpp:216] connect to: 0.0.0.0:5001 success! 
I0312 03:34:57.363106 195454400 NetServer.cpp:88] delete io...127.0.0.1:62040
W0312 03:34:57.363164 59736064 ServerMgr.cpp:88] remove one proxy server, id: 30
W0312 03:34:57.369741 59736064 LoginServerThread.cpp:180] center server is disconnect, after 10s will be reconnect!
I0312 03:35:00.854372 195454400 NetServer.cpp:55] accept io...127.0.0.1:62086
I0312 03:35:00.856585 59736064 LoginServerThread.cpp:190] bind one connect: 127.0.0.1:62086
I0312 03:35:00.874776 59736064 ServerMgr.cpp:54] bind one proxy server, ip:127.0.0.1:62086
W0312 03:35:07.877481 195454400 NetModule.cpp:723] ready reconnect server, server id: 0
I0312 03:35:07.877681 195454400 NetConnector.cpp:216] connect to: 0.0.0.0:5001 success! 
I0312 04:19:10.382735 195454400 NetServer.cpp:88] delete io...127.0.0.1:62086
W0312 04:19:10.384928 59736064 ServerMgr.cpp:88] remove one proxy server, id: 30
W0312 04:19:10.384985 59736064 LoginServerThread.cpp:180] center server is disconnect, after 10s will be reconnect!
I0312 04:19:13.879468 195454400 NetServer.cpp:55] accept io...127.0.0.1:62128
I0312 04:19:13.882458 59736064 LoginServerThread.cpp:190] bind one connect: 127.0.0.1:62128
I0312 04:19:13.898495 59736064 ServerMgr.cpp:54] bind one proxy server, ip:127.0.0.1:62128
W0312 04:19:20.919798 195454400 NetModule.cpp:723] ready reconnect server, server id: 0
I0312 04:19:20.920750 195454400 NetConnector.cpp:216] connect to: 0.0.0.0:5001 success! 
I0312 05:00:34.402359 195454400 NetServer.cpp:88] delete io...127.0.0.1:62128
W0312 05:00:34.404218 59736064 ServerMgr.cpp:88] remove one proxy server, id: 30
W0312 05:00:34.416689 59736064 LoginServerThread.cpp:180] center server is disconnect, after 10s will be reconnect!
I0312 05:00:37.905303 195454400 NetServer.cpp:55] accept io...127.0.0.1:62165
I0312 05:00:37.907608 59736064 LoginServerThread.cpp:190] bind one connect: 127.0.0.1:62165
I0312 05:00:37.925540 59736064 ServerMgr.cpp:54] bind one proxy server, ip:127.0.0.1:62165
W0312 05:00:44.937746 195454400 NetModule.cpp:723] ready reconnect server, server id: 0
I0312 05:00:44.938725 195454400 NetConnector.cpp:216] connect to: 0.0.0.0:5001 success! 
I0312 05:44:34.426124 195454400 NetServer.cpp:88] delete io...127.0.0.1:62165
W0312 05:44:34.427184 59736064 ServerMgr.cpp:88] remove one proxy server, id: 30
W0312 05:44:34.431741 59736064 LoginServerThread.cpp:180] center server is disconnect, after 10s will be reconnect!
I0312 05:44:37.922232 195454400 NetServer.cpp:55] accept io...127.0.0.1:62209
I0312 05:44:37.924299 59736064 LoginServerThread.cpp:190] bind one connect: 127.0.0.1:62209
I0312 05:44:37.951634 59736064 ServerMgr.cpp:54] bind one proxy server, ip:127.0.0.1:62209
W0312 05:44:44.460427 195454400 NetModule.cpp:723] ready reconnect server, server id: 0
I0312 05:44:44.460788 195454400 NetConnector.cpp:216] connect to: 0.0.0.0:5001 success! 
I0312 06:22:32.454879 195454400 NetServer.cpp:88] delete io...127.0.0.1:62209
W0312 06:22:32.455796 59736064 ServerMgr.cpp:88] remove one proxy server, id: 30
W0312 06:22:32.456116 59736064 LoginServerThread.cpp:180] center server is disconnect, after 10s will be reconnect!
I0312 06:22:35.937633 195454400 NetServer.cpp:55] accept io...127.0.0.1:62256
I0312 06:22:35.938670 59736064 LoginServerThread.cpp:190] bind one connect: 127.0.0.1:62256
I0312 06:22:35.967682 59736064 ServerMgr.cpp:54] bind one proxy server, ip:127.0.0.1:62256
W0312 06:22:42.975189 195454400 NetModule.cpp:723] ready reconnect server, server id: 0
I0312 06:22:42.975395 195454400 NetConnector.cpp:216] connect to: 0.0.0.0:5001 success! 
I0312 07:06:08.468197 195454400 NetServer.cpp:88] delete io...127.0.0.1:62256
W0312 07:06:08.470196 59736064 ServerMgr.cpp:88] remove one proxy server, id: 30
W0312 07:06:08.470500 59736064 LoginServerThread.cpp:180] center server is disconnect, after 10s will be reconnect!
I0312 07:06:11.955211 195454400 NetServer.cpp:55] accept io...127.0.0.1:62292
I0312 07:06:11.957875 59736064 LoginServerThread.cpp:190] bind one connect: 127.0.0.1:62292
I0312 07:06:11.981858 59736064 ServerMgr.cpp:54] bind one proxy server, ip:127.0.0.1:62292
W0312 07:06:18.493453 195454400 NetModule.cpp:723] ready reconnect server, server id: 0
I0312 07:06:18.493662 195454400 NetConnector.cpp:216] connect to: 0.0.0.0:5001 success! 
I0312 07:45:46.488029 195454400 NetServer.cpp:88] delete io...127.0.0.1:62292
W0312 07:45:46.489202 59736064 ServerMgr.cpp:88] remove one proxy server, id: 30
W0312 07:45:46.499017 59736064 LoginServerThread.cpp:180] center server is disconnect, after 10s will be reconnect!
I0312 07:45:49.978260 195454400 NetServer.cpp:55] accept io...127.0.0.1:62338
I0312 07:45:49.979918 59736064 LoginServerThread.cpp:190] bind one connect: 127.0.0.1:62338
I0312 07:45:49.989006 59736064 ServerMgr.cpp:54] bind one proxy server, ip:127.0.0.1:62338
W0312 07:45:57.012069 195454400 NetModule.cpp:723] ready reconnect server, server id: 0
I0312 07:45:57.012218 195454400 NetConnector.cpp:216] connect to: 0.0.0.0:5001 success! 
I0312 08:23:03.509618 195454400 NetServer.cpp:88] delete io...127.0.0.1:62338
W0312 08:23:03.509652 59736064 ServerMgr.cpp:88] remove one proxy server, id: 30
W0312 08:23:03.523586 59736064 LoginServerThread.cpp:180] center server is disconnect, after 10s will be reconnect!
I0312 08:23:07.004801 195454400 NetServer.cpp:55] accept io...127.0.0.1:62385
I0312 08:23:07.005533 59736064 LoginServerThread.cpp:190] bind one connect: 127.0.0.1:62385
I0312 08:23:07.026795 59736064 ServerMgr.cpp:54] bind one proxy server, ip:127.0.0.1:62385
W0312 08:23:14.028492 195454400 NetModule.cpp:723] ready reconnect server, server id: 0
I0312 08:23:14.029464 195454400 NetConnector.cpp:216] connect to: 0.0.0.0:5001 success! 
I0312 09:03:41.525671 195454400 NetServer.cpp:88] delete io...127.0.0.1:62385
W0312 09:03:41.527508 59736064 ServerMgr.cpp:88] remove one proxy server, id: 30
W0312 09:03:41.537374 59736064 LoginServerThread.cpp:180] center server is disconnect, after 10s will be reconnect!
I0312 09:03:45.015302 195454400 NetServer.cpp:55] accept io...127.0.0.1:62424
I0312 09:03:45.017616 59736064 LoginServerThread.cpp:190] bind one connect: 127.0.0.1:62424
I0312 09:03:45.045318 59736064 ServerMgr.cpp:54] bind one proxy server, ip:127.0.0.1:62424
W0312 09:03:52.050171 195454400 NetModule.cpp:723] ready reconnect server, server id: 0
I0312 09:03:52.050308 195454400 NetConnector.cpp:216] connect to: 0.0.0.0:5001 success! 
I0312 09:42:24.544212 195454400 NetServer.cpp:88] delete io...127.0.0.1:62424
W0312 09:42:24.545197 59736064 ServerMgr.cpp:88] remove one proxy server, id: 30
W0312 09:42:24.554306 59736064 LoginServerThread.cpp:180] center server is disconnect, after 10s will be reconnect!
I0312 09:42:28.041219 195454400 NetServer.cpp:55] accept io...127.0.0.1:62461
I0312 09:42:28.043756 59736064 LoginServerThread.cpp:190] bind one connect: 127.0.0.1:62461
I0312 09:42:28.068823 59736064 ServerMgr.cpp:54] bind one proxy server, ip:127.0.0.1:62461
W0312 09:42:34.567057 195454400 NetModule.cpp:723] ready reconnect server, server id: 0
I0312 09:42:34.567625 195454400 NetConnector.cpp:216] connect to: 0.0.0.0:5001 success! 
W0312 15:58:19.550551 59736064 LoginServerThread.cpp:5357] select expire mail fail, error no: -1, sql:select mailid from mail where userid = '85539866' and mailType = 2 and expireTime < now()
W0312 18:54:18.588034 60272640 LoginRecordThread.cpp:101] insert user login record fail. errno: -1, error msg: mysql not opened yet!
W0312 19:02:06.327181 59736064 LoginServerThread.cpp:5357] select expire mail fail, error no: -1, sql:select mailid from mail where userid = '85539866' and mailType = 2 and expireTime < now()
W0313 00:00:05.891228 59736064 LoginServerThread.cpp:539] login server is across day.
W0313 19:17:10.825222 59736064 LoginServerThread.cpp:5146] QueryGamePlayCount info fail, user id : 85548712, errno: -1, error msg: mysql not opened yet!
I0313 22:19:18.511705 195454400 NetServer.cpp:88] delete io...127.0.0.1:62461
W0313 22:19:18.513633 59736064 ServerMgr.cpp:88] remove one proxy server, id: 30
W0313 22:19:18.514122 59736064 LoginServerThread.cpp:180] center server is disconnect, after 10s will be reconnect!
I0313 22:19:21.973055 195454400 NetServer.cpp:55] accept io...127.0.0.1:51215
I0313 22:19:21.973812 59736064 LoginServerThread.cpp:190] bind one connect: 127.0.0.1:51215
I0313 22:19:21.995726 59736064 ServerMgr.cpp:54] bind one proxy server, ip:127.0.0.1:51215
W0313 22:19:29.025593 195454400 NetModule.cpp:723] ready reconnect server, server id: 0
I0313 22:19:29.026816 195454400 NetConnector.cpp:216] connect to: 0.0.0.0:5001 success! 
I0313 23:02:19.390846 195454400 NetServer.cpp:88] delete io...127.0.0.1:51215
W0313 23:02:19.393210 59736064 ServerMgr.cpp:88] remove one proxy server, id: 30
W0313 23:02:19.393262 59736064 LoginServerThread.cpp:180] center server is disconnect, after 10s will be reconnect!
I0313 23:02:22.878753 195454400 NetServer.cpp:55] accept io...127.0.0.1:51290
I0313 23:02:22.880034 59736064 LoginServerThread.cpp:190] bind one connect: 127.0.0.1:51290
I0313 23:02:22.910768 59736064 ServerMgr.cpp:54] bind one proxy server, ip:127.0.0.1:51290
W0313 23:02:29.419041 195454400 NetModule.cpp:723] ready reconnect server, server id: 0
I0313 23:02:29.419277 195454400 NetConnector.cpp:216] connect to: 0.0.0.0:5001 success! 
I0313 23:42:11.404091 195454400 NetServer.cpp:88] delete io...127.0.0.1:51290
W0313 23:42:11.405879 59736064 ServerMgr.cpp:88] remove one proxy server, id: 30
W0313 23:42:11.411180 59736064 LoginServerThread.cpp:180] center server is disconnect, after 10s will be reconnect!
I0313 23:42:14.899026 195454400 NetServer.cpp:55] accept io...127.0.0.1:51339
I0313 23:42:14.900112 59736064 LoginServerThread.cpp:190] bind one connect: 127.0.0.1:51339
I0313 23:42:14.912720 59736064 ServerMgr.cpp:54] bind one proxy server, ip:127.0.0.1:51339
W0313 23:42:21.430567 195454400 NetModule.cpp:723] ready reconnect server, server id: 0
I0313 23:42:21.430663 195454400 NetConnector.cpp:216] connect to: 127.0.0.1:5001 success! 
W0314 00:20:38.406981 59736064 LoginServerThread.cpp:539] login server is across day.
I0314 00:20:38.428417 195454400 NetServer.cpp:88] delete io...127.0.0.1:51339
I0314 00:20:41.921206 195454400 NetServer.cpp:55] accept io...127.0.0.1:51394
W0314 00:21:39.108189 59736064 ServerMgr.cpp:88] remove one proxy server, id: 30
W0314 00:21:39.108415 59736064 LoginServerThread.cpp:180] center server is disconnect, after 10s will be reconnect!
I0314 00:21:39.108482 59736064 LoginServerThread.cpp:190] bind one connect: 127.0.0.1:51394
I0314 00:21:39.108505 59736064 ServerMgr.cpp:54] bind one proxy server, ip:127.0.0.1:51394
W0314 00:21:49.259884 195454400 NetModule.cpp:723] ready reconnect server, server id: 0
I0314 00:21:49.260123 195454400 NetConnector.cpp:216] connect to: 0.0.0.0:5001 success! 
I0314 00:55:55.433001 195454400 NetServer.cpp:88] delete io...127.0.0.1:51394
W0314 00:55:55.434042 59736064 ServerMgr.cpp:88] remove one proxy server, id: 30
W0314 00:55:55.434098 59736064 LoginServerThread.cpp:180] center server is disconnect, after 10s will be reconnect!
I0314 00:55:58.937510 195454400 NetServer.cpp:55] accept io...127.0.0.1:51451
I0314 00:55:58.939165 59736064 LoginServerThread.cpp:190] bind one connect: 127.0.0.1:51451
I0314 00:55:58.967439 59736064 ServerMgr.cpp:54] bind one proxy server, ip:127.0.0.1:51451
W0314 00:56:05.981047 195454400 NetModule.cpp:723] ready reconnect server, server id: 0
I0314 00:56:05.981777 195454400 NetConnector.cpp:216] connect to: 127.0.0.1:5001 success! 
I0314 01:33:04.452921 195454400 NetServer.cpp:88] delete io...127.0.0.1:51451
W0314 01:33:04.455602 59736064 ServerMgr.cpp:88] remove one proxy server, id: 30
W0314 01:33:04.455981 59736064 LoginServerThread.cpp:180] center server is disconnect, after 10s will be reconnect!
I0314 01:33:07.952433 195454400 NetServer.cpp:55] accept io...127.0.0.1:51492
I0314 01:33:07.953987 59736064 LoginServerThread.cpp:190] bind one connect: 127.0.0.1:51492
I0314 01:33:07.975170 59736064 ServerMgr.cpp:54] bind one proxy server, ip:127.0.0.1:51492
W0314 01:33:14.988731 195454400 NetModule.cpp:723] ready reconnect server, server id: 0
I0314 01:33:14.989460 195454400 NetConnector.cpp:216] connect to: 127.0.0.1:5001 success! 
I0314 02:08:08.464557 195454400 NetServer.cpp:88] delete io...127.0.0.1:51492
W0314 02:08:08.467061 59736064 ServerMgr.cpp:88] remove one proxy server, id: 30
W0314 02:08:08.472332 59736064 LoginServerThread.cpp:180] center server is disconnect, after 10s will be reconnect!
I0314 02:08:11.964432 195454400 NetServer.cpp:55] accept io...127.0.0.1:51549
I0314 02:08:11.966084 59736064 LoginServerThread.cpp:190] bind one connect: 127.0.0.1:51549
I0314 02:08:11.970309 59736064 ServerMgr.cpp:54] bind one proxy server, ip:127.0.0.1:51549
W0314 02:08:18.982276 195454400 NetModule.cpp:723] ready reconnect server, server id: 0
I0314 02:08:18.983301 195454400 NetConnector.cpp:216] connect to: 0.0.0.0:5001 success! 
I0314 02:44:34.478891 195454400 NetServer.cpp:88] delete io...127.0.0.1:51549
W0314 02:44:34.479048 59736064 ServerMgr.cpp:88] remove one proxy server, id: 30
W0314 02:44:34.495014 59736064 LoginServerThread.cpp:180] center server is disconnect, after 10s will be reconnect!
I0314 02:44:37.973140 195454400 NetServer.cpp:55] accept io...127.0.0.1:51599
I0314 02:44:37.973733 59736064 LoginServerThread.cpp:190] bind one connect: 127.0.0.1:51599
I0314 02:44:37.996417 59736064 ServerMgr.cpp:54] bind one proxy server, ip:127.0.0.1:51599
W0314 02:44:44.507055 195454400 NetModule.cpp:723] ready reconnect server, server id: 0
I0314 02:44:44.507764 195454400 NetConnector.cpp:216] connect to: 0.0.0.0:5001 success! 
I0314 03:26:01.493628 195454400 NetServer.cpp:88] delete io...127.0.0.1:51599
W0314 03:26:01.494036 59736064 ServerMgr.cpp:88] remove one proxy server, id: 30
W0314 03:26:01.510540 59736064 LoginServerThread.cpp:180] center server is disconnect, after 10s will be reconnect!
I0314 03:26:04.995419 195454400 NetServer.cpp:55] accept io...127.0.0.1:51652
I0314 03:26:04.997933 59736064 LoginServerThread.cpp:190] bind one connect: 127.0.0.1:51652
I0314 03:26:05.026434 59736064 ServerMgr.cpp:54] bind one proxy server, ip:127.0.0.1:51652
W0314 03:26:12.019950 195454400 NetModule.cpp:723] ready reconnect server, server id: 0
I0314 03:26:12.020189 195454400 NetConnector.cpp:216] connect to: 0.0.0.0:5001 success! 
I0314 04:04:33.510737 195454400 NetServer.cpp:88] delete io...127.0.0.1:51652
W0314 04:04:33.512459 59736064 ServerMgr.cpp:88] remove one proxy server, id: 30
W0314 04:04:33.524446 59736064 LoginServerThread.cpp:180] center server is disconnect, after 10s will be reconnect!
I0314 04:04:36.997035 195454400 NetServer.cpp:55] accept io...127.0.0.1:51712
I0314 04:04:36.998037 59736064 LoginServerThread.cpp:190] bind one connect: 127.0.0.1:51712
I0314 04:04:37.030066 59736064 ServerMgr.cpp:54] bind one proxy server, ip:127.0.0.1:51712
W0314 04:04:44.028550 195454400 NetModule.cpp:723] ready reconnect server, server id: 0
I0314 04:04:44.028790 195454400 NetConnector.cpp:216] connect to: 0.0.0.0:5001 success! 
I0314 04:45:08.536620 195454400 NetServer.cpp:88] delete io...127.0.0.1:51712
W0314 04:45:08.538221 59736064 ServerMgr.cpp:88] remove one proxy server, id: 30
W0314 04:45:08.542032 59736064 LoginServerThread.cpp:180] center server is disconnect, after 10s will be reconnect!
I0314 04:45:12.028482 195454400 NetServer.cpp:55] accept io...127.0.0.1:51760
I0314 04:45:12.030530 59736064 LoginServerThread.cpp:190] bind one connect: 127.0.0.1:51760
I0314 04:45:12.038686 59736064 ServerMgr.cpp:54] bind one proxy server, ip:127.0.0.1:51760
W0314 04:45:19.048128 195454400 NetModule.cpp:723] ready reconnect server, server id: 0
I0314 04:45:19.049162 195454400 NetConnector.cpp:216] connect to: 0.0.0.0:5001 success! 
I0314 05:27:31.554097 195454400 NetServer.cpp:88] delete io...127.0.0.1:51760
W0314 05:27:31.554685 59736064 ServerMgr.cpp:88] remove one proxy server, id: 30
W0314 05:27:31.561661 59736064 LoginServerThread.cpp:180] center server is disconnect, after 10s will be reconnect!
I0314 05:27:35.047941 195454400 NetServer.cpp:55] accept io...127.0.0.1:51817
I0314 05:27:35.049408 59736064 LoginServerThread.cpp:190] bind one connect: 127.0.0.1:51817
I0314 05:27:35.078649 59736064 ServerMgr.cpp:54] bind one proxy server, ip:127.0.0.1:51817
W0314 05:27:42.066583 195454400 NetModule.cpp:723] ready reconnect server, server id: 0
I0314 05:27:42.066871 195454400 NetConnector.cpp:216] connect to: 0.0.0.0:5001 success! 
I0314 06:07:49.573622 195454400 NetServer.cpp:88] delete io...127.0.0.1:51817
W0314 06:07:49.575193 59736064 ServerMgr.cpp:88] remove one proxy server, id: 30
W0314 06:07:49.581125 59736064 LoginServerThread.cpp:180] center server is disconnect, after 10s will be reconnect!
I0314 06:07:53.082628 195454400 NetServer.cpp:55] accept io...127.0.0.1:51855
I0314 06:07:53.084230 59736064 LoginServerThread.cpp:190] bind one connect: 127.0.0.1:51855
I0314 06:07:53.091806 59736064 ServerMgr.cpp:54] bind one proxy server, ip:127.0.0.1:51855
W0314 06:08:00.107925 195454400 NetModule.cpp:723] ready reconnect server, server id: 0
I0314 06:08:00.108986 195454400 NetConnector.cpp:216] connect to: 0.0.0.0:5001 success! 
I0314 06:48:46.591320 195454400 NetServer.cpp:88] delete io...127.0.0.1:51855
W0314 06:48:46.598491 59736064 ServerMgr.cpp:88] remove one proxy server, id: 30
W0314 06:48:46.598719 59736064 LoginServerThread.cpp:180] center server is disconnect, after 10s will be reconnect!
I0314 06:48:50.086050 195454400 NetServer.cpp:55] accept io...127.0.0.1:51901
I0314 06:48:50.086472 59736064 LoginServerThread.cpp:190] bind one connect: 127.0.0.1:51901
I0314 06:48:50.117478 59736064 ServerMgr.cpp:54] bind one proxy server, ip:127.0.0.1:51901
W0314 06:48:56.641419 195454400 NetModule.cpp:723] ready reconnect server, server id: 0
I0314 06:48:56.642182 195454400 NetConnector.cpp:216] connect to: 127.0.0.1:5001 success! 
I0314 07:31:26.615756 195454400 NetServer.cpp:88] delete io...127.0.0.1:51901
W0314 07:31:26.616816 59736064 ServerMgr.cpp:88] remove one proxy server, id: 30
W0314 07:31:26.623930 59736064 LoginServerThread.cpp:180] center server is disconnect, after 10s will be reconnect!
I0314 07:31:30.111578 195454400 NetServer.cpp:55] accept io...127.0.0.1:51954
I0314 07:31:30.113217 59736064 LoginServerThread.cpp:190] bind one connect: 127.0.0.1:51954
I0314 07:31:30.143659 59736064 ServerMgr.cpp:54] bind one proxy server, ip:127.0.0.1:51954
W0314 07:31:36.645362 195454400 NetModule.cpp:723] ready reconnect server, server id: 0
I0314 07:31:36.646015 195454400 NetConnector.cpp:216] connect to: 0.0.0.0:5001 success! 
I0314 08:07:03.637630 195454400 NetServer.cpp:88] delete io...127.0.0.1:51954
W0314 08:07:03.638500 59736064 ServerMgr.cpp:88] remove one proxy server, id: 30
W0314 08:07:03.644721 59736064 LoginServerThread.cpp:180] center server is disconnect, after 10s will be reconnect!
I0314 08:07:07.132238 195454400 NetServer.cpp:55] accept io...127.0.0.1:52004
I0314 08:07:07.132509 59736064 LoginServerThread.cpp:190] bind one connect: 127.0.0.1:52004
I0314 08:07:07.156237 59736064 ServerMgr.cpp:54] bind one proxy server, ip:127.0.0.1:52004
W0314 08:07:14.149926 195454400 NetModule.cpp:723] ready reconnect server, server id: 0
I0314 08:07:14.151072 195454400 NetConnector.cpp:216] connect to: 0.0.0.0:5001 success! 
I0314 08:51:03.645365 195454400 NetServer.cpp:88] delete io...127.0.0.1:52004
W0314 08:51:03.647542 59736064 ServerMgr.cpp:88] remove one proxy server, id: 30
W0314 08:51:03.654505 59736064 LoginServerThread.cpp:180] center server is disconnect, after 10s will be reconnect!
I0314 08:51:07.160547 195454400 NetServer.cpp:55] accept io...127.0.0.1:52058
I0314 08:51:07.163004 59736064 LoginServerThread.cpp:190] bind one connect: 127.0.0.1:52058
I0314 08:51:07.184093 59736064 ServerMgr.cpp:54] bind one proxy server, ip:127.0.0.1:52058
W0314 08:51:14.173998 195454400 NetModule.cpp:723] ready reconnect server, server id: 0
I0314 08:51:14.175163 195454400 NetConnector.cpp:216] connect to: 0.0.0.0:5001 success! 
I0314 09:27:35.664029 195454400 NetServer.cpp:88] delete io...127.0.0.1:52058
W0314 09:27:35.665908 59736064 ServerMgr.cpp:88] remove one proxy server, id: 30
W0314 09:27:35.672034 59736064 LoginServerThread.cpp:180] center server is disconnect, after 10s will be reconnect!
I0314 09:27:39.161994 195454400 NetServer.cpp:55] accept io...127.0.0.1:52114
I0314 09:27:39.162605 59736064 LoginServerThread.cpp:190] bind one connect: 127.0.0.1:52114
I0314 09:27:39.174257 59736064 ServerMgr.cpp:54] bind one proxy server, ip:127.0.0.1:52114
W0314 09:27:45.694708 195454400 NetModule.cpp:723] ready reconnect server, server id: 0
I0314 09:27:45.695140 195454400 NetConnector.cpp:216] connect to: 0.0.0.0:5001 success! 
W0314 22:15:32.982955 59736064 ServerMgr.cpp:88] remove one proxy server, id: 30
I0314 22:15:32.983451 195454400 NetServer.cpp:88] delete io...127.0.0.1:52114
W0314 22:15:32.986220 59736064 LoginServerThread.cpp:180] center server is disconnect, after 10s will be reconnect!
I0314 22:15:36.282548 195454400 NetServer.cpp:55] accept io...127.0.0.1:55097
I0314 22:15:36.283269 59736064 LoginServerThread.cpp:190] bind one connect: 127.0.0.1:55097
I0314 22:15:36.297922 59736064 ServerMgr.cpp:54] bind one proxy server, ip:127.0.0.1:55097
W0314 22:15:43.306087 195454400 NetModule.cpp:723] ready reconnect server, server id: 0
I0314 22:15:43.306974 195454400 NetConnector.cpp:216] connect to: 127.0.0.1:5001 success! 
I0314 23:00:08.506682 195454400 NetServer.cpp:88] delete io...127.0.0.1:55097
W0314 23:00:08.507196 59736064 ServerMgr.cpp:88] remove one proxy server, id: 30
W0314 23:00:08.524530 59736064 LoginServerThread.cpp:180] center server is disconnect, after 10s will be reconnect!
I0314 23:00:12.009614 195454400 NetServer.cpp:55] accept io...127.0.0.1:55149
I0314 23:00:12.011499 59736064 LoginServerThread.cpp:190] bind one connect: 127.0.0.1:55149
I0314 23:00:12.033915 59736064 ServerMgr.cpp:54] bind one proxy server, ip:127.0.0.1:55149
W0314 23:00:19.064689 195454400 NetModule.cpp:723] ready reconnect server, server id: 0
I0314 23:00:19.064882 195454400 NetConnector.cpp:216] connect to: 0.0.0.0:5001 success! 
I0314 23:42:21.536185 195454400 NetServer.cpp:88] delete io...127.0.0.1:55149
W0314 23:42:21.537207 59736064 ServerMgr.cpp:88] remove one proxy server, id: 30
W0314 23:42:21.547646 59736064 LoginServerThread.cpp:180] center server is disconnect, after 10s will be reconnect!
I0314 23:42:25.044226 195454400 NetServer.cpp:55] accept io...127.0.0.1:55205
I0314 23:42:25.044504 59736064 LoginServerThread.cpp:190] bind one connect: 127.0.0.1:55205
I0314 23:42:25.076135 59736064 ServerMgr.cpp:54] bind one proxy server, ip:127.0.0.1:55205
W0314 23:42:32.091619 195454400 NetModule.cpp:723] ready reconnect server, server id: 0
I0314 23:42:32.092217 195454400 NetConnector.cpp:216] connect to: 127.0.0.1:5001 success! 
W0315 00:22:53.563434 59736064 LoginServerThread.cpp:539] login server is across day.
I0315 00:22:53.563966 195454400 NetServer.cpp:88] delete io...127.0.0.1:55205
W0315 00:22:53.566728 59736064 LoginServerThread.cpp:562] delete record_register_ip error, errno: 2003, error: Can't connect to MySQL server on '58.82.239.150' (50)
W0315 00:22:53.566776 59736064 ServerMgr.cpp:88] remove one proxy server, id: 30
W0315 00:22:53.566798 59736064 LoginServerThread.cpp:180] center server is disconnect, after 10s will be reconnect!
I0315 00:22:57.061100 195454400 NetServer.cpp:55] accept io...127.0.0.1:55253
I0315 00:22:57.063117 59736064 LoginServerThread.cpp:190] bind one connect: 127.0.0.1:55253
I0315 00:22:57.074219 59736064 ServerMgr.cpp:54] bind one proxy server, ip:127.0.0.1:55253
W0315 00:23:04.099926 195454400 NetModule.cpp:723] ready reconnect server, server id: 0
I0315 00:23:04.100134 195454400 NetConnector.cpp:216] connect to: 0.0.0.0:5001 success! 
I0315 00:59:32.572592 195454400 NetServer.cpp:88] delete io...127.0.0.1:55253
W0315 00:59:32.574790 59736064 ServerMgr.cpp:88] remove one proxy server, id: 30
W0315 00:59:32.583758 59736064 LoginServerThread.cpp:180] center server is disconnect, after 10s will be reconnect!
I0315 00:59:36.067317 195454400 NetServer.cpp:55] accept io...127.0.0.1:55302
I0315 00:59:36.071447 59736064 LoginServerThread.cpp:190] bind one connect: 127.0.0.1:55302
I0315 00:59:36.098563 59736064 ServerMgr.cpp:54] bind one proxy server, ip:127.0.0.1:55302
W0315 00:59:43.116240 195454400 NetModule.cpp:723] ready reconnect server, server id: 0
I0315 00:59:43.116480 195454400 NetConnector.cpp:216] connect to: 0.0.0.0:5001 success! 
I0315 01:44:15.588017 195454400 NetServer.cpp:88] delete io...127.0.0.1:55302
W0315 01:44:15.588192 59736064 ServerMgr.cpp:88] remove one proxy server, id: 30
W0315 01:44:15.620929 59736064 LoginServerThread.cpp:180] center server is disconnect, after 10s will be reconnect!
I0315 01:44:19.084132 195454400 NetServer.cpp:55] accept io...127.0.0.1:55344
I0315 01:44:19.086030 59736064 LoginServerThread.cpp:190] bind one connect: 127.0.0.1:55344
I0315 01:44:19.088366 59736064 ServerMgr.cpp:54] bind one proxy server, ip:127.0.0.1:55344
W0315 01:44:26.131587 195454400 NetModule.cpp:723] ready reconnect server, server id: 0
I0315 01:44:26.131860 195454400 NetConnector.cpp:216] connect to: 0.0.0.0:5001 success! 
I0315 02:26:35.609778 195454400 NetServer.cpp:88] delete io...127.0.0.1:55344
W0315 02:26:35.610689 59736064 ServerMgr.cpp:88] remove one proxy server, id: 30
W0315 02:26:35.616036 59736064 LoginServerThread.cpp:180] center server is disconnect, after 10s will be reconnect!
I0315 02:26:39.109130 195454400 NetServer.cpp:55] accept io...127.0.0.1:55403
I0315 02:26:39.110227 59736064 LoginServerThread.cpp:190] bind one connect: 127.0.0.1:55403
I0315 02:26:39.123208 59736064 ServerMgr.cpp:54] bind one proxy server, ip:127.0.0.1:55403
W0315 02:26:46.155254 195454400 NetModule.cpp:723] ready reconnect server, server id: 0
I0315 02:26:46.156299 195454400 NetConnector.cpp:216] connect to: 0.0.0.0:5001 success! 
I0315 03:09:52.623980 195454400 NetServer.cpp:88] delete io...127.0.0.1:55403
W0315 03:09:52.624474 59736064 ServerMgr.cpp:88] remove one proxy server, id: 30
W0315 03:09:52.632131 59736064 LoginServerThread.cpp:180] center server is disconnect, after 10s will be reconnect!
I0315 03:09:56.126391 195454400 NetServer.cpp:55] accept io...127.0.0.1:55451
I0315 03:09:56.127887 59736064 LoginServerThread.cpp:190] bind one connect: 127.0.0.1:55451
I0315 03:09:56.157053 59736064 ServerMgr.cpp:54] bind one proxy server, ip:127.0.0.1:55451
W0315 03:10:02.656597 195454400 NetModule.cpp:723] ready reconnect server, server id: 0
I0315 03:10:02.656754 195454400 NetConnector.cpp:216] connect to: 127.0.0.1:5001 success! 
I0315 03:45:14.646170 195454400 NetServer.cpp:88] delete io...127.0.0.1:55451
W0315 03:45:14.646807 59736064 ServerMgr.cpp:88] remove one proxy server, id: 30
W0315 03:45:14.656775 59736064 LoginServerThread.cpp:180] center server is disconnect, after 10s will be reconnect!
I0315 03:45:18.156513 195454400 NetServer.cpp:55] accept io...127.0.0.1:55507
I0315 03:45:18.159073 59736064 LoginServerThread.cpp:190] bind one connect: 127.0.0.1:55507
I0315 03:45:18.191455 59736064 ServerMgr.cpp:54] bind one proxy server, ip:127.0.0.1:55507
W0315 03:45:25.188122 195454400 NetModule.cpp:723] ready reconnect server, server id: 0
I0315 03:45:25.188390 195454400 NetConnector.cpp:216] connect to: 0.0.0.0:5001 success! 
I0315 04:28:48.664705 195454400 NetServer.cpp:88] delete io...127.0.0.1:55507
W0315 04:28:48.666805 59736064 ServerMgr.cpp:88] remove one proxy server, id: 30
W0315 04:28:48.679330 59736064 LoginServerThread.cpp:180] center server is disconnect, after 10s will be reconnect!
I0315 04:28:52.166273 195454400 NetServer.cpp:55] accept io...127.0.0.1:55560
I0315 04:28:52.168756 59736064 LoginServerThread.cpp:190] bind one connect: 127.0.0.1:55560
I0315 04:28:52.197114 59736064 ServerMgr.cpp:54] bind one proxy server, ip:127.0.0.1:55560
W0315 04:28:59.200631 195454400 NetModule.cpp:723] ready reconnect server, server id: 0
I0315 04:28:59.201694 195454400 NetConnector.cpp:216] connect to: 0.0.0.0:5001 success! 
I0315 05:13:21.683028 195454400 NetServer.cpp:88] delete io...127.0.0.1:55560
W0315 05:13:21.696970 59736064 ServerMgr.cpp:88] remove one proxy server, id: 30
W0315 05:13:21.699683 59736064 LoginServerThread.cpp:180] center server is disconnect, after 10s will be reconnect!
I0315 05:13:25.189422 195454400 NetServer.cpp:55] accept io...127.0.0.1:55608
I0315 05:13:25.189990 59736064 LoginServerThread.cpp:190] bind one connect: 127.0.0.1:55608
I0315 05:13:25.220060 59736064 ServerMgr.cpp:54] bind one proxy server, ip:127.0.0.1:55608
W0315 05:13:32.221801 195454400 NetModule.cpp:723] ready reconnect server, server id: 0
I0315 05:13:32.222887 195454400 NetConnector.cpp:216] connect to: 0.0.0.0:5001 success! 
I0315 05:55:13.711719 195454400 NetServer.cpp:88] delete io...127.0.0.1:55608
W0315 05:55:13.712723 59736064 ServerMgr.cpp:88] remove one proxy server, id: 30
W0315 05:55:13.713505 59736064 LoginServerThread.cpp:180] center server is disconnect, after 10s will be reconnect!
I0315 05:55:17.201932 195454400 NetServer.cpp:55] accept io...127.0.0.1:55655
I0315 05:55:17.204481 59736064 LoginServerThread.cpp:190] bind one connect: 127.0.0.1:55655
I0315 05:55:17.235234 59736064 ServerMgr.cpp:54] bind one proxy server, ip:127.0.0.1:55655
W0315 05:55:24.224485 195454400 NetModule.cpp:723] ready reconnect server, server id: 0
I0315 05:55:24.225205 195454400 NetConnector.cpp:216] connect to: 0.0.0.0:5001 success! 
I0315 06:35:09.727668 195454400 NetServer.cpp:88] delete io...127.0.0.1:55655
W0315 06:35:09.728550 59736064 ServerMgr.cpp:88] remove one proxy server, id: 30
W0315 06:35:09.737546 59736064 LoginServerThread.cpp:180] center server is disconnect, after 10s will be reconnect!
I0315 06:35:13.226025 195454400 NetServer.cpp:55] accept io...127.0.0.1:55705
I0315 06:35:13.227708 59736064 LoginServerThread.cpp:190] bind one connect: 127.0.0.1:55705
I0315 06:35:13.256994 59736064 ServerMgr.cpp:54] bind one proxy server, ip:127.0.0.1:55705
W0315 06:35:20.258165 195454400 NetModule.cpp:723] ready reconnect server, server id: 0
I0315 06:35:20.258782 195454400 NetConnector.cpp:216] connect to: 0.0.0.0:5001 success! 
I0315 07:15:37.744985 195454400 NetServer.cpp:88] delete io...127.0.0.1:55705
W0315 07:15:37.747159 59736064 ServerMgr.cpp:88] remove one proxy server, id: 30
W0315 07:15:37.756986 59736064 LoginServerThread.cpp:180] center server is disconnect, after 10s will be reconnect!
I0315 07:15:41.239435 195454400 NetServer.cpp:55] accept io...127.0.0.1:55755
I0315 07:15:41.240171 59736064 LoginServerThread.cpp:190] bind one connect: 127.0.0.1:55755
I0315 07:15:41.265655 59736064 ServerMgr.cpp:54] bind one proxy server, ip:127.0.0.1:55755
W0315 07:15:48.283721 195454400 NetModule.cpp:723] ready reconnect server, server id: 0
I0315 07:15:48.284732 195454400 NetConnector.cpp:216] connect to: 0.0.0.0:5001 success! 
I0315 07:55:21.765125 195454400 NetServer.cpp:88] delete io...127.0.0.1:55755
W0315 07:55:21.766047 59736064 ServerMgr.cpp:88] remove one proxy server, id: 30
W0315 07:55:21.774783 59736064 LoginServerThread.cpp:180] center server is disconnect, after 10s will be reconnect!
I0315 07:55:25.254468 195454400 NetServer.cpp:55] accept io...127.0.0.1:55800
I0315 07:55:25.257124 59736064 LoginServerThread.cpp:190] bind one connect: 127.0.0.1:55800
I0315 07:55:25.273972 59736064 ServerMgr.cpp:54] bind one proxy server, ip:127.0.0.1:55800
W0315 07:55:32.305805 195454400 NetModule.cpp:723] ready reconnect server, server id: 0
I0315 07:55:32.306015 195454400 NetConnector.cpp:216] connect to: 0.0.0.0:5001 success! 
I0315 08:38:45.780597 195454400 NetServer.cpp:88] delete io...127.0.0.1:55800
W0315 08:38:45.781235 59736064 ServerMgr.cpp:88] remove one proxy server, id: 30
W0315 08:38:45.788516 59736064 LoginServerThread.cpp:180] center server is disconnect, after 10s will be reconnect!
I0315 08:38:49.272701 195454400 NetServer.cpp:55] accept io...127.0.0.1:55848
I0315 08:38:49.274945 59736064 LoginServerThread.cpp:190] bind one connect: 127.0.0.1:55848
I0315 08:38:49.292361 59736064 ServerMgr.cpp:54] bind one proxy server, ip:127.0.0.1:55848
W0315 08:38:56.329406 195454400 NetModule.cpp:723] ready reconnect server, server id: 0
I0315 08:38:56.330402 195454400 NetConnector.cpp:216] connect to: 0.0.0.0:5001 success! 
W0315 09:19:29.801084 59736064 ServerMgr.cpp:88] remove one proxy server, id: 30
