I0304 04:44:16.246289 405427648 NetServer.cpp:55] accept io...127.0.0.1:60913
I0304 04:44:16.248518 232783872 LoginServerThread.cpp:190] bind one connect: 127.0.0.1:60913
I0304 04:44:16.260576 232783872 ServerMgr.cpp:54] bind one proxy server, ip:127.0.0.1:60913
W0304 04:44:23.294169 405427648 NetModule.cpp:723] ready reconnect server, server id: 0
I0304 04:44:23.294353 405427648 NetConnector.cpp:216] connect to: 0.0.0.0:5001 success! 
I0304 05:25:53.758550 405427648 NetServer.cpp:88] delete io...127.0.0.1:60913
W0304 05:25:53.759174 232783872 ServerMgr.cpp:88] remove one proxy server, id: 30
W0304 05:25:53.779855 232783872 LoginServerThread.cpp:180] center server is disconnect, after 10s will be reconnect!
I0304 05:25:57.256690 405427648 NetServer.cpp:55] accept io...127.0.0.1:60929
I0304 05:25:57.258203 232783872 LoginServerThread.cpp:190] bind one connect: 127.0.0.1:60929
I0304 05:25:57.277046 232783872 ServerMgr.cpp:54] bind one proxy server, ip:127.0.0.1:60929
W0304 05:26:04.280051 405427648 NetModule.cpp:723] ready reconnect server, server id: 0
I0304 05:26:04.280262 405427648 NetConnector.cpp:216] connect to: 0.0.0.0:5001 success! 
I0304 06:08:42.756338 405427648 NetServer.cpp:88] delete io...127.0.0.1:60929
W0304 06:08:42.757122 232783872 ServerMgr.cpp:88] remove one proxy server, id: 30
W0304 06:08:42.771531 232783872 LoginServerThread.cpp:180] center server is disconnect, after 10s will be reconnect!
I0304 06:08:46.250401 405427648 NetServer.cpp:55] accept io...127.0.0.1:60958
I0304 06:08:46.253087 232783872 LoginServerThread.cpp:190] bind one connect: 127.0.0.1:60958
I0304 06:08:46.260840 232783872 ServerMgr.cpp:54] bind one proxy server, ip:127.0.0.1:60958
W0304 06:08:53.291916 405427648 NetModule.cpp:723] ready reconnect server, server id: 0
I0304 06:08:53.292006 405427648 NetConnector.cpp:216] connect to: 0.0.0.0:5001 success! 
I0304 06:48:58.812410 405427648 NetServer.cpp:88] delete io...127.0.0.1:60958
W0304 06:48:58.814127 232783872 ServerMgr.cpp:88] remove one proxy server, id: 30
W0304 06:48:58.814270 232783872 LoginServerThread.cpp:180] center server is disconnect, after 10s will be reconnect!
I0304 06:49:02.298827 405427648 NetServer.cpp:55] accept io...127.0.0.1:61017
I0304 06:49:02.301666 232783872 LoginServerThread.cpp:190] bind one connect: 127.0.0.1:61017
I0304 06:49:02.309649 232783872 ServerMgr.cpp:54] bind one proxy server, ip:127.0.0.1:61017
W0304 06:49:09.319463 405427648 NetModule.cpp:723] ready reconnect server, server id: 0
I0304 06:49:09.319631 405427648 NetConnector.cpp:216] connect to: 0.0.0.0:5001 success! 
I0304 07:28:20.821115 405427648 NetServer.cpp:88] delete io...127.0.0.1:61017
W0304 07:28:20.822978 232783872 ServerMgr.cpp:88] remove one proxy server, id: 30
W0304 07:28:20.826324 232783872 LoginServerThread.cpp:180] center server is disconnect, after 10s will be reconnect!
I0304 07:28:24.312382 405427648 NetServer.cpp:55] accept io...127.0.0.1:61066
I0304 07:28:24.315160 232783872 LoginServerThread.cpp:190] bind one connect: 127.0.0.1:61066
I0304 07:28:24.344404 232783872 ServerMgr.cpp:54] bind one proxy server, ip:127.0.0.1:61066
W0304 07:28:31.352443 405427648 NetModule.cpp:723] ready reconnect server, server id: 0
I0304 07:28:31.353106 405427648 NetConnector.cpp:216] connect to: 0.0.0.0:5001 success! 
I0304 08:07:12.832687 405427648 NetServer.cpp:88] delete io...127.0.0.1:61066
W0304 08:07:12.832967 232783872 ServerMgr.cpp:88] remove one proxy server, id: 30
W0304 08:07:12.842351 232783872 LoginServerThread.cpp:180] center server is disconnect, after 10s will be reconnect!
I0304 08:07:16.325923 405427648 NetServer.cpp:55] accept io...127.0.0.1:61116
I0304 08:07:16.327242 232783872 LoginServerThread.cpp:190] bind one connect: 127.0.0.1:61116
I0304 08:07:16.355443 232783872 ServerMgr.cpp:54] bind one proxy server, ip:127.0.0.1:61116
W0304 08:07:23.349072 405427648 NetModule.cpp:723] ready reconnect server, server id: 0
I0304 08:07:23.350065 405427648 NetConnector.cpp:216] connect to: 0.0.0.0:5001 success! 
I0304 08:44:19.847574 405427648 NetServer.cpp:88] delete io...127.0.0.1:61116
W0304 08:44:19.849347 232783872 ServerMgr.cpp:88] remove one proxy server, id: 30
W0304 08:44:19.877652 232783872 LoginServerThread.cpp:180] center server is disconnect, after 10s will be reconnect!
I0304 08:44:23.333272 405427648 NetServer.cpp:55] accept io...127.0.0.1:61170
I0304 08:44:23.336222 232783872 LoginServerThread.cpp:190] bind one connect: 127.0.0.1:61170
I0304 08:44:23.353974 232783872 ServerMgr.cpp:54] bind one proxy server, ip:127.0.0.1:61170
W0304 08:44:30.386090 405427648 NetModule.cpp:723] ready reconnect server, server id: 0
I0304 08:44:30.386276 405427648 NetConnector.cpp:216] connect to: 0.0.0.0:5001 success! 
I0304 09:28:49.860493 405427648 NetServer.cpp:88] delete io...127.0.0.1:61170
W0304 09:28:49.863405 232783872 ServerMgr.cpp:88] remove one proxy server, id: 30
W0304 09:28:49.868623 232783872 LoginServerThread.cpp:180] center server is disconnect, after 10s will be reconnect!
I0304 09:28:53.360767 405427648 NetServer.cpp:55] accept io...127.0.0.1:61218
I0304 09:28:53.362704 232783872 LoginServerThread.cpp:190] bind one connect: 127.0.0.1:61218
I0304 09:28:53.384816 232783872 ServerMgr.cpp:54] bind one proxy server, ip:127.0.0.1:61218
W0304 09:29:00.403666 405427648 NetModule.cpp:723] ready reconnect server, server id: 0
I0304 09:29:00.403847 405427648 NetConnector.cpp:216] connect to: 0.0.0.0:5001 success! 
I0304 10:03:53.874913 405427648 NetServer.cpp:88] delete io...127.0.0.1:61218
W0304 10:03:53.877810 232783872 ServerMgr.cpp:88] remove one proxy server, id: 30
W0304 10:03:53.884891 232783872 LoginServerThread.cpp:180] center server is disconnect, after 10s will be reconnect!
I0304 10:03:57.370584 405427648 NetServer.cpp:55] accept io...127.0.0.1:61265
I0304 10:03:57.373288 232783872 LoginServerThread.cpp:190] bind one connect: 127.0.0.1:61265
I0304 10:03:57.376340 232783872 ServerMgr.cpp:54] bind one proxy server, ip:127.0.0.1:61265
W0304 10:04:04.395934 405427648 NetModule.cpp:723] ready reconnect server, server id: 0
I0304 10:04:04.396085 405427648 NetConnector.cpp:216] connect to: 0.0.0.0:5001 success! 
W0304 22:12:41.199153 232783872 LoginServerThread.cpp:180] center server is disconnect, after 10s will be reconnect!
I0304 22:12:41.215909 405427648 NetServer.cpp:88] delete io...127.0.0.1:61265
W0304 22:12:41.216693 232783872 ServerMgr.cpp:88] remove one proxy server, id: 30
I0304 22:12:44.434094 405427648 NetServer.cpp:55] accept io...127.0.0.1:63112
I0304 22:12:44.434671 232783872 LoginServerThread.cpp:190] bind one connect: 127.0.0.1:63112
I0304 22:12:44.460964 232783872 ServerMgr.cpp:54] bind one proxy server, ip:127.0.0.1:63112
W0304 22:12:51.463840 405427648 NetModule.cpp:723] ready reconnect server, server id: 0
I0304 22:12:51.464110 405427648 NetConnector.cpp:216] connect to: 0.0.0.0:5001 success! 
I0304 22:52:55.755162 405427648 NetServer.cpp:88] delete io...127.0.0.1:63112
W0304 22:52:55.762532 232783872 ServerMgr.cpp:88] remove one proxy server, id: 30
W0304 22:52:55.762858 232783872 LoginServerThread.cpp:180] center server is disconnect, after 10s will be reconnect!
I0304 22:52:59.246573 405427648 NetServer.cpp:55] accept io...127.0.0.1:63165
I0304 22:52:59.247479 232783872 LoginServerThread.cpp:190] bind one connect: 127.0.0.1:63165
I0304 22:52:59.261592 232783872 ServerMgr.cpp:54] bind one proxy server, ip:127.0.0.1:63165
W0304 22:53:05.786113 405427648 NetModule.cpp:723] ready reconnect server, server id: 0
I0304 22:53:05.786710 405427648 NetConnector.cpp:216] connect to: 0.0.0.0:5001 success! 
W0304 23:36:02.763854 232783872 ServerMgr.cpp:88] remove one proxy server, id: 30
I0304 23:36:02.769043 405427648 NetServer.cpp:88] delete io...127.0.0.1:63165
W0304 23:36:02.772166 232783872 LoginServerThread.cpp:180] center server is disconnect, after 10s will be reconnect!
I0304 23:36:06.264555 405427648 NetServer.cpp:55] accept io...127.0.0.1:63179
I0304 23:36:06.266839 232783872 LoginServerThread.cpp:190] bind one connect: 127.0.0.1:63179
I0304 23:36:06.269955 232783872 ServerMgr.cpp:54] bind one proxy server, ip:127.0.0.1:63179
W0304 23:36:13.285811 405427648 NetModule.cpp:723] ready reconnect server, server id: 0
I0304 23:36:13.286494 405427648 NetConnector.cpp:216] connect to: 0.0.0.0:5001 success! 
W0305 00:19:57.755527 232783872 LoginServerThread.cpp:536] login server is across day.
I0305 00:19:57.775488 405427648 NetServer.cpp:88] delete io...127.0.0.1:63179
W0305 00:19:57.776871 232783872 LoginServerThread.cpp:559] delete record_register_ip error, errno: 2003, error: Can't connect to MySQL server on '58.82.239.150' (50)
W0305 00:19:57.776935 232783872 ServerMgr.cpp:88] remove one proxy server, id: 30
W0305 00:19:57.776968 232783872 LoginServerThread.cpp:180] center server is disconnect, after 10s will be reconnect!
I0305 00:20:01.277154 405427648 NetServer.cpp:55] accept io...127.0.0.1:63220
I0305 00:20:01.278632 232783872 LoginServerThread.cpp:190] bind one connect: 127.0.0.1:63220
I0305 00:20:01.285426 232783872 ServerMgr.cpp:54] bind one proxy server, ip:127.0.0.1:63220
W0305 00:20:07.804769 405427648 NetModule.cpp:723] ready reconnect server, server id: 0
I0305 00:20:07.804945 405427648 NetConnector.cpp:216] connect to: 127.0.0.1:5001 success! 
I0305 01:02:15.809268 405427648 NetServer.cpp:88] delete io...127.0.0.1:63220
W0305 01:02:15.810959 232783872 ServerMgr.cpp:88] remove one proxy server, id: 30
W0305 01:02:15.818542 232783872 LoginServerThread.cpp:180] center server is disconnect, after 10s will be reconnect!
I0305 01:02:19.297905 405427648 NetServer.cpp:55] accept io...127.0.0.1:63282
I0305 01:02:19.300731 232783872 LoginServerThread.cpp:190] bind one connect: 127.0.0.1:63282
I0305 01:02:19.306578 232783872 ServerMgr.cpp:54] bind one proxy server, ip:127.0.0.1:63282
W0305 01:02:25.843966 405427648 NetModule.cpp:723] ready reconnect server, server id: 0
I0305 01:02:25.844178 405427648 NetConnector.cpp:216] connect to: 0.0.0.0:5001 success! 
I0305 01:39:43.819886 405427648 NetServer.cpp:88] delete io...127.0.0.1:63282
W0305 01:39:43.821657 232783872 ServerMgr.cpp:88] remove one proxy server, id: 30
W0305 01:39:43.824872 232783872 LoginServerThread.cpp:180] center server is disconnect, after 10s will be reconnect!
I0305 01:39:47.313275 405427648 NetServer.cpp:55] accept io...127.0.0.1:63330
I0305 01:39:47.315179 232783872 LoginServerThread.cpp:190] bind one connect: 127.0.0.1:63330
I0305 01:39:47.328965 232783872 ServerMgr.cpp:54] bind one proxy server, ip:127.0.0.1:63330
W0305 01:39:54.333853 405427648 NetModule.cpp:723] ready reconnect server, server id: 0
I0305 01:39:54.334079 405427648 NetConnector.cpp:216] connect to: 0.0.0.0:5001 success! 
I0305 02:22:33.833603 405427648 NetServer.cpp:88] delete io...127.0.0.1:63330
W0305 02:22:33.833734 232783872 ServerMgr.cpp:88] remove one proxy server, id: 30
W0305 02:22:33.841819 232783872 LoginServerThread.cpp:180] center server is disconnect, after 10s will be reconnect!
I0305 02:22:37.334589 405427648 NetServer.cpp:55] accept io...127.0.0.1:63365
I0305 02:22:37.334913 232783872 LoginServerThread.cpp:190] bind one connect: 127.0.0.1:63365
I0305 02:22:37.346130 232783872 ServerMgr.cpp:54] bind one proxy server, ip:127.0.0.1:63365
W0305 02:22:44.361780 405427648 NetModule.cpp:723] ready reconnect server, server id: 0
I0305 02:22:44.362867 405427648 NetConnector.cpp:216] connect to: 0.0.0.0:5001 success! 
I0305 03:04:01.856403 405427648 NetServer.cpp:88] delete io...127.0.0.1:63365
W0305 03:04:01.857120 232783872 ServerMgr.cpp:88] remove one proxy server, id: 30
W0305 03:04:01.860693 232783872 LoginServerThread.cpp:180] center server is disconnect, after 10s will be reconnect!
I0305 03:04:05.358162 405427648 NetServer.cpp:55] accept io...127.0.0.1:63421
I0305 03:04:05.360347 232783872 LoginServerThread.cpp:190] bind one connect: 127.0.0.1:63421
I0305 03:04:05.382683 232783872 ServerMgr.cpp:54] bind one proxy server, ip:127.0.0.1:63421
W0305 03:04:12.373090 405427648 NetModule.cpp:723] ready reconnect server, server id: 0
I0305 03:04:12.373782 405427648 NetConnector.cpp:216] connect to: 0.0.0.0:5001 success! 
I0305 03:44:48.881510 405427648 NetServer.cpp:88] delete io...127.0.0.1:63421
W0305 03:44:48.882956 232783872 ServerMgr.cpp:88] remove one proxy server, id: 30
W0305 03:44:48.883324 232783872 LoginServerThread.cpp:180] center server is disconnect, after 10s will be reconnect!
I0305 03:44:52.368407 405427648 NetServer.cpp:55] accept io...127.0.0.1:63473
I0305 03:44:52.369735 232783872 LoginServerThread.cpp:190] bind one connect: 127.0.0.1:63473
I0305 03:44:52.394145 232783872 ServerMgr.cpp:54] bind one proxy server, ip:127.0.0.1:63473
W0305 03:44:59.395645 405427648 NetModule.cpp:723] ready reconnect server, server id: 0
I0305 03:44:59.396062 405427648 NetConnector.cpp:216] connect to: 0.0.0.0:5001 success! 
I0305 04:27:46.891109 405427648 NetServer.cpp:88] delete io...127.0.0.1:63473
W0305 04:27:46.893576 232783872 ServerMgr.cpp:88] remove one proxy server, id: 30
W0305 04:27:46.896188 232783872 LoginServerThread.cpp:180] center server is disconnect, after 10s will be reconnect!
I0305 04:27:50.384426 405427648 NetServer.cpp:55] accept io...127.0.0.1:63537
I0305 04:27:50.386747 232783872 LoginServerThread.cpp:190] bind one connect: 127.0.0.1:63537
I0305 04:27:50.406352 232783872 ServerMgr.cpp:54] bind one proxy server, ip:127.0.0.1:63537
W0305 04:27:57.412000 405427648 NetModule.cpp:723] ready reconnect server, server id: 0
I0305 04:27:57.413028 405427648 NetConnector.cpp:216] connect to: 0.0.0.0:5001 success! 
I0305 05:06:48.907626 405427648 NetServer.cpp:88] delete io...127.0.0.1:63537
W0305 05:06:48.916047 232783872 ServerMgr.cpp:88] remove one proxy server, id: 30
W0305 05:06:48.916555 232783872 LoginServerThread.cpp:180] center server is disconnect, after 10s will be reconnect!
I0305 05:06:52.415103 405427648 NetServer.cpp:55] accept io...127.0.0.1:63568
I0305 05:06:52.416573 232783872 LoginServerThread.cpp:190] bind one connect: 127.0.0.1:63568
I0305 05:06:52.427053 232783872 ServerMgr.cpp:54] bind one proxy server, ip:127.0.0.1:63568
W0305 05:06:58.944020 405427648 NetModule.cpp:723] ready reconnect server, server id: 0
I0305 05:06:58.944674 405427648 NetConnector.cpp:216] connect to: 0.0.0.0:5001 success! 
I0305 05:42:12.920804 405427648 NetServer.cpp:88] delete io...127.0.0.1:63568
W0305 05:42:12.922966 232783872 ServerMgr.cpp:88] remove one proxy server, id: 30
W0305 05:42:12.930317 232783872 LoginServerThread.cpp:180] center server is disconnect, after 10s will be reconnect!
I0305 05:42:16.406014 405427648 NetServer.cpp:55] accept io...127.0.0.1:63619
I0305 05:42:16.408517 232783872 LoginServerThread.cpp:190] bind one connect: 127.0.0.1:63619
I0305 05:42:16.431959 232783872 ServerMgr.cpp:54] bind one proxy server, ip:127.0.0.1:63619
W0305 05:42:23.441761 405427648 NetModule.cpp:723] ready reconnect server, server id: 0
I0305 05:42:23.442873 405427648 NetConnector.cpp:216] connect to: 0.0.0.0:5001 success! 
I0305 06:19:11.946339 405427648 NetServer.cpp:88] delete io...127.0.0.1:63619
W0305 06:19:11.948210 232783872 ServerMgr.cpp:88] remove one proxy server, id: 30
W0305 06:19:11.957331 232783872 LoginServerThread.cpp:180] center server is disconnect, after 10s will be reconnect!
I0305 06:19:15.447122 405427648 NetServer.cpp:55] accept io...127.0.0.1:63661
I0305 06:19:15.449805 232783872 LoginServerThread.cpp:190] bind one connect: 127.0.0.1:63661
I0305 06:19:15.467273 232783872 ServerMgr.cpp:54] bind one proxy server, ip:127.0.0.1:63661
W0305 06:19:22.477664 405427648 NetModule.cpp:723] ready reconnect server, server id: 0
I0305 06:19:22.478502 405427648 NetConnector.cpp:216] connect to: 0.0.0.0:5001 success! 
I0305 06:54:48.967576 405427648 NetServer.cpp:88] delete io...127.0.0.1:63661
W0305 06:54:48.969710 232783872 ServerMgr.cpp:88] remove one proxy server, id: 30
W0305 06:54:48.976192 232783872 LoginServerThread.cpp:180] center server is disconnect, after 10s will be reconnect!
I0305 06:54:52.459216 405427648 NetServer.cpp:55] accept io...127.0.0.1:63695
I0305 06:54:52.459426 232783872 LoginServerThread.cpp:190] bind one connect: 127.0.0.1:63695
I0305 06:54:52.487267 232783872 ServerMgr.cpp:54] bind one proxy server, ip:127.0.0.1:63695
W0305 06:54:59.494513 405427648 NetModule.cpp:723] ready reconnect server, server id: 0
I0305 06:54:59.494714 405427648 NetConnector.cpp:216] connect to: 0.0.0.0:5001 success! 
I0305 07:32:34.965771 405427648 NetServer.cpp:88] delete io...127.0.0.1:63695
W0305 07:32:34.966974 232783872 ServerMgr.cpp:88] remove one proxy server, id: 30
W0305 07:32:34.970719 232783872 LoginServerThread.cpp:180] center server is disconnect, after 10s will be reconnect!
I0305 07:32:38.454661 405427648 NetServer.cpp:55] accept io...127.0.0.1:63711
I0305 07:32:38.457484 232783872 LoginServerThread.cpp:190] bind one connect: 127.0.0.1:63711
I0305 07:32:38.473450 232783872 ServerMgr.cpp:54] bind one proxy server, ip:127.0.0.1:63711
W0305 07:32:45.478884 405427648 NetModule.cpp:723] ready reconnect server, server id: 0
I0305 07:32:45.479066 405427648 NetConnector.cpp:216] connect to: 0.0.0.0:5001 success! 
I0305 08:14:51.962095 405427648 NetServer.cpp:88] delete io...127.0.0.1:63711
W0305 08:14:51.963557 232783872 ServerMgr.cpp:88] remove one proxy server, id: 30
W0305 08:14:51.964656 232783872 LoginServerThread.cpp:180] center server is disconnect, after 10s will be reconnect!
I0305 08:14:55.448945 405427648 NetServer.cpp:55] accept io...127.0.0.1:63735
I0305 08:14:55.451190 232783872 LoginServerThread.cpp:190] bind one connect: 127.0.0.1:63735
I0305 08:14:55.476891 232783872 ServerMgr.cpp:54] bind one proxy server, ip:127.0.0.1:63735
W0305 08:15:02.472986 405427648 NetModule.cpp:723] ready reconnect server, server id: 0
I0305 08:15:02.473709 405427648 NetConnector.cpp:216] connect to: 0.0.0.0:5001 success! 
I0305 08:51:06.014008 405427648 NetServer.cpp:88] delete io...127.0.0.1:63735
W0305 08:51:06.015367 232783872 ServerMgr.cpp:88] remove one proxy server, id: 30
W0305 08:51:06.015602 232783872 LoginServerThread.cpp:180] center server is disconnect, after 10s will be reconnect!
I0305 08:51:09.504201 405427648 NetServer.cpp:55] accept io...127.0.0.1:63801
I0305 08:51:09.506012 232783872 LoginServerThread.cpp:190] bind one connect: 127.0.0.1:63801
I0305 08:51:09.529471 232783872 ServerMgr.cpp:54] bind one proxy server, ip:127.0.0.1:63801
W0305 08:51:16.533119 405427648 NetModule.cpp:723] ready reconnect server, server id: 0
I0305 08:51:16.533331 405427648 NetConnector.cpp:216] connect to: 0.0.0.0:5001 success! 
I0305 09:30:32.014446 405427648 NetServer.cpp:88] delete io...127.0.0.1:63801
W0305 09:30:32.016662 232783872 ServerMgr.cpp:88] remove one proxy server, id: 30
W0305 09:30:32.027288 232783872 LoginServerThread.cpp:180] center server is disconnect, after 10s will be reconnect!
I0305 09:30:35.502374 405427648 NetServer.cpp:55] accept io...127.0.0.1:63825
I0305 09:30:35.504129 232783872 LoginServerThread.cpp:190] bind one connect: 127.0.0.1:63825
I0305 09:30:35.509090 232783872 ServerMgr.cpp:54] bind one proxy server, ip:127.0.0.1:63825
W0305 09:30:42.545022 405427648 NetModule.cpp:723] ready reconnect server, server id: 0
I0305 09:30:42.545265 405427648 NetConnector.cpp:216] connect to: 0.0.0.0:5001 success! 
I0305 10:02:30.773916 405427648 NetServer.cpp:88] delete io...127.0.0.1:63825
W0305 10:02:30.774193 232783872 ServerMgr.cpp:88] remove one proxy server, id: 30
W0305 10:02:30.782316 232783872 LoginServerThread.cpp:180] center server is disconnect, after 10s will be reconnect!
I0305 10:02:34.269066 405427648 NetServer.cpp:55] accept io...127.0.0.1:63862
I0305 10:02:34.269410 232783872 LoginServerThread.cpp:190] bind one connect: 127.0.0.1:63862
I0305 10:02:34.290323 232783872 ServerMgr.cpp:54] bind one proxy server, ip:127.0.0.1:63862
W0305 10:02:41.291801 405427648 NetModule.cpp:723] ready reconnect server, server id: 0
I0305 10:02:41.292241 405427648 NetConnector.cpp:216] connect to: 0.0.0.0:5001 success! 
W0305 22:17:11.379058 232783872 LoginServerThread.cpp:180] center server is disconnect, after 10s will be reconnect!
I0305 22:17:11.399644 405427648 NetServer.cpp:88] delete io...127.0.0.1:63862
W0305 22:17:11.400750 232783872 ServerMgr.cpp:88] remove one proxy server, id: 30
I0305 22:17:14.754405 405427648 NetServer.cpp:55] accept io...127.0.0.1:49291
I0305 22:17:14.755750 232783872 LoginServerThread.cpp:190] bind one connect: 127.0.0.1:49291
I0305 22:17:14.768002 232783872 ServerMgr.cpp:54] bind one proxy server, ip:127.0.0.1:49291
W0305 22:17:21.811197 405427648 NetModule.cpp:723] ready reconnect server, server id: 0
I0305 22:17:21.811466 405427648 NetConnector.cpp:216] connect to: 0.0.0.0:5001 success! 
I0305 22:57:17.031762 405427648 NetServer.cpp:88] delete io...127.0.0.1:49291
W0305 22:57:17.048797 232783872 ServerMgr.cpp:88] remove one proxy server, id: 30
W0305 22:57:17.049278 232783872 LoginServerThread.cpp:180] center server is disconnect, after 10s will be reconnect!
I0305 22:57:20.525557 405427648 NetServer.cpp:55] accept io...127.0.0.1:49357
I0305 22:57:20.527086 232783872 LoginServerThread.cpp:190] bind one connect: 127.0.0.1:49357
I0305 22:57:20.544008 232783872 ServerMgr.cpp:54] bind one proxy server, ip:127.0.0.1:49357
W0305 22:57:27.567448 405427648 NetModule.cpp:723] ready reconnect server, server id: 0
I0305 22:57:27.568186 405427648 NetConnector.cpp:216] connect to: 0.0.0.0:5001 success! 
I0305 23:40:34.034828 405427648 NetServer.cpp:88] delete io...127.0.0.1:49357
W0305 23:40:34.035646 232783872 ServerMgr.cpp:88] remove one proxy server, id: 30
W0305 23:40:34.044865 232783872 LoginServerThread.cpp:180] center server is disconnect, after 10s will be reconnect!
I0305 23:40:37.530232 405427648 NetServer.cpp:55] accept io...127.0.0.1:49383
I0305 23:40:37.531033 232783872 LoginServerThread.cpp:190] bind one connect: 127.0.0.1:49383
I0305 23:40:37.546133 232783872 ServerMgr.cpp:54] bind one proxy server, ip:127.0.0.1:49383
W0305 23:40:44.073338 405427648 NetModule.cpp:723] ready reconnect server, server id: 0
I0305 23:40:44.073503 405427648 NetConnector.cpp:216] connect to: 127.0.0.1:5001 success! 
W0306 00:23:04.045729 232783872 LoginServerThread.cpp:536] login server is across day.
I0306 00:23:04.063917 405427648 NetServer.cpp:88] delete io...127.0.0.1:49383
W0306 00:23:04.076876 232783872 LoginServerThread.cpp:559] delete record_register_ip error, errno: 2003, error: Can't connect to MySQL server on '58.82.239.150' (50)
W0306 00:23:04.076937 232783872 ServerMgr.cpp:88] remove one proxy server, id: 30
W0306 00:23:04.076970 232783872 LoginServerThread.cpp:180] center server is disconnect, after 10s will be reconnect!
I0306 00:23:07.571491 405427648 NetServer.cpp:55] accept io...127.0.0.1:49453
I0306 00:23:07.573871 232783872 LoginServerThread.cpp:190] bind one connect: 127.0.0.1:49453
I0306 00:23:07.581076 232783872 ServerMgr.cpp:54] bind one proxy server, ip:127.0.0.1:49453
W0306 00:23:14.591244 405427648 NetModule.cpp:723] ready reconnect server, server id: 0
I0306 00:23:14.591461 405427648 NetConnector.cpp:216] connect to: 0.0.0.0:5001 success! 
I0306 01:00:17.075484 405427648 NetServer.cpp:88] delete io...127.0.0.1:49453
W0306 01:00:17.077898 232783872 ServerMgr.cpp:88] remove one proxy server, id: 30
W0306 01:00:17.084794 232783872 LoginServerThread.cpp:180] center server is disconnect, after 10s will be reconnect!
I0306 01:00:20.572360 405427648 NetServer.cpp:55] accept io...127.0.0.1:49496
I0306 01:00:20.575127 232783872 LoginServerThread.cpp:190] bind one connect: 127.0.0.1:49496
I0306 01:00:20.603405 232783872 ServerMgr.cpp:54] bind one proxy server, ip:127.0.0.1:49496
W0306 01:00:27.612840 405427648 NetModule.cpp:723] ready reconnect server, server id: 0
I0306 01:00:27.613034 405427648 NetConnector.cpp:216] connect to: 0.0.0.0:5001 success! 
I0306 01:42:39.087409 405427648 NetServer.cpp:88] delete io...127.0.0.1:49496
W0306 01:42:39.089778 232783872 ServerMgr.cpp:88] remove one proxy server, id: 30
W0306 01:42:39.096642 232783872 LoginServerThread.cpp:180] center server is disconnect, after 10s will be reconnect!
I0306 01:42:42.585119 405427648 NetServer.cpp:55] accept io...127.0.0.1:49542
I0306 01:42:42.587194 232783872 LoginServerThread.cpp:190] bind one connect: 127.0.0.1:49542
I0306 01:42:42.606752 232783872 ServerMgr.cpp:54] bind one proxy server, ip:127.0.0.1:49542
W0306 01:42:49.615420 405427648 NetModule.cpp:723] ready reconnect server, server id: 0
I0306 01:42:49.615618 405427648 NetConnector.cpp:216] connect to: 0.0.0.0:5001 success! 
I0306 02:23:04.087061 405427648 NetServer.cpp:88] delete io...127.0.0.1:49542
W0306 02:23:04.089843 232783872 ServerMgr.cpp:88] remove one proxy server, id: 30
W0306 02:23:04.111824 232783872 LoginServerThread.cpp:180] center server is disconnect, after 10s will be reconnect!
I0306 02:23:07.587210 405427648 NetServer.cpp:55] accept io...127.0.0.1:49564
I0306 02:23:07.589347 232783872 LoginServerThread.cpp:190] bind one connect: 127.0.0.1:49564
I0306 02:23:07.616515 232783872 ServerMgr.cpp:54] bind one proxy server, ip:127.0.0.1:49564
W0306 02:23:14.633615 405427648 NetModule.cpp:723] ready reconnect server, server id: 0
I0306 02:23:14.633854 405427648 NetConnector.cpp:216] connect to: 0.0.0.0:5001 success! 
I0306 03:06:39.090306 405427648 NetServer.cpp:88] delete io...127.0.0.1:49564
W0306 03:06:39.091773 232783872 ServerMgr.cpp:88] remove one proxy server, id: 30
W0306 03:06:39.099305 232783872 LoginServerThread.cpp:180] center server is disconnect, after 10s will be reconnect!
I0306 03:06:42.585422 405427648 NetServer.cpp:55] accept io...127.0.0.1:49600
I0306 03:06:42.587463 232783872 LoginServerThread.cpp:190] bind one connect: 127.0.0.1:49600
I0306 03:06:42.595674 232783872 ServerMgr.cpp:54] bind one proxy server, ip:127.0.0.1:49600
W0306 03:06:49.126915 405427648 NetModule.cpp:723] ready reconnect server, server id: 0
I0306 03:06:49.127532 405427648 NetConnector.cpp:216] connect to: 0.0.0.0:5001 success! 
I0306 03:47:38.139422 405427648 NetServer.cpp:88] delete io...127.0.0.1:49600
W0306 03:47:38.141682 232783872 ServerMgr.cpp:88] remove one proxy server, id: 30
W0306 03:47:38.144830 232783872 LoginServerThread.cpp:180] center server is disconnect, after 10s will be reconnect!
I0306 03:47:41.641151 405427648 NetServer.cpp:55] accept io...127.0.0.1:49663
I0306 03:47:41.641849 232783872 LoginServerThread.cpp:190] bind one connect: 127.0.0.1:49663
I0306 03:47:41.654428 232783872 ServerMgr.cpp:54] bind one proxy server, ip:127.0.0.1:49663
W0306 03:47:48.671725 405427648 NetModule.cpp:723] ready reconnect server, server id: 0
I0306 03:47:48.671960 405427648 NetConnector.cpp:216] connect to: 0.0.0.0:5001 success! 
I0306 04:24:06.153972 405427648 NetServer.cpp:88] delete io...127.0.0.1:49663
W0306 04:24:06.154951 232783872 ServerMgr.cpp:88] remove one proxy server, id: 30
W0306 04:24:06.155001 232783872 LoginServerThread.cpp:180] center server is disconnect, after 10s will be reconnect!
I0306 04:24:09.642771 405427648 NetServer.cpp:55] accept io...127.0.0.1:49711
I0306 04:24:09.644754 232783872 LoginServerThread.cpp:190] bind one connect: 127.0.0.1:49711
I0306 04:24:09.661764 232783872 ServerMgr.cpp:54] bind one proxy server, ip:127.0.0.1:49711
W0306 04:24:16.203161 405427648 NetModule.cpp:723] ready reconnect server, server id: 0
I0306 04:24:16.203414 405427648 NetConnector.cpp:216] connect to: 0.0.0.0:5001 success! 
I0306 05:08:56.170444 405427648 NetServer.cpp:88] delete io...127.0.0.1:49711
W0306 05:08:56.171613 232783872 ServerMgr.cpp:88] remove one proxy server, id: 30
W0306 05:08:56.177093 232783872 LoginServerThread.cpp:180] center server is disconnect, after 10s will be reconnect!
I0306 05:08:59.677899 405427648 NetServer.cpp:55] accept io...127.0.0.1:49763
I0306 05:08:59.679785 232783872 LoginServerThread.cpp:190] bind one connect: 127.0.0.1:49763
I0306 05:08:59.694010 232783872 ServerMgr.cpp:54] bind one proxy server, ip:127.0.0.1:49763
W0306 05:09:06.201858 405427648 NetModule.cpp:723] ready reconnect server, server id: 0
I0306 05:09:06.202492 405427648 NetConnector.cpp:216] connect to: 0.0.0.0:5001 success! 
I0306 05:47:17.197146 405427648 NetServer.cpp:88] delete io...127.0.0.1:49763
W0306 05:47:17.198689 232783872 ServerMgr.cpp:88] remove one proxy server, id: 30
W0306 05:47:17.201898 232783872 LoginServerThread.cpp:180] center server is disconnect, after 10s will be reconnect!
I0306 05:47:20.690096 405427648 NetServer.cpp:55] accept io...127.0.0.1:49829
I0306 05:47:20.692216 232783872 LoginServerThread.cpp:190] bind one connect: 127.0.0.1:49829
I0306 05:47:20.723017 232783872 ServerMgr.cpp:54] bind one proxy server, ip:127.0.0.1:49829
W0306 05:47:27.222199 405427648 NetModule.cpp:723] ready reconnect server, server id: 0
I0306 05:47:27.222827 405427648 NetConnector.cpp:216] connect to: 0.0.0.0:5001 success! 
I0306 06:25:27.209530 405427648 NetServer.cpp:88] delete io...127.0.0.1:49829
W0306 06:25:27.210331 232783872 ServerMgr.cpp:88] remove one proxy server, id: 30
W0306 06:25:27.216274 232783872 LoginServerThread.cpp:180] center server is disconnect, after 10s will be reconnect!
I0306 06:25:30.705281 405427648 NetServer.cpp:55] accept io...127.0.0.1:49896
I0306 06:25:30.705523 232783872 LoginServerThread.cpp:190] bind one connect: 127.0.0.1:49896
I0306 06:25:30.718989 232783872 ServerMgr.cpp:54] bind one proxy server, ip:127.0.0.1:49896
W0306 06:25:37.734025 405427648 NetModule.cpp:723] ready reconnect server, server id: 0
I0306 06:25:37.735085 405427648 NetConnector.cpp:216] connect to: 0.0.0.0:5001 success! 
I0306 07:09:10.228775 405427648 NetServer.cpp:88] delete io...127.0.0.1:49896
W0306 07:09:10.231254 232783872 ServerMgr.cpp:88] remove one proxy server, id: 30
W0306 07:09:10.232262 232783872 LoginServerThread.cpp:180] center server is disconnect, after 10s will be reconnect!
I0306 07:09:13.724344 405427648 NetServer.cpp:55] accept io...127.0.0.1:49939
I0306 07:09:13.725955 232783872 LoginServerThread.cpp:190] bind one connect: 127.0.0.1:49939
I0306 07:09:13.750275 232783872 ServerMgr.cpp:54] bind one proxy server, ip:127.0.0.1:49939
W0306 07:09:20.259744 405427648 NetModule.cpp:723] ready reconnect server, server id: 0
I0306 07:09:20.259979 405427648 NetConnector.cpp:216] connect to: 0.0.0.0:5001 success! 
I0306 07:48:48.244632 405427648 NetServer.cpp:88] delete io...127.0.0.1:49939
W0306 07:48:48.246204 232783872 ServerMgr.cpp:88] remove one proxy server, id: 30
W0306 07:48:48.253625 232783872 LoginServerThread.cpp:180] center server is disconnect, after 10s will be reconnect!
I0306 07:48:51.743849 405427648 NetServer.cpp:55] accept io...127.0.0.1:49988
I0306 07:48:51.745419 232783872 LoginServerThread.cpp:190] bind one connect: 127.0.0.1:49988
I0306 07:48:51.760501 232783872 ServerMgr.cpp:54] bind one proxy server, ip:127.0.0.1:49988
W0306 07:48:58.770896 405427648 NetModule.cpp:723] ready reconnect server, server id: 0
I0306 07:48:58.771178 405427648 NetConnector.cpp:216] connect to: 0.0.0.0:5001 success! 
I0306 08:33:32.262488 405427648 NetServer.cpp:88] delete io...127.0.0.1:49988
W0306 08:33:32.264508 232783872 ServerMgr.cpp:88] remove one proxy server, id: 30
W0306 08:33:32.270787 232783872 LoginServerThread.cpp:180] center server is disconnect, after 10s will be reconnect!
I0306 08:33:35.760112 405427648 NetServer.cpp:55] accept io...127.0.0.1:50039
I0306 08:33:35.762903 232783872 LoginServerThread.cpp:190] bind one connect: 127.0.0.1:50039
I0306 08:33:35.773928 232783872 ServerMgr.cpp:54] bind one proxy server, ip:127.0.0.1:50039
W0306 08:33:42.810415 405427648 NetModule.cpp:723] ready reconnect server, server id: 0
I0306 08:33:42.810606 405427648 NetConnector.cpp:216] connect to: 0.0.0.0:5001 success! 
I0306 09:16:34.280021 405427648 NetServer.cpp:88] delete io...127.0.0.1:50039
W0306 09:16:34.281697 232783872 ServerMgr.cpp:88] remove one proxy server, id: 30
W0306 09:16:34.284839 232783872 LoginServerThread.cpp:180] center server is disconnect, after 10s will be reconnect!
I0306 09:16:37.763631 405427648 NetServer.cpp:55] accept io...127.0.0.1:50097
I0306 09:16:37.763954 232783872 LoginServerThread.cpp:190] bind one connect: 127.0.0.1:50097
I0306 09:16:37.795269 232783872 ServerMgr.cpp:54] bind one proxy server, ip:127.0.0.1:50097
W0306 09:16:44.803194 405427648 NetModule.cpp:723] ready reconnect server, server id: 0
I0306 09:16:44.804239 405427648 NetConnector.cpp:216] connect to: 0.0.0.0:5001 success! 
I0306 09:57:46.296588 405427648 NetServer.cpp:88] delete io...127.0.0.1:50097
W0306 09:57:46.297641 232783872 ServerMgr.cpp:88] remove one proxy server, id: 30
W0306 09:57:46.312103 232783872 LoginServerThread.cpp:180] center server is disconnect, after 10s will be reconnect!
I0306 09:57:49.795363 405427648 NetServer.cpp:55] accept io...127.0.0.1:50148
I0306 09:57:49.796353 232783872 LoginServerThread.cpp:190] bind one connect: 127.0.0.1:50148
I0306 09:57:49.826680 232783872 ServerMgr.cpp:54] bind one proxy server, ip:127.0.0.1:50148
W0306 09:57:56.822013 405427648 NetModule.cpp:723] ready reconnect server, server id: 0
I0306 09:57:56.823140 405427648 NetConnector.cpp:216] connect to: 0.0.0.0:5001 success! 
W0306 19:14:26.684976 232783872 LoginServerThread.cpp:5110] QueryGamePlayCount info fail, user id : 85572952, errno: 2003, error msg: Can't connect to MySQL server on '58.82.239.150' (60)
W0306 22:12:40.599627 232783872 LoginServerThread.cpp:180] center server is disconnect, after 10s will be reconnect!
I0306 22:12:40.626828 405427648 NetServer.cpp:88] delete io...127.0.0.1:50148
W0306 22:12:40.628929 232783872 ServerMgr.cpp:88] remove one proxy server, id: 30
I0306 22:12:44.219501 405427648 NetServer.cpp:55] accept io...127.0.0.1:52043
I0306 22:12:44.222909 232783872 LoginServerThread.cpp:190] bind one connect: 127.0.0.1:52043
I0306 22:12:44.223209 232783872 ServerMgr.cpp:54] bind one proxy server, ip:127.0.0.1:52043
W0306 22:12:50.773730 405427648 NetModule.cpp:723] ready reconnect server, server id: 0
I0306 22:12:50.779971 405427648 NetConnector.cpp:216] connect to: 0.0.0.0:5001 success! 
W0306 22:50:43.168516 232783872 ServerMgr.cpp:88] remove one proxy server, id: 30
I0306 22:50:43.172758 405427648 NetServer.cpp:88] delete io...127.0.0.1:52043
W0306 22:50:43.173213 232783872 LoginServerThread.cpp:180] center server is disconnect, after 10s will be reconnect!
I0306 22:50:46.655247 405427648 NetServer.cpp:55] accept io...127.0.0.1:52083
I0306 22:50:46.657033 232783872 LoginServerThread.cpp:190] bind one connect: 127.0.0.1:52083
I0306 22:50:46.670930 232783872 ServerMgr.cpp:54] bind one proxy server, ip:127.0.0.1:52083
W0306 22:50:53.694234 405427648 NetModule.cpp:723] ready reconnect server, server id: 0
I0306 22:50:53.694329 405427648 NetConnector.cpp:216] connect to: 0.0.0.0:5001 success! 
I0306 23:26:52.198071 405427648 NetServer.cpp:88] delete io...127.0.0.1:52083
W0306 23:26:52.199240 232783872 ServerMgr.cpp:88] remove one proxy server, id: 30
W0306 23:26:52.201807 232783872 LoginServerThread.cpp:180] center server is disconnect, after 10s will be reconnect!
I0306 23:26:55.692142 405427648 NetServer.cpp:55] accept io...127.0.0.1:52127
I0306 23:26:55.694967 232783872 LoginServerThread.cpp:190] bind one connect: 127.0.0.1:52127
I0306 23:26:55.724239 232783872 ServerMgr.cpp:54] bind one proxy server, ip:127.0.0.1:52127
W0306 23:27:02.733203 405427648 NetModule.cpp:723] ready reconnect server, server id: 0
I0306 23:27:02.733294 405427648 NetConnector.cpp:216] connect to: 0.0.0.0:5001 success! 
W0307 00:03:36.195022 232783872 LoginServerThread.cpp:536] login server is across day.
I0307 00:03:36.216481 405427648 NetServer.cpp:88] delete io...127.0.0.1:52127
W0307 00:03:36.217592 232783872 LoginServerThread.cpp:559] delete record_register_ip error, errno: 2003, error: Can't connect to MySQL server on '58.82.239.150' (50)
W0307 00:03:36.217644 232783872 ServerMgr.cpp:88] remove one proxy server, id: 30
W0307 00:03:36.219899 232783872 LoginServerThread.cpp:180] center server is disconnect, after 10s will be reconnect!
I0307 00:03:39.708218 405427648 NetServer.cpp:55] accept io...127.0.0.1:52162
I0307 00:03:39.710103 232783872 LoginServerThread.cpp:190] bind one connect: 127.0.0.1:52162
I0307 00:03:39.729836 232783872 ServerMgr.cpp:54] bind one proxy server, ip:127.0.0.1:52162
W0307 00:03:46.752588 405427648 NetModule.cpp:723] ready reconnect server, server id: 0
I0307 00:03:46.752671 405427648 NetConnector.cpp:216] connect to: 0.0.0.0:5001 success! 
W0307 00:47:55.226671 232783872 ServerMgr.cpp:88] remove one proxy server, id: 30
I0307 00:47:55.231750 405427648 NetServer.cpp:88] delete io...127.0.0.1:52162
W0307 00:47:55.233984 232783872 LoginServerThread.cpp:180] center server is disconnect, after 10s will be reconnect!
I0307 00:47:58.713855 405427648 NetServer.cpp:55] accept io...127.0.0.1:52195
I0307 00:47:58.715999 232783872 LoginServerThread.cpp:190] bind one connect: 127.0.0.1:52195
I0307 00:47:58.720969 232783872 ServerMgr.cpp:54] bind one proxy server, ip:127.0.0.1:52195
W0307 00:48:05.758564 405427648 NetModule.cpp:723] ready reconnect server, server id: 0
I0307 00:48:05.758646 405427648 NetConnector.cpp:216] connect to: 0.0.0.0:5001 success! 
I0307 01:26:31.256036 405427648 NetServer.cpp:88] delete io...127.0.0.1:52195
W0307 01:26:31.256290 232783872 ServerMgr.cpp:88] remove one proxy server, id: 30
W0307 01:26:31.256358 232783872 LoginServerThread.cpp:180] center server is disconnect, after 10s will be reconnect!
I0307 01:26:34.760864 405427648 NetServer.cpp:55] accept io...127.0.0.1:52253
I0307 01:26:34.762728 232783872 LoginServerThread.cpp:190] bind one connect: 127.0.0.1:52253
I0307 01:26:34.789443 232783872 ServerMgr.cpp:54] bind one proxy server, ip:127.0.0.1:52253
W0307 01:26:41.782337 405427648 NetModule.cpp:723] ready reconnect server, server id: 0
I0307 01:26:41.782433 405427648 NetConnector.cpp:216] connect to: 0.0.0.0:5001 success! 
I0307 02:04:45.269697 405427648 NetServer.cpp:88] delete io...127.0.0.1:52253
W0307 02:04:45.271428 232783872 ServerMgr.cpp:88] remove one proxy server, id: 30
W0307 02:04:45.278301 232783872 LoginServerThread.cpp:180] center server is disconnect, after 10s will be reconnect!
I0307 02:04:48.773237 405427648 NetServer.cpp:55] accept io...127.0.0.1:52294
I0307 02:04:48.773381 232783872 LoginServerThread.cpp:190] bind one connect: 127.0.0.1:52294
I0307 02:04:48.799046 232783872 ServerMgr.cpp:54] bind one proxy server, ip:127.0.0.1:52294
W0307 02:04:55.306109 405427648 NetModule.cpp:723] ready reconnect server, server id: 0
I0307 02:04:55.306169 405427648 NetConnector.cpp:216] connect to: 0.0.0.0:5001 success! 
I0307 02:41:12.285104 405427648 NetServer.cpp:88] delete io...127.0.0.1:52294
W0307 02:41:12.286237 232783872 ServerMgr.cpp:88] remove one proxy server, id: 30
W0307 02:41:12.295317 232783872 LoginServerThread.cpp:180] center server is disconnect, after 10s will be reconnect!
I0307 02:41:15.773059 405427648 NetServer.cpp:55] accept io...127.0.0.1:52331
I0307 02:41:15.775000 232783872 LoginServerThread.cpp:190] bind one connect: 127.0.0.1:52331
I0307 02:41:15.794293 232783872 ServerMgr.cpp:54] bind one proxy server, ip:127.0.0.1:52331
W0307 02:41:22.812480 405427648 NetModule.cpp:723] ready reconnect server, server id: 0
I0307 02:41:22.812571 405427648 NetConnector.cpp:216] connect to: 0.0.0.0:5001 success! 
I0307 03:25:29.306926 405427648 NetServer.cpp:88] delete io...127.0.0.1:52331
W0307 03:25:29.307132 232783872 ServerMgr.cpp:88] remove one proxy server, id: 30
W0307 03:25:29.309942 232783872 LoginServerThread.cpp:180] center server is disconnect, after 10s will be reconnect!
I0307 03:25:32.795342 405427648 NetServer.cpp:55] accept io...127.0.0.1:52365
I0307 03:25:32.795559 232783872 LoginServerThread.cpp:190] bind one connect: 127.0.0.1:52365
I0307 03:25:32.808795 232783872 ServerMgr.cpp:54] bind one proxy server, ip:127.0.0.1:52365
W0307 03:25:39.338654 405427648 NetModule.cpp:723] ready reconnect server, server id: 0
I0307 03:25:39.338714 405427648 NetConnector.cpp:216] connect to: 0.0.0.0:5001 success! 
I0307 04:10:13.332199 405427648 NetServer.cpp:88] delete io...127.0.0.1:52365
W0307 04:10:13.333215 232783872 ServerMgr.cpp:88] remove one proxy server, id: 30
W0307 04:10:13.340145 232783872 LoginServerThread.cpp:180] center server is disconnect, after 10s will be reconnect!
I0307 04:10:16.832819 405427648 NetServer.cpp:55] accept io...127.0.0.1:52402
I0307 04:10:16.835230 232783872 LoginServerThread.cpp:190] bind one connect: 127.0.0.1:52402
I0307 04:10:16.847717 232783872 ServerMgr.cpp:54] bind one proxy server, ip:127.0.0.1:52402
W0307 04:10:23.869330 405427648 NetModule.cpp:723] ready reconnect server, server id: 0
I0307 04:10:23.869694 405427648 NetConnector.cpp:216] connect to: 0.0.0.0:5001 success! 
I0307 04:53:04.363747 405427648 NetServer.cpp:88] delete io...127.0.0.1:52402
W0307 04:53:04.364385 232783872 ServerMgr.cpp:88] remove one proxy server, id: 30
W0307 04:53:04.374243 232783872 LoginServerThread.cpp:180] center server is disconnect, after 10s will be reconnect!
I0307 04:53:07.855022 405427648 NetServer.cpp:55] accept io...127.0.0.1:52448
I0307 04:53:07.857337 232783872 LoginServerThread.cpp:190] bind one connect: 127.0.0.1:52448
I0307 04:53:07.862697 232783872 ServerMgr.cpp:54] bind one proxy server, ip:127.0.0.1:52448
W0307 04:53:14.892897 405427648 NetModule.cpp:723] ready reconnect server, server id: 0
I0307 04:53:14.893779 405427648 NetConnector.cpp:216] connect to: 0.0.0.0:5001 success! 
I0307 05:31:26.382895 405427648 NetServer.cpp:88] delete io...127.0.0.1:52448
W0307 05:31:26.384210 232783872 ServerMgr.cpp:88] remove one proxy server, id: 30
W0307 05:31:26.401512 232783872 LoginServerThread.cpp:180] center server is disconnect, after 10s will be reconnect!
I0307 05:31:29.890889 405427648 NetServer.cpp:55] accept io...127.0.0.1:52502
I0307 05:31:29.891927 232783872 LoginServerThread.cpp:190] bind one connect: 127.0.0.1:52502
I0307 05:31:29.921908 232783872 ServerMgr.cpp:54] bind one proxy server, ip:127.0.0.1:52502
W0307 05:31:36.900424 405427648 NetModule.cpp:723] ready reconnect server, server id: 0
I0307 05:31:36.901247 405427648 NetConnector.cpp:216] connect to: 0.0.0.0:5001 success! 
I0307 06:07:40.408062 405427648 NetServer.cpp:88] delete io...127.0.0.1:52502
W0307 06:07:40.410164 232783872 ServerMgr.cpp:88] remove one proxy server, id: 30
W0307 06:07:40.415114 232783872 LoginServerThread.cpp:180] center server is disconnect, after 10s will be reconnect!
I0307 06:07:43.916087 405427648 NetServer.cpp:55] accept io...127.0.0.1:52545
I0307 06:07:43.918886 232783872 LoginServerThread.cpp:190] bind one connect: 127.0.0.1:52545
I0307 06:07:43.940228 232783872 ServerMgr.cpp:54] bind one proxy server, ip:127.0.0.1:52545
W0307 06:07:50.947432 405427648 NetModule.cpp:723] ready reconnect server, server id: 0
I0307 06:07:50.947922 405427648 NetConnector.cpp:216] connect to: 0.0.0.0:5001 success! 
I0307 06:47:14.427686 405427648 NetServer.cpp:88] delete io...127.0.0.1:52545
W0307 06:47:14.428221 232783872 ServerMgr.cpp:88] remove one proxy server, id: 30
W0307 06:47:14.437311 232783872 LoginServerThread.cpp:180] center server is disconnect, after 10s will be reconnect!
I0307 06:47:17.922715 405427648 NetServer.cpp:55] accept io...127.0.0.1:52581
I0307 06:47:17.924747 232783872 LoginServerThread.cpp:190] bind one connect: 127.0.0.1:52581
I0307 06:47:17.950266 232783872 ServerMgr.cpp:54] bind one proxy server, ip:127.0.0.1:52581
W0307 06:47:24.971563 405427648 NetModule.cpp:723] ready reconnect server, server id: 0
I0307 06:47:24.972038 405427648 NetConnector.cpp:216] connect to: 0.0.0.0:5001 success! 
I0307 07:32:13.455684 405427648 NetServer.cpp:88] delete io...127.0.0.1:52581
W0307 07:32:13.456462 232783872 ServerMgr.cpp:88] remove one proxy server, id: 30
W0307 07:32:13.456856 232783872 LoginServerThread.cpp:180] center server is disconnect, after 10s will be reconnect!
I0307 07:32:16.946038 405427648 NetServer.cpp:55] accept io...127.0.0.1:52622
I0307 07:32:16.948446 232783872 LoginServerThread.cpp:190] bind one connect: 127.0.0.1:52622
I0307 07:32:16.971349 232783872 ServerMgr.cpp:54] bind one proxy server, ip:127.0.0.1:52622
W0307 07:32:23.984230 405427648 NetModule.cpp:723] ready reconnect server, server id: 0
I0307 07:32:23.985064 405427648 NetConnector.cpp:216] connect to: 0.0.0.0:5001 success! 
I0307 08:11:37.477263 405427648 NetServer.cpp:88] delete io...127.0.0.1:52622
W0307 08:11:37.479357 232783872 ServerMgr.cpp:88] remove one proxy server, id: 30
W0307 08:11:37.479775 232783872 LoginServerThread.cpp:180] center server is disconnect, after 10s will be reconnect!
I0307 08:11:40.980517 405427648 NetServer.cpp:55] accept io...127.0.0.1:52659
I0307 08:11:40.982347 232783872 LoginServerThread.cpp:190] bind one connect: 127.0.0.1:52659
I0307 08:11:41.013664 232783872 ServerMgr.cpp:54] bind one proxy server, ip:127.0.0.1:52659
W0307 08:11:47.511351 405427648 NetModule.cpp:723] ready reconnect server, server id: 0
I0307 08:11:47.511750 405427648 NetConnector.cpp:216] connect to: 0.0.0.0:5001 success! 
I0307 08:49:18.504637 405427648 NetServer.cpp:88] delete io...127.0.0.1:52659
W0307 08:49:18.507098 232783872 ServerMgr.cpp:88] remove one proxy server, id: 30
W0307 08:49:18.511698 232783872 LoginServerThread.cpp:180] center server is disconnect, after 10s will be reconnect!
I0307 08:49:21.983863 405427648 NetServer.cpp:55] accept io...127.0.0.1:52692
I0307 08:49:21.985146 232783872 LoginServerThread.cpp:190] bind one connect: 127.0.0.1:52692
I0307 08:49:21.998556 232783872 ServerMgr.cpp:54] bind one proxy server, ip:127.0.0.1:52692
W0307 08:49:29.015869 405427648 NetModule.cpp:723] ready reconnect server, server id: 0
I0307 08:49:29.015940 405427648 NetConnector.cpp:216] connect to: 0.0.0.0:5001 success! 
I0307 09:32:40.515277 405427648 NetServer.cpp:88] delete io...127.0.0.1:52692
W0307 09:32:40.516161 232783872 ServerMgr.cpp:88] remove one proxy server, id: 30
W0307 09:32:40.525089 232783872 LoginServerThread.cpp:180] center server is disconnect, after 10s will be reconnect!
I0307 09:32:44.009485 405427648 NetServer.cpp:55] accept io...127.0.0.1:52732
I0307 09:32:44.010774 232783872 LoginServerThread.cpp:190] bind one connect: 127.0.0.1:52732
I0307 09:32:44.024399 232783872 ServerMgr.cpp:54] bind one proxy server, ip:127.0.0.1:52732
W0307 09:32:51.035909 405427648 NetModule.cpp:723] ready reconnect server, server id: 0
I0307 09:32:51.036377 405427648 NetConnector.cpp:216] connect to: 0.0.0.0:5001 success! 
I0307 09:55:10.634223 405427648 NetServer.cpp:88] delete io...127.0.0.1:52732
