W0318 04:51:36.394534 59736064 ServerMgr.cpp:88] remove one proxy server, id: 30
W0318 04:51:36.403723 59736064 LoginServerThread.cpp:180] center server is disconnect, after 10s will be reconnect!
I0318 04:51:39.884893 195454400 NetServer.cpp:55] accept io...127.0.0.1:64151
I0318 04:51:39.887444 59736064 LoginServerThread.cpp:190] bind one connect: 127.0.0.1:64151
I0318 04:51:39.911123 59736064 ServerMgr.cpp:54] bind one proxy server, ip:127.0.0.1:64151
W0318 04:51:46.921815 195454400 NetModule.cpp:723] ready reconnect server, server id: 0
I0318 04:51:46.921993 195454400 NetConnector.cpp:216] connect to: 0.0.0.0:5001 success! 
I0318 05:27:33.413408 195454400 NetServer.cpp:88] delete io...127.0.0.1:64151
W0318 05:27:33.414353 59736064 ServerMgr.cpp:88] remove one proxy server, id: 30
W0318 05:27:33.419749 59736064 LoginServerThread.cpp:180] center server is disconnect, after 10s will be reconnect!
I0318 05:27:36.908322 195454400 NetServer.cpp:55] accept io...127.0.0.1:64178
I0318 05:27:36.908623 59736064 LoginServerThread.cpp:190] bind one connect: 127.0.0.1:64178
I0318 05:27:36.936985 59736064 ServerMgr.cpp:54] bind one proxy server, ip:127.0.0.1:64178
W0318 05:27:43.921627 195454400 NetModule.cpp:723] ready reconnect server, server id: 0
I0318 05:27:43.923143 195454400 NetConnector.cpp:216] connect to: 0.0.0.0:5001 success! 
I0318 06:02:59.427354 195454400 NetServer.cpp:88] delete io...127.0.0.1:64178
W0318 06:02:59.429590 59736064 ServerMgr.cpp:88] remove one proxy server, id: 30
W0318 06:02:59.437243 59736064 LoginServerThread.cpp:180] center server is disconnect, after 10s will be reconnect!
I0318 06:03:02.914167 195454400 NetServer.cpp:55] accept io...127.0.0.1:64224
I0318 06:03:02.916334 59736064 LoginServerThread.cpp:190] bind one connect: 127.0.0.1:64224
I0318 06:03:02.936872 59736064 ServerMgr.cpp:54] bind one proxy server, ip:127.0.0.1:64224
W0318 06:03:09.951478 195454400 NetModule.cpp:723] ready reconnect server, server id: 0
I0318 06:03:09.951653 195454400 NetConnector.cpp:216] connect to: 0.0.0.0:5001 success! 
I0318 06:40:07.443397 195454400 NetServer.cpp:88] delete io...127.0.0.1:64224
W0318 06:40:07.446369 59736064 ServerMgr.cpp:88] remove one proxy server, id: 30
W0318 06:40:07.467270 59736064 LoginServerThread.cpp:180] center server is disconnect, after 10s will be reconnect!
I0318 06:40:10.934950 195454400 NetServer.cpp:55] accept io...127.0.0.1:64255
I0318 06:40:10.937618 59736064 LoginServerThread.cpp:190] bind one connect: 127.0.0.1:64255
I0318 06:40:10.955970 59736064 ServerMgr.cpp:54] bind one proxy server, ip:127.0.0.1:64255
W0318 06:40:17.950747 195454400 NetModule.cpp:723] ready reconnect server, server id: 0
I0318 06:40:17.951728 195454400 NetConnector.cpp:216] connect to: 0.0.0.0:5001 success! 
I0318 07:24:16.460105 195454400 NetServer.cpp:88] delete io...127.0.0.1:64255
W0318 07:24:16.461500 59736064 ServerMgr.cpp:88] remove one proxy server, id: 30
W0318 07:24:16.478261 59736064 LoginServerThread.cpp:180] center server is disconnect, after 10s will be reconnect!
I0318 07:24:19.971757 195454400 NetServer.cpp:55] accept io...127.0.0.1:64299
I0318 07:24:19.974344 59736064 LoginServerThread.cpp:190] bind one connect: 127.0.0.1:64299
I0318 07:24:20.004305 59736064 ServerMgr.cpp:54] bind one proxy server, ip:127.0.0.1:64299
W0318 07:24:27.003723 195454400 NetModule.cpp:723] ready reconnect server, server id: 0
I0318 07:24:27.003878 195454400 NetConnector.cpp:216] connect to: 0.0.0.0:5001 success! 
I0318 08:05:58.479362 195454400 NetServer.cpp:88] delete io...127.0.0.1:64299
W0318 08:05:58.480105 59736064 ServerMgr.cpp:88] remove one proxy server, id: 30
W0318 08:05:58.487669 59736064 LoginServerThread.cpp:180] center server is disconnect, after 10s will be reconnect!
I0318 08:06:01.967008 195454400 NetServer.cpp:55] accept io...127.0.0.1:64329
I0318 08:06:01.968606 59736064 LoginServerThread.cpp:190] bind one connect: 127.0.0.1:64329
I0318 08:06:01.973057 59736064 ServerMgr.cpp:54] bind one proxy server, ip:127.0.0.1:64329
W0318 08:06:08.998499 195454400 NetModule.cpp:723] ready reconnect server, server id: 0
I0318 08:06:08.998674 195454400 NetConnector.cpp:216] connect to: 0.0.0.0:5001 success! 
I0318 08:48:13.498023 195454400 NetServer.cpp:88] delete io...127.0.0.1:64329
W0318 08:48:13.499222 59736064 ServerMgr.cpp:88] remove one proxy server, id: 30
W0318 08:48:13.511919 59736064 LoginServerThread.cpp:180] center server is disconnect, after 10s will be reconnect!
I0318 08:48:16.987926 195454400 NetServer.cpp:55] accept io...127.0.0.1:64370
I0318 08:48:16.989671 59736064 LoginServerThread.cpp:190] bind one connect: 127.0.0.1:64370
I0318 08:48:17.017598 59736064 ServerMgr.cpp:54] bind one proxy server, ip:127.0.0.1:64370
W0318 08:48:24.026597 195454400 NetModule.cpp:723] ready reconnect server, server id: 0
I0318 08:48:24.026782 195454400 NetConnector.cpp:216] connect to: 0.0.0.0:5001 success! 
I0318 09:24:27.509598 195454400 NetServer.cpp:88] delete io...127.0.0.1:64370
W0318 09:24:27.511440 59736064 ServerMgr.cpp:88] remove one proxy server, id: 30
W0318 09:24:27.520764 59736064 LoginServerThread.cpp:180] center server is disconnect, after 10s will be reconnect!
I0318 09:24:31.012960 195454400 NetServer.cpp:55] accept io...127.0.0.1:64396
I0318 09:24:31.014850 59736064 LoginServerThread.cpp:190] bind one connect: 127.0.0.1:64396
I0318 09:24:31.035836 59736064 ServerMgr.cpp:54] bind one proxy server, ip:127.0.0.1:64396
W0318 09:24:38.045315 195454400 NetModule.cpp:723] ready reconnect server, server id: 0
I0318 09:24:38.045485 195454400 NetConnector.cpp:216] connect to: 0.0.0.0:5001 success! 
I0318 09:59:31.515894 195454400 NetServer.cpp:88] delete io...127.0.0.1:64396
W0318 09:59:31.516676 59736064 ServerMgr.cpp:88] remove one proxy server, id: 30
W0318 09:59:31.526199 59736064 LoginServerThread.cpp:180] center server is disconnect, after 10s will be reconnect!
I0318 09:59:35.022051 195454400 NetServer.cpp:55] accept io...127.0.0.1:64422
I0318 09:59:35.024513 59736064 LoginServerThread.cpp:190] bind one connect: 127.0.0.1:64422
I0318 09:59:35.035259 59736064 ServerMgr.cpp:54] bind one proxy server, ip:127.0.0.1:64422
W0318 09:59:42.060108 195454400 NetModule.cpp:723] ready reconnect server, server id: 0
I0318 09:59:42.060209 195454400 NetConnector.cpp:216] connect to: 0.0.0.0:5001 success! 
W0318 21:10:31.529248 59736064 LoginServerThread.cpp:6006] query exchange record fail. sql:SELECT * FROM treasure.exchange WHERE userid = '85539866' order by id desc LIMIT 10, errno: -1, err msg: mysql not opened yet!
W0318 22:10:40.800081 59736064 LoginServerThread.cpp:180] center server is disconnect, after 10s will be reconnect!
I0318 22:10:40.815137 195454400 NetServer.cpp:88] delete io...127.0.0.1:64422
W0318 22:10:40.815475 59736064 ServerMgr.cpp:88] remove one proxy server, id: 30
I0318 22:10:43.967964 195454400 NetServer.cpp:55] accept io...127.0.0.1:50423
I0318 22:10:43.970568 59736064 LoginServerThread.cpp:190] bind one connect: 127.0.0.1:50423
I0318 22:10:43.997650 59736064 ServerMgr.cpp:54] bind one proxy server, ip:127.0.0.1:50423
W0318 22:10:51.015769 195454400 NetModule.cpp:723] ready reconnect server, server id: 0
I0318 22:10:51.016621 195454400 NetConnector.cpp:216] connect to: 127.0.0.1:5001 success! 
W0318 22:48:23.280756 59736064 ServerMgr.cpp:88] remove one proxy server, id: 30
I0318 22:48:23.286530 195454400 NetServer.cpp:88] delete io...127.0.0.1:50423
W0318 22:48:23.288563 59736064 LoginServerThread.cpp:180] center server is disconnect, after 10s will be reconnect!
I0318 22:48:26.783663 195454400 NetServer.cpp:55] accept io...127.0.0.1:50468
I0318 22:48:26.785333 59736064 LoginServerThread.cpp:190] bind one connect: 127.0.0.1:50468
I0318 22:48:26.815925 59736064 ServerMgr.cpp:54] bind one proxy server, ip:127.0.0.1:50468
W0318 22:48:33.824146 195454400 NetModule.cpp:723] ready reconnect server, server id: 0
I0318 22:48:33.824425 195454400 NetConnector.cpp:216] connect to: 0.0.0.0:5001 success! 
W0318 23:29:41.309235 59736064 ServerMgr.cpp:88] remove one proxy server, id: 30
I0318 23:29:41.316325 195454400 NetServer.cpp:88] delete io...127.0.0.1:50468
W0318 23:29:41.319020 59736064 LoginServerThread.cpp:180] center server is disconnect, after 10s will be reconnect!
I0318 23:29:44.804494 195454400 NetServer.cpp:55] accept io...127.0.0.1:50510
I0318 23:29:44.804962 59736064 LoginServerThread.cpp:190] bind one connect: 127.0.0.1:50510
I0318 23:29:44.818469 59736064 ServerMgr.cpp:54] bind one proxy server, ip:127.0.0.1:50510
W0318 23:29:51.344956 195454400 NetModule.cpp:723] ready reconnect server, server id: 0
I0318 23:29:51.345135 195454400 NetConnector.cpp:216] connect to: 127.0.0.1:5001 success! 
I0319 00:12:14.334892 195454400 NetServer.cpp:88] delete io...127.0.0.1:50510
W0319 00:12:14.336753 59736064 LoginServerThread.cpp:539] login server is across day.
W0319 00:12:14.337643 59736064 LoginServerThread.cpp:562] delete record_register_ip error, errno: 2003, error: Can't connect to MySQL server on '58.82.239.150' (50)
W0319 00:12:14.337687 59736064 ServerMgr.cpp:88] remove one proxy server, id: 30
W0319 00:12:14.337715 59736064 LoginServerThread.cpp:180] center server is disconnect, after 10s will be reconnect!
I0319 00:12:17.829977 195454400 NetServer.cpp:55] accept io...127.0.0.1:50545
I0319 00:12:17.832255 59736064 LoginServerThread.cpp:190] bind one connect: 127.0.0.1:50545
I0319 00:12:17.843093 59736064 ServerMgr.cpp:54] bind one proxy server, ip:127.0.0.1:50545
W0319 00:12:24.401412 195454400 NetModule.cpp:723] ready reconnect server, server id: 0
I0319 00:12:24.401624 195454400 NetConnector.cpp:216] connect to: 0.0.0.0:5001 success! 
I0319 00:53:51.337824 195454400 NetServer.cpp:88] delete io...127.0.0.1:50545
W0319 00:53:51.339572 59736064 ServerMgr.cpp:88] remove one proxy server, id: 30
W0319 00:53:51.346665 59736064 LoginServerThread.cpp:180] center server is disconnect, after 10s will be reconnect!
I0319 00:53:54.835345 195454400 NetServer.cpp:55] accept io...127.0.0.1:50592
I0319 00:53:54.836382 59736064 LoginServerThread.cpp:190] bind one connect: 127.0.0.1:50592
I0319 00:53:54.848999 59736064 ServerMgr.cpp:54] bind one proxy server, ip:127.0.0.1:50592
W0319 00:54:01.873262 195454400 NetModule.cpp:723] ready reconnect server, server id: 0
I0319 00:54:01.873458 195454400 NetConnector.cpp:216] connect to: 0.0.0.0:5001 success! 
I0319 01:38:43.351438 195454400 NetServer.cpp:88] delete io...127.0.0.1:50592
W0319 01:38:43.351856 59736064 ServerMgr.cpp:88] remove one proxy server, id: 30
W0319 01:38:43.366677 59736064 LoginServerThread.cpp:180] center server is disconnect, after 10s will be reconnect!
I0319 01:38:46.849653 195454400 NetServer.cpp:55] accept io...127.0.0.1:50620
I0319 01:38:46.851752 59736064 LoginServerThread.cpp:190] bind one connect: 127.0.0.1:50620
I0319 01:38:46.871151 59736064 ServerMgr.cpp:54] bind one proxy server, ip:127.0.0.1:50620
W0319 01:38:53.886328 195454400 NetModule.cpp:723] ready reconnect server, server id: 0
I0319 01:38:53.887447 195454400 NetConnector.cpp:216] connect to: 0.0.0.0:5001 success! 
I0319 02:22:42.369567 195454400 NetServer.cpp:88] delete io...127.0.0.1:50620
W0319 02:22:42.371142 59736064 ServerMgr.cpp:88] remove one proxy server, id: 30
W0319 02:22:42.377112 59736064 LoginServerThread.cpp:180] center server is disconnect, after 10s will be reconnect!
I0319 02:22:45.862046 195454400 NetServer.cpp:55] accept io...127.0.0.1:50666
I0319 02:22:45.864482 59736064 LoginServerThread.cpp:190] bind one connect: 127.0.0.1:50666
I0319 02:22:45.893786 59736064 ServerMgr.cpp:54] bind one proxy server, ip:127.0.0.1:50666
W0319 02:22:52.903831 195454400 NetModule.cpp:723] ready reconnect server, server id: 0
I0319 02:22:52.904935 195454400 NetConnector.cpp:216] connect to: 0.0.0.0:5001 success! 
I0319 03:00:12.390270 195454400 NetServer.cpp:88] delete io...127.0.0.1:50666
W0319 03:00:12.392084 59736064 ServerMgr.cpp:88] remove one proxy server, id: 30
W0319 03:00:12.405673 59736064 LoginServerThread.cpp:180] center server is disconnect, after 10s will be reconnect!
I0319 03:00:15.885215 195454400 NetServer.cpp:55] accept io...127.0.0.1:50702
I0319 03:00:15.886107 59736064 LoginServerThread.cpp:190] bind one connect: 127.0.0.1:50702
I0319 03:00:15.888619 59736064 ServerMgr.cpp:54] bind one proxy server, ip:127.0.0.1:50702
W0319 03:00:22.919579 195454400 NetModule.cpp:723] ready reconnect server, server id: 0
I0319 03:00:22.919773 195454400 NetConnector.cpp:216] connect to: 0.0.0.0:5001 success! 
I0319 03:42:30.408301 195454400 NetServer.cpp:88] delete io...127.0.0.1:50702
W0319 03:42:30.410290 59736064 ServerMgr.cpp:88] remove one proxy server, id: 30
W0319 03:42:30.427585 59736064 LoginServerThread.cpp:180] center server is disconnect, after 10s will be reconnect!
I0319 03:42:33.900220 195454400 NetServer.cpp:55] accept io...127.0.0.1:50747
I0319 03:42:33.902285 59736064 LoginServerThread.cpp:190] bind one connect: 127.0.0.1:50747
I0319 03:42:33.916661 59736064 ServerMgr.cpp:54] bind one proxy server, ip:127.0.0.1:50747
W0319 03:42:40.453308 195454400 NetModule.cpp:723] ready reconnect server, server id: 0
I0319 03:42:40.453498 195454400 NetConnector.cpp:216] connect to: 0.0.0.0:5001 success! 
I0319 04:17:53.427788 195454400 NetServer.cpp:88] delete io...127.0.0.1:50747
W0319 04:17:53.429628 59736064 ServerMgr.cpp:88] remove one proxy server, id: 30
W0319 04:17:53.429718 59736064 LoginServerThread.cpp:180] center server is disconnect, after 10s will be reconnect!
I0319 04:17:56.922349 195454400 NetServer.cpp:55] accept io...127.0.0.1:50777
I0319 04:17:56.924058 59736064 LoginServerThread.cpp:190] bind one connect: 127.0.0.1:50777
I0319 04:17:56.934254 59736064 ServerMgr.cpp:54] bind one proxy server, ip:127.0.0.1:50777
W0319 04:18:03.467051 195454400 NetModule.cpp:723] ready reconnect server, server id: 0
I0319 04:18:03.467263 195454400 NetConnector.cpp:216] connect to: 0.0.0.0:5001 success! 
I0319 05:00:48.442992 195454400 NetServer.cpp:88] delete io...127.0.0.1:50777
W0319 05:00:48.445631 59736064 ServerMgr.cpp:88] remove one proxy server, id: 30
W0319 05:00:48.451699 59736064 LoginServerThread.cpp:180] center server is disconnect, after 10s will be reconnect!
I0319 05:00:51.938647 195454400 NetServer.cpp:55] accept io...127.0.0.1:50814
I0319 05:00:51.941144 59736064 LoginServerThread.cpp:190] bind one connect: 127.0.0.1:50814
I0319 05:00:51.949203 59736064 ServerMgr.cpp:54] bind one proxy server, ip:127.0.0.1:50814
W0319 05:00:58.963495 195454400 NetModule.cpp:723] ready reconnect server, server id: 0
I0319 05:00:58.964574 195454400 NetConnector.cpp:216] connect to: 0.0.0.0:5001 success! 
I0319 05:39:13.464309 195454400 NetServer.cpp:88] delete io...127.0.0.1:50814
W0319 05:39:13.465279 59736064 ServerMgr.cpp:88] remove one proxy server, id: 30
W0319 05:39:13.474165 59736064 LoginServerThread.cpp:180] center server is disconnect, after 10s will be reconnect!
I0319 05:39:16.956423 195454400 NetServer.cpp:55] accept io...127.0.0.1:50855
I0319 05:39:16.957463 59736064 LoginServerThread.cpp:190] bind one connect: 127.0.0.1:50855
I0319 05:39:16.988762 59736064 ServerMgr.cpp:54] bind one proxy server, ip:127.0.0.1:50855
W0319 05:39:23.978267 195454400 NetModule.cpp:723] ready reconnect server, server id: 0
I0319 05:39:23.978510 195454400 NetConnector.cpp:216] connect to: 0.0.0.0:5001 success! 
I0319 06:17:40.487727 195454400 NetServer.cpp:88] delete io...127.0.0.1:50855
W0319 06:17:40.489753 59736064 ServerMgr.cpp:88] remove one proxy server, id: 30
W0319 06:17:40.497310 59736064 LoginServerThread.cpp:180] center server is disconnect, after 10s will be reconnect!
I0319 06:17:43.979118 195454400 NetServer.cpp:55] accept io...127.0.0.1:50893
I0319 06:17:43.979275 59736064 LoginServerThread.cpp:190] bind one connect: 127.0.0.1:50893
I0319 06:17:43.988937 59736064 ServerMgr.cpp:54] bind one proxy server, ip:127.0.0.1:50893
W0319 06:17:51.010749 195454400 NetModule.cpp:723] ready reconnect server, server id: 0
I0319 06:17:51.010942 195454400 NetConnector.cpp:216] connect to: 0.0.0.0:5001 success! 
I0319 06:57:55.502780 195454400 NetServer.cpp:88] delete io...127.0.0.1:50893
W0319 06:57:55.511903 59736064 ServerMgr.cpp:88] remove one proxy server, id: 30
W0319 06:57:55.512188 59736064 LoginServerThread.cpp:180] center server is disconnect, after 10s will be reconnect!
I0319 06:57:58.996408 195454400 NetServer.cpp:55] accept io...127.0.0.1:50923
I0319 06:57:58.998306 59736064 LoginServerThread.cpp:190] bind one connect: 127.0.0.1:50923
I0319 06:57:59.005030 59736064 ServerMgr.cpp:54] bind one proxy server, ip:127.0.0.1:50923
W0319 06:58:06.038895 195454400 NetModule.cpp:723] ready reconnect server, server id: 0
I0319 06:58:06.039129 195454400 NetConnector.cpp:216] connect to: 0.0.0.0:5001 success! 
I0319 07:39:05.522428 195454400 NetServer.cpp:88] delete io...127.0.0.1:50923
W0319 07:39:05.522765 59736064 ServerMgr.cpp:88] remove one proxy server, id: 30
W0319 07:39:05.536418 59736064 LoginServerThread.cpp:180] center server is disconnect, after 10s will be reconnect!
I0319 07:39:09.029601 195454400 NetServer.cpp:55] accept io...127.0.0.1:50963
I0319 07:39:09.032079 59736064 LoginServerThread.cpp:190] bind one connect: 127.0.0.1:50963
I0319 07:39:09.059406 59736064 ServerMgr.cpp:54] bind one proxy server, ip:127.0.0.1:50963
W0319 07:39:16.079460 195454400 NetModule.cpp:723] ready reconnect server, server id: 0
I0319 07:39:16.080610 195454400 NetConnector.cpp:216] connect to: 0.0.0.0:5001 success! 
I0319 08:14:33.547123 195454400 NetServer.cpp:88] delete io...127.0.0.1:50963
W0319 08:14:33.550010 59736064 ServerMgr.cpp:88] remove one proxy server, id: 30
W0319 08:14:33.553565 59736064 LoginServerThread.cpp:180] center server is disconnect, after 10s will be reconnect!
I0319 08:14:37.041923 195454400 NetServer.cpp:55] accept io...127.0.0.1:50996
I0319 08:14:37.044687 59736064 LoginServerThread.cpp:190] bind one connect: 127.0.0.1:50996
I0319 08:14:37.047770 59736064 ServerMgr.cpp:54] bind one proxy server, ip:127.0.0.1:50996
W0319 08:14:44.085626 195454400 NetModule.cpp:723] ready reconnect server, server id: 0
I0319 08:14:44.086043 195454400 NetConnector.cpp:216] connect to: 0.0.0.0:5001 success! 
I0319 08:54:12.559808 195454400 NetServer.cpp:88] delete io...127.0.0.1:50996
W0319 08:54:12.560369 59736064 ServerMgr.cpp:88] remove one proxy server, id: 30
W0319 08:54:12.567926 59736064 LoginServerThread.cpp:180] center server is disconnect, after 10s will be reconnect!
I0319 08:54:16.057518 195454400 NetServer.cpp:55] accept io...127.0.0.1:51035
I0319 08:54:16.060187 59736064 LoginServerThread.cpp:190] bind one connect: 127.0.0.1:51035
I0319 08:54:16.077088 59736064 ServerMgr.cpp:54] bind one proxy server, ip:127.0.0.1:51035
W0319 08:54:23.097712 195454400 NetModule.cpp:723] ready reconnect server, server id: 0
I0319 08:54:23.098783 195454400 NetConnector.cpp:216] connect to: 0.0.0.0:5001 success! 
I0319 09:34:29.580715 195454400 NetServer.cpp:88] delete io...127.0.0.1:51035
W0319 09:34:29.581795 59736064 ServerMgr.cpp:88] remove one proxy server, id: 30
W0319 09:34:29.582315 59736064 LoginServerThread.cpp:180] center server is disconnect, after 10s will be reconnect!
I0319 09:34:33.065662 195454400 NetServer.cpp:55] accept io...127.0.0.1:51073
I0319 09:34:33.066639 59736064 LoginServerThread.cpp:190] bind one connect: 127.0.0.1:51073
I0319 09:34:33.087755 59736064 ServerMgr.cpp:54] bind one proxy server, ip:127.0.0.1:51073
W0319 09:34:40.108897 195454400 NetModule.cpp:723] ready reconnect server, server id: 0
I0319 09:34:40.109943 195454400 NetConnector.cpp:216] connect to: 0.0.0.0:5001 success! 
I0319 09:55:30.804255 195454400 NetServer.cpp:88] delete io...127.0.0.1:51073
W0319 09:55:30.805469 59736064 ServerMgr.cpp:88] remove one proxy server, id: 30
W0319 09:55:30.821781 59736064 LoginServerThread.cpp:180] center server is disconnect, after 10s will be reconnect!
I0319 09:55:34.296516 195454400 NetServer.cpp:55] accept io...127.0.0.1:51131
I0319 09:55:34.298382 59736064 LoginServerThread.cpp:190] bind one connect: 127.0.0.1:51131
I0319 09:55:34.318979 59736064 ServerMgr.cpp:54] bind one proxy server, ip:127.0.0.1:51131
W0319 09:55:41.312528 195454400 NetModule.cpp:723] ready reconnect server, server id: 0
I0319 09:55:41.313573 195454400 NetConnector.cpp:216] connect to: 0.0.0.0:5001 success! 
W0319 11:08:13.646189 59736064 LoginServerThread.cpp:5268] update score change info fail, user id: 85539866, type: 12, change score: 2837, errno: -1, error: mysql not opened yet!
I0319 22:15:09.873169 195454400 NetServer.cpp:88] delete io...127.0.0.1:51131
W0319 22:15:09.874693 59736064 ServerMgr.cpp:88] remove one proxy server, id: 30
W0319 22:15:09.878711 59736064 LoginServerThread.cpp:180] center server is disconnect, after 10s will be reconnect!
I0319 22:15:13.061789 195454400 NetServer.cpp:55] accept io...127.0.0.1:55467
I0319 22:15:13.061854 59736064 LoginServerThread.cpp:190] bind one connect: 127.0.0.1:55467
I0319 22:15:13.083386 59736064 ServerMgr.cpp:54] bind one proxy server, ip:127.0.0.1:55467
W0319 22:15:20.097764 195454400 NetModule.cpp:723] ready reconnect server, server id: 0
I0319 22:15:20.099050 195454400 NetConnector.cpp:216] connect to: 0.0.0.0:5001 success! 
I0319 22:59:15.381711 195454400 NetServer.cpp:88] delete io...127.0.0.1:55467
W0319 22:59:15.381870 59736064 ServerMgr.cpp:88] remove one proxy server, id: 30
W0319 22:59:15.409667 59736064 LoginServerThread.cpp:180] center server is disconnect, after 10s will be reconnect!
I0319 22:59:18.863705 195454400 NetServer.cpp:55] accept io...127.0.0.1:55522
I0319 22:59:18.863831 59736064 LoginServerThread.cpp:190] bind one connect: 127.0.0.1:55522
I0319 22:59:18.880702 59736064 ServerMgr.cpp:54] bind one proxy server, ip:127.0.0.1:55522
W0319 22:59:25.896420 195454400 NetModule.cpp:723] ready reconnect server, server id: 0
I0319 22:59:25.896665 195454400 NetConnector.cpp:216] connect to: 0.0.0.0:5001 success! 
I0319 23:36:53.374696 195454400 NetServer.cpp:88] delete io...127.0.0.1:55522
W0319 23:36:53.382099 59736064 ServerMgr.cpp:88] remove one proxy server, id: 30
W0319 23:36:53.387346 59736064 LoginServerThread.cpp:180] center server is disconnect, after 10s will be reconnect!
I0319 23:36:56.884443 195454400 NetServer.cpp:55] accept io...127.0.0.1:55566
I0319 23:36:56.886723 59736064 LoginServerThread.cpp:190] bind one connect: 127.0.0.1:55566
I0319 23:36:56.914141 59736064 ServerMgr.cpp:54] bind one proxy server, ip:127.0.0.1:55566
W0319 23:37:03.913712 195454400 NetModule.cpp:723] ready reconnect server, server id: 0
I0319 23:37:03.913947 195454400 NetConnector.cpp:216] connect to: 0.0.0.0:5001 success! 
W0320 00:13:04.379382 59736064 LoginServerThread.cpp:539] login server is across day.
I0320 00:13:04.406000 195454400 NetServer.cpp:88] delete io...127.0.0.1:55566
W0320 00:13:04.407258 59736064 LoginServerThread.cpp:562] delete record_register_ip error, errno: 2003, error: Can't connect to MySQL server on '58.82.239.150' (50)
W0320 00:13:04.407342 59736064 ServerMgr.cpp:88] remove one proxy server, id: 30
W0320 00:13:04.407382 59736064 LoginServerThread.cpp:180] center server is disconnect, after 10s will be reconnect!
I0320 00:13:07.898584 195454400 NetServer.cpp:55] accept io...127.0.0.1:55595
I0320 00:13:07.900878 59736064 LoginServerThread.cpp:190] bind one connect: 127.0.0.1:55595
I0320 00:13:07.926820 59736064 ServerMgr.cpp:54] bind one proxy server, ip:127.0.0.1:55595
W0320 00:13:14.917867 195454400 NetModule.cpp:723] ready reconnect server, server id: 0
I0320 00:13:14.918105 195454400 NetConnector.cpp:216] connect to: 0.0.0.0:5001 success! 
I0320 00:56:42.411463 195454400 NetServer.cpp:88] delete io...127.0.0.1:55595
W0320 00:56:42.412170 59736064 ServerMgr.cpp:88] remove one proxy server, id: 30
W0320 00:56:42.422093 59736064 LoginServerThread.cpp:180] center server is disconnect, after 10s will be reconnect!
I0320 00:56:45.913667 195454400 NetServer.cpp:55] accept io...127.0.0.1:55669
I0320 00:56:45.915397 59736064 LoginServerThread.cpp:190] bind one connect: 127.0.0.1:55669
I0320 00:56:45.945812 59736064 ServerMgr.cpp:54] bind one proxy server, ip:127.0.0.1:55669
W0320 00:56:52.458026 195454400 NetModule.cpp:723] ready reconnect server, server id: 0
I0320 00:56:52.458222 195454400 NetConnector.cpp:216] connect to: 0.0.0.0:5001 success! 
I0320 01:33:34.429581 195454400 NetServer.cpp:88] delete io...127.0.0.1:55669
W0320 01:33:34.431469 59736064 ServerMgr.cpp:88] remove one proxy server, id: 30
W0320 01:33:34.442001 59736064 LoginServerThread.cpp:180] center server is disconnect, after 10s will be reconnect!
I0320 01:33:37.935132 195454400 NetServer.cpp:55] accept io...127.0.0.1:55699
I0320 01:33:37.936764 59736064 LoginServerThread.cpp:190] bind one connect: 127.0.0.1:55699
I0320 01:33:37.964197 59736064 ServerMgr.cpp:54] bind one proxy server, ip:127.0.0.1:55699
W0320 01:33:44.968739 195454400 NetModule.cpp:723] ready reconnect server, server id: 0
I0320 01:33:44.968937 195454400 NetConnector.cpp:216] connect to: 127.0.0.1:5001 success! 
I0320 02:10:23.448261 195454400 NetServer.cpp:88] delete io...127.0.0.1:55699
W0320 02:10:23.449786 59736064 ServerMgr.cpp:88] remove one proxy server, id: 30
W0320 02:10:23.457082 59736064 LoginServerThread.cpp:180] center server is disconnect, after 10s will be reconnect!
I0320 02:10:26.942241 195454400 NetServer.cpp:55] accept io...127.0.0.1:55750
I0320 02:10:26.944541 59736064 LoginServerThread.cpp:190] bind one connect: 127.0.0.1:55750
I0320 02:10:26.958214 59736064 ServerMgr.cpp:54] bind one proxy server, ip:127.0.0.1:55750
W0320 02:10:33.976382 195454400 NetModule.cpp:723] ready reconnect server, server id: 0
I0320 02:10:33.976625 195454400 NetConnector.cpp:216] connect to: 0.0.0.0:5001 success! 
I0320 02:49:13.463562 195454400 NetServer.cpp:88] delete io...127.0.0.1:55750
W0320 02:49:13.466828 59736064 ServerMgr.cpp:88] remove one proxy server, id: 30
W0320 02:49:13.467855 59736064 LoginServerThread.cpp:180] center server is disconnect, after 10s will be reconnect!
I0320 02:49:16.966141 195454400 NetServer.cpp:55] accept io...127.0.0.1:55798
I0320 02:49:16.968770 59736064 LoginServerThread.cpp:190] bind one connect: 127.0.0.1:55798
I0320 02:49:16.983628 59736064 ServerMgr.cpp:54] bind one proxy server, ip:127.0.0.1:55798
W0320 02:49:23.994654 195454400 NetModule.cpp:723] ready reconnect server, server id: 0
I0320 02:49:23.994851 195454400 NetConnector.cpp:216] connect to: 0.0.0.0:5001 success! 
I0320 03:32:07.480753 195454400 NetServer.cpp:88] delete io...127.0.0.1:55798
W0320 03:32:07.481524 59736064 ServerMgr.cpp:88] remove one proxy server, id: 30
W0320 03:32:07.487534 59736064 LoginServerThread.cpp:180] center server is disconnect, after 10s will be reconnect!
I0320 03:32:10.978147 195454400 NetServer.cpp:55] accept io...127.0.0.1:55839
I0320 03:32:10.979176 59736064 LoginServerThread.cpp:190] bind one connect: 127.0.0.1:55839
I0320 03:32:10.982278 59736064 ServerMgr.cpp:54] bind one proxy server, ip:127.0.0.1:55839
W0320 03:32:18.002527 195454400 NetModule.cpp:723] ready reconnect server, server id: 0
I0320 03:32:18.002694 195454400 NetConnector.cpp:216] connect to: 127.0.0.1:5001 success! 
I0320 04:09:04.500561 195454400 NetServer.cpp:88] delete io...127.0.0.1:55839
W0320 04:09:04.502360 59736064 ServerMgr.cpp:88] remove one proxy server, id: 30
W0320 04:09:04.509582 59736064 LoginServerThread.cpp:180] center server is disconnect, after 10s will be reconnect!
I0320 04:09:07.993194 195454400 NetServer.cpp:55] accept io...127.0.0.1:55901
I0320 04:09:07.996111 59736064 LoginServerThread.cpp:190] bind one connect: 127.0.0.1:55901
I0320 04:09:08.016405 59736064 ServerMgr.cpp:54] bind one proxy server, ip:127.0.0.1:55901
W0320 04:09:14.540285 195454400 NetModule.cpp:723] ready reconnect server, server id: 0
I0320 04:09:14.540902 195454400 NetConnector.cpp:216] connect to: 0.0.0.0:5001 success! 
I0320 04:53:23.513056 195454400 NetServer.cpp:88] delete io...127.0.0.1:55901
W0320 04:53:23.513260 59736064 ServerMgr.cpp:88] remove one proxy server, id: 30
W0320 04:53:23.526796 59736064 LoginServerThread.cpp:180] center server is disconnect, after 10s will be reconnect!
I0320 04:53:27.010282 195454400 NetServer.cpp:55] accept io...127.0.0.1:55941
I0320 04:53:27.012976 59736064 LoginServerThread.cpp:190] bind one connect: 127.0.0.1:55941
I0320 04:53:27.031477 59736064 ServerMgr.cpp:54] bind one proxy server, ip:127.0.0.1:55941
W0320 04:53:34.043234 195454400 NetModule.cpp:723] ready reconnect server, server id: 0
I0320 04:53:34.043474 195454400 NetConnector.cpp:216] connect to: 0.0.0.0:5001 success! 
I0320 05:36:41.536489 195454400 NetServer.cpp:88] delete io...127.0.0.1:55941
W0320 05:36:41.538168 59736064 ServerMgr.cpp:88] remove one proxy server, id: 30
W0320 05:36:41.555784 59736064 LoginServerThread.cpp:180] center server is disconnect, after 10s will be reconnect!
I0320 05:36:45.029091 195454400 NetServer.cpp:55] accept io...127.0.0.1:55980
I0320 05:36:45.029836 59736064 LoginServerThread.cpp:190] bind one connect: 127.0.0.1:55980
I0320 05:36:45.048458 59736064 ServerMgr.cpp:54] bind one proxy server, ip:127.0.0.1:55980
W0320 05:36:52.074700 195454400 NetModule.cpp:723] ready reconnect server, server id: 0
I0320 05:36:52.075778 195454400 NetConnector.cpp:216] connect to: 0.0.0.0:5001 success! 
I0320 06:20:07.555183 195454400 NetServer.cpp:88] delete io...127.0.0.1:55980
W0320 06:20:07.555213 59736064 ServerMgr.cpp:88] remove one proxy server, id: 30
W0320 06:20:07.564460 59736064 LoginServerThread.cpp:180] center server is disconnect, after 10s will be reconnect!
I0320 06:20:11.048949 195454400 NetServer.cpp:55] accept io...127.0.0.1:56017
I0320 06:20:11.049329 59736064 LoginServerThread.cpp:190] bind one connect: 127.0.0.1:56017
I0320 06:20:11.062862 59736064 ServerMgr.cpp:54] bind one proxy server, ip:127.0.0.1:56017
W0320 06:20:18.082645 195454400 NetModule.cpp:723] ready reconnect server, server id: 0
I0320 06:20:18.082900 195454400 NetConnector.cpp:216] connect to: 0.0.0.0:5001 success! 
I0320 06:55:38.576047 195454400 NetServer.cpp:88] delete io...127.0.0.1:56017
W0320 06:55:38.577442 59736064 ServerMgr.cpp:88] remove one proxy server, id: 30
W0320 06:55:38.577622 59736064 LoginServerThread.cpp:180] center server is disconnect, after 10s will be reconnect!
I0320 06:55:42.073626 195454400 NetServer.cpp:55] accept io...127.0.0.1:56057
I0320 06:55:42.073812 59736064 LoginServerThread.cpp:190] bind one connect: 127.0.0.1:56057
I0320 06:55:42.097774 59736064 ServerMgr.cpp:54] bind one proxy server, ip:127.0.0.1:56057
W0320 06:55:48.616767 195454400 NetModule.cpp:723] ready reconnect server, server id: 0
I0320 06:55:48.616967 195454400 NetConnector.cpp:216] connect to: 0.0.0.0:5001 success! 
I0320 07:35:31.592077 195454400 NetServer.cpp:88] delete io...127.0.0.1:56057
W0320 07:35:31.593842 59736064 ServerMgr.cpp:88] remove one proxy server, id: 30
W0320 07:35:31.598522 59736064 LoginServerThread.cpp:180] center server is disconnect, after 10s will be reconnect!
I0320 07:35:35.084575 195454400 NetServer.cpp:55] accept io...127.0.0.1:56091
I0320 07:35:35.085671 59736064 LoginServerThread.cpp:190] bind one connect: 127.0.0.1:56091
I0320 07:35:35.112251 59736064 ServerMgr.cpp:54] bind one proxy server, ip:127.0.0.1:56091
W0320 07:35:42.123040 195454400 NetModule.cpp:723] ready reconnect server, server id: 0
I0320 07:35:42.123281 195454400 NetConnector.cpp:216] connect to: 0.0.0.0:5001 success! 
I0320 08:20:30.610630 195454400 NetServer.cpp:88] delete io...127.0.0.1:56091
W0320 08:20:30.612848 59736064 ServerMgr.cpp:88] remove one proxy server, id: 30
W0320 08:20:30.618602 59736064 LoginServerThread.cpp:180] center server is disconnect, after 10s will be reconnect!
I0320 08:20:34.103981 195454400 NetServer.cpp:55] accept io...127.0.0.1:56132
I0320 08:20:34.106539 59736064 LoginServerThread.cpp:190] bind one connect: 127.0.0.1:56132
I0320 08:20:34.112656 59736064 ServerMgr.cpp:54] bind one proxy server, ip:127.0.0.1:56132
W0320 08:20:41.137617 195454400 NetModule.cpp:723] ready reconnect server, server id: 0
I0320 08:20:41.137852 195454400 NetConnector.cpp:216] connect to: 0.0.0.0:5001 success! 
I0320 09:00:00.629869 195454400 NetServer.cpp:88] delete io...127.0.0.1:56132
W0320 09:00:00.631044 59736064 ServerMgr.cpp:88] remove one proxy server, id: 30
W0320 09:00:00.635923 59736064 LoginServerThread.cpp:180] center server is disconnect, after 10s will be reconnect!
I0320 09:00:04.152392 195454400 NetServer.cpp:55] accept io...127.0.0.1:56186
I0320 09:00:04.154393 59736064 LoginServerThread.cpp:190] bind one connect: 127.0.0.1:56186
I0320 09:00:04.165329 59736064 ServerMgr.cpp:54] bind one proxy server, ip:127.0.0.1:56186
W0320 09:00:10.656368 195454400 NetModule.cpp:723] ready reconnect server, server id: 0
I0320 09:00:10.656606 195454400 NetConnector.cpp:216] connect to: 0.0.0.0:5001 success! 
I0320 09:39:22.643102 195454400 NetServer.cpp:88] delete io...127.0.0.1:56186
W0320 09:39:22.644477 59736064 ServerMgr.cpp:88] remove one proxy server, id: 30
W0320 09:39:22.653342 59736064 LoginServerThread.cpp:180] center server is disconnect, after 10s will be reconnect!
I0320 09:39:26.143599 195454400 NetServer.cpp:55] accept io...127.0.0.1:56224
I0320 09:39:26.143879 59736064 LoginServerThread.cpp:190] bind one connect: 127.0.0.1:56224
I0320 09:39:26.174044 59736064 ServerMgr.cpp:54] bind one proxy server, ip:127.0.0.1:56224
W0320 09:39:32.675860 195454400 NetModule.cpp:723] ready reconnect server, server id: 0
I0320 09:39:32.676107 195454400 NetConnector.cpp:216] connect to: 0.0.0.0:5001 success! 
W0320 15:56:20.809442 60272640 LoginRecordThread.cpp:101] insert user login record fail. errno: -1, error msg: mysql not opened yet!
W0320 16:47:05.960312 60272640 LoginRecordThread.cpp:101] insert user login record fail. errno: -1, error msg: mysql not opened yet!
W0321 00:00:03.395267 59736064 LoginServerThread.cpp:539] login server is across day.
W0321 16:20:23.119935 60272640 LoginRecordThread.cpp:101] insert user login record fail. errno: -1, error msg: mysql not opened yet!
