W0225 05:53:48.843760 186249216 LoginServerThread.cpp:180] center server is disconnect, after 10s will be reconnect!
I0225 05:53:52.331944 385770944 NetServer.cpp:55] accept io...127.0.0.1:50729
I0225 05:53:52.333577 186249216 LoginServerThread.cpp:190] bind one connect: 127.0.0.1:50729
I0225 05:53:52.345772 186249216 ServerMgr.cpp:54] bind one proxy server, ip:127.0.0.1:50729
W0225 05:53:59.350508 385770944 NetModule.cpp:723] ready reconnect server, server id: 0
I0225 05:53:59.351536 385770944 NetConnector.cpp:216] connect to: 0.0.0.0:5001 success! 
I0225 06:37:59.828269 385770944 NetServer.cpp:88] delete io...127.0.0.1:50729
W0225 06:37:59.828752 186249216 ServerMgr.cpp:88] remove one proxy server, id: 30
W0225 06:37:59.838402 186249216 LoginServerThread.cpp:180] center server is disconnect, after 10s will be reconnect!
I0225 06:38:03.327862 385770944 NetServer.cpp:55] accept io...127.0.0.1:51187
I0225 06:38:03.329394 186249216 LoginServerThread.cpp:190] bind one connect: 127.0.0.1:51187
I0225 06:38:03.343225 186249216 ServerMgr.cpp:54] bind one proxy server, ip:127.0.0.1:51187
W0225 06:38:10.365813 385770944 NetModule.cpp:723] ready reconnect server, server id: 0
I0225 06:38:10.366830 385770944 NetConnector.cpp:216] connect to: 0.0.0.0:5001 success! 
I0225 07:19:25.845484 385770944 NetServer.cpp:88] delete io...127.0.0.1:51187
W0225 07:19:25.846181 186249216 ServerMgr.cpp:88] remove one proxy server, id: 30
W0225 07:19:25.849064 186249216 LoginServerThread.cpp:180] center server is disconnect, after 10s will be reconnect!
I0225 07:19:29.328891 385770944 NetServer.cpp:55] accept io...127.0.0.1:51623
I0225 07:19:29.331418 186249216 LoginServerThread.cpp:190] bind one connect: 127.0.0.1:51623
I0225 07:19:29.334012 186249216 ServerMgr.cpp:54] bind one proxy server, ip:127.0.0.1:51623
W0225 07:19:36.395195 385770944 NetModule.cpp:723] ready reconnect server, server id: 0
I0225 07:19:36.395273 385770944 NetConnector.cpp:216] connect to: 0.0.0.0:5001 success! 
I0225 07:57:17.842082 385770944 NetServer.cpp:88] delete io...127.0.0.1:51623
W0225 07:57:17.842480 186249216 ServerMgr.cpp:88] remove one proxy server, id: 30
W0225 07:57:17.852228 186249216 LoginServerThread.cpp:180] center server is disconnect, after 10s will be reconnect!
I0225 07:57:21.331960 385770944 NetServer.cpp:55] accept io...127.0.0.1:52103
I0225 07:57:21.333891 186249216 LoginServerThread.cpp:190] bind one connect: 127.0.0.1:52103
I0225 07:57:21.356654 186249216 ServerMgr.cpp:54] bind one proxy server, ip:127.0.0.1:52103
W0225 07:57:28.362641 385770944 NetModule.cpp:723] ready reconnect server, server id: 0
I0225 07:57:28.362884 385770944 NetConnector.cpp:216] connect to: 0.0.0.0:5001 success! 
I0225 08:35:40.836604 385770944 NetServer.cpp:88] delete io...127.0.0.1:52103
W0225 08:35:40.837752 186249216 ServerMgr.cpp:88] remove one proxy server, id: 30
W0225 08:35:40.843590 186249216 LoginServerThread.cpp:180] center server is disconnect, after 10s will be reconnect!
I0225 08:35:44.331584 385770944 NetServer.cpp:55] accept io...127.0.0.1:52561
I0225 08:35:44.333204 186249216 LoginServerThread.cpp:190] bind one connect: 127.0.0.1:52561
I0225 08:35:44.358144 186249216 ServerMgr.cpp:54] bind one proxy server, ip:127.0.0.1:52561
W0225 08:35:51.374735 385770944 NetModule.cpp:723] ready reconnect server, server id: 0
I0225 08:35:51.374930 385770944 NetConnector.cpp:216] connect to: 0.0.0.0:5001 success! 
I0225 09:15:16.844085 385770944 NetServer.cpp:88] delete io...127.0.0.1:52561
W0225 09:15:16.844223 186249216 ServerMgr.cpp:88] remove one proxy server, id: 30
W0225 09:15:16.861272 186249216 LoginServerThread.cpp:180] center server is disconnect, after 10s will be reconnect!
I0225 09:15:20.341744 385770944 NetServer.cpp:55] accept io...127.0.0.1:53030
I0225 09:15:20.344241 186249216 LoginServerThread.cpp:190] bind one connect: 127.0.0.1:53030
I0225 09:15:20.365344 186249216 ServerMgr.cpp:54] bind one proxy server, ip:127.0.0.1:53030
W0225 09:15:27.364409 385770944 NetModule.cpp:723] ready reconnect server, server id: 0
I0225 09:15:27.364634 385770944 NetConnector.cpp:216] connect to: 0.0.0.0:5001 success! 
I0225 09:47:13.861457 385770944 NetServer.cpp:88] delete io...127.0.0.1:53030
W0225 09:47:13.863128 186249216 ServerMgr.cpp:88] remove one proxy server, id: 30
W0225 09:47:13.867869 186249216 LoginServerThread.cpp:180] center server is disconnect, after 10s will be reconnect!
I0225 09:47:17.347533 385770944 NetServer.cpp:55] accept io...127.0.0.1:53553
I0225 09:47:17.348284 186249216 LoginServerThread.cpp:190] bind one connect: 127.0.0.1:53553
I0225 09:47:17.370434 186249216 ServerMgr.cpp:54] bind one proxy server, ip:127.0.0.1:53553
W0225 09:47:24.362291 385770944 NetModule.cpp:723] ready reconnect server, server id: 0
I0225 09:47:24.363379 385770944 NetConnector.cpp:216] connect to: 0.0.0.0:5001 success! 
W0225 10:52:56.727012 186249216 LoginServerThread.cpp:4822] expire task fail, userid: 85533986
W0225 12:43:31.253545 186249216 LoginServerThread.cpp:5321] select expire mail fail, error no: -1, sql:select mailid from mail where userid = '85533986' and mailType = 2 and expireTime < now()
W0225 19:34:00.602506 186249216 LoginServerThread.cpp:5321] select expire mail fail, error no: -1, sql:select mailid from mail where userid = '85533986' and mailType = 2 and expireTime < now()
W0225 20:41:09.849828 186249216 LoginServerThread.cpp:6183] select account info failed, user name : 00E4CBC8-8B1C-4DA8-BDA9-12799B894FC7, errno: 2003, error: Can't connect to MySQL server on '58.82.239.150' (60)
W0225 20:42:19.860448 186249216 LoginServerThread.cpp:6183] select account info failed, user name : 00E4CBC8-8B1C-4DA8-BDA9-12799B894FC7, errno: 2003, error: Can't connect to MySQL server on '58.82.239.150' (60)
W0225 22:33:04.867848 186249216 LoginServerThread.cpp:180] center server is disconnect, after 10s will be reconnect!
I0225 22:33:04.890524 385770944 NetServer.cpp:88] delete io...127.0.0.1:53553
W0225 22:33:04.892102 186249216 ServerMgr.cpp:88] remove one proxy server, id: 30
I0225 22:33:08.076344 385770944 NetServer.cpp:55] accept io...127.0.0.1:59819
I0225 22:33:08.077772 186249216 LoginServerThread.cpp:190] bind one connect: 127.0.0.1:59819
I0225 22:33:08.099944 186249216 ServerMgr.cpp:54] bind one proxy server, ip:127.0.0.1:59819
W0225 22:33:15.116508 385770944 NetModule.cpp:723] ready reconnect server, server id: 0
I0225 22:33:15.118415 385770944 NetConnector.cpp:216] connect to: 0.0.0.0:5001 success! 
I0225 23:13:29.455147 385770944 NetServer.cpp:88] delete io...127.0.0.1:59819
W0225 23:13:29.457269 186249216 ServerMgr.cpp:88] remove one proxy server, id: 30
W0225 23:13:29.463209 186249216 LoginServerThread.cpp:180] center server is disconnect, after 10s will be reconnect!
I0225 23:13:32.950106 385770944 NetServer.cpp:55] accept io...127.0.0.1:59856
I0225 23:13:32.952497 186249216 LoginServerThread.cpp:190] bind one connect: 127.0.0.1:59856
I0225 23:13:32.963397 186249216 ServerMgr.cpp:54] bind one proxy server, ip:127.0.0.1:59856
W0225 23:13:39.972463 385770944 NetModule.cpp:723] ready reconnect server, server id: 0
I0225 23:13:39.972656 385770944 NetConnector.cpp:216] connect to: 0.0.0.0:5001 success! 
I0225 23:55:24.457624 385770944 NetServer.cpp:88] delete io...127.0.0.1:59856
W0225 23:55:24.458689 186249216 ServerMgr.cpp:88] remove one proxy server, id: 30
W0225 23:55:24.470528 186249216 LoginServerThread.cpp:180] center server is disconnect, after 10s will be reconnect!
I0225 23:55:27.947321 385770944 NetServer.cpp:55] accept io...127.0.0.1:59891
I0225 23:55:27.947341 186249216 LoginServerThread.cpp:190] bind one connect: 127.0.0.1:59891
I0225 23:55:27.967710 186249216 ServerMgr.cpp:54] bind one proxy server, ip:127.0.0.1:59891
W0225 23:55:34.991186 385770944 NetModule.cpp:723] ready reconnect server, server id: 0
I0225 23:55:34.991830 385770944 NetConnector.cpp:216] connect to: 0.0.0.0:5001 success! 
W0226 00:00:24.661936 186249216 LoginServerThread.cpp:536] login server is across day.
I0226 00:39:31.462990 385770944 NetServer.cpp:88] delete io...127.0.0.1:59891
W0226 00:39:32.890092 186249216 LoginServerThread.cpp:559] delete record_register_ip error, errno: -1, error: mysql not opened yet!
W0226 00:39:32.890425 186249216 ServerMgr.cpp:88] remove one proxy server, id: 30
W0226 00:39:32.890506 186249216 LoginServerThread.cpp:180] center server is disconnect, after 10s will be reconnect!
I0226 00:39:34.960863 385770944 NetServer.cpp:55] accept io...127.0.0.1:59912
I0226 00:39:34.963461 186249216 LoginServerThread.cpp:190] bind one connect: 127.0.0.1:59912
I0226 00:39:34.987109 186249216 ServerMgr.cpp:54] bind one proxy server, ip:127.0.0.1:59912
W0226 00:39:42.995913 385770944 NetModule.cpp:723] ready reconnect server, server id: 0
I0226 00:39:42.996119 385770944 NetConnector.cpp:216] connect to: 0.0.0.0:5001 success! 
I0226 01:14:51.491044 385770944 NetServer.cpp:88] delete io...127.0.0.1:59912
W0226 01:14:51.492530 186249216 ServerMgr.cpp:88] remove one proxy server, id: 30
W0226 01:14:51.496861 186249216 LoginServerThread.cpp:180] center server is disconnect, after 10s will be reconnect!
I0226 01:14:54.996294 385770944 NetServer.cpp:55] accept io...127.0.0.1:59966
I0226 01:14:54.998277 186249216 LoginServerThread.cpp:190] bind one connect: 127.0.0.1:59966
I0226 01:14:55.023430 186249216 ServerMgr.cpp:54] bind one proxy server, ip:127.0.0.1:59966
W0226 01:15:02.027915 385770944 NetModule.cpp:723] ready reconnect server, server id: 0
I0226 01:15:02.028620 385770944 NetConnector.cpp:216] connect to: 0.0.0.0:5001 success! 
I0226 01:55:15.508303 385770944 NetServer.cpp:88] delete io...127.0.0.1:59966
W0226 01:55:15.509142 186249216 ServerMgr.cpp:88] remove one proxy server, id: 30
W0226 01:55:15.518070 186249216 LoginServerThread.cpp:180] center server is disconnect, after 10s will be reconnect!
I0226 01:55:19.019608 385770944 NetServer.cpp:55] accept io...127.0.0.1:60011
I0226 01:55:19.021332 186249216 LoginServerThread.cpp:190] bind one connect: 127.0.0.1:60011
I0226 01:55:19.025713 186249216 ServerMgr.cpp:54] bind one proxy server, ip:127.0.0.1:60011
W0226 01:55:26.034291 385770944 NetModule.cpp:723] ready reconnect server, server id: 0
I0226 01:55:26.034580 385770944 NetConnector.cpp:216] connect to: 0.0.0.0:5001 success! 
I0226 02:33:57.522063 385770944 NetServer.cpp:88] delete io...127.0.0.1:60011
W0226 02:33:57.522161 186249216 ServerMgr.cpp:88] remove one proxy server, id: 30
W0226 02:33:57.529151 186249216 LoginServerThread.cpp:180] center server is disconnect, after 10s will be reconnect!
I0226 02:34:01.031234 385770944 NetServer.cpp:55] accept io...127.0.0.1:60056
I0226 02:34:01.032727 186249216 LoginServerThread.cpp:190] bind one connect: 127.0.0.1:60056
I0226 02:34:01.055280 186249216 ServerMgr.cpp:54] bind one proxy server, ip:127.0.0.1:60056
W0226 02:34:07.558434 385770944 NetModule.cpp:723] ready reconnect server, server id: 0
I0226 02:34:07.558629 385770944 NetConnector.cpp:216] connect to: 0.0.0.0:5001 success! 
I0226 03:12:24.538290 385770944 NetServer.cpp:88] delete io...127.0.0.1:60056
W0226 03:12:24.538383 186249216 ServerMgr.cpp:88] remove one proxy server, id: 30
W0226 03:12:24.543398 186249216 LoginServerThread.cpp:180] center server is disconnect, after 10s will be reconnect!
I0226 03:12:28.038246 385770944 NetServer.cpp:55] accept io...127.0.0.1:60098
I0226 03:12:28.038400 186249216 LoginServerThread.cpp:190] bind one connect: 127.0.0.1:60098
I0226 03:12:28.064812 186249216 ServerMgr.cpp:54] bind one proxy server, ip:127.0.0.1:60098
W0226 03:12:35.072547 385770944 NetModule.cpp:723] ready reconnect server, server id: 0
I0226 03:12:35.072739 385770944 NetConnector.cpp:216] connect to: 0.0.0.0:5001 success! 
I0226 03:57:10.558694 385770944 NetServer.cpp:88] delete io...127.0.0.1:60098
W0226 03:57:10.560592 186249216 ServerMgr.cpp:88] remove one proxy server, id: 30
W0226 03:57:10.564738 186249216 LoginServerThread.cpp:180] center server is disconnect, after 10s will be reconnect!
I0226 03:57:14.057675 385770944 NetServer.cpp:55] accept io...127.0.0.1:60166
I0226 03:57:14.060173 186249216 LoginServerThread.cpp:190] bind one connect: 127.0.0.1:60166
I0226 03:57:14.082890 186249216 ServerMgr.cpp:54] bind one proxy server, ip:127.0.0.1:60166
W0226 03:57:21.077677 385770944 NetModule.cpp:723] ready reconnect server, server id: 0
I0226 03:57:21.077884 385770944 NetConnector.cpp:216] connect to: 0.0.0.0:5001 success! 
I0226 04:32:24.571648 385770944 NetServer.cpp:88] delete io...127.0.0.1:60166
W0226 04:32:24.573263 186249216 ServerMgr.cpp:88] remove one proxy server, id: 30
W0226 04:32:24.577002 186249216 LoginServerThread.cpp:180] center server is disconnect, after 10s will be reconnect!
I0226 04:32:28.070340 385770944 NetServer.cpp:55] accept io...127.0.0.1:60212
I0226 04:32:28.072130 186249216 LoginServerThread.cpp:190] bind one connect: 127.0.0.1:60212
I0226 04:32:28.099803 186249216 ServerMgr.cpp:54] bind one proxy server, ip:127.0.0.1:60212
W0226 04:32:34.618923 385770944 NetModule.cpp:723] ready reconnect server, server id: 0
I0226 04:32:34.619148 385770944 NetConnector.cpp:216] connect to: 0.0.0.0:5001 success! 
I0226 05:10:43.594727 385770944 NetServer.cpp:88] delete io...127.0.0.1:60212
W0226 05:10:43.595544 186249216 ServerMgr.cpp:88] remove one proxy server, id: 30
W0226 05:10:43.602674 186249216 LoginServerThread.cpp:180] center server is disconnect, after 10s will be reconnect!
I0226 05:10:47.093714 385770944 NetServer.cpp:55] accept io...127.0.0.1:60277
I0226 05:10:47.093991 186249216 LoginServerThread.cpp:190] bind one connect: 127.0.0.1:60277
I0226 05:10:47.118952 186249216 ServerMgr.cpp:54] bind one proxy server, ip:127.0.0.1:60277
W0226 05:10:53.628751 385770944 NetModule.cpp:723] ready reconnect server, server id: 0
I0226 05:10:53.629353 385770944 NetConnector.cpp:216] connect to: 0.0.0.0:5001 success! 
I0226 05:46:35.619602 385770944 NetServer.cpp:88] delete io...127.0.0.1:60277
W0226 05:46:35.619657 186249216 ServerMgr.cpp:88] remove one proxy server, id: 30
W0226 05:46:35.620601 186249216 LoginServerThread.cpp:180] center server is disconnect, after 10s will be reconnect!
I0226 05:46:39.122797 385770944 NetServer.cpp:55] accept io...127.0.0.1:60322
I0226 05:46:39.125208 186249216 LoginServerThread.cpp:190] bind one connect: 127.0.0.1:60322
I0226 05:46:39.128311 186249216 ServerMgr.cpp:54] bind one proxy server, ip:127.0.0.1:60322
W0226 05:46:46.129299 385770944 NetModule.cpp:723] ready reconnect server, server id: 0
I0226 05:46:46.129381 385770944 NetConnector.cpp:216] connect to: 0.0.0.0:5001 success! 
I0226 06:29:34.626864 385770944 NetServer.cpp:88] delete io...127.0.0.1:60322
W0226 06:29:34.629364 186249216 ServerMgr.cpp:88] remove one proxy server, id: 30
W0226 06:29:34.647166 186249216 LoginServerThread.cpp:180] center server is disconnect, after 10s will be reconnect!
I0226 06:29:38.123725 385770944 NetServer.cpp:55] accept io...127.0.0.1:60362
I0226 06:29:38.125152 186249216 LoginServerThread.cpp:190] bind one connect: 127.0.0.1:60362
I0226 06:29:38.152736 186249216 ServerMgr.cpp:54] bind one proxy server, ip:127.0.0.1:60362
W0226 06:29:45.158088 385770944 NetModule.cpp:723] ready reconnect server, server id: 0
I0226 06:29:45.158295 385770944 NetConnector.cpp:216] connect to: 0.0.0.0:5001 success! 
I0226 07:10:12.647193 385770944 NetServer.cpp:88] delete io...127.0.0.1:60362
W0226 07:10:12.648420 186249216 ServerMgr.cpp:88] remove one proxy server, id: 30
W0226 07:10:12.670346 186249216 LoginServerThread.cpp:180] center server is disconnect, after 10s will be reconnect!
I0226 07:10:16.142383 385770944 NetServer.cpp:55] accept io...127.0.0.1:60416
I0226 07:10:16.144991 186249216 LoginServerThread.cpp:190] bind one connect: 127.0.0.1:60416
I0226 07:10:16.164932 186249216 ServerMgr.cpp:54] bind one proxy server, ip:127.0.0.1:60416
W0226 07:10:23.179921 385770944 NetModule.cpp:723] ready reconnect server, server id: 0
I0226 07:10:23.180100 385770944 NetConnector.cpp:216] connect to: 0.0.0.0:5001 success! 
I0226 07:46:26.668273 385770944 NetServer.cpp:88] delete io...127.0.0.1:60416
W0226 07:46:26.669956 186249216 ServerMgr.cpp:88] remove one proxy server, id: 30
W0226 07:46:26.671439 186249216 LoginServerThread.cpp:180] center server is disconnect, after 10s will be reconnect!
I0226 07:46:30.162866 385770944 NetServer.cpp:55] accept io...127.0.0.1:60466
I0226 07:46:30.165249 186249216 LoginServerThread.cpp:190] bind one connect: 127.0.0.1:60466
I0226 07:46:30.176710 186249216 ServerMgr.cpp:54] bind one proxy server, ip:127.0.0.1:60466
W0226 07:46:37.191216 385770944 NetModule.cpp:723] ready reconnect server, server id: 0
I0226 07:46:37.192361 385770944 NetConnector.cpp:216] connect to: 0.0.0.0:5001 success! 
I0226 08:30:49.685490 385770944 NetServer.cpp:88] delete io...127.0.0.1:60466
W0226 08:30:49.685855 186249216 ServerMgr.cpp:88] remove one proxy server, id: 30
W0226 08:30:49.691443 186249216 LoginServerThread.cpp:180] center server is disconnect, after 10s will be reconnect!
I0226 08:30:53.183199 385770944 NetServer.cpp:55] accept io...127.0.0.1:60502
I0226 08:30:53.185546 186249216 LoginServerThread.cpp:190] bind one connect: 127.0.0.1:60502
I0226 08:30:53.203857 186249216 ServerMgr.cpp:54] bind one proxy server, ip:127.0.0.1:60502
W0226 08:30:59.725170 385770944 NetModule.cpp:723] ready reconnect server, server id: 0
I0226 08:30:59.725790 385770944 NetConnector.cpp:216] connect to: 0.0.0.0:5001 success! 
I0226 09:07:10.699995 385770944 NetServer.cpp:88] delete io...127.0.0.1:60502
W0226 09:07:10.701401 186249216 ServerMgr.cpp:88] remove one proxy server, id: 30
W0226 09:07:10.722690 186249216 LoginServerThread.cpp:180] center server is disconnect, after 10s will be reconnect!
I0226 09:07:14.193387 385770944 NetServer.cpp:55] accept io...127.0.0.1:60556
I0226 09:07:14.195283 186249216 LoginServerThread.cpp:190] bind one connect: 127.0.0.1:60556
I0226 09:07:14.205262 186249216 ServerMgr.cpp:54] bind one proxy server, ip:127.0.0.1:60556
W0226 09:07:20.741073 385770944 NetModule.cpp:723] ready reconnect server, server id: 0
I0226 09:07:20.741268 385770944 NetConnector.cpp:216] connect to: 0.0.0.0:5001 success! 
I0226 09:43:38.197803 385770944 NetServer.cpp:88] delete io...127.0.0.1:60556
W0226 09:43:38.197855 186249216 ServerMgr.cpp:88] remove one proxy server, id: 30
W0226 09:43:38.214211 186249216 LoginServerThread.cpp:180] center server is disconnect, after 10s will be reconnect!
I0226 09:43:41.686091 385770944 NetServer.cpp:55] accept io...127.0.0.1:60610
I0226 09:43:41.687598 186249216 LoginServerThread.cpp:190] bind one connect: 127.0.0.1:60610
I0226 09:43:41.708132 186249216 ServerMgr.cpp:54] bind one proxy server, ip:127.0.0.1:60610
W0226 09:43:48.709033 385770944 NetModule.cpp:723] ready reconnect server, server id: 0
I0226 09:43:48.709353 385770944 NetConnector.cpp:216] connect to: 0.0.0.0:5001 success! 
W0226 10:18:13.665114 186249216 LoginServerThread.cpp:4006] set user earn score fail, user id: 85533986
W0226 12:09:31.409143 186249216 LoginServerThread.cpp:4264] get user score fail,userid  85533986
W0226 21:32:35.075412 186249216 LoginServerThread.cpp:180] center server is disconnect, after 10s will be reconnect!
I0226 21:32:35.100524 385770944 NetServer.cpp:88] delete io...127.0.0.1:60610
W0226 21:32:35.103256 186249216 ServerMgr.cpp:88] remove one proxy server, id: 30
I0226 21:32:39.167273 385770944 NetServer.cpp:55] accept io...127.0.0.1:62242
I0226 21:32:39.168140 186249216 LoginServerThread.cpp:190] bind one connect: 127.0.0.1:62242
I0226 21:32:39.177413 186249216 ServerMgr.cpp:54] bind one proxy server, ip:127.0.0.1:62242
W0226 21:32:45.192921 385770944 NetModule.cpp:723] ready reconnect server, server id: 0
I0226 21:32:45.193472 385770944 NetConnector.cpp:216] connect to: 127.0.0.1:5001 success! 
I0226 22:13:19.902848 385770944 NetServer.cpp:88] delete io...127.0.0.1:62242
W0226 22:13:19.904116 186249216 ServerMgr.cpp:88] remove one proxy server, id: 30
W0226 22:13:19.911664 186249216 LoginServerThread.cpp:180] center server is disconnect, after 10s will be reconnect!
I0226 22:13:23.403964 385770944 NetServer.cpp:55] accept io...127.0.0.1:62319
I0226 22:13:23.405127 186249216 LoginServerThread.cpp:190] bind one connect: 127.0.0.1:62319
I0226 22:13:23.428524 186249216 ServerMgr.cpp:54] bind one proxy server, ip:127.0.0.1:62319
W0226 22:13:30.420804 385770944 NetModule.cpp:723] ready reconnect server, server id: 0
I0226 22:13:30.420989 385770944 NetConnector.cpp:216] connect to: 0.0.0.0:5001 success! 
I0226 22:50:58.930510 385770944 NetServer.cpp:88] delete io...127.0.0.1:62319
W0226 22:50:58.932500 186249216 ServerMgr.cpp:88] remove one proxy server, id: 30
W0226 22:50:58.942492 186249216 LoginServerThread.cpp:180] center server is disconnect, after 10s will be reconnect!
I0226 22:51:02.415758 385770944 NetServer.cpp:55] accept io...127.0.0.1:62368
I0226 22:51:02.418443 186249216 LoginServerThread.cpp:190] bind one connect: 127.0.0.1:62368
I0226 22:51:02.435149 186249216 ServerMgr.cpp:54] bind one proxy server, ip:127.0.0.1:62368
W0226 22:51:09.451012 385770944 NetModule.cpp:723] ready reconnect server, server id: 0
I0226 22:51:09.451200 385770944 NetConnector.cpp:216] connect to: 0.0.0.0:5001 success! 
I0226 23:33:02.925952 385770944 NetServer.cpp:88] delete io...127.0.0.1:62368
W0226 23:33:02.927950 186249216 ServerMgr.cpp:88] remove one proxy server, id: 30
W0226 23:33:02.928351 186249216 LoginServerThread.cpp:180] center server is disconnect, after 10s will be reconnect!
I0226 23:33:06.422612 186249216 LoginServerThread.cpp:190] bind one connect: 127.0.0.1:62388
I0226 23:33:06.422817 385770944 NetServer.cpp:55] accept io...127.0.0.1:62388
I0226 23:33:06.448014 186249216 ServerMgr.cpp:54] bind one proxy server, ip:127.0.0.1:62388
W0226 23:33:13.452512 385770944 NetModule.cpp:723] ready reconnect server, server id: 0
I0226 23:33:13.452788 385770944 NetConnector.cpp:216] connect to: 127.0.0.1:5001 success! 
W0227 00:12:14.915705 186249216 LoginServerThread.cpp:536] login server is across day.
I0227 00:12:14.933624 385770944 NetServer.cpp:88] delete io...127.0.0.1:62388
W0227 00:12:14.964634 186249216 LoginServerThread.cpp:559] delete record_register_ip error, errno: 2003, error: Can't connect to MySQL server on '58.82.239.150' (50)
W0227 00:12:14.964679 186249216 ServerMgr.cpp:88] remove one proxy server, id: 30
W0227 00:12:14.964700 186249216 LoginServerThread.cpp:180] center server is disconnect, after 10s will be reconnect!
I0227 00:12:18.436717 385770944 NetServer.cpp:55] accept io...127.0.0.1:62423
I0227 00:12:18.438508 186249216 LoginServerThread.cpp:190] bind one connect: 127.0.0.1:62423
I0227 00:12:18.441565 186249216 ServerMgr.cpp:54] bind one proxy server, ip:127.0.0.1:62423
W0227 00:12:25.482576 385770944 NetModule.cpp:723] ready reconnect server, server id: 0
I0227 00:12:25.482713 385770944 NetConnector.cpp:216] connect to: 0.0.0.0:5001 success! 
I0227 00:56:01.970496 385770944 NetServer.cpp:88] delete io...127.0.0.1:62423
W0227 00:56:01.972412 186249216 ServerMgr.cpp:88] remove one proxy server, id: 30
W0227 00:56:01.983415 186249216 LoginServerThread.cpp:180] center server is disconnect, after 10s will be reconnect!
I0227 00:56:05.472244 385770944 NetServer.cpp:55] accept io...127.0.0.1:62495
I0227 00:56:05.472430 186249216 LoginServerThread.cpp:190] bind one connect: 127.0.0.1:62495
I0227 00:56:05.482236 186249216 ServerMgr.cpp:54] bind one proxy server, ip:127.0.0.1:62495
W0227 00:56:12.497642 385770944 NetModule.cpp:723] ready reconnect server, server id: 0
I0227 00:56:12.498838 385770944 NetConnector.cpp:216] connect to: 0.0.0.0:5001 success! 
I0227 01:33:42.990195 385770944 NetServer.cpp:88] delete io...127.0.0.1:62495
W0227 01:33:42.991777 186249216 ServerMgr.cpp:88] remove one proxy server, id: 30
W0227 01:33:42.996341 186249216 LoginServerThread.cpp:180] center server is disconnect, after 10s will be reconnect!
I0227 01:33:46.476588 385770944 NetServer.cpp:55] accept io...127.0.0.1:62542
I0227 01:33:46.477913 186249216 LoginServerThread.cpp:190] bind one connect: 127.0.0.1:62542
I0227 01:33:46.506655 186249216 ServerMgr.cpp:54] bind one proxy server, ip:127.0.0.1:62542
W0227 01:33:53.029752 385770944 NetModule.cpp:723] ready reconnect server, server id: 0
I0227 01:33:53.029953 385770944 NetConnector.cpp:216] connect to: 127.0.0.1:5001 success! 
W0227 02:18:22.002743 186249216 ServerMgr.cpp:88] remove one proxy server, id: 30
I0227 02:18:22.005393 385770944 NetServer.cpp:88] delete io...127.0.0.1:62542
W0227 02:18:22.007516 186249216 LoginServerThread.cpp:180] center server is disconnect, after 10s will be reconnect!
I0227 02:18:25.505270 385770944 NetServer.cpp:55] accept io...127.0.0.1:62590
I0227 02:18:25.507074 186249216 LoginServerThread.cpp:190] bind one connect: 127.0.0.1:62590
I0227 02:18:25.514957 186249216 ServerMgr.cpp:54] bind one proxy server, ip:127.0.0.1:62590
W0227 02:18:32.529008 385770944 NetModule.cpp:723] ready reconnect server, server id: 0
I0227 02:18:32.529213 385770944 NetConnector.cpp:216] connect to: 127.0.0.1:5001 success! 
I0227 03:00:34.022989 385770944 NetServer.cpp:88] delete io...127.0.0.1:62590
W0227 03:00:34.024103 186249216 ServerMgr.cpp:88] remove one proxy server, id: 30
W0227 03:00:34.028033 186249216 LoginServerThread.cpp:180] center server is disconnect, after 10s will be reconnect!
I0227 03:00:37.514894 385770944 NetServer.cpp:55] accept io...127.0.0.1:62638
I0227 03:00:37.517181 186249216 LoginServerThread.cpp:190] bind one connect: 127.0.0.1:62638
I0227 03:00:37.542027 186249216 ServerMgr.cpp:54] bind one proxy server, ip:127.0.0.1:62638
W0227 03:00:44.556850 385770944 NetModule.cpp:723] ready reconnect server, server id: 0
I0227 03:00:44.556943 385770944 NetConnector.cpp:216] connect to: 0.0.0.0:5001 success! 
I0227 03:36:01.042838 385770944 NetServer.cpp:88] delete io...127.0.0.1:62638
W0227 03:36:01.045018 186249216 ServerMgr.cpp:88] remove one proxy server, id: 30
W0227 03:36:01.050602 186249216 LoginServerThread.cpp:180] center server is disconnect, after 10s will be reconnect!
I0227 03:36:04.541210 385770944 NetServer.cpp:55] accept io...127.0.0.1:62658
I0227 03:36:04.542529 186249216 LoginServerThread.cpp:190] bind one connect: 127.0.0.1:62658
I0227 03:36:04.566220 186249216 ServerMgr.cpp:54] bind one proxy server, ip:127.0.0.1:62658
W0227 03:36:11.078068 385770944 NetModule.cpp:723] ready reconnect server, server id: 0
I0227 03:36:11.078259 385770944 NetConnector.cpp:216] connect to: 0.0.0.0:5001 success! 
I0227 04:17:59.045599 385770944 NetServer.cpp:88] delete io...127.0.0.1:62658
W0227 04:17:59.047964 186249216 ServerMgr.cpp:88] remove one proxy server, id: 30
W0227 04:17:59.059759 186249216 LoginServerThread.cpp:180] center server is disconnect, after 10s will be reconnect!
I0227 04:18:02.541959 385770944 NetServer.cpp:55] accept io...127.0.0.1:62687
I0227 04:18:02.544840 186249216 LoginServerThread.cpp:190] bind one connect: 127.0.0.1:62687
I0227 04:18:02.558436 186249216 ServerMgr.cpp:54] bind one proxy server, ip:127.0.0.1:62687
W0227 04:18:09.576728 385770944 NetModule.cpp:723] ready reconnect server, server id: 0
I0227 04:18:09.577441 385770944 NetConnector.cpp:216] connect to: 0.0.0.0:5001 success! 
I0227 04:53:38.079337 385770944 NetServer.cpp:88] delete io...127.0.0.1:62687
W0227 04:53:38.080711 186249216 ServerMgr.cpp:88] remove one proxy server, id: 30
W0227 04:53:38.086661 186249216 LoginServerThread.cpp:180] center server is disconnect, after 10s will be reconnect!
I0227 04:53:41.575886 385770944 NetServer.cpp:55] accept io...127.0.0.1:62748
I0227 04:53:41.575929 186249216 LoginServerThread.cpp:190] bind one connect: 127.0.0.1:62748
I0227 04:53:41.588981 186249216 ServerMgr.cpp:54] bind one proxy server, ip:127.0.0.1:62748
W0227 04:53:48.108170 385770944 NetModule.cpp:723] ready reconnect server, server id: 0
I0227 04:53:48.108381 385770944 NetConnector.cpp:216] connect to: 0.0.0.0:5001 success! 
I0227 05:38:38.100396 385770944 NetServer.cpp:88] delete io...127.0.0.1:62748
W0227 05:38:38.111142 186249216 ServerMgr.cpp:88] remove one proxy server, id: 30
W0227 05:38:38.111459 186249216 LoginServerThread.cpp:180] center server is disconnect, after 10s will be reconnect!
I0227 05:38:41.612778 385770944 NetServer.cpp:55] accept io...127.0.0.1:62786
I0227 05:38:41.613729 186249216 LoginServerThread.cpp:190] bind one connect: 127.0.0.1:62786
I0227 05:38:41.638933 186249216 ServerMgr.cpp:54] bind one proxy server, ip:127.0.0.1:62786
W0227 05:38:48.626557 385770944 NetModule.cpp:723] ready reconnect server, server id: 0
I0227 05:38:48.626869 385770944 NetConnector.cpp:216] connect to: 127.0.0.1:5001 success! 
I0227 06:17:29.117817 385770944 NetServer.cpp:88] delete io...127.0.0.1:62786
W0227 06:17:29.118995 186249216 ServerMgr.cpp:88] remove one proxy server, id: 30
W0227 06:17:29.129436 186249216 LoginServerThread.cpp:180] center server is disconnect, after 10s will be reconnect!
I0227 06:17:32.621049 385770944 NetServer.cpp:55] accept io...127.0.0.1:62925
I0227 06:17:32.623672 186249216 LoginServerThread.cpp:190] bind one connect: 127.0.0.1:62925
I0227 06:17:32.632694 186249216 ServerMgr.cpp:54] bind one proxy server, ip:127.0.0.1:62925
W0227 06:17:39.155475 385770944 NetModule.cpp:723] ready reconnect server, server id: 0
I0227 06:17:39.155632 385770944 NetConnector.cpp:216] connect to: 0.0.0.0:5001 success! 
W0227 06:57:39.138890 186249216 ServerMgr.cpp:88] remove one proxy server, id: 30
I0227 06:57:39.139021 385770944 NetServer.cpp:88] delete io...127.0.0.1:62925
W0227 06:57:39.154537 186249216 LoginServerThread.cpp:180] center server is disconnect, after 10s will be reconnect!
I0227 06:57:42.630775 385770944 NetServer.cpp:55] accept io...127.0.0.1:62974
I0227 06:57:42.630930 186249216 LoginServerThread.cpp:190] bind one connect: 127.0.0.1:62974
I0227 06:57:42.653506 186249216 ServerMgr.cpp:54] bind one proxy server, ip:127.0.0.1:62974
W0227 06:57:49.689071 385770944 NetModule.cpp:723] ready reconnect server, server id: 0
I0227 06:57:49.689260 385770944 NetConnector.cpp:216] connect to: 0.0.0.0:5001 success! 
I0227 07:33:12.143784 385770944 NetServer.cpp:88] delete io...127.0.0.1:62974
W0227 07:33:12.144340 186249216 ServerMgr.cpp:88] remove one proxy server, id: 30
W0227 07:33:12.154590 186249216 LoginServerThread.cpp:180] center server is disconnect, after 10s will be reconnect!
I0227 07:33:15.641822 385770944 NetServer.cpp:55] accept io...127.0.0.1:62999
I0227 07:33:15.644239 186249216 LoginServerThread.cpp:190] bind one connect: 127.0.0.1:62999
I0227 07:33:15.659024 186249216 ServerMgr.cpp:54] bind one proxy server, ip:127.0.0.1:62999
W0227 07:33:22.678620 385770944 NetModule.cpp:723] ready reconnect server, server id: 0
I0227 07:33:22.678818 385770944 NetConnector.cpp:216] connect to: 127.0.0.1:5001 success! 
I0227 08:10:23.142256 385770944 NetServer.cpp:88] delete io...127.0.0.1:62999
W0227 08:10:23.142372 186249216 ServerMgr.cpp:88] remove one proxy server, id: 30
W0227 08:10:23.149505 186249216 LoginServerThread.cpp:180] center server is disconnect, after 10s will be reconnect!
I0227 08:10:26.645444 385770944 NetServer.cpp:55] accept io...127.0.0.1:63036
I0227 08:10:26.646577 186249216 LoginServerThread.cpp:190] bind one connect: 127.0.0.1:63036
I0227 08:10:26.649608 186249216 ServerMgr.cpp:54] bind one proxy server, ip:127.0.0.1:63036
W0227 08:10:33.194849 385770944 NetModule.cpp:723] ready reconnect server, server id: 0
I0227 08:10:33.195031 385770944 NetConnector.cpp:216] connect to: 0.0.0.0:5001 success! 
W0227 08:49:12.193362 186249216 ServerMgr.cpp:88] remove one proxy server, id: 30
I0227 08:49:12.199568 385770944 NetServer.cpp:88] delete io...127.0.0.1:63036
W0227 08:49:12.201406 186249216 LoginServerThread.cpp:180] center server is disconnect, after 10s will be reconnect!
I0227 08:49:15.694555 385770944 NetServer.cpp:55] accept io...127.0.0.1:63101
I0227 08:49:15.695559 186249216 LoginServerThread.cpp:190] bind one connect: 127.0.0.1:63101
I0227 08:49:15.709729 186249216 ServerMgr.cpp:54] bind one proxy server, ip:127.0.0.1:63101
W0227 08:49:22.231421 385770944 NetModule.cpp:723] ready reconnect server, server id: 0
I0227 08:49:22.231657 385770944 NetConnector.cpp:216] connect to: 0.0.0.0:5001 success! 
I0227 09:31:01.197444 385770944 NetServer.cpp:88] delete io...127.0.0.1:63101
W0227 09:31:01.198770 186249216 ServerMgr.cpp:88] remove one proxy server, id: 30
W0227 09:31:01.211457 186249216 LoginServerThread.cpp:180] center server is disconnect, after 10s will be reconnect!
I0227 09:31:04.691788 385770944 NetServer.cpp:55] accept io...127.0.0.1:63122
I0227 09:31:04.694399 186249216 LoginServerThread.cpp:190] bind one connect: 127.0.0.1:63122
I0227 09:31:04.699303 186249216 ServerMgr.cpp:54] bind one proxy server, ip:127.0.0.1:63122
W0227 09:31:11.731539 385770944 NetModule.cpp:723] ready reconnect server, server id: 0
I0227 09:31:11.731719 385770944 NetConnector.cpp:216] connect to: 0.0.0.0:5001 success! 
I0227 10:05:51.988754 385770944 NetServer.cpp:88] delete io...127.0.0.1:63122
W0227 10:05:51.990698 186249216 ServerMgr.cpp:88] remove one proxy server, id: 30
W0227 10:05:51.999074 186249216 LoginServerThread.cpp:180] center server is disconnect, after 10s will be reconnect!
I0227 10:05:55.547049 385770944 NetServer.cpp:55] accept io...127.0.0.1:63174
I0227 10:05:55.549367 186249216 LoginServerThread.cpp:190] bind one connect: 127.0.0.1:63174
I0227 10:05:55.573300 186249216 ServerMgr.cpp:54] bind one proxy server, ip:127.0.0.1:63174
W0227 10:06:02.487185 385770944 NetModule.cpp:723] ready reconnect server, server id: 0
I0227 10:06:02.488287 385770944 NetConnector.cpp:216] connect to: 0.0.0.0:5001 success! 
I0227 10:49:17.232753 385770944 NetServer.cpp:88] delete io...127.0.0.1:63174
W0227 10:49:17.235694 186249216 ServerMgr.cpp:88] remove one proxy server, id: 30
W0227 10:49:17.236058 186249216 LoginServerThread.cpp:180] center server is disconnect, after 10s will be reconnect!
I0227 10:49:20.725086 385770944 NetServer.cpp:55] accept io...127.0.0.1:63290
I0227 10:49:20.726162 186249216 LoginServerThread.cpp:190] bind one connect: 127.0.0.1:63290
I0227 10:49:20.735405 186249216 ServerMgr.cpp:54] bind one proxy server, ip:127.0.0.1:63290
W0227 10:49:27.753906 385770944 NetModule.cpp:723] ready reconnect server, server id: 0
I0227 10:49:27.754091 385770944 NetConnector.cpp:216] connect to: 0.0.0.0:5001 success! 
I0227 11:25:56.242771 385770944 NetServer.cpp:88] delete io...127.0.0.1:63290
W0227 11:25:56.245210 186249216 ServerMgr.cpp:88] remove one proxy server, id: 30
W0227 11:25:56.252014 186249216 LoginServerThread.cpp:180] center server is disconnect, after 10s will be reconnect!
I0227 11:25:59.734545 385770944 NetServer.cpp:55] accept io...127.0.0.1:63344
I0227 11:25:59.736691 186249216 LoginServerThread.cpp:190] bind one connect: 127.0.0.1:63344
I0227 11:25:59.750174 186249216 ServerMgr.cpp:54] bind one proxy server, ip:127.0.0.1:63344
W0227 11:26:06.284078 385770944 NetModule.cpp:723] ready reconnect server, server id: 0
I0227 11:26:06.284266 385770944 NetConnector.cpp:216] connect to: 127.0.0.1:5001 success! 
I0227 12:05:53.255581 385770944 NetServer.cpp:88] delete io...127.0.0.1:63344
W0227 12:05:53.255954 186249216 ServerMgr.cpp:88] remove one proxy server, id: 30
W0227 12:05:53.269232 186249216 LoginServerThread.cpp:180] center server is disconnect, after 10s will be reconnect!
I0227 12:05:56.756199 385770944 NetServer.cpp:55] accept io...127.0.0.1:63392
I0227 12:05:56.756763 186249216 LoginServerThread.cpp:190] bind one connect: 127.0.0.1:63392
I0227 12:05:56.781452 186249216 ServerMgr.cpp:54] bind one proxy server, ip:127.0.0.1:63392
W0227 12:06:03.812075 385770944 NetModule.cpp:723] ready reconnect server, server id: 0
I0227 12:06:03.812270 385770944 NetConnector.cpp:216] connect to: 0.0.0.0:5001 success! 
I0227 12:25:12.505631 385770944 NetServer.cpp:88] delete io...127.0.0.1:63392
W0227 12:25:12.505944 186249216 ServerMgr.cpp:88] remove one proxy server, id: 30
W0227 12:25:12.522507 186249216 LoginServerThread.cpp:180] center server is disconnect, after 10s will be reconnect!
I0227 12:25:16.001637 385770944 NetServer.cpp:55] accept io...127.0.0.1:63467
I0227 12:25:16.002776 186249216 LoginServerThread.cpp:190] bind one connect: 127.0.0.1:63467
I0227 12:25:16.028347 186249216 ServerMgr.cpp:54] bind one proxy server, ip:127.0.0.1:63467
W0227 12:25:23.018115 385770944 NetModule.cpp:723] ready reconnect server, server id: 0
I0227 12:25:23.019209 385770944 NetConnector.cpp:216] connect to: 0.0.0.0:5001 success! 
W0228 00:00:47.839412 186249216 LoginServerThread.cpp:536] login server is across day.
