Log file created at: 2019/02/22 14:30:02
Running on machine: henisdeMacBook-Pro.local
Log line format: [IWEF]mmdd hh:mm:ss.uuuuuu threadid file:line] msg
I0222 14:30:02.107796 385770944 LoginServer.cpp:45] 正在启动登录服务器...
I0222 14:30:02.111794 385770944 NetModule.h:71] Init NetModule Finished.
I0222 14:30:02.113947 385770944 NetModule.h:78] start work thread 0...
I0222 14:30:02.113967 385770944 NetModule.cpp:69] Start Run NetModule...
I0222 14:30:02.113996 385770944 NetModule.cpp:88] NetModule Already Startover.
W0222 14:30:02.114559 385770944 LoginServer.cpp:65] listen at: 0.0.0.0:7001
I0222 14:30:02.114933 385770944 NetModule.cpp:136] Create one server...
I0222 14:30:02.115072 385770944 NetConnector.cpp:216] connect to: 0.0.0.0:5001 success! 
I0222 14:30:02.793730 385770944 NetServer.cpp:55] accept io...127.0.0.1:58780
I0222 14:30:02.795590 186249216 LoginServerThread.cpp:190] bind one connect: 127.0.0.1:58780
I0222 14:30:02.807571 186249216 ServerMgr.cpp:54] bind one proxy server, ip:127.0.0.1:58780
I0222 14:30:04.303907 186249216 LoginServerThread.cpp:7703] load game kind succ!
I0222 14:30:04.412653 186249216 LoginServerThread.cpp:7814] load game room kind succ!
I0222 14:30:04.847894 186249216 LoginServerThread.cpp:8181] load system status succ!
I0222 14:30:04.959298 186249216 LoginServerThread.cpp:7883] load vip config succ!
I0222 14:30:05.067495 186249216 LoginServerThread.cpp:7915] load vip2 config succ!
I0222 14:30:05.698818 186249216 LoginServerThread.cpp:8206] load channel show exchange succ!
I0222 14:30:05.807706 186249216 LoginServerThread.cpp:8236] load exchange info succ!
I0222 14:30:06.053903 186249216 LoginServerThread.cpp:8263] load channel prsent score succ!
I0222 14:30:06.195307 186249216 LoginServerThread.cpp:8287] load channel register mail succ!
I0222 14:30:06.303351 186249216 LoginServerThread.cpp:7943] load benefit config succ!
I0222 14:30:06.413229 186249216 LoginServerThread.cpp:8010] load game version succ!
W0222 14:30:06.745712 186249216 LoginServerThread.cpp:328] loginserver start succ.
W0222 14:33:08.411370 186249216 LoginServerThread.cpp:180] center server is disconnect, after 10s will be reconnect!
W0222 14:33:18.721299 385770944 NetModule.cpp:723] ready reconnect server, server id: 0
I0222 14:33:18.721515 385770944 NetConnector.cpp:216] connect to: 0.0.0.0:5001 success! 
W0222 22:15:36.645725 186249216 ServerMgr.cpp:88] remove one proxy server, id: 30
I0222 22:15:36.645211 385770944 NetServer.cpp:88] delete io...127.0.0.1:58780
W0222 22:15:36.648833 186249216 LoginServerThread.cpp:180] center server is disconnect, after 10s will be reconnect!
I0222 22:15:39.900738 385770944 NetServer.cpp:55] accept io...127.0.0.1:60352
I0222 22:15:39.902534 186249216 LoginServerThread.cpp:190] bind one connect: 127.0.0.1:60352
I0222 22:15:39.920882 186249216 ServerMgr.cpp:54] bind one proxy server, ip:127.0.0.1:60352
W0222 22:15:46.942855 385770944 NetModule.cpp:723] ready reconnect server, server id: 0
I0222 22:15:46.943087 385770944 NetConnector.cpp:216] connect to: 0.0.0.0:5001 success! 
I0222 22:55:06.248483 385770944 NetServer.cpp:88] delete io...127.0.0.1:60352
W0222 22:55:06.249742 186249216 ServerMgr.cpp:88] remove one proxy server, id: 30
W0222 22:55:06.250793 186249216 LoginServerThread.cpp:180] center server is disconnect, after 10s will be reconnect!
I0222 22:55:09.737150 385770944 NetServer.cpp:55] accept io...127.0.0.1:60397
I0222 22:55:09.739359 186249216 LoginServerThread.cpp:190] bind one connect: 127.0.0.1:60397
I0222 22:55:09.762835 186249216 ServerMgr.cpp:54] bind one proxy server, ip:127.0.0.1:60397
W0222 22:55:16.770725 385770944 NetModule.cpp:723] ready reconnect server, server id: 0
I0222 22:55:16.772243 385770944 NetConnector.cpp:216] connect to: 0.0.0.0:5001 success! 
I0222 23:33:31.269951 385770944 NetServer.cpp:88] delete io...127.0.0.1:60397
W0222 23:33:31.270948 186249216 ServerMgr.cpp:88] remove one proxy server, id: 30
W0222 23:33:31.281241 186249216 LoginServerThread.cpp:180] center server is disconnect, after 10s will be reconnect!
I0222 23:33:34.765763 385770944 NetServer.cpp:55] accept io...127.0.0.1:60434
I0222 23:33:34.768375 186249216 LoginServerThread.cpp:190] bind one connect: 127.0.0.1:60434
I0222 23:33:34.773039 186249216 ServerMgr.cpp:54] bind one proxy server, ip:127.0.0.1:60434
W0222 23:33:41.801522 385770944 NetModule.cpp:723] ready reconnect server, server id: 0
I0222 23:33:41.801748 385770944 NetConnector.cpp:216] connect to: 0.0.0.0:5001 success! 
W0223 00:15:08.248502 186249216 LoginServerThread.cpp:536] login server is across day.
I0223 00:15:08.268039 385770944 NetServer.cpp:88] delete io...127.0.0.1:60434
W0223 00:15:08.934384 186249216 ServerMgr.cpp:88] remove one proxy server, id: 30
W0223 00:15:08.934504 186249216 LoginServerThread.cpp:180] center server is disconnect, after 10s will be reconnect!
I0223 00:15:11.758671 385770944 NetServer.cpp:55] accept io...127.0.0.1:60471
I0223 00:15:11.760551 186249216 LoginServerThread.cpp:190] bind one connect: 127.0.0.1:60471
I0223 00:15:11.781635 186249216 ServerMgr.cpp:54] bind one proxy server, ip:127.0.0.1:60471
W0223 00:15:19.299526 385770944 NetModule.cpp:723] ready reconnect server, server id: 0
I0223 00:15:19.299743 385770944 NetConnector.cpp:216] connect to: 0.0.0.0:5001 success! 
I0223 00:50:42.283268 385770944 NetServer.cpp:88] delete io...127.0.0.1:60471
W0223 00:50:42.283861 186249216 ServerMgr.cpp:88] remove one proxy server, id: 30
W0223 00:50:42.286698 186249216 LoginServerThread.cpp:180] center server is disconnect, after 10s will be reconnect!
I0223 00:50:45.782253 385770944 NetServer.cpp:55] accept io...127.0.0.1:60505
I0223 00:50:45.784790 186249216 LoginServerThread.cpp:190] bind one connect: 127.0.0.1:60505
I0223 00:50:45.798723 186249216 ServerMgr.cpp:54] bind one proxy server, ip:127.0.0.1:60505
W0223 00:50:52.802258 385770944 NetModule.cpp:723] ready reconnect server, server id: 0
I0223 00:50:52.802475 385770944 NetConnector.cpp:216] connect to: 0.0.0.0:5001 success! 
I0223 01:32:20.300854 385770944 NetServer.cpp:88] delete io...127.0.0.1:60505
W0223 01:32:20.303125 186249216 ServerMgr.cpp:88] remove one proxy server, id: 30
W0223 01:32:20.303400 186249216 LoginServerThread.cpp:180] center server is disconnect, after 10s will be reconnect!
I0223 01:32:23.794471 385770944 NetServer.cpp:55] accept io...127.0.0.1:60544
I0223 01:32:23.795554 186249216 LoginServerThread.cpp:190] bind one connect: 127.0.0.1:60544
I0223 01:32:23.821135 186249216 ServerMgr.cpp:54] bind one proxy server, ip:127.0.0.1:60544
W0223 01:32:30.830358 385770944 NetModule.cpp:723] ready reconnect server, server id: 0
I0223 01:32:30.830579 385770944 NetConnector.cpp:216] connect to: 0.0.0.0:5001 success! 
I0223 02:08:07.308338 385770944 NetServer.cpp:88] delete io...127.0.0.1:60544
W0223 02:08:07.310266 186249216 ServerMgr.cpp:88] remove one proxy server, id: 30
W0223 02:08:07.328655 186249216 LoginServerThread.cpp:180] center server is disconnect, after 10s will be reconnect!
I0223 02:08:10.798393 385770944 NetServer.cpp:55] accept io...127.0.0.1:60604
I0223 02:08:10.799968 186249216 LoginServerThread.cpp:190] bind one connect: 127.0.0.1:60604
I0223 02:08:10.812227 186249216 ServerMgr.cpp:54] bind one proxy server, ip:127.0.0.1:60604
W0223 02:08:17.847095 385770944 NetModule.cpp:723] ready reconnect server, server id: 0
I0223 02:08:17.847190 385770944 NetConnector.cpp:216] connect to: 0.0.0.0:5001 success! 
I0223 02:47:12.337218 385770944 NetServer.cpp:88] delete io...127.0.0.1:60604
W0223 02:47:12.339821 186249216 ServerMgr.cpp:88] remove one proxy server, id: 30
W0223 02:47:12.343669 186249216 LoginServerThread.cpp:180] center server is disconnect, after 10s will be reconnect!
I0223 02:47:15.835826 385770944 NetServer.cpp:55] accept io...127.0.0.1:60643
I0223 02:47:15.838413 186249216 LoginServerThread.cpp:190] bind one connect: 127.0.0.1:60643
I0223 02:47:15.849292 186249216 ServerMgr.cpp:54] bind one proxy server, ip:127.0.0.1:60643
W0223 02:47:22.868659 385770944 NetModule.cpp:723] ready reconnect server, server id: 0
I0223 02:47:22.869038 385770944 NetConnector.cpp:216] connect to: 0.0.0.0:5001 success! 
I0223 03:23:36.353318 385770944 NetServer.cpp:88] delete io...127.0.0.1:60643
W0223 03:23:36.355499 186249216 ServerMgr.cpp:88] remove one proxy server, id: 30
W0223 03:23:36.364454 186249216 LoginServerThread.cpp:180] center server is disconnect, after 10s will be reconnect!
I0223 03:23:39.850738 385770944 NetServer.cpp:55] accept io...127.0.0.1:60690
I0223 03:23:39.853229 186249216 LoginServerThread.cpp:190] bind one connect: 127.0.0.1:60690
I0223 03:23:39.877724 186249216 ServerMgr.cpp:54] bind one proxy server, ip:127.0.0.1:60690
W0223 03:23:46.870954 385770944 NetModule.cpp:723] ready reconnect server, server id: 0
I0223 03:23:46.871067 385770944 NetConnector.cpp:216] connect to: 0.0.0.0:5001 success! 
I0223 04:07:08.383952 385770944 NetServer.cpp:88] delete io...127.0.0.1:60690
W0223 04:07:08.385918 186249216 ServerMgr.cpp:88] remove one proxy server, id: 30
W0223 04:07:08.386173 186249216 LoginServerThread.cpp:180] center server is disconnect, after 10s will be reconnect!
I0223 04:07:11.885761 385770944 NetServer.cpp:55] accept io...127.0.0.1:60727
I0223 04:07:11.887351 186249216 LoginServerThread.cpp:190] bind one connect: 127.0.0.1:60727
I0223 04:07:11.895051 186249216 ServerMgr.cpp:54] bind one proxy server, ip:127.0.0.1:60727
W0223 04:07:18.921100 385770944 NetModule.cpp:723] ready reconnect server, server id: 0
I0223 04:07:18.921334 385770944 NetConnector.cpp:216] connect to: 0.0.0.0:5001 success! 
I0223 04:51:46.409778 385770944 NetServer.cpp:88] delete io...127.0.0.1:60727
W0223 04:51:46.411257 186249216 ServerMgr.cpp:88] remove one proxy server, id: 30
W0223 04:51:46.414496 186249216 LoginServerThread.cpp:180] center server is disconnect, after 10s will be reconnect!
I0223 04:51:49.894830 385770944 NetServer.cpp:55] accept io...127.0.0.1:60761
I0223 04:51:49.896267 186249216 LoginServerThread.cpp:190] bind one connect: 127.0.0.1:60761
I0223 04:51:49.927434 186249216 ServerMgr.cpp:54] bind one proxy server, ip:127.0.0.1:60761
W0223 04:51:56.954769 385770944 NetModule.cpp:723] ready reconnect server, server id: 0
I0223 04:51:56.955062 385770944 NetConnector.cpp:216] connect to: 0.0.0.0:5001 success! 
I0223 05:29:36.428565 385770944 NetServer.cpp:88] delete io...127.0.0.1:60761
W0223 05:29:36.430539 186249216 ServerMgr.cpp:88] remove one proxy server, id: 30
W0223 05:29:36.438876 186249216 LoginServerThread.cpp:180] center server is disconnect, after 10s will be reconnect!
I0223 05:29:39.928539 385770944 NetServer.cpp:55] accept io...127.0.0.1:60809
I0223 05:29:39.930954 186249216 LoginServerThread.cpp:190] bind one connect: 127.0.0.1:60809
I0223 05:29:39.954583 186249216 ServerMgr.cpp:54] bind one proxy server, ip:127.0.0.1:60809
W0223 05:29:46.949836 385770944 NetModule.cpp:723] ready reconnect server, server id: 0
I0223 05:29:46.950407 385770944 NetConnector.cpp:216] connect to: 0.0.0.0:5001 success! 
I0223 06:09:57.448716 385770944 NetServer.cpp:88] delete io...127.0.0.1:60809
W0223 06:09:57.449193 186249216 ServerMgr.cpp:88] remove one proxy server, id: 30
W0223 06:09:57.464893 186249216 LoginServerThread.cpp:180] center server is disconnect, after 10s will be reconnect!
I0223 06:10:00.948267 385770944 NetServer.cpp:55] accept io...127.0.0.1:60842
I0223 06:10:00.949174 186249216 LoginServerThread.cpp:190] bind one connect: 127.0.0.1:60842
I0223 06:10:00.973330 186249216 ServerMgr.cpp:54] bind one proxy server, ip:127.0.0.1:60842
W0223 06:10:07.968375 385770944 NetModule.cpp:723] ready reconnect server, server id: 0
I0223 06:10:07.968612 385770944 NetConnector.cpp:216] connect to: 0.0.0.0:5001 success! 
I0223 06:46:54.468178 385770944 NetServer.cpp:88] delete io...127.0.0.1:60842
W0223 06:46:54.468348 186249216 ServerMgr.cpp:88] remove one proxy server, id: 30
W0223 06:46:54.483232 186249216 LoginServerThread.cpp:180] center server is disconnect, after 10s will be reconnect!
I0223 06:46:57.964648 385770944 NetServer.cpp:55] accept io...127.0.0.1:60881
I0223 06:46:57.967247 186249216 LoginServerThread.cpp:190] bind one connect: 127.0.0.1:60881
I0223 06:46:57.995050 186249216 ServerMgr.cpp:54] bind one proxy server, ip:127.0.0.1:60881
W0223 06:47:04.512372 385770944 NetModule.cpp:723] ready reconnect server, server id: 0
I0223 06:47:04.512603 385770944 NetConnector.cpp:216] connect to: 0.0.0.0:5001 success! 
I0223 07:24:35.489423 385770944 NetServer.cpp:88] delete io...127.0.0.1:60881
W0223 07:24:35.490581 186249216 ServerMgr.cpp:88] remove one proxy server, id: 30
W0223 07:24:35.490857 186249216 LoginServerThread.cpp:180] center server is disconnect, after 10s will be reconnect!
I0223 07:24:38.973664 385770944 NetServer.cpp:55] accept io...127.0.0.1:60933
I0223 07:24:38.976487 186249216 LoginServerThread.cpp:190] bind one connect: 127.0.0.1:60933
I0223 07:24:38.982123 186249216 ServerMgr.cpp:54] bind one proxy server, ip:127.0.0.1:60933
W0223 07:24:46.008546 385770944 NetModule.cpp:723] ready reconnect server, server id: 0
I0223 07:24:46.009558 385770944 NetConnector.cpp:216] connect to: 0.0.0.0:5001 success! 
I0223 08:08:09.504492 385770944 NetServer.cpp:88] delete io...127.0.0.1:60933
W0223 08:08:09.505143 186249216 ServerMgr.cpp:88] remove one proxy server, id: 30
W0223 08:08:09.521333 186249216 LoginServerThread.cpp:180] center server is disconnect, after 10s will be reconnect!
I0223 08:08:12.999240 385770944 NetServer.cpp:55] accept io...127.0.0.1:60965
I0223 08:08:13.001536 186249216 LoginServerThread.cpp:190] bind one connect: 127.0.0.1:60965
I0223 08:08:13.029893 186249216 ServerMgr.cpp:54] bind one proxy server, ip:127.0.0.1:60965
W0223 08:08:20.030850 385770944 NetModule.cpp:723] ready reconnect server, server id: 0
I0223 08:08:20.031087 385770944 NetConnector.cpp:216] connect to: 0.0.0.0:5001 success! 
I0223 08:43:21.523109 385770944 NetServer.cpp:88] delete io...127.0.0.1:60965
W0223 08:43:21.525535 186249216 ServerMgr.cpp:88] remove one proxy server, id: 30
W0223 08:43:21.529817 186249216 LoginServerThread.cpp:180] center server is disconnect, after 10s will be reconnect!
I0223 08:43:25.016140 385770944 NetServer.cpp:55] accept io...127.0.0.1:61002
I0223 08:43:25.017545 186249216 LoginServerThread.cpp:190] bind one connect: 127.0.0.1:61002
I0223 08:43:25.034759 186249216 ServerMgr.cpp:54] bind one proxy server, ip:127.0.0.1:61002
W0223 08:43:32.050246 385770944 NetModule.cpp:723] ready reconnect server, server id: 0
I0223 08:43:32.050498 385770944 NetConnector.cpp:216] connect to: 0.0.0.0:5001 success! 
I0223 09:18:37.540787 385770944 NetServer.cpp:88] delete io...127.0.0.1:61002
W0223 09:18:37.542785 186249216 ServerMgr.cpp:88] remove one proxy server, id: 30
W0223 09:18:37.542989 186249216 LoginServerThread.cpp:180] center server is disconnect, after 10s will be reconnect!
I0223 09:18:41.027443 385770944 NetServer.cpp:55] accept io...127.0.0.1:61048
I0223 09:18:41.029250 186249216 LoginServerThread.cpp:190] bind one connect: 127.0.0.1:61048
I0223 09:18:41.056406 186249216 ServerMgr.cpp:54] bind one proxy server, ip:127.0.0.1:61048
W0223 09:18:48.068536 385770944 NetModule.cpp:723] ready reconnect server, server id: 0
I0223 09:18:48.068765 385770944 NetConnector.cpp:216] connect to: 0.0.0.0:5001 success! 
I0223 09:44:21.754123 385770944 NetServer.cpp:88] delete io...127.0.0.1:61048
W0223 09:44:21.755192 186249216 ServerMgr.cpp:88] remove one proxy server, id: 30
W0223 09:44:21.763445 186249216 LoginServerThread.cpp:180] center server is disconnect, after 10s will be reconnect!
I0223 09:44:25.231369 385770944 NetServer.cpp:55] accept io...127.0.0.1:61102
I0223 09:44:25.233229 186249216 LoginServerThread.cpp:190] bind one connect: 127.0.0.1:61102
I0223 09:44:25.242625 186249216 ServerMgr.cpp:54] bind one proxy server, ip:127.0.0.1:61102
W0223 09:44:32.253473 385770944 NetModule.cpp:723] ready reconnect server, server id: 0
I0223 09:44:32.253937 385770944 NetConnector.cpp:216] connect to: 0.0.0.0:5001 success! 
W0223 17:05:59.448783 186785792 LoginRecordThread.cpp:101] insert user login record fail. errno: -1, error msg: mysql not opened yet!
W0223 17:06:59.454267 186785792 LoginRecordThread.cpp:101] insert user login record fail. errno: -1, error msg: mysql not opened yet!
W0223 22:19:28.870031 186249216 LoginServerThread.cpp:180] center server is disconnect, after 10s will be reconnect!
I0223 22:19:28.894680 385770944 NetServer.cpp:88] delete io...127.0.0.1:61102
W0223 22:19:28.895270 186249216 ServerMgr.cpp:88] remove one proxy server, id: 30
I0223 22:19:32.357590 385770944 NetServer.cpp:55] accept io...127.0.0.1:63557
I0223 22:19:32.360755 186249216 LoginServerThread.cpp:190] bind one connect: 127.0.0.1:63557
I0223 22:19:32.366432 186249216 ServerMgr.cpp:54] bind one proxy server, ip:127.0.0.1:63557
W0223 22:19:38.902950 385770944 NetModule.cpp:723] ready reconnect server, server id: 0
I0223 22:19:38.903599 385770944 NetConnector.cpp:216] connect to: 0.0.0.0:5001 success! 
I0223 22:57:51.874249 385770944 NetServer.cpp:88] delete io...127.0.0.1:63557
W0223 22:57:51.874812 186249216 ServerMgr.cpp:88] remove one proxy server, id: 30
W0223 22:57:51.885088 186249216 LoginServerThread.cpp:180] center server is disconnect, after 10s will be reconnect!
I0223 22:57:55.375412 385770944 NetServer.cpp:55] accept io...127.0.0.1:63585
I0223 22:57:55.378403 186249216 LoginServerThread.cpp:190] bind one connect: 127.0.0.1:63585
I0223 22:57:55.398321 186249216 ServerMgr.cpp:54] bind one proxy server, ip:127.0.0.1:63585
W0223 22:58:02.400804 385770944 NetModule.cpp:723] ready reconnect server, server id: 0
I0223 22:58:02.401000 385770944 NetConnector.cpp:216] connect to: 0.0.0.0:5001 success! 
I0223 23:39:09.870314 385770944 NetServer.cpp:88] delete io...127.0.0.1:63585
W0223 23:39:09.872563 186249216 ServerMgr.cpp:88] remove one proxy server, id: 30
W0223 23:39:09.874936 186249216 LoginServerThread.cpp:180] center server is disconnect, after 10s will be reconnect!
I0223 23:39:13.617514 385770944 NetServer.cpp:55] accept io...127.0.0.1:63624
I0223 23:39:13.618660 186249216 LoginServerThread.cpp:190] bind one connect: 127.0.0.1:63624
I0223 23:39:13.623795 186249216 ServerMgr.cpp:54] bind one proxy server, ip:127.0.0.1:63624
W0223 23:39:20.146188 385770944 NetModule.cpp:723] ready reconnect server, server id: 0
I0223 23:39:20.147217 385770944 NetConnector.cpp:216] connect to: 0.0.0.0:5001 success! 
W0224 00:21:37.513131 186249216 LoginServerThread.cpp:536] login server is across day.
I0224 00:21:37.531234 385770944 NetServer.cpp:88] delete io...127.0.0.1:63624
W0224 00:21:37.532281 186249216 LoginServerThread.cpp:559] delete record_register_ip error, errno: 2003, error: Can't connect to MySQL server on '58.82.239.150' (50)
W0224 00:21:37.532414 186249216 ServerMgr.cpp:88] remove one proxy server, id: 30
W0224 00:21:37.539507 186249216 LoginServerThread.cpp:180] center server is disconnect, after 10s will be reconnect!
I0224 00:21:41.018290 385770944 NetServer.cpp:55] accept io...127.0.0.1:63677
I0224 00:21:41.019134 186249216 LoginServerThread.cpp:190] bind one connect: 127.0.0.1:63677
I0224 00:21:41.045874 186249216 ServerMgr.cpp:54] bind one proxy server, ip:127.0.0.1:63677
W0224 00:21:47.564745 385770944 NetModule.cpp:723] ready reconnect server, server id: 0
I0224 00:21:47.564966 385770944 NetConnector.cpp:216] connect to: 0.0.0.0:5001 success! 
I0224 01:01:31.536242 385770944 NetServer.cpp:88] delete io...127.0.0.1:63677
W0224 01:01:31.537510 186249216 ServerMgr.cpp:88] remove one proxy server, id: 30
W0224 01:01:31.537561 186249216 LoginServerThread.cpp:180] center server is disconnect, after 10s will be reconnect!
I0224 01:01:35.032167 385770944 NetServer.cpp:55] accept io...127.0.0.1:63741
I0224 01:01:35.034616 186249216 LoginServerThread.cpp:190] bind one connect: 127.0.0.1:63741
I0224 01:01:35.049605 186249216 ServerMgr.cpp:54] bind one proxy server, ip:127.0.0.1:63741
W0224 01:01:42.050954 385770944 NetModule.cpp:723] ready reconnect server, server id: 0
I0224 01:01:42.051165 385770944 NetConnector.cpp:216] connect to: 0.0.0.0:5001 success! 
I0224 01:38:02.541165 385770944 NetServer.cpp:88] delete io...127.0.0.1:63741
W0224 01:38:02.543071 186249216 ServerMgr.cpp:88] remove one proxy server, id: 30
W0224 01:38:02.543157 186249216 LoginServerThread.cpp:180] center server is disconnect, after 10s will be reconnect!
I0224 01:38:06.037465 385770944 NetServer.cpp:55] accept io...127.0.0.1:63769
I0224 01:38:06.038661 186249216 LoginServerThread.cpp:190] bind one connect: 127.0.0.1:63769
I0224 01:38:06.065311 186249216 ServerMgr.cpp:54] bind one proxy server, ip:127.0.0.1:63769
W0224 01:38:13.079282 385770944 NetModule.cpp:723] ready reconnect server, server id: 0
I0224 01:38:13.079547 385770944 NetConnector.cpp:216] connect to: 0.0.0.0:5001 success! 
I0224 02:17:16.542405 385770944 NetServer.cpp:88] delete io...127.0.0.1:63769
W0224 02:17:16.543757 186249216 ServerMgr.cpp:88] remove one proxy server, id: 30
W0224 02:17:16.543857 186249216 LoginServerThread.cpp:180] center server is disconnect, after 10s will be reconnect!
I0224 02:17:20.038856 385770944 NetServer.cpp:55] accept io...127.0.0.1:63810
I0224 02:17:20.039667 186249216 LoginServerThread.cpp:190] bind one connect: 127.0.0.1:63810
I0224 02:17:20.068001 186249216 ServerMgr.cpp:54] bind one proxy server, ip:127.0.0.1:63810
W0224 02:17:27.079147 385770944 NetModule.cpp:723] ready reconnect server, server id: 0
I0224 02:17:27.079958 385770944 NetConnector.cpp:216] connect to: 0.0.0.0:5001 success! 
I0224 02:57:51.592841 385770944 NetServer.cpp:88] delete io...127.0.0.1:63810
W0224 02:57:51.594843 186249216 ServerMgr.cpp:88] remove one proxy server, id: 30
W0224 02:57:51.595060 186249216 LoginServerThread.cpp:180] center server is disconnect, after 10s will be reconnect!
I0224 02:57:55.088829 385770944 NetServer.cpp:55] accept io...127.0.0.1:63874
I0224 02:57:55.091336 186249216 LoginServerThread.cpp:190] bind one connect: 127.0.0.1:63874
I0224 02:57:55.121142 186249216 ServerMgr.cpp:54] bind one proxy server, ip:127.0.0.1:63874
W0224 02:58:02.123185 385770944 NetModule.cpp:723] ready reconnect server, server id: 0
I0224 02:58:02.123399 385770944 NetConnector.cpp:216] connect to: 0.0.0.0:5001 success! 
I0224 03:40:00.602731 385770944 NetServer.cpp:88] delete io...127.0.0.1:63874
W0224 03:40:00.603432 186249216 ServerMgr.cpp:88] remove one proxy server, id: 30
W0224 03:40:00.613843 186249216 LoginServerThread.cpp:180] center server is disconnect, after 10s will be reconnect!
I0224 03:40:04.107923 385770944 NetServer.cpp:55] accept io...127.0.0.1:63929
I0224 03:40:04.109475 186249216 LoginServerThread.cpp:190] bind one connect: 127.0.0.1:63929
I0224 03:40:04.135058 186249216 ServerMgr.cpp:54] bind one proxy server, ip:127.0.0.1:63929
W0224 03:40:11.133905 385770944 NetModule.cpp:723] ready reconnect server, server id: 0
I0224 03:40:11.134022 385770944 NetConnector.cpp:216] connect to: 0.0.0.0:5001 success! 
I0224 04:21:53.621657 385770944 NetServer.cpp:88] delete io...127.0.0.1:63929
W0224 04:21:53.622532 186249216 ServerMgr.cpp:88] remove one proxy server, id: 30
W0224 04:21:53.628161 186249216 LoginServerThread.cpp:180] center server is disconnect, after 10s will be reconnect!
I0224 04:21:57.112082 385770944 NetServer.cpp:55] accept io...127.0.0.1:63988
I0224 04:21:57.113858 186249216 LoginServerThread.cpp:190] bind one connect: 127.0.0.1:63988
I0224 04:21:57.141669 186249216 ServerMgr.cpp:54] bind one proxy server, ip:127.0.0.1:63988
W0224 04:22:04.143056 385770944 NetModule.cpp:723] ready reconnect server, server id: 0
I0224 04:22:04.143330 385770944 NetConnector.cpp:216] connect to: 0.0.0.0:5001 success! 
I0224 05:05:35.630260 385770944 NetServer.cpp:88] delete io...127.0.0.1:63988
W0224 05:05:35.631155 186249216 ServerMgr.cpp:88] remove one proxy server, id: 30
W0224 05:05:35.637652 186249216 LoginServerThread.cpp:180] center server is disconnect, after 10s will be reconnect!
I0224 05:05:39.116243 385770944 NetServer.cpp:55] accept io...127.0.0.1:64026
I0224 05:05:39.118264 186249216 LoginServerThread.cpp:190] bind one connect: 127.0.0.1:64026
I0224 05:05:39.139000 186249216 ServerMgr.cpp:54] bind one proxy server, ip:127.0.0.1:64026
W0224 05:05:45.683127 385770944 NetModule.cpp:723] ready reconnect server, server id: 0
I0224 05:05:45.683924 385770944 NetConnector.cpp:216] connect to: 0.0.0.0:5001 success! 
I0224 05:48:04.660570 385770944 NetServer.cpp:88] delete io...127.0.0.1:64026
W0224 05:48:04.662721 186249216 ServerMgr.cpp:88] remove one proxy server, id: 30
W0224 05:48:04.677314 186249216 LoginServerThread.cpp:180] center server is disconnect, after 10s will be reconnect!
I0224 05:48:08.161922 385770944 NetServer.cpp:55] accept io...127.0.0.1:64091
I0224 05:48:08.164062 186249216 LoginServerThread.cpp:190] bind one connect: 127.0.0.1:64091
I0224 05:48:08.179658 186249216 ServerMgr.cpp:54] bind one proxy server, ip:127.0.0.1:64091
W0224 05:48:15.191459 385770944 NetModule.cpp:723] ready reconnect server, server id: 0
I0224 05:48:15.191704 385770944 NetConnector.cpp:216] connect to: 0.0.0.0:5001 success! 
I0224 06:32:21.683027 385770944 NetServer.cpp:88] delete io...127.0.0.1:64091
W0224 06:32:21.684082 186249216 ServerMgr.cpp:88] remove one proxy server, id: 30
W0224 06:32:21.688709 186249216 LoginServerThread.cpp:180] center server is disconnect, after 10s will be reconnect!
I0224 06:32:25.180795 385770944 NetServer.cpp:55] accept io...127.0.0.1:64148
I0224 06:32:25.183066 186249216 LoginServerThread.cpp:190] bind one connect: 127.0.0.1:64148
I0224 06:32:25.212982 186249216 ServerMgr.cpp:54] bind one proxy server, ip:127.0.0.1:64148
W0224 06:32:32.195525 385770944 NetModule.cpp:723] ready reconnect server, server id: 0
I0224 06:32:32.195761 385770944 NetConnector.cpp:216] connect to: 0.0.0.0:5001 success! 
I0224 07:08:25.698889 385770944 NetServer.cpp:88] delete io...127.0.0.1:64148
W0224 07:08:25.700842 186249216 ServerMgr.cpp:88] remove one proxy server, id: 30
W0224 07:08:25.700903 186249216 LoginServerThread.cpp:180] center server is disconnect, after 10s will be reconnect!
I0224 07:08:29.201252 385770944 NetServer.cpp:55] accept io...127.0.0.1:64212
I0224 07:08:29.201726 186249216 LoginServerThread.cpp:190] bind one connect: 127.0.0.1:64212
I0224 07:08:29.211827 186249216 ServerMgr.cpp:54] bind one proxy server, ip:127.0.0.1:64212
W0224 07:08:36.230649 385770944 NetModule.cpp:723] ready reconnect server, server id: 0
I0224 07:08:36.231226 385770944 NetConnector.cpp:216] connect to: 0.0.0.0:5001 success! 
I0224 07:44:01.715718 385770944 NetServer.cpp:88] delete io...127.0.0.1:64212
W0224 07:44:01.716657 186249216 ServerMgr.cpp:88] remove one proxy server, id: 30
W0224 07:44:01.722276 186249216 LoginServerThread.cpp:180] center server is disconnect, after 10s will be reconnect!
I0224 07:44:05.206782 385770944 NetServer.cpp:55] accept io...127.0.0.1:64254
I0224 07:44:05.207720 186249216 LoginServerThread.cpp:190] bind one connect: 127.0.0.1:64254
I0224 07:44:05.218284 186249216 ServerMgr.cpp:54] bind one proxy server, ip:127.0.0.1:64254
W0224 07:44:12.235347 385770944 NetModule.cpp:723] ready reconnect server, server id: 0
I0224 07:44:12.236372 385770944 NetConnector.cpp:216] connect to: 0.0.0.0:5001 success! 
I0224 08:21:08.891449 385770944 NetServer.cpp:88] delete io...127.0.0.1:64254
W0224 08:21:08.892622 186249216 ServerMgr.cpp:88] remove one proxy server, id: 30
W0224 08:21:08.902894 186249216 LoginServerThread.cpp:180] center server is disconnect, after 10s will be reconnect!
I0224 08:21:12.388520 385770944 NetServer.cpp:55] accept io...127.0.0.1:64296
I0224 08:21:12.390842 186249216 LoginServerThread.cpp:190] bind one connect: 127.0.0.1:64296
I0224 08:21:12.415045 186249216 ServerMgr.cpp:54] bind one proxy server, ip:127.0.0.1:64296
W0224 08:21:19.419874 385770944 NetModule.cpp:723] ready reconnect server, server id: 0
I0224 08:21:19.420662 385770944 NetConnector.cpp:216] connect to: 0.0.0.0:5001 success! 
I0224 09:02:40.769290 385770944 NetServer.cpp:88] delete io...127.0.0.1:64296
W0224 09:02:40.769943 186249216 ServerMgr.cpp:88] remove one proxy server, id: 30
W0224 09:02:40.773784 186249216 LoginServerThread.cpp:180] center server is disconnect, after 10s will be reconnect!
I0224 09:02:44.253423 385770944 NetServer.cpp:55] accept io...127.0.0.1:64998
I0224 09:02:44.255834 186249216 LoginServerThread.cpp:190] bind one connect: 127.0.0.1:64998
I0224 09:02:44.285168 186249216 ServerMgr.cpp:54] bind one proxy server, ip:127.0.0.1:64998
W0224 09:02:51.290984 385770944 NetModule.cpp:723] ready reconnect server, server id: 0
I0224 09:02:51.291247 385770944 NetConnector.cpp:216] connect to: 0.0.0.0:5001 success! 
I0224 09:38:26.738823 385770944 NetServer.cpp:88] delete io...127.0.0.1:64998
W0224 09:38:26.740692 186249216 ServerMgr.cpp:88] remove one proxy server, id: 30
W0224 09:38:26.753748 186249216 LoginServerThread.cpp:180] center server is disconnect, after 10s will be reconnect!
I0224 09:38:30.232429 385770944 NetServer.cpp:55] accept io...127.0.0.1:65437
I0224 09:38:30.234943 186249216 LoginServerThread.cpp:190] bind one connect: 127.0.0.1:65437
I0224 09:38:30.249012 186249216 ServerMgr.cpp:54] bind one proxy server, ip:127.0.0.1:65437
W0224 09:38:37.256209 385770944 NetModule.cpp:723] ready reconnect server, server id: 0
I0224 09:38:37.256402 385770944 NetConnector.cpp:216] connect to: 0.0.0.0:5001 success! 
I0224 10:13:29.739923 385770944 NetServer.cpp:88] delete io...127.0.0.1:65437
W0224 10:13:29.742058 186249216 ServerMgr.cpp:88] remove one proxy server, id: 30
W0224 10:13:29.742099 186249216 LoginServerThread.cpp:180] center server is disconnect, after 10s will be reconnect!
I0224 10:13:33.233891 385770944 NetServer.cpp:55] accept io...127.0.0.1:49550
I0224 10:13:33.235276 186249216 LoginServerThread.cpp:190] bind one connect: 127.0.0.1:49550
I0224 10:13:33.256795 186249216 ServerMgr.cpp:54] bind one proxy server, ip:127.0.0.1:49550
W0224 10:13:40.259163 385770944 NetModule.cpp:723] ready reconnect server, server id: 0
I0224 10:13:40.259356 385770944 NetConnector.cpp:216] connect to: 0.0.0.0:5001 success! 
I0224 11:51:42.769140 385770944 NetServer.cpp:88] delete io...127.0.0.1:49550
W0224 11:51:42.769259 186249216 ServerMgr.cpp:88] remove one proxy server, id: 30
W0224 11:51:42.785971 186249216 LoginServerThread.cpp:180] center server is disconnect, after 10s will be reconnect!
I0224 11:51:46.256228 385770944 NetServer.cpp:55] accept io...127.0.0.1:54495
I0224 11:51:46.258920 186249216 LoginServerThread.cpp:190] bind one connect: 127.0.0.1:54495
I0224 11:51:46.280097 186249216 ServerMgr.cpp:54] bind one proxy server, ip:127.0.0.1:54495
W0224 11:51:53.294391 385770944 NetModule.cpp:723] ready reconnect server, server id: 0
I0224 11:51:53.295667 385770944 NetConnector.cpp:216] connect to: 0.0.0.0:5001 success! 
I0224 12:27:43.769831 385770944 NetServer.cpp:88] delete io...127.0.0.1:54495
W0224 12:27:43.770828 186249216 ServerMgr.cpp:88] remove one proxy server, id: 30
W0224 12:27:43.792811 186249216 LoginServerThread.cpp:180] center server is disconnect, after 10s will be reconnect!
I0224 12:27:47.262159 385770944 NetServer.cpp:55] accept io...127.0.0.1:54947
I0224 12:27:47.264331 186249216 LoginServerThread.cpp:190] bind one connect: 127.0.0.1:54947
I0224 12:27:47.279039 186249216 ServerMgr.cpp:54] bind one proxy server, ip:127.0.0.1:54947
W0224 12:27:53.801431 385770944 NetModule.cpp:723] ready reconnect server, server id: 0
I0224 12:27:53.801877 385770944 NetConnector.cpp:216] connect to: 0.0.0.0:5001 success! 
I0224 13:04:40.773247 385770944 NetServer.cpp:88] delete io...127.0.0.1:54947
W0224 13:04:40.773444 186249216 ServerMgr.cpp:88] remove one proxy server, id: 30
W0224 13:04:40.785081 186249216 LoginServerThread.cpp:180] center server is disconnect, after 10s will be reconnect!
I0224 13:04:44.268499 385770944 NetServer.cpp:55] accept io...127.0.0.1:55417
I0224 13:04:44.271034 186249216 LoginServerThread.cpp:190] bind one connect: 127.0.0.1:55417
I0224 13:04:44.290351 186249216 ServerMgr.cpp:54] bind one proxy server, ip:127.0.0.1:55417
W0224 13:04:51.305976 385770944 NetModule.cpp:723] ready reconnect server, server id: 0
I0224 13:04:51.306970 385770944 NetConnector.cpp:216] connect to: 0.0.0.0:5001 success! 
I0224 13:49:07.773715 385770944 NetServer.cpp:88] delete io...127.0.0.1:55417
W0224 13:49:07.773938 186249216 ServerMgr.cpp:88] remove one proxy server, id: 30
W0224 13:49:07.786459 186249216 LoginServerThread.cpp:180] center server is disconnect, after 10s will be reconnect!
I0224 13:49:11.267076 385770944 NetServer.cpp:55] accept io...127.0.0.1:55881
I0224 13:49:11.267331 186249216 LoginServerThread.cpp:190] bind one connect: 127.0.0.1:55881
I0224 13:49:11.285086 186249216 ServerMgr.cpp:54] bind one proxy server, ip:127.0.0.1:55881
W0224 13:49:18.294018 385770944 NetModule.cpp:723] ready reconnect server, server id: 0
I0224 13:49:18.295017 385770944 NetConnector.cpp:216] connect to: 0.0.0.0:5001 success! 
I0224 14:25:03.780148 385770944 NetServer.cpp:88] delete io...127.0.0.1:55881
W0224 14:25:03.780439 186249216 ServerMgr.cpp:88] remove one proxy server, id: 30
W0224 14:25:03.788362 186249216 LoginServerThread.cpp:180] center server is disconnect, after 10s will be reconnect!
I0224 14:25:07.272451 385770944 NetServer.cpp:55] accept io...127.0.0.1:56346
I0224 14:25:07.274366 186249216 LoginServerThread.cpp:190] bind one connect: 127.0.0.1:56346
I0224 14:25:07.288482 186249216 ServerMgr.cpp:54] bind one proxy server, ip:127.0.0.1:56346
W0224 14:25:13.796941 385770944 NetModule.cpp:723] ready reconnect server, server id: 0
I0224 14:25:13.797132 385770944 NetConnector.cpp:216] connect to: 0.0.0.0:5001 success! 
I0224 15:08:21.785809 385770944 NetServer.cpp:88] delete io...127.0.0.1:56346
W0224 15:08:21.786945 186249216 ServerMgr.cpp:88] remove one proxy server, id: 30
W0224 15:08:21.806494 186249216 LoginServerThread.cpp:180] center server is disconnect, after 10s will be reconnect!
I0224 15:08:25.284971 385770944 NetServer.cpp:55] accept io...127.0.0.1:56804
I0224 15:08:25.286500 186249216 LoginServerThread.cpp:190] bind one connect: 127.0.0.1:56804
I0224 15:08:25.308853 186249216 ServerMgr.cpp:54] bind one proxy server, ip:127.0.0.1:56804
W0224 15:08:32.319587 385770944 NetModule.cpp:723] ready reconnect server, server id: 0
I0224 15:08:32.320255 385770944 NetConnector.cpp:216] connect to: 0.0.0.0:5001 success! 
I0224 15:51:36.788451 385770944 NetServer.cpp:88] delete io...127.0.0.1:56804
W0224 15:51:36.790483 186249216 ServerMgr.cpp:88] remove one proxy server, id: 30
W0224 15:51:36.790545 186249216 LoginServerThread.cpp:180] center server is disconnect, after 10s will be reconnect!
I0224 15:51:40.274859 385770944 NetServer.cpp:55] accept io...127.0.0.1:57278
I0224 15:51:40.276515 186249216 LoginServerThread.cpp:190] bind one connect: 127.0.0.1:57278
I0224 15:51:40.289599 186249216 ServerMgr.cpp:54] bind one proxy server, ip:127.0.0.1:57278
W0224 15:51:47.300529 385770944 NetModule.cpp:723] ready reconnect server, server id: 0
I0224 15:51:47.300738 385770944 NetConnector.cpp:216] connect to: 0.0.0.0:5001 success! 
I0224 16:34:07.785938 385770944 NetServer.cpp:88] delete io...127.0.0.1:57278
W0224 16:34:07.786480 186249216 ServerMgr.cpp:88] remove one proxy server, id: 30
W0224 16:34:07.786525 186249216 LoginServerThread.cpp:180] center server is disconnect, after 10s will be reconnect!
I0224 16:34:11.277709 385770944 NetServer.cpp:55] accept io...127.0.0.1:57727
I0224 16:34:11.278695 186249216 LoginServerThread.cpp:190] bind one connect: 127.0.0.1:57727
I0224 16:34:11.288714 186249216 ServerMgr.cpp:54] bind one proxy server, ip:127.0.0.1:57727
W0224 16:34:18.319010 385770944 NetModule.cpp:723] ready reconnect server, server id: 0
I0224 16:34:18.319247 385770944 NetConnector.cpp:216] connect to: 0.0.0.0:5001 success! 
I0224 17:14:50.790813 385770944 NetServer.cpp:88] delete io...127.0.0.1:57727
W0224 17:14:50.793584 186249216 ServerMgr.cpp:88] remove one proxy server, id: 30
W0224 17:14:50.793640 186249216 LoginServerThread.cpp:180] center server is disconnect, after 10s will be reconnect!
I0224 17:14:54.282596 385770944 NetServer.cpp:55] accept io...127.0.0.1:58200
I0224 17:14:54.283339 186249216 LoginServerThread.cpp:190] bind one connect: 127.0.0.1:58200
I0224 17:14:54.305891 186249216 ServerMgr.cpp:54] bind one proxy server, ip:127.0.0.1:58200
W0224 17:15:01.306020 385770944 NetModule.cpp:723] ready reconnect server, server id: 0
I0224 17:15:01.306243 385770944 NetConnector.cpp:216] connect to: 0.0.0.0:5001 success! 
I0224 17:56:17.795642 385770944 NetServer.cpp:88] delete io...127.0.0.1:58200
W0224 17:56:17.796468 186249216 ServerMgr.cpp:88] remove one proxy server, id: 30
W0224 17:56:17.796528 186249216 LoginServerThread.cpp:180] center server is disconnect, after 10s will be reconnect!
I0224 17:56:21.290972 385770944 NetServer.cpp:55] accept io...127.0.0.1:58657
I0224 17:56:21.291249 186249216 LoginServerThread.cpp:190] bind one connect: 127.0.0.1:58657
I0224 17:56:21.320085 186249216 ServerMgr.cpp:54] bind one proxy server, ip:127.0.0.1:58657
W0224 17:56:28.310765 385770944 NetModule.cpp:723] ready reconnect server, server id: 0
I0224 17:56:28.311028 385770944 NetConnector.cpp:216] connect to: 0.0.0.0:5001 success! 
I0224 18:37:54.794514 385770944 NetServer.cpp:88] delete io...127.0.0.1:58657
W0224 18:37:54.796273 186249216 ServerMgr.cpp:88] remove one proxy server, id: 30
W0224 18:37:54.796327 186249216 LoginServerThread.cpp:180] center server is disconnect, after 10s will be reconnect!
I0224 18:37:58.279388 385770944 NetServer.cpp:55] accept io...127.0.0.1:59111
I0224 18:37:58.280759 186249216 LoginServerThread.cpp:190] bind one connect: 127.0.0.1:59111
I0224 18:37:58.306726 186249216 ServerMgr.cpp:54] bind one proxy server, ip:127.0.0.1:59111
W0224 18:38:05.337802 385770944 NetModule.cpp:723] ready reconnect server, server id: 0
I0224 18:38:05.338001 385770944 NetConnector.cpp:216] connect to: 0.0.0.0:5001 success! 
I0224 19:19:44.800523 385770944 NetServer.cpp:88] delete io...127.0.0.1:59111
W0224 19:19:44.801846 186249216 ServerMgr.cpp:88] remove one proxy server, id: 30
W0224 19:19:44.804015 186249216 LoginServerThread.cpp:180] center server is disconnect, after 10s will be reconnect!
I0224 19:19:48.293766 385770944 NetServer.cpp:55] accept io...127.0.0.1:59575
I0224 19:19:48.295362 186249216 LoginServerThread.cpp:190] bind one connect: 127.0.0.1:59575
I0224 19:19:48.301424 186249216 ServerMgr.cpp:54] bind one proxy server, ip:127.0.0.1:59575
W0224 19:19:55.310391 385770944 NetModule.cpp:723] ready reconnect server, server id: 0
I0224 19:19:55.310552 385770944 NetConnector.cpp:216] connect to: 0.0.0.0:5001 success! 
I0224 20:02:38.800225 385770944 NetServer.cpp:88] delete io...127.0.0.1:59575
W0224 20:02:38.802191 186249216 ServerMgr.cpp:88] remove one proxy server, id: 30
W0224 20:02:38.810078 186249216 LoginServerThread.cpp:180] center server is disconnect, after 10s will be reconnect!
I0224 20:02:42.289944 385770944 NetServer.cpp:55] accept io...127.0.0.1:60039
I0224 20:02:42.290031 186249216 LoginServerThread.cpp:190] bind one connect: 127.0.0.1:60039
I0224 20:02:42.303035 186249216 ServerMgr.cpp:54] bind one proxy server, ip:127.0.0.1:60039
W0224 20:02:49.303436 385770944 NetModule.cpp:723] ready reconnect server, server id: 0
I0224 20:02:49.303627 385770944 NetConnector.cpp:216] connect to: 0.0.0.0:5001 success! 
I0224 20:42:04.801023 385770944 NetServer.cpp:88] delete io...127.0.0.1:60039
W0224 20:42:04.803272 186249216 ServerMgr.cpp:88] remove one proxy server, id: 30
W0224 20:42:04.807111 186249216 LoginServerThread.cpp:180] center server is disconnect, after 10s will be reconnect!
I0224 20:42:08.297353 385770944 NetServer.cpp:55] accept io...127.0.0.1:60516
I0224 20:42:08.300050 186249216 LoginServerThread.cpp:190] bind one connect: 127.0.0.1:60516
I0224 20:42:08.321059 186249216 ServerMgr.cpp:54] bind one proxy server, ip:127.0.0.1:60516
W0224 20:42:15.319062 385770944 NetModule.cpp:723] ready reconnect server, server id: 0
I0224 20:42:15.320098 385770944 NetConnector.cpp:216] connect to: 0.0.0.0:5001 success! 
I0224 21:19:10.823827 385770944 NetServer.cpp:88] delete io...127.0.0.1:60516
W0224 21:19:10.825762 186249216 ServerMgr.cpp:88] remove one proxy server, id: 30
W0224 21:19:10.832717 186249216 LoginServerThread.cpp:180] center server is disconnect, after 10s will be reconnect!
I0224 21:19:14.324306 385770944 NetServer.cpp:55] accept io...127.0.0.1:60982
I0224 21:19:14.326004 186249216 LoginServerThread.cpp:190] bind one connect: 127.0.0.1:60982
I0224 21:19:14.332165 186249216 ServerMgr.cpp:54] bind one proxy server, ip:127.0.0.1:60982
W0224 21:19:21.364331 385770944 NetModule.cpp:723] ready reconnect server, server id: 0
I0224 21:19:21.365350 385770944 NetConnector.cpp:216] connect to: 0.0.0.0:5001 success! 
I0224 21:54:28.812098 385770944 NetServer.cpp:88] delete io...127.0.0.1:60982
W0224 21:54:28.814152 186249216 ServerMgr.cpp:88] remove one proxy server, id: 30
W0224 21:54:28.815006 186249216 LoginServerThread.cpp:180] center server is disconnect, after 10s will be reconnect!
I0224 21:54:32.304451 385770944 NetServer.cpp:55] accept io...127.0.0.1:61471
I0224 21:54:32.305366 186249216 LoginServerThread.cpp:190] bind one connect: 127.0.0.1:61471
I0224 21:54:32.326486 186249216 ServerMgr.cpp:54] bind one proxy server, ip:127.0.0.1:61471
W0224 21:54:39.336704 385770944 NetModule.cpp:723] ready reconnect server, server id: 0
I0224 21:54:39.336935 385770944 NetConnector.cpp:216] connect to: 0.0.0.0:5001 success! 
I0224 22:37:57.804687 385770944 NetServer.cpp:88] delete io...127.0.0.1:61471
W0224 22:37:57.806421 186249216 ServerMgr.cpp:88] remove one proxy server, id: 30
W0224 22:37:57.806465 186249216 LoginServerThread.cpp:180] center server is disconnect, after 10s will be reconnect!
I0224 22:38:01.304055 385770944 NetServer.cpp:55] accept io...127.0.0.1:61961
I0224 22:38:01.305388 186249216 LoginServerThread.cpp:190] bind one connect: 127.0.0.1:61961
I0224 22:38:01.333422 186249216 ServerMgr.cpp:54] bind one proxy server, ip:127.0.0.1:61961
W0224 22:38:08.336030 385770944 NetModule.cpp:723] ready reconnect server, server id: 0
I0224 22:38:08.337007 385770944 NetConnector.cpp:216] connect to: 0.0.0.0:5001 success! 
I0224 23:21:03.812404 385770944 NetServer.cpp:88] delete io...127.0.0.1:61961
W0224 23:21:03.814251 186249216 ServerMgr.cpp:88] remove one proxy server, id: 30
W0224 23:21:03.832088 186249216 LoginServerThread.cpp:180] center server is disconnect, after 10s will be reconnect!
I0224 23:21:07.312288 385770944 NetServer.cpp:55] accept io...127.0.0.1:62412
I0224 23:21:07.312887 186249216 LoginServerThread.cpp:190] bind one connect: 127.0.0.1:62412
I0224 23:21:07.336298 186249216 ServerMgr.cpp:54] bind one proxy server, ip:127.0.0.1:62412
W0224 23:21:14.324381 385770944 NetModule.cpp:723] ready reconnect server, server id: 0
I0224 23:21:14.324641 385770944 NetConnector.cpp:216] connect to: 0.0.0.0:5001 success! 
W0225 00:00:26.799372 186249216 LoginServerThread.cpp:536] login server is across day.
I0225 00:00:26.817919 385770944 NetServer.cpp:88] delete io...127.0.0.1:62412
I0225 00:00:30.315239 385770944 NetServer.cpp:55] accept io...127.0.0.1:62871
W0225 00:00:32.816288 186249216 LoginServerThread.cpp:559] delete record_register_ip error, errno: 2003, error: Can't connect to MySQL server on '58.82.239.150' (51)
W0225 00:00:32.816434 186249216 ServerMgr.cpp:88] remove one proxy server, id: 30
W0225 00:00:32.816516 186249216 LoginServerThread.cpp:180] center server is disconnect, after 10s will be reconnect!
I0225 00:00:32.816594 186249216 LoginServerThread.cpp:190] bind one connect: 127.0.0.1:62871
I0225 00:00:32.816620 186249216 ServerMgr.cpp:54] bind one proxy server, ip:127.0.0.1:62871
W0225 00:00:42.884910 385770944 NetModule.cpp:723] ready reconnect server, server id: 0
I0225 00:00:42.885941 385770944 NetConnector.cpp:216] connect to: 0.0.0.0:5001 success! 
I0225 00:37:49.811990 385770944 NetServer.cpp:88] delete io...127.0.0.1:62871
W0225 00:37:49.812249 186249216 ServerMgr.cpp:88] remove one proxy server, id: 30
W0225 00:37:49.815906 186249216 LoginServerThread.cpp:180] center server is disconnect, after 10s will be reconnect!
I0225 00:37:53.297695 385770944 NetServer.cpp:55] accept io...127.0.0.1:63332
I0225 00:37:53.298537 186249216 LoginServerThread.cpp:190] bind one connect: 127.0.0.1:63332
I0225 00:37:53.315848 186249216 ServerMgr.cpp:54] bind one proxy server, ip:127.0.0.1:63332
W0225 00:37:59.847079 385770944 NetModule.cpp:723] ready reconnect server, server id: 0
I0225 00:37:59.847322 385770944 NetConnector.cpp:216] connect to: 0.0.0.0:5001 success! 
I0225 01:18:21.820375 385770944 NetServer.cpp:88] delete io...127.0.0.1:63332
W0225 01:18:21.820541 186249216 ServerMgr.cpp:88] remove one proxy server, id: 30
W0225 01:18:21.820603 186249216 LoginServerThread.cpp:180] center server is disconnect, after 10s will be reconnect!
I0225 01:18:25.314111 385770944 NetServer.cpp:55] accept io...127.0.0.1:63851
I0225 01:18:25.316656 186249216 LoginServerThread.cpp:190] bind one connect: 127.0.0.1:63851
I0225 01:18:25.337209 186249216 ServerMgr.cpp:54] bind one proxy server, ip:127.0.0.1:63851
W0225 01:18:32.347524 385770944 NetModule.cpp:723] ready reconnect server, server id: 0
I0225 01:18:32.347725 385770944 NetConnector.cpp:216] connect to: 0.0.0.0:5001 success! 
I0225 01:55:17.822022 385770944 NetServer.cpp:88] delete io...127.0.0.1:63851
W0225 01:55:17.824977 186249216 ServerMgr.cpp:88] remove one proxy server, id: 30
W0225 01:55:17.835059 186249216 LoginServerThread.cpp:180] center server is disconnect, after 10s will be reconnect!
I0225 01:55:21.319872 385770944 NetServer.cpp:55] accept io...127.0.0.1:64296
I0225 01:55:21.322360 186249216 LoginServerThread.cpp:190] bind one connect: 127.0.0.1:64296
I0225 01:55:21.347157 186249216 ServerMgr.cpp:54] bind one proxy server, ip:127.0.0.1:64296
W0225 01:55:28.336280 385770944 NetModule.cpp:723] ready reconnect server, server id: 0
I0225 01:55:28.337306 385770944 NetConnector.cpp:216] connect to: 0.0.0.0:5001 success! 
I0225 02:34:59.824213 385770944 NetServer.cpp:88] delete io...127.0.0.1:64296
W0225 02:34:59.826236 186249216 ServerMgr.cpp:88] remove one proxy server, id: 30
W0225 02:34:59.833906 186249216 LoginServerThread.cpp:180] center server is disconnect, after 10s will be reconnect!
I0225 02:35:03.311646 385770944 NetServer.cpp:55] accept io...127.0.0.1:64760
I0225 02:35:03.313218 186249216 LoginServerThread.cpp:190] bind one connect: 127.0.0.1:64760
I0225 02:35:03.332242 186249216 ServerMgr.cpp:54] bind one proxy server, ip:127.0.0.1:64760
W0225 02:35:09.858479 385770944 NetModule.cpp:723] ready reconnect server, server id: 0
I0225 02:35:09.858700 385770944 NetConnector.cpp:216] connect to: 0.0.0.0:5001 success! 
I0225 03:18:08.823441 385770944 NetServer.cpp:88] delete io...127.0.0.1:64760
W0225 03:18:08.823590 186249216 ServerMgr.cpp:88] remove one proxy server, id: 30
W0225 03:18:08.840090 186249216 LoginServerThread.cpp:180] center server is disconnect, after 10s will be reconnect!
I0225 03:18:12.323144 385770944 NetServer.cpp:55] accept io...127.0.0.1:65231
I0225 03:18:12.323588 186249216 LoginServerThread.cpp:190] bind one connect: 127.0.0.1:65231
I0225 03:18:12.340605 186249216 ServerMgr.cpp:54] bind one proxy server, ip:127.0.0.1:65231
W0225 03:18:18.852371 385770944 NetModule.cpp:723] ready reconnect server, server id: 0
I0225 03:18:18.852576 385770944 NetConnector.cpp:216] connect to: 0.0.0.0:5001 success! 
I0225 03:54:25.818852 385770944 NetServer.cpp:88] delete io...127.0.0.1:65231
W0225 03:54:25.820312 186249216 ServerMgr.cpp:88] remove one proxy server, id: 30
W0225 03:54:25.835908 186249216 LoginServerThread.cpp:180] center server is disconnect, after 10s will be reconnect!
I0225 03:54:29.318203 385770944 NetServer.cpp:55] accept io...127.0.0.1:49335
I0225 03:54:29.320369 186249216 LoginServerThread.cpp:190] bind one connect: 127.0.0.1:49335
I0225 03:54:29.328891 186249216 ServerMgr.cpp:54] bind one proxy server, ip:127.0.0.1:49335
W0225 03:54:36.332929 385770944 NetModule.cpp:723] ready reconnect server, server id: 0
I0225 03:54:36.333197 385770944 NetConnector.cpp:216] connect to: 0.0.0.0:5001 success! 
I0225 04:37:29.831360 385770944 NetServer.cpp:88] delete io...127.0.0.1:49335
W0225 04:37:29.832607 186249216 ServerMgr.cpp:88] remove one proxy server, id: 30
W0225 04:37:29.841604 186249216 LoginServerThread.cpp:180] center server is disconnect, after 10s will be reconnect!
I0225 04:37:33.324993 385770944 NetServer.cpp:55] accept io...127.0.0.1:49801
I0225 04:37:33.326967 186249216 LoginServerThread.cpp:190] bind one connect: 127.0.0.1:49801
I0225 04:37:33.340862 186249216 ServerMgr.cpp:54] bind one proxy server, ip:127.0.0.1:49801
W0225 04:37:39.864209 385770944 NetModule.cpp:723] ready reconnect server, server id: 0
I0225 04:37:39.864432 385770944 NetConnector.cpp:216] connect to: 0.0.0.0:5001 success! 
I0225 05:15:56.830377 385770944 NetServer.cpp:88] delete io...127.0.0.1:49801
W0225 05:15:56.831604 186249216 ServerMgr.cpp:88] remove one proxy server, id: 30
W0225 05:15:56.831650 186249216 LoginServerThread.cpp:180] center server is disconnect, after 10s will be reconnect!
I0225 05:16:00.333243 385770944 NetServer.cpp:55] accept io...127.0.0.1:50252
I0225 05:16:00.335058 186249216 LoginServerThread.cpp:190] bind one connect: 127.0.0.1:50252
I0225 05:16:00.361881 186249216 ServerMgr.cpp:54] bind one proxy server, ip:127.0.0.1:50252
W0225 05:16:07.349519 385770944 NetModule.cpp:723] ready reconnect server, server id: 0
I0225 05:16:07.350562 385770944 NetConnector.cpp:216] connect to: 0.0.0.0:5001 success! 
I0225 05:53:48.833122 385770944 NetServer.cpp:88] delete io...127.0.0.1:50252
W0225 05:53:48.833312 186249216 ServerMgr.cpp:88] remove one proxy server, id: 30
