Log file created at: 2019/03/01 10:11:08
Running on machine: henisdeMBP.mshome.net
Log line format: [IWEF]mmdd hh:mm:ss.uuuuuu threadid file:line] msg
I0301 10:11:08.593487 405427648 LoginServer.cpp:45] 正在启动登录服务器...
I0301 10:11:08.596426 405427648 NetModule.h:71] Init NetModule Finished.
I0301 10:11:08.598806 405427648 NetModule.h:78] start work thread 0...
I0301 10:11:08.598829 405427648 NetModule.cpp:69] Start Run NetModule...
I0301 10:11:08.598856 405427648 NetModule.cpp:88] NetModule Already Startover.
W0301 10:11:08.599686 405427648 LoginServer.cpp:65] listen at: 0.0.0.0:7001
I0301 10:11:08.600010 405427648 NetModule.cpp:136] Create one server...
I0301 10:11:08.600126 405427648 NetConnector.cpp:216] connect to: 0.0.0.0:5001 success! 
I0301 10:11:08.796149 405427648 NetServer.cpp:55] accept io...127.0.0.1:52927
I0301 10:11:08.798120 232783872 LoginServerThread.cpp:190] bind one connect: 127.0.0.1:52927
I0301 10:11:08.803073 232783872 ServerMgr.cpp:54] bind one proxy server, ip:127.0.0.1:52927
I0301 10:11:10.399588 232783872 LoginServerThread.cpp:7703] load game kind succ!
I0301 10:11:10.513442 232783872 LoginServerThread.cpp:7814] load game room kind succ!
I0301 10:11:10.966018 232783872 LoginServerThread.cpp:8181] load system status succ!
I0301 10:11:11.079028 232783872 LoginServerThread.cpp:7883] load vip config succ!
I0301 10:11:11.191990 232783872 LoginServerThread.cpp:7915] load vip2 config succ!
I0301 10:11:11.413852 232783872 LoginServerThread.cpp:8206] load channel show exchange succ!
I0301 10:11:11.526908 232783872 LoginServerThread.cpp:8236] load exchange info succ!
I0301 10:11:11.666790 232783872 LoginServerThread.cpp:8263] load channel prsent score succ!
I0301 10:11:11.802309 232783872 LoginServerThread.cpp:8287] load channel register mail succ!
I0301 10:11:11.915171 232783872 LoginServerThread.cpp:7943] load benefit config succ!
I0301 10:11:12.027926 232783872 LoginServerThread.cpp:8010] load game version succ!
W0301 10:11:12.368575 232783872 LoginServerThread.cpp:328] loginserver start succ.
W0301 11:33:17.331326 233320448 LoginRecordThread.cpp:101] insert user login record fail. errno: -1, error msg: mysql not opened yet!
W0301 11:35:23.457355 233320448 LoginRecordThread.cpp:101] insert user login record fail. errno: -1, error msg: mysql not opened yet!
W0301 21:14:25.173463 232783872 LoginServerThread.cpp:7447] GetIpRegisterCount error, error = 2003, error msg: Can't connect to MySQL server on '58.82.239.150' (60)
I0301 22:13:30.578339 405427648 NetServer.cpp:88] delete io...127.0.0.1:52927
W0301 22:13:30.578467 232783872 ServerMgr.cpp:88] remove one proxy server, id: 30
W0301 22:13:30.582561 232783872 LoginServerThread.cpp:180] center server is disconnect, after 10s will be reconnect!
I0301 22:13:34.101886 405427648 NetServer.cpp:55] accept io...127.0.0.1:55932
I0301 22:13:34.103019 232783872 LoginServerThread.cpp:190] bind one connect: 127.0.0.1:55932
I0301 22:13:34.120445 232783872 ServerMgr.cpp:54] bind one proxy server, ip:127.0.0.1:55932
W0301 22:13:41.154098 405427648 NetModule.cpp:723] ready reconnect server, server id: 0
I0301 22:13:41.155661 405427648 NetConnector.cpp:216] connect to: 0.0.0.0:5001 success! 
I0301 22:50:19.951054 405427648 NetServer.cpp:88] delete io...127.0.0.1:55932
W0301 22:50:19.951736 232783872 ServerMgr.cpp:88] remove one proxy server, id: 30
W0301 22:50:19.952028 232783872 LoginServerThread.cpp:180] center server is disconnect, after 10s will be reconnect!
I0301 22:50:23.437371 405427648 NetServer.cpp:55] accept io...127.0.0.1:56025
I0301 22:50:23.438196 232783872 LoginServerThread.cpp:190] bind one connect: 127.0.0.1:56025
I0301 22:50:23.451161 232783872 ServerMgr.cpp:54] bind one proxy server, ip:127.0.0.1:56025
W0301 22:50:30.478555 405427648 NetModule.cpp:723] ready reconnect server, server id: 0
I0301 22:50:30.479290 405427648 NetConnector.cpp:216] connect to: 0.0.0.0:5001 success! 
I0301 23:34:41.949304 405427648 NetServer.cpp:88] delete io...127.0.0.1:56025
W0301 23:34:41.949719 232783872 ServerMgr.cpp:88] remove one proxy server, id: 30
W0301 23:34:41.959664 232783872 LoginServerThread.cpp:180] center server is disconnect, after 10s will be reconnect!
I0301 23:34:45.449379 405427648 NetServer.cpp:55] accept io...127.0.0.1:56056
I0301 23:34:45.450860 232783872 LoginServerThread.cpp:190] bind one connect: 127.0.0.1:56056
I0301 23:34:45.464686 232783872 ServerMgr.cpp:54] bind one proxy server, ip:127.0.0.1:56056
W0301 23:34:52.478473 405427648 NetModule.cpp:723] ready reconnect server, server id: 0
I0301 23:34:52.478696 405427648 NetConnector.cpp:216] connect to: 0.0.0.0:5001 success! 
W0302 00:10:14.963902 232783872 LoginServerThread.cpp:536] login server is across day.
I0302 00:10:14.982286 405427648 NetServer.cpp:88] delete io...127.0.0.1:56056
I0302 00:10:18.479882 405427648 NetServer.cpp:55] accept io...127.0.0.1:56099
W0302 00:10:47.216467 232783872 ServerMgr.cpp:88] remove one proxy server, id: 30
W0302 00:10:47.218241 232783872 LoginServerThread.cpp:180] center server is disconnect, after 10s will be reconnect!
I0302 00:10:47.218355 232783872 LoginServerThread.cpp:190] bind one connect: 127.0.0.1:56099
I0302 00:10:47.218381 232783872 ServerMgr.cpp:54] bind one proxy server, ip:127.0.0.1:56099
W0302 00:10:57.670739 405427648 NetModule.cpp:723] ready reconnect server, server id: 0
I0302 00:10:57.670933 405427648 NetConnector.cpp:216] connect to: 0.0.0.0:5001 success! 
I0302 00:48:13.992751 405427648 NetServer.cpp:88] delete io...127.0.0.1:56099
W0302 00:48:13.992815 232783872 ServerMgr.cpp:88] remove one proxy server, id: 30
W0302 00:48:13.996219 232783872 LoginServerThread.cpp:180] center server is disconnect, after 10s will be reconnect!
I0302 00:48:17.483314 405427648 NetServer.cpp:55] accept io...127.0.0.1:56159
I0302 00:48:17.486058 232783872 LoginServerThread.cpp:190] bind one connect: 127.0.0.1:56159
I0302 00:48:17.488485 232783872 ServerMgr.cpp:54] bind one proxy server, ip:127.0.0.1:56159
W0302 00:48:24.523331 405427648 NetModule.cpp:723] ready reconnect server, server id: 0
I0302 00:48:24.524454 405427648 NetConnector.cpp:216] connect to: 0.0.0.0:5001 success! 
I0302 01:27:10.989624 405427648 NetServer.cpp:88] delete io...127.0.0.1:56159
W0302 01:27:10.990670 232783872 ServerMgr.cpp:88] remove one proxy server, id: 30
W0302 01:27:11.016564 232783872 LoginServerThread.cpp:180] center server is disconnect, after 10s will be reconnect!
I0302 01:27:14.476013 405427648 NetServer.cpp:55] accept io...127.0.0.1:56179
I0302 01:27:14.477789 232783872 LoginServerThread.cpp:190] bind one connect: 127.0.0.1:56179
I0302 01:27:14.489711 232783872 ServerMgr.cpp:54] bind one proxy server, ip:127.0.0.1:56179
W0302 01:27:21.519698 405427648 NetModule.cpp:723] ready reconnect server, server id: 0
I0302 01:27:21.520789 405427648 NetConnector.cpp:216] connect to: 0.0.0.0:5001 success! 
I0302 02:02:13.991214 405427648 NetServer.cpp:88] delete io...127.0.0.1:56179
W0302 02:02:13.991472 232783872 ServerMgr.cpp:88] remove one proxy server, id: 30
W0302 02:02:14.000805 232783872 LoginServerThread.cpp:180] center server is disconnect, after 10s will be reconnect!
I0302 02:02:17.487298 405427648 NetServer.cpp:55] accept io...127.0.0.1:56216
I0302 02:02:17.490108 232783872 LoginServerThread.cpp:190] bind one connect: 127.0.0.1:56216
I0302 02:02:17.517207 232783872 ServerMgr.cpp:54] bind one proxy server, ip:127.0.0.1:56216
W0302 02:02:24.514653 405427648 NetModule.cpp:723] ready reconnect server, server id: 0
I0302 02:02:24.514742 405427648 NetConnector.cpp:216] connect to: 0.0.0.0:5001 success! 
I0302 02:39:20.030519 405427648 NetServer.cpp:88] delete io...127.0.0.1:56216
W0302 02:39:20.032891 232783872 ServerMgr.cpp:88] remove one proxy server, id: 30
W0302 02:39:20.037101 232783872 LoginServerThread.cpp:180] center server is disconnect, after 10s will be reconnect!
I0302 02:39:23.524077 405427648 NetServer.cpp:55] accept io...127.0.0.1:56283
I0302 02:39:23.526608 232783872 LoginServerThread.cpp:190] bind one connect: 127.0.0.1:56283
I0302 02:39:23.540719 232783872 ServerMgr.cpp:54] bind one proxy server, ip:127.0.0.1:56283
W0302 02:39:30.544656 405427648 NetModule.cpp:723] ready reconnect server, server id: 0
I0302 02:39:30.545107 405427648 NetConnector.cpp:216] connect to: 0.0.0.0:5001 success! 
I0302 03:22:46.038830 405427648 NetServer.cpp:88] delete io...127.0.0.1:56283
W0302 03:22:46.040498 232783872 ServerMgr.cpp:88] remove one proxy server, id: 30
W0302 03:22:46.045290 232783872 LoginServerThread.cpp:180] center server is disconnect, after 10s will be reconnect!
I0302 03:22:49.533330 405427648 NetServer.cpp:55] accept io...127.0.0.1:56333
I0302 03:22:49.536176 232783872 LoginServerThread.cpp:190] bind one connect: 127.0.0.1:56333
I0302 03:22:49.564944 232783872 ServerMgr.cpp:54] bind one proxy server, ip:127.0.0.1:56333
W0302 03:22:56.569489 405427648 NetModule.cpp:723] ready reconnect server, server id: 0
I0302 03:22:56.570528 405427648 NetConnector.cpp:216] connect to: 0.0.0.0:5001 success! 
I0302 04:04:07.060560 405427648 NetServer.cpp:88] delete io...127.0.0.1:56333
W0302 04:04:07.062203 232783872 ServerMgr.cpp:88] remove one proxy server, id: 30
W0302 04:04:07.069778 232783872 LoginServerThread.cpp:180] center server is disconnect, after 10s will be reconnect!
I0302 04:04:10.545563 405427648 NetServer.cpp:55] accept io...127.0.0.1:56404
I0302 04:04:10.548070 232783872 LoginServerThread.cpp:190] bind one connect: 127.0.0.1:56404
I0302 04:04:10.573138 232783872 ServerMgr.cpp:54] bind one proxy server, ip:127.0.0.1:56404
W0302 04:04:17.083063 405427648 NetModule.cpp:723] ready reconnect server, server id: 0
I0302 04:04:17.083492 405427648 NetConnector.cpp:216] connect to: 0.0.0.0:5001 success! 
I0302 04:47:51.074153 405427648 NetServer.cpp:88] delete io...127.0.0.1:56404
W0302 04:47:51.076097 232783872 ServerMgr.cpp:88] remove one proxy server, id: 30
W0302 04:47:51.078505 232783872 LoginServerThread.cpp:180] center server is disconnect, after 10s will be reconnect!
I0302 04:47:54.566256 405427648 NetServer.cpp:55] accept io...127.0.0.1:56475
I0302 04:47:54.569008 232783872 LoginServerThread.cpp:190] bind one connect: 127.0.0.1:56475
I0302 04:47:54.580978 232783872 ServerMgr.cpp:54] bind one proxy server, ip:127.0.0.1:56475
W0302 04:48:01.095093 405427648 NetModule.cpp:723] ready reconnect server, server id: 0
I0302 04:48:01.095607 405427648 NetConnector.cpp:216] connect to: 0.0.0.0:5001 success! 
I0302 05:26:55.089270 405427648 NetServer.cpp:88] delete io...127.0.0.1:56475
W0302 05:26:55.090610 232783872 ServerMgr.cpp:88] remove one proxy server, id: 30
W0302 05:26:55.093096 232783872 LoginServerThread.cpp:180] center server is disconnect, after 10s will be reconnect!
I0302 05:26:58.584913 405427648 NetServer.cpp:55] accept io...127.0.0.1:56529
I0302 05:26:58.587154 232783872 LoginServerThread.cpp:190] bind one connect: 127.0.0.1:56529
I0302 05:26:58.590209 232783872 ServerMgr.cpp:54] bind one proxy server, ip:127.0.0.1:56529
W0302 05:27:05.607914 405427648 NetModule.cpp:723] ready reconnect server, server id: 0
I0302 05:27:05.609104 405427648 NetConnector.cpp:216] connect to: 0.0.0.0:5001 success! 
I0302 06:08:56.106384 405427648 NetServer.cpp:88] delete io...127.0.0.1:56529
W0302 06:08:56.106638 232783872 ServerMgr.cpp:88] remove one proxy server, id: 30
W0302 06:08:56.113400 232783872 LoginServerThread.cpp:180] center server is disconnect, after 10s will be reconnect!
I0302 06:08:59.600922 405427648 NetServer.cpp:55] accept io...127.0.0.1:56579
I0302 06:08:59.603251 232783872 LoginServerThread.cpp:190] bind one connect: 127.0.0.1:56579
I0302 06:08:59.629679 232783872 ServerMgr.cpp:54] bind one proxy server, ip:127.0.0.1:56579
W0302 06:09:06.645241 405427648 NetModule.cpp:723] ready reconnect server, server id: 0
I0302 06:09:06.646281 405427648 NetConnector.cpp:216] connect to: 0.0.0.0:5001 success! 
I0302 06:50:12.120407 405427648 NetServer.cpp:88] delete io...127.0.0.1:56579
W0302 06:50:12.120442 232783872 ServerMgr.cpp:88] remove one proxy server, id: 30
W0302 06:50:12.128260 232783872 LoginServerThread.cpp:180] center server is disconnect, after 10s will be reconnect!
I0302 06:50:15.610782 405427648 NetServer.cpp:55] accept io...127.0.0.1:56633
I0302 06:50:15.613566 232783872 LoginServerThread.cpp:190] bind one connect: 127.0.0.1:56633
I0302 06:50:15.642518 232783872 ServerMgr.cpp:54] bind one proxy server, ip:127.0.0.1:56633
W0302 06:50:22.139194 405427648 NetModule.cpp:723] ready reconnect server, server id: 0
I0302 06:50:22.139278 405427648 NetConnector.cpp:216] connect to: 0.0.0.0:5001 success! 
I0302 07:34:32.119290 405427648 NetServer.cpp:88] delete io...127.0.0.1:56633
W0302 07:34:32.119308 232783872 ServerMgr.cpp:88] remove one proxy server, id: 30
W0302 07:34:32.129523 232783872 LoginServerThread.cpp:180] center server is disconnect, after 10s will be reconnect!
I0302 07:34:35.621795 405427648 NetServer.cpp:55] accept io...127.0.0.1:56651
I0302 07:34:35.623344 232783872 LoginServerThread.cpp:190] bind one connect: 127.0.0.1:56651
I0302 07:34:35.630797 232783872 ServerMgr.cpp:54] bind one proxy server, ip:127.0.0.1:56651
W0302 07:34:42.159515 405427648 NetModule.cpp:723] ready reconnect server, server id: 0
I0302 07:34:42.159715 405427648 NetConnector.cpp:216] connect to: 0.0.0.0:5001 success! 
I0302 08:15:10.122301 405427648 NetServer.cpp:88] delete io...127.0.0.1:56651
W0302 08:15:10.124495 232783872 ServerMgr.cpp:88] remove one proxy server, id: 30
W0302 08:15:10.130851 232783872 LoginServerThread.cpp:180] center server is disconnect, after 10s will be reconnect!
I0302 08:15:13.627611 405427648 NetServer.cpp:55] accept io...127.0.0.1:56688
I0302 08:15:13.630350 232783872 LoginServerThread.cpp:190] bind one connect: 127.0.0.1:56688
I0302 08:15:13.655593 232783872 ServerMgr.cpp:54] bind one proxy server, ip:127.0.0.1:56688
W0302 08:15:20.155897 405427648 NetModule.cpp:723] ready reconnect server, server id: 0
I0302 08:15:20.156289 405427648 NetConnector.cpp:216] connect to: 0.0.0.0:5001 success! 
I0302 08:52:33.167212 405427648 NetServer.cpp:88] delete io...127.0.0.1:56688
W0302 08:52:33.167307 232783872 ServerMgr.cpp:88] remove one proxy server, id: 30
W0302 08:52:33.171914 232783872 LoginServerThread.cpp:180] center server is disconnect, after 10s will be reconnect!
I0302 08:52:36.667889 405427648 NetServer.cpp:55] accept io...127.0.0.1:56760
I0302 08:52:36.669322 232783872 LoginServerThread.cpp:190] bind one connect: 127.0.0.1:56760
I0302 08:52:36.684523 232783872 ServerMgr.cpp:54] bind one proxy server, ip:127.0.0.1:56760
W0302 08:52:43.698105 405427648 NetModule.cpp:723] ready reconnect server, server id: 0
I0302 08:52:43.698341 405427648 NetConnector.cpp:216] connect to: 0.0.0.0:5001 success! 
I0302 09:37:17.171248 405427648 NetServer.cpp:88] delete io...127.0.0.1:56760
W0302 09:37:17.171725 232783872 ServerMgr.cpp:88] remove one proxy server, id: 30
W0302 09:37:17.171980 232783872 LoginServerThread.cpp:180] center server is disconnect, after 10s will be reconnect!
I0302 09:37:20.651240 405427648 NetServer.cpp:55] accept io...127.0.0.1:56781
I0302 09:37:20.653146 232783872 LoginServerThread.cpp:190] bind one connect: 127.0.0.1:56781
I0302 09:37:20.675606 232783872 ServerMgr.cpp:54] bind one proxy server, ip:127.0.0.1:56781
W0302 09:37:27.681161 405427648 NetModule.cpp:723] ready reconnect server, server id: 0
I0302 09:37:27.681387 405427648 NetConnector.cpp:216] connect to: 0.0.0.0:5001 success! 
I0302 09:54:45.543154 405427648 NetServer.cpp:88] delete io...127.0.0.1:56781
W0302 09:54:45.543610 232783872 ServerMgr.cpp:88] remove one proxy server, id: 30
W0302 09:54:45.556980 232783872 LoginServerThread.cpp:180] center server is disconnect, after 10s will be reconnect!
I0302 09:54:49.033064 405427648 NetServer.cpp:55] accept io...127.0.0.1:56851
I0302 09:54:49.035115 232783872 LoginServerThread.cpp:190] bind one connect: 127.0.0.1:56851
I0302 09:54:49.042701 232783872 ServerMgr.cpp:54] bind one proxy server, ip:127.0.0.1:56851
W0302 09:54:56.050225 405427648 NetModule.cpp:723] ready reconnect server, server id: 0
I0302 09:54:56.050318 405427648 NetConnector.cpp:216] connect to: 0.0.0.0:5001 success! 
W0302 20:55:47.466940 232783872 ServerMgr.cpp:88] remove one proxy server, id: 30
I0302 20:55:47.472340 405427648 NetServer.cpp:88] delete io...127.0.0.1:56851
W0302 20:55:47.477921 232783872 LoginServerThread.cpp:180] center server is disconnect, after 10s will be reconnect!
I0302 20:55:50.952834 405427648 NetServer.cpp:55] accept io...127.0.0.1:58785
I0302 20:55:50.954614 232783872 LoginServerThread.cpp:190] bind one connect: 127.0.0.1:58785
I0302 20:55:50.969507 232783872 ServerMgr.cpp:54] bind one proxy server, ip:127.0.0.1:58785
W0302 20:55:57.976723 405427648 NetModule.cpp:723] ready reconnect server, server id: 0
I0302 20:55:57.976995 405427648 NetConnector.cpp:216] connect to: 0.0.0.0:5001 success! 
W0302 21:32:30.474828 232783872 ServerMgr.cpp:88] remove one proxy server, id: 30
I0302 21:32:30.474841 405427648 NetServer.cpp:88] delete io...127.0.0.1:58785
W0302 21:32:30.478418 232783872 LoginServerThread.cpp:180] center server is disconnect, after 10s will be reconnect!
I0302 21:32:33.970675 405427648 NetServer.cpp:55] accept io...127.0.0.1:58801
I0302 21:32:33.973356 232783872 LoginServerThread.cpp:190] bind one connect: 127.0.0.1:58801
I0302 21:32:33.979003 232783872 ServerMgr.cpp:54] bind one proxy server, ip:127.0.0.1:58801
W0302 21:32:41.004176 405427648 NetModule.cpp:723] ready reconnect server, server id: 0
I0302 21:32:41.004408 405427648 NetConnector.cpp:216] connect to: 0.0.0.0:5001 success! 
I0302 22:07:36.472916 405427648 NetServer.cpp:88] delete io...127.0.0.1:58801
W0302 22:07:36.475296 232783872 ServerMgr.cpp:88] remove one proxy server, id: 30
W0302 22:07:36.500622 232783872 LoginServerThread.cpp:180] center server is disconnect, after 10s will be reconnect!
I0302 22:07:40.192891 405427648 NetServer.cpp:55] accept io...127.0.0.1:58824
I0302 22:07:40.194826 232783872 LoginServerThread.cpp:190] bind one connect: 127.0.0.1:58824
I0302 22:07:40.212838 232783872 ServerMgr.cpp:54] bind one proxy server, ip:127.0.0.1:58824
W0302 22:07:46.734735 405427648 NetModule.cpp:723] ready reconnect server, server id: 0
I0302 22:07:46.735967 405427648 NetConnector.cpp:216] connect to: 0.0.0.0:5001 success! 
I0302 22:46:24.062083 405427648 NetServer.cpp:88] delete io...127.0.0.1:58824
W0302 22:46:24.062666 232783872 ServerMgr.cpp:88] remove one proxy server, id: 30
W0302 22:46:24.073273 232783872 LoginServerThread.cpp:180] center server is disconnect, after 10s will be reconnect!
I0302 22:46:27.566937 405427648 NetServer.cpp:55] accept io...127.0.0.1:58891
I0302 22:46:27.569494 232783872 LoginServerThread.cpp:190] bind one connect: 127.0.0.1:58891
I0302 22:46:27.583712 232783872 ServerMgr.cpp:54] bind one proxy server, ip:127.0.0.1:58891
W0302 22:46:34.089184 405427648 NetModule.cpp:723] ready reconnect server, server id: 0
I0302 22:46:34.089330 405427648 NetConnector.cpp:216] connect to: 0.0.0.0:5001 success! 
W0302 23:24:40.075798 232783872 ServerMgr.cpp:88] remove one proxy server, id: 30
I0302 23:24:40.085114 405427648 NetServer.cpp:88] delete io...127.0.0.1:58891
W0302 23:24:40.087497 232783872 LoginServerThread.cpp:180] center server is disconnect, after 10s will be reconnect!
I0302 23:24:43.562486 405427648 NetServer.cpp:55] accept io...127.0.0.1:58925
I0302 23:24:43.563742 232783872 LoginServerThread.cpp:190] bind one connect: 127.0.0.1:58925
I0302 23:24:43.594640 232783872 ServerMgr.cpp:54] bind one proxy server, ip:127.0.0.1:58925
W0302 23:24:50.607214 405427648 NetModule.cpp:723] ready reconnect server, server id: 0
I0302 23:24:50.608242 405427648 NetConnector.cpp:216] connect to: 0.0.0.0:5001 success! 
W0303 00:09:43.069557 232783872 LoginServerThread.cpp:536] login server is across day.
I0303 00:09:43.089478 405427648 NetServer.cpp:88] delete io...127.0.0.1:58925
W0303 00:09:43.092244 232783872 LoginServerThread.cpp:559] delete record_register_ip error, errno: 2003, error: Can't connect to MySQL server on '58.82.239.150' (50)
W0303 00:09:43.092305 232783872 ServerMgr.cpp:88] remove one proxy server, id: 30
W0303 00:09:43.094808 232783872 LoginServerThread.cpp:180] center server is disconnect, after 10s will be reconnect!
I0303 00:09:46.587168 405427648 NetServer.cpp:55] accept io...127.0.0.1:58977
I0303 00:09:46.589243 232783872 LoginServerThread.cpp:190] bind one connect: 127.0.0.1:58977
I0303 00:09:46.608647 232783872 ServerMgr.cpp:54] bind one proxy server, ip:127.0.0.1:58977
W0303 00:09:53.606328 405427648 NetModule.cpp:723] ready reconnect server, server id: 0
I0303 00:09:53.607277 405427648 NetConnector.cpp:216] connect to: 0.0.0.0:5001 success! 
I0303 00:44:46.099948 405427648 NetServer.cpp:88] delete io...127.0.0.1:58977
W0303 00:44:46.101107 232783872 ServerMgr.cpp:88] remove one proxy server, id: 30
W0303 00:44:46.110016 232783872 LoginServerThread.cpp:180] center server is disconnect, after 10s will be reconnect!
I0303 00:44:49.599750 405427648 NetServer.cpp:55] accept io...127.0.0.1:59038
I0303 00:44:49.600949 232783872 LoginServerThread.cpp:190] bind one connect: 127.0.0.1:59038
I0303 00:44:49.618000 232783872 ServerMgr.cpp:54] bind one proxy server, ip:127.0.0.1:59038
W0303 00:44:56.630635 405427648 NetModule.cpp:723] ready reconnect server, server id: 0
I0303 00:44:56.630877 405427648 NetConnector.cpp:216] connect to: 0.0.0.0:5001 success! 
I0303 01:25:04.107919 405427648 NetServer.cpp:88] delete io...127.0.0.1:59038
W0303 01:25:04.109071 232783872 ServerMgr.cpp:88] remove one proxy server, id: 30
W0303 01:25:04.118253 232783872 LoginServerThread.cpp:180] center server is disconnect, after 10s will be reconnect!
I0303 01:25:07.617465 405427648 NetServer.cpp:55] accept io...127.0.0.1:59052
I0303 01:25:07.619588 232783872 LoginServerThread.cpp:190] bind one connect: 127.0.0.1:59052
I0303 01:25:07.643124 232783872 ServerMgr.cpp:54] bind one proxy server, ip:127.0.0.1:59052
W0303 01:25:14.636961 405427648 NetModule.cpp:723] ready reconnect server, server id: 0
I0303 01:25:14.637156 405427648 NetConnector.cpp:216] connect to: 127.0.0.1:5001 success! 
I0303 02:07:29.111279 405427648 NetServer.cpp:88] delete io...127.0.0.1:59052
W0303 02:07:29.120445 232783872 ServerMgr.cpp:88] remove one proxy server, id: 30
W0303 02:07:29.123267 232783872 LoginServerThread.cpp:180] center server is disconnect, after 10s will be reconnect!
I0303 02:07:32.608585 405427648 NetServer.cpp:55] accept io...127.0.0.1:59077
I0303 02:07:32.611371 232783872 LoginServerThread.cpp:190] bind one connect: 127.0.0.1:59077
I0303 02:07:32.632874 232783872 ServerMgr.cpp:54] bind one proxy server, ip:127.0.0.1:59077
W0303 02:07:39.633625 405427648 NetModule.cpp:723] ready reconnect server, server id: 0
I0303 02:07:39.634039 405427648 NetConnector.cpp:216] connect to: 127.0.0.1:5001 success! 
I0303 02:50:02.139855 405427648 NetServer.cpp:88] delete io...127.0.0.1:59077
W0303 02:50:02.142246 232783872 ServerMgr.cpp:88] remove one proxy server, id: 30
W0303 02:50:02.151592 232783872 LoginServerThread.cpp:180] center server is disconnect, after 10s will be reconnect!
I0303 02:50:05.639940 405427648 NetServer.cpp:55] accept io...127.0.0.1:59131
I0303 02:50:05.641723 232783872 LoginServerThread.cpp:190] bind one connect: 127.0.0.1:59131
I0303 02:50:05.653455 232783872 ServerMgr.cpp:54] bind one proxy server, ip:127.0.0.1:59131
W0303 02:50:12.674280 405427648 NetModule.cpp:723] ready reconnect server, server id: 0
I0303 02:50:12.674509 405427648 NetConnector.cpp:216] connect to: 0.0.0.0:5001 success! 
I0303 03:25:27.158432 405427648 NetServer.cpp:88] delete io...127.0.0.1:59131
W0303 03:25:27.160115 232783872 ServerMgr.cpp:88] remove one proxy server, id: 30
W0303 03:25:27.168895 232783872 LoginServerThread.cpp:180] center server is disconnect, after 10s will be reconnect!
I0303 03:25:30.650643 405427648 NetServer.cpp:55] accept io...127.0.0.1:59172
I0303 03:25:30.652391 232783872 LoginServerThread.cpp:190] bind one connect: 127.0.0.1:59172
I0303 03:25:30.674341 232783872 ServerMgr.cpp:54] bind one proxy server, ip:127.0.0.1:59172
W0303 03:25:37.676363 405427648 NetModule.cpp:723] ready reconnect server, server id: 0
I0303 03:25:37.676579 405427648 NetConnector.cpp:216] connect to: 0.0.0.0:5001 success! 
I0303 04:01:34.168915 405427648 NetServer.cpp:88] delete io...127.0.0.1:59172
W0303 04:01:34.170924 232783872 ServerMgr.cpp:88] remove one proxy server, id: 30
W0303 04:01:34.173430 232783872 LoginServerThread.cpp:180] center server is disconnect, after 10s will be reconnect!
I0303 04:01:37.662581 405427648 NetServer.cpp:55] accept io...127.0.0.1:59222
I0303 04:01:37.663377 232783872 LoginServerThread.cpp:190] bind one connect: 127.0.0.1:59222
I0303 04:01:37.665947 232783872 ServerMgr.cpp:54] bind one proxy server, ip:127.0.0.1:59222
W0303 04:01:44.698355 405427648 NetModule.cpp:723] ready reconnect server, server id: 0
I0303 04:01:44.698595 405427648 NetConnector.cpp:216] connect to: 0.0.0.0:5001 success! 
I0303 04:38:41.180094 405427648 NetServer.cpp:88] delete io...127.0.0.1:59222
W0303 04:38:41.182212 232783872 ServerMgr.cpp:88] remove one proxy server, id: 30
W0303 04:38:41.189412 232783872 LoginServerThread.cpp:180] center server is disconnect, after 10s will be reconnect!
I0303 04:38:44.691025 405427648 NetServer.cpp:55] accept io...127.0.0.1:59271
I0303 04:38:44.693068 232783872 LoginServerThread.cpp:190] bind one connect: 127.0.0.1:59271
I0303 04:38:44.710105 232783872 ServerMgr.cpp:54] bind one proxy server, ip:127.0.0.1:59271
W0303 04:38:51.692072 405427648 NetModule.cpp:723] ready reconnect server, server id: 0
I0303 04:38:51.692266 405427648 NetConnector.cpp:216] connect to: 0.0.0.0:5001 success! 
I0303 05:14:15.192342 405427648 NetServer.cpp:88] delete io...127.0.0.1:59271
W0303 05:14:15.193521 232783872 ServerMgr.cpp:88] remove one proxy server, id: 30
W0303 05:14:15.214920 232783872 LoginServerThread.cpp:180] center server is disconnect, after 10s will be reconnect!
I0303 05:14:18.690796 405427648 NetServer.cpp:55] accept io...127.0.0.1:59319
I0303 05:14:18.691066 232783872 LoginServerThread.cpp:190] bind one connect: 127.0.0.1:59319
I0303 05:14:18.700489 232783872 ServerMgr.cpp:54] bind one proxy server, ip:127.0.0.1:59319
W0303 05:14:25.716356 405427648 NetModule.cpp:723] ready reconnect server, server id: 0
I0303 05:14:25.717312 405427648 NetConnector.cpp:216] connect to: 0.0.0.0:5001 success! 
I0303 05:56:03.208233 405427648 NetServer.cpp:88] delete io...127.0.0.1:59319
W0303 05:56:03.210425 232783872 ServerMgr.cpp:88] remove one proxy server, id: 30
W0303 05:56:03.223630 232783872 LoginServerThread.cpp:180] center server is disconnect, after 10s will be reconnect!
I0303 05:56:06.693796 405427648 NetServer.cpp:55] accept io...127.0.0.1:59359
I0303 05:56:06.694048 232783872 LoginServerThread.cpp:190] bind one connect: 127.0.0.1:59359
I0303 05:56:06.720868 232783872 ServerMgr.cpp:54] bind one proxy server, ip:127.0.0.1:59359
W0303 05:56:13.738581 405427648 NetModule.cpp:723] ready reconnect server, server id: 0
I0303 05:56:13.738829 405427648 NetConnector.cpp:216] connect to: 0.0.0.0:5001 success! 
I0303 06:37:50.206946 405427648 NetServer.cpp:88] delete io...127.0.0.1:59359
W0303 06:37:50.207943 232783872 ServerMgr.cpp:88] remove one proxy server, id: 30
W0303 06:37:50.207986 232783872 LoginServerThread.cpp:180] center server is disconnect, after 10s will be reconnect!
I0303 06:37:53.694664 405427648 NetServer.cpp:55] accept io...127.0.0.1:59375
I0303 06:37:53.697422 232783872 LoginServerThread.cpp:190] bind one connect: 127.0.0.1:59375
I0303 06:37:53.701520 232783872 ServerMgr.cpp:54] bind one proxy server, ip:127.0.0.1:59375
W0303 06:38:00.237532 405427648 NetModule.cpp:723] ready reconnect server, server id: 0
I0303 06:38:00.238171 405427648 NetConnector.cpp:216] connect to: 0.0.0.0:5001 success! 
I0303 07:16:12.208324 405427648 NetServer.cpp:88] delete io...127.0.0.1:59375
W0303 07:16:12.209827 232783872 ServerMgr.cpp:88] remove one proxy server, id: 30
W0303 07:16:12.220365 232783872 LoginServerThread.cpp:180] center server is disconnect, after 10s will be reconnect!
I0303 07:16:15.702545 405427648 NetServer.cpp:55] accept io...127.0.0.1:59417
I0303 07:16:15.704602 232783872 LoginServerThread.cpp:190] bind one connect: 127.0.0.1:59417
I0303 07:16:15.728615 232783872 ServerMgr.cpp:54] bind one proxy server, ip:127.0.0.1:59417
W0303 07:16:22.736428 405427648 NetModule.cpp:723] ready reconnect server, server id: 0
I0303 07:16:22.736513 405427648 NetConnector.cpp:216] connect to: 0.0.0.0:5001 success! 
I0303 07:52:05.250051 405427648 NetServer.cpp:88] delete io...127.0.0.1:59417
W0303 07:52:05.252039 232783872 ServerMgr.cpp:88] remove one proxy server, id: 30
W0303 07:52:05.258288 232783872 LoginServerThread.cpp:180] center server is disconnect, after 10s will be reconnect!
I0303 07:52:08.743494 405427648 NetServer.cpp:55] accept io...127.0.0.1:59459
I0303 07:52:08.746248 232783872 LoginServerThread.cpp:190] bind one connect: 127.0.0.1:59459
I0303 07:52:08.776983 232783872 ServerMgr.cpp:54] bind one proxy server, ip:127.0.0.1:59459
W0303 07:52:15.775517 405427648 NetModule.cpp:723] ready reconnect server, server id: 0
I0303 07:52:15.775745 405427648 NetConnector.cpp:216] connect to: 0.0.0.0:5001 success! 
I0303 08:27:11.266358 405427648 NetServer.cpp:88] delete io...127.0.0.1:59459
W0303 08:27:11.268862 232783872 ServerMgr.cpp:88] remove one proxy server, id: 30
W0303 08:27:11.274464 232783872 LoginServerThread.cpp:180] center server is disconnect, after 10s will be reconnect!
I0303 08:27:14.765393 405427648 NetServer.cpp:55] accept io...127.0.0.1:59512
I0303 08:27:14.768184 232783872 LoginServerThread.cpp:190] bind one connect: 127.0.0.1:59512
I0303 08:27:14.787173 232783872 ServerMgr.cpp:54] bind one proxy server, ip:127.0.0.1:59512
W0303 08:27:21.788439 405427648 NetModule.cpp:723] ready reconnect server, server id: 0
I0303 08:27:21.788658 405427648 NetConnector.cpp:216] connect to: 0.0.0.0:5001 success! 
I0303 09:05:22.274636 405427648 NetServer.cpp:88] delete io...127.0.0.1:59512
W0303 09:05:22.275857 232783872 ServerMgr.cpp:88] remove one proxy server, id: 30
W0303 09:05:22.285265 232783872 LoginServerThread.cpp:180] center server is disconnect, after 10s will be reconnect!
I0303 09:05:25.769843 405427648 NetServer.cpp:55] accept io...127.0.0.1:59580
I0303 09:05:25.770859 232783872 LoginServerThread.cpp:190] bind one connect: 127.0.0.1:59580
I0303 09:05:25.796555 232783872 ServerMgr.cpp:54] bind one proxy server, ip:127.0.0.1:59580
W0303 09:05:32.793390 405427648 NetModule.cpp:723] ready reconnect server, server id: 0
I0303 09:05:32.793623 405427648 NetConnector.cpp:216] connect to: 0.0.0.0:5001 success! 
I0303 09:44:50.288434 405427648 NetServer.cpp:88] delete io...127.0.0.1:59580
W0303 09:44:50.289089 232783872 ServerMgr.cpp:88] remove one proxy server, id: 30
W0303 09:44:50.300079 232783872 LoginServerThread.cpp:180] center server is disconnect, after 10s will be reconnect!
I0303 09:44:53.780709 405427648 NetServer.cpp:55] accept io...127.0.0.1:59634
I0303 09:44:53.782486 232783872 LoginServerThread.cpp:190] bind one connect: 127.0.0.1:59634
I0303 09:44:53.792691 232783872 ServerMgr.cpp:54] bind one proxy server, ip:127.0.0.1:59634
W0303 09:45:00.315979 405427648 NetModule.cpp:723] ready reconnect server, server id: 0
I0303 09:45:00.316211 405427648 NetConnector.cpp:216] connect to: 0.0.0.0:5001 success! 
I0303 11:21:48.329613 405427648 NetServer.cpp:88] delete io...127.0.0.1:59634
W0303 11:21:48.332089 232783872 ServerMgr.cpp:88] remove one proxy server, id: 30
W0303 11:21:48.334128 232783872 LoginServerThread.cpp:180] center server is disconnect, after 10s will be reconnect!
I0303 11:21:51.827437 405427648 NetServer.cpp:55] accept io...127.0.0.1:59762
I0303 11:21:51.829453 232783872 LoginServerThread.cpp:190] bind one connect: 127.0.0.1:59762
I0303 11:21:51.835209 232783872 ServerMgr.cpp:54] bind one proxy server, ip:127.0.0.1:59762
W0303 11:21:58.861989 405427648 NetModule.cpp:723] ready reconnect server, server id: 0
I0303 11:21:58.863070 405427648 NetConnector.cpp:216] connect to: 0.0.0.0:5001 success! 
I0303 12:00:45.366351 405427648 NetServer.cpp:88] delete io...127.0.0.1:59762
W0303 12:00:45.368533 232783872 ServerMgr.cpp:88] remove one proxy server, id: 30
W0303 12:00:45.375319 232783872 LoginServerThread.cpp:180] center server is disconnect, after 10s will be reconnect!
I0303 12:00:48.861740 405427648 NetServer.cpp:55] accept io...127.0.0.1:59816
I0303 12:00:48.864094 232783872 LoginServerThread.cpp:190] bind one connect: 127.0.0.1:59816
I0303 12:00:48.873347 232783872 ServerMgr.cpp:54] bind one proxy server, ip:127.0.0.1:59816
W0303 12:00:55.880978 405427648 NetModule.cpp:723] ready reconnect server, server id: 0
I0303 12:00:55.881144 405427648 NetConnector.cpp:216] connect to: 0.0.0.0:5001 success! 
I0303 12:42:26.387830 405427648 NetServer.cpp:88] delete io...127.0.0.1:59816
W0303 12:42:26.389003 232783872 ServerMgr.cpp:88] remove one proxy server, id: 30
W0303 12:42:26.401612 232783872 LoginServerThread.cpp:180] center server is disconnect, after 10s will be reconnect!
I0303 12:42:29.883834 405427648 NetServer.cpp:55] accept io...127.0.0.1:59860
I0303 12:42:29.885875 232783872 LoginServerThread.cpp:190] bind one connect: 127.0.0.1:59860
I0303 12:42:29.897735 232783872 ServerMgr.cpp:54] bind one proxy server, ip:127.0.0.1:59860
W0303 12:42:36.915730 405427648 NetModule.cpp:723] ready reconnect server, server id: 0
I0303 12:42:36.915877 405427648 NetConnector.cpp:216] connect to: 0.0.0.0:5001 success! 
I0303 13:21:22.392128 405427648 NetServer.cpp:88] delete io...127.0.0.1:59860
W0303 13:21:22.394104 232783872 ServerMgr.cpp:88] remove one proxy server, id: 30
W0303 13:21:22.404431 232783872 LoginServerThread.cpp:180] center server is disconnect, after 10s will be reconnect!
I0303 13:21:25.890092 405427648 NetServer.cpp:55] accept io...127.0.0.1:59876
I0303 13:21:25.892277 232783872 LoginServerThread.cpp:190] bind one connect: 127.0.0.1:59876
I0303 13:21:25.919497 232783872 ServerMgr.cpp:54] bind one proxy server, ip:127.0.0.1:59876
W0303 13:21:32.920886 405427648 NetModule.cpp:723] ready reconnect server, server id: 0
I0303 13:21:32.921047 405427648 NetConnector.cpp:216] connect to: 0.0.0.0:5001 success! 
I0303 13:59:29.390861 405427648 NetServer.cpp:88] delete io...127.0.0.1:59876
W0303 13:59:29.391347 232783872 ServerMgr.cpp:88] remove one proxy server, id: 30
W0303 13:59:29.401986 232783872 LoginServerThread.cpp:180] center server is disconnect, after 10s will be reconnect!
I0303 13:59:32.885852 405427648 NetServer.cpp:55] accept io...127.0.0.1:59907
I0303 13:59:32.886044 232783872 LoginServerThread.cpp:190] bind one connect: 127.0.0.1:59907
I0303 13:59:32.918731 232783872 ServerMgr.cpp:54] bind one proxy server, ip:127.0.0.1:59907
W0303 13:59:39.933215 405427648 NetModule.cpp:723] ready reconnect server, server id: 0
I0303 13:59:39.934214 405427648 NetConnector.cpp:216] connect to: 0.0.0.0:5001 success! 
I0303 14:39:28.435508 405427648 NetServer.cpp:88] delete io...127.0.0.1:59907
W0303 14:39:28.437656 232783872 ServerMgr.cpp:88] remove one proxy server, id: 30
W0303 14:39:28.459808 232783872 LoginServerThread.cpp:180] center server is disconnect, after 10s will be reconnect!
I0303 14:39:31.927747 405427648 NetServer.cpp:55] accept io...127.0.0.1:59964
I0303 14:39:31.930516 232783872 LoginServerThread.cpp:190] bind one connect: 127.0.0.1:59964
I0303 14:39:31.936568 232783872 ServerMgr.cpp:54] bind one proxy server, ip:127.0.0.1:59964
W0303 14:39:38.949205 405427648 NetModule.cpp:723] ready reconnect server, server id: 0
I0303 14:39:38.950172 405427648 NetConnector.cpp:216] connect to: 0.0.0.0:5001 success! 
I0303 15:21:01.448673 405427648 NetServer.cpp:88] delete io...127.0.0.1:59964
W0303 15:21:01.449221 232783872 ServerMgr.cpp:88] remove one proxy server, id: 30
W0303 15:21:01.456537 232783872 LoginServerThread.cpp:180] center server is disconnect, after 10s will be reconnect!
I0303 15:21:04.943908 405427648 NetServer.cpp:55] accept io...127.0.0.1:60006
I0303 15:21:04.945271 232783872 LoginServerThread.cpp:190] bind one connect: 127.0.0.1:60006
I0303 15:21:04.956991 232783872 ServerMgr.cpp:54] bind one proxy server, ip:127.0.0.1:60006
W0303 15:21:11.975023 405427648 NetModule.cpp:723] ready reconnect server, server id: 0
I0303 15:21:11.975173 405427648 NetConnector.cpp:216] connect to: 0.0.0.0:5001 success! 
I0303 16:05:24.459616 405427648 NetServer.cpp:88] delete io...127.0.0.1:60006
W0303 16:05:24.461122 232783872 ServerMgr.cpp:88] remove one proxy server, id: 30
W0303 16:05:24.464114 232783872 LoginServerThread.cpp:180] center server is disconnect, after 10s will be reconnect!
I0303 16:05:27.947422 405427648 NetServer.cpp:55] accept io...127.0.0.1:60050
I0303 16:05:27.949936 232783872 LoginServerThread.cpp:190] bind one connect: 127.0.0.1:60050
I0303 16:05:27.970345 232783872 ServerMgr.cpp:54] bind one proxy server, ip:127.0.0.1:60050
W0303 16:05:34.979061 405427648 NetModule.cpp:723] ready reconnect server, server id: 0
I0303 16:05:34.980020 405427648 NetConnector.cpp:216] connect to: 0.0.0.0:5001 success! 
I0303 16:48:59.484887 405427648 NetServer.cpp:88] delete io...127.0.0.1:60050
W0303 16:48:59.486316 232783872 ServerMgr.cpp:88] remove one proxy server, id: 30
W0303 16:48:59.490902 232783872 LoginServerThread.cpp:180] center server is disconnect, after 10s will be reconnect!
I0303 16:49:02.966163 405427648 NetServer.cpp:55] accept io...127.0.0.1:60096
I0303 16:49:02.967387 232783872 LoginServerThread.cpp:190] bind one connect: 127.0.0.1:60096
I0303 16:49:02.987021 232783872 ServerMgr.cpp:54] bind one proxy server, ip:127.0.0.1:60096
W0303 16:49:09.999042 405427648 NetModule.cpp:723] ready reconnect server, server id: 0
I0303 16:49:09.999193 405427648 NetConnector.cpp:216] connect to: 0.0.0.0:5001 success! 
I0303 17:31:26.503432 405427648 NetServer.cpp:88] delete io...127.0.0.1:60096
W0303 17:31:26.504632 232783872 ServerMgr.cpp:88] remove one proxy server, id: 30
W0303 17:31:26.510768 232783872 LoginServerThread.cpp:180] center server is disconnect, after 10s will be reconnect!
I0303 17:31:29.994868 405427648 NetServer.cpp:55] accept io...127.0.0.1:60159
I0303 17:31:29.996675 232783872 LoginServerThread.cpp:190] bind one connect: 127.0.0.1:60159
I0303 17:31:30.010193 232783872 ServerMgr.cpp:54] bind one proxy server, ip:127.0.0.1:60159
W0303 17:31:37.026530 405427648 NetModule.cpp:723] ready reconnect server, server id: 0
I0303 17:31:37.027511 405427648 NetConnector.cpp:216] connect to: 0.0.0.0:5001 success! 
I0303 18:13:36.516110 405427648 NetServer.cpp:88] delete io...127.0.0.1:60159
W0303 18:13:36.517266 232783872 ServerMgr.cpp:88] remove one proxy server, id: 30
W0303 18:13:36.528369 232783872 LoginServerThread.cpp:180] center server is disconnect, after 10s will be reconnect!
I0303 18:13:40.003881 405427648 NetServer.cpp:55] accept io...127.0.0.1:60197
I0303 18:13:40.006610 232783872 LoginServerThread.cpp:190] bind one connect: 127.0.0.1:60197
I0303 18:13:40.031139 232783872 ServerMgr.cpp:54] bind one proxy server, ip:127.0.0.1:60197
W0303 18:13:47.025400 405427648 NetModule.cpp:723] ready reconnect server, server id: 0
I0303 18:13:47.026377 405427648 NetConnector.cpp:216] connect to: 0.0.0.0:5001 success! 
I0303 18:54:01.532311 405427648 NetServer.cpp:88] delete io...127.0.0.1:60197
W0303 18:54:01.533960 232783872 ServerMgr.cpp:88] remove one proxy server, id: 30
W0303 18:54:01.551229 232783872 LoginServerThread.cpp:180] center server is disconnect, after 10s will be reconnect!
I0303 18:54:05.024072 405427648 NetServer.cpp:55] accept io...127.0.0.1:60261
I0303 18:54:05.026513 232783872 LoginServerThread.cpp:190] bind one connect: 127.0.0.1:60261
I0303 18:54:05.045320 232783872 ServerMgr.cpp:54] bind one proxy server, ip:127.0.0.1:60261
W0303 18:54:12.054078 405427648 NetModule.cpp:723] ready reconnect server, server id: 0
I0303 18:54:12.054664 405427648 NetConnector.cpp:216] connect to: 0.0.0.0:5001 success! 
I0303 19:37:27.542878 405427648 NetServer.cpp:88] delete io...127.0.0.1:60261
W0303 19:37:27.542893 232783872 ServerMgr.cpp:88] remove one proxy server, id: 30
W0303 19:37:27.558784 232783872 LoginServerThread.cpp:180] center server is disconnect, after 10s will be reconnect!
I0303 19:37:31.044823 405427648 NetServer.cpp:55] accept io...127.0.0.1:60311
I0303 19:37:31.047170 232783872 LoginServerThread.cpp:190] bind one connect: 127.0.0.1:60311
I0303 19:37:31.058670 232783872 ServerMgr.cpp:54] bind one proxy server, ip:127.0.0.1:60311
W0303 19:37:38.079744 405427648 NetModule.cpp:723] ready reconnect server, server id: 0
I0303 19:37:38.080370 405427648 NetConnector.cpp:216] connect to: 0.0.0.0:5001 success! 
I0303 20:13:19.562702 405427648 NetServer.cpp:88] delete io...127.0.0.1:60311
W0303 20:13:19.564750 232783872 ServerMgr.cpp:88] remove one proxy server, id: 30
W0303 20:13:19.568821 232783872 LoginServerThread.cpp:180] center server is disconnect, after 10s will be reconnect!
I0303 20:13:23.061750 405427648 NetServer.cpp:55] accept io...127.0.0.1:60369
I0303 20:13:23.061852 232783872 LoginServerThread.cpp:190] bind one connect: 127.0.0.1:60369
I0303 20:13:23.075917 232783872 ServerMgr.cpp:54] bind one proxy server, ip:127.0.0.1:60369
W0303 20:13:30.085063 405427648 NetModule.cpp:723] ready reconnect server, server id: 0
I0303 20:13:30.085201 405427648 NetConnector.cpp:216] connect to: 0.0.0.0:5001 success! 
I0303 20:53:50.579697 405427648 NetServer.cpp:88] delete io...127.0.0.1:60369
W0303 20:53:50.582341 232783872 ServerMgr.cpp:88] remove one proxy server, id: 30
W0303 20:53:50.597215 232783872 LoginServerThread.cpp:180] center server is disconnect, after 10s will be reconnect!
I0303 20:53:54.080525 405427648 NetServer.cpp:55] accept io...127.0.0.1:60398
I0303 20:53:54.081988 232783872 LoginServerThread.cpp:190] bind one connect: 127.0.0.1:60398
I0303 20:53:54.107736 232783872 ServerMgr.cpp:54] bind one proxy server, ip:127.0.0.1:60398
W0303 20:54:01.115821 405427648 NetModule.cpp:723] ready reconnect server, server id: 0
I0303 20:54:01.115998 405427648 NetConnector.cpp:216] connect to: 0.0.0.0:5001 success! 
I0303 21:37:25.578841 405427648 NetServer.cpp:88] delete io...127.0.0.1:60398
W0303 21:37:25.580850 232783872 ServerMgr.cpp:88] remove one proxy server, id: 30
W0303 21:37:25.593859 232783872 LoginServerThread.cpp:180] center server is disconnect, after 10s will be reconnect!
I0303 21:37:29.081167 405427648 NetServer.cpp:55] accept io...127.0.0.1:60415
I0303 21:37:29.082969 232783872 LoginServerThread.cpp:190] bind one connect: 127.0.0.1:60415
I0303 21:37:29.113297 232783872 ServerMgr.cpp:54] bind one proxy server, ip:127.0.0.1:60415
W0303 21:37:36.104373 405427648 NetModule.cpp:723] ready reconnect server, server id: 0
I0303 21:37:36.104554 405427648 NetConnector.cpp:216] connect to: 0.0.0.0:5001 success! 
I0303 22:21:56.583426 405427648 NetServer.cpp:88] delete io...127.0.0.1:60415
W0303 22:21:56.585800 232783872 ServerMgr.cpp:88] remove one proxy server, id: 30
W0303 22:21:56.608330 232783872 LoginServerThread.cpp:180] center server is disconnect, after 10s will be reconnect!
I0303 22:22:00.076517 405427648 NetServer.cpp:55] accept io...127.0.0.1:60447
I0303 22:22:00.077265 232783872 LoginServerThread.cpp:190] bind one connect: 127.0.0.1:60447
I0303 22:22:00.097316 232783872 ServerMgr.cpp:54] bind one proxy server, ip:127.0.0.1:60447
W0303 22:22:07.116523 405427648 NetModule.cpp:723] ready reconnect server, server id: 0
I0303 22:22:07.116911 405427648 NetConnector.cpp:216] connect to: 127.0.0.1:5001 success! 
I0303 23:05:40.624469 405427648 NetServer.cpp:88] delete io...127.0.0.1:60447
W0303 23:05:40.624537 232783872 ServerMgr.cpp:88] remove one proxy server, id: 30
W0303 23:05:40.631574 232783872 LoginServerThread.cpp:180] center server is disconnect, after 10s will be reconnect!
I0303 23:05:44.120422 405427648 NetServer.cpp:55] accept io...127.0.0.1:60509
I0303 23:05:44.123149 232783872 LoginServerThread.cpp:190] bind one connect: 127.0.0.1:60509
I0303 23:05:44.134265 232783872 ServerMgr.cpp:54] bind one proxy server, ip:127.0.0.1:60509
W0303 23:05:50.662495 405427648 NetModule.cpp:723] ready reconnect server, server id: 0
I0303 23:05:50.662645 405427648 NetConnector.cpp:216] connect to: 0.0.0.0:5001 success! 
I0303 23:49:00.643118 405427648 NetServer.cpp:88] delete io...127.0.0.1:60509
W0303 23:49:00.644768 232783872 ServerMgr.cpp:88] remove one proxy server, id: 30
W0303 23:49:00.644825 232783872 LoginServerThread.cpp:180] center server is disconnect, after 10s will be reconnect!
I0303 23:49:04.137194 405427648 NetServer.cpp:55] accept io...127.0.0.1:60558
I0303 23:49:04.137363 232783872 LoginServerThread.cpp:190] bind one connect: 127.0.0.1:60558
I0303 23:49:04.164362 232783872 ServerMgr.cpp:54] bind one proxy server, ip:127.0.0.1:60558
W0303 23:49:11.151901 405427648 NetModule.cpp:723] ready reconnect server, server id: 0
I0303 23:49:11.152048 405427648 NetConnector.cpp:216] connect to: 0.0.0.0:5001 success! 
W0304 00:26:19.637421 232783872 LoginServerThread.cpp:536] login server is across day.
I0304 00:26:19.655190 405427648 NetServer.cpp:88] delete io...127.0.0.1:60558
W0304 00:26:19.658613 232783872 LoginServerThread.cpp:559] delete record_register_ip error, errno: 2003, error: Can't connect to MySQL server on '58.82.239.150' (50)
W0304 00:26:19.658674 232783872 ServerMgr.cpp:88] remove one proxy server, id: 30
W0304 00:26:19.658725 232783872 LoginServerThread.cpp:180] center server is disconnect, after 10s will be reconnect!
I0304 00:26:23.157063 405427648 NetServer.cpp:55] accept io...127.0.0.1:60601
I0304 00:26:23.158893 232783872 LoginServerThread.cpp:190] bind one connect: 127.0.0.1:60601
I0304 00:26:23.182061 232783872 ServerMgr.cpp:54] bind one proxy server, ip:127.0.0.1:60601
W0304 00:26:30.171624 405427648 NetModule.cpp:723] ready reconnect server, server id: 0
I0304 00:26:30.171782 405427648 NetConnector.cpp:216] connect to: 0.0.0.0:5001 success! 
I0304 01:10:42.671793 405427648 NetServer.cpp:88] delete io...127.0.0.1:60601
W0304 01:10:42.671836 232783872 ServerMgr.cpp:88] remove one proxy server, id: 30
W0304 01:10:42.680862 232783872 LoginServerThread.cpp:180] center server is disconnect, after 10s will be reconnect!
I0304 01:10:46.170217 405427648 NetServer.cpp:55] accept io...127.0.0.1:60649
I0304 01:10:46.172161 232783872 LoginServerThread.cpp:190] bind one connect: 127.0.0.1:60649
I0304 01:10:46.181721 232783872 ServerMgr.cpp:54] bind one proxy server, ip:127.0.0.1:60649
W0304 01:10:53.213079 405427648 NetModule.cpp:723] ready reconnect server, server id: 0
I0304 01:10:53.213256 405427648 NetConnector.cpp:216] connect to: 0.0.0.0:5001 success! 
I0304 01:53:45.688772 405427648 NetServer.cpp:88] delete io...127.0.0.1:60649
W0304 01:53:45.699849 232783872 ServerMgr.cpp:88] remove one proxy server, id: 30
W0304 01:53:45.706012 232783872 LoginServerThread.cpp:180] center server is disconnect, after 10s will be reconnect!
I0304 01:53:49.192903 405427648 NetServer.cpp:55] accept io...127.0.0.1:60695
I0304 01:53:49.193962 232783872 LoginServerThread.cpp:190] bind one connect: 127.0.0.1:60695
I0304 01:53:49.222882 232783872 ServerMgr.cpp:54] bind one proxy server, ip:127.0.0.1:60695
W0304 01:53:56.217111 405427648 NetModule.cpp:723] ready reconnect server, server id: 0
I0304 01:53:56.218144 405427648 NetConnector.cpp:216] connect to: 0.0.0.0:5001 success! 
I0304 02:34:50.705868 405427648 NetServer.cpp:88] delete io...127.0.0.1:60695
W0304 02:34:50.707788 232783872 ServerMgr.cpp:88] remove one proxy server, id: 30
W0304 02:34:50.725608 232783872 LoginServerThread.cpp:180] center server is disconnect, after 10s will be reconnect!
I0304 02:34:54.188679 405427648 NetServer.cpp:55] accept io...127.0.0.1:60744
I0304 02:34:54.189450 232783872 LoginServerThread.cpp:190] bind one connect: 127.0.0.1:60744
I0304 02:34:54.217217 232783872 ServerMgr.cpp:54] bind one proxy server, ip:127.0.0.1:60744
W0304 02:35:01.214557 405427648 NetModule.cpp:723] ready reconnect server, server id: 0
I0304 02:35:01.215188 405427648 NetConnector.cpp:216] connect to: 0.0.0.0:5001 success! 
I0304 03:17:59.720166 405427648 NetServer.cpp:88] delete io...127.0.0.1:60744
W0304 03:17:59.721477 232783872 ServerMgr.cpp:88] remove one proxy server, id: 30
W0304 03:17:59.733217 232783872 LoginServerThread.cpp:180] center server is disconnect, after 10s will be reconnect!
I0304 03:18:03.220932 405427648 NetServer.cpp:55] accept io...127.0.0.1:60818
I0304 03:18:03.223103 232783872 LoginServerThread.cpp:190] bind one connect: 127.0.0.1:60818
I0304 03:18:03.248183 232783872 ServerMgr.cpp:54] bind one proxy server, ip:127.0.0.1:60818
W0304 03:18:10.255689 405427648 NetModule.cpp:723] ready reconnect server, server id: 0
I0304 03:18:10.255833 405427648 NetConnector.cpp:216] connect to: 0.0.0.0:5001 success! 
I0304 04:01:15.738046 405427648 NetServer.cpp:88] delete io...127.0.0.1:60818
W0304 04:01:15.739665 232783872 ServerMgr.cpp:88] remove one proxy server, id: 30
W0304 04:01:15.743574 232783872 LoginServerThread.cpp:180] center server is disconnect, after 10s will be reconnect!
I0304 04:01:19.230675 405427648 NetServer.cpp:55] accept io...127.0.0.1:60855
I0304 04:01:19.230794 232783872 LoginServerThread.cpp:190] bind one connect: 127.0.0.1:60855
I0304 04:01:19.253188 232783872 ServerMgr.cpp:54] bind one proxy server, ip:127.0.0.1:60855
W0304 04:01:26.248368 405427648 NetModule.cpp:723] ready reconnect server, server id: 0
I0304 04:01:26.249984 405427648 NetConnector.cpp:216] connect to: 0.0.0.0:5001 success! 
I0304 04:44:12.756723 405427648 NetServer.cpp:88] delete io...127.0.0.1:60855
W0304 04:44:12.757848 232783872 ServerMgr.cpp:88] remove one proxy server, id: 30
W0304 04:44:12.770757 232783872 LoginServerThread.cpp:180] center server is disconnect, after 10s will be reconnect!
