Log file created at: 2019/01/02 10:28:34
Running on machine: henisdeMacBook-Pro.local
Log line format: [IWEF]mmdd hh:mm:ss.uuuuuu threadid file:line] msg
I0102 10:28:34.393836 223905216 LoginServer.cpp:45] 正在启动登录服务器...
I0102 10:28:34.396131 223905216 NetModule.h:71] Init NetModule Finished.
I0102 10:28:34.396879 223905216 NetModule.h:78] start work thread 0...
I0102 10:28:34.396895 223905216 NetModule.cpp:69] Start Run NetModule...
I0102 10:28:34.396916 223905216 NetModule.cpp:88] NetModule Already Startover.
W0102 10:28:34.397342 223905216 LoginServer.cpp:65] listen at: 0.0.0.0:7001
I0102 10:28:34.397613 223905216 NetModule.cpp:136] Create one server...
I0102 10:28:34.397706 223905216 NetConnector.cpp:216] connect to: 0.0.0.0:5001 success! 
I0102 10:28:44.943189 223905216 NetServer.cpp:55] accept io...127.0.0.1:65405
I0102 10:28:44.943442 63610880 LoginServerThread.cpp:190] bind one connect: 127.0.0.1:65405
I0102 10:28:44.950961 63610880 ServerMgr.cpp:54] bind one proxy server, ip:127.0.0.1:65405
I0102 10:28:46.220619 63610880 LoginServerThread.cpp:7572] load game kind succ!
I0102 10:28:46.330646 63610880 LoginServerThread.cpp:7683] load game room kind succ!
I0102 10:28:46.765671 63610880 LoginServerThread.cpp:8050] load system status succ!
I0102 10:28:46.874122 63610880 LoginServerThread.cpp:7752] load vip config succ!
I0102 10:28:46.983072 63610880 LoginServerThread.cpp:7784] load vip2 config succ!
I0102 10:28:47.181807 63610880 LoginServerThread.cpp:8075] load channel show exchange succ!
I0102 10:28:47.294548 63610880 LoginServerThread.cpp:8105] load exchange info succ!
I0102 10:28:47.436807 63610880 LoginServerThread.cpp:8132] load channel prsent score succ!
I0102 10:28:47.565125 63610880 LoginServerThread.cpp:8156] load channel register mail succ!
I0102 10:28:47.674312 63610880 LoginServerThread.cpp:7812] load benefit config succ!
I0102 10:28:47.783450 63610880 LoginServerThread.cpp:7879] load game version succ!
W0102 10:28:48.114635 63610880 LoginServerThread.cpp:328] loginserver start succ.
W0102 20:09:41.484252 64147456 LoginRecordThread.cpp:101] insert user login record fail. errno: -1, error msg: mysql not opened yet!
I0102 22:13:26.414285 223905216 NetServer.cpp:88] delete io...127.0.0.1:65405
W0102 22:13:26.416302 63610880 ServerMgr.cpp:88] remove one proxy server, id: 30
W0102 22:13:26.422302 63610880 LoginServerThread.cpp:180] center server is disconnect, after 10s will be reconnect!
I0102 22:13:29.570643 223905216 NetServer.cpp:55] accept io...127.0.0.1:52091
I0102 22:13:29.572190 63610880 LoginServerThread.cpp:190] bind one connect: 127.0.0.1:52091
I0102 22:13:29.598971 63610880 ServerMgr.cpp:54] bind one proxy server, ip:127.0.0.1:52091
W0102 22:13:36.598572 223905216 NetModule.cpp:723] ready reconnect server, server id: 0
I0102 22:13:36.598870 223905216 NetConnector.cpp:216] connect to: 0.0.0.0:5001 success! 
I0102 23:03:48.887328 223905216 NetServer.cpp:88] delete io...127.0.0.1:52091
W0102 23:03:48.888818 63610880 ServerMgr.cpp:88] remove one proxy server, id: 30
W0102 23:03:48.889158 63610880 LoginServerThread.cpp:180] center server is disconnect, after 10s will be reconnect!
I0102 23:03:52.384531 223905216 NetServer.cpp:55] accept io...127.0.0.1:52112
I0102 23:03:52.386845 63610880 LoginServerThread.cpp:190] bind one connect: 127.0.0.1:52112
I0102 23:03:52.410199 63610880 ServerMgr.cpp:54] bind one proxy server, ip:127.0.0.1:52112
W0102 23:03:58.906469 223905216 NetModule.cpp:723] ready reconnect server, server id: 0
I0102 23:03:58.906713 223905216 NetConnector.cpp:216] connect to: 0.0.0.0:5001 success! 
W0103 01:04:42.893302 63610880 LoginServerThread.cpp:531] login server is across day.
I0103 01:04:42.915643 223905216 NetServer.cpp:88] delete io...127.0.0.1:52112
W0103 01:04:43.597558 63610880 LoginServerThread.cpp:180] center server is disconnect, after 10s will be reconnect!
W0103 01:04:43.597622 63610880 ServerMgr.cpp:88] remove one proxy server, id: 30
I0103 01:04:46.408288 223905216 NetServer.cpp:55] accept io...127.0.0.1:52132
I0103 01:04:46.408896 63610880 LoginServerThread.cpp:190] bind one connect: 127.0.0.1:52132
I0103 01:04:46.431562 63610880 ServerMgr.cpp:54] bind one proxy server, ip:127.0.0.1:52132
W0103 01:04:53.945153 223905216 NetModule.cpp:723] ready reconnect server, server id: 0
I0103 01:04:53.945400 223905216 NetConnector.cpp:216] connect to: 0.0.0.0:5001 success! 
I0103 03:05:36.946799 223905216 NetServer.cpp:88] delete io...127.0.0.1:52132
W0103 03:05:36.949429 63610880 ServerMgr.cpp:88] remove one proxy server, id: 30
W0103 03:05:36.951535 63610880 LoginServerThread.cpp:180] center server is disconnect, after 10s will be reconnect!
I0103 03:05:40.437654 223905216 NetServer.cpp:55] accept io...127.0.0.1:52158
I0103 03:05:40.439990 63610880 LoginServerThread.cpp:190] bind one connect: 127.0.0.1:52158
I0103 03:05:40.467949 63610880 ServerMgr.cpp:54] bind one proxy server, ip:127.0.0.1:52158
W0103 03:05:47.488310 223905216 NetModule.cpp:723] ready reconnect server, server id: 0
I0103 03:05:47.488677 223905216 NetConnector.cpp:216] connect to: 0.0.0.0:5001 success! 
I0103 05:06:30.979168 223905216 NetServer.cpp:88] delete io...127.0.0.1:52158
W0103 05:06:30.981171 63610880 ServerMgr.cpp:88] remove one proxy server, id: 30
W0103 05:06:30.981216 63610880 LoginServerThread.cpp:180] center server is disconnect, after 10s will be reconnect!
I0103 05:06:34.479611 223905216 NetServer.cpp:55] accept io...127.0.0.1:52180
I0103 05:06:34.481709 63610880 LoginServerThread.cpp:190] bind one connect: 127.0.0.1:52180
I0103 05:06:34.484370 63610880 ServerMgr.cpp:54] bind one proxy server, ip:127.0.0.1:52180
W0103 05:06:40.995599 223905216 NetModule.cpp:723] ready reconnect server, server id: 0
I0103 05:06:40.995853 223905216 NetConnector.cpp:216] connect to: 0.0.0.0:5001 success! 
I0103 07:07:25.004631 223905216 NetServer.cpp:88] delete io...127.0.0.1:52180
W0103 07:07:25.005275 63610880 ServerMgr.cpp:88] remove one proxy server, id: 30
W0103 07:07:25.005321 63610880 LoginServerThread.cpp:180] center server is disconnect, after 10s will be reconnect!
I0103 07:07:28.502079 223905216 NetServer.cpp:55] accept io...127.0.0.1:52198
I0103 07:07:28.504385 63610880 LoginServerThread.cpp:190] bind one connect: 127.0.0.1:52198
I0103 07:07:28.516528 63610880 ServerMgr.cpp:54] bind one proxy server, ip:127.0.0.1:52198
W0103 07:07:35.525722 223905216 NetModule.cpp:723] ready reconnect server, server id: 0
I0103 07:07:35.526010 223905216 NetConnector.cpp:216] connect to: 0.0.0.0:5001 success! 
I0103 09:08:19.040196 223905216 NetServer.cpp:88] delete io...127.0.0.1:52198
W0103 09:08:19.040617 63610880 ServerMgr.cpp:88] remove one proxy server, id: 30
W0103 09:08:19.040676 63610880 LoginServerThread.cpp:180] center server is disconnect, after 10s will be reconnect!
I0103 09:08:22.536725 223905216 NetServer.cpp:55] accept io...127.0.0.1:52217
I0103 09:08:22.537820 63610880 LoginServerThread.cpp:190] bind one connect: 127.0.0.1:52217
I0103 09:08:22.567135 63610880 ServerMgr.cpp:54] bind one proxy server, ip:127.0.0.1:52217
W0103 09:08:29.060703 223905216 NetModule.cpp:723] ready reconnect server, server id: 0
I0103 09:08:29.060945 223905216 NetConnector.cpp:216] connect to: 0.0.0.0:5001 success! 
I0103 09:45:03.080399 223905216 NetServer.cpp:88] delete io...127.0.0.1:52217
W0103 09:45:03.081082 63610880 ServerMgr.cpp:88] remove one proxy server, id: 30
W0103 09:45:03.081117 63610880 LoginServerThread.cpp:180] center server is disconnect, after 10s will be reconnect!
I0103 09:45:06.570152 223905216 NetServer.cpp:55] accept io...127.0.0.1:52238
I0103 09:45:06.572417 63610880 LoginServerThread.cpp:190] bind one connect: 127.0.0.1:52238
I0103 09:45:06.580752 63610880 ServerMgr.cpp:54] bind one proxy server, ip:127.0.0.1:52238
W0103 09:45:13.617225 223905216 NetModule.cpp:723] ready reconnect server, server id: 0
I0103 09:45:13.617529 223905216 NetConnector.cpp:216] connect to: 0.0.0.0:5001 success! 
W0103 14:28:22.106492 63610880 LoginServerThread.cpp:3959] set user earn score fail, user id: 83516815
W0103 21:49:30.581745 63610880 LoginServerThread.cpp:180] center server is disconnect, after 10s will be reconnect!
I0103 21:49:30.597668 223905216 NetServer.cpp:88] delete io...127.0.0.1:52238
W0103 21:49:30.600862 63610880 ServerMgr.cpp:88] remove one proxy server, id: 30
I0103 21:49:33.857805 223905216 NetServer.cpp:55] accept io...127.0.0.1:56646
I0103 21:49:33.859977 63610880 LoginServerThread.cpp:190] bind one connect: 127.0.0.1:56646
I0103 21:49:33.868041 63610880 ServerMgr.cpp:54] bind one proxy server, ip:127.0.0.1:56646
W0103 21:49:40.891146 223905216 NetModule.cpp:723] ready reconnect server, server id: 0
I0103 21:49:40.891271 223905216 NetConnector.cpp:216] connect to: 127.0.0.1:5001 success! 
I0103 22:28:58.196799 223905216 NetServer.cpp:88] delete io...127.0.0.1:56646
W0103 22:28:58.196946 63610880 ServerMgr.cpp:88] remove one proxy server, id: 30
W0103 22:28:58.200394 63610880 LoginServerThread.cpp:180] center server is disconnect, after 10s will be reconnect!
I0103 22:29:01.697297 223905216 NetServer.cpp:55] accept io...127.0.0.1:56679
I0103 22:29:01.698719 63610880 LoginServerThread.cpp:190] bind one connect: 127.0.0.1:56679
I0103 22:29:01.703598 63610880 ServerMgr.cpp:54] bind one proxy server, ip:127.0.0.1:56679
W0103 22:29:08.749478 223905216 NetModule.cpp:723] ready reconnect server, server id: 0
I0103 22:29:08.749564 223905216 NetConnector.cpp:216] connect to: 0.0.0.0:5001 success! 
I0103 23:34:01.213137 223905216 NetServer.cpp:88] delete io...127.0.0.1:56679
W0103 23:34:01.215183 63610880 ServerMgr.cpp:88] remove one proxy server, id: 30
W0103 23:34:01.215416 63610880 LoginServerThread.cpp:180] center server is disconnect, after 10s will be reconnect!
I0103 23:34:04.715271 223905216 NetServer.cpp:55] accept io...127.0.0.1:56732
I0103 23:34:04.715435 63610880 LoginServerThread.cpp:190] bind one connect: 127.0.0.1:56732
I0103 23:34:04.739825 63610880 ServerMgr.cpp:54] bind one proxy server, ip:127.0.0.1:56732
W0103 23:34:11.246718 223905216 NetModule.cpp:723] ready reconnect server, server id: 0
I0103 23:34:11.247840 223905216 NetConnector.cpp:216] connect to: 0.0.0.0:5001 success! 
W0104 00:39:04.230572 63610880 LoginServerThread.cpp:531] login server is across day.
I0104 00:39:04.257809 223905216 NetServer.cpp:88] delete io...127.0.0.1:56732
W0104 00:39:04.801810 63610880 ServerMgr.cpp:88] remove one proxy server, id: 30
W0104 00:39:04.801859 63610880 LoginServerThread.cpp:180] center server is disconnect, after 10s will be reconnect!
I0104 00:39:07.755141 223905216 NetServer.cpp:55] accept io...127.0.0.1:56777
I0104 00:39:07.756624 63610880 LoginServerThread.cpp:190] bind one connect: 127.0.0.1:56777
I0104 00:39:07.776116 63610880 ServerMgr.cpp:54] bind one proxy server, ip:127.0.0.1:56777
W0104 00:39:15.288760 223905216 NetModule.cpp:723] ready reconnect server, server id: 0
I0104 00:39:15.289026 223905216 NetConnector.cpp:216] connect to: 0.0.0.0:5001 success! 
I0104 01:44:07.261638 223905216 NetServer.cpp:88] delete io...127.0.0.1:56777
W0104 01:44:07.276226 63610880 ServerMgr.cpp:88] remove one proxy server, id: 30
W0104 01:44:07.279007 63610880 LoginServerThread.cpp:180] center server is disconnect, after 10s will be reconnect!
I0104 01:44:10.762665 223905216 NetServer.cpp:55] accept io...127.0.0.1:56825
I0104 01:44:10.764827 63610880 LoginServerThread.cpp:190] bind one connect: 127.0.0.1:56825
I0104 01:44:10.787086 63610880 ServerMgr.cpp:54] bind one proxy server, ip:127.0.0.1:56825
W0104 01:44:17.790875 223905216 NetModule.cpp:723] ready reconnect server, server id: 0
I0104 01:44:17.791062 223905216 NetConnector.cpp:216] connect to: 0.0.0.0:5001 success! 
I0104 02:49:11.276196 223905216 NetServer.cpp:88] delete io...127.0.0.1:56825
W0104 02:49:11.278123 63610880 ServerMgr.cpp:88] remove one proxy server, id: 30
W0104 02:49:11.291669 63610880 LoginServerThread.cpp:180] center server is disconnect, after 10s will be reconnect!
I0104 02:49:14.773897 223905216 NetServer.cpp:55] accept io...127.0.0.1:56869
I0104 02:49:14.776578 63610880 LoginServerThread.cpp:190] bind one connect: 127.0.0.1:56869
I0104 02:49:14.805759 63610880 ServerMgr.cpp:54] bind one proxy server, ip:127.0.0.1:56869
W0104 02:49:21.795347 223905216 NetModule.cpp:723] ready reconnect server, server id: 0
I0104 02:49:21.795490 223905216 NetConnector.cpp:216] connect to: 0.0.0.0:5001 success! 
I0104 03:54:14.300207 223905216 NetServer.cpp:88] delete io...127.0.0.1:56869
W0104 03:54:14.302419 63610880 ServerMgr.cpp:88] remove one proxy server, id: 30
W0104 03:54:14.303266 63610880 LoginServerThread.cpp:180] center server is disconnect, after 10s will be reconnect!
I0104 03:54:17.784600 223905216 NetServer.cpp:55] accept io...127.0.0.1:56931
I0104 03:54:17.787271 63610880 LoginServerThread.cpp:190] bind one connect: 127.0.0.1:56931
I0104 03:54:17.814030 63610880 ServerMgr.cpp:54] bind one proxy server, ip:127.0.0.1:56931
W0104 03:54:24.324470 223905216 NetModule.cpp:723] ready reconnect server, server id: 0
I0104 03:54:24.324556 223905216 NetConnector.cpp:216] connect to: 0.0.0.0:5001 success! 
I0104 04:59:17.301158 223905216 NetServer.cpp:88] delete io...127.0.0.1:56931
W0104 04:59:17.301414 63610880 ServerMgr.cpp:88] remove one proxy server, id: 30
W0104 04:59:17.301478 63610880 LoginServerThread.cpp:180] center server is disconnect, after 10s will be reconnect!
I0104 04:59:20.805577 223905216 NetServer.cpp:55] accept io...127.0.0.1:56980
I0104 04:59:20.806372 63610880 LoginServerThread.cpp:190] bind one connect: 127.0.0.1:56980
I0104 04:59:20.815572 63610880 ServerMgr.cpp:54] bind one proxy server, ip:127.0.0.1:56980
W0104 04:59:27.848297 223905216 NetModule.cpp:723] ready reconnect server, server id: 0
I0104 04:59:27.848549 223905216 NetConnector.cpp:216] connect to: 0.0.0.0:5001 success! 
I0104 06:04:20.324020 223905216 NetServer.cpp:88] delete io...127.0.0.1:56980
W0104 06:04:20.325577 63610880 ServerMgr.cpp:88] remove one proxy server, id: 30
W0104 06:04:20.325621 63610880 LoginServerThread.cpp:180] center server is disconnect, after 10s will be reconnect!
I0104 06:04:23.824949 223905216 NetServer.cpp:55] accept io...127.0.0.1:57036
I0104 06:04:23.825635 63610880 LoginServerThread.cpp:190] bind one connect: 127.0.0.1:57036
I0104 06:04:23.838470 63610880 ServerMgr.cpp:54] bind one proxy server, ip:127.0.0.1:57036
W0104 06:04:30.354215 223905216 NetModule.cpp:723] ready reconnect server, server id: 0
I0104 06:04:30.354445 223905216 NetConnector.cpp:216] connect to: 0.0.0.0:5001 success! 
I0104 07:09:23.352963 223905216 NetServer.cpp:88] delete io...127.0.0.1:57036
W0104 07:09:23.354799 63610880 ServerMgr.cpp:88] remove one proxy server, id: 30
W0104 07:09:23.362588 63610880 LoginServerThread.cpp:180] center server is disconnect, after 10s will be reconnect!
I0104 07:09:26.842499 223905216 NetServer.cpp:55] accept io...127.0.0.1:57076
I0104 07:09:26.845209 63610880 LoginServerThread.cpp:190] bind one connect: 127.0.0.1:57076
I0104 07:09:26.873647 63610880 ServerMgr.cpp:54] bind one proxy server, ip:127.0.0.1:57076
W0104 07:09:33.889403 223905216 NetModule.cpp:723] ready reconnect server, server id: 0
I0104 07:09:33.889619 223905216 NetConnector.cpp:216] connect to: 0.0.0.0:5001 success! 
I0104 07:51:20.287956 223905216 NetServer.cpp:88] delete io...127.0.0.1:57076
W0104 07:51:20.288900 63610880 ServerMgr.cpp:88] remove one proxy server, id: 30
W0104 07:51:20.288964 63610880 LoginServerThread.cpp:180] center server is disconnect, after 10s will be reconnect!
I0104 07:51:23.779556 223905216 NetServer.cpp:55] accept io...127.0.0.1:57140
I0104 07:51:23.779737 63610880 LoginServerThread.cpp:190] bind one connect: 127.0.0.1:57140
I0104 07:51:23.792207 63610880 ServerMgr.cpp:54] bind one proxy server, ip:127.0.0.1:57140
W0104 07:51:30.793462 223905216 NetModule.cpp:723] ready reconnect server, server id: 0
I0104 07:51:30.793581 223905216 NetConnector.cpp:216] connect to: 0.0.0.0:5001 success! 
W0104 22:08:35.787931 63610880 LoginServerThread.cpp:180] center server is disconnect, after 10s will be reconnect!
I0104 22:08:35.799051 223905216 NetServer.cpp:88] delete io...127.0.0.1:57140
W0104 22:08:35.801043 63610880 ServerMgr.cpp:88] remove one proxy server, id: 30
I0104 22:08:39.159914 223905216 NetServer.cpp:55] accept io...127.0.0.1:61497
I0104 22:08:39.161468 63610880 LoginServerThread.cpp:190] bind one connect: 127.0.0.1:61497
I0104 22:08:39.166487 63610880 ServerMgr.cpp:54] bind one proxy server, ip:127.0.0.1:61497
W0104 22:08:46.206684 223905216 NetModule.cpp:723] ready reconnect server, server id: 0
I0104 22:08:46.206794 223905216 NetConnector.cpp:216] connect to: 0.0.0.0:5001 success! 
W0104 22:56:06.564337 63610880 ServerMgr.cpp:88] remove one proxy server, id: 30
I0104 22:56:06.571197 223905216 NetServer.cpp:88] delete io...127.0.0.1:61497
W0104 22:56:06.573480 63610880 LoginServerThread.cpp:180] center server is disconnect, after 10s will be reconnect!
I0104 22:56:10.049360 223905216 NetServer.cpp:55] accept io...127.0.0.1:61543
I0104 22:56:10.049657 63610880 LoginServerThread.cpp:190] bind one connect: 127.0.0.1:61543
I0104 22:56:10.074393 63610880 ServerMgr.cpp:54] bind one proxy server, ip:127.0.0.1:61543
W0104 22:56:16.614449 223905216 NetModule.cpp:723] ready reconnect server, server id: 0
I0104 22:56:16.614567 223905216 NetConnector.cpp:216] connect to: 0.0.0.0:5001 success! 
W0105 00:01:09.605309 63610880 LoginServerThread.cpp:531] login server is across day.
I0105 00:01:09.613240 223905216 NetServer.cpp:88] delete io...127.0.0.1:61543
W0105 00:01:10.160526 63610880 ServerMgr.cpp:88] remove one proxy server, id: 30
W0105 00:01:10.160593 63610880 LoginServerThread.cpp:180] center server is disconnect, after 10s will be reconnect!
I0105 00:01:13.113245 223905216 NetServer.cpp:55] accept io...127.0.0.1:61589
I0105 00:01:13.114883 63610880 LoginServerThread.cpp:190] bind one connect: 127.0.0.1:61589
I0105 00:01:13.122117 63610880 ServerMgr.cpp:54] bind one proxy server, ip:127.0.0.1:61589
W0105 00:01:20.650642 223905216 NetModule.cpp:723] ready reconnect server, server id: 0
I0105 00:01:20.650745 223905216 NetConnector.cpp:216] connect to: 0.0.0.0:5001 success! 
I0105 01:06:12.635514 223905216 NetServer.cpp:88] delete io...127.0.0.1:61589
W0105 01:06:12.636530 63610880 ServerMgr.cpp:88] remove one proxy server, id: 30
W0105 01:06:12.636595 63610880 LoginServerThread.cpp:180] center server is disconnect, after 10s will be reconnect!
I0105 01:06:16.126118 223905216 NetServer.cpp:55] accept io...127.0.0.1:61643
I0105 01:06:16.127876 63610880 LoginServerThread.cpp:190] bind one connect: 127.0.0.1:61643
I0105 01:06:16.154556 63610880 ServerMgr.cpp:54] bind one proxy server, ip:127.0.0.1:61643
W0105 01:06:22.681756 223905216 NetModule.cpp:723] ready reconnect server, server id: 0
I0105 01:06:22.681852 223905216 NetConnector.cpp:216] connect to: 0.0.0.0:5001 success! 
I0105 02:11:15.644397 223905216 NetServer.cpp:88] delete io...127.0.0.1:61643
W0105 02:11:15.645946 63610880 ServerMgr.cpp:88] remove one proxy server, id: 30
W0105 02:11:15.655418 63610880 LoginServerThread.cpp:180] center server is disconnect, after 10s will be reconnect!
I0105 02:11:19.139412 223905216 NetServer.cpp:55] accept io...127.0.0.1:61696
I0105 02:11:19.140013 63610880 LoginServerThread.cpp:190] bind one connect: 127.0.0.1:61696
I0105 02:11:19.166118 63610880 ServerMgr.cpp:54] bind one proxy server, ip:127.0.0.1:61696
W0105 02:11:25.704066 223905216 NetModule.cpp:723] ready reconnect server, server id: 0
I0105 02:11:25.704180 223905216 NetConnector.cpp:216] connect to: 0.0.0.0:5001 success! 
I0105 03:16:17.651103 223905216 NetServer.cpp:88] delete io...127.0.0.1:61696
W0105 03:16:17.651902 63610880 ServerMgr.cpp:88] remove one proxy server, id: 30
W0105 03:16:17.656177 63610880 LoginServerThread.cpp:180] center server is disconnect, after 10s will be reconnect!
I0105 03:16:21.155841 223905216 NetServer.cpp:55] accept io...127.0.0.1:61740
I0105 03:16:21.157289 63610880 LoginServerThread.cpp:190] bind one connect: 127.0.0.1:61740
I0105 03:16:21.180968 63610880 ServerMgr.cpp:54] bind one proxy server, ip:127.0.0.1:61740
W0105 03:16:27.705015 223905216 NetModule.cpp:723] ready reconnect server, server id: 0
I0105 03:16:27.705121 223905216 NetConnector.cpp:216] connect to: 0.0.0.0:5001 success! 
I0105 04:21:22.674360 223905216 NetServer.cpp:88] delete io...127.0.0.1:61740
W0105 04:21:22.676115 63610880 ServerMgr.cpp:88] remove one proxy server, id: 30
W0105 04:21:22.676206 63610880 LoginServerThread.cpp:180] center server is disconnect, after 10s will be reconnect!
I0105 04:21:26.167457 223905216 NetServer.cpp:55] accept io...127.0.0.1:61787
I0105 04:21:26.169411 63610880 LoginServerThread.cpp:190] bind one connect: 127.0.0.1:61787
I0105 04:21:26.182823 63610880 ServerMgr.cpp:54] bind one proxy server, ip:127.0.0.1:61787
W0105 04:21:33.206923 223905216 NetModule.cpp:723] ready reconnect server, server id: 0
I0105 04:21:33.207047 223905216 NetConnector.cpp:216] connect to: 0.0.0.0:5001 success! 
I0105 05:26:25.690632 223905216 NetServer.cpp:88] delete io...127.0.0.1:61787
W0105 05:26:25.693096 63610880 ServerMgr.cpp:88] remove one proxy server, id: 30
W0105 05:26:25.707945 63610880 LoginServerThread.cpp:180] center server is disconnect, after 10s will be reconnect!
I0105 05:26:29.192090 223905216 NetServer.cpp:55] accept io...127.0.0.1:61839
I0105 05:26:29.194614 63610880 LoginServerThread.cpp:190] bind one connect: 127.0.0.1:61839
I0105 05:26:29.200815 63610880 ServerMgr.cpp:54] bind one proxy server, ip:127.0.0.1:61839
W0105 05:26:36.248412 223905216 NetModule.cpp:723] ready reconnect server, server id: 0
I0105 05:26:36.248512 223905216 NetConnector.cpp:216] connect to: 0.0.0.0:5001 success! 
I0105 06:31:28.713865 223905216 NetServer.cpp:88] delete io...127.0.0.1:61839
W0105 06:31:28.716042 63610880 ServerMgr.cpp:88] remove one proxy server, id: 30
W0105 06:31:28.716099 63610880 LoginServerThread.cpp:180] center server is disconnect, after 10s will be reconnect!
I0105 06:31:32.219558 223905216 NetServer.cpp:55] accept io...127.0.0.1:61891
I0105 06:31:32.221318 63610880 LoginServerThread.cpp:190] bind one connect: 127.0.0.1:61891
I0105 06:31:32.250635 63610880 ServerMgr.cpp:54] bind one proxy server, ip:127.0.0.1:61891
W0105 06:31:38.763037 223905216 NetModule.cpp:723] ready reconnect server, server id: 0
I0105 06:31:38.763151 223905216 NetConnector.cpp:216] connect to: 0.0.0.0:5001 success! 
I0105 07:36:32.737949 223905216 NetServer.cpp:88] delete io...127.0.0.1:61891
W0105 07:36:32.738523 63610880 ServerMgr.cpp:88] remove one proxy server, id: 30
W0105 07:36:32.738646 63610880 LoginServerThread.cpp:180] center server is disconnect, after 10s will be reconnect!
I0105 07:36:36.248139 223905216 NetServer.cpp:55] accept io...127.0.0.1:61933
I0105 07:36:36.250380 63610880 LoginServerThread.cpp:190] bind one connect: 127.0.0.1:61933
I0105 07:36:36.269532 63610880 ServerMgr.cpp:54] bind one proxy server, ip:127.0.0.1:61933
W0105 07:36:43.291849 223905216 NetModule.cpp:723] ready reconnect server, server id: 0
I0105 07:36:43.291965 223905216 NetConnector.cpp:216] connect to: 0.0.0.0:5001 success! 
I0105 08:41:36.770032 223905216 NetServer.cpp:88] delete io...127.0.0.1:61933
W0105 08:41:36.771499 63610880 ServerMgr.cpp:88] remove one proxy server, id: 30
W0105 08:41:36.771565 63610880 LoginServerThread.cpp:180] center server is disconnect, after 10s will be reconnect!
I0105 08:41:40.267931 223905216 NetServer.cpp:55] accept io...127.0.0.1:61988
I0105 08:41:40.269443 63610880 LoginServerThread.cpp:190] bind one connect: 127.0.0.1:61988
I0105 08:41:40.287961 63610880 ServerMgr.cpp:54] bind one proxy server, ip:127.0.0.1:61988
W0105 08:41:46.831059 223905216 NetModule.cpp:723] ready reconnect server, server id: 0
I0105 08:41:46.831159 223905216 NetConnector.cpp:216] connect to: 0.0.0.0:5001 success! 
I0105 09:45:02.798633 223905216 NetServer.cpp:88] delete io...127.0.0.1:61988
W0105 09:45:02.804132 63610880 ServerMgr.cpp:88] remove one proxy server, id: 30
W0105 09:45:02.804283 63610880 LoginServerThread.cpp:180] center server is disconnect, after 10s will be reconnect!
I0105 09:45:06.294817 223905216 NetServer.cpp:55] accept io...127.0.0.1:62030
I0105 09:45:06.295389 63610880 LoginServerThread.cpp:190] bind one connect: 127.0.0.1:62030
I0105 09:45:06.326618 63610880 ServerMgr.cpp:54] bind one proxy server, ip:127.0.0.1:62030
W0105 09:45:13.323212 223905216 NetModule.cpp:723] ready reconnect server, server id: 0
I0105 09:45:13.323316 223905216 NetConnector.cpp:216] connect to: 127.0.0.1:5001 success! 
I0105 16:04:34.845583 223905216 NetServer.cpp:88] delete io...127.0.0.1:62030
W0105 16:04:34.846004 63610880 ServerMgr.cpp:88] remove one proxy server, id: 30
W0105 16:04:34.848982 63610880 LoginServerThread.cpp:180] center server is disconnect, after 10s will be reconnect!
I0105 16:04:38.344120 223905216 NetServer.cpp:55] accept io...127.0.0.1:49844
I0105 16:04:38.344473 63610880 LoginServerThread.cpp:190] bind one connect: 127.0.0.1:49844
I0105 16:04:38.374785 63610880 ServerMgr.cpp:54] bind one proxy server, ip:127.0.0.1:49844
W0105 16:04:45.380043 223905216 NetModule.cpp:723] ready reconnect server, server id: 0
I0105 16:04:45.385943 223905216 NetConnector.cpp:216] connect to: 127.0.0.1:5001 success! 
I0105 19:00:34.937278 223905216 NetServer.cpp:88] delete io...127.0.0.1:49844
W0105 19:00:34.939196 63610880 ServerMgr.cpp:88] remove one proxy server, id: 30
W0105 19:00:34.940851 63610880 LoginServerThread.cpp:180] center server is disconnect, after 10s will be reconnect!
I0105 19:00:38.439882 223905216 NetServer.cpp:55] accept io...127.0.0.1:49884
I0105 19:00:38.440403 63610880 LoginServerThread.cpp:190] bind one connect: 127.0.0.1:49884
I0105 19:00:38.471899 63610880 ServerMgr.cpp:54] bind one proxy server, ip:127.0.0.1:49884
W0105 19:00:45.472972 223905216 NetModule.cpp:723] ready reconnect server, server id: 0
I0105 19:00:45.473475 223905216 NetConnector.cpp:216] connect to: 127.0.0.1:5001 success! 
W0106 04:01:13.548625 63610880 LoginServerThread.cpp:531] login server is across day.
I0106 04:01:13.565461 223905216 NetServer.cpp:88] delete io...127.0.0.1:49884
W0106 04:01:13.995405 63610880 LoginServerThread.cpp:554] delete record_register_ip error, errno: 2003, error: Can't connect to MySQL server on '58.82.239.150' (51)
W0106 04:01:13.995496 63610880 ServerMgr.cpp:88] remove one proxy server, id: 30
W0106 04:01:13.995520 63610880 LoginServerThread.cpp:180] center server is disconnect, after 10s will be reconnect!
I0106 04:01:17.059264 223905216 NetServer.cpp:55] accept io...127.0.0.1:49997
I0106 04:01:17.061403 63610880 LoginServerThread.cpp:190] bind one connect: 127.0.0.1:49997
I0106 04:01:17.081491 63610880 ServerMgr.cpp:54] bind one proxy server, ip:127.0.0.1:49997
W0106 04:01:24.119345 223905216 NetModule.cpp:723] ready reconnect server, server id: 0
I0106 04:01:24.119448 223905216 NetConnector.cpp:216] connect to: 0.0.0.0:5001 success! 
I0106 10:27:33.833223 223905216 NetServer.cpp:88] delete io...127.0.0.1:49997
W0106 10:27:33.838680 63610880 ServerMgr.cpp:88] remove one proxy server, id: 30
W0106 10:27:33.862916 63610880 LoginServerThread.cpp:180] center server is disconnect, after 10s will be reconnect!
I0106 10:27:37.320509 223905216 NetServer.cpp:55] accept io...127.0.0.1:50070
I0106 10:27:37.321218 63610880 LoginServerThread.cpp:190] bind one connect: 127.0.0.1:50070
I0106 10:27:37.345546 63610880 ServerMgr.cpp:54] bind one proxy server, ip:127.0.0.1:50070
W0106 10:27:44.340487 223905216 NetModule.cpp:723] ready reconnect server, server id: 0
I0106 10:27:44.340582 223905216 NetConnector.cpp:216] connect to: 0.0.0.0:5001 success! 
I0106 11:17:07.601055 223905216 NetServer.cpp:88] delete io...127.0.0.1:50070
W0106 11:17:07.601524 63610880 ServerMgr.cpp:88] remove one proxy server, id: 30
W0106 11:17:07.655287 63610880 LoginServerThread.cpp:180] center server is disconnect, after 10s will be reconnect!
I0106 11:17:11.084417 223905216 NetServer.cpp:55] accept io...127.0.0.1:54206
I0106 11:17:11.084700 63610880 LoginServerThread.cpp:190] bind one connect: 127.0.0.1:54206
I0106 11:17:11.100809 63610880 ServerMgr.cpp:54] bind one proxy server, ip:127.0.0.1:54206
W0106 11:17:18.106998 223905216 NetModule.cpp:723] ready reconnect server, server id: 0
I0106 11:17:18.107131 223905216 NetConnector.cpp:216] connect to: 0.0.0.0:5001 success! 
I0106 12:42:19.317958 223905216 NetServer.cpp:88] delete io...127.0.0.1:54206
W0106 12:42:19.356456 63610880 ServerMgr.cpp:88] remove one proxy server, id: 30
W0106 12:42:19.471670 63610880 LoginServerThread.cpp:180] center server is disconnect, after 10s will be reconnect!
I0106 12:42:22.790575 223905216 NetServer.cpp:55] accept io...127.0.0.1:54548
I0106 12:42:22.790807 63610880 LoginServerThread.cpp:190] bind one connect: 127.0.0.1:54548
I0106 12:42:22.817688 63610880 ServerMgr.cpp:54] bind one proxy server, ip:127.0.0.1:54548
W0106 12:42:29.814986 223905216 NetModule.cpp:723] ready reconnect server, server id: 0
I0106 12:42:29.815253 223905216 NetConnector.cpp:216] connect to: 0.0.0.0:5001 success! 
I0106 12:58:31.361552 223905216 NetServer.cpp:88] delete io...127.0.0.1:54548
W0106 12:58:31.362993 63610880 ServerMgr.cpp:88] remove one proxy server, id: 30
W0106 12:58:31.363078 63610880 LoginServerThread.cpp:180] center server is disconnect, after 10s will be reconnect!
I0106 12:58:34.856734 223905216 NetServer.cpp:55] accept io...127.0.0.1:54781
I0106 12:58:34.858027 63610880 LoginServerThread.cpp:190] bind one connect: 127.0.0.1:54781
I0106 12:58:34.872309 63610880 ServerMgr.cpp:54] bind one proxy server, ip:127.0.0.1:54781
W0106 12:58:41.866956 223905216 NetModule.cpp:723] ready reconnect server, server id: 0
I0106 12:58:41.867210 223905216 NetConnector.cpp:216] connect to: 0.0.0.0:5001 success! 
I0106 13:30:38.012706 223905216 NetServer.cpp:88] delete io...127.0.0.1:54781
W0106 13:30:38.013134 63610880 ServerMgr.cpp:88] remove one proxy server, id: 30
W0106 13:30:38.013185 63610880 LoginServerThread.cpp:180] center server is disconnect, after 10s will be reconnect!
I0106 13:30:41.506623 223905216 NetServer.cpp:55] accept io...127.0.0.1:54848
I0106 13:30:41.507592 63610880 LoginServerThread.cpp:190] bind one connect: 127.0.0.1:54848
I0106 13:30:41.528542 63610880 ServerMgr.cpp:54] bind one proxy server, ip:127.0.0.1:54848
W0106 13:30:48.033494 223905216 NetModule.cpp:723] ready reconnect server, server id: 0
I0106 13:30:48.033748 223905216 NetConnector.cpp:216] connect to: 0.0.0.0:5001 success! 
I0106 13:47:27.146745 223905216 NetServer.cpp:88] delete io...127.0.0.1:54848
W0106 13:47:27.146929 63610880 ServerMgr.cpp:88] remove one proxy server, id: 30
W0106 13:47:27.149139 63610880 LoginServerThread.cpp:180] center server is disconnect, after 10s will be reconnect!
I0106 13:47:30.632598 223905216 NetServer.cpp:55] accept io...127.0.0.1:54998
I0106 13:47:30.633762 63610880 LoginServerThread.cpp:190] bind one connect: 127.0.0.1:54998
I0106 13:47:30.645020 63610880 ServerMgr.cpp:54] bind one proxy server, ip:127.0.0.1:54998
W0106 13:47:37.668149 223905216 NetModule.cpp:723] ready reconnect server, server id: 0
I0106 13:47:37.668401 223905216 NetConnector.cpp:216] connect to: 0.0.0.0:5001 success! 
I0106 13:59:28.031409 223905216 NetServer.cpp:88] delete io...127.0.0.1:54998
W0106 13:59:28.032002 63610880 ServerMgr.cpp:88] remove one proxy server, id: 30
W0106 13:59:28.032070 63610880 LoginServerThread.cpp:180] center server is disconnect, after 10s will be reconnect!
I0106 13:59:31.528422 223905216 NetServer.cpp:55] accept io...127.0.0.1:55063
I0106 13:59:31.530472 63610880 LoginServerThread.cpp:190] bind one connect: 127.0.0.1:55063
I0106 13:59:31.554036 63610880 ServerMgr.cpp:54] bind one proxy server, ip:127.0.0.1:55063
W0106 13:59:38.540450 223905216 NetModule.cpp:723] ready reconnect server, server id: 0
I0106 13:59:38.540756 223905216 NetConnector.cpp:216] connect to: 0.0.0.0:5001 success! 
I0106 19:07:06.724500 223905216 NetServer.cpp:88] delete io...127.0.0.1:55063
W0106 19:07:06.725826 63610880 ServerMgr.cpp:88] remove one proxy server, id: 30
W0106 19:07:06.725867 63610880 LoginServerThread.cpp:180] center server is disconnect, after 10s will be reconnect!
I0106 19:07:10.224849 223905216 NetServer.cpp:55] accept io...127.0.0.1:55134
I0106 19:07:10.225134 63610880 LoginServerThread.cpp:190] bind one connect: 127.0.0.1:55134
I0106 19:07:10.233376 63610880 ServerMgr.cpp:54] bind one proxy server, ip:127.0.0.1:55134
W0106 19:07:17.265159 223905216 NetModule.cpp:723] ready reconnect server, server id: 0
I0106 19:07:17.265554 223905216 NetConnector.cpp:216] connect to: 0.0.0.0:5001 success! 
I0106 23:36:59.145839 223905216 NetServer.cpp:88] delete io...127.0.0.1:55134
W0106 23:36:59.147294 63610880 ServerMgr.cpp:88] remove one proxy server, id: 30
W0106 23:36:59.148888 63610880 LoginServerThread.cpp:180] center server is disconnect, after 10s will be reconnect!
I0106 23:37:02.631245 223905216 NetServer.cpp:55] accept io...127.0.0.1:61566
I0106 23:37:02.633041 63610880 LoginServerThread.cpp:190] bind one connect: 127.0.0.1:61566
I0106 23:37:02.642338 63610880 ServerMgr.cpp:54] bind one proxy server, ip:127.0.0.1:61566
W0106 23:37:09.677423 223905216 NetModule.cpp:723] ready reconnect server, server id: 0
I0106 23:37:09.678464 223905216 NetConnector.cpp:216] connect to: 0.0.0.0:5001 success! 
I0107 08:38:00.525975 223905216 NetServer.cpp:88] delete io...127.0.0.1:61566
W0107 08:38:00.785317 63610880 LoginServerThread.cpp:531] login server is across day.
W0107 08:38:00.789963 63610880 LoginServerThread.cpp:554] delete record_register_ip error, errno: 2003, error: Can't connect to MySQL server on '58.82.239.150' (51)
W0107 08:38:00.790074 63610880 ServerMgr.cpp:88] remove one proxy server, id: 30
W0107 08:38:00.790112 63610880 LoginServerThread.cpp:180] center server is disconnect, after 10s will be reconnect!
I0107 08:38:04.069157 223905216 NetServer.cpp:55] accept io...127.0.0.1:61636
I0107 08:38:04.069664 63610880 LoginServerThread.cpp:190] bind one connect: 127.0.0.1:61636
I0107 08:38:04.099261 63610880 ServerMgr.cpp:54] bind one proxy server, ip:127.0.0.1:61636
W0107 09:53:15.687338 63610880 ServerMgr.cpp:88] remove one proxy server, id: 30
I0107 09:53:15.688107 223905216 NetServer.cpp:88] delete io...127.0.0.1:61636
W0107 09:53:16.169301 223905216 NetModule.cpp:723] ready reconnect server, server id: 0
I0107 09:53:16.169425 223905216 NetConnector.cpp:216] connect to: 0.0.0.0:5001 success! 
I0107 09:53:19.164630 223905216 NetServer.cpp:55] accept io...127.0.0.1:61696
I0107 09:53:19.165666 63610880 LoginServerThread.cpp:190] bind one connect: 127.0.0.1:61696
I0107 09:53:19.189990 63610880 ServerMgr.cpp:54] bind one proxy server, ip:127.0.0.1:61696
W0107 20:20:13.802650 63610880 LoginServerThread.cpp:3959] set user earn score fail, user id: 83516815
W0107 20:20:23.931073 63610880 LoginServerThread.cpp:3943] set user task fail, user id: 83516815
W0107 20:20:34.183336 63610880 LoginServerThread.cpp:4068] set user today rank info fail, user id: 83516815
W0107 20:20:44.309147 63610880 LoginServerThread.cpp:3872] set benefit failed, userid: 83516815
W0107 20:21:14.327698 63610880 LoginServerThread.cpp:3796] set proxy server info fail, userid = 83516815
W0107 20:21:24.333240 63610880 LoginServerThread.cpp:3611] set user account data fail, userid = 83516815
W0107 20:47:11.181329 63610880 LoginServerThread.cpp:3959] set user earn score fail, user id: 83516815
W0107 20:47:21.299002 63610880 LoginServerThread.cpp:3943] set user task fail, user id: 83516815
W0107 20:47:31.532335 63610880 LoginServerThread.cpp:4068] set user today rank info fail, user id: 83516815
W0107 20:47:41.652218 63610880 LoginServerThread.cpp:3872] set benefit failed, userid: 83516815
W0107 20:48:11.665385 63610880 LoginServerThread.cpp:3796] set proxy server info fail, userid = 83516815
W0107 20:48:21.669690 63610880 LoginServerThread.cpp:3611] set user account data fail, userid = 83516815
W0107 20:48:31.674926 63610880 LoginServerThread.cpp:3629] set user id failed, account: 264FDBBC-4838-4336-B431-73DD81D8CB0A
W0107 21:20:35.613425 63610880 LoginServerThread.cpp:3959] set user earn score fail, user id: 83516815
W0107 21:20:45.729738 63610880 LoginServerThread.cpp:3943] set user task fail, user id: 83516815
W0107 21:20:55.967232 63610880 LoginServerThread.cpp:4068] set user today rank info fail, user id: 83516815
W0107 21:21:06.091933 63610880 LoginServerThread.cpp:3872] set benefit failed, userid: 83516815
W0107 21:21:36.106528 63610880 LoginServerThread.cpp:3796] set proxy server info fail, userid = 83516815
W0107 21:21:46.111577 63610880 LoginServerThread.cpp:3611] set user account data fail, userid = 83516815
W0107 21:21:56.114934 63610880 LoginServerThread.cpp:3629] set user id failed, account: 264FDBBC-4838-4336-B431-73DD81D8CB0A
W0107 21:34:26.524827 63610880 LoginServerThread.cpp:5568] select earn score fail. errno: -1, err msg: mysql not opened yet!
W0107 21:34:36.526453 63610880 LoginServerThread.cpp:3959] set user earn score fail, user id: 83516815
W0107 21:34:47.181321 63610880 LoginServerThread.cpp:3943] set user task fail, user id: 83516815
W0107 21:34:57.408915 63610880 LoginServerThread.cpp:4068] set user today rank info fail, user id: 83516815
W0107 21:35:07.529383 63610880 LoginServerThread.cpp:3872] set benefit failed, userid: 83516815
I0107 22:22:28.742087 223905216 NetServer.cpp:88] delete io...127.0.0.1:61696
W0107 22:22:28.743171 63610880 ServerMgr.cpp:88] remove one proxy server, id: 30
W0107 22:22:28.779657 63610880 LoginServerThread.cpp:180] center server is disconnect, after 10s will be reconnect!
I0107 22:22:32.112305 223905216 NetServer.cpp:55] accept io...127.0.0.1:55221
I0107 22:22:32.114397 63610880 LoginServerThread.cpp:190] bind one connect: 127.0.0.1:55221
I0107 22:22:32.146924 63610880 ServerMgr.cpp:54] bind one proxy server, ip:127.0.0.1:55221
W0107 22:22:39.150681 223905216 NetModule.cpp:723] ready reconnect server, server id: 0
I0107 22:22:39.151511 223905216 NetConnector.cpp:216] connect to: 0.0.0.0:5001 success! 
I0107 23:04:51.572798 223905216 NetServer.cpp:88] delete io...127.0.0.1:55221
W0107 23:04:51.572959 63610880 ServerMgr.cpp:88] remove one proxy server, id: 30
W0107 23:04:51.586258 63610880 LoginServerThread.cpp:180] center server is disconnect, after 10s will be reconnect!
I0107 23:04:55.077095 223905216 NetServer.cpp:55] accept io...127.0.0.1:55262
I0107 23:04:55.077679 63610880 LoginServerThread.cpp:190] bind one connect: 127.0.0.1:55262
I0107 23:04:55.098948 63610880 ServerMgr.cpp:54] bind one proxy server, ip:127.0.0.1:55262
W0107 23:05:02.111838 223905216 NetModule.cpp:723] ready reconnect server, server id: 0
I0107 23:05:02.111929 223905216 NetConnector.cpp:216] connect to: 127.0.0.1:5001 success! 
I0107 23:48:57.601246 223905216 NetServer.cpp:88] delete io...127.0.0.1:55262
W0107 23:48:57.603291 63610880 ServerMgr.cpp:88] remove one proxy server, id: 30
W0107 23:48:57.612262 63610880 LoginServerThread.cpp:180] center server is disconnect, after 10s will be reconnect!
I0107 23:49:01.099045 223905216 NetServer.cpp:55] accept io...127.0.0.1:55321
I0107 23:49:01.100682 63610880 LoginServerThread.cpp:190] bind one connect: 127.0.0.1:55321
I0107 23:49:01.108660 63610880 ServerMgr.cpp:54] bind one proxy server, ip:127.0.0.1:55321
W0107 23:49:07.639953 223905216 NetModule.cpp:723] ready reconnect server, server id: 0
I0107 23:49:07.640069 223905216 NetConnector.cpp:216] connect to: 0.0.0.0:5001 success! 
W0108 00:28:30.606869 63610880 LoginServerThread.cpp:531] login server is across day.
I0108 00:28:30.630035 223905216 NetServer.cpp:88] delete io...127.0.0.1:55321
W0108 00:28:31.202071 63610880 ServerMgr.cpp:88] remove one proxy server, id: 30
W0108 00:28:31.202123 63610880 LoginServerThread.cpp:180] center server is disconnect, after 10s will be reconnect!
I0108 00:28:34.126225 223905216 NetServer.cpp:55] accept io...127.0.0.1:55356
I0108 00:28:34.127866 63610880 LoginServerThread.cpp:190] bind one connect: 127.0.0.1:55356
I0108 00:28:34.142807 63610880 ServerMgr.cpp:54] bind one proxy server, ip:127.0.0.1:55356
W0108 00:28:41.659384 223905216 NetModule.cpp:723] ready reconnect server, server id: 0
I0108 00:28:41.659487 223905216 NetConnector.cpp:216] connect to: 0.0.0.0:5001 success! 
I0108 01:03:38.627604 223905216 NetServer.cpp:88] delete io...127.0.0.1:55356
W0108 01:03:38.644874 63610880 ServerMgr.cpp:88] remove one proxy server, id: 30
W0108 01:03:38.645236 63610880 LoginServerThread.cpp:180] center server is disconnect, after 10s will be reconnect!
I0108 01:03:42.135430 223905216 NetServer.cpp:55] accept io...127.0.0.1:55398
I0108 01:03:42.137265 63610880 LoginServerThread.cpp:190] bind one connect: 127.0.0.1:55398
I0108 01:03:42.149088 63610880 ServerMgr.cpp:54] bind one proxy server, ip:127.0.0.1:55398
W0108 01:03:49.189316 223905216 NetModule.cpp:723] ready reconnect server, server id: 0
I0108 01:03:49.189411 223905216 NetConnector.cpp:216] connect to: 127.0.0.1:5001 success! 
W0108 02:08:40.643716 63610880 ServerMgr.cpp:88] remove one proxy server, id: 30
I0108 02:08:40.649593 223905216 NetServer.cpp:88] delete io...127.0.0.1:55398
W0108 02:08:40.650724 63610880 LoginServerThread.cpp:180] center server is disconnect, after 10s will be reconnect!
I0108 02:08:44.143285 223905216 NetServer.cpp:55] accept io...127.0.0.1:55446
I0108 02:08:44.143877 63610880 LoginServerThread.cpp:190] bind one connect: 127.0.0.1:55446
I0108 02:08:44.175084 63610880 ServerMgr.cpp:54] bind one proxy server, ip:127.0.0.1:55446
W0108 02:08:50.679342 223905216 NetModule.cpp:723] ready reconnect server, server id: 0
I0108 02:08:50.679441 223905216 NetConnector.cpp:216] connect to: 127.0.0.1:5001 success! 
I0108 03:13:43.662209 223905216 NetServer.cpp:88] delete io...127.0.0.1:55446
W0108 03:13:43.664268 63610880 ServerMgr.cpp:88] remove one proxy server, id: 30
W0108 03:13:43.664320 63610880 LoginServerThread.cpp:180] center server is disconnect, after 10s will be reconnect!
I0108 03:13:47.161224 223905216 NetServer.cpp:55] accept io...127.0.0.1:55490
I0108 03:13:47.163573 63610880 LoginServerThread.cpp:190] bind one connect: 127.0.0.1:55490
I0108 03:13:47.183369 63610880 ServerMgr.cpp:54] bind one proxy server, ip:127.0.0.1:55490
W0108 03:13:54.198422 223905216 NetModule.cpp:723] ready reconnect server, server id: 0
I0108 03:13:54.198537 223905216 NetConnector.cpp:216] connect to: 0.0.0.0:5001 success! 
W0108 04:18:46.681038 63610880 LoginServerThread.cpp:180] center server is disconnect, after 10s will be reconnect!
I0108 04:18:46.682107 223905216 NetServer.cpp:88] delete io...127.0.0.1:55490
W0108 04:18:46.683339 63610880 ServerMgr.cpp:88] remove one proxy server, id: 30
I0108 04:18:50.191020 223905216 NetServer.cpp:55] accept io...127.0.0.1:55549
I0108 04:18:50.191692 63610880 LoginServerThread.cpp:190] bind one connect: 127.0.0.1:55549
I0108 04:18:50.196619 63610880 ServerMgr.cpp:54] bind one proxy server, ip:127.0.0.1:55549
W0108 04:18:57.227020 223905216 NetModule.cpp:723] ready reconnect server, server id: 0
I0108 04:18:57.227119 223905216 NetConnector.cpp:216] connect to: 0.0.0.0:5001 success! 
I0108 05:23:48.711983 223905216 NetServer.cpp:88] delete io...127.0.0.1:55549
W0108 05:23:48.712451 63610880 ServerMgr.cpp:88] remove one proxy server, id: 30
W0108 05:23:48.712503 63610880 LoginServerThread.cpp:180] center server is disconnect, after 10s will be reconnect!
I0108 05:23:52.204987 223905216 NetServer.cpp:55] accept io...127.0.0.1:55606
I0108 05:23:52.206215 63610880 LoginServerThread.cpp:190] bind one connect: 127.0.0.1:55606
I0108 05:23:52.233381 63610880 ServerMgr.cpp:54] bind one proxy server, ip:127.0.0.1:55606
W0108 05:23:59.277896 223905216 NetModule.cpp:723] ready reconnect server, server id: 0
I0108 05:23:59.277987 223905216 NetConnector.cpp:216] connect to: 0.0.0.0:5001 success! 
I0108 06:28:51.728276 223905216 NetServer.cpp:88] delete io...127.0.0.1:55606
W0108 06:28:51.730515 63610880 ServerMgr.cpp:88] remove one proxy server, id: 30
W0108 06:28:51.730571 63610880 LoginServerThread.cpp:180] center server is disconnect, after 10s will be reconnect!
I0108 06:28:55.226876 223905216 NetServer.cpp:55] accept io...127.0.0.1:55658
I0108 06:28:55.229570 63610880 LoginServerThread.cpp:190] bind one connect: 127.0.0.1:55658
I0108 06:28:55.259685 63610880 ServerMgr.cpp:54] bind one proxy server, ip:127.0.0.1:55658
W0108 06:29:02.273011 223905216 NetModule.cpp:723] ready reconnect server, server id: 0
I0108 06:29:02.273120 223905216 NetConnector.cpp:216] connect to: 0.0.0.0:5001 success! 
W0108 07:33:55.753628 63610880 ServerMgr.cpp:88] remove one proxy server, id: 30
I0108 07:33:55.759721 223905216 NetServer.cpp:88] delete io...127.0.0.1:55658
W0108 07:33:55.762821 63610880 LoginServerThread.cpp:180] center server is disconnect, after 10s will be reconnect!
I0108 07:33:59.257380 223905216 NetServer.cpp:55] accept io...127.0.0.1:55692
I0108 07:33:59.259174 63610880 LoginServerThread.cpp:190] bind one connect: 127.0.0.1:55692
I0108 07:33:59.281145 63610880 ServerMgr.cpp:54] bind one proxy server, ip:127.0.0.1:55692
W0108 07:34:06.304723 223905216 NetModule.cpp:723] ready reconnect server, server id: 0
I0108 07:34:06.304795 223905216 NetConnector.cpp:216] connect to: 0.0.0.0:5001 success! 
I0108 08:30:02.790902 223905216 NetServer.cpp:88] delete io...127.0.0.1:55692
W0108 08:30:02.793452 63610880 ServerMgr.cpp:88] remove one proxy server, id: 30
W0108 08:30:02.801043 63610880 LoginServerThread.cpp:180] center server is disconnect, after 10s will be reconnect!
I0108 08:30:06.277544 223905216 NetServer.cpp:55] accept io...127.0.0.1:55742
I0108 08:30:06.279141 63610880 LoginServerThread.cpp:190] bind one connect: 127.0.0.1:55742
I0108 08:30:06.308223 63610880 ServerMgr.cpp:54] bind one proxy server, ip:127.0.0.1:55742
W0108 08:30:13.330986 223905216 NetModule.cpp:723] ready reconnect server, server id: 0
I0108 08:30:13.331085 223905216 NetConnector.cpp:216] connect to: 0.0.0.0:5001 success! 
I0108 09:49:30.982017 223905216 NetServer.cpp:88] delete io...127.0.0.1:55742
W0108 09:49:30.985321 63610880 ServerMgr.cpp:88] remove one proxy server, id: 30
W0108 09:49:31.003921 63610880 LoginServerThread.cpp:180] center server is disconnect, after 10s will be reconnect!
I0108 09:49:34.469780 223905216 NetServer.cpp:55] accept io...127.0.0.1:55891
I0108 09:49:34.471657 63610880 LoginServerThread.cpp:190] bind one connect: 127.0.0.1:55891
I0108 09:49:34.486749 63610880 ServerMgr.cpp:54] bind one proxy server, ip:127.0.0.1:55891
W0108 09:49:41.494289 223905216 NetModule.cpp:723] ready reconnect server, server id: 0
I0108 09:49:41.494365 223905216 NetConnector.cpp:216] connect to: 127.0.0.1:5001 success! 
W0108 10:16:40.145884 63610880 LoginServerThread.cpp:3959] set user earn score fail, user id: 83516815
W0108 10:49:48.169893 63610880 LoginServerThread.cpp:3959] set user earn score fail, user id: 83516815
W0108 10:49:58.283121 63610880 LoginServerThread.cpp:3943] set user task fail, user id: 83516815
W0108 10:50:08.517215 63610880 LoginServerThread.cpp:4068] set user today rank info fail, user id: 83516815
W0108 10:50:18.633095 63610880 LoginServerThread.cpp:3872] set benefit failed, userid: 83516815
W0108 10:50:48.647789 63610880 LoginServerThread.cpp:3796] set proxy server info fail, userid = 83516815
W0108 10:50:58.652994 63610880 LoginServerThread.cpp:3611] set user account data fail, userid = 83516815
W0108 10:51:08.657162 63610880 LoginServerThread.cpp:3629] set user id failed, account: 264FDBBC-4838-4336-B431-73DD81D8CB0A
W0108 11:03:21.545125 63610880 LoginServerThread.cpp:3959] set user earn score fail, user id: 83516815
W0108 11:03:31.661504 63610880 LoginServerThread.cpp:3943] set user task fail, user id: 83516815
W0108 11:03:41.887125 63610880 LoginServerThread.cpp:4068] set user today rank info fail, user id: 83516815
W0108 11:03:52.016424 63610880 LoginServerThread.cpp:3872] set benefit failed, userid: 83516815
I0108 18:24:48.039117 223905216 NetServer.cpp:88] delete io...127.0.0.1:55891
W0108 18:24:48.039623 63610880 ServerMgr.cpp:88] remove one proxy server, id: 30
W0108 18:24:48.047677 63610880 LoginServerThread.cpp:180] center server is disconnect, after 10s will be reconnect!
I0108 18:24:51.252607 223905216 NetServer.cpp:55] accept io...127.0.0.1:60384
I0108 18:24:51.253787 63610880 LoginServerThread.cpp:190] bind one connect: 127.0.0.1:60384
I0108 18:24:51.284739 63610880 ServerMgr.cpp:54] bind one proxy server, ip:127.0.0.1:60384
W0108 18:24:58.290231 223905216 NetModule.cpp:723] ready reconnect server, server id: 0
I0108 18:24:58.293041 223905216 NetConnector.cpp:216] connect to: 127.0.0.1:5001 success! 
W0108 19:04:40.748134 63610880 ServerMgr.cpp:88] remove one proxy server, id: 30
I0108 19:04:40.751327 223905216 NetServer.cpp:88] delete io...127.0.0.1:60384
W0108 19:04:40.754513 63610880 LoginServerThread.cpp:180] center server is disconnect, after 10s will be reconnect!
I0108 19:04:44.251164 223905216 NetServer.cpp:55] accept io...127.0.0.1:60409
I0108 19:04:44.252437 63610880 LoginServerThread.cpp:190] bind one connect: 127.0.0.1:60409
I0108 19:04:44.281291 63610880 ServerMgr.cpp:54] bind one proxy server, ip:127.0.0.1:60409
W0108 19:04:51.292618 223905216 NetModule.cpp:723] ready reconnect server, server id: 0
I0108 19:04:51.292966 223905216 NetConnector.cpp:216] connect to: 0.0.0.0:5001 success! 
I0108 20:09:43.773829 223905216 NetServer.cpp:88] delete io...127.0.0.1:60409
W0108 20:09:43.775666 63610880 ServerMgr.cpp:88] remove one proxy server, id: 30
W0108 20:09:43.775915 63610880 LoginServerThread.cpp:180] center server is disconnect, after 10s will be reconnect!
I0108 20:09:47.269579 223905216 NetServer.cpp:55] accept io...127.0.0.1:60473
I0108 20:09:47.271442 63610880 LoginServerThread.cpp:190] bind one connect: 127.0.0.1:60473
