Log file created at: 2018/12/29 21:15:51
Running on machine: henisdeMacBook-Pro.local
Log line format: [IWEF]mmdd hh:mm:ss.uuuuuu threadid file:line] msg
I1229 21:15:51.357313 242824640 LoginServer.cpp:45] 正在启动登录服务器...
I1229 21:15:51.361091 242824640 NetModule.h:71] Init NetModule Finished.
I1229 21:15:51.361763 242824640 NetModule.h:77] start work thread 0...
I1229 21:15:51.361781 242824640 NetModule.cpp:64] Start Run NetModule...
I1229 21:15:51.361809 242824640 NetModule.cpp:76] NetModule Already Startover.
W1229 21:15:51.362337 242824640 LoginServer.cpp:65] listen at: 0.0.0.0:7003
I1229 21:15:51.362671 242824640 NetModule.cpp:118] Create one server...
I1229 21:15:51.362798 242824640 NetConnector.cpp:216] connect to: 0.0.0.0:5001 success! 
I1229 21:16:01.590919 242824640 NetServer.cpp:55] accept io...127.0.0.1:51745
I1229 21:16:01.592378 237686784 LoginServerThread.cpp:180] bind one connect: 127.0.0.1:51745
I1229 21:16:01.616526 237686784 ServerMgr.cpp:54] bind one proxy server, ip:127.0.0.1:51745
I1229 21:16:03.081557 237686784 LoginServerThread.cpp:7364] load game kind succ!
I1229 21:16:03.191203 237686784 LoginServerThread.cpp:7475] load game room kind succ!
I1229 21:16:03.639233 237686784 LoginServerThread.cpp:7839] load system status succ!
I1229 21:16:03.751121 237686784 LoginServerThread.cpp:7510] load sign in config succ!
I1229 21:16:03.863034 237686784 LoginServerThread.cpp:7544] load vip config succ!
I1229 21:16:03.972255 237686784 LoginServerThread.cpp:7576] load vip2 config succ!
I1229 21:16:04.703083 237686784 LoginServerThread.cpp:7864] load channel show exchange succ!
I1229 21:16:04.811524 237686784 LoginServerThread.cpp:7894] load exchange info succ!
I1229 21:16:05.072660 237686784 LoginServerThread.cpp:7921] load channel prsent score succ!
I1229 21:16:05.204407 237686784 LoginServerThread.cpp:7945] load channel register mail succ!
I1229 21:16:05.323968 237686784 LoginServerThread.cpp:7668] load game version succ!
I1229 22:16:18.695838 242824640 NetServer.cpp:88] delete io...127.0.0.1:51745
W1229 22:16:18.695966 237686784 ServerMgr.cpp:88] remove one proxy server, id: 30
W1229 22:16:18.700922 237686784 LoginServerThread.cpp:170] center server is disconnect, after 10s will be reconnect!
I1229 22:16:21.812772 242824640 NetServer.cpp:55] accept io...127.0.0.1:51882
I1229 22:16:21.813311 237686784 LoginServerThread.cpp:180] bind one connect: 127.0.0.1:51882
I1229 22:16:21.841732 237686784 ServerMgr.cpp:54] bind one proxy server, ip:127.0.0.1:51882
W1229 22:16:28.839277 242824640 NetModule.cpp:703] ready reconnect server, server id: 10
I1229 22:16:28.839491 242824640 NetConnector.cpp:216] connect to: 0.0.0.0:5001 success! 
I1229 22:52:42.211473 242824640 NetServer.cpp:88] delete io...127.0.0.1:51882
W1229 22:52:42.212805 237686784 ServerMgr.cpp:88] remove one proxy server, id: 30
W1229 22:52:42.213130 237686784 LoginServerThread.cpp:170] center server is disconnect, after 10s will be reconnect!
I1229 22:52:45.706732 242824640 NetServer.cpp:55] accept io...127.0.0.1:51929
I1229 22:52:45.709458 237686784 LoginServerThread.cpp:180] bind one connect: 127.0.0.1:51929
I1229 22:52:45.721314 237686784 ServerMgr.cpp:54] bind one proxy server, ip:127.0.0.1:51929
W1229 22:52:52.737634 242824640 NetModule.cpp:703] ready reconnect server, server id: 10
I1229 22:52:52.737746 242824640 NetConnector.cpp:216] connect to: 0.0.0.0:5001 success! 
I1229 23:57:45.239948 242824640 NetServer.cpp:88] delete io...127.0.0.1:51929
W1229 23:57:45.241540 237686784 ServerMgr.cpp:88] remove one proxy server, id: 30
W1229 23:57:45.241614 237686784 LoginServerThread.cpp:170] center server is disconnect, after 10s will be reconnect!
I1229 23:57:48.745995 242824640 NetServer.cpp:55] accept io...127.0.0.1:51964
I1229 23:57:48.748201 237686784 LoginServerThread.cpp:180] bind one connect: 127.0.0.1:51964
I1229 23:57:48.770306 237686784 ServerMgr.cpp:54] bind one proxy server, ip:127.0.0.1:51964
W1229 23:57:55.762905 242824640 NetModule.cpp:703] ready reconnect server, server id: 10
I1229 23:57:55.763109 242824640 NetConnector.cpp:216] connect to: 0.0.0.0:5001 success! 
W1230 00:00:45.414058 237686784 LoginServerThread.cpp:511] login server is across day.
I1230 01:02:48.279414 242824640 NetServer.cpp:88] delete io...127.0.0.1:51964
W1230 01:02:48.281093 237686784 ServerMgr.cpp:88] remove one proxy server, id: 30
W1230 01:02:48.281154 237686784 LoginServerThread.cpp:170] center server is disconnect, after 10s will be reconnect!
I1230 01:02:51.786358 242824640 NetServer.cpp:55] accept io...127.0.0.1:52000
I1230 01:02:51.786734 237686784 LoginServerThread.cpp:180] bind one connect: 127.0.0.1:52000
I1230 01:02:51.795068 237686784 ServerMgr.cpp:54] bind one proxy server, ip:127.0.0.1:52000
W1230 01:02:58.809558 242824640 NetModule.cpp:703] ready reconnect server, server id: 10
I1230 01:02:58.809666 242824640 NetConnector.cpp:216] connect to: 0.0.0.0:5001 success! 
I1230 01:47:53.301892 242824640 NetServer.cpp:88] delete io...127.0.0.1:52000
W1230 01:47:53.303417 237686784 ServerMgr.cpp:88] remove one proxy server, id: 30
W1230 01:47:53.303458 237686784 LoginServerThread.cpp:170] center server is disconnect, after 10s will be reconnect!
I1230 01:47:56.794857 242824640 NetServer.cpp:55] accept io...127.0.0.1:52038
I1230 01:47:56.797621 237686784 LoginServerThread.cpp:180] bind one connect: 127.0.0.1:52038
I1230 01:47:56.820209 237686784 ServerMgr.cpp:54] bind one proxy server, ip:127.0.0.1:52038
W1230 01:48:03.338007 242824640 NetModule.cpp:703] ready reconnect server, server id: 10
I1230 01:48:03.338237 242824640 NetConnector.cpp:216] connect to: 0.0.0.0:5001 success! 
I1230 02:52:56.311018 242824640 NetServer.cpp:88] delete io...127.0.0.1:52038
W1230 02:52:56.312748 237686784 ServerMgr.cpp:88] remove one proxy server, id: 30
W1230 02:52:56.312796 237686784 LoginServerThread.cpp:170] center server is disconnect, after 10s will be reconnect!
I1230 02:52:59.804553 242824640 NetServer.cpp:55] accept io...127.0.0.1:52068
I1230 02:52:59.806617 237686784 LoginServerThread.cpp:180] bind one connect: 127.0.0.1:52068
I1230 02:52:59.832517 237686784 ServerMgr.cpp:54] bind one proxy server, ip:127.0.0.1:52068
W1230 02:53:06.837209 242824640 NetModule.cpp:703] ready reconnect server, server id: 10
I1230 02:53:06.837397 242824640 NetConnector.cpp:216] connect to: 0.0.0.0:5001 success! 
I1230 03:57:59.330458 242824640 NetServer.cpp:88] delete io...127.0.0.1:52068
W1230 03:57:59.331001 237686784 ServerMgr.cpp:88] remove one proxy server, id: 30
W1230 03:57:59.331048 237686784 LoginServerThread.cpp:170] center server is disconnect, after 10s will be reconnect!
I1230 03:58:02.830309 242824640 NetServer.cpp:55] accept io...127.0.0.1:52122
I1230 03:58:02.832964 237686784 LoginServerThread.cpp:180] bind one connect: 127.0.0.1:52122
I1230 03:58:02.850203 237686784 ServerMgr.cpp:54] bind one proxy server, ip:127.0.0.1:52122
W1230 03:58:09.852370 242824640 NetModule.cpp:703] ready reconnect server, server id: 10
I1230 03:58:09.852597 242824640 NetConnector.cpp:216] connect to: 0.0.0.0:5001 success! 
I1230 05:03:02.384820 242824640 NetServer.cpp:88] delete io...127.0.0.1:52122
W1230 05:03:02.384891 237686784 ServerMgr.cpp:88] remove one proxy server, id: 30
W1230 05:03:02.384944 237686784 LoginServerThread.cpp:170] center server is disconnect, after 10s will be reconnect!
I1230 05:03:05.876554 242824640 NetServer.cpp:55] accept io...127.0.0.1:52164
I1230 05:03:05.879257 237686784 LoginServerThread.cpp:180] bind one connect: 127.0.0.1:52164
I1230 05:03:05.890986 237686784 ServerMgr.cpp:54] bind one proxy server, ip:127.0.0.1:52164
W1230 05:03:12.409039 242824640 NetModule.cpp:703] ready reconnect server, server id: 10
I1230 05:03:12.409111 242824640 NetConnector.cpp:216] connect to: 0.0.0.0:5001 success! 
W1230 06:08:02.651645 237686784 ServerMgr.cpp:88] remove one proxy server, id: 30
I1230 06:08:02.651644 242824640 NetServer.cpp:88] delete io...127.0.0.1:52164
W1230 06:08:02.660828 237686784 LoginServerThread.cpp:170] center server is disconnect, after 10s will be reconnect!
I1230 06:08:06.141060 242824640 NetServer.cpp:55] accept io...127.0.0.1:52216
I1230 06:08:06.143318 237686784 LoginServerThread.cpp:180] bind one connect: 127.0.0.1:52216
I1230 06:08:06.154413 237686784 ServerMgr.cpp:54] bind one proxy server, ip:127.0.0.1:52216
W1230 06:08:13.195127 242824640 NetModule.cpp:703] ready reconnect server, server id: 10
I1230 06:08:13.195389 242824640 NetConnector.cpp:216] connect to: 0.0.0.0:5001 success! 
I1230 06:40:35.664535 242824640 NetServer.cpp:88] delete io...127.0.0.1:52216
W1230 06:40:35.667495 237686784 ServerMgr.cpp:88] remove one proxy server, id: 30
W1230 06:40:35.667600 237686784 LoginServerThread.cpp:170] center server is disconnect, after 10s will be reconnect!
I1230 06:40:39.156543 242824640 NetServer.cpp:55] accept io...127.0.0.1:52248
I1230 06:40:39.158565 237686784 LoginServerThread.cpp:180] bind one connect: 127.0.0.1:52248
I1230 06:40:39.170325 237686784 ServerMgr.cpp:54] bind one proxy server, ip:127.0.0.1:52248
W1230 06:40:45.681862 242824640 NetModule.cpp:703] ready reconnect server, server id: 10
I1230 06:40:45.682076 242824640 NetConnector.cpp:216] connect to: 0.0.0.0:5001 success! 
I1230 06:49:30.860374 242824640 NetServer.cpp:88] delete io...127.0.0.1:52248
W1230 06:49:30.861894 237686784 ServerMgr.cpp:88] remove one proxy server, id: 30
W1230 06:49:30.874187 237686784 LoginServerThread.cpp:170] center server is disconnect, after 10s will be reconnect!
I1230 06:49:34.363785 242824640 NetServer.cpp:55] accept io...127.0.0.1:52565
I1230 06:49:34.366421 237686784 LoginServerThread.cpp:180] bind one connect: 127.0.0.1:52565
I1230 06:49:34.387914 237686784 ServerMgr.cpp:54] bind one proxy server, ip:127.0.0.1:52565
W1230 06:49:44.138789 242824640 NetModule.cpp:703] ready reconnect server, server id: 10
I1230 06:49:44.139003 242824640 NetConnector.cpp:216] connect to: 0.0.0.0:5001 success! 
I1230 07:36:30.710455 242824640 NetServer.cpp:88] delete io...127.0.0.1:52565
W1230 07:36:30.713111 237686784 ServerMgr.cpp:88] remove one proxy server, id: 30
W1230 07:36:30.719363 237686784 LoginServerThread.cpp:170] center server is disconnect, after 10s will be reconnect!
I1230 07:36:34.214480 242824640 NetServer.cpp:55] accept io...127.0.0.1:52674
I1230 07:36:34.215270 237686784 LoginServerThread.cpp:180] bind one connect: 127.0.0.1:52674
I1230 07:36:34.240422 237686784 ServerMgr.cpp:54] bind one proxy server, ip:127.0.0.1:52674
W1230 07:36:41.235707 242824640 NetModule.cpp:703] ready reconnect server, server id: 10
I1230 07:36:41.235915 242824640 NetConnector.cpp:216] connect to: 0.0.0.0:5001 success! 
I1230 08:41:34.378168 242824640 NetServer.cpp:88] delete io...127.0.0.1:52674
W1230 08:41:34.378265 237686784 ServerMgr.cpp:88] remove one proxy server, id: 30
W1230 08:41:34.378324 237686784 LoginServerThread.cpp:170] center server is disconnect, after 10s will be reconnect!
I1230 08:41:37.868247 242824640 NetServer.cpp:55] accept io...127.0.0.1:52831
I1230 08:41:37.870580 237686784 LoginServerThread.cpp:180] bind one connect: 127.0.0.1:52831
I1230 08:41:37.879041 237686784 ServerMgr.cpp:54] bind one proxy server, ip:127.0.0.1:52831
W1230 08:41:44.912744 242824640 NetModule.cpp:703] ready reconnect server, server id: 10
I1230 08:41:44.912874 242824640 NetConnector.cpp:216] connect to: 0.0.0.0:5001 success! 
I1230 09:45:02.383220 242824640 NetServer.cpp:88] delete io...127.0.0.1:52831
W1230 09:45:02.384124 237686784 ServerMgr.cpp:88] remove one proxy server, id: 30
W1230 09:45:02.386826 237686784 LoginServerThread.cpp:170] center server is disconnect, after 10s will be reconnect!
I1230 09:45:05.873168 242824640 NetServer.cpp:55] accept io...127.0.0.1:53007
I1230 09:45:05.874938 237686784 LoginServerThread.cpp:180] bind one connect: 127.0.0.1:53007
I1230 09:45:05.897483 237686784 ServerMgr.cpp:54] bind one proxy server, ip:127.0.0.1:53007
W1230 09:45:12.414649 242824640 NetModule.cpp:703] ready reconnect server, server id: 10
I1230 09:45:12.414876 242824640 NetConnector.cpp:216] connect to: 0.0.0.0:5001 success! 
I1230 11:45:04.403446 242824640 NetServer.cpp:88] delete io...127.0.0.1:53007
W1230 11:45:04.405076 237686784 ServerMgr.cpp:88] remove one proxy server, id: 30
W1230 11:45:04.409590 237686784 LoginServerThread.cpp:170] center server is disconnect, after 10s will be reconnect!
I1230 11:45:07.898015 242824640 NetServer.cpp:55] accept io...127.0.0.1:54310
I1230 11:45:07.898962 237686784 LoginServerThread.cpp:180] bind one connect: 127.0.0.1:54310
I1230 11:45:07.928894 237686784 ServerMgr.cpp:54] bind one proxy server, ip:127.0.0.1:54310
W1230 11:45:14.440898 242824640 NetModule.cpp:703] ready reconnect server, server id: 10
I1230 11:45:14.441121 242824640 NetConnector.cpp:216] connect to: 0.0.0.0:5001 success! 
I1230 12:50:44.406272 242824640 NetServer.cpp:88] delete io...127.0.0.1:54310
W1230 12:50:44.407598 237686784 ServerMgr.cpp:88] remove one proxy server, id: 30
W1230 12:50:44.416080 237686784 LoginServerThread.cpp:170] center server is disconnect, after 10s will be reconnect!
I1230 12:50:47.897925 242824640 NetServer.cpp:55] accept io...127.0.0.1:54472
I1230 12:50:47.900255 237686784 LoginServerThread.cpp:180] bind one connect: 127.0.0.1:54472
I1230 12:50:47.915100 237686784 ServerMgr.cpp:54] bind one proxy server, ip:127.0.0.1:54472
W1230 12:50:54.924794 242824640 NetModule.cpp:703] ready reconnect server, server id: 10
I1230 12:50:54.924998 242824640 NetConnector.cpp:216] connect to: 0.0.0.0:5001 success! 
I1230 13:56:24.407779 242824640 NetServer.cpp:88] delete io...127.0.0.1:54472
W1230 13:56:24.409291 237686784 ServerMgr.cpp:88] remove one proxy server, id: 30
W1230 13:56:24.431598 237686784 LoginServerThread.cpp:170] center server is disconnect, after 10s will be reconnect!
I1230 13:56:27.906419 242824640 NetServer.cpp:55] accept io...127.0.0.1:54634
I1230 13:56:27.908697 237686784 LoginServerThread.cpp:180] bind one connect: 127.0.0.1:54634
I1230 13:56:27.914512 237686784 ServerMgr.cpp:54] bind one proxy server, ip:127.0.0.1:54634
W1230 13:56:34.954916 242824640 NetModule.cpp:703] ready reconnect server, server id: 10
I1230 13:56:34.955970 242824640 NetConnector.cpp:216] connect to: 0.0.0.0:5001 success! 
I1230 15:02:04.410406 242824640 NetServer.cpp:88] delete io...127.0.0.1:54634
W1230 15:02:04.412637 237686784 ServerMgr.cpp:88] remove one proxy server, id: 30
W1230 15:02:04.419556 237686784 LoginServerThread.cpp:170] center server is disconnect, after 10s will be reconnect!
I1230 15:02:07.907115 242824640 NetServer.cpp:55] accept io...127.0.0.1:54796
I1230 15:02:07.908875 237686784 LoginServerThread.cpp:180] bind one connect: 127.0.0.1:54796
I1230 15:02:07.929967 237686784 ServerMgr.cpp:54] bind one proxy server, ip:127.0.0.1:54796
W1230 15:02:14.440524 242824640 NetModule.cpp:703] ready reconnect server, server id: 10
I1230 15:02:14.440732 242824640 NetConnector.cpp:216] connect to: 0.0.0.0:5001 success! 
I1230 16:07:45.415844 242824640 NetServer.cpp:88] delete io...127.0.0.1:54796
W1230 16:07:45.416460 237686784 ServerMgr.cpp:88] remove one proxy server, id: 30
W1230 16:07:45.419037 237686784 LoginServerThread.cpp:170] center server is disconnect, after 10s will be reconnect!
I1230 16:07:48.912029 242824640 NetServer.cpp:55] accept io...127.0.0.1:54956
I1230 16:07:48.914413 237686784 LoginServerThread.cpp:180] bind one connect: 127.0.0.1:54956
I1230 16:07:48.931804 237686784 ServerMgr.cpp:54] bind one proxy server, ip:127.0.0.1:54956
W1230 16:07:55.948485 242824640 NetModule.cpp:703] ready reconnect server, server id: 10
I1230 16:07:55.948624 242824640 NetConnector.cpp:216] connect to: 0.0.0.0:5001 success! 
I1230 17:13:26.415127 242824640 NetServer.cpp:88] delete io...127.0.0.1:54956
W1230 17:13:26.416930 237686784 ServerMgr.cpp:88] remove one proxy server, id: 30
W1230 17:13:26.425670 237686784 LoginServerThread.cpp:170] center server is disconnect, after 10s will be reconnect!
I1230 17:13:29.906684 242824640 NetServer.cpp:55] accept io...127.0.0.1:55117
I1230 17:13:29.909540 237686784 LoginServerThread.cpp:180] bind one connect: 127.0.0.1:55117
I1230 17:13:29.932374 237686784 ServerMgr.cpp:54] bind one proxy server, ip:127.0.0.1:55117
W1230 17:13:36.939769 242824640 NetModule.cpp:703] ready reconnect server, server id: 10
I1230 17:13:36.939977 242824640 NetConnector.cpp:216] connect to: 0.0.0.0:5001 success! 
I1230 18:19:06.411103 242824640 NetServer.cpp:88] delete io...127.0.0.1:55117
W1230 18:19:06.412530 237686784 ServerMgr.cpp:88] remove one proxy server, id: 30
W1230 18:19:06.412595 237686784 LoginServerThread.cpp:170] center server is disconnect, after 10s will be reconnect!
I1230 18:19:09.918756 242824640 NetServer.cpp:55] accept io...127.0.0.1:55277
I1230 18:19:09.919203 237686784 LoginServerThread.cpp:180] bind one connect: 127.0.0.1:55277
I1230 18:19:09.927860 237686784 ServerMgr.cpp:54] bind one proxy server, ip:127.0.0.1:55277
W1230 18:19:16.943459 242824640 NetModule.cpp:703] ready reconnect server, server id: 10
I1230 18:19:16.943660 242824640 NetConnector.cpp:216] connect to: 0.0.0.0:5001 success! 
I1230 19:24:47.420344 242824640 NetServer.cpp:88] delete io...127.0.0.1:55277
W1230 19:24:47.420673 237686784 ServerMgr.cpp:88] remove one proxy server, id: 30
W1230 19:24:47.420784 237686784 LoginServerThread.cpp:170] center server is disconnect, after 10s will be reconnect!
I1230 19:24:50.922910 242824640 NetServer.cpp:55] accept io...127.0.0.1:55447
I1230 19:24:50.924842 237686784 LoginServerThread.cpp:180] bind one connect: 127.0.0.1:55447
I1230 19:24:50.947602 237686784 ServerMgr.cpp:54] bind one proxy server, ip:127.0.0.1:55447
W1230 19:24:57.921769 242824640 NetModule.cpp:703] ready reconnect server, server id: 10
I1230 19:24:57.921975 242824640 NetConnector.cpp:216] connect to: 0.0.0.0:5001 success! 
I1230 20:01:11.419373 242824640 NetServer.cpp:88] delete io...127.0.0.1:55447
W1230 20:01:11.421459 237686784 ServerMgr.cpp:88] remove one proxy server, id: 30
W1230 20:01:11.421550 237686784 LoginServerThread.cpp:170] center server is disconnect, after 10s will be reconnect!
I1230 20:01:14.917284 242824640 NetServer.cpp:55] accept io...127.0.0.1:55607
I1230 20:01:14.919589 237686784 LoginServerThread.cpp:180] bind one connect: 127.0.0.1:55607
I1230 20:01:14.943848 237686784 ServerMgr.cpp:54] bind one proxy server, ip:127.0.0.1:55607
W1230 20:01:21.946189 242824640 NetModule.cpp:703] ready reconnect server, server id: 10
I1230 20:01:21.946383 242824640 NetConnector.cpp:216] connect to: 0.0.0.0:5001 success! 
I1230 21:06:14.424396 242824640 NetServer.cpp:88] delete io...127.0.0.1:55607
W1230 21:06:14.426430 237686784 ServerMgr.cpp:88] remove one proxy server, id: 30
W1230 21:06:14.426517 237686784 LoginServerThread.cpp:170] center server is disconnect, after 10s will be reconnect!
I1230 21:06:17.914837 242824640 NetServer.cpp:55] accept io...127.0.0.1:55769
I1230 21:06:17.917140 237686784 LoginServerThread.cpp:180] bind one connect: 127.0.0.1:55769
I1230 21:06:17.944324 237686784 ServerMgr.cpp:54] bind one proxy server, ip:127.0.0.1:55769
W1230 21:06:24.940210 242824640 NetModule.cpp:703] ready reconnect server, server id: 10
I1230 21:06:24.940423 242824640 NetConnector.cpp:216] connect to: 0.0.0.0:5001 success! 
I1230 22:11:54.424891 242824640 NetServer.cpp:88] delete io...127.0.0.1:55769
W1230 22:11:54.425002 237686784 ServerMgr.cpp:88] remove one proxy server, id: 30
W1230 22:11:54.427151 237686784 LoginServerThread.cpp:170] center server is disconnect, after 10s will be reconnect!
I1230 22:11:57.915072 242824640 NetServer.cpp:55] accept io...127.0.0.1:55933
I1230 22:11:57.916824 237686784 LoginServerThread.cpp:180] bind one connect: 127.0.0.1:55933
I1230 22:11:57.938941 237686784 ServerMgr.cpp:54] bind one proxy server, ip:127.0.0.1:55933
W1230 22:12:04.952190 242824640 NetModule.cpp:703] ready reconnect server, server id: 10
I1230 22:12:04.953244 242824640 NetConnector.cpp:216] connect to: 0.0.0.0:5001 success! 
I1230 23:17:45.431689 242824640 NetServer.cpp:88] delete io...127.0.0.1:55933
W1230 23:17:45.433435 237686784 ServerMgr.cpp:88] remove one proxy server, id: 30
W1230 23:17:45.433482 237686784 LoginServerThread.cpp:170] center server is disconnect, after 10s will be reconnect!
I1230 23:17:48.926678 242824640 NetServer.cpp:55] accept io...127.0.0.1:56122
I1230 23:17:48.928506 237686784 LoginServerThread.cpp:180] bind one connect: 127.0.0.1:56122
I1230 23:17:48.948966 237686784 ServerMgr.cpp:54] bind one proxy server, ip:127.0.0.1:56122
W1230 23:17:55.450304 242824640 NetModule.cpp:703] ready reconnect server, server id: 10
I1230 23:17:55.450512 242824640 NetConnector.cpp:216] connect to: 0.0.0.0:5001 success! 
W1231 00:23:42.419872 237686784 LoginServerThread.cpp:511] login server is across day.
I1231 00:23:42.438072 242824640 NetServer.cpp:88] delete io...127.0.0.1:56122
W1231 00:23:42.438608 237686784 LoginServerThread.cpp:534] delete record_register_ip error, errno: 2003, error: Can't connect to MySQL server on '58.82.239.150' (51)
W1231 00:23:42.438675 237686784 ServerMgr.cpp:88] remove one proxy server, id: 30
W1231 00:23:42.438702 237686784 LoginServerThread.cpp:170] center server is disconnect, after 10s will be reconnect!
I1231 00:23:45.934708 242824640 NetServer.cpp:55] accept io...127.0.0.1:56288
I1231 00:23:45.935293 237686784 LoginServerThread.cpp:180] bind one connect: 127.0.0.1:56288
I1231 00:23:45.951218 237686784 ServerMgr.cpp:54] bind one proxy server, ip:127.0.0.1:56288
W1231 00:23:52.976881 242824640 NetModule.cpp:703] ready reconnect server, server id: 10
I1231 00:23:52.977067 242824640 NetConnector.cpp:216] connect to: 0.0.0.0:5001 success! 
I1231 01:29:22.438825 242824640 NetServer.cpp:88] delete io...127.0.0.1:56288
W1231 01:29:22.441267 237686784 ServerMgr.cpp:88] remove one proxy server, id: 30
W1231 01:29:22.441329 237686784 LoginServerThread.cpp:170] center server is disconnect, after 10s will be reconnect!
I1231 01:29:25.929791 242824640 NetServer.cpp:55] accept io...127.0.0.1:56484
I1231 01:29:25.932077 237686784 LoginServerThread.cpp:180] bind one connect: 127.0.0.1:56484
I1231 01:29:25.943516 237686784 ServerMgr.cpp:54] bind one proxy server, ip:127.0.0.1:56484
W1231 01:29:32.457020 242824640 NetModule.cpp:703] ready reconnect server, server id: 10
I1231 01:29:32.457111 242824640 NetConnector.cpp:216] connect to: 0.0.0.0:5001 success! 
I1231 02:35:03.435528 242824640 NetServer.cpp:88] delete io...127.0.0.1:56484
W1231 02:35:03.437511 237686784 ServerMgr.cpp:88] remove one proxy server, id: 30
W1231 02:35:03.437561 237686784 LoginServerThread.cpp:170] center server is disconnect, after 10s will be reconnect!
I1231 02:35:06.933279 242824640 NetServer.cpp:55] accept io...127.0.0.1:56652
I1231 02:35:06.934234 237686784 LoginServerThread.cpp:180] bind one connect: 127.0.0.1:56652
I1231 02:35:06.940343 237686784 ServerMgr.cpp:54] bind one proxy server, ip:127.0.0.1:56652
W1231 02:35:13.965615 242824640 NetModule.cpp:703] ready reconnect server, server id: 10
I1231 02:35:13.965823 242824640 NetConnector.cpp:216] connect to: 0.0.0.0:5001 success! 
I1231 03:40:43.435250 242824640 NetServer.cpp:88] delete io...127.0.0.1:56652
W1231 03:40:43.436800 237686784 ServerMgr.cpp:88] remove one proxy server, id: 30
W1231 03:40:43.436848 237686784 LoginServerThread.cpp:170] center server is disconnect, after 10s will be reconnect!
I1231 03:40:46.934871 242824640 NetServer.cpp:55] accept io...127.0.0.1:56834
I1231 03:40:46.935246 237686784 LoginServerThread.cpp:180] bind one connect: 127.0.0.1:56834
I1231 03:40:46.943940 237686784 ServerMgr.cpp:54] bind one proxy server, ip:127.0.0.1:56834
W1231 03:40:53.967725 242824640 NetModule.cpp:703] ready reconnect server, server id: 10
I1231 03:40:53.967952 242824640 NetConnector.cpp:216] connect to: 0.0.0.0:5001 success! 
I1231 04:46:24.438151 242824640 NetServer.cpp:88] delete io...127.0.0.1:56834
W1231 04:46:24.439085 237686784 ServerMgr.cpp:88] remove one proxy server, id: 30
W1231 04:46:24.439388 237686784 LoginServerThread.cpp:170] center server is disconnect, after 10s will be reconnect!
I1231 04:46:27.947453 242824640 NetServer.cpp:55] accept io...127.0.0.1:57004
I1231 04:46:27.949712 237686784 LoginServerThread.cpp:180] bind one connect: 127.0.0.1:57004
I1231 04:46:27.975652 237686784 ServerMgr.cpp:54] bind one proxy server, ip:127.0.0.1:57004
W1231 04:46:34.966497 242824640 NetModule.cpp:703] ready reconnect server, server id: 10
I1231 04:46:34.966706 242824640 NetConnector.cpp:216] connect to: 0.0.0.0:5001 success! 
I1231 05:52:04.438650 242824640 NetServer.cpp:88] delete io...127.0.0.1:57004
W1231 05:52:04.438930 237686784 ServerMgr.cpp:88] remove one proxy server, id: 30
W1231 05:52:04.441481 237686784 LoginServerThread.cpp:170] center server is disconnect, after 10s will be reconnect!
I1231 05:52:07.940063 242824640 NetServer.cpp:55] accept io...127.0.0.1:57190
I1231 05:52:07.942237 237686784 LoginServerThread.cpp:180] bind one connect: 127.0.0.1:57190
I1231 05:52:07.968008 237686784 ServerMgr.cpp:54] bind one proxy server, ip:127.0.0.1:57190
W1231 05:52:14.961062 242824640 NetModule.cpp:703] ready reconnect server, server id: 10
I1231 05:52:14.961248 242824640 NetConnector.cpp:216] connect to: 0.0.0.0:5001 success! 
I1231 06:57:45.443024 242824640 NetServer.cpp:88] delete io...127.0.0.1:57190
W1231 06:57:45.444798 237686784 ServerMgr.cpp:88] remove one proxy server, id: 30
W1231 06:57:45.444839 237686784 LoginServerThread.cpp:170] center server is disconnect, after 10s will be reconnect!
I1231 06:57:48.935794 242824640 NetServer.cpp:55] accept io...127.0.0.1:57356
I1231 06:57:48.938014 237686784 LoginServerThread.cpp:180] bind one connect: 127.0.0.1:57356
I1231 06:57:48.955175 237686784 ServerMgr.cpp:54] bind one proxy server, ip:127.0.0.1:57356
W1231 06:57:55.973707 242824640 NetModule.cpp:703] ready reconnect server, server id: 10
I1231 06:57:55.973902 242824640 NetConnector.cpp:216] connect to: 0.0.0.0:5001 success! 
I1231 08:03:27.446379 242824640 NetServer.cpp:88] delete io...127.0.0.1:57356
W1231 08:03:27.448854 237686784 ServerMgr.cpp:88] remove one proxy server, id: 30
W1231 08:03:27.448911 237686784 LoginServerThread.cpp:170] center server is disconnect, after 10s will be reconnect!
I1231 08:03:30.945096 242824640 NetServer.cpp:55] accept io...127.0.0.1:57528
I1231 08:03:30.947371 237686784 LoginServerThread.cpp:180] bind one connect: 127.0.0.1:57528
I1231 08:03:30.962623 237686784 ServerMgr.cpp:54] bind one proxy server, ip:127.0.0.1:57528
W1231 08:03:37.958128 242824640 NetModule.cpp:703] ready reconnect server, server id: 10
I1231 08:03:37.958312 242824640 NetConnector.cpp:216] connect to: 0.0.0.0:5001 success! 
I1231 09:09:07.448145 242824640 NetServer.cpp:88] delete io...127.0.0.1:57528
W1231 09:09:07.448899 237686784 ServerMgr.cpp:88] remove one proxy server, id: 30
W1231 09:09:07.448948 237686784 LoginServerThread.cpp:170] center server is disconnect, after 10s will be reconnect!
I1231 09:09:10.936424 242824640 NetServer.cpp:55] accept io...127.0.0.1:57694
I1231 09:09:10.938302 237686784 LoginServerThread.cpp:180] bind one connect: 127.0.0.1:57694
I1231 09:09:10.946951 237686784 ServerMgr.cpp:54] bind one proxy server, ip:127.0.0.1:57694
W1231 09:09:17.984704 242824640 NetModule.cpp:703] ready reconnect server, server id: 10
I1231 09:09:17.984910 242824640 NetConnector.cpp:216] connect to: 0.0.0.0:5001 success! 
I1231 09:49:46.463798 242824640 NetServer.cpp:88] delete io...127.0.0.1:57694
W1231 09:49:46.463843 237686784 ServerMgr.cpp:88] remove one proxy server, id: 30
W1231 09:49:46.466212 237686784 LoginServerThread.cpp:170] center server is disconnect, after 10s will be reconnect!
I1231 09:49:49.954874 242824640 NetServer.cpp:55] accept io...127.0.0.1:57883
I1231 09:49:49.957063 237686784 LoginServerThread.cpp:180] bind one connect: 127.0.0.1:57883
I1231 09:49:49.966244 237686784 ServerMgr.cpp:54] bind one proxy server, ip:127.0.0.1:57883
W1231 09:49:56.973062 242824640 NetModule.cpp:703] ready reconnect server, server id: 10
I1231 09:49:56.973145 242824640 NetConnector.cpp:216] connect to: 0.0.0.0:5001 success! 
W1231 22:20:39.409035 237686784 ServerMgr.cpp:88] remove one proxy server, id: 30
I1231 22:20:39.408390 242824640 NetServer.cpp:88] delete io...127.0.0.1:57883
W1231 22:20:39.412513 237686784 LoginServerThread.cpp:170] center server is disconnect, after 10s will be reconnect!
I1231 22:20:42.615804 242824640 NetServer.cpp:55] accept io...127.0.0.1:60324
I1231 22:20:42.617955 237686784 LoginServerThread.cpp:180] bind one connect: 127.0.0.1:60324
I1231 22:20:42.638947 237686784 ServerMgr.cpp:54] bind one proxy server, ip:127.0.0.1:60324
W1231 22:20:49.662273 242824640 NetModule.cpp:703] ready reconnect server, server id: 10
I1231 22:20:49.663897 242824640 NetConnector.cpp:216] connect to: 0.0.0.0:5001 success! 
I1231 23:25:42.946004 242824640 NetServer.cpp:88] delete io...127.0.0.1:60324
W1231 23:25:42.948508 237686784 ServerMgr.cpp:88] remove one proxy server, id: 30
W1231 23:25:42.950666 237686784 LoginServerThread.cpp:170] center server is disconnect, after 10s will be reconnect!
I1231 23:25:46.429076 242824640 NetServer.cpp:55] accept io...127.0.0.1:60380
I1231 23:25:46.430994 237686784 LoginServerThread.cpp:180] bind one connect: 127.0.0.1:60380
I1231 23:25:46.451721 237686784 ServerMgr.cpp:54] bind one proxy server, ip:127.0.0.1:60380
W1231 23:25:52.974613 242824640 NetModule.cpp:703] ready reconnect server, server id: 10
I1231 23:25:52.974771 242824640 NetConnector.cpp:216] connect to: 0.0.0.0:5001 success! 
W0101 00:30:45.956739 237686784 LoginServerThread.cpp:511] login server is across day.
I0101 00:30:45.975116 242824640 NetServer.cpp:88] delete io...127.0.0.1:60380
W0101 00:30:46.532223 237686784 ServerMgr.cpp:88] remove one proxy server, id: 30
W0101 00:30:46.532269 237686784 LoginServerThread.cpp:170] center server is disconnect, after 10s will be reconnect!
I0101 00:30:49.476209 242824640 NetServer.cpp:55] accept io...127.0.0.1:60417
I0101 00:30:49.478360 237686784 LoginServerThread.cpp:180] bind one connect: 127.0.0.1:60417
I0101 00:30:49.487376 237686784 ServerMgr.cpp:54] bind one proxy server, ip:127.0.0.1:60417
W0101 00:30:57.024386 242824640 NetModule.cpp:703] ready reconnect server, server id: 10
I0101 00:30:57.024511 242824640 NetConnector.cpp:216] connect to: 0.0.0.0:5001 success! 
I0101 01:35:48.997640 242824640 NetServer.cpp:88] delete io...127.0.0.1:60417
W0101 01:35:48.999531 237686784 ServerMgr.cpp:88] remove one proxy server, id: 30
W0101 01:35:48.999581 237686784 LoginServerThread.cpp:170] center server is disconnect, after 10s will be reconnect!
I0101 01:35:52.497045 242824640 NetServer.cpp:55] accept io...127.0.0.1:60463
I0101 01:35:52.498724 237686784 LoginServerThread.cpp:180] bind one connect: 127.0.0.1:60463
I0101 01:35:52.522991 237686784 ServerMgr.cpp:54] bind one proxy server, ip:127.0.0.1:60463
W0101 01:35:59.518808 242824640 NetModule.cpp:703] ready reconnect server, server id: 10
I0101 01:35:59.518894 242824640 NetConnector.cpp:216] connect to: 0.0.0.0:5001 success! 
I0101 02:40:52.014477 242824640 NetServer.cpp:88] delete io...127.0.0.1:60463
W0101 02:40:52.015938 237686784 ServerMgr.cpp:88] remove one proxy server, id: 30
W0101 02:40:52.023584 237686784 LoginServerThread.cpp:170] center server is disconnect, after 10s will be reconnect!
I0101 02:40:55.512651 242824640 NetServer.cpp:55] accept io...127.0.0.1:60499
I0101 02:40:55.514684 237686784 LoginServerThread.cpp:180] bind one connect: 127.0.0.1:60499
I0101 02:40:55.514699 237686784 ServerMgr.cpp:54] bind one proxy server, ip:127.0.0.1:60499
W0101 02:41:02.525285 242824640 NetModule.cpp:703] ready reconnect server, server id: 10
I0101 02:41:02.525470 242824640 NetConnector.cpp:216] connect to: 0.0.0.0:5001 success! 
I0101 03:45:55.033769 242824640 NetServer.cpp:88] delete io...127.0.0.1:60499
W0101 03:45:55.034070 237686784 ServerMgr.cpp:88] remove one proxy server, id: 30
W0101 03:45:55.043845 237686784 LoginServerThread.cpp:170] center server is disconnect, after 10s will be reconnect!
I0101 03:45:58.528015 242824640 NetServer.cpp:55] accept io...127.0.0.1:60546
I0101 03:45:58.529736 237686784 LoginServerThread.cpp:180] bind one connect: 127.0.0.1:60546
I0101 03:45:58.553622 237686784 ServerMgr.cpp:54] bind one proxy server, ip:127.0.0.1:60546
W0101 03:46:05.074239 242824640 NetModule.cpp:703] ready reconnect server, server id: 10
I0101 03:46:05.074416 242824640 NetConnector.cpp:216] connect to: 0.0.0.0:5001 success! 
I0101 04:50:58.054512 242824640 NetServer.cpp:88] delete io...127.0.0.1:60546
W0101 04:50:58.056605 237686784 ServerMgr.cpp:88] remove one proxy server, id: 30
W0101 04:50:58.064064 237686784 LoginServerThread.cpp:170] center server is disconnect, after 10s will be reconnect!
I0101 04:51:01.550386 242824640 NetServer.cpp:55] accept io...127.0.0.1:60593
I0101 04:51:01.552187 237686784 LoginServerThread.cpp:180] bind one connect: 127.0.0.1:60593
I0101 04:51:01.582149 237686784 ServerMgr.cpp:54] bind one proxy server, ip:127.0.0.1:60593
W0101 04:51:08.093092 242824640 NetModule.cpp:703] ready reconnect server, server id: 10
I0101 04:51:08.093225 242824640 NetConnector.cpp:216] connect to: 0.0.0.0:5001 success! 
I0101 05:56:01.079236 242824640 NetServer.cpp:88] delete io...127.0.0.1:60593
W0101 05:56:01.079329 237686784 ServerMgr.cpp:88] remove one proxy server, id: 30
W0101 05:56:01.086165 237686784 LoginServerThread.cpp:170] center server is disconnect, after 10s will be reconnect!
I0101 05:56:04.579903 242824640 NetServer.cpp:55] accept io...127.0.0.1:60635
I0101 05:56:04.581691 237686784 LoginServerThread.cpp:180] bind one connect: 127.0.0.1:60635
I0101 05:56:04.583874 237686784 ServerMgr.cpp:54] bind one proxy server, ip:127.0.0.1:60635
W0101 05:56:11.628223 242824640 NetModule.cpp:703] ready reconnect server, server id: 10
I0101 05:56:11.628362 242824640 NetConnector.cpp:216] connect to: 0.0.0.0:5001 success! 
I0101 07:01:04.092114 242824640 NetServer.cpp:88] delete io...127.0.0.1:60635
W0101 07:01:04.092573 237686784 ServerMgr.cpp:88] remove one proxy server, id: 30
W0101 07:01:04.092638 237686784 LoginServerThread.cpp:170] center server is disconnect, after 10s will be reconnect!
I0101 07:01:07.582448 242824640 NetServer.cpp:55] accept io...127.0.0.1:60669
I0101 07:01:07.585119 237686784 LoginServerThread.cpp:180] bind one connect: 127.0.0.1:60669
I0101 07:01:07.591019 237686784 ServerMgr.cpp:54] bind one proxy server, ip:127.0.0.1:60669
W0101 07:01:14.615275 242824640 NetModule.cpp:703] ready reconnect server, server id: 10
I0101 07:01:14.615409 242824640 NetConnector.cpp:216] connect to: 0.0.0.0:5001 success! 
I0101 08:06:07.128067 242824640 NetServer.cpp:88] delete io...127.0.0.1:60669
W0101 08:06:07.130254 237686784 ServerMgr.cpp:88] remove one proxy server, id: 30
W0101 08:06:07.130332 237686784 LoginServerThread.cpp:170] center server is disconnect, after 10s will be reconnect!
I0101 08:06:10.627614 242824640 NetServer.cpp:55] accept io...127.0.0.1:60713
I0101 08:06:10.630067 237686784 LoginServerThread.cpp:180] bind one connect: 127.0.0.1:60713
I0101 08:06:10.656986 237686784 ServerMgr.cpp:54] bind one proxy server, ip:127.0.0.1:60713
W0101 08:06:17.135584 242824640 NetModule.cpp:703] ready reconnect server, server id: 10
I0101 08:06:17.135747 242824640 NetConnector.cpp:216] connect to: 0.0.0.0:5001 success! 
I0101 09:11:10.145303 242824640 NetServer.cpp:88] delete io...127.0.0.1:60713
W0101 09:11:10.145932 237686784 ServerMgr.cpp:88] remove one proxy server, id: 30
W0101 09:11:10.146183 237686784 LoginServerThread.cpp:170] center server is disconnect, after 10s will be reconnect!
I0101 09:11:13.647791 242824640 NetServer.cpp:55] accept io...127.0.0.1:60742
I0101 09:11:13.650002 237686784 LoginServerThread.cpp:180] bind one connect: 127.0.0.1:60742
I0101 09:11:13.655196 237686784 ServerMgr.cpp:54] bind one proxy server, ip:127.0.0.1:60742
W0101 09:11:20.173957 242824640 NetModule.cpp:703] ready reconnect server, server id: 10
I0101 09:11:20.174123 242824640 NetConnector.cpp:216] connect to: 0.0.0.0:5001 success! 
I0101 09:46:05.690950 242824640 NetServer.cpp:88] delete io...127.0.0.1:60742
W0101 09:46:05.692682 237686784 ServerMgr.cpp:88] remove one proxy server, id: 30
W0101 09:46:05.692849 237686784 LoginServerThread.cpp:170] center server is disconnect, after 10s will be reconnect!
I0101 09:46:09.181856 242824640 NetServer.cpp:55] accept io...127.0.0.1:60788
I0101 09:46:09.184180 237686784 LoginServerThread.cpp:180] bind one connect: 127.0.0.1:60788
I0101 09:46:09.201818 237686784 ServerMgr.cpp:54] bind one proxy server, ip:127.0.0.1:60788
W0101 09:46:16.203106 242824640 NetModule.cpp:703] ready reconnect server, server id: 10
I0101 09:46:16.204098 242824640 NetConnector.cpp:216] connect to: 0.0.0.0:5001 success! 
W0101 10:17:42.199440 237686784 LoginServerThread.cpp:3811] set user earn score fail, user id: 83516815
W0101 11:07:08.614598 237686784 LoginServerThread.cpp:3811] set user earn score fail, user id: 83564819
W0101 11:07:18.729343 237686784 LoginServerThread.cpp:3795] set user task fail, user id: 83564819
W0101 11:07:28.966958 237686784 LoginServerThread.cpp:3920] set user today rank info fail, user id: 83564819
W0101 11:07:39.101279 237686784 LoginServerThread.cpp:3724] set benefit failed, userid: 83564819
W0101 11:18:33.316491 237686784 LoginServerThread.cpp:5017] select expire mail fail, error no: -1, sql:select mailid from mail where userid = '83564819' and mailType = 2 and expireTime < now()
W0101 13:20:25.255826 238223360 LoginRecordThread.cpp:101] insert user login record fail. errno: -1, error msg: mysql not opened yet!
I0101 17:32:56.394670 242824640 NetServer.cpp:88] delete io...127.0.0.1:60788
W0101 17:32:56.396473 237686784 ServerMgr.cpp:88] remove one proxy server, id: 30
W0101 17:32:56.396656 237686784 LoginServerThread.cpp:170] center server is disconnect, after 10s will be reconnect!
I0101 17:32:59.511905 242824640 NetServer.cpp:55] accept io...127.0.0.1:64533
I0101 17:32:59.514474 237686784 LoginServerThread.cpp:180] bind one connect: 127.0.0.1:64533
I0101 17:32:59.538666 237686784 ServerMgr.cpp:54] bind one proxy server, ip:127.0.0.1:64533
W0101 17:33:06.551930 242824640 NetModule.cpp:703] ready reconnect server, server id: 10
I0101 17:33:06.552145 242824640 NetConnector.cpp:216] connect to: 0.0.0.0:5001 success! 
I0101 18:38:00.849745 242824640 NetServer.cpp:88] delete io...127.0.0.1:64533
W0101 18:38:00.858175 237686784 ServerMgr.cpp:88] remove one proxy server, id: 30
W0101 18:38:00.858255 237686784 LoginServerThread.cpp:170] center server is disconnect, after 10s will be reconnect!
I0101 18:38:04.351832 242824640 NetServer.cpp:55] accept io...127.0.0.1:64570
I0101 18:38:04.354604 237686784 LoginServerThread.cpp:180] bind one connect: 127.0.0.1:64570
I0101 18:38:04.373880 237686784 ServerMgr.cpp:54] bind one proxy server, ip:127.0.0.1:64570
W0101 18:38:10.884369 242824640 NetModule.cpp:703] ready reconnect server, server id: 10
I0101 18:38:10.884559 242824640 NetConnector.cpp:216] connect to: 0.0.0.0:5001 success! 
I0101 19:43:03.891367 242824640 NetServer.cpp:88] delete io...127.0.0.1:64570
W0101 19:43:03.892235 237686784 ServerMgr.cpp:88] remove one proxy server, id: 30
W0101 19:43:03.911558 237686784 LoginServerThread.cpp:170] center server is disconnect, after 10s will be reconnect!
I0101 19:43:07.381196 242824640 NetServer.cpp:55] accept io...127.0.0.1:64607
I0101 19:43:07.383903 237686784 LoginServerThread.cpp:180] bind one connect: 127.0.0.1:64607
I0101 19:43:07.397820 237686784 ServerMgr.cpp:54] bind one proxy server, ip:127.0.0.1:64607
W0101 19:43:14.425348 242824640 NetModule.cpp:703] ready reconnect server, server id: 10
I0101 19:43:14.425570 242824640 NetConnector.cpp:216] connect to: 0.0.0.0:5001 success! 
I0101 20:22:31.887449 242824640 NetServer.cpp:88] delete io...127.0.0.1:64607
W0101 20:22:31.887588 237686784 ServerMgr.cpp:88] remove one proxy server, id: 30
W0101 20:22:31.899518 237686784 LoginServerThread.cpp:170] center server is disconnect, after 10s will be reconnect!
I0101 20:22:35.390033 242824640 NetServer.cpp:55] accept io...127.0.0.1:64652
I0101 20:22:35.392287 237686784 LoginServerThread.cpp:180] bind one connect: 127.0.0.1:64652
I0101 20:22:35.415006 237686784 ServerMgr.cpp:54] bind one proxy server, ip:127.0.0.1:64652
W0101 20:22:42.429040 242824640 NetModule.cpp:703] ready reconnect server, server id: 10
I0101 20:22:42.429214 242824640 NetConnector.cpp:216] connect to: 127.0.0.1:5001 success! 
I0101 21:27:35.907994 242824640 NetServer.cpp:88] delete io...127.0.0.1:64652
W0101 21:27:35.909732 237686784 ServerMgr.cpp:88] remove one proxy server, id: 30
W0101 21:27:35.915554 237686784 LoginServerThread.cpp:170] center server is disconnect, after 10s will be reconnect!
I0101 21:27:39.406478 242824640 NetServer.cpp:55] accept io...127.0.0.1:64684
I0101 21:27:39.408455 237686784 LoginServerThread.cpp:180] bind one connect: 127.0.0.1:64684
I0101 21:27:39.425895 237686784 ServerMgr.cpp:54] bind one proxy server, ip:127.0.0.1:64684
W0101 21:27:46.431506 242824640 NetModule.cpp:703] ready reconnect server, server id: 10
I0101 21:27:46.431596 242824640 NetConnector.cpp:216] connect to: 0.0.0.0:5001 success! 
I0101 22:32:39.932402 242824640 NetServer.cpp:88] delete io...127.0.0.1:64684
W0101 22:32:39.934993 237686784 ServerMgr.cpp:88] remove one proxy server, id: 30
W0101 22:32:39.938501 237686784 LoginServerThread.cpp:170] center server is disconnect, after 10s will be reconnect!
I0101 22:32:43.428874 242824640 NetServer.cpp:55] accept io...127.0.0.1:64726
I0101 22:32:43.429296 237686784 LoginServerThread.cpp:180] bind one connect: 127.0.0.1:64726
I0101 22:32:43.458958 237686784 ServerMgr.cpp:54] bind one proxy server, ip:127.0.0.1:64726
W0101 22:32:50.455906 242824640 NetModule.cpp:703] ready reconnect server, server id: 10
I0101 22:32:50.456912 242824640 NetConnector.cpp:216] connect to: 0.0.0.0:5001 success! 
I0101 23:37:42.948941 242824640 NetServer.cpp:88] delete io...127.0.0.1:64726
W0101 23:37:42.950702 237686784 ServerMgr.cpp:88] remove one proxy server, id: 30
W0101 23:37:42.960216 237686784 LoginServerThread.cpp:170] center server is disconnect, after 10s will be reconnect!
I0101 23:37:46.440691 242824640 NetServer.cpp:55] accept io...127.0.0.1:64774
I0101 23:37:46.441620 237686784 LoginServerThread.cpp:180] bind one connect: 127.0.0.1:64774
I0101 23:37:46.465162 237686784 ServerMgr.cpp:54] bind one proxy server, ip:127.0.0.1:64774
W0101 23:37:53.471814 242824640 NetModule.cpp:703] ready reconnect server, server id: 10
I0101 23:37:53.471904 242824640 NetConnector.cpp:216] connect to: 0.0.0.0:5001 success! 
W0102 00:42:45.957562 237686784 LoginServerThread.cpp:511] login server is across day.
I0102 00:42:45.978401 242824640 NetServer.cpp:88] delete io...127.0.0.1:64774
W0102 00:42:46.522711 237686784 ServerMgr.cpp:88] remove one proxy server, id: 30
W0102 00:42:46.522759 237686784 LoginServerThread.cpp:170] center server is disconnect, after 10s will be reconnect!
I0102 00:42:49.468756 242824640 NetServer.cpp:55] accept io...127.0.0.1:64823
I0102 00:42:49.471482 237686784 LoginServerThread.cpp:180] bind one connect: 127.0.0.1:64823
I0102 00:42:49.497095 237686784 ServerMgr.cpp:54] bind one proxy server, ip:127.0.0.1:64823
W0102 00:42:57.009244 242824640 NetModule.cpp:703] ready reconnect server, server id: 10
I0102 00:42:57.010237 242824640 NetConnector.cpp:216] connect to: 0.0.0.0:5001 success! 
I0102 01:47:48.991420 242824640 NetServer.cpp:88] delete io...127.0.0.1:64823
W0102 01:47:48.993832 237686784 ServerMgr.cpp:88] remove one proxy server, id: 30
W0102 01:47:48.993876 237686784 LoginServerThread.cpp:170] center server is disconnect, after 10s will be reconnect!
I0102 01:47:52.487988 242824640 NetServer.cpp:55] accept io...127.0.0.1:64863
I0102 01:47:52.489876 237686784 LoginServerThread.cpp:180] bind one connect: 127.0.0.1:64863
I0102 01:47:52.515094 237686784 ServerMgr.cpp:54] bind one proxy server, ip:127.0.0.1:64863
W0102 01:47:59.508836 242824640 NetModule.cpp:703] ready reconnect server, server id: 10
I0102 01:47:59.509052 242824640 NetConnector.cpp:216] connect to: 0.0.0.0:5001 success! 
I0102 02:52:52.014968 242824640 NetServer.cpp:88] delete io...127.0.0.1:64863
W0102 02:52:52.015383 237686784 ServerMgr.cpp:88] remove one proxy server, id: 30
W0102 02:52:52.015444 237686784 LoginServerThread.cpp:170] center server is disconnect, after 10s will be reconnect!
I0102 02:52:55.504884 242824640 NetServer.cpp:55] accept io...127.0.0.1:64899
I0102 02:52:55.504984 237686784 LoginServerThread.cpp:180] bind one connect: 127.0.0.1:64899
I0102 02:52:55.522979 237686784 ServerMgr.cpp:54] bind one proxy server, ip:127.0.0.1:64899
W0102 02:53:02.540421 242824640 NetModule.cpp:703] ready reconnect server, server id: 10
I0102 02:53:02.540506 242824640 NetConnector.cpp:216] connect to: 0.0.0.0:5001 success! 
I0102 03:57:55.041018 242824640 NetServer.cpp:88] delete io...127.0.0.1:64899
W0102 03:57:55.041246 237686784 ServerMgr.cpp:88] remove one proxy server, id: 30
W0102 03:57:55.063992 237686784 LoginServerThread.cpp:170] center server is disconnect, after 10s will be reconnect!
I0102 03:57:58.534937 242824640 NetServer.cpp:55] accept io...127.0.0.1:64938
I0102 03:57:58.537004 237686784 LoginServerThread.cpp:180] bind one connect: 127.0.0.1:64938
I0102 03:57:58.560117 237686784 ServerMgr.cpp:54] bind one proxy server, ip:127.0.0.1:64938
W0102 03:58:05.553706 242824640 NetModule.cpp:703] ready reconnect server, server id: 10
I0102 03:58:05.553930 242824640 NetConnector.cpp:216] connect to: 0.0.0.0:5001 success! 
I0102 05:02:58.067142 242824640 NetServer.cpp:88] delete io...127.0.0.1:64938
W0102 05:02:58.069435 237686784 ServerMgr.cpp:88] remove one proxy server, id: 30
W0102 05:02:58.072300 237686784 LoginServerThread.cpp:170] center server is disconnect, after 10s will be reconnect!
I0102 05:03:01.562674 242824640 NetServer.cpp:55] accept io...127.0.0.1:64985
I0102 05:03:01.564960 237686784 LoginServerThread.cpp:180] bind one connect: 127.0.0.1:64985
I0102 05:03:01.578442 237686784 ServerMgr.cpp:54] bind one proxy server, ip:127.0.0.1:64985
W0102 05:03:08.576222 242824640 NetModule.cpp:703] ready reconnect server, server id: 10
I0102 05:03:08.577390 242824640 NetConnector.cpp:216] connect to: 0.0.0.0:5001 success! 
I0102 06:08:01.096125 242824640 NetServer.cpp:88] delete io...127.0.0.1:64985
W0102 06:08:01.097503 237686784 ServerMgr.cpp:88] remove one proxy server, id: 30
W0102 06:08:01.097796 237686784 LoginServerThread.cpp:170] center server is disconnect, after 10s will be reconnect!
I0102 06:08:04.586053 242824640 NetServer.cpp:55] accept io...127.0.0.1:65027
I0102 06:08:04.588325 237686784 LoginServerThread.cpp:180] bind one connect: 127.0.0.1:65027
I0102 06:08:04.610749 237686784 ServerMgr.cpp:54] bind one proxy server, ip:127.0.0.1:65027
W0102 06:08:11.612169 242824640 NetModule.cpp:703] ready reconnect server, server id: 10
I0102 06:08:11.612383 242824640 NetConnector.cpp:216] connect to: 0.0.0.0:5001 success! 
I0102 07:13:04.119933 242824640 NetServer.cpp:88] delete io...127.0.0.1:65027
W0102 07:13:04.122505 237686784 ServerMgr.cpp:88] remove one proxy server, id: 30
W0102 07:13:04.125169 237686784 LoginServerThread.cpp:170] center server is disconnect, after 10s will be reconnect!
I0102 07:13:07.610244 242824640 NetServer.cpp:55] accept io...127.0.0.1:65066
I0102 07:13:07.612929 237686784 LoginServerThread.cpp:180] bind one connect: 127.0.0.1:65066
I0102 07:13:07.619020 237686784 ServerMgr.cpp:54] bind one proxy server, ip:127.0.0.1:65066
W0102 07:13:14.644291 242824640 NetModule.cpp:703] ready reconnect server, server id: 10
I0102 07:13:14.644381 242824640 NetConnector.cpp:216] connect to: 0.0.0.0:5001 success! 
I0102 08:18:07.143129 242824640 NetServer.cpp:88] delete io...127.0.0.1:65066
W0102 08:18:07.146067 237686784 ServerMgr.cpp:88] remove one proxy server, id: 30
W0102 08:18:07.147477 237686784 LoginServerThread.cpp:170] center server is disconnect, after 10s will be reconnect!
I0102 08:18:10.623914 242824640 NetServer.cpp:55] accept io...127.0.0.1:65108
I0102 08:18:10.626125 237686784 LoginServerThread.cpp:180] bind one connect: 127.0.0.1:65108
I0102 08:18:10.650091 237686784 ServerMgr.cpp:54] bind one proxy server, ip:127.0.0.1:65108
W0102 08:18:17.658077 242824640 NetModule.cpp:703] ready reconnect server, server id: 10
I0102 08:18:17.658290 242824640 NetConnector.cpp:216] connect to: 0.0.0.0:5001 success! 
I0102 09:23:10.161382 242824640 NetServer.cpp:88] delete io...127.0.0.1:65108
W0102 09:23:10.163352 237686784 ServerMgr.cpp:88] remove one proxy server, id: 30
W0102 09:23:10.174422 237686784 LoginServerThread.cpp:170] center server is disconnect, after 10s will be reconnect!
I0102 09:23:13.666117 242824640 NetServer.cpp:55] accept io...127.0.0.1:65149
I0102 09:23:13.667095 237686784 LoginServerThread.cpp:180] bind one connect: 127.0.0.1:65149
I0102 09:23:13.680330 237686784 ServerMgr.cpp:54] bind one proxy server, ip:127.0.0.1:65149
W0102 09:23:20.697710 242824640 NetModule.cpp:703] ready reconnect server, server id: 10
I0102 09:23:20.697827 242824640 NetConnector.cpp:216] connect to: 0.0.0.0:5001 success! 
I0102 09:57:23.485709 242824640 NetServer.cpp:88] delete io...127.0.0.1:65149
W0102 09:57:23.488288 237686784 ServerMgr.cpp:88] remove one proxy server, id: 30
W0102 09:57:23.499336 237686784 LoginServerThread.cpp:170] center server is disconnect, after 10s will be reconnect!
I0102 09:57:26.976773 242824640 NetServer.cpp:55] accept io...127.0.0.1:65192
I0102 09:57:26.979010 237686784 LoginServerThread.cpp:180] bind one connect: 127.0.0.1:65192
I0102 09:57:26.995771 237686784 ServerMgr.cpp:54] bind one proxy server, ip:127.0.0.1:65192
W0102 09:57:33.993130 242824640 NetModule.cpp:703] ready reconnect server, server id: 10
I0102 09:57:33.993413 242824640 NetConnector.cpp:216] connect to: 0.0.0.0:5001 success! 
