Log file created at: 2019/01/14 20:37:21
Running on machine: henisdeMacBook-Pro.local
Log line format: [IWEF]mmdd hh:mm:ss.uuuuuu threadid file:line] msg
I0114 20:37:21.521363 397874624 LoginServer.cpp:45] 正在启动登录服务器...
I0114 20:37:21.523916 397874624 NetModule.h:71] Init NetModule Finished.
I0114 20:37:21.525637 397874624 NetModule.h:78] start work thread 0...
I0114 20:37:21.525652 397874624 NetModule.cpp:69] Start Run NetModule...
I0114 20:37:21.525671 397874624 NetModule.cpp:88] NetModule Already Startover.
W0114 20:37:21.526034 397874624 LoginServer.cpp:65] listen at: 0.0.0.0:7001
I0114 20:37:21.526288 397874624 NetModule.cpp:136] Create one server...
I0114 20:37:21.526381 397874624 NetConnector.cpp:216] connect to: 0.0.0.0:5001 success! 
I0114 20:37:21.920248 397874624 NetServer.cpp:55] accept io...127.0.0.1:56060
I0114 20:37:21.922267 80543744 LoginServerThread.cpp:190] bind one connect: 127.0.0.1:56060
I0114 20:37:21.945864 80543744 ServerMgr.cpp:54] bind one proxy server, ip:127.0.0.1:56060
I0114 20:37:23.832435 80543744 LoginServerThread.cpp:7609] load game kind succ!
I0114 20:37:23.969354 80543744 LoginServerThread.cpp:7720] load game room kind succ!
I0114 20:37:24.248596 80543744 LoginServerThread.cpp:8087] load system status succ!
I0114 20:37:24.320657 80543744 LoginServerThread.cpp:7789] load vip config succ!
I0114 20:37:24.384507 80543744 LoginServerThread.cpp:7821] load vip2 config succ!
I0114 20:37:24.878425 80543744 LoginServerThread.cpp:8112] load channel show exchange succ!
I0114 20:37:24.948556 80543744 LoginServerThread.cpp:8142] load exchange info succ!
I0114 20:37:25.104935 80543744 LoginServerThread.cpp:8169] load channel prsent score succ!
I0114 20:37:25.205632 80543744 LoginServerThread.cpp:8193] load channel register mail succ!
I0114 20:37:25.269436 80543744 LoginServerThread.cpp:7849] load benefit config succ!
I0114 20:37:25.340625 80543744 LoginServerThread.cpp:7916] load game version succ!
W0114 20:37:25.548753 80543744 LoginServerThread.cpp:328] loginserver start succ.
I0114 22:13:48.804308 397874624 NetServer.cpp:88] delete io...127.0.0.1:56060
W0114 22:13:48.805799 80543744 ServerMgr.cpp:88] remove one proxy server, id: 30
W0114 22:13:48.805872 80543744 LoginServerThread.cpp:180] center server is disconnect, after 10s will be reconnect!
I0114 22:13:52.168977 397874624 NetServer.cpp:55] accept io...127.0.0.1:54948
I0114 22:13:52.170910 80543744 LoginServerThread.cpp:190] bind one connect: 127.0.0.1:54948
I0114 22:13:52.178211 80543744 ServerMgr.cpp:54] bind one proxy server, ip:127.0.0.1:54948
W0114 22:13:59.182678 397874624 NetModule.cpp:723] ready reconnect server, server id: 0
I0114 22:13:59.182757 397874624 NetConnector.cpp:216] connect to: 0.0.0.0:5001 success! 
I0114 23:04:00.534605 397874624 NetServer.cpp:88] delete io...127.0.0.1:54948
W0114 23:04:00.535672 80543744 ServerMgr.cpp:88] remove one proxy server, id: 30
W0114 23:04:00.535720 80543744 LoginServerThread.cpp:180] center server is disconnect, after 10s will be reconnect!
I0114 23:04:04.036327 397874624 NetServer.cpp:55] accept io...127.0.0.1:56271
I0114 23:04:04.037606 80543744 LoginServerThread.cpp:190] bind one connect: 127.0.0.1:56271
I0114 23:04:04.042975 80543744 ServerMgr.cpp:54] bind one proxy server, ip:127.0.0.1:56271
W0114 23:04:10.579340 397874624 NetModule.cpp:723] ready reconnect server, server id: 0
I0114 23:04:10.579403 397874624 NetConnector.cpp:216] connect to: 0.0.0.0:5001 success! 
W0115 00:09:03.580754 80543744 LoginServerThread.cpp:531] login server is across day.
I0115 00:09:03.603164 397874624 NetServer.cpp:88] delete io...127.0.0.1:56271
W0115 00:09:04.278961 80543744 ServerMgr.cpp:88] remove one proxy server, id: 30
W0115 00:09:04.279011 80543744 LoginServerThread.cpp:180] center server is disconnect, after 10s will be reconnect!
I0115 00:09:07.103024 397874624 NetServer.cpp:55] accept io...127.0.0.1:57577
I0115 00:09:07.103760 80543744 LoginServerThread.cpp:190] bind one connect: 127.0.0.1:57577
I0115 00:09:07.131866 80543744 ServerMgr.cpp:54] bind one proxy server, ip:127.0.0.1:57577
W0115 00:09:14.667551 397874624 NetModule.cpp:723] ready reconnect server, server id: 0
I0115 00:09:14.667637 397874624 NetConnector.cpp:216] connect to: 0.0.0.0:5001 success! 
I0115 01:14:05.623881 397874624 NetServer.cpp:88] delete io...127.0.0.1:57577
W0115 01:14:05.624615 80543744 ServerMgr.cpp:88] remove one proxy server, id: 30
W0115 01:14:05.646446 80543744 LoginServerThread.cpp:180] center server is disconnect, after 10s will be reconnect!
I0115 01:14:09.128592 397874624 NetServer.cpp:55] accept io...127.0.0.1:58879
I0115 01:14:09.129809 80543744 LoginServerThread.cpp:190] bind one connect: 127.0.0.1:58879
I0115 01:14:09.149379 80543744 ServerMgr.cpp:54] bind one proxy server, ip:127.0.0.1:58879
W0115 01:14:16.165278 397874624 NetModule.cpp:723] ready reconnect server, server id: 0
I0115 01:14:16.165364 397874624 NetConnector.cpp:216] connect to: 0.0.0.0:5001 success! 
I0115 02:19:08.645092 397874624 NetServer.cpp:88] delete io...127.0.0.1:58879
W0115 02:19:08.645920 80543744 ServerMgr.cpp:88] remove one proxy server, id: 30
W0115 02:19:08.661880 80543744 LoginServerThread.cpp:180] center server is disconnect, after 10s will be reconnect!
I0115 02:19:12.138919 397874624 NetServer.cpp:55] accept io...127.0.0.1:60184
I0115 02:19:12.141178 80543744 LoginServerThread.cpp:190] bind one connect: 127.0.0.1:60184
I0115 02:19:12.168184 80543744 ServerMgr.cpp:54] bind one proxy server, ip:127.0.0.1:60184
W0115 02:19:19.172998 397874624 NetModule.cpp:723] ready reconnect server, server id: 0
I0115 02:19:19.173089 397874624 NetConnector.cpp:216] connect to: 0.0.0.0:5001 success! 
I0115 03:24:11.664499 397874624 NetServer.cpp:88] delete io...127.0.0.1:60184
W0115 03:24:11.666038 80543744 ServerMgr.cpp:88] remove one proxy server, id: 30
W0115 03:24:11.666285 80543744 LoginServerThread.cpp:180] center server is disconnect, after 10s will be reconnect!
I0115 03:24:15.168956 397874624 NetServer.cpp:55] accept io...127.0.0.1:61487
I0115 03:24:15.170933 80543744 LoginServerThread.cpp:190] bind one connect: 127.0.0.1:61487
I0115 03:24:15.202316 80543744 ServerMgr.cpp:54] bind one proxy server, ip:127.0.0.1:61487
W0115 03:24:22.198611 397874624 NetModule.cpp:723] ready reconnect server, server id: 0
I0115 03:24:22.198698 397874624 NetConnector.cpp:216] connect to: 0.0.0.0:5001 success! 
I0115 04:29:14.685778 397874624 NetServer.cpp:88] delete io...127.0.0.1:61487
W0115 04:29:14.687289 80543744 ServerMgr.cpp:88] remove one proxy server, id: 30
W0115 04:29:14.706559 80543744 LoginServerThread.cpp:180] center server is disconnect, after 10s will be reconnect!
I0115 04:29:18.185472 397874624 NetServer.cpp:55] accept io...127.0.0.1:62793
I0115 04:29:18.186728 80543744 LoginServerThread.cpp:190] bind one connect: 127.0.0.1:62793
I0115 04:29:18.190829 80543744 ServerMgr.cpp:54] bind one proxy server, ip:127.0.0.1:62793
W0115 04:29:25.206559 397874624 NetModule.cpp:723] ready reconnect server, server id: 0
I0115 04:29:25.206638 397874624 NetConnector.cpp:216] connect to: 0.0.0.0:5001 success! 
I0115 05:34:17.711688 397874624 NetServer.cpp:88] delete io...127.0.0.1:62793
W0115 05:34:17.712574 80543744 ServerMgr.cpp:88] remove one proxy server, id: 30
W0115 05:34:17.712621 80543744 LoginServerThread.cpp:180] center server is disconnect, after 10s will be reconnect!
I0115 05:34:21.214198 397874624 NetServer.cpp:55] accept io...127.0.0.1:64094
I0115 05:34:21.215891 80543744 LoginServerThread.cpp:190] bind one connect: 127.0.0.1:64094
I0115 05:34:21.246524 80543744 ServerMgr.cpp:54] bind one proxy server, ip:127.0.0.1:64094
W0115 05:34:28.246623 397874624 NetModule.cpp:723] ready reconnect server, server id: 0
I0115 05:34:28.246706 397874624 NetConnector.cpp:216] connect to: 0.0.0.0:5001 success! 
I0115 06:39:21.745122 397874624 NetServer.cpp:88] delete io...127.0.0.1:64094
W0115 06:39:21.746765 80543744 ServerMgr.cpp:88] remove one proxy server, id: 30
W0115 06:39:21.746862 80543744 LoginServerThread.cpp:180] center server is disconnect, after 10s will be reconnect!
I0115 06:39:25.241473 397874624 NetServer.cpp:55] accept io...127.0.0.1:65399
I0115 06:39:25.242063 80543744 LoginServerThread.cpp:190] bind one connect: 127.0.0.1:65399
I0115 06:39:25.267619 80543744 ServerMgr.cpp:54] bind one proxy server, ip:127.0.0.1:65399
W0115 06:39:32.285352 397874624 NetModule.cpp:723] ready reconnect server, server id: 0
I0115 06:39:32.285470 397874624 NetConnector.cpp:216] connect to: 0.0.0.0:5001 success! 
I0115 07:44:25.782961 397874624 NetServer.cpp:88] delete io...127.0.0.1:65399
W0115 07:44:25.783215 80543744 ServerMgr.cpp:88] remove one proxy server, id: 30
W0115 07:44:25.790413 80543744 LoginServerThread.cpp:180] center server is disconnect, after 10s will be reconnect!
I0115 07:44:29.265866 397874624 NetServer.cpp:55] accept io...127.0.0.1:50338
I0115 07:44:29.267665 80543744 LoginServerThread.cpp:190] bind one connect: 127.0.0.1:50338
I0115 07:44:29.287541 80543744 ServerMgr.cpp:54] bind one proxy server, ip:127.0.0.1:50338
W0115 07:44:36.308099 397874624 NetModule.cpp:723] ready reconnect server, server id: 0
I0115 07:44:36.308190 397874624 NetConnector.cpp:216] connect to: 0.0.0.0:5001 success! 
I0115 08:49:29.807736 397874624 NetServer.cpp:88] delete io...127.0.0.1:50338
W0115 08:49:29.809959 80543744 ServerMgr.cpp:88] remove one proxy server, id: 30
W0115 08:49:29.831534 80543744 LoginServerThread.cpp:180] center server is disconnect, after 10s will be reconnect!
I0115 08:49:33.307617 397874624 NetServer.cpp:55] accept io...127.0.0.1:51646
I0115 08:49:33.307771 80543744 LoginServerThread.cpp:190] bind one connect: 127.0.0.1:51646
I0115 08:49:33.312286 80543744 ServerMgr.cpp:54] bind one proxy server, ip:127.0.0.1:51646
W0115 08:49:39.844581 397874624 NetModule.cpp:723] ready reconnect server, server id: 0
I0115 08:49:39.844642 397874624 NetConnector.cpp:216] connect to: 0.0.0.0:5001 success! 
I0115 09:45:02.839874 397874624 NetServer.cpp:88] delete io...127.0.0.1:51646
W0115 09:45:02.840008 80543744 ServerMgr.cpp:88] remove one proxy server, id: 30
W0115 09:45:02.840052 80543744 LoginServerThread.cpp:180] center server is disconnect, after 10s will be reconnect!
I0115 09:45:06.340112 397874624 NetServer.cpp:55] accept io...127.0.0.1:52946
I0115 09:45:06.342417 80543744 LoginServerThread.cpp:190] bind one connect: 127.0.0.1:52946
I0115 09:45:06.346839 80543744 ServerMgr.cpp:54] bind one proxy server, ip:127.0.0.1:52946
W0115 09:45:13.366395 397874624 NetModule.cpp:723] ready reconnect server, server id: 0
I0115 09:45:13.366477 397874624 NetConnector.cpp:216] connect to: 0.0.0.0:5001 success! 
W0115 10:11:43.046560 80543744 LoginServerThread.cpp:4781] expire task fail, userid: 85551410
W0115 10:57:54.516094 80543744 LoginServerThread.cpp:4781] expire task fail, userid: 85551410
W0115 11:03:40.874990 80543744 LoginServerThread.cpp:4781] expire task fail, userid: 85551410
W0115 11:05:25.195878 80543744 LoginServerThread.cpp:4781] expire task fail, userid: 85551410
W0115 12:06:19.857843 80543744 LoginServerThread.cpp:4781] expire task fail, userid: 85551410
W0115 12:07:39.738993 80543744 LoginServerThread.cpp:4781] expire task fail, userid: 85551410
W0115 12:10:14.084511 80543744 LoginServerThread.cpp:4781] expire task fail, userid: 85551410
W0115 12:13:30.684187 80543744 LoginServerThread.cpp:4781] expire task fail, userid: 85551410
W0115 12:14:57.127904 80543744 LoginServerThread.cpp:4781] expire task fail, userid: 85551410
W0115 12:20:14.267568 80543744 LoginServerThread.cpp:4781] expire task fail, userid: 85551410
W0115 12:36:58.422629 80543744 LoginServerThread.cpp:4781] expire task fail, userid: 85551410
W0115 14:16:23.585700 80543744 LoginServerThread.cpp:4781] expire task fail, userid: 85551410
W0115 14:27:12.802477 80543744 LoginServerThread.cpp:4781] expire task fail, userid: 85551410
W0115 14:39:08.527107 80543744 LoginServerThread.cpp:4781] expire task fail, userid: 85551410
W0115 15:13:35.522114 80543744 LoginServerThread.cpp:4781] expire task fail, userid: 85551410
W0115 15:35:20.850188 80543744 LoginServerThread.cpp:4781] expire task fail, userid: 85551410
W0115 16:08:48.305533 80543744 LoginServerThread.cpp:4781] expire task fail, userid: 85551410
W0115 16:42:23.700578 80543744 LoginServerThread.cpp:4781] expire task fail, userid: 85551410
W0115 16:54:44.608760 80543744 LoginServerThread.cpp:6089] select account info failed, user name : 264FDBBC-4838-4336-B431-73DD81D8CB0A, errno: -1, error: mysql not opened yet!
W0115 17:23:09.089439 80543744 LoginServerThread.cpp:4781] expire task fail, userid: 85551410
W0115 17:56:53.207653 80543744 LoginServerThread.cpp:4781] expire task fail, userid: 85551410
W0115 18:53:30.235772 80543744 LoginServerThread.cpp:4781] expire task fail, userid: 85551410
W0115 19:13:07.927291 80543744 LoginServerThread.cpp:4781] expire task fail, userid: 85551410
W0115 19:28:52.309659 80543744 LoginServerThread.cpp:4781] expire task fail, userid: 85551410
W0115 19:31:11.483706 80543744 LoginServerThread.cpp:4781] expire task fail, userid: 85551410
W0115 19:37:24.880437 80543744 LoginServerThread.cpp:4781] expire task fail, userid: 85551410
I0115 22:13:11.236768 397874624 NetServer.cpp:88] delete io...127.0.0.1:52946
W0115 22:13:11.237212 80543744 ServerMgr.cpp:88] remove one proxy server, id: 30
W0115 22:13:11.239382 80543744 LoginServerThread.cpp:180] center server is disconnect, after 10s will be reconnect!
I0115 22:13:15.337684 397874624 NetServer.cpp:55] accept io...127.0.0.1:53188
I0115 22:13:15.340464 80543744 LoginServerThread.cpp:190] bind one connect: 127.0.0.1:53188
I0115 22:13:15.364513 80543744 ServerMgr.cpp:54] bind one proxy server, ip:127.0.0.1:53188
W0115 22:13:21.347717 397874624 NetModule.cpp:723] ready reconnect server, server id: 0
I0115 22:13:21.347798 397874624 NetConnector.cpp:216] connect to: 0.0.0.0:5001 success! 
W0115 22:51:18.081194 80543744 ServerMgr.cpp:88] remove one proxy server, id: 30
I0115 22:51:18.095808 397874624 NetServer.cpp:88] delete io...127.0.0.1:53188
W0115 22:51:18.097160 80543744 LoginServerThread.cpp:180] center server is disconnect, after 10s will be reconnect!
I0115 22:51:21.586028 397874624 NetServer.cpp:55] accept io...127.0.0.1:54447
I0115 22:51:21.587304 80543744 LoginServerThread.cpp:190] bind one connect: 127.0.0.1:54447
I0115 22:51:21.592015 80543744 ServerMgr.cpp:54] bind one proxy server, ip:127.0.0.1:54447
W0115 22:51:28.618377 397874624 NetModule.cpp:723] ready reconnect server, server id: 0
I0115 22:51:28.618813 397874624 NetConnector.cpp:216] connect to: 0.0.0.0:5001 success! 
I0115 23:56:21.113343 397874624 NetServer.cpp:88] delete io...127.0.0.1:54447
W0115 23:56:21.115278 80543744 ServerMgr.cpp:88] remove one proxy server, id: 30
W0115 23:56:21.121685 80543744 LoginServerThread.cpp:180] center server is disconnect, after 10s will be reconnect!
I0115 23:56:24.619427 397874624 NetServer.cpp:55] accept io...127.0.0.1:55745
I0115 23:56:24.620963 80543744 LoginServerThread.cpp:190] bind one connect: 127.0.0.1:55745
I0115 23:56:24.643946 80543744 ServerMgr.cpp:54] bind one proxy server, ip:127.0.0.1:55745
W0115 23:56:31.663717 397874624 NetModule.cpp:723] ready reconnect server, server id: 0
I0115 23:56:31.663806 397874624 NetConnector.cpp:216] connect to: 0.0.0.0:5001 success! 
W0116 00:00:21.316361 80543744 LoginServerThread.cpp:531] login server is across day.
I0116 01:01:24.103945 397874624 NetServer.cpp:88] delete io...127.0.0.1:55745
W0116 01:01:24.105751 80543744 ServerMgr.cpp:88] remove one proxy server, id: 30
W0116 01:01:24.113046 80543744 LoginServerThread.cpp:180] center server is disconnect, after 10s will be reconnect!
I0116 01:01:27.596424 397874624 NetServer.cpp:55] accept io...127.0.0.1:57022
I0116 01:01:27.598949 80543744 LoginServerThread.cpp:190] bind one connect: 127.0.0.1:57022
I0116 01:01:27.618300 80543744 ServerMgr.cpp:54] bind one proxy server, ip:127.0.0.1:57022
W0116 01:01:34.130672 397874624 NetModule.cpp:723] ready reconnect server, server id: 0
I0116 01:01:34.130748 397874624 NetConnector.cpp:216] connect to: 0.0.0.0:5001 success! 
I0116 02:06:27.140190 397874624 NetServer.cpp:88] delete io...127.0.0.1:57022
W0116 02:06:27.142560 80543744 ServerMgr.cpp:88] remove one proxy server, id: 30
W0116 02:06:27.142644 80543744 LoginServerThread.cpp:180] center server is disconnect, after 10s will be reconnect!
I0116 02:06:30.638613 397874624 NetServer.cpp:55] accept io...127.0.0.1:58293
I0116 02:06:30.639629 80543744 LoginServerThread.cpp:190] bind one connect: 127.0.0.1:58293
I0116 02:06:30.657011 80543744 ServerMgr.cpp:54] bind one proxy server, ip:127.0.0.1:58293
W0116 02:06:37.665681 397874624 NetModule.cpp:723] ready reconnect server, server id: 0
I0116 02:06:37.665789 397874624 NetConnector.cpp:216] connect to: 0.0.0.0:5001 success! 
I0116 03:11:30.156199 397874624 NetServer.cpp:88] delete io...127.0.0.1:58293
W0116 03:11:30.159169 80543744 ServerMgr.cpp:88] remove one proxy server, id: 30
W0116 03:11:30.171739 80543744 LoginServerThread.cpp:180] center server is disconnect, after 10s will be reconnect!
I0116 03:11:33.657706 397874624 NetServer.cpp:55] accept io...127.0.0.1:59558
I0116 03:11:33.659857 80543744 LoginServerThread.cpp:190] bind one connect: 127.0.0.1:59558
I0116 03:11:33.687062 80543744 ServerMgr.cpp:54] bind one proxy server, ip:127.0.0.1:59558
W0116 03:11:40.190034 397874624 NetModule.cpp:723] ready reconnect server, server id: 0
I0116 03:11:40.190125 397874624 NetConnector.cpp:216] connect to: 0.0.0.0:5001 success! 
I0116 04:16:33.185313 397874624 NetServer.cpp:88] delete io...127.0.0.1:59558
W0116 04:16:33.186280 80543744 ServerMgr.cpp:88] remove one proxy server, id: 30
W0116 04:16:33.202302 80543744 LoginServerThread.cpp:180] center server is disconnect, after 10s will be reconnect!
I0116 04:16:36.678076 397874624 NetServer.cpp:55] accept io...127.0.0.1:60845
I0116 04:16:36.680428 80543744 LoginServerThread.cpp:190] bind one connect: 127.0.0.1:60845
I0116 04:16:36.697453 80543744 ServerMgr.cpp:54] bind one proxy server, ip:127.0.0.1:60845
W0116 04:16:43.700752 397874624 NetModule.cpp:723] ready reconnect server, server id: 0
I0116 04:16:43.700829 397874624 NetConnector.cpp:216] connect to: 0.0.0.0:5001 success! 
I0116 05:21:36.216449 397874624 NetServer.cpp:88] delete io...127.0.0.1:60845
W0116 05:21:36.216619 80543744 ServerMgr.cpp:88] remove one proxy server, id: 30
W0116 05:21:36.216675 80543744 LoginServerThread.cpp:180] center server is disconnect, after 10s will be reconnect!
I0116 05:21:39.708211 397874624 NetServer.cpp:55] accept io...127.0.0.1:62118
I0116 05:21:39.710815 80543744 LoginServerThread.cpp:190] bind one connect: 127.0.0.1:62118
I0116 05:21:39.712903 80543744 ServerMgr.cpp:54] bind one proxy server, ip:127.0.0.1:62118
W0116 05:21:46.256793 397874624 NetModule.cpp:723] ready reconnect server, server id: 0
I0116 05:21:46.256865 397874624 NetConnector.cpp:216] connect to: 0.0.0.0:5001 success! 
I0116 06:26:40.250259 397874624 NetServer.cpp:88] delete io...127.0.0.1:62118
W0116 06:26:40.252519 80543744 ServerMgr.cpp:88] remove one proxy server, id: 30
W0116 06:26:40.252673 80543744 LoginServerThread.cpp:180] center server is disconnect, after 10s will be reconnect!
I0116 06:26:43.750950 397874624 NetServer.cpp:55] accept io...127.0.0.1:63414
I0116 06:26:43.752645 80543744 LoginServerThread.cpp:190] bind one connect: 127.0.0.1:63414
I0116 06:26:43.777443 80543744 ServerMgr.cpp:54] bind one proxy server, ip:127.0.0.1:63414
W0116 06:26:50.285640 397874624 NetModule.cpp:723] ready reconnect server, server id: 0
I0116 06:26:50.285753 397874624 NetConnector.cpp:216] connect to: 0.0.0.0:5001 success! 
I0116 07:31:44.279706 397874624 NetServer.cpp:88] delete io...127.0.0.1:63414
W0116 07:31:44.281931 80543744 ServerMgr.cpp:88] remove one proxy server, id: 30
W0116 07:31:44.281985 80543744 LoginServerThread.cpp:180] center server is disconnect, after 10s will be reconnect!
I0116 07:31:47.781721 397874624 NetServer.cpp:55] accept io...127.0.0.1:64687
I0116 07:31:47.783622 80543744 LoginServerThread.cpp:190] bind one connect: 127.0.0.1:64687
I0116 07:31:47.813668 80543744 ServerMgr.cpp:54] bind one proxy server, ip:127.0.0.1:64687
W0116 07:31:54.806427 397874624 NetModule.cpp:723] ready reconnect server, server id: 0
I0116 07:31:54.806501 397874624 NetConnector.cpp:216] connect to: 0.0.0.0:5001 success! 
I0116 08:36:48.318868 397874624 NetServer.cpp:88] delete io...127.0.0.1:64687
W0116 08:36:48.319066 80543744 ServerMgr.cpp:88] remove one proxy server, id: 30
W0116 08:36:48.321180 80543744 LoginServerThread.cpp:180] center server is disconnect, after 10s will be reconnect!
I0116 08:36:51.809804 397874624 NetServer.cpp:55] accept io...127.0.0.1:49607
I0116 08:36:51.812049 80543744 LoginServerThread.cpp:190] bind one connect: 127.0.0.1:49607
I0116 08:36:51.837988 80543744 ServerMgr.cpp:54] bind one proxy server, ip:127.0.0.1:49607
W0116 08:36:58.336369 397874624 NetModule.cpp:723] ready reconnect server, server id: 0
I0116 08:36:58.336439 397874624 NetConnector.cpp:216] connect to: 0.0.0.0:5001 success! 
I0116 09:41:52.336583 397874624 NetServer.cpp:88] delete io...127.0.0.1:49607
W0116 09:41:52.337105 80543744 ServerMgr.cpp:88] remove one proxy server, id: 30
W0116 09:41:52.337162 80543744 LoginServerThread.cpp:180] center server is disconnect, after 10s will be reconnect!
I0116 09:41:55.838383 397874624 NetServer.cpp:55] accept io...127.0.0.1:50874
I0116 09:41:55.840991 80543744 LoginServerThread.cpp:190] bind one connect: 127.0.0.1:50874
I0116 09:41:55.863001 80543744 ServerMgr.cpp:54] bind one proxy server, ip:127.0.0.1:50874
W0116 09:42:02.869068 397874624 NetModule.cpp:723] ready reconnect server, server id: 0
I0116 09:42:02.869141 397874624 NetConnector.cpp:216] connect to: 127.0.0.1:5001 success! 
I0116 22:19:48.709024 397874624 NetServer.cpp:88] delete io...127.0.0.1:50874
W0116 22:19:48.710088 80543744 ServerMgr.cpp:88] remove one proxy server, id: 30
W0116 22:19:48.710373 80543744 LoginServerThread.cpp:180] center server is disconnect, after 10s will be reconnect!
I0116 22:19:52.195317 397874624 NetServer.cpp:55] accept io...127.0.0.1:52814
I0116 22:19:52.195358 80543744 LoginServerThread.cpp:190] bind one connect: 127.0.0.1:52814
I0116 22:19:52.217167 80543744 ServerMgr.cpp:54] bind one proxy server, ip:127.0.0.1:52814
W0116 22:19:59.149520 397874624 NetModule.cpp:723] ready reconnect server, server id: 0
I0116 22:19:59.149610 397874624 NetConnector.cpp:216] connect to: 0.0.0.0:5001 success! 
I0116 23:20:24.442019 397874624 NetServer.cpp:88] delete io...127.0.0.1:52814
W0116 23:20:24.443994 80543744 ServerMgr.cpp:88] remove one proxy server, id: 30
W0116 23:20:24.444044 80543744 LoginServerThread.cpp:180] center server is disconnect, after 10s will be reconnect!
I0116 23:20:27.926745 397874624 NetServer.cpp:55] accept io...127.0.0.1:54082
I0116 23:20:27.927044 80543744 LoginServerThread.cpp:190] bind one connect: 127.0.0.1:54082
I0116 23:20:27.949549 80543744 ServerMgr.cpp:54] bind one proxy server, ip:127.0.0.1:54082
W0116 23:20:34.480568 397874624 NetModule.cpp:723] ready reconnect server, server id: 0
I0116 23:20:34.480659 397874624 NetConnector.cpp:216] connect to: 0.0.0.0:5001 success! 
W0117 00:25:28.499042 80543744 LoginServerThread.cpp:531] login server is across day.
I0117 00:25:28.500030 397874624 NetServer.cpp:88] delete io...127.0.0.1:54082
W0117 00:25:28.500217 80543744 LoginServerThread.cpp:554] delete record_register_ip error, errno: 2003, error: Can't connect to MySQL server on '58.82.239.150' (50)
W0117 00:25:28.500281 80543744 ServerMgr.cpp:88] remove one proxy server, id: 30
W0117 00:25:28.500315 80543744 LoginServerThread.cpp:180] center server is disconnect, after 10s will be reconnect!
I0117 00:25:32.000921 397874624 NetServer.cpp:55] accept io...127.0.0.1:55357
I0117 00:25:32.002732 80543744 LoginServerThread.cpp:190] bind one connect: 127.0.0.1:55357
I0117 00:25:32.017532 80543744 ServerMgr.cpp:54] bind one proxy server, ip:127.0.0.1:55357
W0117 00:25:39.021608 397874624 NetModule.cpp:723] ready reconnect server, server id: 0
I0117 00:25:39.021803 397874624 NetConnector.cpp:216] connect to: 0.0.0.0:5001 success! 
I0117 01:30:32.484802 397874624 NetServer.cpp:88] delete io...127.0.0.1:55357
W0117 01:30:32.485759 80543744 ServerMgr.cpp:88] remove one proxy server, id: 30
W0117 01:30:32.485838 80543744 LoginServerThread.cpp:180] center server is disconnect, after 10s will be reconnect!
I0117 01:30:35.987920 397874624 NetServer.cpp:55] accept io...127.0.0.1:56639
I0117 01:30:35.988831 80543744 LoginServerThread.cpp:190] bind one connect: 127.0.0.1:56639
I0117 01:30:36.016069 80543744 ServerMgr.cpp:54] bind one proxy server, ip:127.0.0.1:56639
W0117 01:30:43.007349 397874624 NetModule.cpp:723] ready reconnect server, server id: 0
I0117 01:30:43.007517 397874624 NetConnector.cpp:216] connect to: 0.0.0.0:5001 success! 
I0117 02:35:35.510608 397874624 NetServer.cpp:88] delete io...127.0.0.1:56639
W0117 02:35:35.512130 80543744 ServerMgr.cpp:88] remove one proxy server, id: 30
W0117 02:35:35.530059 80543744 LoginServerThread.cpp:180] center server is disconnect, after 10s will be reconnect!
I0117 02:35:39.008261 397874624 NetServer.cpp:55] accept io...127.0.0.1:57913
I0117 02:35:39.008704 80543744 LoginServerThread.cpp:190] bind one connect: 127.0.0.1:57913
I0117 02:35:39.023216 80543744 ServerMgr.cpp:54] bind one proxy server, ip:127.0.0.1:57913
W0117 02:35:46.054483 397874624 NetModule.cpp:723] ready reconnect server, server id: 0
I0117 02:35:46.054589 397874624 NetConnector.cpp:216] connect to: 0.0.0.0:5001 success! 
I0117 03:40:39.537700 397874624 NetServer.cpp:88] delete io...127.0.0.1:57913
W0117 03:40:39.540130 80543744 ServerMgr.cpp:88] remove one proxy server, id: 30
W0117 03:40:39.544840 80543744 LoginServerThread.cpp:180] center server is disconnect, after 10s will be reconnect!
I0117 03:40:43.035710 397874624 NetServer.cpp:55] accept io...127.0.0.1:59191
I0117 03:40:43.036038 80543744 LoginServerThread.cpp:190] bind one connect: 127.0.0.1:59191
I0117 03:40:43.050549 80543744 ServerMgr.cpp:54] bind one proxy server, ip:127.0.0.1:59191
W0117 03:40:50.055140 397874624 NetModule.cpp:723] ready reconnect server, server id: 0
I0117 03:40:50.055408 397874624 NetConnector.cpp:216] connect to: 0.0.0.0:5001 success! 
I0117 04:45:43.568575 397874624 NetServer.cpp:88] delete io...127.0.0.1:59191
W0117 04:45:43.570657 80543744 ServerMgr.cpp:88] remove one proxy server, id: 30
W0117 04:45:43.570719 80543744 LoginServerThread.cpp:180] center server is disconnect, after 10s will be reconnect!
I0117 04:45:47.054960 397874624 NetServer.cpp:55] accept io...127.0.0.1:60471
I0117 04:45:47.055096 80543744 LoginServerThread.cpp:190] bind one connect: 127.0.0.1:60471
I0117 04:45:47.065467 80543744 ServerMgr.cpp:54] bind one proxy server, ip:127.0.0.1:60471
W0117 04:45:54.092303 397874624 NetModule.cpp:723] ready reconnect server, server id: 0
I0117 04:45:54.092507 397874624 NetConnector.cpp:216] connect to: 0.0.0.0:5001 success! 
I0117 05:50:47.589002 397874624 NetServer.cpp:88] delete io...127.0.0.1:60471
W0117 05:50:47.591367 80543744 ServerMgr.cpp:88] remove one proxy server, id: 30
W0117 05:50:47.599732 80543744 LoginServerThread.cpp:180] center server is disconnect, after 10s will be reconnect!
I0117 05:50:51.079617 397874624 NetServer.cpp:55] accept io...127.0.0.1:61759
I0117 05:50:51.081373 80543744 LoginServerThread.cpp:190] bind one connect: 127.0.0.1:61759
I0117 05:50:51.110250 80543744 ServerMgr.cpp:54] bind one proxy server, ip:127.0.0.1:61759
W0117 05:50:58.122905 397874624 NetModule.cpp:723] ready reconnect server, server id: 0
I0117 05:50:58.123172 397874624 NetConnector.cpp:216] connect to: 0.0.0.0:5001 success! 
I0117 06:55:51.629894 397874624 NetServer.cpp:88] delete io...127.0.0.1:61759
W0117 06:55:51.631006 80543744 ServerMgr.cpp:88] remove one proxy server, id: 30
W0117 06:55:51.631247 80543744 LoginServerThread.cpp:180] center server is disconnect, after 10s will be reconnect!
I0117 06:55:55.121199 397874624 NetServer.cpp:55] accept io...127.0.0.1:63061
I0117 06:55:55.123528 80543744 LoginServerThread.cpp:190] bind one connect: 127.0.0.1:63061
I0117 06:55:55.144134 80543744 ServerMgr.cpp:54] bind one proxy server, ip:127.0.0.1:63061
W0117 06:56:01.665226 397874624 NetModule.cpp:723] ready reconnect server, server id: 0
I0117 06:56:01.665398 397874624 NetConnector.cpp:216] connect to: 0.0.0.0:5001 success! 
I0117 08:00:55.649067 397874624 NetServer.cpp:88] delete io...127.0.0.1:63061
W0117 08:00:55.650871 80543744 ServerMgr.cpp:88] remove one proxy server, id: 30
W0117 08:00:55.660277 80543744 LoginServerThread.cpp:180] center server is disconnect, after 10s will be reconnect!
I0117 08:00:59.151279 397874624 NetServer.cpp:55] accept io...127.0.0.1:64364
I0117 08:00:59.153421 80543744 LoginServerThread.cpp:190] bind one connect: 127.0.0.1:64364
I0117 08:00:59.180903 80543744 ServerMgr.cpp:54] bind one proxy server, ip:127.0.0.1:64364
W0117 08:01:05.684132 397874624 NetModule.cpp:723] ready reconnect server, server id: 0
I0117 08:01:05.684234 397874624 NetConnector.cpp:216] connect to: 0.0.0.0:5001 success! 
I0117 09:05:59.686118 397874624 NetServer.cpp:88] delete io...127.0.0.1:64364
W0117 09:05:59.688081 80543744 ServerMgr.cpp:88] remove one proxy server, id: 30
W0117 09:05:59.704820 80543744 LoginServerThread.cpp:180] center server is disconnect, after 10s will be reconnect!
I0117 09:06:03.183975 397874624 NetServer.cpp:55] accept io...127.0.0.1:49271
I0117 09:06:03.185493 80543744 LoginServerThread.cpp:190] bind one connect: 127.0.0.1:49271
I0117 09:06:03.202968 80543744 ServerMgr.cpp:54] bind one proxy server, ip:127.0.0.1:49271
W0117 09:06:10.214573 397874624 NetModule.cpp:723] ready reconnect server, server id: 0
I0117 09:06:10.214812 397874624 NetConnector.cpp:216] connect to: 0.0.0.0:5001 success! 
I0117 09:45:02.706902 397874624 NetServer.cpp:88] delete io...127.0.0.1:49271
W0117 09:45:02.714112 80543744 ServerMgr.cpp:88] remove one proxy server, id: 30
W0117 09:45:02.714308 80543744 LoginServerThread.cpp:180] center server is disconnect, after 10s will be reconnect!
I0117 09:45:06.209044 397874624 NetServer.cpp:55] accept io...127.0.0.1:50539
I0117 09:45:06.209810 80543744 LoginServerThread.cpp:190] bind one connect: 127.0.0.1:50539
I0117 09:45:06.240553 80543744 ServerMgr.cpp:54] bind one proxy server, ip:127.0.0.1:50539
W0117 09:45:13.249017 397874624 NetModule.cpp:723] ready reconnect server, server id: 0
I0117 09:45:13.249246 397874624 NetConnector.cpp:216] connect to: 0.0.0.0:5001 success! 
I0117 22:11:21.045693 397874624 NetServer.cpp:88] delete io...127.0.0.1:50539
W0117 22:11:21.048503 80543744 ServerMgr.cpp:88] remove one proxy server, id: 30
W0117 22:11:21.061777 80543744 LoginServerThread.cpp:180] center server is disconnect, after 10s will be reconnect!
I0117 22:11:24.848016 397874624 NetServer.cpp:55] accept io...127.0.0.1:63475
I0117 22:11:24.849655 80543744 LoginServerThread.cpp:190] bind one connect: 127.0.0.1:63475
I0117 22:11:24.868168 80543744 ServerMgr.cpp:54] bind one proxy server, ip:127.0.0.1:63475
W0117 22:11:31.382743 397874624 NetModule.cpp:723] ready reconnect server, server id: 0
I0117 22:11:31.382966 397874624 NetConnector.cpp:216] connect to: 0.0.0.0:5001 success! 
I0117 22:56:25.746590 397874624 NetServer.cpp:88] delete io...127.0.0.1:63475
W0117 22:56:25.748414 80543744 ServerMgr.cpp:88] remove one proxy server, id: 30
W0117 22:56:25.762342 80543744 LoginServerThread.cpp:180] center server is disconnect, after 10s will be reconnect!
I0117 22:56:29.248638 397874624 NetServer.cpp:55] accept io...127.0.0.1:64748
I0117 22:56:29.249348 80543744 LoginServerThread.cpp:190] bind one connect: 127.0.0.1:64748
I0117 22:56:29.262094 80543744 ServerMgr.cpp:54] bind one proxy server, ip:127.0.0.1:64748
W0117 22:56:36.284406 397874624 NetModule.cpp:723] ready reconnect server, server id: 0
I0117 22:56:36.284718 397874624 NetConnector.cpp:216] connect to: 0.0.0.0:5001 success! 
W0118 00:01:29.765905 80543744 LoginServerThread.cpp:531] login server is across day.
W0118 00:01:29.766959 80543744 LoginServerThread.cpp:554] delete record_register_ip error, errno: 2003, error: Can't connect to MySQL server on '58.82.239.150' (50)
I0118 00:01:29.784274 397874624 NetServer.cpp:88] delete io...127.0.0.1:64748
W0118 00:01:29.786278 80543744 ServerMgr.cpp:88] remove one proxy server, id: 30
W0118 00:01:29.788404 80543744 LoginServerThread.cpp:180] center server is disconnect, after 10s will be reconnect!
I0118 00:01:33.289067 397874624 NetServer.cpp:55] accept io...127.0.0.1:49648
I0118 00:01:33.290464 80543744 LoginServerThread.cpp:190] bind one connect: 127.0.0.1:49648
I0118 00:01:33.299595 80543744 ServerMgr.cpp:54] bind one proxy server, ip:127.0.0.1:49648
W0118 00:01:39.839604 397874624 NetModule.cpp:723] ready reconnect server, server id: 0
I0118 00:01:39.840039 397874624 NetConnector.cpp:216] connect to: 0.0.0.0:5001 success! 
I0118 01:06:33.795532 397874624 NetServer.cpp:88] delete io...127.0.0.1:49648
W0118 01:06:33.797013 80543744 ServerMgr.cpp:88] remove one proxy server, id: 30
W0118 01:06:33.810060 80543744 LoginServerThread.cpp:180] center server is disconnect, after 10s will be reconnect!
I0118 01:06:37.304055 397874624 NetServer.cpp:55] accept io...127.0.0.1:50931
I0118 01:06:37.305761 80543744 LoginServerThread.cpp:190] bind one connect: 127.0.0.1:50931
I0118 01:06:37.329653 80543744 ServerMgr.cpp:54] bind one proxy server, ip:127.0.0.1:50931
W0118 01:06:44.338641 397874624 NetModule.cpp:723] ready reconnect server, server id: 0
I0118 01:06:44.338743 397874624 NetConnector.cpp:216] connect to: 0.0.0.0:5001 success! 
I0118 02:11:37.842108 397874624 NetServer.cpp:88] delete io...127.0.0.1:50931
W0118 02:11:37.843768 80543744 ServerMgr.cpp:88] remove one proxy server, id: 30
W0118 02:11:37.859277 80543744 LoginServerThread.cpp:180] center server is disconnect, after 10s will be reconnect!
I0118 02:11:41.338271 397874624 NetServer.cpp:55] accept io...127.0.0.1:52221
I0118 02:11:41.338387 80543744 LoginServerThread.cpp:190] bind one connect: 127.0.0.1:52221
I0118 02:11:41.369546 80543744 ServerMgr.cpp:54] bind one proxy server, ip:127.0.0.1:52221
W0118 02:11:48.382818 397874624 NetModule.cpp:723] ready reconnect server, server id: 0
I0118 02:11:48.382917 397874624 NetConnector.cpp:216] connect to: 0.0.0.0:5001 success! 
I0118 03:16:41.845258 397874624 NetServer.cpp:88] delete io...127.0.0.1:52221
W0118 03:16:41.845381 80543744 ServerMgr.cpp:88] remove one proxy server, id: 30
W0118 03:16:41.845506 80543744 LoginServerThread.cpp:180] center server is disconnect, after 10s will be reconnect!
I0118 03:16:45.357317 80543744 LoginServerThread.cpp:190] bind one connect: 127.0.0.1:53498
I0118 03:16:45.357801 397874624 NetServer.cpp:55] accept io...127.0.0.1:53498
I0118 03:16:45.374907 80543744 ServerMgr.cpp:54] bind one proxy server, ip:127.0.0.1:53498
W0118 03:16:52.403826 397874624 NetModule.cpp:723] ready reconnect server, server id: 0
I0118 03:16:52.403919 397874624 NetConnector.cpp:216] connect to: 0.0.0.0:5001 success! 
I0118 04:21:45.869937 397874624 NetServer.cpp:88] delete io...127.0.0.1:53498
W0118 04:21:45.869958 80543744 ServerMgr.cpp:88] remove one proxy server, id: 30
W0118 04:21:45.870071 80543744 LoginServerThread.cpp:180] center server is disconnect, after 10s will be reconnect!
I0118 04:21:49.360122 397874624 NetServer.cpp:55] accept io...127.0.0.1:54794
I0118 04:21:49.360852 80543744 LoginServerThread.cpp:190] bind one connect: 127.0.0.1:54794
I0118 04:21:49.386829 80543744 ServerMgr.cpp:54] bind one proxy server, ip:127.0.0.1:54794
W0118 04:21:56.418889 397874624 NetModule.cpp:723] ready reconnect server, server id: 0
I0118 04:21:56.418998 397874624 NetConnector.cpp:216] connect to: 0.0.0.0:5001 success! 
I0118 05:26:49.890419 397874624 NetServer.cpp:88] delete io...127.0.0.1:54794
W0118 05:26:49.891366 80543744 ServerMgr.cpp:88] remove one proxy server, id: 30
W0118 05:26:49.891417 80543744 LoginServerThread.cpp:180] center server is disconnect, after 10s will be reconnect!
I0118 05:26:53.394441 397874624 NetServer.cpp:55] accept io...127.0.0.1:56071
I0118 05:26:53.394534 80543744 LoginServerThread.cpp:190] bind one connect: 127.0.0.1:56071
I0118 05:26:53.401224 80543744 ServerMgr.cpp:54] bind one proxy server, ip:127.0.0.1:56071
W0118 05:27:00.436367 397874624 NetModule.cpp:723] ready reconnect server, server id: 0
I0118 05:27:00.436480 397874624 NetConnector.cpp:216] connect to: 0.0.0.0:5001 success! 
I0118 06:31:53.923569 397874624 NetServer.cpp:88] delete io...127.0.0.1:56071
W0118 06:31:53.924966 80543744 ServerMgr.cpp:88] remove one proxy server, id: 30
W0118 06:31:53.925016 80543744 LoginServerThread.cpp:180] center server is disconnect, after 10s will be reconnect!
I0118 06:31:57.425675 397874624 NetServer.cpp:55] accept io...127.0.0.1:57363
I0118 06:31:57.426569 80543744 LoginServerThread.cpp:190] bind one connect: 127.0.0.1:57363
I0118 06:31:57.453425 80543744 ServerMgr.cpp:54] bind one proxy server, ip:127.0.0.1:57363
W0118 06:32:03.946791 397874624 NetModule.cpp:723] ready reconnect server, server id: 0
I0118 06:32:03.946900 397874624 NetConnector.cpp:216] connect to: 0.0.0.0:5001 success! 
I0118 07:36:57.962800 397874624 NetServer.cpp:88] delete io...127.0.0.1:57363
W0118 07:36:57.963888 80543744 ServerMgr.cpp:88] remove one proxy server, id: 30
W0118 07:36:57.964174 80543744 LoginServerThread.cpp:180] center server is disconnect, after 10s will be reconnect!
I0118 07:37:01.462339 397874624 NetServer.cpp:55] accept io...127.0.0.1:58633
I0118 07:37:01.462965 80543744 LoginServerThread.cpp:190] bind one connect: 127.0.0.1:58633
I0118 07:37:01.486280 80543744 ServerMgr.cpp:54] bind one proxy server, ip:127.0.0.1:58633
W0118 07:37:08.474613 397874624 NetModule.cpp:723] ready reconnect server, server id: 0
I0118 07:37:08.474733 397874624 NetConnector.cpp:216] connect to: 0.0.0.0:5001 success! 
I0118 08:42:01.984138 397874624 NetServer.cpp:88] delete io...127.0.0.1:58633
W0118 08:42:01.986163 80543744 ServerMgr.cpp:88] remove one proxy server, id: 30
W0118 08:42:01.988322 80543744 LoginServerThread.cpp:180] center server is disconnect, after 10s will be reconnect!
I0118 08:42:05.489068 397874624 NetServer.cpp:55] accept io...127.0.0.1:59914
I0118 08:42:05.491410 80543744 LoginServerThread.cpp:190] bind one connect: 127.0.0.1:59914
I0118 08:42:05.519933 80543744 ServerMgr.cpp:54] bind one proxy server, ip:127.0.0.1:59914
W0118 08:42:12.520644 397874624 NetModule.cpp:723] ready reconnect server, server id: 0
I0118 08:42:12.520735 397874624 NetConnector.cpp:216] connect to: 0.0.0.0:5001 success! 
I0118 09:45:03.011023 397874624 NetServer.cpp:88] delete io...127.0.0.1:59914
W0118 09:45:03.013077 80543744 ServerMgr.cpp:88] remove one proxy server, id: 30
W0118 09:45:03.013130 80543744 LoginServerThread.cpp:180] center server is disconnect, after 10s will be reconnect!
I0118 09:45:06.505373 397874624 NetServer.cpp:55] accept io...127.0.0.1:61186
I0118 09:45:06.508618 80543744 LoginServerThread.cpp:190] bind one connect: 127.0.0.1:61186
I0118 09:45:06.535032 80543744 ServerMgr.cpp:54] bind one proxy server, ip:127.0.0.1:61186
W0118 09:45:13.042600 397874624 NetModule.cpp:723] ready reconnect server, server id: 0
I0118 09:45:13.042696 397874624 NetConnector.cpp:216] connect to: 0.0.0.0:5001 success! 
W0118 22:17:45.315541 80543744 ServerMgr.cpp:88] remove one proxy server, id: 30
I0118 22:17:45.332595 397874624 NetServer.cpp:88] delete io...127.0.0.1:61186
W0118 22:17:45.337864 80543744 LoginServerThread.cpp:180] center server is disconnect, after 10s will be reconnect!
I0118 22:17:48.674108 397874624 NetServer.cpp:55] accept io...127.0.0.1:60431
I0118 22:17:48.675334 80543744 LoginServerThread.cpp:190] bind one connect: 127.0.0.1:60431
I0118 22:17:48.704396 80543744 ServerMgr.cpp:54] bind one proxy server, ip:127.0.0.1:60431
W0118 22:17:55.708034 397874624 NetModule.cpp:723] ready reconnect server, server id: 0
I0118 22:17:55.709210 397874624 NetConnector.cpp:216] connect to: 0.0.0.0:5001 success! 
I0118 22:59:43.127086 397874624 NetServer.cpp:88] delete io...127.0.0.1:60431
W0118 22:59:43.127950 80543744 ServerMgr.cpp:88] remove one proxy server, id: 30
W0118 22:59:43.133989 80543744 LoginServerThread.cpp:180] center server is disconnect, after 10s will be reconnect!
I0118 22:59:46.629122 397874624 NetServer.cpp:55] accept io...127.0.0.1:61764
I0118 22:59:46.629680 80543744 LoginServerThread.cpp:190] bind one connect: 127.0.0.1:61764
I0118 22:59:46.658766 80543744 ServerMgr.cpp:54] bind one proxy server, ip:127.0.0.1:61764
W0118 22:59:53.671871 397874624 NetModule.cpp:723] ready reconnect server, server id: 0
I0118 22:59:53.672101 397874624 NetConnector.cpp:216] connect to: 127.0.0.1:5001 success! 
W0119 00:04:46.172803 80543744 LoginServerThread.cpp:531] login server is across day.
I0119 00:04:46.199118 397874624 NetServer.cpp:88] delete io...127.0.0.1:61764
W0119 00:04:47.615604 80543744 ServerMgr.cpp:88] remove one proxy server, id: 30
W0119 00:04:47.615687 80543744 LoginServerThread.cpp:180] center server is disconnect, after 10s will be reconnect!
I0119 00:04:49.691871 397874624 NetServer.cpp:55] accept io...127.0.0.1:63042
I0119 00:04:49.694118 80543744 LoginServerThread.cpp:190] bind one connect: 127.0.0.1:63042
I0119 00:04:49.715731 80543744 ServerMgr.cpp:54] bind one proxy server, ip:127.0.0.1:63042
I0119 00:04:56.661651 397874624 NetServer.cpp:88] delete io...127.0.0.1:63042
W0119 00:04:56.662195 80543744 ServerMgr.cpp:88] remove one proxy server, id: 30
W0119 00:04:57.725827 397874624 NetModule.cpp:723] ready reconnect server, server id: 0
I0119 00:04:57.726001 397874624 NetConnector.cpp:216] connect to: 0.0.0.0:5001 success! 
I0119 00:04:58.232568 397874624 NetServer.cpp:55] accept io...127.0.0.1:63089
I0119 00:04:58.232873 80543744 LoginServerThread.cpp:190] bind one connect: 127.0.0.1:63089
I0119 00:04:58.244123 80543744 ServerMgr.cpp:54] bind one proxy server, ip:127.0.0.1:63089
I0119 01:09:49.224962 397874624 NetServer.cpp:88] delete io...127.0.0.1:63089
W0119 01:09:49.227435 80543744 ServerMgr.cpp:88] remove one proxy server, id: 30
W0119 01:09:49.229050 80543744 LoginServerThread.cpp:180] center server is disconnect, after 10s will be reconnect!
I0119 01:09:52.710805 397874624 NetServer.cpp:55] accept io...127.0.0.1:64321
I0119 01:09:52.712083 80543744 LoginServerThread.cpp:190] bind one connect: 127.0.0.1:64321
I0119 01:09:52.721556 80543744 ServerMgr.cpp:54] bind one proxy server, ip:127.0.0.1:64321
W0119 01:09:59.765568 397874624 NetModule.cpp:723] ready reconnect server, server id: 0
I0119 01:09:59.765745 397874624 NetConnector.cpp:216] connect to: 127.0.0.1:5001 success! 
I0119 02:14:53.223465 397874624 NetServer.cpp:88] delete io...127.0.0.1:64321
W0119 02:14:53.225668 80543744 ServerMgr.cpp:88] remove one proxy server, id: 30
W0119 02:14:53.225874 80543744 LoginServerThread.cpp:180] center server is disconnect, after 10s will be reconnect!
I0119 02:14:56.716229 397874624 NetServer.cpp:55] accept io...127.0.0.1:49227
I0119 02:14:56.716641 80543744 LoginServerThread.cpp:190] bind one connect: 127.0.0.1:49227
I0119 02:14:56.738008 80543744 ServerMgr.cpp:54] bind one proxy server, ip:127.0.0.1:49227
W0119 02:15:03.757719 397874624 NetModule.cpp:723] ready reconnect server, server id: 0
I0119 02:15:03.757854 397874624 NetConnector.cpp:216] connect to: 0.0.0.0:5001 success! 
W0119 03:19:57.260938 80543744 ServerMgr.cpp:88] remove one proxy server, id: 30
I0119 03:19:57.262966 397874624 NetServer.cpp:88] delete io...127.0.0.1:49227
W0119 03:19:57.265663 80543744 LoginServerThread.cpp:180] center server is disconnect, after 10s will be reconnect!
I0119 03:20:00.753568 397874624 NetServer.cpp:55] accept io...127.0.0.1:50499
I0119 03:20:00.755892 80543744 LoginServerThread.cpp:190] bind one connect: 127.0.0.1:50499
I0119 03:20:00.780140 80543744 ServerMgr.cpp:54] bind one proxy server, ip:127.0.0.1:50499
W0119 03:20:07.791795 397874624 NetModule.cpp:723] ready reconnect server, server id: 0
I0119 03:20:07.791934 397874624 NetConnector.cpp:216] connect to: 0.0.0.0:5001 success! 
I0119 04:25:01.278586 397874624 NetServer.cpp:88] delete io...127.0.0.1:50499
W0119 04:25:01.279289 80543744 ServerMgr.cpp:88] remove one proxy server, id: 30
W0119 04:25:01.288861 80543744 LoginServerThread.cpp:180] center server is disconnect, after 10s will be reconnect!
I0119 04:25:04.781693 397874624 NetServer.cpp:55] accept io...127.0.0.1:51805
I0119 04:25:04.783336 80543744 LoginServerThread.cpp:190] bind one connect: 127.0.0.1:51805
I0119 04:25:04.811481 80543744 ServerMgr.cpp:54] bind one proxy server, ip:127.0.0.1:51805
W0119 04:25:11.303833 397874624 NetModule.cpp:723] ready reconnect server, server id: 0
I0119 04:25:11.303963 397874624 NetConnector.cpp:216] connect to: 0.0.0.0:5001 success! 
I0119 05:30:05.302472 397874624 NetServer.cpp:88] delete io...127.0.0.1:51805
W0119 05:30:05.302572 80543744 ServerMgr.cpp:88] remove one proxy server, id: 30
W0119 05:30:05.306185 80543744 LoginServerThread.cpp:180] center server is disconnect, after 10s will be reconnect!
I0119 05:30:08.799671 397874624 NetServer.cpp:55] accept io...127.0.0.1:53094
I0119 05:30:08.802260 80543744 LoginServerThread.cpp:190] bind one connect: 127.0.0.1:53094
I0119 05:30:08.830819 80543744 ServerMgr.cpp:54] bind one proxy server, ip:127.0.0.1:53094
W0119 05:30:15.815433 397874624 NetModule.cpp:723] ready reconnect server, server id: 0
I0119 05:30:15.815642 397874624 NetConnector.cpp:216] connect to: 0.0.0.0:5001 success! 
I0119 06:35:09.327744 397874624 NetServer.cpp:88] delete io...127.0.0.1:53094
W0119 06:35:09.329802 80543744 ServerMgr.cpp:88] remove one proxy server, id: 30
W0119 06:35:09.333458 80543744 LoginServerThread.cpp:180] center server is disconnect, after 10s will be reconnect!
I0119 06:35:12.824115 397874624 NetServer.cpp:55] accept io...127.0.0.1:54387
I0119 06:35:12.825995 80543744 LoginServerThread.cpp:190] bind one connect: 127.0.0.1:54387
I0119 06:35:12.835134 80543744 ServerMgr.cpp:54] bind one proxy server, ip:127.0.0.1:54387
W0119 06:35:19.364696 397874624 NetModule.cpp:723] ready reconnect server, server id: 0
I0119 06:35:19.364893 397874624 NetConnector.cpp:216] connect to: 0.0.0.0:5001 success! 
W0119 07:40:13.352988 80543744 ServerMgr.cpp:88] remove one proxy server, id: 30
I0119 07:40:13.366997 397874624 NetServer.cpp:88] delete io...127.0.0.1:54387
W0119 07:40:13.368664 80543744 LoginServerThread.cpp:180] center server is disconnect, after 10s will be reconnect!
I0119 07:40:16.843943 397874624 NetServer.cpp:55] accept io...127.0.0.1:55658
I0119 07:40:16.846654 80543744 LoginServerThread.cpp:190] bind one connect: 127.0.0.1:55658
I0119 07:40:16.867465 80543744 ServerMgr.cpp:54] bind one proxy server, ip:127.0.0.1:55658
W0119 07:40:23.388319 397874624 NetModule.cpp:723] ready reconnect server, server id: 0
I0119 07:40:23.388442 397874624 NetConnector.cpp:216] connect to: 0.0.0.0:5001 success! 
I0119 08:45:17.377246 397874624 NetServer.cpp:88] delete io...127.0.0.1:55658
W0119 08:45:17.379113 80543744 ServerMgr.cpp:88] remove one proxy server, id: 30
W0119 08:45:17.389387 80543744 LoginServerThread.cpp:180] center server is disconnect, after 10s will be reconnect!
I0119 08:45:20.872862 397874624 NetServer.cpp:55] accept io...127.0.0.1:56937
I0119 08:45:20.873957 80543744 LoginServerThread.cpp:190] bind one connect: 127.0.0.1:56937
I0119 08:45:20.896397 80543744 ServerMgr.cpp:54] bind one proxy server, ip:127.0.0.1:56937
W0119 08:45:27.412271 397874624 NetModule.cpp:723] ready reconnect server, server id: 0
I0119 08:45:27.412533 397874624 NetConnector.cpp:216] connect to: 0.0.0.0:5001 success! 
I0119 09:45:02.404569 397874624 NetServer.cpp:88] delete io...127.0.0.1:56937
W0119 09:45:02.405795 80543744 ServerMgr.cpp:88] remove one proxy server, id: 30
W0119 09:45:02.405851 80543744 LoginServerThread.cpp:180] center server is disconnect, after 10s will be reconnect!
I0119 09:45:05.892447 397874624 NetServer.cpp:55] accept io...127.0.0.1:58205
I0119 09:45:05.893340 80543744 LoginServerThread.cpp:190] bind one connect: 127.0.0.1:58205
I0119 09:45:05.910569 80543744 ServerMgr.cpp:54] bind one proxy server, ip:127.0.0.1:58205
W0119 09:45:12.946841 397874624 NetModule.cpp:723] ready reconnect server, server id: 0
I0119 09:45:12.947055 397874624 NetConnector.cpp:216] connect to: 0.0.0.0:5001 success! 
I0119 22:08:06.848685 397874624 NetServer.cpp:88] delete io...127.0.0.1:58205
W0119 22:08:06.849339 80543744 ServerMgr.cpp:88] remove one proxy server, id: 30
W0119 22:08:06.853755 80543744 LoginServerThread.cpp:180] center server is disconnect, after 10s will be reconnect!
I0119 22:08:10.461973 397874624 NetServer.cpp:55] accept io...127.0.0.1:53827
I0119 22:08:10.463989 80543744 LoginServerThread.cpp:190] bind one connect: 127.0.0.1:53827
I0119 22:08:10.490427 80543744 ServerMgr.cpp:54] bind one proxy server, ip:127.0.0.1:53827
W0119 22:08:16.966186 397874624 NetModule.cpp:723] ready reconnect server, server id: 0
I0119 22:08:16.966269 397874624 NetConnector.cpp:216] connect to: 127.0.0.1:5001 success! 
I0119 22:55:16.857282 397874624 NetServer.cpp:88] delete io...127.0.0.1:53827
W0119 22:55:16.860076 80543744 ServerMgr.cpp:88] remove one proxy server, id: 30
W0119 22:55:16.876921 80543744 LoginServerThread.cpp:180] center server is disconnect, after 10s will be reconnect!
I0119 22:55:20.347149 397874624 NetServer.cpp:55] accept io...127.0.0.1:55151
I0119 22:55:20.350054 80543744 LoginServerThread.cpp:190] bind one connect: 127.0.0.1:55151
I0119 22:55:20.373381 80543744 ServerMgr.cpp:54] bind one proxy server, ip:127.0.0.1:55151
W0119 22:55:27.386723 397874624 NetModule.cpp:723] ready reconnect server, server id: 0
I0119 22:55:27.387320 397874624 NetConnector.cpp:216] connect to: 0.0.0.0:5001 success! 
