I0315 09:19:29.805806 195454400 NetServer.cpp:88] delete io...127.0.0.1:55848
W0315 09:19:29.808094 59736064 LoginServerThread.cpp:180] center server is disconnect, after 10s will be reconnect!
I0315 09:19:33.295801 195454400 NetServer.cpp:55] accept io...127.0.0.1:55893
I0315 09:19:33.297691 59736064 LoginServerThread.cpp:190] bind one connect: 127.0.0.1:55893
I0315 09:19:33.305848 59736064 ServerMgr.cpp:54] bind one proxy server, ip:127.0.0.1:55893
W0315 09:19:40.330451 195454400 NetModule.cpp:723] ready reconnect server, server id: 0
I0315 09:19:40.330986 195454400 NetConnector.cpp:216] connect to: 0.0.0.0:5001 success! 
I0315 09:54:33.812098 195454400 NetServer.cpp:88] delete io...127.0.0.1:55893
W0315 09:54:33.814049 59736064 ServerMgr.cpp:88] remove one proxy server, id: 30
W0315 09:54:33.820874 59736064 LoginServerThread.cpp:180] center server is disconnect, after 10s will be reconnect!
I0315 09:54:37.307907 195454400 NetServer.cpp:55] accept io...127.0.0.1:55941
I0315 09:54:37.309578 59736064 LoginServerThread.cpp:190] bind one connect: 127.0.0.1:55941
I0315 09:54:37.312199 59736064 ServerMgr.cpp:54] bind one proxy server, ip:127.0.0.1:55941
W0315 09:54:44.342962 195454400 NetModule.cpp:723] ready reconnect server, server id: 0
I0315 09:54:44.343148 195454400 NetConnector.cpp:216] connect to: 0.0.0.0:5001 success! 
W0315 14:05:28.265345 59736064 LoginServerThread.cpp:5146] QueryGamePlayCount info fail, user id : 85539866, errno: 2003, error msg: Can't connect to MySQL server on '58.82.239.150' (60)
W0315 16:27:22.720403 59736064 LoginServerThread.cpp:5357] select expire mail fail, error no: -1, sql:select mailid from mail where userid = '85539866' and mailType = 2 and expireTime < now()
W0315 20:32:34.126672 59736064 LoginServerThread.cpp:5268] update score change info fail, user id: 85539866, type: 12, change score: 12318, errno: -1, error: mysql not opened yet!
I0315 22:11:12.092276 195454400 NetServer.cpp:88] delete io...127.0.0.1:55941
W0315 22:11:12.094789 59736064 ServerMgr.cpp:88] remove one proxy server, id: 30
W0315 22:11:12.095605 59736064 LoginServerThread.cpp:180] center server is disconnect, after 10s will be reconnect!
I0315 22:11:15.728641 195454400 NetServer.cpp:55] accept io...127.0.0.1:58553
I0315 22:11:15.731637 59736064 LoginServerThread.cpp:190] bind one connect: 127.0.0.1:58553
I0315 22:11:15.742167 59736064 ServerMgr.cpp:54] bind one proxy server, ip:127.0.0.1:58553
W0315 22:11:22.263538 195454400 NetModule.cpp:723] ready reconnect server, server id: 0
I0315 22:11:22.265697 195454400 NetConnector.cpp:216] connect to: 0.0.0.0:5001 success! 
I0315 22:49:59.596019 195454400 NetServer.cpp:88] delete io...127.0.0.1:58553
W0315 22:49:59.597723 59736064 ServerMgr.cpp:88] remove one proxy server, id: 30
W0315 22:49:59.605532 59736064 LoginServerThread.cpp:180] center server is disconnect, after 10s will be reconnect!
I0315 22:50:03.092844 195454400 NetServer.cpp:55] accept io...127.0.0.1:58593
I0315 22:50:03.094168 59736064 LoginServerThread.cpp:190] bind one connect: 127.0.0.1:58593
I0315 22:50:03.114243 59736064 ServerMgr.cpp:54] bind one proxy server, ip:127.0.0.1:58593
W0315 22:50:10.115218 195454400 NetModule.cpp:723] ready reconnect server, server id: 0
I0315 22:50:10.115415 195454400 NetConnector.cpp:216] connect to: 0.0.0.0:5001 success! 
I0315 23:32:47.612200 195454400 NetServer.cpp:88] delete io...127.0.0.1:58593
W0315 23:32:47.614190 59736064 ServerMgr.cpp:88] remove one proxy server, id: 30
W0315 23:32:47.615779 59736064 LoginServerThread.cpp:180] center server is disconnect, after 10s will be reconnect!
I0315 23:32:51.097481 195454400 NetServer.cpp:55] accept io...127.0.0.1:58639
I0315 23:32:51.097791 59736064 LoginServerThread.cpp:190] bind one connect: 127.0.0.1:58639
I0315 23:32:51.127712 59736064 ServerMgr.cpp:54] bind one proxy server, ip:127.0.0.1:58639
W0315 23:32:58.127737 195454400 NetModule.cpp:723] ready reconnect server, server id: 0
I0315 23:32:58.128165 195454400 NetConnector.cpp:216] connect to: 0.0.0.0:5001 success! 
W0316 00:08:04.601282 59736064 LoginServerThread.cpp:539] login server is across day.
I0316 00:08:04.623281 195454400 NetServer.cpp:88] delete io...127.0.0.1:58639
I0316 00:08:08.111770 195454400 NetServer.cpp:55] accept io...127.0.0.1:58711
W0316 00:09:00.992130 59736064 ServerMgr.cpp:88] remove one proxy server, id: 30
W0316 00:09:00.993822 59736064 LoginServerThread.cpp:180] center server is disconnect, after 10s will be reconnect!
I0316 00:09:00.993932 59736064 LoginServerThread.cpp:190] bind one connect: 127.0.0.1:58711
I0316 00:09:00.993955 59736064 ServerMgr.cpp:54] bind one proxy server, ip:127.0.0.1:58711
W0316 00:09:11.474593 195454400 NetModule.cpp:723] ready reconnect server, server id: 0
I0316 00:09:11.475278 195454400 NetConnector.cpp:216] connect to: 0.0.0.0:5001 success! 
W0316 00:43:54.633281 59736064 ServerMgr.cpp:88] remove one proxy server, id: 30
I0316 00:43:54.634471 195454400 NetServer.cpp:88] delete io...127.0.0.1:58711
W0316 00:43:54.636893 59736064 LoginServerThread.cpp:180] center server is disconnect, after 10s will be reconnect!
I0316 00:43:58.136400 195454400 NetServer.cpp:55] accept io...127.0.0.1:58759
I0316 00:43:58.136981 59736064 LoginServerThread.cpp:190] bind one connect: 127.0.0.1:58759
I0316 00:43:58.149785 59736064 ServerMgr.cpp:54] bind one proxy server, ip:127.0.0.1:58759
W0316 00:44:05.142091 195454400 NetModule.cpp:723] ready reconnect server, server id: 0
I0316 00:44:05.142346 195454400 NetConnector.cpp:216] connect to: 0.0.0.0:5001 success! 
W0316 01:25:10.643122 59736064 ServerMgr.cpp:88] remove one proxy server, id: 30
I0316 01:25:10.652222 195454400 NetServer.cpp:88] delete io...127.0.0.1:58759
W0316 01:25:10.675276 59736064 LoginServerThread.cpp:180] center server is disconnect, after 10s will be reconnect!
I0316 01:25:14.137492 195454400 NetServer.cpp:55] accept io...127.0.0.1:58802
I0316 01:25:14.140049 59736064 LoginServerThread.cpp:190] bind one connect: 127.0.0.1:58802
I0316 01:25:14.147995 59736064 ServerMgr.cpp:54] bind one proxy server, ip:127.0.0.1:58802
W0316 01:25:21.190028 195454400 NetModule.cpp:723] ready reconnect server, server id: 0
I0316 01:25:21.191117 195454400 NetConnector.cpp:216] connect to: 0.0.0.0:5001 success! 
I0316 02:09:41.656138 195454400 NetServer.cpp:88] delete io...127.0.0.1:58802
W0316 02:09:41.657049 59736064 ServerMgr.cpp:88] remove one proxy server, id: 30
W0316 02:09:41.664077 59736064 LoginServerThread.cpp:180] center server is disconnect, after 10s will be reconnect!
I0316 02:09:45.158571 195454400 NetServer.cpp:55] accept io...127.0.0.1:58853
I0316 02:09:45.160284 59736064 LoginServerThread.cpp:190] bind one connect: 127.0.0.1:58853
I0316 02:09:45.186929 59736064 ServerMgr.cpp:54] bind one proxy server, ip:127.0.0.1:58853
W0316 02:09:52.196637 195454400 NetModule.cpp:723] ready reconnect server, server id: 0
I0316 02:09:52.196732 195454400 NetConnector.cpp:216] connect to: 0.0.0.0:5001 success! 
I0316 02:49:05.674757 195454400 NetServer.cpp:88] delete io...127.0.0.1:58853
W0316 02:49:05.677137 59736064 ServerMgr.cpp:88] remove one proxy server, id: 30
W0316 02:49:05.681267 59736064 LoginServerThread.cpp:180] center server is disconnect, after 10s will be reconnect!
I0316 02:49:09.173153 195454400 NetServer.cpp:55] accept io...127.0.0.1:58900
I0316 02:49:09.175539 59736064 LoginServerThread.cpp:190] bind one connect: 127.0.0.1:58900
I0316 02:49:09.187645 59736064 ServerMgr.cpp:54] bind one proxy server, ip:127.0.0.1:58900
W0316 02:49:16.199535 195454400 NetModule.cpp:723] ready reconnect server, server id: 0
I0316 02:49:16.199774 195454400 NetConnector.cpp:216] connect to: 0.0.0.0:5001 success! 
I0316 03:30:10.692564 195454400 NetServer.cpp:88] delete io...127.0.0.1:58900
W0316 03:30:10.692592 59736064 ServerMgr.cpp:88] remove one proxy server, id: 30
W0316 03:30:10.702296 59736064 LoginServerThread.cpp:180] center server is disconnect, after 10s will be reconnect!
I0316 03:30:14.187820 195454400 NetServer.cpp:55] accept io...127.0.0.1:58961
I0316 03:30:14.190706 59736064 LoginServerThread.cpp:190] bind one connect: 127.0.0.1:58961
I0316 03:30:14.196302 59736064 ServerMgr.cpp:54] bind one proxy server, ip:127.0.0.1:58961
W0316 03:30:21.220556 195454400 NetModule.cpp:723] ready reconnect server, server id: 0
I0316 03:30:21.220775 195454400 NetConnector.cpp:216] connect to: 0.0.0.0:5001 success! 
I0316 04:14:46.708022 195454400 NetServer.cpp:88] delete io...127.0.0.1:58961
W0316 04:14:46.710081 59736064 ServerMgr.cpp:88] remove one proxy server, id: 30
W0316 04:14:46.710135 59736064 LoginServerThread.cpp:180] center server is disconnect, after 10s will be reconnect!
I0316 04:14:50.207442 195454400 NetServer.cpp:55] accept io...127.0.0.1:58998
I0316 04:14:50.208860 59736064 LoginServerThread.cpp:190] bind one connect: 127.0.0.1:58998
I0316 04:14:50.210917 59736064 ServerMgr.cpp:54] bind one proxy server, ip:127.0.0.1:58998
W0316 04:14:57.233718 195454400 NetModule.cpp:723] ready reconnect server, server id: 0
I0316 04:14:57.233950 195454400 NetConnector.cpp:216] connect to: 0.0.0.0:5001 success! 
I0316 04:58:47.726454 195454400 NetServer.cpp:88] delete io...127.0.0.1:58998
W0316 04:58:47.728525 59736064 ServerMgr.cpp:88] remove one proxy server, id: 30
W0316 04:58:47.728577 59736064 LoginServerThread.cpp:180] center server is disconnect, after 10s will be reconnect!
I0316 04:58:51.221884 195454400 NetServer.cpp:55] accept io...127.0.0.1:59060
I0316 04:58:51.224417 59736064 LoginServerThread.cpp:190] bind one connect: 127.0.0.1:59060
I0316 04:58:51.230577 59736064 ServerMgr.cpp:54] bind one proxy server, ip:127.0.0.1:59060
W0316 04:58:58.261857 195454400 NetModule.cpp:723] ready reconnect server, server id: 0
I0316 04:58:58.262073 195454400 NetConnector.cpp:216] connect to: 0.0.0.0:5001 success! 
I0316 05:41:28.745651 195454400 NetServer.cpp:88] delete io...127.0.0.1:59060
W0316 05:41:28.745954 59736064 ServerMgr.cpp:88] remove one proxy server, id: 30
W0316 05:41:28.755112 59736064 LoginServerThread.cpp:180] center server is disconnect, after 10s will be reconnect!
I0316 05:41:32.247198 195454400 NetServer.cpp:55] accept io...127.0.0.1:59106
I0316 05:41:32.249822 59736064 LoginServerThread.cpp:190] bind one connect: 127.0.0.1:59106
I0316 05:41:32.278255 59736064 ServerMgr.cpp:54] bind one proxy server, ip:127.0.0.1:59106
W0316 05:41:39.277580 195454400 NetModule.cpp:723] ready reconnect server, server id: 0
I0316 05:41:39.277850 195454400 NetConnector.cpp:216] connect to: 0.0.0.0:5001 success! 
I0316 06:24:33.764979 195454400 NetServer.cpp:88] delete io...127.0.0.1:59106
W0316 06:24:33.767383 59736064 ServerMgr.cpp:88] remove one proxy server, id: 30
W0316 06:24:33.771987 59736064 LoginServerThread.cpp:180] center server is disconnect, after 10s will be reconnect!
I0316 06:24:37.258373 195454400 NetServer.cpp:55] accept io...127.0.0.1:59166
I0316 06:24:37.260969 59736064 LoginServerThread.cpp:190] bind one connect: 127.0.0.1:59166
I0316 06:24:37.289539 59736064 ServerMgr.cpp:54] bind one proxy server, ip:127.0.0.1:59166
W0316 06:24:44.279903 195454400 NetModule.cpp:723] ready reconnect server, server id: 0
I0316 06:24:44.280088 195454400 NetConnector.cpp:216] connect to: 0.0.0.0:5001 success! 
I0316 07:06:23.790624 195454400 NetServer.cpp:88] delete io...127.0.0.1:59166
W0316 07:06:23.792768 59736064 ServerMgr.cpp:88] remove one proxy server, id: 30
W0316 07:06:23.793211 59736064 LoginServerThread.cpp:180] center server is disconnect, after 10s will be reconnect!
I0316 07:06:27.272271 195454400 NetServer.cpp:55] accept io...127.0.0.1:59206
I0316 07:06:27.273182 59736064 LoginServerThread.cpp:190] bind one connect: 127.0.0.1:59206
I0316 07:06:27.282392 59736064 ServerMgr.cpp:54] bind one proxy server, ip:127.0.0.1:59206
W0316 07:06:34.320149 195454400 NetModule.cpp:723] ready reconnect server, server id: 0
I0316 07:06:34.320716 195454400 NetConnector.cpp:216] connect to: 0.0.0.0:5001 success! 
I0316 07:46:08.804405 195454400 NetServer.cpp:88] delete io...127.0.0.1:59206
W0316 07:46:08.807444 59736064 ServerMgr.cpp:88] remove one proxy server, id: 30
W0316 07:46:08.807790 59736064 LoginServerThread.cpp:180] center server is disconnect, after 10s will be reconnect!
I0316 07:46:12.285476 195454400 NetServer.cpp:55] accept io...127.0.0.1:59253
I0316 07:46:12.286118 59736064 LoginServerThread.cpp:190] bind one connect: 127.0.0.1:59253
I0316 07:46:12.306965 59736064 ServerMgr.cpp:54] bind one proxy server, ip:127.0.0.1:59253
W0316 07:46:19.330277 195454400 NetModule.cpp:723] ready reconnect server, server id: 0
I0316 07:46:19.330466 195454400 NetConnector.cpp:216] connect to: 0.0.0.0:5001 success! 
I0316 08:25:53.822226 195454400 NetServer.cpp:88] delete io...127.0.0.1:59253
W0316 08:25:53.823319 59736064 ServerMgr.cpp:88] remove one proxy server, id: 30
W0316 08:25:53.829249 59736064 LoginServerThread.cpp:180] center server is disconnect, after 10s will be reconnect!
I0316 08:25:57.321856 195454400 NetServer.cpp:55] accept io...127.0.0.1:59291
I0316 08:25:57.324357 59736064 LoginServerThread.cpp:190] bind one connect: 127.0.0.1:59291
I0316 08:25:57.343632 59736064 ServerMgr.cpp:54] bind one proxy server, ip:127.0.0.1:59291
W0316 08:26:03.852579 195454400 NetModule.cpp:723] ready reconnect server, server id: 0
I0316 08:26:03.852828 195454400 NetConnector.cpp:216] connect to: 0.0.0.0:5001 success! 
I0316 09:03:01.834409 195454400 NetServer.cpp:88] delete io...127.0.0.1:59291
W0316 09:03:01.836062 59736064 ServerMgr.cpp:88] remove one proxy server, id: 30
W0316 09:03:01.849807 59736064 LoginServerThread.cpp:180] center server is disconnect, after 10s will be reconnect!
I0316 09:03:05.335451 195454400 NetServer.cpp:55] accept io...127.0.0.1:59354
I0316 09:03:05.336995 59736064 LoginServerThread.cpp:190] bind one connect: 127.0.0.1:59354
I0316 09:03:05.358270 59736064 ServerMgr.cpp:54] bind one proxy server, ip:127.0.0.1:59354
W0316 09:03:11.872385 195454400 NetModule.cpp:723] ready reconnect server, server id: 0
I0316 09:03:11.873034 195454400 NetConnector.cpp:216] connect to: 0.0.0.0:5001 success! 
I0316 09:41:53.852159 195454400 NetServer.cpp:88] delete io...127.0.0.1:59354
W0316 09:41:53.852807 59736064 ServerMgr.cpp:88] remove one proxy server, id: 30
W0316 09:41:53.854789 59736064 LoginServerThread.cpp:180] center server is disconnect, after 10s will be reconnect!
I0316 09:41:57.356811 195454400 NetServer.cpp:55] accept io...127.0.0.1:59390
I0316 09:41:57.357296 59736064 LoginServerThread.cpp:190] bind one connect: 127.0.0.1:59390
I0316 09:41:57.385686 59736064 ServerMgr.cpp:54] bind one proxy server, ip:127.0.0.1:59390
W0316 09:42:04.374778 195454400 NetModule.cpp:723] ready reconnect server, server id: 0
I0316 09:42:04.374979 195454400 NetConnector.cpp:216] connect to: 0.0.0.0:5001 success! 
I0316 09:55:40.012372 195454400 NetServer.cpp:88] delete io...127.0.0.1:59390
W0316 09:55:40.013810 59736064 ServerMgr.cpp:88] remove one proxy server, id: 30
W0316 09:55:40.026674 59736064 LoginServerThread.cpp:180] center server is disconnect, after 10s will be reconnect!
I0316 09:55:43.503834 195454400 NetServer.cpp:55] accept io...127.0.0.1:59466
I0316 09:55:43.504729 59736064 LoginServerThread.cpp:190] bind one connect: 127.0.0.1:59466
I0316 09:55:43.527241 59736064 ServerMgr.cpp:54] bind one proxy server, ip:127.0.0.1:59466
W0316 09:55:50.510289 195454400 NetModule.cpp:723] ready reconnect server, server id: 0
I0316 09:55:50.510855 195454400 NetConnector.cpp:216] connect to: 127.0.0.1:5001 success! 
W0316 10:18:32.876242 59736064 LoginServerThread.cpp:5146] QueryGamePlayCount info fail, user id : 85539866, errno: -1, error msg: mysql not opened yet!
W0316 14:43:48.054863 59736064 LoginServerThread.cpp:5357] select expire mail fail, error no: 2003, sql:select mailid from mail where userid = '85539866' and mailType = 2 and expireTime < now()
W0316 20:45:11.113857 59736064 LoginServerThread.cpp:180] center server is disconnect, after 10s will be reconnect!
I0316 20:45:11.134569 195454400 NetServer.cpp:88] delete io...127.0.0.1:59466
W0316 20:45:11.136090 59736064 ServerMgr.cpp:88] remove one proxy server, id: 30
I0316 20:45:14.606057 195454400 NetServer.cpp:55] accept io...127.0.0.1:62119
I0316 20:45:14.607381 59736064 LoginServerThread.cpp:190] bind one connect: 127.0.0.1:62119
I0316 20:45:14.626968 59736064 ServerMgr.cpp:54] bind one proxy server, ip:127.0.0.1:62119
W0316 20:45:21.648324 195454400 NetModule.cpp:723] ready reconnect server, server id: 0
I0316 20:45:21.651000 195454400 NetConnector.cpp:216] connect to: 0.0.0.0:5001 success! 
I0316 21:26:19.536445 195454400 NetServer.cpp:88] delete io...127.0.0.1:62119
W0316 21:26:19.536514 59736064 ServerMgr.cpp:88] remove one proxy server, id: 30
W0316 21:26:19.545163 59736064 LoginServerThread.cpp:180] center server is disconnect, after 10s will be reconnect!
I0316 21:26:23.028699 195454400 NetServer.cpp:55] accept io...127.0.0.1:62177
I0316 21:26:23.030320 59736064 LoginServerThread.cpp:190] bind one connect: 127.0.0.1:62177
I0316 21:26:23.057637 59736064 ServerMgr.cpp:54] bind one proxy server, ip:127.0.0.1:62177
W0316 21:26:30.081571 195454400 NetModule.cpp:723] ready reconnect server, server id: 0
I0316 21:26:30.081965 195454400 NetConnector.cpp:216] connect to: 0.0.0.0:5001 success! 
I0316 22:04:50.555270 195454400 NetServer.cpp:88] delete io...127.0.0.1:62177
W0316 22:04:50.556722 59736064 ServerMgr.cpp:88] remove one proxy server, id: 30
W0316 22:04:50.564354 59736064 LoginServerThread.cpp:180] center server is disconnect, after 10s will be reconnect!
I0316 22:04:54.038996 195454400 NetServer.cpp:55] accept io...127.0.0.1:62232
I0316 22:04:54.041193 59736064 LoginServerThread.cpp:190] bind one connect: 127.0.0.1:62232
I0316 22:04:54.053665 59736064 ServerMgr.cpp:54] bind one proxy server, ip:127.0.0.1:62232
W0316 22:05:01.065059 195454400 NetModule.cpp:723] ready reconnect server, server id: 0
I0316 22:05:01.065299 195454400 NetConnector.cpp:216] connect to: 0.0.0.0:5001 success! 
I0316 22:46:50.567843 195454400 NetServer.cpp:88] delete io...127.0.0.1:62232
W0316 22:46:50.569830 59736064 ServerMgr.cpp:88] remove one proxy server, id: 30
W0316 22:46:50.580862 59736064 LoginServerThread.cpp:180] center server is disconnect, after 10s will be reconnect!
I0316 22:46:54.064908 195454400 NetServer.cpp:55] accept io...127.0.0.1:62269
I0316 22:46:54.066733 59736064 LoginServerThread.cpp:190] bind one connect: 127.0.0.1:62269
I0316 22:46:54.097200 59736064 ServerMgr.cpp:54] bind one proxy server, ip:127.0.0.1:62269
W0316 22:47:01.104748 195454400 NetModule.cpp:723] ready reconnect server, server id: 0
I0316 22:47:01.104950 195454400 NetConnector.cpp:216] connect to: 0.0.0.0:5001 success! 
I0316 23:27:21.580422 195454400 NetServer.cpp:88] delete io...127.0.0.1:62269
W0316 23:27:21.582631 59736064 ServerMgr.cpp:88] remove one proxy server, id: 30
W0316 23:27:21.587121 59736064 LoginServerThread.cpp:180] center server is disconnect, after 10s will be reconnect!
I0316 23:27:25.082562 195454400 NetServer.cpp:55] accept io...127.0.0.1:62311
I0316 23:27:25.083580 59736064 LoginServerThread.cpp:190] bind one connect: 127.0.0.1:62311
I0316 23:27:25.097649 59736064 ServerMgr.cpp:54] bind one proxy server, ip:127.0.0.1:62311
W0316 23:27:32.114534 195454400 NetModule.cpp:723] ready reconnect server, server id: 0
I0316 23:27:32.115226 195454400 NetConnector.cpp:216] connect to: 0.0.0.0:5001 success! 
W0317 00:02:53.576956 59736064 LoginServerThread.cpp:539] login server is across day.
I0317 00:02:53.598690 195454400 NetServer.cpp:88] delete io...127.0.0.1:62311
W0317 00:02:53.604387 59736064 LoginServerThread.cpp:562] delete record_register_ip error, errno: 2003, error: Can't connect to MySQL server on '58.82.239.150' (50)
W0317 00:02:53.604439 59736064 ServerMgr.cpp:88] remove one proxy server, id: 30
W0317 00:02:53.604490 59736064 LoginServerThread.cpp:180] center server is disconnect, after 10s will be reconnect!
I0317 00:02:57.095700 195454400 NetServer.cpp:55] accept io...127.0.0.1:62355
I0317 00:02:57.096087 59736064 LoginServerThread.cpp:190] bind one connect: 127.0.0.1:62355
I0317 00:02:57.127715 59736064 ServerMgr.cpp:54] bind one proxy server, ip:127.0.0.1:62355
W0317 00:03:04.147402 195454400 NetModule.cpp:723] ready reconnect server, server id: 0
I0317 00:03:04.148463 195454400 NetConnector.cpp:216] connect to: 0.0.0.0:5001 success! 
I0317 00:37:57.610626 195454400 NetServer.cpp:88] delete io...127.0.0.1:62355
W0317 00:37:57.611011 59736064 ServerMgr.cpp:88] remove one proxy server, id: 30
W0317 00:37:57.611526 59736064 LoginServerThread.cpp:180] center server is disconnect, after 10s will be reconnect!
I0317 00:38:01.109853 195454400 NetServer.cpp:55] accept io...127.0.0.1:62389
I0317 00:38:01.112509 59736064 LoginServerThread.cpp:190] bind one connect: 127.0.0.1:62389
I0317 00:38:01.136512 59736064 ServerMgr.cpp:54] bind one proxy server, ip:127.0.0.1:62389
W0317 00:38:08.156347 195454400 NetModule.cpp:723] ready reconnect server, server id: 0
I0317 00:38:08.156534 195454400 NetConnector.cpp:216] connect to: 0.0.0.0:5001 success! 
I0317 01:21:35.620378 195454400 NetServer.cpp:88] delete io...127.0.0.1:62389
W0317 01:21:35.622184 59736064 ServerMgr.cpp:88] remove one proxy server, id: 30
W0317 01:21:35.632151 59736064 LoginServerThread.cpp:180] center server is disconnect, after 10s will be reconnect!
I0317 01:21:39.119837 195454400 NetServer.cpp:55] accept io...127.0.0.1:62429
I0317 01:21:39.122465 59736064 LoginServerThread.cpp:190] bind one connect: 127.0.0.1:62429
I0317 01:21:39.136960 59736064 ServerMgr.cpp:54] bind one proxy server, ip:127.0.0.1:62429
W0317 01:21:46.154671 195454400 NetModule.cpp:723] ready reconnect server, server id: 0
I0317 01:21:46.154819 195454400 NetConnector.cpp:216] connect to: 0.0.0.0:5001 success! 
I0317 02:03:36.634972 195454400 NetServer.cpp:88] delete io...127.0.0.1:62429
W0317 02:03:36.635183 59736064 ServerMgr.cpp:88] remove one proxy server, id: 30
W0317 02:03:36.643818 59736064 LoginServerThread.cpp:180] center server is disconnect, after 10s will be reconnect!
I0317 02:03:40.128150 195454400 NetServer.cpp:55] accept io...127.0.0.1:62474
I0317 02:03:40.128361 59736064 LoginServerThread.cpp:190] bind one connect: 127.0.0.1:62474
I0317 02:03:40.140558 59736064 ServerMgr.cpp:54] bind one proxy server, ip:127.0.0.1:62474
W0317 02:03:46.678813 195454400 NetModule.cpp:723] ready reconnect server, server id: 0
I0317 02:03:46.679011 195454400 NetConnector.cpp:216] connect to: 0.0.0.0:5001 success! 
I0317 02:42:13.656476 195454400 NetServer.cpp:88] delete io...127.0.0.1:62474
W0317 02:42:13.657626 59736064 ServerMgr.cpp:88] remove one proxy server, id: 30
W0317 02:42:13.671277 59736064 LoginServerThread.cpp:180] center server is disconnect, after 10s will be reconnect!
I0317 02:42:17.161844 195454400 NetServer.cpp:55] accept io...127.0.0.1:62512
I0317 02:42:17.162894 59736064 LoginServerThread.cpp:190] bind one connect: 127.0.0.1:62512
I0317 02:42:17.190564 59736064 ServerMgr.cpp:54] bind one proxy server, ip:127.0.0.1:62512
W0317 02:42:24.201617 195454400 NetModule.cpp:723] ready reconnect server, server id: 0
I0317 02:42:24.202270 195454400 NetConnector.cpp:216] connect to: 0.0.0.0:5001 success! 
I0317 03:27:15.670785 195454400 NetServer.cpp:88] delete io...127.0.0.1:62512
W0317 03:27:15.672428 59736064 ServerMgr.cpp:88] remove one proxy server, id: 30
W0317 03:27:15.678331 59736064 LoginServerThread.cpp:180] center server is disconnect, after 10s will be reconnect!
I0317 03:27:19.170157 195454400 NetServer.cpp:55] accept io...127.0.0.1:62565
I0317 03:27:19.170594 59736064 LoginServerThread.cpp:190] bind one connect: 127.0.0.1:62565
I0317 03:27:19.177490 59736064 ServerMgr.cpp:54] bind one proxy server, ip:127.0.0.1:62565
W0317 03:27:26.192050 195454400 NetModule.cpp:723] ready reconnect server, server id: 0
I0317 03:27:26.193130 195454400 NetConnector.cpp:216] connect to: 0.0.0.0:5001 success! 
I0317 04:06:04.686369 195454400 NetServer.cpp:88] delete io...127.0.0.1:62565
W0317 04:06:04.686936 59736064 ServerMgr.cpp:88] remove one proxy server, id: 30
W0317 04:06:04.692793 59736064 LoginServerThread.cpp:180] center server is disconnect, after 10s will be reconnect!
I0317 04:06:08.178149 195454400 NetServer.cpp:55] accept io...127.0.0.1:62605
I0317 04:06:08.180366 59736064 LoginServerThread.cpp:190] bind one connect: 127.0.0.1:62605
I0317 04:06:08.204380 59736064 ServerMgr.cpp:54] bind one proxy server, ip:127.0.0.1:62605
W0317 04:06:15.222177 195454400 NetModule.cpp:723] ready reconnect server, server id: 0
I0317 04:06:15.222882 195454400 NetConnector.cpp:216] connect to: 0.0.0.0:5001 success! 
I0317 04:43:12.701692 195454400 NetServer.cpp:88] delete io...127.0.0.1:62605
W0317 04:43:12.702673 59736064 ServerMgr.cpp:88] remove one proxy server, id: 30
W0317 04:43:12.707377 59736064 LoginServerThread.cpp:180] center server is disconnect, after 10s will be reconnect!
I0317 04:43:16.191016 195454400 NetServer.cpp:55] accept io...127.0.0.1:62646
I0317 04:43:16.192651 59736064 LoginServerThread.cpp:190] bind one connect: 127.0.0.1:62646
I0317 04:43:16.197224 59736064 ServerMgr.cpp:54] bind one proxy server, ip:127.0.0.1:62646
W0317 04:43:23.246783 195454400 NetModule.cpp:723] ready reconnect server, server id: 0
I0317 04:43:23.246971 195454400 NetConnector.cpp:216] connect to: 0.0.0.0:5001 success! 
I0317 05:23:47.721529 195454400 NetServer.cpp:88] delete io...127.0.0.1:62646
W0317 05:23:47.722754 59736064 ServerMgr.cpp:88] remove one proxy server, id: 30
W0317 05:23:47.755967 59736064 LoginServerThread.cpp:180] center server is disconnect, after 10s will be reconnect!
I0317 05:23:51.214293 195454400 NetServer.cpp:55] accept io...127.0.0.1:62688
I0317 05:23:51.214642 59736064 LoginServerThread.cpp:190] bind one connect: 127.0.0.1:62688
I0317 05:23:51.243417 59736064 ServerMgr.cpp:54] bind one proxy server, ip:127.0.0.1:62688
W0317 05:23:58.244400 195454400 NetModule.cpp:723] ready reconnect server, server id: 0
I0317 05:23:58.244663 195454400 NetConnector.cpp:216] connect to: 0.0.0.0:5001 success! 
I0317 06:01:25.743582 195454400 NetServer.cpp:88] delete io...127.0.0.1:62688
W0317 06:01:25.744796 59736064 ServerMgr.cpp:88] remove one proxy server, id: 30
W0317 06:01:25.745039 59736064 LoginServerThread.cpp:180] center server is disconnect, after 10s will be reconnect!
I0317 06:01:29.233137 195454400 NetServer.cpp:55] accept io...127.0.0.1:62734
I0317 06:01:29.235577 59736064 LoginServerThread.cpp:190] bind one connect: 127.0.0.1:62734
I0317 06:01:29.244359 59736064 ServerMgr.cpp:54] bind one proxy server, ip:127.0.0.1:62734
W0317 06:01:36.272297 195454400 NetModule.cpp:723] ready reconnect server, server id: 0
I0317 06:01:36.273424 195454400 NetConnector.cpp:216] connect to: 0.0.0.0:5001 success! 
I0317 06:39:26.747058 195454400 NetServer.cpp:88] delete io...127.0.0.1:62734
W0317 06:39:26.749251 59736064 ServerMgr.cpp:88] remove one proxy server, id: 30
W0317 06:39:26.755349 59736064 LoginServerThread.cpp:180] center server is disconnect, after 10s will be reconnect!
I0317 06:39:30.240871 195454400 NetServer.cpp:55] accept io...127.0.0.1:62774
I0317 06:39:30.243417 59736064 LoginServerThread.cpp:190] bind one connect: 127.0.0.1:62774
I0317 06:39:30.271294 59736064 ServerMgr.cpp:54] bind one proxy server, ip:127.0.0.1:62774
W0317 06:39:37.277462 195454400 NetModule.cpp:723] ready reconnect server, server id: 0
I0317 06:39:37.277688 195454400 NetConnector.cpp:216] connect to: 0.0.0.0:5001 success! 
I0317 07:16:47.771700 195454400 NetServer.cpp:88] delete io...127.0.0.1:62774
W0317 07:16:47.772825 59736064 ServerMgr.cpp:88] remove one proxy server, id: 30
W0317 07:16:47.774341 59736064 LoginServerThread.cpp:180] center server is disconnect, after 10s will be reconnect!
I0317 07:16:51.258435 195454400 NetServer.cpp:55] accept io...127.0.0.1:62815
I0317 07:16:51.260224 59736064 LoginServerThread.cpp:190] bind one connect: 127.0.0.1:62815
I0317 07:16:51.290385 59736064 ServerMgr.cpp:54] bind one proxy server, ip:127.0.0.1:62815
W0317 07:16:58.290385 195454400 NetModule.cpp:723] ready reconnect server, server id: 0
I0317 07:16:58.290516 195454400 NetConnector.cpp:216] connect to: 0.0.0.0:5001 success! 
I0317 07:54:07.782457 195454400 NetServer.cpp:88] delete io...127.0.0.1:62815
W0317 07:54:07.782842 59736064 ServerMgr.cpp:88] remove one proxy server, id: 30
W0317 07:54:07.789182 59736064 LoginServerThread.cpp:180] center server is disconnect, after 10s will be reconnect!
I0317 07:54:11.275993 195454400 NetServer.cpp:55] accept io...127.0.0.1:62857
I0317 07:54:11.277225 59736064 LoginServerThread.cpp:190] bind one connect: 127.0.0.1:62857
I0317 07:54:11.298779 59736064 ServerMgr.cpp:54] bind one proxy server, ip:127.0.0.1:62857
W0317 07:54:18.311218 195454400 NetModule.cpp:723] ready reconnect server, server id: 0
I0317 07:54:18.311451 195454400 NetConnector.cpp:216] connect to: 0.0.0.0:5001 success! 
I0317 08:32:20.798511 195454400 NetServer.cpp:88] delete io...127.0.0.1:62857
W0317 08:32:20.799158 59736064 ServerMgr.cpp:88] remove one proxy server, id: 30
W0317 08:32:20.804167 59736064 LoginServerThread.cpp:180] center server is disconnect, after 10s will be reconnect!
I0317 08:32:24.287681 195454400 NetServer.cpp:55] accept io...127.0.0.1:62889
I0317 08:32:24.289425 59736064 LoginServerThread.cpp:190] bind one connect: 127.0.0.1:62889
I0317 08:32:24.297552 59736064 ServerMgr.cpp:54] bind one proxy server, ip:127.0.0.1:62889
W0317 08:32:31.342288 195454400 NetModule.cpp:723] ready reconnect server, server id: 0
I0317 08:32:31.342483 195454400 NetConnector.cpp:216] connect to: 0.0.0.0:5001 success! 
I0317 09:16:39.810374 195454400 NetServer.cpp:88] delete io...127.0.0.1:62889
W0317 09:16:39.810729 59736064 ServerMgr.cpp:88] remove one proxy server, id: 30
W0317 09:16:39.818939 59736064 LoginServerThread.cpp:180] center server is disconnect, after 10s will be reconnect!
I0317 09:16:43.307076 195454400 NetServer.cpp:55] accept io...127.0.0.1:62927
I0317 09:16:43.309806 59736064 LoginServerThread.cpp:190] bind one connect: 127.0.0.1:62927
I0317 09:16:43.321672 59736064 ServerMgr.cpp:54] bind one proxy server, ip:127.0.0.1:62927
W0317 09:16:49.838721 195454400 NetModule.cpp:723] ready reconnect server, server id: 0
I0317 09:16:49.838943 195454400 NetConnector.cpp:216] connect to: 0.0.0.0:5001 success! 
I0317 09:51:42.828927 195454400 NetServer.cpp:88] delete io...127.0.0.1:62927
W0317 09:51:42.829586 59736064 ServerMgr.cpp:88] remove one proxy server, id: 30
W0317 09:51:42.829967 59736064 LoginServerThread.cpp:180] center server is disconnect, after 10s will be reconnect!
I0317 09:51:46.329928 195454400 NetServer.cpp:55] accept io...127.0.0.1:62961
I0317 09:51:46.331796 59736064 LoginServerThread.cpp:190] bind one connect: 127.0.0.1:62961
I0317 09:51:46.355176 59736064 ServerMgr.cpp:54] bind one proxy server, ip:127.0.0.1:62961
W0317 09:51:53.350317 195454400 NetModule.cpp:723] ready reconnect server, server id: 0
I0317 09:51:53.350534 195454400 NetConnector.cpp:216] connect to: 0.0.0.0:5001 success! 
I0317 11:29:17.871826 195454400 NetServer.cpp:88] delete io...127.0.0.1:62961
W0317 11:29:17.873698 59736064 ServerMgr.cpp:88] remove one proxy server, id: 30
W0317 11:29:17.889153 59736064 LoginServerThread.cpp:180] center server is disconnect, after 10s will be reconnect!
I0317 11:29:21.375629 195454400 NetServer.cpp:55] accept io...127.0.0.1:63063
I0317 11:29:21.377153 59736064 LoginServerThread.cpp:190] bind one connect: 127.0.0.1:63063
I0317 11:29:21.403059 59736064 ServerMgr.cpp:54] bind one proxy server, ip:127.0.0.1:63063
W0317 11:29:28.388312 195454400 NetModule.cpp:723] ready reconnect server, server id: 0
I0317 11:29:28.389282 195454400 NetConnector.cpp:216] connect to: 0.0.0.0:5001 success! 
I0317 12:07:11.925165 195454400 NetServer.cpp:88] delete io...127.0.0.1:63063
W0317 12:07:11.927767 59736064 ServerMgr.cpp:88] remove one proxy server, id: 30
W0317 12:07:11.931409 59736064 LoginServerThread.cpp:180] center server is disconnect, after 10s will be reconnect!
I0317 12:07:15.413898 195454400 NetServer.cpp:55] accept io...127.0.0.1:63104
I0317 12:07:15.415024 59736064 LoginServerThread.cpp:190] bind one connect: 127.0.0.1:63104
I0317 12:07:15.439882 59736064 ServerMgr.cpp:54] bind one proxy server, ip:127.0.0.1:63104
W0317 12:07:22.452746 195454400 NetModule.cpp:723] ready reconnect server, server id: 0
I0317 12:07:22.452914 195454400 NetConnector.cpp:216] connect to: 0.0.0.0:5001 success! 
I0317 12:43:26.956025 195454400 NetServer.cpp:88] delete io...127.0.0.1:63104
W0317 12:43:26.957499 59736064 ServerMgr.cpp:88] remove one proxy server, id: 30
W0317 12:43:26.964799 59736064 LoginServerThread.cpp:180] center server is disconnect, after 10s will be reconnect!
I0317 12:43:30.444878 195454400 NetServer.cpp:55] accept io...127.0.0.1:63144
I0317 12:43:30.445144 59736064 LoginServerThread.cpp:190] bind one connect: 127.0.0.1:63144
I0317 12:43:30.465134 59736064 ServerMgr.cpp:54] bind one proxy server, ip:127.0.0.1:63144
W0317 12:43:37.473350 195454400 NetModule.cpp:723] ready reconnect server, server id: 0
I0317 12:43:37.473501 195454400 NetConnector.cpp:216] connect to: 127.0.0.1:5001 success! 
I0317 13:27:38.967860 195454400 NetServer.cpp:88] delete io...127.0.0.1:63144
W0317 13:27:38.968636 59736064 ServerMgr.cpp:88] remove one proxy server, id: 30
W0317 13:27:38.979920 59736064 LoginServerThread.cpp:180] center server is disconnect, after 10s will be reconnect!
I0317 13:27:42.460494 195454400 NetServer.cpp:55] accept io...127.0.0.1:63178
I0317 13:27:42.461042 59736064 LoginServerThread.cpp:190] bind one connect: 127.0.0.1:63178
I0317 13:27:42.478710 59736064 ServerMgr.cpp:54] bind one proxy server, ip:127.0.0.1:63178
W0317 13:27:49.499351 195454400 NetModule.cpp:723] ready reconnect server, server id: 0
I0317 13:27:49.499492 195454400 NetConnector.cpp:216] connect to: 127.0.0.1:5001 success! 
I0317 14:02:55.988230 195454400 NetServer.cpp:88] delete io...127.0.0.1:63178
W0317 14:02:55.990423 59736064 ServerMgr.cpp:88] remove one proxy server, id: 30
W0317 14:02:55.990495 59736064 LoginServerThread.cpp:180] center server is disconnect, after 10s will be reconnect!
I0317 14:02:59.493588 195454400 NetServer.cpp:55] accept io...127.0.0.1:63215
I0317 14:02:59.495769 59736064 LoginServerThread.cpp:190] bind one connect: 127.0.0.1:63215
I0317 14:02:59.516645 59736064 ServerMgr.cpp:54] bind one proxy server, ip:127.0.0.1:63215
W0317 14:03:06.513805 195454400 NetModule.cpp:723] ready reconnect server, server id: 0
I0317 14:03:06.514761 195454400 NetConnector.cpp:216] connect to: 0.0.0.0:5001 success! 
I0317 14:39:03.002133 195454400 NetServer.cpp:88] delete io...127.0.0.1:63215
W0317 14:39:03.013872 59736064 ServerMgr.cpp:88] remove one proxy server, id: 30
W0317 14:39:03.016333 59736064 LoginServerThread.cpp:180] center server is disconnect, after 10s will be reconnect!
I0317 14:39:06.522210 195454400 NetServer.cpp:55] accept io...127.0.0.1:63257
I0317 14:39:06.524420 59736064 LoginServerThread.cpp:190] bind one connect: 127.0.0.1:63257
I0317 14:39:06.554119 59736064 ServerMgr.cpp:54] bind one proxy server, ip:127.0.0.1:63257
W0317 14:39:13.514097 195454400 NetModule.cpp:723] ready reconnect server, server id: 0
I0317 14:39:13.514257 195454400 NetConnector.cpp:216] connect to: 0.0.0.0:5001 success! 
I0317 15:20:19.016690 195454400 NetServer.cpp:88] delete io...127.0.0.1:63257
W0317 15:20:19.030529 59736064 ServerMgr.cpp:88] remove one proxy server, id: 30
W0317 15:20:19.030933 59736064 LoginServerThread.cpp:180] center server is disconnect, after 10s will be reconnect!
I0317 15:20:22.506436 195454400 NetServer.cpp:55] accept io...127.0.0.1:63290
I0317 15:20:22.508111 59736064 LoginServerThread.cpp:190] bind one connect: 127.0.0.1:63290
I0317 15:20:22.513204 59736064 ServerMgr.cpp:54] bind one proxy server, ip:127.0.0.1:63290
W0317 15:20:29.547828 195454400 NetModule.cpp:723] ready reconnect server, server id: 0
I0317 15:20:29.548413 195454400 NetConnector.cpp:216] connect to: 0.0.0.0:5001 success! 
I0317 16:04:54.034970 195454400 NetServer.cpp:88] delete io...127.0.0.1:63290
W0317 16:04:54.036415 59736064 ServerMgr.cpp:88] remove one proxy server, id: 30
W0317 16:04:54.041834 59736064 LoginServerThread.cpp:180] center server is disconnect, after 10s will be reconnect!
I0317 16:04:57.535642 195454400 NetServer.cpp:55] accept io...127.0.0.1:63326
I0317 16:04:57.536981 59736064 LoginServerThread.cpp:190] bind one connect: 127.0.0.1:63326
I0317 16:04:57.561636 59736064 ServerMgr.cpp:54] bind one proxy server, ip:127.0.0.1:63326
W0317 16:05:04.559954 195454400 NetModule.cpp:723] ready reconnect server, server id: 0
I0317 16:05:04.560564 195454400 NetConnector.cpp:216] connect to: 0.0.0.0:5001 success! 
I0317 16:46:29.056097 195454400 NetServer.cpp:88] delete io...127.0.0.1:63326
W0317 16:46:29.056706 59736064 ServerMgr.cpp:88] remove one proxy server, id: 30
W0317 16:46:29.062433 59736064 LoginServerThread.cpp:180] center server is disconnect, after 10s will be reconnect!
I0317 16:46:32.549860 195454400 NetServer.cpp:55] accept io...127.0.0.1:63376
I0317 16:46:32.549960 59736064 LoginServerThread.cpp:190] bind one connect: 127.0.0.1:63376
I0317 16:46:32.570667 59736064 ServerMgr.cpp:54] bind one proxy server, ip:127.0.0.1:63376
W0317 16:46:39.588097 195454400 NetModule.cpp:723] ready reconnect server, server id: 0
I0317 16:46:39.588265 195454400 NetConnector.cpp:216] connect to: 0.0.0.0:5001 success! 
I0317 17:22:50.077085 195454400 NetServer.cpp:88] delete io...127.0.0.1:63376
W0317 17:22:50.078220 59736064 ServerMgr.cpp:88] remove one proxy server, id: 30
W0317 17:22:50.091364 59736064 LoginServerThread.cpp:180] center server is disconnect, after 10s will be reconnect!
I0317 17:22:53.576963 195454400 NetServer.cpp:55] accept io...127.0.0.1:63413
I0317 17:22:53.578507 59736064 LoginServerThread.cpp:190] bind one connect: 127.0.0.1:63413
I0317 17:22:53.602778 59736064 ServerMgr.cpp:54] bind one proxy server, ip:127.0.0.1:63413
W0317 17:23:00.605624 195454400 NetModule.cpp:723] ready reconnect server, server id: 0
I0317 17:23:00.606603 195454400 NetConnector.cpp:216] connect to: 0.0.0.0:5001 success! 
I0317 18:05:32.094357 195454400 NetServer.cpp:88] delete io...127.0.0.1:63413
W0317 18:05:32.100574 59736064 ServerMgr.cpp:88] remove one proxy server, id: 30
W0317 18:05:32.100636 59736064 LoginServerThread.cpp:180] center server is disconnect, after 10s will be reconnect!
I0317 18:05:35.589215 195454400 NetServer.cpp:55] accept io...127.0.0.1:63459
I0317 18:05:35.592142 59736064 LoginServerThread.cpp:190] bind one connect: 127.0.0.1:63459
I0317 18:05:35.607708 59736064 ServerMgr.cpp:54] bind one proxy server, ip:127.0.0.1:63459
W0317 18:05:42.644975 195454400 NetModule.cpp:723] ready reconnect server, server id: 0
I0317 18:05:42.645946 195454400 NetConnector.cpp:216] connect to: 0.0.0.0:5001 success! 
I0317 18:43:53.120649 195454400 NetServer.cpp:88] delete io...127.0.0.1:63459
W0317 18:43:53.121403 59736064 ServerMgr.cpp:88] remove one proxy server, id: 30
W0317 18:43:53.127816 59736064 LoginServerThread.cpp:180] center server is disconnect, after 10s will be reconnect!
I0317 18:43:56.615989 195454400 NetServer.cpp:55] accept io...127.0.0.1:63506
I0317 18:43:56.617682 59736064 LoginServerThread.cpp:190] bind one connect: 127.0.0.1:63506
I0317 18:43:56.623514 59736064 ServerMgr.cpp:54] bind one proxy server, ip:127.0.0.1:63506
W0317 18:44:03.646775 195454400 NetModule.cpp:723] ready reconnect server, server id: 0
I0317 18:44:03.646965 195454400 NetConnector.cpp:216] connect to: 0.0.0.0:5001 success! 
I0317 19:25:31.134529 195454400 NetServer.cpp:88] delete io...127.0.0.1:63506
W0317 19:25:31.141703 59736064 ServerMgr.cpp:88] remove one proxy server, id: 30
W0317 19:25:31.141932 59736064 LoginServerThread.cpp:180] center server is disconnect, after 10s will be reconnect!
I0317 19:25:34.634388 195454400 NetServer.cpp:55] accept io...127.0.0.1:63537
I0317 19:25:34.636854 59736064 LoginServerThread.cpp:190] bind one connect: 127.0.0.1:63537
I0317 19:25:34.651106 59736064 ServerMgr.cpp:54] bind one proxy server, ip:127.0.0.1:63537
W0317 19:25:41.164984 195454400 NetModule.cpp:723] ready reconnect server, server id: 0
I0317 19:25:41.165184 195454400 NetConnector.cpp:216] connect to: 0.0.0.0:5001 success! 
I0317 20:04:00.153446 195454400 NetServer.cpp:88] delete io...127.0.0.1:63537
W0317 20:04:00.155262 59736064 ServerMgr.cpp:88] remove one proxy server, id: 30
W0317 20:04:00.163434 59736064 LoginServerThread.cpp:180] center server is disconnect, after 10s will be reconnect!
I0317 20:04:03.648368 195454400 NetServer.cpp:55] accept io...127.0.0.1:63610
I0317 20:04:03.651038 59736064 LoginServerThread.cpp:190] bind one connect: 127.0.0.1:63610
I0317 20:04:03.674134 59736064 ServerMgr.cpp:54] bind one proxy server, ip:127.0.0.1:63610
W0317 20:04:10.675099 195454400 NetModule.cpp:723] ready reconnect server, server id: 0
I0317 20:04:10.675285 195454400 NetConnector.cpp:216] connect to: 0.0.0.0:5001 success! 
I0317 20:42:24.172489 195454400 NetServer.cpp:88] delete io...127.0.0.1:63610
W0317 20:42:24.175096 59736064 ServerMgr.cpp:88] remove one proxy server, id: 30
W0317 20:42:24.210036 59736064 LoginServerThread.cpp:180] center server is disconnect, after 10s will be reconnect!
I0317 20:42:27.679283 195454400 NetServer.cpp:55] accept io...127.0.0.1:63657
I0317 20:42:27.679426 59736064 LoginServerThread.cpp:190] bind one connect: 127.0.0.1:63657
I0317 20:42:27.707999 59736064 ServerMgr.cpp:54] bind one proxy server, ip:127.0.0.1:63657
W0317 20:42:34.700593 195454400 NetModule.cpp:723] ready reconnect server, server id: 0
I0317 20:42:34.701596 195454400 NetConnector.cpp:216] connect to: 0.0.0.0:5001 success! 
I0317 21:27:00.220291 195454400 NetServer.cpp:88] delete io...127.0.0.1:63657
W0317 21:27:00.223084 59736064 ServerMgr.cpp:88] remove one proxy server, id: 30
W0317 21:27:00.242851 59736064 LoginServerThread.cpp:180] center server is disconnect, after 10s will be reconnect!
I0317 21:27:03.730274 195454400 NetServer.cpp:55] accept io...127.0.0.1:63688
I0317 21:27:03.731947 59736064 LoginServerThread.cpp:190] bind one connect: 127.0.0.1:63688
I0317 21:27:03.742410 59736064 ServerMgr.cpp:54] bind one proxy server, ip:127.0.0.1:63688
W0317 21:27:10.746441 195454400 NetModule.cpp:723] ready reconnect server, server id: 0
I0317 21:27:10.746637 195454400 NetConnector.cpp:216] connect to: 0.0.0.0:5001 success! 
I0317 22:08:20.221299 195454400 NetServer.cpp:88] delete io...127.0.0.1:63688
W0317 22:08:20.221866 59736064 ServerMgr.cpp:88] remove one proxy server, id: 30
W0317 22:08:20.222049 59736064 LoginServerThread.cpp:180] center server is disconnect, after 10s will be reconnect!
I0317 22:08:23.714339 195454400 NetServer.cpp:55] accept io...127.0.0.1:63722
I0317 22:08:23.714859 59736064 LoginServerThread.cpp:190] bind one connect: 127.0.0.1:63722
I0317 22:08:23.744604 59736064 ServerMgr.cpp:54] bind one proxy server, ip:127.0.0.1:63722
W0317 22:08:30.738951 195454400 NetModule.cpp:723] ready reconnect server, server id: 0
I0317 22:08:30.739133 195454400 NetConnector.cpp:216] connect to: 0.0.0.0:5001 success! 
I0317 22:50:19.226960 195454400 NetServer.cpp:88] delete io...127.0.0.1:63722
W0317 22:50:19.229352 59736064 ServerMgr.cpp:88] remove one proxy server, id: 30
W0317 22:50:19.232550 59736064 LoginServerThread.cpp:180] center server is disconnect, after 10s will be reconnect!
I0317 22:50:22.727150 195454400 NetServer.cpp:55] accept io...127.0.0.1:63764
I0317 22:50:22.727612 59736064 LoginServerThread.cpp:190] bind one connect: 127.0.0.1:63764
I0317 22:50:22.756705 59736064 ServerMgr.cpp:54] bind one proxy server, ip:127.0.0.1:63764
W0317 22:50:29.263936 195454400 NetModule.cpp:723] ready reconnect server, server id: 0
I0317 22:50:29.264498 195454400 NetConnector.cpp:216] connect to: 0.0.0.0:5001 success! 
I0317 23:29:22.247516 195454400 NetServer.cpp:88] delete io...127.0.0.1:63764
W0317 23:29:22.248131 59736064 ServerMgr.cpp:88] remove one proxy server, id: 30
W0317 23:29:22.315335 59736064 LoginServerThread.cpp:180] center server is disconnect, after 10s will be reconnect!
I0317 23:29:25.760221 195454400 NetServer.cpp:55] accept io...127.0.0.1:63796
I0317 23:29:25.762382 59736064 LoginServerThread.cpp:190] bind one connect: 127.0.0.1:63796
I0317 23:29:25.767413 59736064 ServerMgr.cpp:54] bind one proxy server, ip:127.0.0.1:63796
W0317 23:29:32.779881 195454400 NetModule.cpp:723] ready reconnect server, server id: 0
I0317 23:29:32.780063 195454400 NetConnector.cpp:216] connect to: 0.0.0.0:5001 success! 
W0318 00:11:00.243291 59736064 LoginServerThread.cpp:539] login server is across day.
I0318 00:11:00.263104 195454400 NetServer.cpp:88] delete io...127.0.0.1:63796
W0318 00:11:00.270262 59736064 LoginServerThread.cpp:562] delete record_register_ip error, errno: 2003, error: Can't connect to MySQL server on '58.82.239.150' (50)
W0318 00:11:00.270326 59736064 ServerMgr.cpp:88] remove one proxy server, id: 30
W0318 00:11:00.270364 59736064 LoginServerThread.cpp:180] center server is disconnect, after 10s will be reconnect!
I0318 00:11:03.756640 195454400 NetServer.cpp:55] accept io...127.0.0.1:63846
I0318 00:11:03.758496 59736064 LoginServerThread.cpp:190] bind one connect: 127.0.0.1:63846
I0318 00:11:03.787772 59736064 ServerMgr.cpp:54] bind one proxy server, ip:127.0.0.1:63846
W0318 00:11:10.788668 195454400 NetModule.cpp:723] ready reconnect server, server id: 0
I0318 00:11:10.788841 195454400 NetConnector.cpp:216] connect to: 0.0.0.0:5001 success! 
I0318 00:52:25.282361 195454400 NetServer.cpp:88] delete io...127.0.0.1:63846
W0318 00:52:25.303320 59736064 ServerMgr.cpp:88] remove one proxy server, id: 30
W0318 00:52:25.305775 59736064 LoginServerThread.cpp:180] center server is disconnect, after 10s will be reconnect!
I0318 00:52:28.778731 195454400 NetServer.cpp:55] accept io...127.0.0.1:63885
I0318 00:52:28.780763 59736064 LoginServerThread.cpp:190] bind one connect: 127.0.0.1:63885
I0318 00:52:28.792651 59736064 ServerMgr.cpp:54] bind one proxy server, ip:127.0.0.1:63885
W0318 00:52:35.814941 195454400 NetModule.cpp:723] ready reconnect server, server id: 0
I0318 00:52:35.815109 195454400 NetConnector.cpp:216] connect to: 0.0.0.0:5001 success! 
I0318 01:29:13.304337 195454400 NetServer.cpp:88] delete io...127.0.0.1:63885
W0318 01:29:13.305299 59736064 ServerMgr.cpp:88] remove one proxy server, id: 30
W0318 01:29:13.310429 59736064 LoginServerThread.cpp:180] center server is disconnect, after 10s will be reconnect!
I0318 01:29:16.795157 195454400 NetServer.cpp:55] accept io...127.0.0.1:63922
I0318 01:29:16.795634 59736064 LoginServerThread.cpp:190] bind one connect: 127.0.0.1:63922
I0318 01:29:16.801399 59736064 ServerMgr.cpp:54] bind one proxy server, ip:127.0.0.1:63922
W0318 01:29:23.820240 195454400 NetModule.cpp:723] ready reconnect server, server id: 0
I0318 01:29:23.820437 195454400 NetConnector.cpp:216] connect to: 0.0.0.0:5001 success! 
I0318 02:13:42.321763 195454400 NetServer.cpp:88] delete io...127.0.0.1:63922
W0318 02:13:42.321805 59736064 ServerMgr.cpp:88] remove one proxy server, id: 30
W0318 02:13:42.328637 59736064 LoginServerThread.cpp:180] center server is disconnect, after 10s will be reconnect!
I0318 02:13:45.814606 195454400 NetServer.cpp:55] accept io...127.0.0.1:63990
I0318 02:13:45.816337 59736064 LoginServerThread.cpp:190] bind one connect: 127.0.0.1:63990
I0318 02:13:45.842993 59736064 ServerMgr.cpp:54] bind one proxy server, ip:127.0.0.1:63990
W0318 02:13:52.864979 195454400 NetModule.cpp:723] ready reconnect server, server id: 0
I0318 02:13:52.865141 195454400 NetConnector.cpp:216] connect to: 0.0.0.0:5001 success! 
I0318 02:51:12.341475 195454400 NetServer.cpp:88] delete io...127.0.0.1:63990
W0318 02:51:12.343513 59736064 ServerMgr.cpp:88] remove one proxy server, id: 30
W0318 02:51:12.348584 59736064 LoginServerThread.cpp:180] center server is disconnect, after 10s will be reconnect!
I0318 02:51:15.847038 195454400 NetServer.cpp:55] accept io...127.0.0.1:64038
I0318 02:51:15.847806 59736064 LoginServerThread.cpp:190] bind one connect: 127.0.0.1:64038
I0318 02:51:15.878906 59736064 ServerMgr.cpp:54] bind one proxy server, ip:127.0.0.1:64038
W0318 02:51:22.849684 195454400 NetModule.cpp:723] ready reconnect server, server id: 0
I0318 02:51:22.849824 195454400 NetConnector.cpp:216] connect to: 0.0.0.0:5001 success! 
I0318 03:27:51.350443 195454400 NetServer.cpp:88] delete io...127.0.0.1:64038
W0318 03:27:51.354887 59736064 ServerMgr.cpp:88] remove one proxy server, id: 30
W0318 03:27:51.355204 59736064 LoginServerThread.cpp:180] center server is disconnect, after 10s will be reconnect!
I0318 03:27:54.846496 195454400 NetServer.cpp:55] accept io...127.0.0.1:64072
I0318 03:27:54.848707 59736064 LoginServerThread.cpp:190] bind one connect: 127.0.0.1:64072
I0318 03:27:54.877416 59736064 ServerMgr.cpp:54] bind one proxy server, ip:127.0.0.1:64072
W0318 03:28:01.870008 195454400 NetModule.cpp:723] ready reconnect server, server id: 0
I0318 03:28:01.870522 195454400 NetConnector.cpp:216] connect to: 0.0.0.0:5001 success! 
I0318 04:08:13.377068 195454400 NetServer.cpp:88] delete io...127.0.0.1:64072
W0318 04:08:13.379596 59736064 ServerMgr.cpp:88] remove one proxy server, id: 30
W0318 04:08:13.380069 59736064 LoginServerThread.cpp:180] center server is disconnect, after 10s will be reconnect!
I0318 04:08:16.873106 195454400 NetServer.cpp:55] accept io...127.0.0.1:64112
I0318 04:08:16.873652 59736064 LoginServerThread.cpp:190] bind one connect: 127.0.0.1:64112
I0318 04:08:16.902071 59736064 ServerMgr.cpp:54] bind one proxy server, ip:127.0.0.1:64112
W0318 04:08:23.898332 195454400 NetModule.cpp:723] ready reconnect server, server id: 0
I0318 04:08:23.898525 195454400 NetConnector.cpp:216] connect to: 0.0.0.0:5001 success! 
I0318 04:51:36.391566 195454400 NetServer.cpp:88] delete io...127.0.0.1:64112
