W0120 00:00:19.868589 80543744 LoginServerThread.cpp:531] login server is across day.
I0120 00:00:19.892041 397874624 NetServer.cpp:88] delete io...127.0.0.1:55151
W0120 00:00:20.499200 80543744 ServerMgr.cpp:88] remove one proxy server, id: 30
W0120 00:00:20.499246 80543744 LoginServerThread.cpp:180] center server is disconnect, after 10s will be reconnect!
I0120 00:00:23.382688 397874624 NetServer.cpp:55] accept io...127.0.0.1:56422
I0120 00:00:23.383994 80543744 LoginServerThread.cpp:190] bind one connect: 127.0.0.1:56422
I0120 00:00:23.399431 80543744 ServerMgr.cpp:54] bind one proxy server, ip:127.0.0.1:56422
W0120 00:00:30.923244 397874624 NetModule.cpp:723] ready reconnect server, server id: 0
I0120 00:00:30.923583 397874624 NetConnector.cpp:216] connect to: 0.0.0.0:5001 success! 
I0120 01:05:23.927006 397874624 NetServer.cpp:88] delete io...127.0.0.1:56422
W0120 01:05:23.935941 80543744 ServerMgr.cpp:88] remove one proxy server, id: 30
W0120 01:05:23.937242 80543744 LoginServerThread.cpp:180] center server is disconnect, after 10s will be reconnect!
I0120 01:05:27.424296 397874624 NetServer.cpp:55] accept io...127.0.0.1:57694
I0120 01:05:27.425213 80543744 LoginServerThread.cpp:190] bind one connect: 127.0.0.1:57694
I0120 01:05:27.433784 80543744 ServerMgr.cpp:54] bind one proxy server, ip:127.0.0.1:57694
W0120 01:05:34.441049 397874624 NetModule.cpp:723] ready reconnect server, server id: 0
I0120 01:05:34.441139 397874624 NetConnector.cpp:216] connect to: 0.0.0.0:5001 success! 
I0120 01:40:26.942656 397874624 NetServer.cpp:88] delete io...127.0.0.1:57694
W0120 01:40:26.942752 80543744 ServerMgr.cpp:88] remove one proxy server, id: 30
W0120 01:40:26.953505 80543744 LoginServerThread.cpp:180] center server is disconnect, after 10s will be reconnect!
I0120 01:40:30.431706 397874624 NetServer.cpp:55] accept io...127.0.0.1:59046
I0120 01:40:30.434216 80543744 LoginServerThread.cpp:190] bind one connect: 127.0.0.1:59046
I0120 01:40:30.457968 80543744 ServerMgr.cpp:54] bind one proxy server, ip:127.0.0.1:59046
W0120 01:40:37.480749 397874624 NetModule.cpp:723] ready reconnect server, server id: 0
I0120 01:40:37.480896 397874624 NetConnector.cpp:216] connect to: 127.0.0.1:5001 success! 
I0120 02:45:29.954043 397874624 NetServer.cpp:88] delete io...127.0.0.1:59046
W0120 02:45:29.954624 80543744 ServerMgr.cpp:88] remove one proxy server, id: 30
W0120 02:45:29.968022 80543744 LoginServerThread.cpp:180] center server is disconnect, after 10s will be reconnect!
I0120 02:45:33.446211 397874624 NetServer.cpp:55] accept io...127.0.0.1:60317
I0120 02:45:33.448855 80543744 LoginServerThread.cpp:190] bind one connect: 127.0.0.1:60317
I0120 02:45:33.464223 80543744 ServerMgr.cpp:54] bind one proxy server, ip:127.0.0.1:60317
W0120 02:45:40.518482 397874624 NetModule.cpp:723] ready reconnect server, server id: 0
I0120 02:45:40.518581 397874624 NetConnector.cpp:216] connect to: 127.0.0.1:5001 success! 
I0120 03:50:32.975517 397874624 NetServer.cpp:88] delete io...127.0.0.1:60317
W0120 03:50:32.976685 80543744 ServerMgr.cpp:88] remove one proxy server, id: 30
W0120 03:50:32.976742 80543744 LoginServerThread.cpp:180] center server is disconnect, after 10s will be reconnect!
I0120 03:50:36.470738 397874624 NetServer.cpp:55] accept io...127.0.0.1:61608
I0120 03:50:36.471424 80543744 LoginServerThread.cpp:190] bind one connect: 127.0.0.1:61608
I0120 03:50:36.484102 80543744 ServerMgr.cpp:54] bind one proxy server, ip:127.0.0.1:61608
W0120 03:50:43.510233 397874624 NetModule.cpp:723] ready reconnect server, server id: 0
I0120 03:50:43.510681 397874624 NetConnector.cpp:216] connect to: 0.0.0.0:5001 success! 
I0120 04:55:37.000761 397874624 NetServer.cpp:88] delete io...127.0.0.1:61608
W0120 04:55:37.000779 80543744 ServerMgr.cpp:88] remove one proxy server, id: 30
W0120 04:55:37.001888 80543744 LoginServerThread.cpp:180] center server is disconnect, after 10s will be reconnect!
I0120 04:55:40.489260 397874624 NetServer.cpp:55] accept io...127.0.0.1:62890
I0120 04:55:40.490677 80543744 LoginServerThread.cpp:190] bind one connect: 127.0.0.1:62890
I0120 04:55:40.506409 80543744 ServerMgr.cpp:54] bind one proxy server, ip:127.0.0.1:62890
W0120 04:55:47.523077 397874624 NetModule.cpp:723] ready reconnect server, server id: 0
I0120 04:55:47.523195 397874624 NetConnector.cpp:216] connect to: 127.0.0.1:5001 success! 
I0120 06:00:40.017627 397874624 NetServer.cpp:88] delete io...127.0.0.1:62890
W0120 06:00:40.018652 80543744 ServerMgr.cpp:88] remove one proxy server, id: 30
W0120 06:00:40.029800 80543744 LoginServerThread.cpp:180] center server is disconnect, after 10s will be reconnect!
I0120 06:00:43.521597 397874624 NetServer.cpp:55] accept io...127.0.0.1:64197
I0120 06:00:43.523214 80543744 LoginServerThread.cpp:190] bind one connect: 127.0.0.1:64197
I0120 06:00:43.545680 80543744 ServerMgr.cpp:54] bind one proxy server, ip:127.0.0.1:64197
W0120 06:00:50.559309 397874624 NetModule.cpp:723] ready reconnect server, server id: 0
I0120 06:00:50.559612 397874624 NetConnector.cpp:216] connect to: 0.0.0.0:5001 success! 
I0120 07:05:43.051561 397874624 NetServer.cpp:88] delete io...127.0.0.1:64197
W0120 07:05:43.053839 80543744 ServerMgr.cpp:88] remove one proxy server, id: 30
W0120 07:05:43.056341 80543744 LoginServerThread.cpp:180] center server is disconnect, after 10s will be reconnect!
I0120 07:05:46.545868 397874624 NetServer.cpp:55] accept io...127.0.0.1:65484
I0120 07:05:46.548640 80543744 LoginServerThread.cpp:190] bind one connect: 127.0.0.1:65484
I0120 07:05:46.578644 80543744 ServerMgr.cpp:54] bind one proxy server, ip:127.0.0.1:65484
W0120 07:05:53.593211 397874624 NetModule.cpp:723] ready reconnect server, server id: 0
I0120 07:05:53.593294 397874624 NetConnector.cpp:216] connect to: 0.0.0.0:5001 success! 
I0120 08:10:46.070760 397874624 NetServer.cpp:88] delete io...127.0.0.1:65484
W0120 08:10:46.072331 80543744 ServerMgr.cpp:88] remove one proxy server, id: 30
W0120 08:10:46.072393 80543744 LoginServerThread.cpp:180] center server is disconnect, after 10s will be reconnect!
I0120 08:10:49.569401 397874624 NetServer.cpp:55] accept io...127.0.0.1:50383
I0120 08:10:49.569571 80543744 LoginServerThread.cpp:190] bind one connect: 127.0.0.1:50383
I0120 08:10:49.573866 80543744 ServerMgr.cpp:54] bind one proxy server, ip:127.0.0.1:50383
W0120 08:10:56.603724 397874624 NetModule.cpp:723] ready reconnect server, server id: 0
I0120 08:10:56.603888 397874624 NetConnector.cpp:216] connect to: 0.0.0.0:5001 success! 
I0120 09:15:49.094877 397874624 NetServer.cpp:88] delete io...127.0.0.1:50383
W0120 09:15:49.096470 80543744 ServerMgr.cpp:88] remove one proxy server, id: 30
W0120 09:15:49.119143 80543744 LoginServerThread.cpp:180] center server is disconnect, after 10s will be reconnect!
I0120 09:15:52.592252 397874624 NetServer.cpp:55] accept io...127.0.0.1:51653
I0120 09:15:52.594425 80543744 LoginServerThread.cpp:190] bind one connect: 127.0.0.1:51653
I0120 09:15:52.621526 80543744 ServerMgr.cpp:54] bind one proxy server, ip:127.0.0.1:51653
W0120 09:15:59.628414 397874624 NetModule.cpp:723] ready reconnect server, server id: 0
I0120 09:15:59.628499 397874624 NetConnector.cpp:216] connect to: 127.0.0.1:5001 success! 
I0120 09:50:52.130611 397874624 NetServer.cpp:88] delete io...127.0.0.1:51653
W0120 09:50:52.132421 80543744 ServerMgr.cpp:88] remove one proxy server, id: 30
W0120 09:50:52.132844 80543744 LoginServerThread.cpp:180] center server is disconnect, after 10s will be reconnect!
I0120 09:50:55.627645 397874624 NetServer.cpp:55] accept io...127.0.0.1:52939
I0120 09:50:55.629328 80543744 LoginServerThread.cpp:190] bind one connect: 127.0.0.1:52939
I0120 09:50:55.659827 80543744 ServerMgr.cpp:54] bind one proxy server, ip:127.0.0.1:52939
W0120 09:51:02.654907 397874624 NetModule.cpp:723] ready reconnect server, server id: 0
I0120 09:51:02.655117 397874624 NetConnector.cpp:216] connect to: 0.0.0.0:5001 success! 
I0120 11:50:53.138556 397874624 NetServer.cpp:88] delete io...127.0.0.1:52939
W0120 11:50:53.140254 80543744 ServerMgr.cpp:88] remove one proxy server, id: 30
W0120 11:50:53.161625 80543744 LoginServerThread.cpp:180] center server is disconnect, after 10s will be reconnect!
I0120 11:50:56.624279 397874624 NetServer.cpp:55] accept io...127.0.0.1:51176
I0120 11:50:56.626076 80543744 LoginServerThread.cpp:190] bind one connect: 127.0.0.1:51176
I0120 11:50:56.636493 80543744 ServerMgr.cpp:54] bind one proxy server, ip:127.0.0.1:51176
W0120 11:51:03.661965 397874624 NetModule.cpp:723] ready reconnect server, server id: 0
I0120 11:51:03.662381 397874624 NetConnector.cpp:216] connect to: 0.0.0.0:5001 success! 
I0120 12:55:57.245218 397874624 NetServer.cpp:88] delete io...127.0.0.1:51176
W0120 12:55:57.247216 80543744 ServerMgr.cpp:88] remove one proxy server, id: 30
W0120 12:55:57.256387 80543744 LoginServerThread.cpp:180] center server is disconnect, after 10s will be reconnect!
I0120 12:56:00.735421 397874624 NetServer.cpp:55] accept io...127.0.0.1:52472
I0120 12:56:00.735460 80543744 LoginServerThread.cpp:190] bind one connect: 127.0.0.1:52472
I0120 12:56:00.757822 80543744 ServerMgr.cpp:54] bind one proxy server, ip:127.0.0.1:52472
W0120 12:56:07.774469 397874624 NetModule.cpp:723] ready reconnect server, server id: 0
I0120 12:56:07.774555 397874624 NetConnector.cpp:216] connect to: 127.0.0.1:5001 success! 
I0120 14:01:01.289239 397874624 NetServer.cpp:88] delete io...127.0.0.1:52472
W0120 14:01:01.289305 80543744 ServerMgr.cpp:88] remove one proxy server, id: 30
W0120 14:01:01.291973 80543744 LoginServerThread.cpp:180] center server is disconnect, after 10s will be reconnect!
I0120 14:01:04.782279 397874624 NetServer.cpp:55] accept io...127.0.0.1:53767
I0120 14:01:04.782281 80543744 LoginServerThread.cpp:190] bind one connect: 127.0.0.1:53767
I0120 14:01:04.796691 80543744 ServerMgr.cpp:54] bind one proxy server, ip:127.0.0.1:53767
W0120 14:01:11.825686 397874624 NetModule.cpp:723] ready reconnect server, server id: 0
I0120 14:01:11.825886 397874624 NetConnector.cpp:216] connect to: 0.0.0.0:5001 success! 
I0120 15:06:05.325160 397874624 NetServer.cpp:88] delete io...127.0.0.1:53767
W0120 15:06:05.327265 80543744 ServerMgr.cpp:88] remove one proxy server, id: 30
W0120 15:06:05.342658 80543744 LoginServerThread.cpp:180] center server is disconnect, after 10s will be reconnect!
I0120 15:06:08.810883 397874624 NetServer.cpp:55] accept io...127.0.0.1:55056
I0120 15:06:08.813535 80543744 LoginServerThread.cpp:190] bind one connect: 127.0.0.1:55056
I0120 15:06:08.835938 80543744 ServerMgr.cpp:54] bind one proxy server, ip:127.0.0.1:55056
W0120 15:06:15.859289 397874624 NetModule.cpp:723] ready reconnect server, server id: 0
I0120 15:06:15.859427 397874624 NetConnector.cpp:216] connect to: 0.0.0.0:5001 success! 
I0120 16:11:09.359957 397874624 NetServer.cpp:88] delete io...127.0.0.1:55056
W0120 16:11:09.373787 80543744 ServerMgr.cpp:88] remove one proxy server, id: 30
W0120 16:11:09.374559 80543744 LoginServerThread.cpp:180] center server is disconnect, after 10s will be reconnect!
I0120 16:11:12.851727 397874624 NetServer.cpp:55] accept io...127.0.0.1:56352
I0120 16:11:12.853583 80543744 LoginServerThread.cpp:190] bind one connect: 127.0.0.1:56352
I0120 16:11:12.874780 80543744 ServerMgr.cpp:54] bind one proxy server, ip:127.0.0.1:56352
W0120 16:11:19.881701 397874624 NetModule.cpp:723] ready reconnect server, server id: 0
I0120 16:11:19.881844 397874624 NetConnector.cpp:216] connect to: 0.0.0.0:5001 success! 
I0120 17:16:13.381677 397874624 NetServer.cpp:88] delete io...127.0.0.1:56352
W0120 17:16:13.382176 80543744 ServerMgr.cpp:88] remove one proxy server, id: 30
W0120 17:16:13.392308 80543744 LoginServerThread.cpp:180] center server is disconnect, after 10s will be reconnect!
I0120 17:16:16.858705 397874624 NetServer.cpp:55] accept io...127.0.0.1:57626
I0120 17:16:16.860929 80543744 LoginServerThread.cpp:190] bind one connect: 127.0.0.1:57626
I0120 17:16:16.885974 80543744 ServerMgr.cpp:54] bind one proxy server, ip:127.0.0.1:57626
W0120 17:16:23.906405 397874624 NetModule.cpp:723] ready reconnect server, server id: 0
I0120 17:16:23.906982 397874624 NetConnector.cpp:216] connect to: 0.0.0.0:5001 success! 
I0120 18:21:17.407410 397874624 NetServer.cpp:88] delete io...127.0.0.1:57626
W0120 18:21:17.409135 80543744 ServerMgr.cpp:88] remove one proxy server, id: 30
W0120 18:21:17.421175 80543744 LoginServerThread.cpp:180] center server is disconnect, after 10s will be reconnect!
I0120 18:21:20.890585 397874624 NetServer.cpp:55] accept io...127.0.0.1:58923
I0120 18:21:20.892331 80543744 LoginServerThread.cpp:190] bind one connect: 127.0.0.1:58923
I0120 18:21:20.919620 80543744 ServerMgr.cpp:54] bind one proxy server, ip:127.0.0.1:58923
W0120 18:21:27.934494 397874624 NetModule.cpp:723] ready reconnect server, server id: 0
I0120 18:21:27.934579 397874624 NetConnector.cpp:216] connect to: 0.0.0.0:5001 success! 
I0120 19:26:21.424121 397874624 NetServer.cpp:88] delete io...127.0.0.1:58923
W0120 19:26:21.432186 80543744 ServerMgr.cpp:88] remove one proxy server, id: 30
W0120 19:26:21.432832 80543744 LoginServerThread.cpp:180] center server is disconnect, after 10s will be reconnect!
I0120 19:26:24.932186 397874624 NetServer.cpp:55] accept io...127.0.0.1:60205
I0120 19:26:24.932404 80543744 LoginServerThread.cpp:190] bind one connect: 127.0.0.1:60205
I0120 19:26:24.957345 80543744 ServerMgr.cpp:54] bind one proxy server, ip:127.0.0.1:60205
W0120 19:26:31.958204 397874624 NetModule.cpp:723] ready reconnect server, server id: 0
I0120 19:26:31.958417 397874624 NetConnector.cpp:216] connect to: 127.0.0.1:5001 success! 
I0120 20:31:25.449458 397874624 NetServer.cpp:88] delete io...127.0.0.1:60205
W0120 20:31:25.451151 80543744 ServerMgr.cpp:88] remove one proxy server, id: 30
W0120 20:31:25.451206 80543744 LoginServerThread.cpp:180] center server is disconnect, after 10s will be reconnect!
I0120 20:31:28.961894 397874624 NetServer.cpp:55] accept io...127.0.0.1:61508
I0120 20:31:28.964371 80543744 LoginServerThread.cpp:190] bind one connect: 127.0.0.1:61508
I0120 20:31:28.989058 80543744 ServerMgr.cpp:54] bind one proxy server, ip:127.0.0.1:61508
W0120 20:31:35.986228 397874624 NetModule.cpp:723] ready reconnect server, server id: 0
I0120 20:31:35.986443 397874624 NetConnector.cpp:216] connect to: 0.0.0.0:5001 success! 
I0120 21:36:29.478929 397874624 NetServer.cpp:88] delete io...127.0.0.1:61508
W0120 21:36:29.480535 80543744 ServerMgr.cpp:88] remove one proxy server, id: 30
W0120 21:36:29.480618 80543744 LoginServerThread.cpp:180] center server is disconnect, after 10s will be reconnect!
I0120 21:36:32.983021 397874624 NetServer.cpp:55] accept io...127.0.0.1:62775
I0120 21:36:32.984927 80543744 LoginServerThread.cpp:190] bind one connect: 127.0.0.1:62775
I0120 21:36:33.013715 80543744 ServerMgr.cpp:54] bind one proxy server, ip:127.0.0.1:62775
W0120 21:36:40.021919 397874624 NetModule.cpp:723] ready reconnect server, server id: 0
I0120 21:36:40.022117 397874624 NetConnector.cpp:216] connect to: 0.0.0.0:5001 success! 
I0120 22:41:33.510188 397874624 NetServer.cpp:88] delete io...127.0.0.1:62775
W0120 22:41:33.511365 80543744 ServerMgr.cpp:88] remove one proxy server, id: 30
W0120 22:41:33.511427 80543744 LoginServerThread.cpp:180] center server is disconnect, after 10s will be reconnect!
I0120 22:41:37.017697 397874624 NetServer.cpp:55] accept io...127.0.0.1:64063
I0120 22:41:37.018324 80543744 LoginServerThread.cpp:190] bind one connect: 127.0.0.1:64063
I0120 22:41:37.023108 80543744 ServerMgr.cpp:54] bind one proxy server, ip:127.0.0.1:64063
W0120 22:41:43.543797 397874624 NetModule.cpp:723] ready reconnect server, server id: 0
I0120 22:41:43.544008 397874624 NetConnector.cpp:216] connect to: 0.0.0.0:5001 success! 
I0120 23:46:37.532620 397874624 NetServer.cpp:88] delete io...127.0.0.1:64063
W0120 23:46:37.532939 80543744 ServerMgr.cpp:88] remove one proxy server, id: 30
W0120 23:46:37.552651 80543744 LoginServerThread.cpp:180] center server is disconnect, after 10s will be reconnect!
I0120 23:46:41.040642 397874624 NetServer.cpp:55] accept io...127.0.0.1:65357
I0120 23:46:41.042414 80543744 LoginServerThread.cpp:190] bind one connect: 127.0.0.1:65357
I0120 23:46:41.052821 80543744 ServerMgr.cpp:54] bind one proxy server, ip:127.0.0.1:65357
W0120 23:46:48.065510 397874624 NetModule.cpp:723] ready reconnect server, server id: 0
I0120 23:46:48.065611 397874624 NetConnector.cpp:216] connect to: 0.0.0.0:5001 success! 
W0121 00:51:41.541208 80543744 LoginServerThread.cpp:531] login server is across day.
I0121 00:51:41.559401 397874624 NetServer.cpp:88] delete io...127.0.0.1:65357
W0121 00:51:42.153455 80543744 ServerMgr.cpp:88] remove one proxy server, id: 30
W0121 00:51:42.153507 80543744 LoginServerThread.cpp:180] center server is disconnect, after 10s will be reconnect!
I0121 00:51:45.068084 397874624 NetServer.cpp:55] accept io...127.0.0.1:50253
I0121 00:51:45.071058 80543744 LoginServerThread.cpp:190] bind one connect: 127.0.0.1:50253
I0121 00:51:45.078848 80543744 ServerMgr.cpp:54] bind one proxy server, ip:127.0.0.1:50253
W0121 00:51:52.595597 397874624 NetModule.cpp:723] ready reconnect server, server id: 0
I0121 00:51:52.596491 397874624 NetConnector.cpp:216] connect to: 0.0.0.0:5001 success! 
I0121 01:56:45.590325 397874624 NetServer.cpp:88] delete io...127.0.0.1:50253
W0121 01:56:45.591454 80543744 ServerMgr.cpp:88] remove one proxy server, id: 30
W0121 01:56:45.602671 80543744 LoginServerThread.cpp:180] center server is disconnect, after 10s will be reconnect!
I0121 01:56:49.075788 397874624 NetServer.cpp:55] accept io...127.0.0.1:51528
I0121 01:56:49.077478 80543744 LoginServerThread.cpp:190] bind one connect: 127.0.0.1:51528
I0121 01:56:49.083621 80543744 ServerMgr.cpp:54] bind one proxy server, ip:127.0.0.1:51528
W0121 01:56:56.100705 397874624 NetModule.cpp:723] ready reconnect server, server id: 0
I0121 01:56:56.100793 397874624 NetConnector.cpp:216] connect to: 0.0.0.0:5001 success! 
I0121 03:01:49.623553 397874624 NetServer.cpp:88] delete io...127.0.0.1:51528
W0121 03:01:49.625540 80543744 ServerMgr.cpp:88] remove one proxy server, id: 30
W0121 03:01:49.625926 80543744 LoginServerThread.cpp:180] center server is disconnect, after 10s will be reconnect!
I0121 03:01:53.116125 397874624 NetServer.cpp:55] accept io...127.0.0.1:52821
I0121 03:01:53.116212 80543744 LoginServerThread.cpp:190] bind one connect: 127.0.0.1:52821
I0121 03:01:53.120291 80543744 ServerMgr.cpp:54] bind one proxy server, ip:127.0.0.1:52821
W0121 03:02:00.151621 397874624 NetModule.cpp:723] ready reconnect server, server id: 0
I0121 03:02:00.151713 397874624 NetConnector.cpp:216] connect to: 0.0.0.0:5001 success! 
I0121 04:06:53.644634 397874624 NetServer.cpp:88] delete io...127.0.0.1:52821
W0121 04:06:53.646667 80543744 ServerMgr.cpp:88] remove one proxy server, id: 30
W0121 04:06:53.646735 80543744 LoginServerThread.cpp:180] center server is disconnect, after 10s will be reconnect!
I0121 04:06:57.134349 397874624 NetServer.cpp:55] accept io...127.0.0.1:54115
I0121 04:06:57.136374 80543744 LoginServerThread.cpp:190] bind one connect: 127.0.0.1:54115
I0121 04:06:57.157708 80543744 ServerMgr.cpp:54] bind one proxy server, ip:127.0.0.1:54115
W0121 04:07:03.698266 397874624 NetModule.cpp:723] ready reconnect server, server id: 0
I0121 04:07:03.698444 397874624 NetConnector.cpp:216] connect to: 0.0.0.0:5001 success! 
I0121 05:11:57.667776 397874624 NetServer.cpp:88] delete io...127.0.0.1:54115
W0121 05:11:57.668819 80543744 ServerMgr.cpp:88] remove one proxy server, id: 30
W0121 05:11:57.678617 80543744 LoginServerThread.cpp:180] center server is disconnect, after 10s will be reconnect!
I0121 05:12:01.158221 397874624 NetServer.cpp:55] accept io...127.0.0.1:55414
I0121 05:12:01.159096 80543744 LoginServerThread.cpp:190] bind one connect: 127.0.0.1:55414
I0121 05:12:01.188385 80543744 ServerMgr.cpp:54] bind one proxy server, ip:127.0.0.1:55414
W0121 05:12:08.200389 397874624 NetModule.cpp:723] ready reconnect server, server id: 0
I0121 05:12:08.200624 397874624 NetConnector.cpp:216] connect to: 0.0.0.0:5001 success! 
I0121 06:17:01.704548 397874624 NetServer.cpp:88] delete io...127.0.0.1:55414
W0121 06:17:01.706534 80543744 ServerMgr.cpp:88] remove one proxy server, id: 30
W0121 06:17:01.716367 80543744 LoginServerThread.cpp:180] center server is disconnect, after 10s will be reconnect!
I0121 06:17:05.186885 397874624 NetServer.cpp:55] accept io...127.0.0.1:56680
I0121 06:17:05.187731 80543744 LoginServerThread.cpp:190] bind one connect: 127.0.0.1:56680
I0121 06:17:05.207237 80543744 ServerMgr.cpp:54] bind one proxy server, ip:127.0.0.1:56680
W0121 06:17:12.223587 397874624 NetModule.cpp:723] ready reconnect server, server id: 0
I0121 06:17:12.223876 397874624 NetConnector.cpp:216] connect to: 0.0.0.0:5001 success! 
I0121 07:22:05.725242 397874624 NetServer.cpp:88] delete io...127.0.0.1:56680
W0121 07:22:05.725836 80543744 ServerMgr.cpp:88] remove one proxy server, id: 30
W0121 07:22:05.745158 80543744 LoginServerThread.cpp:180] center server is disconnect, after 10s will be reconnect!
I0121 07:22:09.216809 397874624 NetServer.cpp:55] accept io...127.0.0.1:57975
I0121 07:22:09.216925 80543744 LoginServerThread.cpp:190] bind one connect: 127.0.0.1:57975
I0121 07:22:09.225500 80543744 ServerMgr.cpp:54] bind one proxy server, ip:127.0.0.1:57975
W0121 07:22:16.248275 397874624 NetModule.cpp:723] ready reconnect server, server id: 0
I0121 07:22:16.248577 397874624 NetConnector.cpp:216] connect to: 0.0.0.0:5001 success! 
I0121 08:27:09.749439 397874624 NetServer.cpp:88] delete io...127.0.0.1:57975
W0121 08:27:09.751516 80543744 ServerMgr.cpp:88] remove one proxy server, id: 30
W0121 08:27:09.768541 80543744 LoginServerThread.cpp:180] center server is disconnect, after 10s will be reconnect!
I0121 08:27:13.241950 397874624 NetServer.cpp:55] accept io...127.0.0.1:59267
I0121 08:27:13.243971 80543744 LoginServerThread.cpp:190] bind one connect: 127.0.0.1:59267
I0121 08:27:13.253114 80543744 ServerMgr.cpp:54] bind one proxy server, ip:127.0.0.1:59267
W0121 08:27:20.273270 397874624 NetModule.cpp:723] ready reconnect server, server id: 0
I0121 08:27:20.273460 397874624 NetConnector.cpp:216] connect to: 0.0.0.0:5001 success! 
I0121 09:32:12.774248 397874624 NetServer.cpp:88] delete io...127.0.0.1:59267
W0121 09:32:12.776044 80543744 ServerMgr.cpp:88] remove one proxy server, id: 30
W0121 09:32:12.776096 80543744 LoginServerThread.cpp:180] center server is disconnect, after 10s will be reconnect!
I0121 09:32:16.274390 397874624 NetServer.cpp:55] accept io...127.0.0.1:60543
I0121 09:32:16.275763 80543744 LoginServerThread.cpp:190] bind one connect: 127.0.0.1:60543
I0121 09:32:16.299481 80543744 ServerMgr.cpp:54] bind one proxy server, ip:127.0.0.1:60543
W0121 09:32:22.826097 397874624 NetModule.cpp:723] ready reconnect server, server id: 0
I0121 09:32:22.826319 397874624 NetConnector.cpp:216] connect to: 0.0.0.0:5001 success! 
I0121 09:54:49.407724 397874624 NetServer.cpp:88] delete io...127.0.0.1:60543
W0121 09:54:49.409659 80543744 ServerMgr.cpp:88] remove one proxy server, id: 30
W0121 09:54:49.416076 80543744 LoginServerThread.cpp:180] center server is disconnect, after 10s will be reconnect!
I0121 09:54:52.900566 397874624 NetServer.cpp:55] accept io...127.0.0.1:61859
I0121 09:54:52.905899 80543744 LoginServerThread.cpp:190] bind one connect: 127.0.0.1:61859
I0121 09:54:52.921108 80543744 ServerMgr.cpp:54] bind one proxy server, ip:127.0.0.1:61859
W0121 09:54:59.921416 397874624 NetModule.cpp:723] ready reconnect server, server id: 0
I0121 09:54:59.922811 397874624 NetConnector.cpp:216] connect to: 127.0.0.1:5001 success! 
I0121 23:31:34.106349 397874624 NetServer.cpp:88] delete io...127.0.0.1:61859
W0121 23:31:34.107566 80543744 ServerMgr.cpp:88] remove one proxy server, id: 30
W0121 23:31:34.112437 80543744 LoginServerThread.cpp:180] center server is disconnect, after 10s will be reconnect!
I0121 23:31:37.509264 397874624 NetServer.cpp:55] accept io...127.0.0.1:58783
I0121 23:31:37.511075 80543744 LoginServerThread.cpp:190] bind one connect: 127.0.0.1:58783
I0121 23:31:37.535084 80543744 ServerMgr.cpp:54] bind one proxy server, ip:127.0.0.1:58783
W0121 23:31:44.544648 397874624 NetModule.cpp:723] ready reconnect server, server id: 0
I0121 23:31:44.545240 397874624 NetConnector.cpp:216] connect to: 127.0.0.1:5001 success! 
W0122 01:32:06.861713 80543744 LoginServerThread.cpp:531] login server is across day.
I0122 01:32:06.880069 397874624 NetServer.cpp:88] delete io...127.0.0.1:58783
W0122 01:32:07.446707 80543744 ServerMgr.cpp:88] remove one proxy server, id: 30
W0122 01:32:07.446758 80543744 LoginServerThread.cpp:180] center server is disconnect, after 10s will be reconnect!
I0122 01:32:10.376030 397874624 NetServer.cpp:55] accept io...127.0.0.1:58931
I0122 01:32:10.378448 80543744 LoginServerThread.cpp:190] bind one connect: 127.0.0.1:58931
I0122 01:32:10.402590 80543744 ServerMgr.cpp:54] bind one proxy server, ip:127.0.0.1:58931
W0122 01:32:17.890998 397874624 NetModule.cpp:723] ready reconnect server, server id: 0
I0122 01:32:17.891620 397874624 NetConnector.cpp:216] connect to: 127.0.0.1:5001 success! 
I0122 03:32:26.893645 397874624 NetServer.cpp:88] delete io...127.0.0.1:58931
W0122 03:32:26.899127 80543744 ServerMgr.cpp:88] remove one proxy server, id: 30
W0122 03:32:26.899286 80543744 LoginServerThread.cpp:180] center server is disconnect, after 10s will be reconnect!
I0122 03:32:30.385835 397874624 NetServer.cpp:55] accept io...127.0.0.1:59018
I0122 03:32:30.387984 80543744 LoginServerThread.cpp:190] bind one connect: 127.0.0.1:59018
I0122 03:32:30.401541 80543744 ServerMgr.cpp:54] bind one proxy server, ip:127.0.0.1:59018
W0122 03:32:36.909669 397874624 NetModule.cpp:723] ready reconnect server, server id: 0
I0122 03:32:36.909934 397874624 NetConnector.cpp:216] connect to: 0.0.0.0:5001 success! 
I0122 05:32:40.911463 397874624 NetServer.cpp:88] delete io...127.0.0.1:59018
W0122 05:32:40.914319 80543744 ServerMgr.cpp:88] remove one proxy server, id: 30
W0122 05:32:40.925089 80543744 LoginServerThread.cpp:180] center server is disconnect, after 10s will be reconnect!
I0122 05:32:44.400597 397874624 NetServer.cpp:55] accept io...127.0.0.1:59083
I0122 05:32:44.401434 80543744 LoginServerThread.cpp:190] bind one connect: 127.0.0.1:59083
I0122 05:32:44.425751 80543744 ServerMgr.cpp:54] bind one proxy server, ip:127.0.0.1:59083
W0122 05:32:51.430647 397874624 NetModule.cpp:723] ready reconnect server, server id: 0
I0122 05:32:51.431377 397874624 NetConnector.cpp:216] connect to: 0.0.0.0:5001 success! 
I0122 07:32:54.950809 397874624 NetServer.cpp:88] delete io...127.0.0.1:59083
W0122 07:32:54.952920 80543744 ServerMgr.cpp:88] remove one proxy server, id: 30
W0122 07:32:54.956969 80543744 LoginServerThread.cpp:180] center server is disconnect, after 10s will be reconnect!
I0122 07:32:58.437816 397874624 NetServer.cpp:55] accept io...127.0.0.1:59152
I0122 07:32:58.439759 80543744 LoginServerThread.cpp:190] bind one connect: 127.0.0.1:59152
I0122 07:32:58.447901 80543744 ServerMgr.cpp:54] bind one proxy server, ip:127.0.0.1:59152
W0122 07:33:05.464947 397874624 NetModule.cpp:723] ready reconnect server, server id: 0
I0122 07:33:05.465214 397874624 NetConnector.cpp:216] connect to: 127.0.0.1:5001 success! 
I0122 09:32:30.987511 397874624 NetServer.cpp:88] delete io...127.0.0.1:59152
W0122 09:32:30.996374 80543744 ServerMgr.cpp:88] remove one proxy server, id: 30
W0122 09:32:30.996938 80543744 LoginServerThread.cpp:180] center server is disconnect, after 10s will be reconnect!
I0122 09:32:34.489747 397874624 NetServer.cpp:55] accept io...127.0.0.1:59215
I0122 09:32:34.491451 80543744 LoginServerThread.cpp:190] bind one connect: 127.0.0.1:59215
I0122 09:32:34.504869 80543744 ServerMgr.cpp:54] bind one proxy server, ip:127.0.0.1:59215
W0122 09:32:41.501098 397874624 NetModule.cpp:723] ready reconnect server, server id: 0
I0122 09:32:41.501441 397874624 NetConnector.cpp:216] connect to: 0.0.0.0:5001 success! 
I0122 09:48:44.947304 397874624 NetServer.cpp:88] delete io...127.0.0.1:59215
W0122 09:48:44.948431 80543744 ServerMgr.cpp:88] remove one proxy server, id: 30
W0122 09:48:44.948523 80543744 LoginServerThread.cpp:180] center server is disconnect, after 10s will be reconnect!
I0122 09:48:48.479075 397874624 NetServer.cpp:55] accept io...127.0.0.1:59369
I0122 09:48:48.479099 80543744 LoginServerThread.cpp:190] bind one connect: 127.0.0.1:59369
I0122 09:48:48.484786 80543744 ServerMgr.cpp:54] bind one proxy server, ip:127.0.0.1:59369
W0122 09:48:55.464210 397874624 NetModule.cpp:723] ready reconnect server, server id: 0
I0122 09:48:55.466465 397874624 NetConnector.cpp:216] connect to: 127.0.0.1:5001 success! 
I0122 23:34:46.336297 397874624 NetServer.cpp:88] delete io...127.0.0.1:59369
W0122 23:34:46.337013 80543744 ServerMgr.cpp:88] remove one proxy server, id: 30
W0122 23:34:46.368208 80543744 LoginServerThread.cpp:180] center server is disconnect, after 10s will be reconnect!
I0122 23:34:49.724635 397874624 NetServer.cpp:55] accept io...127.0.0.1:62431
I0122 23:34:49.724778 80543744 LoginServerThread.cpp:190] bind one connect: 127.0.0.1:62431
I0122 23:34:49.739694 80543744 ServerMgr.cpp:54] bind one proxy server, ip:127.0.0.1:62431
W0122 23:34:56.825043 397874624 NetModule.cpp:723] ready reconnect server, server id: 0
I0122 23:34:56.826318 397874624 NetConnector.cpp:216] connect to: 127.0.0.1:5001 success! 
W0123 01:35:02.087337 80543744 LoginServerThread.cpp:531] login server is across day.
I0123 01:35:02.103705 397874624 NetServer.cpp:88] delete io...127.0.0.1:62431
W0123 01:35:02.672730 80543744 ServerMgr.cpp:88] remove one proxy server, id: 30
W0123 01:35:02.672802 80543744 LoginServerThread.cpp:180] center server is disconnect, after 10s will be reconnect!
I0123 01:35:05.604463 397874624 NetServer.cpp:55] accept io...127.0.0.1:62505
I0123 01:35:05.606320 80543744 LoginServerThread.cpp:190] bind one connect: 127.0.0.1:62505
I0123 01:35:05.620298 80543744 ServerMgr.cpp:54] bind one proxy server, ip:127.0.0.1:62505
W0123 01:35:13.145198 397874624 NetModule.cpp:723] ready reconnect server, server id: 0
I0123 01:35:13.145917 397874624 NetConnector.cpp:216] connect to: 0.0.0.0:5001 success! 
W0123 03:35:18.117060 80543744 ServerMgr.cpp:88] remove one proxy server, id: 30
I0123 03:35:18.124927 397874624 NetServer.cpp:88] delete io...127.0.0.1:62505
W0123 03:35:18.174574 80543744 LoginServerThread.cpp:180] center server is disconnect, after 10s will be reconnect!
I0123 03:35:21.602190 397874624 NetServer.cpp:55] accept io...127.0.0.1:62570
I0123 03:35:21.603232 80543744 LoginServerThread.cpp:190] bind one connect: 127.0.0.1:62570
I0123 03:35:21.630973 80543744 ServerMgr.cpp:54] bind one proxy server, ip:127.0.0.1:62570
W0123 03:35:28.639256 397874624 NetModule.cpp:723] ready reconnect server, server id: 0
I0123 03:35:28.639578 397874624 NetConnector.cpp:216] connect to: 0.0.0.0:5001 success! 
W0123 05:35:34.138429 80543744 ServerMgr.cpp:88] remove one proxy server, id: 30
I0123 05:35:34.151010 397874624 NetServer.cpp:88] delete io...127.0.0.1:62570
W0123 05:35:34.152058 80543744 LoginServerThread.cpp:180] center server is disconnect, after 10s will be reconnect!
I0123 05:35:37.631068 397874624 NetServer.cpp:55] accept io...127.0.0.1:62644
I0123 05:35:37.631860 80543744 LoginServerThread.cpp:190] bind one connect: 127.0.0.1:62644
I0123 05:35:37.658236 80543744 ServerMgr.cpp:54] bind one proxy server, ip:127.0.0.1:62644
W0123 05:35:44.667920 397874624 NetModule.cpp:723] ready reconnect server, server id: 0
I0123 05:35:44.668234 397874624 NetConnector.cpp:216] connect to: 0.0.0.0:5001 success! 
I0123 07:35:50.158769 397874624 NetServer.cpp:88] delete io...127.0.0.1:62644
W0123 07:35:50.160542 80543744 ServerMgr.cpp:88] remove one proxy server, id: 30
W0123 07:35:50.160675 80543744 LoginServerThread.cpp:180] center server is disconnect, after 10s will be reconnect!
I0123 07:35:53.648433 397874624 NetServer.cpp:55] accept io...127.0.0.1:62708
I0123 07:35:53.649431 80543744 LoginServerThread.cpp:190] bind one connect: 127.0.0.1:62708
I0123 07:35:53.660231 80543744 ServerMgr.cpp:54] bind one proxy server, ip:127.0.0.1:62708
W0123 07:36:00.668821 397874624 NetModule.cpp:723] ready reconnect server, server id: 0
I0123 07:36:00.669184 397874624 NetConnector.cpp:216] connect to: 0.0.0.0:5001 success! 
I0123 09:35:42.198732 397874624 NetServer.cpp:88] delete io...127.0.0.1:62708
W0123 09:35:42.200428 80543744 ServerMgr.cpp:88] remove one proxy server, id: 30
W0123 09:35:42.206836 80543744 LoginServerThread.cpp:180] center server is disconnect, after 10s will be reconnect!
I0123 09:35:45.695895 397874624 NetServer.cpp:55] accept io...127.0.0.1:62773
I0123 09:35:45.698321 80543744 LoginServerThread.cpp:190] bind one connect: 127.0.0.1:62773
I0123 09:35:45.712527 80543744 ServerMgr.cpp:54] bind one proxy server, ip:127.0.0.1:62773
W0123 09:35:52.722285 397874624 NetModule.cpp:723] ready reconnect server, server id: 0
I0123 09:35:52.722615 397874624 NetConnector.cpp:216] connect to: 0.0.0.0:5001 success! 
I0123 09:55:39.695897 397874624 NetServer.cpp:88] delete io...127.0.0.1:62773
W0123 09:55:39.696379 80543744 ServerMgr.cpp:88] remove one proxy server, id: 30
W0123 09:55:39.696482 80543744 LoginServerThread.cpp:180] center server is disconnect, after 10s will be reconnect!
I0123 09:55:43.191849 397874624 NetServer.cpp:55] accept io...127.0.0.1:62915
I0123 09:55:43.192260 80543744 LoginServerThread.cpp:190] bind one connect: 127.0.0.1:62915
I0123 09:55:43.203959 80543744 ServerMgr.cpp:54] bind one proxy server, ip:127.0.0.1:62915
W0123 09:55:50.213136 397874624 NetModule.cpp:723] ready reconnect server, server id: 0
I0123 09:55:50.213580 397874624 NetConnector.cpp:216] connect to: 0.0.0.0:5001 success! 
I0123 22:06:19.594949 397874624 NetServer.cpp:88] delete io...127.0.0.1:62915
W0123 22:06:19.597671 80543744 ServerMgr.cpp:88] remove one proxy server, id: 30
W0123 22:06:19.614001 80543744 LoginServerThread.cpp:180] center server is disconnect, after 10s will be reconnect!
I0123 22:06:23.002111 397874624 NetServer.cpp:55] accept io...127.0.0.1:49229
I0123 22:06:23.004052 80543744 LoginServerThread.cpp:190] bind one connect: 127.0.0.1:49229
I0123 22:06:23.025730 80543744 ServerMgr.cpp:54] bind one proxy server, ip:127.0.0.1:49229
W0123 22:06:30.030179 397874624 NetModule.cpp:723] ready reconnect server, server id: 0
I0123 22:06:30.030323 397874624 NetConnector.cpp:216] connect to: 0.0.0.0:5001 success! 
I0123 22:45:57.348321 397874624 NetServer.cpp:88] delete io...127.0.0.1:49229
W0123 22:45:57.349125 80543744 ServerMgr.cpp:88] remove one proxy server, id: 30
W0123 22:45:57.356545 80543744 LoginServerThread.cpp:180] center server is disconnect, after 10s will be reconnect!
I0123 22:46:00.851143 397874624 NetServer.cpp:55] accept io...127.0.0.1:50497
I0123 22:46:00.851868 80543744 LoginServerThread.cpp:190] bind one connect: 127.0.0.1:50497
I0123 22:46:00.882520 80543744 ServerMgr.cpp:54] bind one proxy server, ip:127.0.0.1:50497
W0123 22:46:07.883668 397874624 NetModule.cpp:723] ready reconnect server, server id: 0
I0123 22:46:07.883783 397874624 NetConnector.cpp:216] connect to: 0.0.0.0:5001 success! 
I0123 23:27:40.376019 397874624 NetServer.cpp:88] delete io...127.0.0.1:50497
W0123 23:27:40.396935 80543744 ServerMgr.cpp:88] remove one proxy server, id: 30
W0123 23:27:40.399019 80543744 LoginServerThread.cpp:180] center server is disconnect, after 10s will be reconnect!
I0123 23:27:43.872722 397874624 NetServer.cpp:55] accept io...127.0.0.1:51766
I0123 23:27:43.872795 80543744 LoginServerThread.cpp:190] bind one connect: 127.0.0.1:51766
I0123 23:27:43.893865 80543744 ServerMgr.cpp:54] bind one proxy server, ip:127.0.0.1:51766
W0123 23:27:50.894836 397874624 NetModule.cpp:723] ready reconnect server, server id: 0
I0123 23:27:50.896015 397874624 NetConnector.cpp:216] connect to: 0.0.0.0:5001 success! 
W0124 00:06:47.389963 80543744 LoginServerThread.cpp:531] login server is across day.
I0124 00:06:47.418439 397874624 NetServer.cpp:88] delete io...127.0.0.1:51766
W0124 00:06:47.429519 80543744 LoginServerThread.cpp:554] delete record_register_ip error, errno: 2003, error: Can't connect to MySQL server on '58.82.239.150' (50)
W0124 00:06:47.429579 80543744 ServerMgr.cpp:88] remove one proxy server, id: 30
W0124 00:06:47.429603 80543744 LoginServerThread.cpp:180] center server is disconnect, after 10s will be reconnect!
I0124 00:06:50.914198 397874624 NetServer.cpp:55] accept io...127.0.0.1:53020
I0124 00:06:50.914614 80543744 LoginServerThread.cpp:190] bind one connect: 127.0.0.1:53020
I0124 00:06:50.938983 80543744 ServerMgr.cpp:54] bind one proxy server, ip:127.0.0.1:53020
W0124 00:06:57.954717 397874624 NetModule.cpp:723] ready reconnect server, server id: 0
I0124 00:06:57.955246 397874624 NetConnector.cpp:216] connect to: 0.0.0.0:5001 success! 
I0124 00:47:39.400280 397874624 NetServer.cpp:88] delete io...127.0.0.1:53020
W0124 00:47:39.407642 80543744 ServerMgr.cpp:88] remove one proxy server, id: 30
W0124 00:47:39.408646 80543744 LoginServerThread.cpp:180] center server is disconnect, after 10s will be reconnect!
I0124 00:47:42.900807 397874624 NetServer.cpp:55] accept io...127.0.0.1:54284
I0124 00:47:42.900866 80543744 LoginServerThread.cpp:190] bind one connect: 127.0.0.1:54284
I0124 00:47:42.912330 80543744 ServerMgr.cpp:54] bind one proxy server, ip:127.0.0.1:54284
W0124 00:47:49.940603 397874624 NetModule.cpp:723] ready reconnect server, server id: 0
I0124 00:47:49.940899 397874624 NetConnector.cpp:216] connect to: 0.0.0.0:5001 success! 
I0124 01:23:02.420958 397874624 NetServer.cpp:88] delete io...127.0.0.1:54284
W0124 01:23:02.422255 80543744 ServerMgr.cpp:88] remove one proxy server, id: 30
W0124 01:23:02.422924 80543744 LoginServerThread.cpp:180] center server is disconnect, after 10s will be reconnect!
I0124 01:23:05.918371 397874624 NetServer.cpp:55] accept io...127.0.0.1:55535
I0124 01:23:05.918731 80543744 LoginServerThread.cpp:190] bind one connect: 127.0.0.1:55535
I0124 01:23:05.948144 80543744 ServerMgr.cpp:54] bind one proxy server, ip:127.0.0.1:55535
W0124 01:23:12.935447 397874624 NetModule.cpp:723] ready reconnect server, server id: 0
I0124 01:23:12.935561 397874624 NetConnector.cpp:216] connect to: 0.0.0.0:5001 success! 
I0124 02:28:06.428684 397874624 NetServer.cpp:88] delete io...127.0.0.1:55535
W0124 02:28:06.430347 80543744 ServerMgr.cpp:88] remove one proxy server, id: 30
W0124 02:28:06.430414 80543744 LoginServerThread.cpp:180] center server is disconnect, after 10s will be reconnect!
I0124 02:28:09.918462 80543744 LoginServerThread.cpp:190] bind one connect: 127.0.0.1:56798
I0124 02:28:09.918781 397874624 NetServer.cpp:55] accept io...127.0.0.1:56798
I0124 02:28:09.936781 80543744 ServerMgr.cpp:54] bind one proxy server, ip:127.0.0.1:56798
W0124 02:28:16.462404 397874624 NetModule.cpp:723] ready reconnect server, server id: 0
I0124 02:28:16.462520 397874624 NetConnector.cpp:216] connect to: 0.0.0.0:5001 success! 
I0124 03:33:10.445771 397874624 NetServer.cpp:88] delete io...127.0.0.1:56798
W0124 03:33:10.445787 80543744 ServerMgr.cpp:88] remove one proxy server, id: 30
W0124 03:33:10.464320 80543744 LoginServerThread.cpp:180] center server is disconnect, after 10s will be reconnect!
I0124 03:33:13.940927 397874624 NetServer.cpp:55] accept io...127.0.0.1:58100
I0124 03:33:13.942654 80543744 LoginServerThread.cpp:190] bind one connect: 127.0.0.1:58100
I0124 03:33:13.958266 80543744 ServerMgr.cpp:54] bind one proxy server, ip:127.0.0.1:58100
W0124 03:33:20.962136 397874624 NetModule.cpp:723] ready reconnect server, server id: 0
I0124 03:33:20.962245 397874624 NetConnector.cpp:216] connect to: 0.0.0.0:5001 success! 
I0124 04:38:14.475968 397874624 NetServer.cpp:88] delete io...127.0.0.1:58100
W0124 04:38:14.477558 80543744 ServerMgr.cpp:88] remove one proxy server, id: 30
W0124 04:38:14.477630 80543744 LoginServerThread.cpp:180] center server is disconnect, after 10s will be reconnect!
I0124 04:38:17.983767 397874624 NetServer.cpp:55] accept io...127.0.0.1:59397
I0124 04:38:17.985147 80543744 LoginServerThread.cpp:190] bind one connect: 127.0.0.1:59397
I0124 04:38:17.994395 80543744 ServerMgr.cpp:54] bind one proxy server, ip:127.0.0.1:59397
W0124 04:38:25.008175 397874624 NetModule.cpp:723] ready reconnect server, server id: 0
I0124 04:38:25.008338 397874624 NetConnector.cpp:216] connect to: 0.0.0.0:5001 success! 
I0124 05:43:18.502831 397874624 NetServer.cpp:88] delete io...127.0.0.1:59397
W0124 05:43:18.503257 80543744 ServerMgr.cpp:88] remove one proxy server, id: 30
W0124 05:43:18.503300 80543744 LoginServerThread.cpp:180] center server is disconnect, after 10s will be reconnect!
I0124 05:43:21.999629 397874624 NetServer.cpp:55] accept io...127.0.0.1:60664
I0124 05:43:21.999761 80543744 LoginServerThread.cpp:190] bind one connect: 127.0.0.1:60664
I0124 05:43:22.012714 80543744 ServerMgr.cpp:54] bind one proxy server, ip:127.0.0.1:60664
W0124 05:43:29.027473 397874624 NetModule.cpp:723] ready reconnect server, server id: 0
I0124 05:43:29.027598 397874624 NetConnector.cpp:216] connect to: 0.0.0.0:5001 success! 
W0124 06:48:22.530077 80543744 ServerMgr.cpp:88] remove one proxy server, id: 30
I0124 06:48:22.537619 397874624 NetServer.cpp:88] delete io...127.0.0.1:60664
W0124 06:48:22.538707 80543744 LoginServerThread.cpp:180] center server is disconnect, after 10s will be reconnect!
I0124 06:48:26.027652 397874624 NetServer.cpp:55] accept io...127.0.0.1:61956
I0124 06:48:26.027683 80543744 LoginServerThread.cpp:190] bind one connect: 127.0.0.1:61956
I0124 06:48:26.048162 80543744 ServerMgr.cpp:54] bind one proxy server, ip:127.0.0.1:61956
W0124 06:48:32.566433 397874624 NetModule.cpp:723] ready reconnect server, server id: 0
I0124 06:48:32.566648 397874624 NetConnector.cpp:216] connect to: 0.0.0.0:5001 success! 
I0124 07:53:26.559175 397874624 NetServer.cpp:88] delete io...127.0.0.1:61956
W0124 07:53:26.560425 80543744 ServerMgr.cpp:88] remove one proxy server, id: 30
W0124 07:53:26.573231 80543744 LoginServerThread.cpp:180] center server is disconnect, after 10s will be reconnect!
I0124 07:53:30.057803 397874624 NetServer.cpp:55] accept io...127.0.0.1:63237
I0124 07:53:30.059973 80543744 LoginServerThread.cpp:190] bind one connect: 127.0.0.1:63237
I0124 07:53:30.072541 80543744 ServerMgr.cpp:54] bind one proxy server, ip:127.0.0.1:63237
W0124 07:53:37.115278 397874624 NetModule.cpp:723] ready reconnect server, server id: 0
I0124 07:53:37.115362 397874624 NetConnector.cpp:216] connect to: 0.0.0.0:5001 success! 
I0124 08:58:30.588796 397874624 NetServer.cpp:88] delete io...127.0.0.1:63237
W0124 08:58:30.589093 80543744 ServerMgr.cpp:88] remove one proxy server, id: 30
W0124 08:58:30.590299 80543744 LoginServerThread.cpp:180] center server is disconnect, after 10s will be reconnect!
I0124 08:58:34.080654 397874624 NetServer.cpp:55] accept io...127.0.0.1:64514
I0124 08:58:34.081702 80543744 LoginServerThread.cpp:190] bind one connect: 127.0.0.1:64514
I0124 08:58:34.086741 80543744 ServerMgr.cpp:54] bind one proxy server, ip:127.0.0.1:64514
W0124 08:58:41.118171 397874624 NetModule.cpp:723] ready reconnect server, server id: 0
I0124 08:58:41.118336 397874624 NetConnector.cpp:216] connect to: 0.0.0.0:5001 success! 
I0124 09:45:02.603376 397874624 NetServer.cpp:88] delete io...127.0.0.1:64514
W0124 09:45:02.605448 80543744 ServerMgr.cpp:88] remove one proxy server, id: 30
W0124 09:45:02.626912 80543744 LoginServerThread.cpp:180] center server is disconnect, after 10s will be reconnect!
I0124 09:45:06.101203 80543744 LoginServerThread.cpp:190] bind one connect: 127.0.0.1:49396
I0124 09:45:06.101202 397874624 NetServer.cpp:55] accept io...127.0.0.1:49396
I0124 09:45:06.131404 80543744 ServerMgr.cpp:54] bind one proxy server, ip:127.0.0.1:49396
W0124 09:45:13.160166 397874624 NetModule.cpp:723] ready reconnect server, server id: 0
I0124 09:45:13.160266 397874624 NetConnector.cpp:216] connect to: 127.0.0.1:5001 success! 
W0124 22:09:05.989495 80543744 LoginServerThread.cpp:180] center server is disconnect, after 10s will be reconnect!
I0124 22:09:05.994846 397874624 NetServer.cpp:88] delete io...127.0.0.1:49396
W0124 22:09:05.996482 80543744 ServerMgr.cpp:88] remove one proxy server, id: 30
I0124 22:09:09.634160 397874624 NetServer.cpp:55] accept io...127.0.0.1:63598
I0124 22:09:09.634954 80543744 LoginServerThread.cpp:190] bind one connect: 127.0.0.1:63598
I0124 22:09:09.640115 80543744 ServerMgr.cpp:54] bind one proxy server, ip:127.0.0.1:63598
W0124 22:09:16.145294 397874624 NetModule.cpp:723] ready reconnect server, server id: 0
I0124 22:09:16.145948 397874624 NetConnector.cpp:216] connect to: 127.0.0.1:5001 success! 
I0124 22:54:48.740962 397874624 NetServer.cpp:88] delete io...127.0.0.1:63598
W0124 22:54:48.741322 80543744 ServerMgr.cpp:88] remove one proxy server, id: 30
W0124 22:54:48.764513 80543744 LoginServerThread.cpp:180] center server is disconnect, after 10s will be reconnect!
I0124 22:54:52.235893 397874624 NetServer.cpp:55] accept io...127.0.0.1:64884
I0124 22:54:52.236186 80543744 LoginServerThread.cpp:190] bind one connect: 127.0.0.1:64884
I0124 22:54:52.252493 80543744 ServerMgr.cpp:54] bind one proxy server, ip:127.0.0.1:64884
W0124 22:54:59.276350 397874624 NetModule.cpp:723] ready reconnect server, server id: 0
I0124 22:54:59.276679 397874624 NetConnector.cpp:216] connect to: 0.0.0.0:5001 success! 
I0124 23:59:51.766959 397874624 NetServer.cpp:88] delete io...127.0.0.1:64884
W0124 23:59:51.768347 80543744 ServerMgr.cpp:88] remove one proxy server, id: 30
W0124 23:59:51.785900 80543744 LoginServerThread.cpp:180] center server is disconnect, after 10s will be reconnect!
I0124 23:59:55.270223 397874624 NetServer.cpp:55] accept io...127.0.0.1:49788
I0124 23:59:55.272536 80543744 LoginServerThread.cpp:190] bind one connect: 127.0.0.1:49788
I0124 23:59:55.295352 80543744 ServerMgr.cpp:54] bind one proxy server, ip:127.0.0.1:49788
W0125 00:00:02.292357 397874624 NetModule.cpp:723] ready reconnect server, server id: 0
I0125 00:00:02.292891 397874624 NetConnector.cpp:216] connect to: 0.0.0.0:5001 success! 
W0125 00:00:51.836266 80543744 LoginServerThread.cpp:531] login server is across day.
W0125 01:04:54.812031 80543744 ServerMgr.cpp:88] remove one proxy server, id: 30
I0125 01:04:54.828963 397874624 NetServer.cpp:88] delete io...127.0.0.1:49788
W0125 01:04:54.830163 80543744 LoginServerThread.cpp:180] center server is disconnect, after 10s will be reconnect!
I0125 01:04:58.309545 397874624 NetServer.cpp:55] accept io...127.0.0.1:51076
I0125 01:04:58.310079 80543744 LoginServerThread.cpp:190] bind one connect: 127.0.0.1:51076
I0125 01:04:58.319758 80543744 ServerMgr.cpp:54] bind one proxy server, ip:127.0.0.1:51076
W0125 01:05:05.334460 397874624 NetModule.cpp:723] ready reconnect server, server id: 0
I0125 01:05:05.334564 397874624 NetConnector.cpp:216] connect to: 0.0.0.0:5001 success! 
W0125 01:46:10.809759 80543744 ServerMgr.cpp:88] remove one proxy server, id: 30
I0125 01:46:10.820835 397874624 NetServer.cpp:88] delete io...127.0.0.1:51076
W0125 01:46:10.821493 80543744 LoginServerThread.cpp:180] center server is disconnect, after 10s will be reconnect!
I0125 01:46:14.313274 397874624 NetServer.cpp:55] accept io...127.0.0.1:52353
I0125 01:46:14.315268 80543744 LoginServerThread.cpp:190] bind one connect: 127.0.0.1:52353
I0125 01:46:14.326892 80543744 ServerMgr.cpp:54] bind one proxy server, ip:127.0.0.1:52353
W0125 01:46:21.352708 397874624 NetModule.cpp:723] ready reconnect server, server id: 0
I0125 01:46:21.352816 397874624 NetConnector.cpp:216] connect to: 127.0.0.1:5001 success! 
I0125 02:51:14.822826 397874624 NetServer.cpp:88] delete io...127.0.0.1:52353
W0125 02:51:14.824954 80543744 ServerMgr.cpp:88] remove one proxy server, id: 30
W0125 02:51:14.825019 80543744 LoginServerThread.cpp:180] center server is disconnect, after 10s will be reconnect!
I0125 02:51:18.325894 397874624 NetServer.cpp:55] accept io...127.0.0.1:53613
I0125 02:51:18.326963 80543744 LoginServerThread.cpp:190] bind one connect: 127.0.0.1:53613
I0125 02:51:18.352970 80543744 ServerMgr.cpp:54] bind one proxy server, ip:127.0.0.1:53613
W0125 02:51:25.386061 397874624 NetModule.cpp:723] ready reconnect server, server id: 0
I0125 02:51:25.386148 397874624 NetConnector.cpp:216] connect to: 127.0.0.1:5001 success! 
I0125 03:56:17.847980 397874624 NetServer.cpp:88] delete io...127.0.0.1:53613
W0125 03:56:17.849671 80543744 ServerMgr.cpp:88] remove one proxy server, id: 30
W0125 03:56:17.871153 80543744 LoginServerThread.cpp:180] center server is disconnect, after 10s will be reconnect!
I0125 03:56:21.347986 397874624 NetServer.cpp:55] accept io...127.0.0.1:54901
I0125 03:56:21.349037 80543744 LoginServerThread.cpp:190] bind one connect: 127.0.0.1:54901
I0125 03:56:21.356026 80543744 ServerMgr.cpp:54] bind one proxy server, ip:127.0.0.1:54901
W0125 03:56:28.379724 397874624 NetModule.cpp:723] ready reconnect server, server id: 0
I0125 03:56:28.379791 397874624 NetConnector.cpp:216] connect to: 127.0.0.1:5001 success! 
I0125 05:01:20.880378 397874624 NetServer.cpp:88] delete io...127.0.0.1:54901
W0125 05:01:20.883008 80543744 ServerMgr.cpp:88] remove one proxy server, id: 30
W0125 05:01:20.887408 80543744 LoginServerThread.cpp:180] center server is disconnect, after 10s will be reconnect!
I0125 05:01:24.371304 397874624 NetServer.cpp:55] accept io...127.0.0.1:56177
I0125 05:01:24.373049 80543744 LoginServerThread.cpp:190] bind one connect: 127.0.0.1:56177
I0125 05:01:24.391249 80543744 ServerMgr.cpp:54] bind one proxy server, ip:127.0.0.1:56177
W0125 05:01:31.404908 397874624 NetModule.cpp:723] ready reconnect server, server id: 0
I0125 05:01:31.405026 397874624 NetConnector.cpp:216] connect to: 0.0.0.0:5001 success! 
I0125 06:06:24.901507 397874624 NetServer.cpp:88] delete io...127.0.0.1:56177
