Log file created at: 2019/04/30 11:10:29
Running on machine: henisdeMacBookPro.local
Log line format: [IWEF]mmdd hh:mm:ss.uuuuuu threadid file:line] msg
I0430 11:10:29.780331 256955840 LoginServer.cpp:45] 正在启动登录服务器...
I0430 11:10:29.785459 256955840 NetModule.h:71] Init NetModule Finished.
I0430 11:10:29.788187 256955840 NetModule.h:78] start work thread 0...
I0430 11:10:29.788213 256955840 NetModule.cpp:69] Start Run NetModule...
I0430 11:10:29.788236 256955840 NetModule.cpp:88] NetModule Already Startover.
W0430 11:10:29.788746 256955840 LoginServer.cpp:65] listen at: 0.0.0.0:7001
I0430 11:10:29.789134 256955840 NetModule.cpp:136] Create one server...
I0430 11:10:29.789258 256955840 NetConnector.cpp:216] connect to: 0.0.0.0:5001 success! 
I0430 11:10:29.873663 256955840 NetServer.cpp:55] accept io...127.0.0.1:49321
I0430 11:10:29.875715 146231296 LoginServerThread.cpp:198] bind one connect: 127.0.0.1:49321
I0430 11:10:29.878247 146231296 ServerMgr.cpp:54] bind one proxy server, ip:127.0.0.1:49321
I0430 11:10:31.571286 146231296 LoginServerThread.cpp:7873] load game kind succ!
I0430 11:10:31.696957 146231296 LoginServerThread.cpp:7984] load game room kind succ!
I0430 11:10:32.314314 146231296 LoginServerThread.cpp:8366] load system status succ!
I0430 11:10:32.436805 146231296 LoginServerThread.cpp:8053] load vip config succ!
I0430 11:10:32.560528 146231296 LoginServerThread.cpp:8085] load vip2 config succ!
I0430 11:10:32.688884 146231296 LoginServerThread.cpp:8391] load channel show exchange succ!
I0430 11:10:32.811784 146231296 LoginServerThread.cpp:8421] load exchange info succ!
I0430 11:10:32.949523 146231296 LoginServerThread.cpp:8448] load channel prsent score succ!
I0430 11:10:33.073480 146231296 LoginServerThread.cpp:8472] load channel register mail succ!
I0430 11:10:33.196136 146231296 LoginServerThread.cpp:8113] load benefit config succ!
I0430 11:10:33.319133 146231296 LoginServerThread.cpp:8180] load game version succ!
W0430 11:10:33.687853 146231296 LoginServerThread.cpp:336] loginserver start succ.
W0430 13:00:29.304600 146231296 LoginServerThread.cpp:5242] add db gem or score fail, add gem: 0,  add score : 1000000, user id: 85538002
I0430 19:59:56.889081 256955840 NetServer.cpp:88] delete io...127.0.0.1:49321
W0430 19:59:56.891036 146231296 ServerMgr.cpp:88] remove one proxy server, id: 30
W0430 19:59:56.891475 146231296 LoginServerThread.cpp:188] center server is disconnect, after 10s will be reconnect!
I0430 20:00:00.384199 256955840 NetServer.cpp:55] accept io...127.0.0.1:53400
I0430 20:00:00.386270 146231296 LoginServerThread.cpp:198] bind one connect: 127.0.0.1:53400
I0430 20:00:00.402348 146231296 ServerMgr.cpp:54] bind one proxy server, ip:127.0.0.1:53400
W0430 20:00:07.473752 256955840 NetModule.cpp:723] ready reconnect server, server id: 0
I0430 20:00:07.474817 256955840 NetConnector.cpp:216] connect to: 0.0.0.0:5001 success! 
I0430 20:05:02.056870 256955840 NetServer.cpp:88] delete io...127.0.0.1:53400
W0430 20:05:02.059187 146231296 ServerMgr.cpp:88] remove one proxy server, id: 30
W0430 20:05:02.064895 146231296 LoginServerThread.cpp:188] center server is disconnect, after 10s will be reconnect!
I0430 20:05:05.543233 256955840 NetServer.cpp:55] accept io...127.0.0.1:53426
I0430 20:05:05.545338 146231296 LoginServerThread.cpp:198] bind one connect: 127.0.0.1:53426
I0430 20:05:05.567643 146231296 ServerMgr.cpp:54] bind one proxy server, ip:127.0.0.1:53426
W0430 20:05:12.098613 256955840 NetModule.cpp:723] ready reconnect server, server id: 0
I0430 20:05:12.099081 256955840 NetConnector.cpp:216] connect to: 0.0.0.0:5001 success! 
I0430 22:05:14.324160 256955840 NetServer.cpp:88] delete io...127.0.0.1:53426
W0430 22:05:14.326903 146231296 ServerMgr.cpp:88] remove one proxy server, id: 30
W0430 22:05:14.331858 146231296 LoginServerThread.cpp:188] center server is disconnect, after 10s will be reconnect!
I0430 22:05:17.840476 256955840 NetServer.cpp:55] accept io...127.0.0.1:53473
I0430 22:05:17.842640 146231296 LoginServerThread.cpp:198] bind one connect: 127.0.0.1:53473
I0430 22:05:17.865278 146231296 ServerMgr.cpp:54] bind one proxy server, ip:127.0.0.1:53473
W0430 22:05:24.877323 256955840 NetModule.cpp:723] ready reconnect server, server id: 0
I0430 22:05:24.877714 256955840 NetConnector.cpp:216] connect to: 0.0.0.0:5001 success! 
W0501 00:05:25.330195 146231296 LoginServerThread.cpp:547] login server is across day.
I0501 00:05:25.346405 256955840 NetServer.cpp:88] delete io...127.0.0.1:53473
I0501 00:05:28.853862 256955840 NetServer.cpp:55] accept io...127.0.0.1:53500
W0501 00:05:49.701956 146231296 LoginServerThread.cpp:570] delete record_register_ip error, errno: -1, error: mysql not opened yet!
W0501 00:05:49.702966 146231296 ServerMgr.cpp:88] remove one proxy server, id: 30
W0501 00:05:49.703096 146231296 LoginServerThread.cpp:188] center server is disconnect, after 10s will be reconnect!
I0501 00:05:49.703199 146231296 LoginServerThread.cpp:198] bind one connect: 127.0.0.1:53500
I0501 00:05:49.703239 146231296 ServerMgr.cpp:54] bind one proxy server, ip:127.0.0.1:53500
W0501 00:06:00.054428 256955840 NetModule.cpp:723] ready reconnect server, server id: 0
I0501 00:06:00.055590 256955840 NetConnector.cpp:216] connect to: 0.0.0.0:5001 success! 
I0501 02:05:35.326233 256955840 NetServer.cpp:88] delete io...127.0.0.1:53500
W0501 02:05:35.328680 146231296 ServerMgr.cpp:88] remove one proxy server, id: 30
W0501 02:05:35.328717 146231296 LoginServerThread.cpp:188] center server is disconnect, after 10s will be reconnect!
I0501 02:05:38.824445 256955840 NetServer.cpp:55] accept io...127.0.0.1:53631
I0501 02:05:38.825274 146231296 LoginServerThread.cpp:198] bind one connect: 127.0.0.1:53631
I0501 02:05:38.843452 146231296 ServerMgr.cpp:54] bind one proxy server, ip:127.0.0.1:53631
W0501 02:05:45.878058 256955840 NetModule.cpp:723] ready reconnect server, server id: 0
I0501 02:05:45.878849 256955840 NetConnector.cpp:216] connect to: 0.0.0.0:5001 success! 
I0501 04:05:45.366799 256955840 NetServer.cpp:88] delete io...127.0.0.1:53631
W0501 04:05:45.369179 146231296 ServerMgr.cpp:88] remove one proxy server, id: 30
W0501 04:05:45.371556 146231296 LoginServerThread.cpp:188] center server is disconnect, after 10s will be reconnect!
I0501 04:05:48.865842 256955840 NetServer.cpp:55] accept io...127.0.0.1:53667
I0501 04:05:48.866667 146231296 LoginServerThread.cpp:198] bind one connect: 127.0.0.1:53667
I0501 04:05:48.896854 146231296 ServerMgr.cpp:54] bind one proxy server, ip:127.0.0.1:53667
W0501 04:05:55.902855 256955840 NetModule.cpp:723] ready reconnect server, server id: 0
I0501 04:05:55.903168 256955840 NetConnector.cpp:216] connect to: 0.0.0.0:5001 success! 
I0501 06:05:55.330862 256955840 NetServer.cpp:88] delete io...127.0.0.1:53667
W0501 06:05:55.331377 146231296 ServerMgr.cpp:88] remove one proxy server, id: 30
W0501 06:05:55.331421 146231296 LoginServerThread.cpp:188] center server is disconnect, after 10s will be reconnect!
I0501 06:05:58.825680 256955840 NetServer.cpp:55] accept io...127.0.0.1:53708
I0501 06:05:58.827497 146231296 LoginServerThread.cpp:198] bind one connect: 127.0.0.1:53708
I0501 06:05:58.832537 146231296 ServerMgr.cpp:54] bind one proxy server, ip:127.0.0.1:53708
W0501 06:06:05.373456 256955840 NetModule.cpp:723] ready reconnect server, server id: 0
I0501 06:06:05.374002 256955840 NetConnector.cpp:216] connect to: 0.0.0.0:5001 success! 
I0501 07:59:39.352362 256955840 NetServer.cpp:88] delete io...127.0.0.1:53708
W0501 07:59:39.354367 146231296 ServerMgr.cpp:88] remove one proxy server, id: 30
W0501 07:59:39.360488 146231296 LoginServerThread.cpp:188] center server is disconnect, after 10s will be reconnect!
I0501 07:59:42.847894 256955840 NetServer.cpp:55] accept io...127.0.0.1:53744
I0501 07:59:42.848932 146231296 LoginServerThread.cpp:198] bind one connect: 127.0.0.1:53744
I0501 07:59:42.853886 146231296 ServerMgr.cpp:54] bind one proxy server, ip:127.0.0.1:53744
W0501 07:59:49.889878 256955840 NetModule.cpp:723] ready reconnect server, server id: 0
I0501 07:59:49.890950 256955840 NetConnector.cpp:216] connect to: 0.0.0.0:5001 success! 
I0501 09:38:48.496006 256955840 NetServer.cpp:88] delete io...127.0.0.1:53744
W0501 09:38:48.498234 146231296 ServerMgr.cpp:88] remove one proxy server, id: 30
W0501 09:38:48.507156 146231296 LoginServerThread.cpp:188] center server is disconnect, after 10s will be reconnect!
I0501 09:38:51.986317 256955840 NetServer.cpp:55] accept io...127.0.0.1:53808
I0501 09:38:51.988162 146231296 LoginServerThread.cpp:198] bind one connect: 127.0.0.1:53808
I0501 09:38:51.992640 146231296 ServerMgr.cpp:54] bind one proxy server, ip:127.0.0.1:53808
W0501 09:38:59.004822 256955840 NetModule.cpp:723] ready reconnect server, server id: 0
I0501 09:38:59.005247 256955840 NetConnector.cpp:216] connect to: 0.0.0.0:5001 success! 
I0501 18:27:58.750293 256955840 NetServer.cpp:88] delete io...127.0.0.1:53808
W0501 18:27:58.778784 146231296 ServerMgr.cpp:88] remove one proxy server, id: 30
W0501 18:27:58.791183 146231296 LoginServerThread.cpp:188] center server is disconnect, after 10s will be reconnect!
I0501 18:28:02.245016 256955840 NetServer.cpp:55] accept io...127.0.0.1:55193
I0501 18:28:02.247134 146231296 LoginServerThread.cpp:198] bind one connect: 127.0.0.1:55193
I0501 18:28:02.272414 146231296 ServerMgr.cpp:54] bind one proxy server, ip:127.0.0.1:55193
W0501 18:28:09.283632 256955840 NetModule.cpp:723] ready reconnect server, server id: 0
I0501 18:28:09.283702 256955840 NetConnector.cpp:216] connect to: 0.0.0.0:5001 success! 
I0501 19:09:40.765961 256955840 NetServer.cpp:88] delete io...127.0.0.1:55193
W0501 19:09:40.766122 146231296 ServerMgr.cpp:88] remove one proxy server, id: 30
W0501 19:09:40.768318 146231296 LoginServerThread.cpp:188] center server is disconnect, after 10s will be reconnect!
I0501 19:09:44.255494 256955840 NetServer.cpp:55] accept io...127.0.0.1:55276
I0501 19:09:44.257062 146231296 LoginServerThread.cpp:198] bind one connect: 127.0.0.1:55276
I0501 19:09:44.282476 146231296 ServerMgr.cpp:54] bind one proxy server, ip:127.0.0.1:55276
W0501 19:09:50.819542 256955840 NetModule.cpp:723] ready reconnect server, server id: 0
I0501 19:09:50.819664 256955840 NetConnector.cpp:216] connect to: 0.0.0.0:5001 success! 
I0501 20:03:49.681068 256955840 NetServer.cpp:88] delete io...127.0.0.1:55276
W0501 20:03:49.681550 146231296 ServerMgr.cpp:88] remove one proxy server, id: 30
W0501 20:03:49.681596 146231296 LoginServerThread.cpp:188] center server is disconnect, after 10s will be reconnect!
I0501 20:03:53.177547 256955840 NetServer.cpp:55] accept io...127.0.0.1:55340
I0501 20:03:53.178601 146231296 LoginServerThread.cpp:198] bind one connect: 127.0.0.1:55340
I0501 20:03:53.203549 146231296 ServerMgr.cpp:54] bind one proxy server, ip:127.0.0.1:55340
W0501 20:04:00.197244 256955840 NetModule.cpp:723] ready reconnect server, server id: 0
I0501 20:04:00.197362 256955840 NetConnector.cpp:216] connect to: 0.0.0.0:5001 success! 
I0501 23:34:16.383564 256955840 NetServer.cpp:88] delete io...127.0.0.1:55340
W0501 23:34:16.385478 146231296 ServerMgr.cpp:88] remove one proxy server, id: 30
W0501 23:34:16.385569 146231296 LoginServerThread.cpp:188] center server is disconnect, after 10s will be reconnect!
I0501 23:34:19.881094 256955840 NetServer.cpp:55] accept io...127.0.0.1:55657
I0501 23:34:19.883146 146231296 LoginServerThread.cpp:198] bind one connect: 127.0.0.1:55657
I0501 23:34:19.903334 146231296 ServerMgr.cpp:54] bind one proxy server, ip:127.0.0.1:55657
W0501 23:34:26.897379 256955840 NetModule.cpp:723] ready reconnect server, server id: 0
I0501 23:34:26.897766 256955840 NetConnector.cpp:216] connect to: 0.0.0.0:5001 success! 
W0502 01:34:49.821908 146231296 LoginServerThread.cpp:547] login server is across day.
I0502 01:34:49.827744 256955840 NetServer.cpp:88] delete io...127.0.0.1:55657
I0502 01:34:53.343570 256955840 NetServer.cpp:55] accept io...127.0.0.1:55708
I0502 03:35:10.657677 256955840 NetServer.cpp:88] delete io...127.0.0.1:55708
W0502 03:35:11.500566 146231296 LoginServerThread.cpp:570] delete record_register_ip error, errno: -1, error: mysql not opened yet!
W0502 03:35:11.501672 146231296 ServerMgr.cpp:88] remove one proxy server, id: 30
W0502 03:35:11.501710 146231296 LoginServerThread.cpp:188] center server is disconnect, after 10s will be reconnect!
W0502 03:35:11.502777 146231296 ServerMgr.cpp:88] remove one proxy server, id: 30
I0502 03:35:14.201476 256955840 NetServer.cpp:55] accept io...127.0.0.1:55731
I0502 03:35:14.201586 146231296 LoginServerThread.cpp:198] bind one connect: 127.0.0.1:55731
I0502 03:35:14.225841 146231296 ServerMgr.cpp:54] bind one proxy server, ip:127.0.0.1:55731
W0502 03:35:21.697252 256955840 NetModule.cpp:723] ready reconnect server, server id: 0
I0502 03:35:21.697331 256955840 NetConnector.cpp:216] connect to: 0.0.0.0:5001 success! 
I0502 05:35:30.668848 256955840 NetServer.cpp:88] delete io...127.0.0.1:55731
W0502 05:35:30.666802 146231296 ServerMgr.cpp:88] remove one proxy server, id: 30
W0502 05:35:30.701042 146231296 LoginServerThread.cpp:188] center server is disconnect, after 10s will be reconnect!
I0502 05:35:34.152091 256955840 NetServer.cpp:55] accept io...127.0.0.1:55757
I0502 05:35:34.154611 146231296 LoginServerThread.cpp:198] bind one connect: 127.0.0.1:55757
I0502 05:35:34.166889 146231296 ServerMgr.cpp:54] bind one proxy server, ip:127.0.0.1:55757
W0502 05:35:41.226125 256955840 NetModule.cpp:723] ready reconnect server, server id: 0
I0502 05:35:41.226197 256955840 NetConnector.cpp:216] connect to: 0.0.0.0:5001 success! 
W0502 07:35:49.722470 146231296 LoginServerThread.cpp:188] center server is disconnect, after 10s will be reconnect!
I0502 07:35:49.740420 256955840 NetServer.cpp:88] delete io...127.0.0.1:55757
W0502 07:35:49.741770 146231296 ServerMgr.cpp:88] remove one proxy server, id: 30
I0502 07:35:53.247709 256955840 NetServer.cpp:55] accept io...127.0.0.1:55784
I0502 07:35:53.251034 146231296 LoginServerThread.cpp:198] bind one connect: 127.0.0.1:55784
I0502 07:35:53.274823 146231296 ServerMgr.cpp:54] bind one proxy server, ip:127.0.0.1:55784
W0502 07:35:59.813074 256955840 NetModule.cpp:723] ready reconnect server, server id: 0
I0502 07:35:59.813145 256955840 NetConnector.cpp:216] connect to: 127.0.0.1:5001 success! 
I0502 09:00:11.679497 256955840 NetServer.cpp:88] delete io...127.0.0.1:55784
W0502 09:00:11.679929 146231296 ServerMgr.cpp:88] remove one proxy server, id: 30
W0502 09:00:11.687710 146231296 LoginServerThread.cpp:188] center server is disconnect, after 10s will be reconnect!
I0502 09:00:15.191457 256955840 NetServer.cpp:55] accept io...127.0.0.1:55818
I0502 09:00:15.193279 146231296 LoginServerThread.cpp:198] bind one connect: 127.0.0.1:55818
I0502 09:00:15.215428 146231296 ServerMgr.cpp:54] bind one proxy server, ip:127.0.0.1:55818
W0502 09:00:21.719738 256955840 NetModule.cpp:723] ready reconnect server, server id: 0
I0502 09:00:21.719806 256955840 NetConnector.cpp:216] connect to: 0.0.0.0:5001 success! 
I0502 09:35:11.397729 256955840 NetServer.cpp:88] delete io...127.0.0.1:55818
W0502 09:35:11.400036 146231296 ServerMgr.cpp:88] remove one proxy server, id: 30
W0502 09:35:11.400079 146231296 LoginServerThread.cpp:188] center server is disconnect, after 10s will be reconnect!
I0502 09:35:14.908449 256955840 NetServer.cpp:55] accept io...127.0.0.1:55999
I0502 09:35:14.909466 146231296 LoginServerThread.cpp:198] bind one connect: 127.0.0.1:55999
I0502 09:35:14.939041 146231296 ServerMgr.cpp:54] bind one proxy server, ip:127.0.0.1:55999
W0502 09:35:21.473290 256955840 NetModule.cpp:723] ready reconnect server, server id: 0
I0502 09:35:21.473583 256955840 NetConnector.cpp:216] connect to: 0.0.0.0:5001 success! 
I0502 10:02:43.919602 256955840 NetServer.cpp:88] delete io...127.0.0.1:55999
W0502 10:02:43.920416 146231296 ServerMgr.cpp:88] remove one proxy server, id: 30
W0502 10:02:43.920456 146231296 LoginServerThread.cpp:188] center server is disconnect, after 10s will be reconnect!
I0502 10:02:47.421326 256955840 NetServer.cpp:55] accept io...127.0.0.1:56042
I0502 10:02:47.423907 146231296 LoginServerThread.cpp:198] bind one connect: 127.0.0.1:56042
I0502 10:02:47.453327 146231296 ServerMgr.cpp:54] bind one proxy server, ip:127.0.0.1:56042
W0502 10:02:53.964679 256955840 NetModule.cpp:723] ready reconnect server, server id: 0
I0502 10:02:53.964758 256955840 NetConnector.cpp:216] connect to: 0.0.0.0:5001 success! 
W0502 14:14:31.151507 146231296 LoginServerThread.cpp:188] center server is disconnect, after 10s will be reconnect!
W0502 14:14:41.233533 256955840 NetModule.cpp:723] ready reconnect server, server id: 0
I0502 14:14:41.233669 256955840 NetConnector.cpp:216] connect to: 127.0.0.1:5001 success! 
W0502 15:32:13.412175 146767872 LoginRecordThread.cpp:101] insert user login record fail. errno: -1, error msg: mysql not opened yet!
W0502 16:33:11.545686 146231296 LoginServerThread.cpp:188] center server is disconnect, after 10s will be reconnect!
W0502 16:33:21.760226 256955840 NetModule.cpp:723] ready reconnect server, server id: 0
I0502 16:33:21.760375 256955840 NetConnector.cpp:216] connect to: 0.0.0.0:5001 success! 
W0502 16:35:11.765980 146231296 LoginServerThread.cpp:5414] select expire mail fail, error no: -1, sql:select mailid from mail where userid = '85583673' and mailType = 2 and expireTime < now()
I0502 18:53:13.460978 256955840 NetServer.cpp:88] delete io...127.0.0.1:56042
W0502 18:53:13.463140 146231296 ServerMgr.cpp:88] remove one proxy server, id: 30
W0502 18:53:13.470818 146231296 LoginServerThread.cpp:188] center server is disconnect, after 10s will be reconnect!
I0502 18:53:16.946677 256955840 NetServer.cpp:55] accept io...127.0.0.1:57928
I0502 18:53:16.948478 146231296 LoginServerThread.cpp:198] bind one connect: 127.0.0.1:57928
I0502 18:53:16.969252 146231296 ServerMgr.cpp:54] bind one proxy server, ip:127.0.0.1:57928
W0502 18:53:23.965440 256955840 NetModule.cpp:723] ready reconnect server, server id: 0
I0502 18:53:23.965507 256955840 NetConnector.cpp:216] connect to: 0.0.0.0:5001 success! 
I0502 19:58:19.005558 256955840 NetServer.cpp:88] delete io...127.0.0.1:57928
I0502 19:58:22.486413 256955840 NetServer.cpp:55] accept io...127.0.0.1:58195
W0502 19:58:47.646153 146231296 LoginServerThread.cpp:5414] select expire mail fail, error no: -1, sql:select mailid from mail where userid = '85505112' and mailType = 2 and expireTime < now()
W0502 19:58:47.646239 146231296 ServerMgr.cpp:88] remove one proxy server, id: 30
W0502 19:58:47.646263 146231296 LoginServerThread.cpp:188] center server is disconnect, after 10s will be reconnect!
I0502 19:58:47.646284 146231296 LoginServerThread.cpp:198] bind one connect: 127.0.0.1:58195
I0502 19:58:47.646292 146231296 ServerMgr.cpp:54] bind one proxy server, ip:127.0.0.1:58195
W0502 19:58:58.189908 256955840 NetModule.cpp:723] ready reconnect server, server id: 0
I0502 19:58:58.189985 256955840 NetConnector.cpp:216] connect to: 0.0.0.0:5001 success! 
W0502 19:59:47.663446 146767872 LoginRecordThread.cpp:101] insert user login record fail. errno: -1, error msg: mysql not opened yet!
I0502 20:33:54.580035 256955840 NetServer.cpp:88] delete io...127.0.0.1:58195
W0502 20:33:54.582860 146231296 ServerMgr.cpp:88] remove one proxy server, id: 30
W0502 20:33:54.582906 146231296 LoginServerThread.cpp:188] center server is disconnect, after 10s will be reconnect!
I0502 20:33:58.078933 256955840 NetServer.cpp:55] accept io...127.0.0.1:58349
I0502 20:33:58.080400 146231296 LoginServerThread.cpp:198] bind one connect: 127.0.0.1:58349
I0502 20:33:58.101173 146231296 ServerMgr.cpp:54] bind one proxy server, ip:127.0.0.1:58349
W0502 20:34:04.608613 256955840 NetModule.cpp:723] ready reconnect server, server id: 0
I0502 20:34:04.608680 256955840 NetConnector.cpp:216] connect to: 0.0.0.0:5001 success! 
W0502 21:39:45.579795 146231296 ServerMgr.cpp:88] remove one proxy server, id: 30
I0502 21:39:45.590833 256955840 NetServer.cpp:88] delete io...127.0.0.1:58349
W0502 21:39:45.591964 146231296 LoginServerThread.cpp:188] center server is disconnect, after 10s will be reconnect!
I0502 21:39:49.086935 256955840 NetServer.cpp:55] accept io...127.0.0.1:58476
I0502 21:39:49.087808 146231296 LoginServerThread.cpp:198] bind one connect: 127.0.0.1:58476
I0502 21:39:49.113085 146231296 ServerMgr.cpp:54] bind one proxy server, ip:127.0.0.1:58476
W0502 21:39:56.139731 256955840 NetModule.cpp:723] ready reconnect server, server id: 0
I0502 21:39:56.139794 256955840 NetConnector.cpp:216] connect to: 0.0.0.0:5001 success! 
I0502 23:42:38.597947 256955840 NetServer.cpp:88] delete io...127.0.0.1:58476
W0502 23:42:38.599812 146231296 ServerMgr.cpp:88] remove one proxy server, id: 30
W0502 23:42:38.604902 146231296 LoginServerThread.cpp:188] center server is disconnect, after 10s will be reconnect!
I0502 23:42:42.087198 256955840 NetServer.cpp:55] accept io...127.0.0.1:58553
I0502 23:42:42.089323 146231296 LoginServerThread.cpp:198] bind one connect: 127.0.0.1:58553
I0502 23:42:42.096716 146231296 ServerMgr.cpp:54] bind one proxy server, ip:127.0.0.1:58553
W0502 23:42:49.124754 256955840 NetModule.cpp:723] ready reconnect server, server id: 0
I0502 23:42:49.125085 256955840 NetConnector.cpp:216] connect to: 0.0.0.0:5001 success! 
W0503 00:00:31.630583 146231296 LoginServerThread.cpp:547] login server is across day.
W0503 00:00:31.651420 146231296 LoginServerThread.cpp:570] delete record_register_ip error, errno: 2003, error: Can't connect to MySQL server on '58.82.239.150' (51)
I0503 00:00:31.655225 256955840 NetServer.cpp:88] delete io...127.0.0.1:58553
W0503 00:00:31.656219 146231296 ServerMgr.cpp:88] remove one proxy server, id: 30
W0503 00:00:31.679278 146231296 LoginServerThread.cpp:188] center server is disconnect, after 10s will be reconnect!
I0503 00:00:35.155844 146231296 LoginServerThread.cpp:198] bind one connect: 127.0.0.1:58571
I0503 00:00:35.156795 256955840 NetServer.cpp:55] accept io...127.0.0.1:58571
I0503 00:00:35.165475 146231296 ServerMgr.cpp:54] bind one proxy server, ip:127.0.0.1:58571
W0503 00:00:42.172318 256955840 NetModule.cpp:723] ready reconnect server, server id: 0
I0503 00:00:42.172709 256955840 NetConnector.cpp:216] connect to: 0.0.0.0:5001 success! 
I0503 02:00:48.201299 256955840 NetServer.cpp:88] delete io...127.0.0.1:58571
W0503 02:00:48.202286 146231296 ServerMgr.cpp:88] remove one proxy server, id: 30
W0503 02:00:48.204849 146231296 LoginServerThread.cpp:188] center server is disconnect, after 10s will be reconnect!
I0503 02:00:51.687907 256955840 NetServer.cpp:55] accept io...127.0.0.1:58592
I0503 02:00:51.689241 146231296 LoginServerThread.cpp:198] bind one connect: 127.0.0.1:58592
I0503 02:00:51.712407 146231296 ServerMgr.cpp:54] bind one proxy server, ip:127.0.0.1:58592
W0503 02:00:58.251374 256955840 NetModule.cpp:723] ready reconnect server, server id: 0
I0503 02:00:58.251449 256955840 NetConnector.cpp:216] connect to: 0.0.0.0:5001 success! 
W0503 04:01:09.056951 146231296 LoginServerThread.cpp:188] center server is disconnect, after 10s will be reconnect!
I0503 04:01:09.059474 256955840 NetServer.cpp:88] delete io...127.0.0.1:58592
W0503 04:01:09.082684 146231296 ServerMgr.cpp:88] remove one proxy server, id: 30
I0503 04:01:12.563586 256955840 NetServer.cpp:55] accept io...127.0.0.1:58613
I0503 04:01:12.564419 146231296 LoginServerThread.cpp:198] bind one connect: 127.0.0.1:58613
I0503 04:01:12.589257 146231296 ServerMgr.cpp:54] bind one proxy server, ip:127.0.0.1:58613
W0503 04:01:19.615211 256955840 NetModule.cpp:723] ready reconnect server, server id: 0
I0503 04:01:19.615278 256955840 NetConnector.cpp:216] connect to: 0.0.0.0:5001 success! 
I0503 06:01:30.031520 256955840 NetServer.cpp:88] delete io...127.0.0.1:58613
W0503 06:01:30.031739 146231296 ServerMgr.cpp:88] remove one proxy server, id: 30
W0503 06:01:30.034734 146231296 LoginServerThread.cpp:188] center server is disconnect, after 10s will be reconnect!
I0503 06:01:33.519590 256955840 NetServer.cpp:55] accept io...127.0.0.1:58630
I0503 06:01:33.520834 146231296 LoginServerThread.cpp:198] bind one connect: 127.0.0.1:58630
I0503 06:01:33.536132 146231296 ServerMgr.cpp:54] bind one proxy server, ip:127.0.0.1:58630
W0503 06:01:40.570590 256955840 NetModule.cpp:723] ready reconnect server, server id: 0
I0503 06:01:40.570894 256955840 NetConnector.cpp:216] connect to: 0.0.0.0:5001 success! 
W0503 08:01:50.993995 146231296 LoginServerThread.cpp:188] center server is disconnect, after 10s will be reconnect!
I0503 08:01:50.994464 256955840 NetServer.cpp:88] delete io...127.0.0.1:58630
W0503 08:01:51.019968 146231296 ServerMgr.cpp:88] remove one proxy server, id: 30
I0503 08:01:54.508049 256955840 NetServer.cpp:55] accept io...127.0.0.1:58652
I0503 08:01:54.508502 146231296 LoginServerThread.cpp:198] bind one connect: 127.0.0.1:58652
I0503 08:01:54.535768 146231296 ServerMgr.cpp:54] bind one proxy server, ip:127.0.0.1:58652
W0503 08:02:01.546728 256955840 NetModule.cpp:723] ready reconnect server, server id: 0
I0503 08:02:01.546816 256955840 NetConnector.cpp:216] connect to: 0.0.0.0:5001 success! 
I0503 08:45:12.940233 256955840 NetServer.cpp:88] delete io...127.0.0.1:58652
W0503 08:45:12.942023 146231296 ServerMgr.cpp:88] remove one proxy server, id: 30
W0503 08:45:12.945232 146231296 LoginServerThread.cpp:188] center server is disconnect, after 10s will be reconnect!
I0503 08:45:16.422304 256955840 NetServer.cpp:55] accept io...127.0.0.1:58673
I0503 08:45:16.425245 146231296 LoginServerThread.cpp:198] bind one connect: 127.0.0.1:58673
I0503 08:45:16.430507 146231296 ServerMgr.cpp:54] bind one proxy server, ip:127.0.0.1:58673
W0503 08:45:22.980940 256955840 NetModule.cpp:723] ready reconnect server, server id: 0
I0503 08:45:22.981261 256955840 NetConnector.cpp:216] connect to: 127.0.0.1:5001 success! 
I0503 09:43:39.580405 256955840 NetServer.cpp:88] delete io...127.0.0.1:58673
W0503 09:43:39.582623 146231296 ServerMgr.cpp:88] remove one proxy server, id: 30
W0503 09:43:39.582664 146231296 LoginServerThread.cpp:188] center server is disconnect, after 10s will be reconnect!
I0503 09:43:43.087950 256955840 NetServer.cpp:55] accept io...127.0.0.1:58690
I0503 09:43:43.088876 146231296 LoginServerThread.cpp:198] bind one connect: 127.0.0.1:58690
I0503 09:43:43.098807 146231296 ServerMgr.cpp:54] bind one proxy server, ip:127.0.0.1:58690
W0503 09:43:50.134979 256955840 NetModule.cpp:723] ready reconnect server, server id: 0
I0503 09:43:50.135224 256955840 NetConnector.cpp:216] connect to: 0.0.0.0:5001 success! 
I0503 09:59:56.485309 256955840 NetServer.cpp:88] delete io...127.0.0.1:58690
W0503 09:59:56.486536 146231296 ServerMgr.cpp:88] remove one proxy server, id: 30
W0503 09:59:56.486579 146231296 LoginServerThread.cpp:188] center server is disconnect, after 10s will be reconnect!
I0503 09:59:59.971042 256955840 NetServer.cpp:55] accept io...127.0.0.1:58717
I0503 09:59:59.972831 146231296 LoginServerThread.cpp:198] bind one connect: 127.0.0.1:58717
I0503 09:59:59.997658 146231296 ServerMgr.cpp:54] bind one proxy server, ip:127.0.0.1:58717
W0503 10:00:06.999871 256955840 NetModule.cpp:723] ready reconnect server, server id: 0
I0503 10:00:06.999938 256955840 NetConnector.cpp:216] connect to: 0.0.0.0:5001 success! 
W0503 14:56:44.615231 146231296 LoginServerThread.cpp:5414] select expire mail fail, error no: -1, sql:select mailid from mail where userid = '85538002' and mailType = 2 and expireTime < now()
W0503 15:45:39.355278 146231296 LoginServerThread.cpp:4876] expire task fail, userid: 85585889
W0503 15:46:52.959301 146231296 LoginServerThread.cpp:4876] expire task fail, userid: 85585889
W0503 15:47:41.920852 146231296 LoginServerThread.cpp:4876] expire task fail, userid: 85585889
W0503 15:58:05.614598 146231296 LoginServerThread.cpp:4876] expire task fail, userid: 85585889
W0503 15:58:31.927292 146231296 LoginServerThread.cpp:4876] expire task fail, userid: 85585889
W0503 16:18:10.147871 146231296 LoginServerThread.cpp:4876] expire task fail, userid: 85585889
W0503 16:18:24.756559 146231296 LoginServerThread.cpp:4876] expire task fail, userid: 85585889
W0503 17:32:18.604391 146231296 LoginServerThread.cpp:4876] expire task fail, userid: 85585889
W0503 17:34:02.851038 146231296 LoginServerThread.cpp:5414] select expire mail fail, error no: -1, sql:select mailid from mail where userid = '85501464' and mailType = 2 and expireTime < now()
W0503 17:35:02.857471 146231296 LoginServerThread.cpp:5414] select expire mail fail, error no: -1, sql:select mailid from mail where userid = '85585889' and mailType = 2 and expireTime < now()
W0503 17:36:02.871410 146231296 LoginServerThread.cpp:5414] select expire mail fail, error no: -1, sql:select mailid from mail where userid = '85501464' and mailType = 2 and expireTime < now()
W0503 17:36:02.871739 146767872 LoginRecordThread.cpp:101] insert user login record fail. errno: -1, error msg: mysql not opened yet!
W0503 17:37:02.877329 146767872 LoginRecordThread.cpp:101] insert user login record fail. errno: -1, error msg: mysql not opened yet!
W0503 17:38:02.884011 146767872 LoginRecordThread.cpp:101] insert user login record fail. errno: -1, error msg: mysql not opened yet!
W0504 00:00:39.472172 146231296 LoginServerThread.cpp:547] login server is across day.
W0504 14:31:07.801081 146231296 LoginServerThread.cpp:5414] select expire mail fail, error no: -1, sql:select mailid from mail where userid = '80302031' and mailType = 2 and expireTime < now()
