W0110 02:47:34.368101 78274560 ProxyThread.cpp:133] login server is disconnect, after 3s will be reconnect!, server id: 10
W0110 02:47:34.368141 78274560 ProxyThread.cpp:138] db server is disconnect, after 3s will be reconnect!
W0110 02:47:34.368227 78274560 ProxyThread.cpp:133] game server is disconnect, after 3s will be reconnect!, server id: 1101
W0110 02:47:37.853096 185787840 NetModule.cpp:723] ready reconnect server, server id: 1
W0110 02:47:37.853226 185787840 NetModule.cpp:723] ready reconnect server, server id: 10
W0110 02:47:37.853309 185787840 NetModule.cpp:723] ready reconnect server, server id: 1101
W0110 02:47:37.853410 185787840 NetModule.cpp:723] ready reconnect server, server id: 0
W0110 02:47:37.883426 78274560 ServerMgr.cpp:17] repeated add game server, game server id:1101
W0110 02:47:44.914556 78274560 ServerMgr.cpp:60] repeated add login server, login server id:10
W0110 03:52:37.382685 78274560 ProxyThread.cpp:138] db server is disconnect, after 3s will be reconnect!
W0110 03:52:37.396610 78274560 ProxyThread.cpp:114] center server is disconnect, after 3s will be reconnect!
W0110 03:52:37.396734 78274560 ProxyThread.cpp:133] login server is disconnect, after 3s will be reconnect!, server id: 10
W0110 03:52:37.396767 78274560 ProxyThread.cpp:133] game server is disconnect, after 3s will be reconnect!, server id: 1101
W0110 03:52:40.873050 185787840 NetModule.cpp:723] ready reconnect server, server id: 1
W0110 03:52:40.873172 185787840 NetModule.cpp:723] ready reconnect server, server id: 10
W0110 03:52:40.873253 185787840 NetModule.cpp:723] ready reconnect server, server id: 1101
W0110 03:52:40.874480 185787840 NetModule.cpp:723] ready reconnect server, server id: 0
W0110 03:52:40.915380 78274560 ServerMgr.cpp:17] repeated add game server, game server id:1101
W0110 03:52:47.972461 78274560 ServerMgr.cpp:60] repeated add login server, login server id:10
W0110 03:53:12.308351 78274560 ProxyThread.cpp:138] db server is disconnect, after 3s will be reconnect!
W0110 03:53:15.582569 185787840 NetModule.cpp:723] ready reconnect server, server id: 1
W0110 04:57:40.408475 78274560 ProxyThread.cpp:114] center server is disconnect, after 3s will be reconnect!
W0110 04:57:40.409019 78274560 ProxyThread.cpp:133] game server is disconnect, after 3s will be reconnect!, server id: 1101
W0110 04:57:40.409051 78274560 ProxyThread.cpp:133] login server is disconnect, after 3s will be reconnect!, server id: 10
W0110 04:57:40.409073 78274560 ProxyThread.cpp:138] db server is disconnect, after 3s will be reconnect!
W0110 04:57:43.891335 185787840 NetModule.cpp:723] ready reconnect server, server id: 1
W0110 04:57:43.891460 185787840 NetModule.cpp:723] ready reconnect server, server id: 10
W0110 04:57:43.891563 185787840 NetModule.cpp:723] ready reconnect server, server id: 1101
W0110 04:57:43.892681 185787840 NetModule.cpp:723] ready reconnect server, server id: 0
W0110 04:57:43.941694 78274560 ServerMgr.cpp:17] repeated add game server, game server id:1101
W0110 04:57:50.953266 78274560 ServerMgr.cpp:60] repeated add login server, login server id:10
W0110 06:02:42.440662 78274560 ProxyThread.cpp:133] game server is disconnect, after 3s will be reconnect!, server id: 1101
W0110 06:02:42.441159 78274560 ProxyThread.cpp:133] login server is disconnect, after 3s will be reconnect!, server id: 10
W0110 06:02:42.441197 78274560 ProxyThread.cpp:114] center server is disconnect, after 3s will be reconnect!
W0110 06:02:42.441226 78274560 ProxyThread.cpp:138] db server is disconnect, after 3s will be reconnect!
W0110 06:02:45.932581 185787840 NetModule.cpp:723] ready reconnect server, server id: 1
W0110 06:02:45.932824 185787840 NetModule.cpp:723] ready reconnect server, server id: 10
W0110 06:02:45.932981 185787840 NetModule.cpp:723] ready reconnect server, server id: 1101
W0110 06:02:45.934326 185787840 NetModule.cpp:723] ready reconnect server, server id: 0
W0110 06:02:45.949735 78274560 ServerMgr.cpp:17] repeated add game server, game server id:1101
W0110 06:02:52.506275 78274560 ServerMgr.cpp:60] repeated add login server, login server id:10
W0110 07:07:45.471364 78274560 ProxyThread.cpp:133] game server is disconnect, after 3s will be reconnect!, server id: 1101
W0110 07:07:45.471818 78274560 ProxyThread.cpp:133] login server is disconnect, after 3s will be reconnect!, server id: 10
W0110 07:07:45.471855 78274560 ProxyThread.cpp:138] db server is disconnect, after 3s will be reconnect!
W0110 07:07:45.471881 78274560 ProxyThread.cpp:114] center server is disconnect, after 3s will be reconnect!
W0110 07:07:48.954411 185787840 NetModule.cpp:723] ready reconnect server, server id: 1
W0110 07:07:48.954664 185787840 NetModule.cpp:723] ready reconnect server, server id: 10
W0110 07:07:48.954891 185787840 NetModule.cpp:723] ready reconnect server, server id: 1101
W0110 07:07:48.956419 185787840 NetModule.cpp:723] ready reconnect server, server id: 0
W0110 07:07:48.991163 78274560 ServerMgr.cpp:17] repeated add game server, game server id:1101
W0110 07:07:56.050958 78274560 ServerMgr.cpp:60] repeated add login server, login server id:10
W0110 08:12:48.476922 78274560 ProxyThread.cpp:138] db server is disconnect, after 3s will be reconnect!
W0110 08:12:48.483079 78274560 ProxyThread.cpp:114] center server is disconnect, after 3s will be reconnect!
W0110 08:12:48.485213 78274560 ProxyThread.cpp:133] login server is disconnect, after 3s will be reconnect!, server id: 10
W0110 08:12:48.485260 78274560 ProxyThread.cpp:133] game server is disconnect, after 3s will be reconnect!, server id: 1101
W0110 08:12:51.978588 185787840 NetModule.cpp:723] ready reconnect server, server id: 1
W0110 08:12:51.978727 185787840 NetModule.cpp:723] ready reconnect server, server id: 10
W0110 08:12:51.978821 185787840 NetModule.cpp:723] ready reconnect server, server id: 1101
W0110 08:12:51.979354 185787840 NetModule.cpp:723] ready reconnect server, server id: 0
W0110 08:12:52.030117 78274560 ServerMgr.cpp:17] repeated add game server, game server id:1101
W0110 08:12:59.084023 78274560 ServerMgr.cpp:60] repeated add login server, login server id:10
W0110 08:25:18.437085 78274560 ProxyThread.cpp:133] login server is disconnect, after 3s will be reconnect!, server id: 10
W0110 08:25:18.437189 78274560 ProxyThread.cpp:114] center server is disconnect, after 3s will be reconnect!
W0110 08:25:18.439486 78274560 ProxyThread.cpp:133] game server is disconnect, after 3s will be reconnect!, server id: 1101
W0110 08:25:18.447194 78274560 ProxyThread.cpp:138] db server is disconnect, after 3s will be reconnect!
W0110 08:25:21.930341 185787840 NetModule.cpp:723] ready reconnect server, server id: 1
W0110 08:25:21.930507 185787840 NetModule.cpp:723] ready reconnect server, server id: 10
W0110 08:25:21.930665 185787840 NetModule.cpp:723] ready reconnect server, server id: 1101
W0110 08:25:21.930794 185787840 NetModule.cpp:723] ready reconnect server, server id: 0
W0110 08:25:21.962249 78274560 ServerMgr.cpp:17] repeated add game server, game server id:1101
W0110 08:25:28.990939 78274560 ServerMgr.cpp:60] repeated add login server, login server id:10
W0110 08:59:57.524014 78274560 ProxyThread.cpp:133] game server is disconnect, after 3s will be reconnect!, server id: 1101
W0110 08:59:57.524519 78274560 ProxyThread.cpp:138] db server is disconnect, after 3s will be reconnect!
W0110 08:59:57.524564 78274560 ProxyThread.cpp:133] login server is disconnect, after 3s will be reconnect!, server id: 10
W0110 08:59:57.524598 78274560 ProxyThread.cpp:114] center server is disconnect, after 3s will be reconnect!
W0110 09:00:01.009147 185787840 NetModule.cpp:723] ready reconnect server, server id: 1
W0110 09:00:01.009272 185787840 NetModule.cpp:723] ready reconnect server, server id: 10
W0110 09:00:01.009376 185787840 NetModule.cpp:723] ready reconnect server, server id: 1101
W0110 09:00:01.009456 185787840 NetModule.cpp:723] ready reconnect server, server id: 0
W0110 09:00:01.054563 78274560 ServerMgr.cpp:17] repeated add game server, game server id:1101
W0110 09:00:08.104665 78274560 ServerMgr.cpp:60] repeated add login server, login server id:10
W0110 09:45:01.534008 78274560 ProxyThread.cpp:133] game server is disconnect, after 3s will be reconnect!, server id: 1101
W0110 09:45:01.534495 78274560 ProxyThread.cpp:133] login server is disconnect, after 3s will be reconnect!, server id: 10
W0110 09:45:01.534525 78274560 ProxyThread.cpp:138] db server is disconnect, after 3s will be reconnect!
W0110 09:45:01.534545 78274560 ProxyThread.cpp:114] center server is disconnect, after 3s will be reconnect!
W0110 09:45:05.035151 185787840 NetModule.cpp:723] ready reconnect server, server id: 1
W0110 09:45:05.035292 185787840 NetModule.cpp:723] ready reconnect server, server id: 10
W0110 09:45:05.036375 185787840 NetModule.cpp:723] ready reconnect server, server id: 1101
W0110 09:45:05.036481 185787840 NetModule.cpp:723] ready reconnect server, server id: 0
W0110 09:45:05.071099 78274560 ServerMgr.cpp:17] repeated add game server, game server id:1101
W0110 09:45:11.606411 78274560 ServerMgr.cpp:60] repeated add login server, login server id:10
W0110 10:48:22.576228 78274560 ProxyThread.cpp:133] game server is disconnect, after 3s will be reconnect!, server id: 1101
W0110 10:48:22.579140 78274560 ServerMgr.cpp:145] remove one game server, game server id:1101
W0110 10:48:25.627262 78274560 ServerMgr.cpp:354] disconnect login or game server is remove or register again, no server reconnect...
W0110 10:49:12.651289 78274560 ServerMgr.cpp:40] add game server, game server id:1101
W0110 10:54:11.637614 78274560 ProxyThread.cpp:849] client socket not found, main id: 6, sub id: 695
W0110 10:54:11.638689 78274560 ProxyThread.cpp:849] client socket not found, main id: 6, sub id: 682
W0110 10:54:11.638722 78274560 ProxyThread.cpp:849] client socket not found, main id: 6, sub id: 650
W0110 10:54:15.803548 78274560 ProxyThread.cpp:849] client socket not found, main id: 6, sub id: 660
W0110 10:55:59.442215 78274560 ProxyThread.cpp:849] client socket not found, main id: 6, sub id: 695
W0110 10:55:59.442317 78274560 ProxyThread.cpp:849] client socket not found, main id: 6, sub id: 682
W0110 10:55:59.442343 78274560 ProxyThread.cpp:849] client socket not found, main id: 6, sub id: 650
W0110 10:55:59.794834 78274560 ProxyThread.cpp:849] client socket not found, main id: 6, sub id: 660
W0110 14:36:22.770840 78274560 ProxyThread.cpp:133] game server is disconnect, after 3s will be reconnect!, server id: 1101
W0110 14:36:22.771486 78274560 ServerMgr.cpp:145] remove one game server, game server id:1101
W0110 14:36:25.840557 78274560 ServerMgr.cpp:354] disconnect login or game server is remove or register again, no server reconnect...
W0110 22:12:01.935755 78274560 ProxyThread.cpp:114] center server is disconnect, after 3s will be reconnect!
W0110 22:12:01.954077 78274560 ProxyThread.cpp:133] login server is disconnect, after 3s will be reconnect!, server id: 10
W0110 22:12:01.963104 78274560 ProxyThread.cpp:138] db server is disconnect, after 3s will be reconnect!
W0110 22:12:05.373801 185787840 NetModule.cpp:723] ready reconnect server, server id: 1
W0110 22:12:05.374994 185787840 NetModule.cpp:723] ready reconnect server, server id: 10
W0110 22:12:05.375885 185787840 NetModule.cpp:723] ready reconnect server, server id: 0
W0110 22:12:12.466217 78274560 ServerMgr.cpp:60] repeated add login server, login server id:10
W0110 22:55:06.764947 78274560 ProxyThread.cpp:133] login server is disconnect, after 3s will be reconnect!, server id: 10
W0110 22:55:06.765962 78274560 ProxyThread.cpp:138] db server is disconnect, after 3s will be reconnect!
W0110 22:55:06.766012 78274560 ProxyThread.cpp:114] center server is disconnect, after 3s will be reconnect!
W0110 22:55:10.247012 185787840 NetModule.cpp:723] ready reconnect server, server id: 1
W0110 22:55:10.247579 185787840 NetModule.cpp:723] ready reconnect server, server id: 10
W0110 22:55:10.249023 185787840 NetModule.cpp:723] ready reconnect server, server id: 0
W0110 22:55:17.352432 78274560 ServerMgr.cpp:60] repeated add login server, login server id:10
W0111 00:00:09.790935 78274560 ProxyThread.cpp:138] db server is disconnect, after 3s will be reconnect!
W0111 00:00:09.791046 78274560 ProxyThread.cpp:114] center server is disconnect, after 3s will be reconnect!
W0111 00:00:09.791076 78274560 ProxyThread.cpp:133] login server is disconnect, after 3s will be reconnect!, server id: 10
W0111 00:00:13.296593 185787840 NetModule.cpp:723] ready reconnect server, server id: 1
W0111 00:00:13.296926 185787840 NetModule.cpp:723] ready reconnect server, server id: 10
W0111 00:00:13.297505 185787840 NetModule.cpp:723] ready reconnect server, server id: 0
W0111 00:00:19.854585 78274560 ProxyThread.cpp:114] center server is disconnect, after 3s will be reconnect!
W0111 00:00:23.360574 185787840 NetModule.cpp:723] ready reconnect server, server id: 0
W0111 00:00:23.407953 78274560 ServerMgr.cpp:60] repeated add login server, login server id:10
W0111 01:05:12.836437 78274560 ProxyThread.cpp:133] login server is disconnect, after 3s will be reconnect!, server id: 10
W0111 01:05:12.838176 78274560 ProxyThread.cpp:114] center server is disconnect, after 3s will be reconnect!
W0111 01:05:12.838850 78274560 ProxyThread.cpp:138] db server is disconnect, after 3s will be reconnect!
W0111 01:05:16.322660 185787840 NetModule.cpp:723] ready reconnect server, server id: 1
W0111 01:05:16.322780 185787840 NetModule.cpp:723] ready reconnect server, server id: 10
W0111 01:05:16.323396 185787840 NetModule.cpp:723] ready reconnect server, server id: 0
W0111 01:05:22.914145 78274560 ServerMgr.cpp:60] repeated add login server, login server id:10
W0111 02:10:16.863049 78274560 ProxyThread.cpp:138] db server is disconnect, after 3s will be reconnect!
W0111 02:10:16.863437 78274560 ProxyThread.cpp:133] login server is disconnect, after 3s will be reconnect!, server id: 10
W0111 02:10:16.863474 78274560 ProxyThread.cpp:114] center server is disconnect, after 3s will be reconnect!
W0111 02:10:20.347785 185787840 NetModule.cpp:723] ready reconnect server, server id: 1
W0111 02:10:20.349535 185787840 NetModule.cpp:723] ready reconnect server, server id: 10
W0111 02:10:20.349634 185787840 NetModule.cpp:723] ready reconnect server, server id: 0
W0111 02:10:27.400071 78274560 ServerMgr.cpp:60] repeated add login server, login server id:10
W0111 02:10:51.921135 78274560 ProxyThread.cpp:138] db server is disconnect, after 3s will be reconnect!
W0111 02:10:55.121788 185787840 NetModule.cpp:723] ready reconnect server, server id: 1
W0111 03:15:20.866840 78274560 ProxyThread.cpp:133] login server is disconnect, after 3s will be reconnect!, server id: 10
W0111 03:15:20.874985 78274560 ProxyThread.cpp:138] db server is disconnect, after 3s will be reconnect!
W0111 03:15:20.875027 78274560 ProxyThread.cpp:114] center server is disconnect, after 3s will be reconnect!
W0111 03:15:24.378923 185787840 NetModule.cpp:723] ready reconnect server, server id: 1
W0111 03:15:24.380180 185787840 NetModule.cpp:723] ready reconnect server, server id: 10
W0111 03:15:24.384966 185787840 NetModule.cpp:723] ready reconnect server, server id: 0
W0111 03:15:30.973773 78274560 ServerMgr.cpp:60] repeated add login server, login server id:10
W0111 03:15:54.773043 78274560 ProxyThread.cpp:138] db server is disconnect, after 3s will be reconnect!
W0111 03:15:58.140647 185787840 NetModule.cpp:723] ready reconnect server, server id: 1
W0111 04:20:24.877792 78274560 ProxyThread.cpp:138] db server is disconnect, after 3s will be reconnect!
W0111 04:20:24.877884 78274560 ProxyThread.cpp:114] center server is disconnect, after 3s will be reconnect!
W0111 04:20:24.877912 78274560 ProxyThread.cpp:133] login server is disconnect, after 3s will be reconnect!, server id: 10
W0111 04:20:28.386684 185787840 NetModule.cpp:723] ready reconnect server, server id: 1
W0111 04:20:28.386816 185787840 NetModule.cpp:723] ready reconnect server, server id: 10
W0111 04:20:28.386929 185787840 NetModule.cpp:723] ready reconnect server, server id: 0
W0111 04:20:34.992846 78274560 ServerMgr.cpp:60] repeated add login server, login server id:10
W0111 05:25:28.907438 78274560 ProxyThread.cpp:133] login server is disconnect, after 3s will be reconnect!, server id: 10
W0111 05:25:28.907515 78274560 ProxyThread.cpp:138] db server is disconnect, after 3s will be reconnect!
W0111 05:25:28.907537 78274560 ProxyThread.cpp:114] center server is disconnect, after 3s will be reconnect!
W0111 05:25:32.403532 185787840 NetModule.cpp:723] ready reconnect server, server id: 1
W0111 05:25:32.403653 185787840 NetModule.cpp:723] ready reconnect server, server id: 10
W0111 05:25:32.403736 185787840 NetModule.cpp:723] ready reconnect server, server id: 0
W0111 05:25:39.023449 78274560 ServerMgr.cpp:60] repeated add login server, login server id:10
W0111 06:30:31.935173 78274560 ProxyThread.cpp:138] db server is disconnect, after 3s will be reconnect!
W0111 06:30:31.935791 78274560 ProxyThread.cpp:133] login server is disconnect, after 3s will be reconnect!, server id: 10
W0111 06:30:31.935827 78274560 ProxyThread.cpp:114] center server is disconnect, after 3s will be reconnect!
W0111 06:30:35.429163 185787840 NetModule.cpp:723] ready reconnect server, server id: 1
W0111 06:30:35.429287 185787840 NetModule.cpp:723] ready reconnect server, server id: 10
W0111 06:30:35.430320 185787840 NetModule.cpp:723] ready reconnect server, server id: 0
W0111 06:30:42.054558 78274560 ServerMgr.cpp:60] repeated add login server, login server id:10
W0111 06:31:05.640168 78274560 ProxyThread.cpp:138] db server is disconnect, after 3s will be reconnect!
W0111 06:31:08.723038 185787840 NetModule.cpp:723] ready reconnect server, server id: 1
W0111 07:35:35.957464 78274560 ProxyThread.cpp:138] db server is disconnect, after 3s will be reconnect!
W0111 07:35:35.957890 78274560 ProxyThread.cpp:114] center server is disconnect, after 3s will be reconnect!
W0111 07:35:35.957927 78274560 ProxyThread.cpp:133] login server is disconnect, after 3s will be reconnect!, server id: 10
W0111 07:35:39.459615 185787840 NetModule.cpp:723] ready reconnect server, server id: 1
W0111 07:35:39.459740 185787840 NetModule.cpp:723] ready reconnect server, server id: 10
W0111 07:35:39.460790 185787840 NetModule.cpp:723] ready reconnect server, server id: 0
W0111 07:35:46.587652 78274560 ServerMgr.cpp:60] repeated add login server, login server id:10
W0111 08:40:38.996137 78274560 ProxyThread.cpp:133] login server is disconnect, after 3s will be reconnect!, server id: 10
W0111 08:40:39.007277 78274560 ProxyThread.cpp:114] center server is disconnect, after 3s will be reconnect!
W0111 08:40:39.007311 78274560 ProxyThread.cpp:138] db server is disconnect, after 3s will be reconnect!
W0111 08:40:42.489338 185787840 NetModule.cpp:723] ready reconnect server, server id: 1
W0111 08:40:42.489446 185787840 NetModule.cpp:723] ready reconnect server, server id: 10
W0111 08:40:42.489528 185787840 NetModule.cpp:723] ready reconnect server, server id: 0
W0111 08:40:49.594226 78274560 ServerMgr.cpp:60] repeated add login server, login server id:10
W0111 09:45:02.011443 78274560 ProxyThread.cpp:138] db server is disconnect, after 3s will be reconnect!
W0111 09:45:02.011569 78274560 ProxyThread.cpp:114] center server is disconnect, after 3s will be reconnect!
W0111 09:45:02.020048 78274560 ProxyThread.cpp:133] login server is disconnect, after 3s will be reconnect!, server id: 10
W0111 09:45:05.508407 185787840 NetModule.cpp:723] ready reconnect server, server id: 1
W0111 09:45:05.508525 185787840 NetModule.cpp:723] ready reconnect server, server id: 10
W0111 09:45:05.508601 185787840 NetModule.cpp:723] ready reconnect server, server id: 0
W0111 09:45:12.609596 78274560 ServerMgr.cpp:60] repeated add login server, login server id:10
W0111 10:05:05.685462 78274560 ServerMgr.cpp:40] add game server, game server id:1101
W0111 10:24:12.288856 78274560 ProxyThread.cpp:849] client socket not found, main id: 6, sub id: 695
W0111 10:24:12.288933 78274560 ProxyThread.cpp:849] client socket not found, main id: 6, sub id: 682
W0111 10:24:12.288964 78274560 ProxyThread.cpp:849] client socket not found, main id: 6, sub id: 650
W0111 10:24:12.637739 78274560 ProxyThread.cpp:849] client socket not found, main id: 6, sub id: 660
W0111 10:24:13.276144 78274560 ProxyThread.cpp:849] client socket not found, main id: 6, sub id: 695
W0111 10:24:13.276212 78274560 ProxyThread.cpp:849] client socket not found, main id: 6, sub id: 682
W0111 10:24:13.276237 78274560 ProxyThread.cpp:849] client socket not found, main id: 6, sub id: 650
W0111 10:24:13.604779 78274560 ProxyThread.cpp:849] client socket not found, main id: 6, sub id: 660
W0111 10:24:14.224074 78274560 ProxyThread.cpp:849] client socket not found, main id: 6, sub id: 695
W0111 10:24:14.224182 78274560 ProxyThread.cpp:849] client socket not found, main id: 6, sub id: 682
W0111 10:24:14.224212 78274560 ProxyThread.cpp:849] client socket not found, main id: 6, sub id: 650
W0111 10:24:14.555953 78274560 ProxyThread.cpp:849] client socket not found, main id: 6, sub id: 660
W0111 10:25:21.642879 78274560 ProxyThread.cpp:133] game server is disconnect, after 3s will be reconnect!, server id: 1101
W0111 10:25:21.668689 78274560 ServerMgr.cpp:145] remove one game server, game server id:1101
W0111 10:25:24.659757 78274560 ServerMgr.cpp:354] disconnect login or game server is remove or register again, no server reconnect...
W0111 10:25:46.744467 78274560 ServerMgr.cpp:40] add game server, game server id:1101
W0111 10:28:22.500280 78274560 ServerMgr.cpp:140] remove game server, but the link is alive, game server id:1101
W0111 10:28:22.501025 78274560 ServerMgr.cpp:145] remove one game server, game server id:1101
W0111 10:29:51.081998 78274560 ServerMgr.cpp:40] add game server, game server id:1101
W0111 10:30:22.830102 78274560 ProxyThread.cpp:133] game server is disconnect, after 3s will be reconnect!, server id: 1101
W0111 10:30:22.850487 78274560 ServerMgr.cpp:145] remove one game server, game server id:1101
W0111 10:30:25.889451 78274560 ServerMgr.cpp:354] disconnect login or game server is remove or register again, no server reconnect...
W0111 10:30:27.827306 78274560 ServerMgr.cpp:40] add game server, game server id:1101
W0111 10:39:38.919064 78274560 ProxyThread.cpp:849] client socket not found, main id: 6, sub id: 660
W0111 13:34:17.619235 78274560 ProxyThread.cpp:138] db server is disconnect, after 3s will be reconnect!
W0111 13:34:17.626711 78274560 ProxyThread.cpp:133] login server is disconnect, after 3s will be reconnect!, server id: 10
W0111 13:34:17.642591 78274560 ProxyThread.cpp:133] game server is disconnect, after 3s will be reconnect!, server id: 1101
W0111 13:34:17.662084 78274560 ProxyThread.cpp:114] center server is disconnect, after 3s will be reconnect!
W0111 13:34:21.068879 185787840 NetModule.cpp:723] ready reconnect server, server id: 1
W0111 13:34:21.070435 185787840 NetModule.cpp:723] ready reconnect server, server id: 10
W0111 13:34:21.071776 185787840 NetModule.cpp:723] ready reconnect server, server id: 1101
W0111 13:34:21.072669 185787840 NetModule.cpp:723] ready reconnect server, server id: 0
W0111 13:34:21.119658 78274560 ServerMgr.cpp:17] repeated add game server, game server id:1101
W0111 13:34:28.117720 78274560 ServerMgr.cpp:60] repeated add login server, login server id:10
W0111 19:03:21.431129 78274560 ProxyThread.cpp:133] game server is disconnect, after 3s will be reconnect!, server id: 1101
W0111 19:03:21.451220 78274560 ServerMgr.cpp:145] remove one game server, game server id:1101
W0111 19:03:24.496795 78274560 ServerMgr.cpp:354] disconnect login or game server is remove or register again, no server reconnect...
W0111 19:03:59.154651 78274560 ServerMgr.cpp:40] add game server, game server id:1101
W0111 22:15:30.591145 78274560 ProxyThread.cpp:133] game server is disconnect, after 3s will be reconnect!, server id: 1101
W0111 22:15:30.591262 78274560 ProxyThread.cpp:114] center server is disconnect, after 3s will be reconnect!
W0111 22:15:30.593478 78274560 ProxyThread.cpp:133] login server is disconnect, after 3s will be reconnect!, server id: 10
W0111 22:15:30.593541 78274560 ProxyThread.cpp:138] db server is disconnect, after 3s will be reconnect!
W0111 22:15:34.123136 185787840 NetModule.cpp:723] ready reconnect server, server id: 1
W0111 22:15:34.123296 185787840 NetModule.cpp:723] ready reconnect server, server id: 10
W0111 22:15:34.123872 185787840 NetModule.cpp:723] ready reconnect server, server id: 0
W0111 22:15:34.123991 185787840 NetModule.cpp:723] ready reconnect server, server id: 1101
W0111 22:15:34.149642 78274560 ServerMgr.cpp:17] repeated add game server, game server id:1101
W0111 22:15:40.728252 78274560 ServerMgr.cpp:60] repeated add login server, login server id:10
W0111 23:01:53.073262 78274560 ProxyThread.cpp:114] center server is disconnect, after 3s will be reconnect!
W0111 23:01:53.084106 78274560 ProxyThread.cpp:133] game server is disconnect, after 3s will be reconnect!, server id: 1101
W0111 23:01:53.086271 78274560 ProxyThread.cpp:138] db server is disconnect, after 3s will be reconnect!
W0111 23:01:53.086313 78274560 ProxyThread.cpp:133] login server is disconnect, after 3s will be reconnect!, server id: 10
W0111 23:01:56.559056 185787840 NetModule.cpp:723] ready reconnect server, server id: 1
W0111 23:01:56.559175 185787840 NetModule.cpp:723] ready reconnect server, server id: 10
W0111 23:01:56.559255 185787840 NetModule.cpp:723] ready reconnect server, server id: 0
W0111 23:01:56.561481 185787840 NetModule.cpp:723] ready reconnect server, server id: 1101
W0111 23:01:56.595948 78274560 ServerMgr.cpp:17] repeated add game server, game server id:1101
W0111 23:02:03.620465 78274560 ServerMgr.cpp:60] repeated add login server, login server id:10
W0112 00:06:56.090911 78274560 ProxyThread.cpp:133] login server is disconnect, after 3s will be reconnect!, server id: 10
W0112 00:06:56.091033 78274560 ProxyThread.cpp:138] db server is disconnect, after 3s will be reconnect!
W0112 00:06:56.091070 78274560 ProxyThread.cpp:114] center server is disconnect, after 3s will be reconnect!
W0112 00:06:56.101513 78274560 ProxyThread.cpp:133] game server is disconnect, after 3s will be reconnect!, server id: 1101
W0112 00:06:59.589745 185787840 NetModule.cpp:723] ready reconnect server, server id: 1
W0112 00:06:59.590334 185787840 NetModule.cpp:723] ready reconnect server, server id: 10
W0112 00:06:59.590968 185787840 NetModule.cpp:723] ready reconnect server, server id: 0
W0112 00:06:59.591895 185787840 NetModule.cpp:723] ready reconnect server, server id: 1101
W0112 00:07:06.558874 78274560 ServerMgr.cpp:140] remove game server, but the link is alive, game server id:1101
W0112 00:07:06.558979 78274560 ServerMgr.cpp:145] remove one game server, game server id:1101
W0112 00:07:06.559057 78274560 ServerMgr.cpp:40] add game server, game server id:1101
W0112 00:07:06.582250 78274560 ProxyThread.cpp:133] game server is disconnect, after 3s will be reconnect!, server id: 1101
W0112 00:07:07.176167 78274560 ServerMgr.cpp:60] repeated add login server, login server id:10
W0112 00:07:09.608544 78274560 ServerMgr.cpp:354] disconnect login or game server is remove or register again, no server reconnect...
W0112 01:11:59.125546 78274560 ProxyThread.cpp:114] center server is disconnect, after 3s will be reconnect!
W0112 01:11:59.126260 78274560 ProxyThread.cpp:133] login server is disconnect, after 3s will be reconnect!, server id: 10
W0112 01:11:59.126298 78274560 ProxyThread.cpp:138] db server is disconnect, after 3s will be reconnect!
W0112 01:11:59.126324 78274560 ProxyThread.cpp:133] game server is disconnect, after 3s will be reconnect!, server id: 1101
W0112 01:12:02.605096 185787840 NetModule.cpp:723] ready reconnect server, server id: 1
W0112 01:12:02.605213 185787840 NetModule.cpp:723] ready reconnect server, server id: 10
W0112 01:12:02.605309 185787840 NetModule.cpp:723] ready reconnect server, server id: 1101
W0112 01:12:02.605980 185787840 NetModule.cpp:723] ready reconnect server, server id: 0
W0112 01:12:02.657034 78274560 ServerMgr.cpp:17] repeated add game server, game server id:1101
W0112 01:12:09.662724 78274560 ServerMgr.cpp:60] repeated add login server, login server id:10
W0112 01:47:02.129974 78274560 ProxyThread.cpp:114] center server is disconnect, after 3s will be reconnect!
W0112 01:47:02.149868 78274560 ProxyThread.cpp:133] login server is disconnect, after 3s will be reconnect!, server id: 10
W0112 01:47:02.149926 78274560 ProxyThread.cpp:138] db server is disconnect, after 3s will be reconnect!
W0112 01:47:02.149966 78274560 ProxyThread.cpp:133] game server is disconnect, after 3s will be reconnect!, server id: 1101
W0112 01:47:05.631368 185787840 NetModule.cpp:723] ready reconnect server, server id: 1
W0112 01:47:05.631492 185787840 NetModule.cpp:723] ready reconnect server, server id: 10
W0112 01:47:05.632580 185787840 NetModule.cpp:723] ready reconnect server, server id: 1101
W0112 01:47:05.632678 185787840 NetModule.cpp:723] ready reconnect server, server id: 0
W0112 01:47:05.681628 78274560 ServerMgr.cpp:17] repeated add game server, game server id:1101
W0112 01:47:12.692812 78274560 ServerMgr.cpp:60] repeated add login server, login server id:10
W0112 02:52:05.134946 78274560 ProxyThread.cpp:133] game server is disconnect, after 3s will be reconnect!, server id: 1101
W0112 02:52:05.135027 78274560 ProxyThread.cpp:133] login server is disconnect, after 3s will be reconnect!, server id: 10
W0112 02:52:05.135051 78274560 ProxyThread.cpp:138] db server is disconnect, after 3s will be reconnect!
W0112 02:52:05.135069 78274560 ProxyThread.cpp:114] center server is disconnect, after 3s will be reconnect!
W0112 02:52:08.633160 185787840 NetModule.cpp:723] ready reconnect server, server id: 1
W0112 02:52:08.633283 185787840 NetModule.cpp:723] ready reconnect server, server id: 10
W0112 02:52:08.633925 185787840 NetModule.cpp:723] ready reconnect server, server id: 1101
W0112 02:52:08.634548 185787840 NetModule.cpp:723] ready reconnect server, server id: 0
W0112 02:52:08.676550 78274560 ServerMgr.cpp:17] repeated add game server, game server id:1101
W0112 02:52:15.721491 78274560 ServerMgr.cpp:60] repeated add login server, login server id:10
W0112 03:57:08.161710 78274560 ProxyThread.cpp:133] login server is disconnect, after 3s will be reconnect!, server id: 10
W0112 03:57:08.161834 78274560 ProxyThread.cpp:114] center server is disconnect, after 3s will be reconnect!
W0112 03:57:08.161901 78274560 ProxyThread.cpp:133] game server is disconnect, after 3s will be reconnect!, server id: 1101
W0112 03:57:08.164091 78274560 ProxyThread.cpp:138] db server is disconnect, after 3s will be reconnect!
W0112 03:57:11.652688 185787840 NetModule.cpp:723] ready reconnect server, server id: 1
W0112 03:57:11.652804 185787840 NetModule.cpp:723] ready reconnect server, server id: 10
W0112 03:57:11.652899 185787840 NetModule.cpp:723] ready reconnect server, server id: 1101
W0112 03:57:11.652981 185787840 NetModule.cpp:723] ready reconnect server, server id: 0
W0112 03:57:11.683642 78274560 ServerMgr.cpp:17] repeated add game server, game server id:1101
W0112 03:57:18.228329 78274560 ServerMgr.cpp:60] repeated add login server, login server id:10
W0112 05:02:11.188302 78274560 ProxyThread.cpp:133] login server is disconnect, after 3s will be reconnect!, server id: 10
W0112 05:02:11.188845 78274560 ProxyThread.cpp:133] game server is disconnect, after 3s will be reconnect!, server id: 1101
W0112 05:02:11.188879 78274560 ProxyThread.cpp:114] center server is disconnect, after 3s will be reconnect!
W0112 05:02:11.188901 78274560 ProxyThread.cpp:138] db server is disconnect, after 3s will be reconnect!
W0112 05:02:14.689000 185787840 NetModule.cpp:723] ready reconnect server, server id: 1
W0112 05:02:14.689105 185787840 NetModule.cpp:723] ready reconnect server, server id: 10
W0112 05:02:14.689185 185787840 NetModule.cpp:723] ready reconnect server, server id: 1101
W0112 05:02:14.689262 185787840 NetModule.cpp:723] ready reconnect server, server id: 0
W0112 05:02:14.719689 78274560 ServerMgr.cpp:17] repeated add game server, game server id:1101
W0112 05:02:21.739483 78274560 ServerMgr.cpp:60] repeated add login server, login server id:10
W0112 06:07:14.209357 78274560 ProxyThread.cpp:133] login server is disconnect, after 3s will be reconnect!, server id: 10
W0112 06:07:14.209467 78274560 ProxyThread.cpp:133] game server is disconnect, after 3s will be reconnect!, server id: 1101
W0112 06:07:14.209501 78274560 ProxyThread.cpp:114] center server is disconnect, after 3s will be reconnect!
W0112 06:07:14.221117 78274560 ProxyThread.cpp:138] db server is disconnect, after 3s will be reconnect!
W0112 06:07:17.710355 185787840 NetModule.cpp:723] ready reconnect server, server id: 1
W0112 06:07:17.710485 185787840 NetModule.cpp:723] ready reconnect server, server id: 10
W0112 06:07:17.710585 185787840 NetModule.cpp:723] ready reconnect server, server id: 1101
W0112 06:07:17.712245 185787840 NetModule.cpp:723] ready reconnect server, server id: 0
W0112 06:07:17.735347 78274560 ServerMgr.cpp:17] repeated add game server, game server id:1101
W0112 06:07:24.766083 78274560 ServerMgr.cpp:60] repeated add login server, login server id:10
W0112 07:12:17.242414 78274560 ProxyThread.cpp:133] game server is disconnect, after 3s will be reconnect!, server id: 1101
W0112 07:12:17.242554 78274560 ProxyThread.cpp:133] login server is disconnect, after 3s will be reconnect!, server id: 10
W0112 07:12:17.242628 78274560 ProxyThread.cpp:138] db server is disconnect, after 3s will be reconnect!
W0112 07:12:17.242666 78274560 ProxyThread.cpp:114] center server is disconnect, after 3s will be reconnect!
W0112 07:12:20.722775 185787840 NetModule.cpp:723] ready reconnect server, server id: 1
W0112 07:12:20.722894 185787840 NetModule.cpp:723] ready reconnect server, server id: 10
W0112 07:12:20.722980 185787840 NetModule.cpp:723] ready reconnect server, server id: 1101
W0112 07:12:20.723073 185787840 NetModule.cpp:723] ready reconnect server, server id: 0
W0112 07:12:20.764771 78274560 ServerMgr.cpp:17] repeated add game server, game server id:1101
W0112 07:12:27.801901 78274560 ServerMgr.cpp:60] repeated add login server, login server id:10
W0112 08:17:20.265530 78274560 ProxyThread.cpp:133] game server is disconnect, after 3s will be reconnect!, server id: 1101
W0112 08:17:20.282287 78274560 ProxyThread.cpp:114] center server is disconnect, after 3s will be reconnect!
W0112 08:17:20.282323 78274560 ProxyThread.cpp:138] db server is disconnect, after 3s will be reconnect!
W0112 08:17:20.282353 78274560 ProxyThread.cpp:133] login server is disconnect, after 3s will be reconnect!, server id: 10
W0112 08:17:23.761763 185787840 NetModule.cpp:723] ready reconnect server, server id: 1
W0112 08:17:23.762923 185787840 NetModule.cpp:723] ready reconnect server, server id: 10
W0112 08:17:23.763028 185787840 NetModule.cpp:723] ready reconnect server, server id: 1101
W0112 08:17:23.763113 185787840 NetModule.cpp:723] ready reconnect server, server id: 0
W0112 08:17:23.777590 78274560 ServerMgr.cpp:17] repeated add game server, game server id:1101
W0112 08:17:30.852169 78274560 ServerMgr.cpp:60] repeated add login server, login server id:10
W0112 09:22:23.298000 78274560 ProxyThread.cpp:114] center server is disconnect, after 3s will be reconnect!
W0112 09:22:23.298341 78274560 ProxyThread.cpp:133] login server is disconnect, after 3s will be reconnect!, server id: 10
W0112 09:22:23.298385 78274560 ProxyThread.cpp:133] game server is disconnect, after 3s will be reconnect!, server id: 1101
W0112 09:22:23.298421 78274560 ProxyThread.cpp:138] db server is disconnect, after 3s will be reconnect!
W0112 09:22:26.803508 185787840 NetModule.cpp:723] ready reconnect server, server id: 1
W0112 09:22:26.803627 185787840 NetModule.cpp:723] ready reconnect server, server id: 10
W0112 09:22:26.803730 185787840 NetModule.cpp:723] ready reconnect server, server id: 1101
W0112 09:22:26.803807 185787840 NetModule.cpp:723] ready reconnect server, server id: 0
W0112 09:22:26.853657 78274560 ServerMgr.cpp:17] repeated add game server, game server id:1101
W0112 09:22:33.848457 78274560 ServerMgr.cpp:60] repeated add login server, login server id:10
W0112 09:50:12.835939 78274560 ProxyThread.cpp:133] login server is disconnect, after 3s will be reconnect!, server id: 10
W0112 09:50:12.836546 78274560 ProxyThread.cpp:133] game server is disconnect, after 3s will be reconnect!, server id: 1101
W0112 09:50:12.836591 78274560 ProxyThread.cpp:138] db server is disconnect, after 3s will be reconnect!
W0112 09:50:12.836624 78274560 ProxyThread.cpp:114] center server is disconnect, after 3s will be reconnect!
W0112 09:50:16.312220 185787840 NetModule.cpp:723] ready reconnect server, server id: 1
W0112 09:50:16.313299 185787840 NetModule.cpp:723] ready reconnect server, server id: 10
W0112 09:50:16.313855 185787840 NetModule.cpp:723] ready reconnect server, server id: 1101
W0112 09:50:16.313941 185787840 NetModule.cpp:723] ready reconnect server, server id: 0
W0112 09:50:16.345793 78274560 ServerMgr.cpp:17] repeated add game server, game server id:1101
W0112 09:50:23.351531 78274560 ServerMgr.cpp:60] repeated add login server, login server id:10
W0112 22:09:21.694344 78274560 ProxyThread.cpp:138] db server is disconnect, after 3s will be reconnect!
W0112 22:09:21.695363 78274560 ProxyThread.cpp:133] game server is disconnect, after 3s will be reconnect!, server id: 1101
W0112 22:09:21.696069 78274560 ProxyThread.cpp:133] login server is disconnect, after 3s will be reconnect!, server id: 10
W0112 22:09:21.703709 78274560 ProxyThread.cpp:114] center server is disconnect, after 3s will be reconnect!
W0112 22:09:25.179407 185787840 NetModule.cpp:723] ready reconnect server, server id: 1
W0112 22:09:25.179718 185787840 NetModule.cpp:723] ready reconnect server, server id: 10
W0112 22:09:25.179945 185787840 NetModule.cpp:723] ready reconnect server, server id: 1101
W0112 22:09:25.180173 185787840 NetModule.cpp:723] ready reconnect server, server id: 0
W0112 22:09:25.229547 78274560 ServerMgr.cpp:17] repeated add game server, game server id:1101
W0112 22:09:32.247108 78274560 ServerMgr.cpp:60] repeated add login server, login server id:10
W0112 22:53:22.462345 78274560 ProxyThread.cpp:138] db server is disconnect, after 3s will be reconnect!
W0112 22:53:22.500109 78274560 ProxyThread.cpp:133] login server is disconnect, after 3s will be reconnect!, server id: 10
W0112 22:53:22.500171 78274560 ProxyThread.cpp:114] center server is disconnect, after 3s will be reconnect!
W0112 22:53:22.500206 78274560 ProxyThread.cpp:133] game server is disconnect, after 3s will be reconnect!, server id: 1101
W0112 22:53:25.958103 185787840 NetModule.cpp:723] ready reconnect server, server id: 1
W0112 22:53:25.958222 185787840 NetModule.cpp:723] ready reconnect server, server id: 10
W0112 22:53:25.958344 185787840 NetModule.cpp:723] ready reconnect server, server id: 1101
W0112 22:53:25.958438 185787840 NetModule.cpp:723] ready reconnect server, server id: 0
W0112 22:53:25.998692 78274560 ServerMgr.cpp:17] repeated add game server, game server id:1101
W0112 22:53:33.032140 78274560 ServerMgr.cpp:60] repeated add login server, login server id:10
W0112 23:37:20.493760 78274560 ProxyThread.cpp:133] game server is disconnect, after 3s will be reconnect!, server id: 1101
W0112 23:37:20.513644 78274560 ProxyThread.cpp:133] login server is disconnect, after 3s will be reconnect!, server id: 10
W0112 23:37:20.515789 78274560 ProxyThread.cpp:114] center server is disconnect, after 3s will be reconnect!
W0112 23:37:20.515843 78274560 ProxyThread.cpp:138] db server is disconnect, after 3s will be reconnect!
W0112 23:37:23.988363 185787840 NetModule.cpp:723] ready reconnect server, server id: 1
W0112 23:37:23.988481 185787840 NetModule.cpp:723] ready reconnect server, server id: 10
W0112 23:37:23.988562 185787840 NetModule.cpp:723] ready reconnect server, server id: 1101
W0112 23:37:23.988653 185787840 NetModule.cpp:723] ready reconnect server, server id: 0
W0112 23:37:24.030491 78274560 ServerMgr.cpp:17] repeated add game server, game server id:1101
W0112 23:37:31.077546 78274560 ServerMgr.cpp:60] repeated add login server, login server id:10
W0113 00:42:23.553288 78274560 ProxyThread.cpp:138] db server is disconnect, after 3s will be reconnect!
W0113 00:42:23.557389 78274560 ProxyThread.cpp:133] game server is disconnect, after 3s will be reconnect!, server id: 1101
W0113 00:42:23.557430 78274560 ProxyThread.cpp:114] center server is disconnect, after 3s will be reconnect!
W0113 00:42:23.557456 78274560 ProxyThread.cpp:133] login server is disconnect, after 3s will be reconnect!, server id: 10
W0113 00:42:27.029096 185787840 NetModule.cpp:723] ready reconnect server, server id: 1
W0113 00:42:27.030215 185787840 NetModule.cpp:723] ready reconnect server, server id: 10
W0113 00:42:27.030306 185787840 NetModule.cpp:723] ready reconnect server, server id: 1101
W0113 00:42:27.030875 185787840 NetModule.cpp:723] ready reconnect server, server id: 0
W0113 00:42:34.371968 78274560 ServerMgr.cpp:17] repeated add game server, game server id:1101
W0113 00:42:34.387547 78274560 ProxyThread.cpp:114] center server is disconnect, after 3s will be reconnect!
W0113 00:42:37.592778 185787840 NetModule.cpp:723] ready reconnect server, server id: 0
W0113 00:42:37.617750 78274560 ServerMgr.cpp:17] repeated add game server, game server id:1101
W0113 00:42:37.617846 78274560 ServerMgr.cpp:60] repeated add login server, login server id:10
W0113 01:40:45.539098 78274560 ProxyThread.cpp:133] login server is disconnect, after 3s will be reconnect!, server id: 10
W0113 01:40:45.557358 78274560 ProxyThread.cpp:114] center server is disconnect, after 3s will be reconnect!
W0113 01:40:45.557405 78274560 ProxyThread.cpp:138] db server is disconnect, after 3s will be reconnect!
W0113 01:40:45.559646 78274560 ProxyThread.cpp:133] game server is disconnect, after 3s will be reconnect!, server id: 1101
W0113 01:40:49.035981 185787840 NetModule.cpp:723] ready reconnect server, server id: 1
W0113 01:40:49.037130 185787840 NetModule.cpp:723] ready reconnect server, server id: 10
W0113 01:40:49.037241 185787840 NetModule.cpp:723] ready reconnect server, server id: 1101
W0113 01:40:49.037911 185787840 NetModule.cpp:723] ready reconnect server, server id: 0
W0113 01:40:49.048260 78274560 ServerMgr.cpp:17] repeated add game server, game server id:1101
W0113 01:40:56.105247 78274560 ServerMgr.cpp:60] repeated add login server, login server id:10
W0113 02:45:48.567834 78274560 ProxyThread.cpp:114] center server is disconnect, after 3s will be reconnect!
W0113 02:45:48.568380 78274560 ProxyThread.cpp:133] game server is disconnect, after 3s will be reconnect!, server id: 1101
W0113 02:45:48.568574 78274560 ProxyThread.cpp:138] db server is disconnect, after 3s will be reconnect!
W0113 02:45:48.568619 78274560 ProxyThread.cpp:133] login server is disconnect, after 3s will be reconnect!, server id: 10
W0113 02:45:52.052489 185787840 NetModule.cpp:723] ready reconnect server, server id: 1
W0113 02:45:52.053154 185787840 NetModule.cpp:723] ready reconnect server, server id: 10
W0113 02:45:52.053278 185787840 NetModule.cpp:723] ready reconnect server, server id: 1101
W0113 02:45:52.053380 185787840 NetModule.cpp:723] ready reconnect server, server id: 0
W0113 02:45:52.089675 78274560 ServerMgr.cpp:17] repeated add game server, game server id:1101
W0113 02:45:59.104713 78274560 ServerMgr.cpp:60] repeated add login server, login server id:10
W0113 03:50:51.583952 78274560 ProxyThread.cpp:114] center server is disconnect, after 3s will be reconnect!
W0113 03:50:51.584348 78274560 ProxyThread.cpp:138] db server is disconnect, after 3s will be reconnect!
W0113 03:50:51.584385 78274560 ProxyThread.cpp:133] login server is disconnect, after 3s will be reconnect!, server id: 10
W0113 03:50:51.584409 78274560 ProxyThread.cpp:133] game server is disconnect, after 3s will be reconnect!, server id: 1101
W0113 03:50:55.085163 185787840 NetModule.cpp:723] ready reconnect server, server id: 1
W0113 03:50:55.085289 185787840 NetModule.cpp:723] ready reconnect server, server id: 10
W0113 03:50:55.085376 185787840 NetModule.cpp:723] ready reconnect server, server id: 1101
W0113 03:50:55.086007 185787840 NetModule.cpp:723] ready reconnect server, server id: 0
W0113 03:50:55.105659 78274560 ServerMgr.cpp:17] repeated add game server, game server id:1101
W0113 03:51:02.137588 78274560 ServerMgr.cpp:60] repeated add login server, login server id:10
W0113 04:55:54.600898 78274560 ProxyThread.cpp:138] db server is disconnect, after 3s will be reconnect!
W0113 04:55:54.621064 78274560 ProxyThread.cpp:133] login server is disconnect, after 3s will be reconnect!, server id: 10
W0113 04:55:54.621193 78274560 ProxyThread.cpp:114] center server is disconnect, after 3s will be reconnect!
W0113 04:55:54.621228 78274560 ProxyThread.cpp:133] game server is disconnect, after 3s will be reconnect!, server id: 1101
W0113 04:55:58.091429 185787840 NetModule.cpp:723] ready reconnect server, server id: 1
W0113 04:55:58.091542 185787840 NetModule.cpp:723] ready reconnect server, server id: 10
W0113 04:55:58.091625 185787840 NetModule.cpp:723] ready reconnect server, server id: 1101
W0113 04:55:58.092844 185787840 NetModule.cpp:723] ready reconnect server, server id: 0
W0113 04:55:58.134094 78274560 ServerMgr.cpp:17] repeated add game server, game server id:1101
W0113 04:56:05.170442 78274560 ServerMgr.cpp:60] repeated add login server, login server id:10
W0113 06:00:57.642118 78274560 ProxyThread.cpp:114] center server is disconnect, after 3s will be reconnect!
W0113 06:00:57.642716 78274560 ProxyThread.cpp:133] login server is disconnect, after 3s will be reconnect!, server id: 10
W0113 06:00:57.642755 78274560 ProxyThread.cpp:138] db server is disconnect, after 3s will be reconnect!
W0113 06:00:57.642788 78274560 ProxyThread.cpp:133] game server is disconnect, after 3s will be reconnect!, server id: 1101
W0113 06:01:01.115944 185787840 NetModule.cpp:723] ready reconnect server, server id: 1
W0113 06:01:01.116122 185787840 NetModule.cpp:723] ready reconnect server, server id: 10
W0113 06:01:01.116255 185787840 NetModule.cpp:723] ready reconnect server, server id: 1101
W0113 06:01:01.116374 185787840 NetModule.cpp:723] ready reconnect server, server id: 0
W0113 06:01:01.138249 78274560 ServerMgr.cpp:17] repeated add game server, game server id:1101
W0113 06:01:08.188053 78274560 ServerMgr.cpp:60] repeated add login server, login server id:10
W0113 06:02:13.333989 78274560 ProxyThread.cpp:138] db server is disconnect, after 3s will be reconnect!
W0113 06:02:16.511513 185787840 NetModule.cpp:723] ready reconnect server, server id: 1
W0113 07:06:00.672418 78274560 ProxyThread.cpp:133] login server is disconnect, after 3s will be reconnect!, server id: 10
W0113 07:06:00.673243 78274560 ProxyThread.cpp:133] game server is disconnect, after 3s will be reconnect!, server id: 1101
W0113 07:06:00.673274 78274560 ProxyThread.cpp:114] center server is disconnect, after 3s will be reconnect!
W0113 07:06:00.673296 78274560 ProxyThread.cpp:138] db server is disconnect, after 3s will be reconnect!
W0113 07:06:04.141140 185787840 NetModule.cpp:723] ready reconnect server, server id: 1
W0113 07:06:04.141261 185787840 NetModule.cpp:723] ready reconnect server, server id: 10
W0113 07:06:04.141343 185787840 NetModule.cpp:723] ready reconnect server, server id: 1101
W0113 07:06:04.141422 185787840 NetModule.cpp:723] ready reconnect server, server id: 0
W0113 07:06:04.185176 78274560 ServerMgr.cpp:17] repeated add game server, game server id:1101
W0113 07:06:11.223951 78274560 ServerMgr.cpp:60] repeated add login server, login server id:10
W0113 08:11:03.682282 78274560 ProxyThread.cpp:114] center server is disconnect, after 3s will be reconnect!
W0113 08:11:03.682387 78274560 ProxyThread.cpp:133] login server is disconnect, after 3s will be reconnect!, server id: 10
W0113 08:11:03.682420 78274560 ProxyThread.cpp:138] db server is disconnect, after 3s will be reconnect!
W0113 08:11:03.682448 78274560 ProxyThread.cpp:133] game server is disconnect, after 3s will be reconnect!, server id: 1101
W0113 08:11:07.177470 185787840 NetModule.cpp:723] ready reconnect server, server id: 1
W0113 08:11:07.178601 185787840 NetModule.cpp:723] ready reconnect server, server id: 10
W0113 08:11:07.179710 185787840 NetModule.cpp:723] ready reconnect server, server id: 1101
W0113 08:11:07.179817 185787840 NetModule.cpp:723] ready reconnect server, server id: 0
W0113 08:11:07.216600 78274560 ServerMgr.cpp:17] repeated add game server, game server id:1101
W0113 08:11:13.757819 78274560 ServerMgr.cpp:60] repeated add login server, login server id:10
W0113 09:16:06.722183 78274560 ProxyThread.cpp:138] db server is disconnect, after 3s will be reconnect!
W0113 09:16:06.722846 78274560 ProxyThread.cpp:133] game server is disconnect, after 3s will be reconnect!, server id: 1101
W0113 09:16:06.722903 78274560 ProxyThread.cpp:133] login server is disconnect, after 3s will be reconnect!, server id: 10
W0113 09:16:06.723057 78274560 ProxyThread.cpp:114] center server is disconnect, after 3s will be reconnect!
W0113 09:16:10.199978 185787840 NetModule.cpp:723] ready reconnect server, server id: 1
W0113 09:16:10.200091 185787840 NetModule.cpp:723] ready reconnect server, server id: 10
W0113 09:16:10.201206 185787840 NetModule.cpp:723] ready reconnect server, server id: 1101
W0113 09:16:10.201304 185787840 NetModule.cpp:723] ready reconnect server, server id: 0
W0113 09:16:10.260489 78274560 ServerMgr.cpp:17] repeated add game server, game server id:1101
