I0309 09:32:56.868021 350365120 NetConnector.cpp:216] connect to: 0.0.0.0:5001 success! 
I0309 09:32:56.868034 350365120 NetConnector.cpp:216] connect to: 127.0.0.1:9901 success! 
I0309 09:32:56.868957 25804800 ProxyThread.cpp:92] connect to db server succ
I0309 09:32:56.868985 25804800 ProxyThread.cpp:76] connect to login server succ, server id:10
I0309 09:32:56.869011 25804800 ProxyThread.cpp:66] connect to center server succ.
I0309 09:32:56.869024 25804800 ProxyThread.cpp:86] connect to game server succ, server id:991
W0309 09:32:56.906888 25804800 ServerMgr.cpp:17] repeated add game server, game server id:991
I0309 09:32:56.906953 25804800 ProxyThread.cpp:543] get game server list finish!
I0309 09:32:56.906960 25804800 ProxyThread.cpp:514] get login server list finish!
I0309 09:32:56.906965 25804800 ProxyThread.cpp:572] get customer server list finish!
W0309 09:54:45.323973 25804800 ProxyThread.cpp:114] center server is disconnect, after 3s will be reconnect!
W0309 09:54:45.335932 25804800 ProxyThread.cpp:133] login server is disconnect, after 3s will be reconnect!, server id: 10
W0309 09:54:45.337453 25804800 ProxyThread.cpp:138] db server is disconnect, after 3s will be reconnect!
W0309 09:54:45.352531 25804800 ProxyThread.cpp:133] game server is disconnect, after 3s will be reconnect!, server id: 991
W0309 09:54:48.803288 350365120 NetModule.cpp:723] ready reconnect server, server id: 1
W0309 09:54:48.803406 350365120 NetModule.cpp:723] ready reconnect server, server id: 10
W0309 09:54:48.803508 350365120 NetModule.cpp:723] ready reconnect server, server id: 0
W0309 09:54:48.803609 350365120 NetModule.cpp:723] ready reconnect server, server id: 991
I0309 09:54:48.803676 350365120 NetConnector.cpp:216] connect to: 0.0.0.0:6001 success! 
I0309 09:54:48.803692 350365120 NetConnector.cpp:216] connect to: 0.0.0.0:7001 success! 
I0309 09:54:48.803705 350365120 NetConnector.cpp:216] connect to: 0.0.0.0:5001 success! 
I0309 09:54:48.803719 350365120 NetConnector.cpp:216] connect to: 127.0.0.1:9901 success! 
I0309 09:54:48.805227 25804800 ProxyThread.cpp:92] connect to db server succ
I0309 09:54:48.805250 25804800 ProxyThread.cpp:76] connect to login server succ, server id:10
I0309 09:54:48.805269 25804800 ProxyThread.cpp:66] connect to center server succ.
I0309 09:54:48.805286 25804800 ProxyThread.cpp:86] connect to game server succ, server id:991
W0309 09:54:48.849738 25804800 ServerMgr.cpp:17] repeated add game server, game server id:991
I0309 09:54:48.849807 25804800 ProxyThread.cpp:543] get game server list finish!
I0309 09:54:48.849817 25804800 ProxyThread.cpp:514] get login server list finish!
I0309 09:54:48.849822 25804800 ProxyThread.cpp:572] get customer server list finish!
W0309 09:54:58.870240 25804800 ServerMgr.cpp:60] repeated add login server, login server id:10
W0309 09:57:49.136277 25804800 ProxyThread.cpp:133] game server is disconnect, after 3s will be reconnect!, server id: 991
W0309 09:57:49.136947 25804800 ServerMgr.cpp:145] remove one game server, game server id:991
W0309 09:57:52.235141 25804800 ServerMgr.cpp:354] disconnect login or game server is remove or register again, no server reconnect...
I0309 09:58:36.306305 25804800 NetModule.cpp:220] add one connector: 127.0.0.1:9901 succeed...
W0309 09:58:36.306448 25804800 ServerMgr.cpp:40] add game server, game server id:991
I0309 09:58:36.676059 350365120 NetConnector.cpp:216] connect to: 127.0.0.1:9901 success! 
I0309 09:58:36.677026 25804800 ProxyThread.cpp:86] connect to game server succ, server id:991
I0309 10:04:50.618880 25804800 NetModule.cpp:220] add one connector: 127.0.0.1:9903 succeed...
W0309 10:04:50.619467 25804800 ServerMgr.cpp:40] add game server, game server id:993
I0309 10:04:50.695813 350365120 NetConnector.cpp:216] connect to: 127.0.0.1:9903 success! 
I0309 10:04:50.697075 25804800 ProxyThread.cpp:86] connect to game server succ, server id:993
W0309 10:05:42.739703 25804800 ProxyThread.cpp:138] db server is disconnect, after 3s will be reconnect!
W0309 10:05:45.846889 350365120 NetModule.cpp:723] ready reconnect server, server id: 1
I0309 10:05:45.847093 350365120 NetConnector.cpp:216] connect to: 0.0.0.0:6001 success! 
I0309 10:05:45.847564 25804800 ProxyThread.cpp:92] connect to db server succ
I0309 10:08:04.780323 350365120 NetServer.cpp:55] accept io...192.168.10.116:54202
W0309 10:09:35.531322 25804800 ProxyThread.cpp:133] game server is disconnect, after 3s will be reconnect!, server id: 993
W0309 10:09:35.537078 25804800 ServerMgr.cpp:145] remove one game server, game server id:993
W0309 10:09:38.608709 25804800 ServerMgr.cpp:354] disconnect login or game server is remove or register again, no server reconnect...
I0309 10:09:45.210410 25804800 NetModule.cpp:220] add one connector: 127.0.0.1:9903 succeed...
W0309 10:09:45.210443 25804800 ServerMgr.cpp:40] add game server, game server id:993
I0309 10:09:45.610610 350365120 NetConnector.cpp:216] connect to: 127.0.0.1:9903 success! 
I0309 10:09:45.612591 25804800 ProxyThread.cpp:86] connect to game server succ, server id:993
W0309 10:09:53.023039 25804800 ProxyThread.cpp:133] game server is disconnect, after 3s will be reconnect!, server id: 991
W0309 10:09:53.049573 25804800 ServerMgr.cpp:145] remove one game server, game server id:991
W0309 10:09:56.080574 25804800 ServerMgr.cpp:354] disconnect login or game server is remove or register again, no server reconnect...
I0309 10:09:56.475503 25804800 NetModule.cpp:220] add one connector: 127.0.0.1:9901 succeed...
W0309 10:09:56.475543 25804800 ServerMgr.cpp:40] add game server, game server id:991
I0309 10:09:56.644853 350365120 NetConnector.cpp:216] connect to: 127.0.0.1:9901 success! 
I0309 10:09:56.646840 25804800 ProxyThread.cpp:86] connect to game server succ, server id:991
I0309 10:13:43.808511 350365120 NetServer.cpp:88] delete io...192.168.10.116:54202
W0309 10:13:43.846158 25804800 ProxyThread.cpp:854] client socket not found, main id: 8, sub id: 121
W0309 10:13:43.846261 25804800 ProxyThread.cpp:854] client socket not found, main id: 8, sub id: 119
I0309 10:19:27.101799 350365120 NetServer.cpp:55] accept io...192.168.10.116:54221
I0309 10:28:44.337939 350365120 NetServer.cpp:88] delete io...192.168.10.116:54221
W0309 10:28:44.355495 25804800 ProxyThread.cpp:854] client socket not found, main id: 8, sub id: 121
W0309 10:28:44.355677 25804800 ProxyThread.cpp:854] client socket not found, main id: 8, sub id: 119
I0309 10:30:58.599956 350365120 NetServer.cpp:55] accept io...192.168.10.136:50250
I0309 10:31:39.318153 350365120 NetServer.cpp:88] delete io...192.168.10.136:50250
I0309 10:31:45.185825 350365120 NetServer.cpp:55] accept io...192.168.10.136:50256
I0309 10:32:35.600773 350365120 NetServer.cpp:88] delete io...192.168.10.136:50256
W0309 10:32:44.153534 25804800 ProxyThread.cpp:854] client socket not found, main id: 6, sub id: 695
W0309 10:32:44.153671 25804800 ProxyThread.cpp:854] client socket not found, main id: 6, sub id: 682
W0309 10:32:44.153717 25804800 ProxyThread.cpp:854] client socket not found, main id: 6, sub id: 650
W0309 10:32:44.483777 25804800 ProxyThread.cpp:854] client socket not found, main id: 6, sub id: 660
W0309 10:32:44.483925 25804800 ProxyThread.cpp:854] client socket not found, main id: 6, sub id: 695
W0309 10:32:44.483984 25804800 ProxyThread.cpp:854] client socket not found, main id: 6, sub id: 682
W0309 10:32:44.484036 25804800 ProxyThread.cpp:854] client socket not found, main id: 6, sub id: 650
W0309 10:32:44.792757 25804800 ProxyThread.cpp:854] client socket not found, main id: 6, sub id: 660
W0309 10:32:44.792861 25804800 ProxyThread.cpp:854] client socket not found, main id: 6, sub id: 695
W0309 10:32:44.792925 25804800 ProxyThread.cpp:854] client socket not found, main id: 6, sub id: 682
W0309 10:32:44.792978 25804800 ProxyThread.cpp:854] client socket not found, main id: 6, sub id: 650
W0309 10:32:45.116288 25804800 ProxyThread.cpp:854] client socket not found, main id: 6, sub id: 660
I0309 10:33:57.080379 350365120 NetServer.cpp:55] accept io...192.168.10.116:54224
W0309 11:48:26.128406 25804800 ProxyThread.cpp:133] game server is disconnect, after 3s will be reconnect!, server id: 993
I0309 11:48:26.147024 350365120 NetServer.cpp:88] delete io...192.168.10.116:54224
W0309 11:48:26.147362 25804800 ServerMgr.cpp:145] remove one game server, game server id:993
I0309 11:48:28.175884 350365120 NetServer.cpp:55] accept io...192.168.10.116:54226
W0309 11:48:29.229300 25804800 ServerMgr.cpp:354] disconnect login or game server is remove or register again, no server reconnect...
I0309 11:48:44.009289 25804800 NetModule.cpp:220] add one connector: 127.0.0.1:9903 succeed...
W0309 11:48:44.009356 25804800 ServerMgr.cpp:40] add game server, game server id:993
I0309 11:48:44.468956 350365120 NetConnector.cpp:216] connect to: 127.0.0.1:9903 success! 
I0309 11:48:44.470707 25804800 ProxyThread.cpp:86] connect to game server succ, server id:993
I0309 11:51:38.738407 350365120 NetServer.cpp:88] delete io...192.168.10.116:54226
I0309 11:51:44.576225 350365120 NetServer.cpp:55] accept io...192.168.10.116:54227
I0309 11:54:29.489926 350365120 NetServer.cpp:88] delete io...192.168.10.116:54227
W0309 11:54:29.585245 25804800 ProxyThread.cpp:133] game server is disconnect, after 3s will be reconnect!, server id: 993
W0309 11:54:29.587733 25804800 ProxyThread.cpp:133] login server is disconnect, after 3s will be reconnect!, server id: 10
W0309 11:54:29.587838 25804800 ProxyThread.cpp:133] game server is disconnect, after 3s will be reconnect!, server id: 991
W0309 11:54:29.594831 25804800 ProxyThread.cpp:114] center server is disconnect, after 3s will be reconnect!
W0309 11:54:29.598924 25804800 ProxyThread.cpp:138] db server is disconnect, after 3s will be reconnect!
W0309 11:54:33.112897 350365120 NetModule.cpp:723] ready reconnect server, server id: 993
W0309 11:54:33.153609 350365120 NetModule.cpp:723] ready reconnect server, server id: 1
W0309 11:54:33.153944 350365120 NetModule.cpp:723] ready reconnect server, server id: 10
W0309 11:54:33.154346 350365120 NetModule.cpp:723] ready reconnect server, server id: 0
W0309 11:54:33.155418 350365120 NetModule.cpp:723] ready reconnect server, server id: 991
I0309 11:54:33.156327 350365120 NetConnector.cpp:216] connect to: 127.0.0.1:9903 success! 
I0309 11:54:33.156404 350365120 NetConnector.cpp:216] connect to: 0.0.0.0:6001 success! 
I0309 11:54:33.156440 350365120 NetConnector.cpp:216] connect to: 127.0.0.1:7001 success! 
I0309 11:54:33.156471 350365120 NetConnector.cpp:216] connect to: 0.0.0.0:5001 success! 
I0309 11:54:33.156498 350365120 NetConnector.cpp:216] connect to: 127.0.0.1:9901 success! 
I0309 11:54:33.157349 25804800 ProxyThread.cpp:86] connect to game server succ, server id:993
I0309 11:54:33.157387 25804800 ProxyThread.cpp:92] connect to db server succ
I0309 11:54:33.157424 25804800 ProxyThread.cpp:76] connect to login server succ, server id:10
I0309 11:54:33.157452 25804800 ProxyThread.cpp:66] connect to center server succ.
I0309 11:54:33.157507 25804800 ProxyThread.cpp:86] connect to game server succ, server id:991
W0309 11:54:33.179803 25804800 ServerMgr.cpp:17] repeated add game server, game server id:991
W0309 11:54:33.179891 25804800 ServerMgr.cpp:17] repeated add game server, game server id:993
I0309 11:54:33.179935 25804800 ProxyThread.cpp:543] get game server list finish!
I0309 11:54:33.179949 25804800 ProxyThread.cpp:514] get login server list finish!
I0309 11:54:33.179960 25804800 ProxyThread.cpp:572] get customer server list finish!
W0309 11:54:40.014056 25804800 ServerMgr.cpp:60] repeated add login server, login server id:10
I0309 11:56:19.308845 350365120 NetServer.cpp:55] accept io...192.168.10.116:54238
W0309 11:57:03.708866 25804800 ProxyThread.cpp:908] can not find hall user!, user id: 0, main id: 25, sub id: 25064
W0309 12:11:47.323729 25804800 ProxyThread.cpp:133] game server is disconnect, after 3s will be reconnect!, server id: 993
I0309 12:11:47.330899 350365120 NetServer.cpp:88] delete io...192.168.10.116:54238
W0309 12:11:47.339545 25804800 ServerMgr.cpp:145] remove one game server, game server id:993
I0309 12:11:47.512907 350365120 NetServer.cpp:55] accept io...192.168.10.116:54239
W0309 12:11:50.376483 25804800 ServerMgr.cpp:354] disconnect login or game server is remove or register again, no server reconnect...
I0309 12:11:58.770581 25804800 NetModule.cpp:220] add one connector: 127.0.0.1:9903 succeed...
W0309 12:11:58.770706 25804800 ServerMgr.cpp:40] add game server, game server id:993
I0309 12:11:59.106927 350365120 NetConnector.cpp:216] connect to: 127.0.0.1:9903 success! 
I0309 12:11:59.107133 25804800 ProxyThread.cpp:86] connect to game server succ, server id:993
I0309 12:12:16.551185 350365120 NetServer.cpp:88] delete io...192.168.10.116:54239
I0309 12:12:20.651563 350365120 NetServer.cpp:55] accept io...192.168.10.116:54240
W0309 12:13:09.647644 25804800 ServerMgr.cpp:140] remove game server, but the link is alive, game server id:993
W0309 12:13:09.647835 25804800 ServerMgr.cpp:145] remove one game server, game server id:993
I0309 12:15:46.740991 25804800 NetModule.cpp:220] add one connector: 127.0.0.1:9903 succeed...
W0309 12:15:46.742084 25804800 ServerMgr.cpp:40] add game server, game server id:993
I0309 12:15:47.242287 350365120 NetConnector.cpp:216] connect to: 127.0.0.1:9903 success! 
I0309 12:15:47.244310 25804800 ProxyThread.cpp:86] connect to game server succ, server id:993
W0309 12:17:19.689852 25804800 ServerMgr.cpp:140] remove game server, but the link is alive, game server id:993
W0309 12:17:19.689998 25804800 ServerMgr.cpp:145] remove one game server, game server id:993
I0309 12:18:21.666458 25804800 NetModule.cpp:220] add one connector: 127.0.0.1:9903 succeed...
W0309 12:18:21.667539 25804800 ServerMgr.cpp:40] add game server, game server id:993
I0309 12:18:21.678153 350365120 NetConnector.cpp:216] connect to: 127.0.0.1:9903 success! 
I0309 12:18:21.679167 25804800 ProxyThread.cpp:86] connect to game server succ, server id:993
W0309 12:20:15.355216 25804800 ProxyThread.cpp:133] game server is disconnect, after 3s will be reconnect!, server id: 993
I0309 12:20:15.370764 350365120 NetServer.cpp:88] delete io...192.168.10.116:54240
W0309 12:20:15.375753 25804800 ServerMgr.cpp:145] remove one game server, game server id:993
I0309 12:20:15.624007 350365120 NetServer.cpp:55] accept io...192.168.10.116:54241
W0309 12:20:18.440477 25804800 ServerMgr.cpp:354] disconnect login or game server is remove or register again, no server reconnect...
I0309 12:20:27.266177 25804800 NetModule.cpp:220] add one connector: 127.0.0.1:9903 succeed...
W0309 12:20:27.266225 25804800 ServerMgr.cpp:40] add game server, game server id:993
I0309 12:20:27.509490 350365120 NetConnector.cpp:216] connect to: 127.0.0.1:9903 success! 
I0309 12:20:27.511133 25804800 ProxyThread.cpp:86] connect to game server succ, server id:993
W0309 12:20:30.180423 25804800 ProxyThread.cpp:133] game server is disconnect, after 3s will be reconnect!, server id: 993
W0309 12:20:30.189863 25804800 ServerMgr.cpp:145] remove one game server, game server id:993
W0309 12:20:33.228024 25804800 ServerMgr.cpp:354] disconnect login or game server is remove or register again, no server reconnect...
I0309 12:20:39.394801 25804800 NetModule.cpp:220] add one connector: 127.0.0.1:9903 succeed...
W0309 12:20:39.394837 25804800 ServerMgr.cpp:40] add game server, game server id:993
I0309 12:20:39.544978 350365120 NetConnector.cpp:216] connect to: 127.0.0.1:9903 success! 
I0309 12:20:39.546815 25804800 ProxyThread.cpp:86] connect to game server succ, server id:993
I0309 12:20:45.673476 350365120 NetServer.cpp:88] delete io...192.168.10.116:54241
I0309 12:20:49.886288 350365120 NetServer.cpp:55] accept io...192.168.10.116:54242
W0309 12:35:21.992233 25804800 ProxyThread.cpp:133] game server is disconnect, after 3s will be reconnect!, server id: 993
W0309 12:35:22.008493 25804800 ServerMgr.cpp:145] remove one game server, game server id:993
I0309 12:35:22.010174 350365120 NetServer.cpp:88] delete io...192.168.10.116:54242
I0309 12:35:22.252388 350365120 NetServer.cpp:55] accept io...192.168.10.116:54243
W0309 12:35:25.065984 25804800 ServerMgr.cpp:354] disconnect login or game server is remove or register again, no server reconnect...
I0309 12:35:39.528178 350365120 NetServer.cpp:88] delete io...192.168.10.116:54243
I0309 12:35:43.847326 350365120 NetServer.cpp:55] accept io...192.168.10.116:54244
W0309 12:35:52.639024 25804800 ProxyThread.cpp:854] client socket not found, main id: 6, sub id: 660
I0309 12:36:27.144839 350365120 NetServer.cpp:88] delete io...192.168.10.116:54244
I0309 12:36:30.935137 350365120 NetServer.cpp:55] accept io...192.168.10.116:54245
I0309 12:36:32.138231 25804800 NetModule.cpp:220] add one connector: 127.0.0.1:9903 succeed...
W0309 12:36:32.138284 25804800 ServerMgr.cpp:40] add game server, game server id:993
W0309 12:36:32.138411 25804800 ServerMgr.cpp:145] remove one game server, game server id:993
I0309 12:36:40.286108 25804800 NetModule.cpp:220] add one connector: 127.0.0.1:9903 succeed...
W0309 12:36:40.286139 25804800 ServerMgr.cpp:40] add game server, game server id:993
I0309 12:36:40.327965 350365120 NetConnector.cpp:216] connect to: 127.0.0.1:9903 success! 
I0309 12:36:40.329771 25804800 ProxyThread.cpp:86] connect to game server succ, server id:993
W0309 14:07:13.558545 25804800 ProxyThread.cpp:133] game server is disconnect, after 3s will be reconnect!, server id: 993
W0309 14:07:13.574813 25804800 ServerMgr.cpp:145] remove one game server, game server id:993
W0309 14:07:16.625264 25804800 ServerMgr.cpp:354] disconnect login or game server is remove or register again, no server reconnect...
I0309 14:07:37.091397 25804800 NetModule.cpp:220] add one connector: 127.0.0.1:9903 succeed...
W0309 14:07:37.091455 25804800 ServerMgr.cpp:40] add game server, game server id:993
I0309 14:07:37.423346 350365120 NetConnector.cpp:216] connect to: 127.0.0.1:9903 success! 
I0309 14:07:37.425083 25804800 ProxyThread.cpp:86] connect to game server succ, server id:993
W0309 14:09:50.996713 25804800 ServerMgr.cpp:140] remove game server, but the link is alive, game server id:993
W0309 14:09:50.997756 25804800 ServerMgr.cpp:145] remove one game server, game server id:993
I0309 14:11:50.432821 25804800 NetModule.cpp:220] add one connector: 127.0.0.1:9903 succeed...
W0309 14:11:50.433455 25804800 ServerMgr.cpp:40] add game server, game server id:993
I0309 14:11:50.619437 350365120 NetConnector.cpp:216] connect to: 127.0.0.1:9903 success! 
I0309 14:11:50.620359 25804800 ProxyThread.cpp:86] connect to game server succ, server id:993
W0309 14:12:51.018223 25804800 ServerMgr.cpp:140] remove game server, but the link is alive, game server id:993
W0309 14:12:51.018555 25804800 ServerMgr.cpp:145] remove one game server, game server id:993
I0309 14:13:34.757999 25804800 NetModule.cpp:220] add one connector: 127.0.0.1:9903 succeed...
W0309 14:13:34.758364 25804800 ServerMgr.cpp:40] add game server, game server id:993
I0309 14:13:34.929586 350365120 NetConnector.cpp:216] connect to: 127.0.0.1:9903 success! 
I0309 14:13:34.930871 25804800 ProxyThread.cpp:86] connect to game server succ, server id:993
W0309 14:18:31.075073 25804800 ServerMgr.cpp:140] remove game server, but the link is alive, game server id:993
W0309 14:18:31.076802 25804800 ServerMgr.cpp:145] remove one game server, game server id:993
I0309 14:18:43.062633 25804800 NetModule.cpp:220] add one connector: 127.0.0.1:9903 succeed...
W0309 14:18:43.062656 25804800 ServerMgr.cpp:40] add game server, game server id:993
I0309 14:18:43.280900 350365120 NetConnector.cpp:216] connect to: 127.0.0.1:9903 success! 
I0309 14:18:43.283247 25804800 ProxyThread.cpp:86] connect to game server succ, server id:993
W0309 14:20:30.550906 25804800 ProxyThread.cpp:133] game server is disconnect, after 3s will be reconnect!, server id: 993
W0309 14:20:30.553428 25804800 ServerMgr.cpp:145] remove one game server, game server id:993
I0309 14:20:30.562340 350365120 NetServer.cpp:88] delete io...192.168.10.116:54245
I0309 14:20:31.347316 350365120 NetServer.cpp:55] accept io...192.168.10.116:54247
W0309 14:20:33.624099 25804800 ServerMgr.cpp:354] disconnect login or game server is remove or register again, no server reconnect...
I0309 14:20:43.934520 25804800 NetModule.cpp:220] add one connector: 127.0.0.1:9903 succeed...
W0309 14:20:43.934569 25804800 ServerMgr.cpp:40] add game server, game server id:993
I0309 14:20:44.142168 350365120 NetConnector.cpp:216] connect to: 127.0.0.1:9903 success! 
I0309 14:20:44.144397 25804800 ProxyThread.cpp:86] connect to game server succ, server id:993
W0309 14:20:54.612397 25804800 ProxyThread.cpp:133] game server is disconnect, after 3s will be reconnect!, server id: 993
W0309 14:20:54.635432 25804800 ServerMgr.cpp:145] remove one game server, game server id:993
W0309 14:20:57.669610 25804800 ServerMgr.cpp:354] disconnect login or game server is remove or register again, no server reconnect...
I0309 14:21:06.050199 25804800 NetModule.cpp:220] add one connector: 127.0.0.1:9903 succeed...
W0309 14:21:06.050271 25804800 ServerMgr.cpp:40] add game server, game server id:993
I0309 14:21:06.211670 350365120 NetConnector.cpp:216] connect to: 127.0.0.1:9903 success! 
I0309 14:21:06.213874 25804800 ProxyThread.cpp:86] connect to game server succ, server id:993
I0309 14:21:12.484305 350365120 NetServer.cpp:88] delete io...192.168.10.116:54247
I0309 14:21:17.210832 350365120 NetServer.cpp:55] accept io...192.168.10.116:54248
W0309 14:22:01.103013 25804800 ServerMgr.cpp:140] remove game server, but the link is alive, game server id:993
W0309 14:22:01.103467 25804800 ServerMgr.cpp:145] remove one game server, game server id:993
I0309 14:22:32.968739 25804800 NetModule.cpp:220] add one connector: 127.0.0.1:9903 succeed...
W0309 14:22:32.968809 25804800 ServerMgr.cpp:40] add game server, game server id:993
I0309 14:22:33.438913 350365120 NetConnector.cpp:216] connect to: 127.0.0.1:9903 success! 
I0309 14:22:33.441299 25804800 ProxyThread.cpp:86] connect to game server succ, server id:993
W0309 14:26:40.273015 25804800 ProxyThread.cpp:133] game server is disconnect, after 3s will be reconnect!, server id: 993
W0309 14:26:40.283939 25804800 ServerMgr.cpp:145] remove one game server, game server id:993
I0309 14:26:40.293131 350365120 NetServer.cpp:88] delete io...192.168.10.116:54248
I0309 14:26:40.991817 350365120 NetServer.cpp:55] accept io...192.168.10.116:54249
W0309 14:26:43.295300 25804800 ServerMgr.cpp:354] disconnect login or game server is remove or register again, no server reconnect...
I0309 14:26:51.970893 25804800 NetModule.cpp:220] add one connector: 127.0.0.1:9903 succeed...
W0309 14:26:51.970995 25804800 ServerMgr.cpp:40] add game server, game server id:993
I0309 14:26:52.195153 350365120 NetConnector.cpp:216] connect to: 127.0.0.1:9903 success! 
I0309 14:26:52.195962 25804800 ProxyThread.cpp:86] connect to game server succ, server id:993
I0309 14:27:12.209604 350365120 NetServer.cpp:88] delete io...192.168.10.116:54249
I0309 14:27:16.410128 350365120 NetServer.cpp:55] accept io...192.168.10.116:54250
W0309 14:55:20.429934 25804800 ProxyThread.cpp:133] game server is disconnect, after 3s will be reconnect!, server id: 993
I0309 14:55:20.435668 350365120 NetServer.cpp:88] delete io...192.168.10.116:54250
W0309 14:55:20.449839 25804800 ServerMgr.cpp:145] remove one game server, game server id:993
I0309 14:55:20.628121 350365120 NetServer.cpp:55] accept io...192.168.10.116:54251
W0309 14:55:23.465698 25804800 ServerMgr.cpp:354] disconnect login or game server is remove or register again, no server reconnect...
I0309 14:56:24.554416 25804800 NetModule.cpp:220] add one connector: 127.0.0.1:9903 succeed...
W0309 14:56:24.555048 25804800 ServerMgr.cpp:40] add game server, game server id:993
I0309 14:56:24.753944 350365120 NetConnector.cpp:216] connect to: 127.0.0.1:9903 success! 
I0309 14:56:24.754766 25804800 ProxyThread.cpp:86] connect to game server succ, server id:993
I0309 14:56:36.968425 350365120 NetServer.cpp:88] delete io...192.168.10.116:54251
I0309 14:56:41.580585 350365120 NetServer.cpp:55] accept io...192.168.10.116:54252
W0309 15:10:54.773175 25804800 ProxyThread.cpp:133] game server is disconnect, after 3s will be reconnect!, server id: 993
I0309 15:10:54.793946 350365120 NetServer.cpp:88] delete io...192.168.10.116:54252
W0309 15:10:54.798530 25804800 ServerMgr.cpp:145] remove one game server, game server id:993
I0309 15:10:55.017213 350365120 NetServer.cpp:55] accept io...192.168.10.116:54253
W0309 15:10:57.872061 25804800 ServerMgr.cpp:354] disconnect login or game server is remove or register again, no server reconnect...
I0309 15:11:05.191979 25804800 NetModule.cpp:220] add one connector: 127.0.0.1:9903 succeed...
W0309 15:11:05.192013 25804800 ServerMgr.cpp:40] add game server, game server id:993
I0309 15:11:05.233341 350365120 NetConnector.cpp:216] connect to: 127.0.0.1:9903 success! 
I0309 15:11:05.234242 25804800 ProxyThread.cpp:86] connect to game server succ, server id:993
I0309 15:11:21.925613 350365120 NetServer.cpp:88] delete io...192.168.10.116:54253
I0309 15:11:26.230818 350365120 NetServer.cpp:55] accept io...192.168.10.116:54254
W0309 15:22:37.597596 25804800 ProxyThread.cpp:854] client socket not found, main id: 6, sub id: 677
W0309 16:23:12.204303 25804800 ServerMgr.cpp:140] remove game server, but the link is alive, game server id:993
W0309 16:23:12.205175 25804800 ServerMgr.cpp:145] remove one game server, game server id:993
I0309 16:25:17.010144 25804800 NetModule.cpp:220] add one connector: 127.0.0.1:9903 succeed...
W0309 16:25:17.010288 25804800 ServerMgr.cpp:40] add game server, game server id:993
I0309 16:25:17.060003 350365120 NetConnector.cpp:216] connect to: 127.0.0.1:9903 success! 
I0309 16:25:17.062160 25804800 ProxyThread.cpp:86] connect to game server succ, server id:993
I0309 16:32:34.948381 350365120 NetServer.cpp:88] delete io...192.168.10.116:54254
I0309 16:32:38.640838 350365120 NetServer.cpp:55] accept io...192.168.10.116:54257
I0309 16:33:33.112725 350365120 NetServer.cpp:88] delete io...192.168.10.116:54257
I0309 16:33:42.640770 350365120 NetServer.cpp:55] accept io...192.168.10.116:54258
W0309 16:55:07.263950 25804800 ProxyThread.cpp:133] game server is disconnect, after 3s will be reconnect!, server id: 993
I0309 16:55:07.264616 350365120 NetServer.cpp:88] delete io...192.168.10.116:54258
W0309 16:55:07.266861 25804800 ServerMgr.cpp:145] remove one game server, game server id:993
I0309 16:55:07.480451 350365120 NetServer.cpp:55] accept io...192.168.10.116:54259
W0309 16:55:10.290483 25804800 ServerMgr.cpp:354] disconnect login or game server is remove or register again, no server reconnect...
I0309 16:55:19.309020 25804800 NetModule.cpp:220] add one connector: 127.0.0.1:9903 succeed...
W0309 16:55:19.309048 25804800 ServerMgr.cpp:40] add game server, game server id:993
I0309 16:55:19.796386 350365120 NetConnector.cpp:216] connect to: 127.0.0.1:9903 success! 
I0309 16:55:19.797729 25804800 ProxyThread.cpp:86] connect to game server succ, server id:993
I0309 16:55:20.862370 350365120 NetServer.cpp:88] delete io...192.168.10.116:54259
I0309 16:55:25.682050 350365120 NetServer.cpp:55] accept io...192.168.10.116:54260
W0309 16:55:37.353539 25804800 ProxyThread.cpp:854] client socket not found, main id: 6, sub id: 660
W0309 16:57:44.655951 25804800 ProxyThread.cpp:133] game server is disconnect, after 3s will be reconnect!, server id: 993
I0309 16:57:44.659551 350365120 NetServer.cpp:88] delete io...192.168.10.116:54260
W0309 16:57:44.675513 25804800 ServerMgr.cpp:145] remove one game server, game server id:993
I0309 16:57:44.797832 350365120 NetServer.cpp:55] accept io...192.168.10.116:54261
W0309 16:57:47.721760 25804800 ServerMgr.cpp:354] disconnect login or game server is remove or register again, no server reconnect...
I0309 16:57:57.208652 350365120 NetServer.cpp:88] delete io...192.168.10.116:54261
I0309 16:57:58.366482 25804800 NetModule.cpp:220] add one connector: 127.0.0.1:9903 succeed...
W0309 16:57:58.366505 25804800 ServerMgr.cpp:40] add game server, game server id:993
I0309 16:57:58.796120 350365120 NetConnector.cpp:216] connect to: 127.0.0.1:9903 success! 
I0309 16:57:58.798377 25804800 ProxyThread.cpp:86] connect to game server succ, server id:993
I0309 16:58:02.106335 350365120 NetServer.cpp:55] accept io...192.168.10.116:54262
W0309 17:34:42.108057 25804800 ProxyThread.cpp:133] game server is disconnect, after 3s will be reconnect!, server id: 993
I0309 17:34:42.114118 350365120 NetServer.cpp:88] delete io...192.168.10.116:54262
I0309 17:34:42.349336 350365120 NetServer.cpp:55] accept io...192.168.10.116:54264
W0309 17:34:45.236035 350365120 NetModule.cpp:723] ready reconnect server, server id: 993
I0309 17:34:45.236304 350365120 NetConnector.cpp:216] connect to: 127.0.0.1:9903 success! 
I0309 17:34:45.236636 25804800 ProxyThread.cpp:86] connect to game server succ, server id:993
I0309 17:45:32.537242 350365120 NetServer.cpp:88] delete io...192.168.10.116:54264
W0309 17:45:33.159917 25804800 ProxyThread.cpp:133] game server is disconnect, after 3s will be reconnect!, server id: 993
W0309 17:45:33.162533 25804800 ServerMgr.cpp:145] remove one game server, game server id:993
W0309 17:45:36.200672 25804800 ServerMgr.cpp:354] disconnect login or game server is remove or register again, no server reconnect...
I0309 17:45:46.801630 25804800 NetModule.cpp:220] add one connector: 127.0.0.1:9903 succeed...
W0309 17:45:46.801744 25804800 ServerMgr.cpp:40] add game server, game server id:993
I0309 17:45:47.044088 350365120 NetConnector.cpp:216] connect to: 127.0.0.1:9903 success! 
I0309 17:45:47.044306 25804800 ProxyThread.cpp:86] connect to game server succ, server id:993
I0309 17:45:53.329447 350365120 NetServer.cpp:55] accept io...192.168.10.116:54265
W0309 17:56:50.642966 25804800 ProxyThread.cpp:133] game server is disconnect, after 3s will be reconnect!, server id: 993
I0309 17:56:50.653259 350365120 NetServer.cpp:88] delete io...192.168.10.116:54265
W0309 17:56:50.662978 25804800 ServerMgr.cpp:145] remove one game server, game server id:993
I0309 17:56:50.885473 350365120 NetServer.cpp:55] accept io...192.168.10.116:54266
W0309 17:56:53.677490 25804800 ServerMgr.cpp:354] disconnect login or game server is remove or register again, no server reconnect...
I0309 17:56:59.818744 25804800 NetModule.cpp:220] add one connector: 127.0.0.1:9903 succeed...
W0309 17:56:59.818770 25804800 ServerMgr.cpp:40] add game server, game server id:993
I0309 17:56:59.880728 350365120 NetConnector.cpp:216] connect to: 127.0.0.1:9903 success! 
I0309 17:56:59.882926 25804800 ProxyThread.cpp:86] connect to game server succ, server id:993
I0309 17:57:03.961359 350365120 NetServer.cpp:88] delete io...192.168.10.116:54266
I0309 17:57:13.076086 350365120 NetServer.cpp:55] accept io...192.168.10.116:54267
W0309 17:57:31.515238 25804800 ProxyThread.cpp:854] client socket not found, main id: 6, sub id: 660
W0309 18:01:36.662427 25804800 ProxyThread.cpp:133] game server is disconnect, after 3s will be reconnect!, server id: 993
W0309 18:01:36.674988 25804800 ServerMgr.cpp:145] remove one game server, game server id:993
W0309 18:01:39.695922 25804800 ServerMgr.cpp:354] disconnect login or game server is remove or register again, no server reconnect...
I0309 18:02:18.347765 25804800 NetModule.cpp:220] add one connector: 127.0.0.1:9903 succeed...
W0309 18:02:18.347828 25804800 ServerMgr.cpp:40] add game server, game server id:993
I0309 18:02:18.822495 350365120 NetConnector.cpp:216] connect to: 127.0.0.1:9903 success! 
I0309 18:02:18.823671 25804800 ProxyThread.cpp:86] connect to game server succ, server id:993
W0309 18:03:09.927565 25804800 ProxyThread.cpp:133] game server is disconnect, after 3s will be reconnect!, server id: 993
W0309 18:03:09.949559 25804800 ServerMgr.cpp:145] remove one game server, game server id:993
W0309 18:03:12.981600 25804800 ServerMgr.cpp:354] disconnect login or game server is remove or register again, no server reconnect...
I0309 18:03:18.965060 25804800 NetModule.cpp:220] add one connector: 127.0.0.1:9903 succeed...
W0309 18:03:18.965082 25804800 ServerMgr.cpp:40] add game server, game server id:993
I0309 18:03:19.020642 350365120 NetConnector.cpp:216] connect to: 127.0.0.1:9903 success! 
I0309 18:03:19.022025 25804800 ProxyThread.cpp:86] connect to game server succ, server id:993
W0309 18:14:28.702137 25804800 ProxyThread.cpp:133] game server is disconnect, after 3s will be reconnect!, server id: 991
W0309 18:14:28.720808 25804800 ServerMgr.cpp:145] remove one game server, game server id:991
W0309 18:14:31.771646 25804800 ServerMgr.cpp:354] disconnect login or game server is remove or register again, no server reconnect...
I0309 18:14:33.013864 25804800 NetModule.cpp:220] add one connector: 127.0.0.1:9901 succeed...
W0309 18:14:33.013906 25804800 ServerMgr.cpp:40] add game server, game server id:991
I0309 18:14:33.426440 350365120 NetConnector.cpp:216] connect to: 127.0.0.1:9901 success! 
I0309 18:14:33.427712 25804800 ProxyThread.cpp:86] connect to game server succ, server id:991
W0309 18:30:42.248522 25804800 ProxyThread.cpp:133] game server is disconnect, after 3s will be reconnect!, server id: 991
W0309 18:30:42.254259 25804800 ServerMgr.cpp:145] remove one game server, game server id:991
I0309 18:30:42.258723 350365120 NetServer.cpp:88] delete io...192.168.10.116:54267
I0309 18:30:42.526093 350365120 NetServer.cpp:55] accept io...192.168.10.116:54268
W0309 18:30:45.312372 25804800 ServerMgr.cpp:354] disconnect login or game server is remove or register again, no server reconnect...
I0309 18:30:46.950600 25804800 NetModule.cpp:220] add one connector: 127.0.0.1:9901 succeed...
W0309 18:30:46.950634 25804800 ServerMgr.cpp:40] add game server, game server id:991
I0309 18:30:47.021018 350365120 NetConnector.cpp:216] connect to: 127.0.0.1:9901 success! 
I0309 18:30:47.021481 25804800 ProxyThread.cpp:86] connect to game server succ, server id:991
I0309 19:50:37.175724 350365120 NetServer.cpp:55] accept io...192.168.10.120:59552
I0309 19:51:40.755340 350365120 NetServer.cpp:88] delete io...192.168.10.116:54268
I0309 19:52:07.681939 350365120 NetServer.cpp:55] accept io...192.168.10.116:54269
W0309 19:54:44.221390 25804800 ProxyThread.cpp:133] game server is disconnect, after 3s will be reconnect!, server id: 993
I0309 19:54:44.233542 350365120 NetServer.cpp:88] delete io...192.168.10.116:54269
I0309 19:54:44.233638 350365120 NetServer.cpp:88] delete io...192.168.10.120:59552
W0309 19:54:44.235983 25804800 ServerMgr.cpp:145] remove one game server, game server id:993
I0309 19:54:44.468711 350365120 NetServer.cpp:55] accept io...192.168.10.120:59666
I0309 19:54:44.507702 350365120 NetServer.cpp:55] accept io...192.168.10.116:54270
W0309 19:54:47.267979 25804800 ServerMgr.cpp:354] disconnect login or game server is remove or register again, no server reconnect...
I0309 19:54:55.721904 25804800 NetModule.cpp:220] add one connector: 127.0.0.1:9903 succeed...
W0309 19:54:55.721933 25804800 ServerMgr.cpp:40] add game server, game server id:993
I0309 19:54:55.916640 350365120 NetConnector.cpp:216] connect to: 127.0.0.1:9903 success! 
I0309 19:54:55.918437 25804800 ProxyThread.cpp:86] connect to game server succ, server id:993
I0309 19:54:57.566901 350365120 NetServer.cpp:88] delete io...192.168.10.116:54270
I0309 19:55:02.681298 350365120 NetServer.cpp:55] accept io...192.168.10.116:54271
I0309 19:55:27.974535 350365120 NetServer.cpp:88] delete io...192.168.10.120:59666
I0309 19:55:34.019865 350365120 NetServer.cpp:55] accept io...192.168.10.120:59692
W0309 20:13:09.744783 25804800 ProxyThread.cpp:133] game server is disconnect, after 3s will be reconnect!, server id: 993
I0309 20:13:09.763960 350365120 NetServer.cpp:88] delete io...192.168.10.120:59692
W0309 20:13:09.764103 25804800 ServerMgr.cpp:145] remove one game server, game server id:993
I0309 20:13:09.976825 350365120 NetServer.cpp:55] accept io...192.168.10.120:60027
W0309 20:13:12.788341 25804800 ServerMgr.cpp:354] disconnect login or game server is remove or register again, no server reconnect...
I0309 20:16:51.978396 25804800 NetModule.cpp:220] add one connector: 127.0.0.1:9903 succeed...
W0309 20:16:51.978458 25804800 ServerMgr.cpp:40] add game server, game server id:993
I0309 20:16:52.134025 350365120 NetConnector.cpp:216] connect to: 127.0.0.1:9903 success! 
I0309 20:16:52.136413 25804800 ProxyThread.cpp:86] connect to game server succ, server id:993
I0309 20:22:32.538731 350365120 NetServer.cpp:88] delete io...192.168.10.120:60027
I0309 20:26:23.969756 350365120 NetServer.cpp:88] delete io...192.168.10.116:54271
W0309 21:02:51.473146 25804800 ProxyThread.cpp:133] game server is disconnect, after 3s will be reconnect!, server id: 993
W0309 21:02:51.473232 25804800 ProxyThread.cpp:133] login server is disconnect, after 3s will be reconnect!, server id: 10
W0309 21:02:51.473340 25804800 ProxyThread.cpp:133] game server is disconnect, after 3s will be reconnect!, server id: 991
W0309 21:02:51.473371 25804800 ProxyThread.cpp:138] db server is disconnect, after 3s will be reconnect!
W0309 21:02:51.473388 25804800 ProxyThread.cpp:114] center server is disconnect, after 3s will be reconnect!
W0309 21:02:54.950862 350365120 NetModule.cpp:723] ready reconnect server, server id: 1
W0309 21:02:54.951176 350365120 NetModule.cpp:723] ready reconnect server, server id: 10
W0309 21:02:54.951457 350365120 NetModule.cpp:723] ready reconnect server, server id: 0
W0309 21:02:54.951730 350365120 NetModule.cpp:723] ready reconnect server, server id: 991
W0309 21:02:54.951884 350365120 NetModule.cpp:723] ready reconnect server, server id: 993
I0309 21:02:54.952033 350365120 NetConnector.cpp:216] connect to: 0.0.0.0:6001 success! 
I0309 21:02:54.952055 350365120 NetConnector.cpp:216] connect to: 0.0.0.0:7001 success! 
I0309 21:02:54.952080 350365120 NetConnector.cpp:216] connect to: 0.0.0.0:5001 success! 
I0309 21:02:54.952097 350365120 NetConnector.cpp:216] connect to: 127.0.0.1:9901 success! 
I0309 21:02:54.952116 350365120 NetConnector.cpp:216] connect to: 127.0.0.1:9903 success! 
I0309 21:02:54.953653 25804800 ProxyThread.cpp:92] connect to db server succ
I0309 21:02:54.953706 25804800 ProxyThread.cpp:76] connect to login server succ, server id:10
I0309 21:02:54.953728 25804800 ProxyThread.cpp:66] connect to center server succ.
I0309 21:02:54.953747 25804800 ProxyThread.cpp:86] connect to game server succ, server id:991
I0309 21:02:54.953764 25804800 ProxyThread.cpp:86] connect to game server succ, server id:993
W0309 21:02:54.976524 25804800 ServerMgr.cpp:17] repeated add game server, game server id:991
W0309 21:02:54.976649 25804800 ServerMgr.cpp:17] repeated add game server, game server id:993
I0309 21:02:54.976702 25804800 ProxyThread.cpp:543] get game server list finish!
I0309 21:02:54.976719 25804800 ProxyThread.cpp:514] get login server list finish!
I0309 21:02:54.976734 25804800 ProxyThread.cpp:572] get customer server list finish!
W0309 21:03:01.997237 25804800 ServerMgr.cpp:60] repeated add login server, login server id:10
W0309 21:37:53.494814 25804800 ProxyThread.cpp:133] game server is disconnect, after 3s will be reconnect!, server id: 991
W0309 21:37:53.494877 25804800 ProxyThread.cpp:138] db server is disconnect, after 3s will be reconnect!
W0309 21:37:53.494899 25804800 ProxyThread.cpp:114] center server is disconnect, after 3s will be reconnect!
W0309 21:37:53.494916 25804800 ProxyThread.cpp:133] game server is disconnect, after 3s will be reconnect!, server id: 993
W0309 21:37:53.494935 25804800 ProxyThread.cpp:133] login server is disconnect, after 3s will be reconnect!, server id: 10
W0309 21:37:56.981078 350365120 NetModule.cpp:723] ready reconnect server, server id: 1
W0309 21:37:56.981360 350365120 NetModule.cpp:723] ready reconnect server, server id: 10
W0309 21:37:56.981608 350365120 NetModule.cpp:723] ready reconnect server, server id: 0
W0309 21:37:56.981881 350365120 NetModule.cpp:723] ready reconnect server, server id: 991
W0309 21:37:56.982034 350365120 NetModule.cpp:723] ready reconnect server, server id: 993
I0309 21:37:56.982210 350365120 NetConnector.cpp:216] connect to: 0.0.0.0:6001 success! 
I0309 21:37:56.982233 350365120 NetConnector.cpp:216] connect to: 0.0.0.0:7001 success! 
I0309 21:37:56.982251 350365120 NetConnector.cpp:216] connect to: 0.0.0.0:5001 success! 
I0309 21:37:56.982269 350365120 NetConnector.cpp:216] connect to: 127.0.0.1:9901 success! 
I0309 21:37:56.982285 350365120 NetConnector.cpp:216] connect to: 127.0.0.1:9903 success! 
I0309 21:37:56.983224 25804800 ProxyThread.cpp:92] connect to db server succ
I0309 21:37:56.983289 25804800 ProxyThread.cpp:76] connect to login server succ, server id:10
I0309 21:37:56.983330 25804800 ProxyThread.cpp:66] connect to center server succ.
I0309 21:37:56.983358 25804800 ProxyThread.cpp:86] connect to game server succ, server id:991
I0309 21:37:56.983379 25804800 ProxyThread.cpp:86] connect to game server succ, server id:993
W0309 21:37:57.013006 25804800 ServerMgr.cpp:17] repeated add game server, game server id:991
W0309 21:37:57.013147 25804800 ServerMgr.cpp:17] repeated add game server, game server id:993
I0309 21:37:57.013209 25804800 ProxyThread.cpp:543] get game server list finish!
I0309 21:37:57.013229 25804800 ProxyThread.cpp:514] get login server list finish!
I0309 21:37:57.013244 25804800 ProxyThread.cpp:572] get customer server list finish!
W0309 21:38:03.546849 25804800 ServerMgr.cpp:60] repeated add login server, login server id:10
W0309 22:16:25.524364 25804800 ProxyThread.cpp:133] game server is disconnect, after 3s will be reconnect!, server id: 993
W0309 22:16:25.524435 25804800 ProxyThread.cpp:114] center server is disconnect, after 3s will be reconnect!
W0309 22:16:25.524466 25804800 ProxyThread.cpp:133] login server is disconnect, after 3s will be reconnect!, server id: 10
W0309 22:16:25.524513 25804800 ProxyThread.cpp:138] db server is disconnect, after 3s will be reconnect!
W0309 22:16:25.524536 25804800 ProxyThread.cpp:133] game server is disconnect, after 3s will be reconnect!, server id: 991
W0309 22:16:29.021015 350365120 NetModule.cpp:723] ready reconnect server, server id: 1
W0309 22:16:29.021333 350365120 NetModule.cpp:723] ready reconnect server, server id: 10
W0309 22:16:29.021591 350365120 NetModule.cpp:723] ready reconnect server, server id: 0
W0309 22:16:29.021895 350365120 NetModule.cpp:723] ready reconnect server, server id: 991
W0309 22:16:29.022054 350365120 NetModule.cpp:723] ready reconnect server, server id: 993
I0309 22:16:29.022188 350365120 NetConnector.cpp:216] connect to: 0.0.0.0:6001 success! 
I0309 22:16:29.022210 350365120 NetConnector.cpp:216] connect to: 0.0.0.0:7001 success! 
I0309 22:16:29.022228 350365120 NetConnector.cpp:216] connect to: 0.0.0.0:5001 success! 
I0309 22:16:29.022245 350365120 NetConnector.cpp:216] connect to: 127.0.0.1:9901 success! 
I0309 22:16:29.022264 350365120 NetConnector.cpp:216] connect to: 127.0.0.1:9903 success! 
I0309 22:16:29.023771 25804800 ProxyThread.cpp:92] connect to db server succ
I0309 22:16:29.023834 25804800 ProxyThread.cpp:76] connect to login server succ, server id:10
I0309 22:16:29.023859 25804800 ProxyThread.cpp:66] connect to center server succ.
I0309 22:16:29.023876 25804800 ProxyThread.cpp:86] connect to game server succ, server id:991
I0309 22:16:29.023895 25804800 ProxyThread.cpp:86] connect to game server succ, server id:993
W0309 22:16:29.066448 25804800 ServerMgr.cpp:17] repeated add game server, game server id:993
W0309 22:16:29.066576 25804800 ServerMgr.cpp:17] repeated add game server, game server id:991
I0309 22:16:29.066637 25804800 ProxyThread.cpp:543] get game server list finish!
I0309 22:16:29.066654 25804800 ProxyThread.cpp:514] get login server list finish!
I0309 22:16:29.066669 25804800 ProxyThread.cpp:572] get customer server list finish!
W0309 22:16:36.064227 25804800 ServerMgr.cpp:60] repeated add login server, login server id:10
W0309 22:49:52.533110 25804800 ProxyThread.cpp:133] login server is disconnect, after 3s will be reconnect!, server id: 10
W0309 22:49:52.533187 25804800 ProxyThread.cpp:138] db server is disconnect, after 3s will be reconnect!
W0309 22:49:52.533215 25804800 ProxyThread.cpp:114] center server is disconnect, after 3s will be reconnect!
W0309 22:49:52.533268 25804800 ProxyThread.cpp:133] game server is disconnect, after 3s will be reconnect!, server id: 991
W0309 22:49:52.533290 25804800 ProxyThread.cpp:133] game server is disconnect, after 3s will be reconnect!, server id: 993
W0309 22:49:56.021142 350365120 NetModule.cpp:723] ready reconnect server, server id: 1
W0309 22:49:56.021342 350365120 NetModule.cpp:723] ready reconnect server, server id: 10
W0309 22:49:56.021538 350365120 NetModule.cpp:723] ready reconnect server, server id: 0
W0309 22:49:56.021725 350365120 NetModule.cpp:723] ready reconnect server, server id: 991
W0309 22:49:56.021915 350365120 NetModule.cpp:723] ready reconnect server, server id: 993
I0309 22:49:56.022044 350365120 NetConnector.cpp:216] connect to: 0.0.0.0:6001 success! 
I0309 22:49:56.022068 350365120 NetConnector.cpp:216] connect to: 0.0.0.0:7001 success! 
I0309 22:49:56.022087 350365120 NetConnector.cpp:216] connect to: 0.0.0.0:5001 success! 
I0309 22:49:56.022110 350365120 NetConnector.cpp:216] connect to: 127.0.0.1:9901 success! 
I0309 22:49:56.022128 350365120 NetConnector.cpp:216] connect to: 127.0.0.1:9903 success! 
I0309 22:49:56.024039 25804800 ProxyThread.cpp:92] connect to db server succ
I0309 22:49:56.024091 25804800 ProxyThread.cpp:76] connect to login server succ, server id:10
I0309 22:49:56.024116 25804800 ProxyThread.cpp:66] connect to center server succ.
I0309 22:49:56.024129 25804800 ProxyThread.cpp:86] connect to game server succ, server id:991
I0309 22:49:56.024143 25804800 ProxyThread.cpp:86] connect to game server succ, server id:993
W0309 22:49:56.069609 25804800 ServerMgr.cpp:17] repeated add game server, game server id:993
W0309 22:49:56.069731 25804800 ServerMgr.cpp:17] repeated add game server, game server id:991
I0309 22:49:56.069784 25804800 ProxyThread.cpp:543] get game server list finish!
I0309 22:49:56.069802 25804800 ProxyThread.cpp:514] get login server list finish!
I0309 22:49:56.069818 25804800 ProxyThread.cpp:572] get customer server list finish!
W0309 22:50:03.101810 25804800 ServerMgr.cpp:60] repeated add login server, login server id:10
W0309 23:26:43.536000 25804800 ProxyThread.cpp:133] game server is disconnect, after 3s will be reconnect!, server id: 993
W0309 23:26:43.536061 25804800 ProxyThread.cpp:138] db server is disconnect, after 3s will be reconnect!
W0309 23:26:43.536116 25804800 ProxyThread.cpp:133] game server is disconnect, after 3s will be reconnect!, server id: 991
W0309 23:26:43.536141 25804800 ProxyThread.cpp:114] center server is disconnect, after 3s will be reconnect!
W0309 23:26:43.536159 25804800 ProxyThread.cpp:133] login server is disconnect, after 3s will be reconnect!, server id: 10
W0309 23:26:47.014355 350365120 NetModule.cpp:723] ready reconnect server, server id: 1
W0309 23:26:47.014502 350365120 NetModule.cpp:723] ready reconnect server, server id: 10
W0309 23:26:47.014616 350365120 NetModule.cpp:723] ready reconnect server, server id: 0
W0309 23:26:47.014765 350365120 NetModule.cpp:723] ready reconnect server, server id: 991
W0309 23:26:47.014889 350365120 NetModule.cpp:723] ready reconnect server, server id: 993
I0309 23:26:47.014977 350365120 NetConnector.cpp:216] connect to: 0.0.0.0:6001 success! 
I0309 23:26:47.015002 350365120 NetConnector.cpp:216] connect to: 0.0.0.0:7001 success! 
I0309 23:26:47.015020 350365120 NetConnector.cpp:216] connect to: 0.0.0.0:5001 success! 
I0309 23:26:47.015033 350365120 NetConnector.cpp:216] connect to: 127.0.0.1:9901 success! 
I0309 23:26:47.015045 350365120 NetConnector.cpp:216] connect to: 127.0.0.1:9903 success! 
I0309 23:26:47.016616 25804800 ProxyThread.cpp:92] connect to db server succ
I0309 23:26:47.016633 25804800 ProxyThread.cpp:76] connect to login server succ, server id:10
I0309 23:26:47.016643 25804800 ProxyThread.cpp:66] connect to center server succ.
I0309 23:26:47.016649 25804800 ProxyThread.cpp:86] connect to game server succ, server id:991
I0309 23:26:47.016655 25804800 ProxyThread.cpp:86] connect to game server succ, server id:993
W0309 23:26:47.044477 25804800 ServerMgr.cpp:17] repeated add game server, game server id:993
W0309 23:26:47.044523 25804800 ServerMgr.cpp:17] repeated add game server, game server id:991
I0309 23:26:47.044541 25804800 ProxyThread.cpp:543] get game server list finish!
I0309 23:26:47.044548 25804800 ProxyThread.cpp:514] get login server list finish!
I0309 23:26:47.044553 25804800 ProxyThread.cpp:572] get customer server list finish!
W0309 23:26:54.085618 25804800 ServerMgr.cpp:60] repeated add login server, login server id:10
W0310 00:01:22.546633 25804800 ProxyThread.cpp:114] center server is disconnect, after 3s will be reconnect!
W0310 00:01:22.546737 25804800 ProxyThread.cpp:138] db server is disconnect, after 3s will be reconnect!
W0310 00:01:22.546762 25804800 ProxyThread.cpp:133] login server is disconnect, after 3s will be reconnect!, server id: 10
W0310 00:01:22.546783 25804800 ProxyThread.cpp:133] game server is disconnect, after 3s will be reconnect!, server id: 991
W0310 00:01:22.546802 25804800 ProxyThread.cpp:133] game server is disconnect, after 3s will be reconnect!, server id: 993
W0310 00:01:26.031765 350365120 NetModule.cpp:723] ready reconnect server, server id: 1
W0310 00:01:26.032049 350365120 NetModule.cpp:723] ready reconnect server, server id: 10
W0310 00:01:26.032289 350365120 NetModule.cpp:723] ready reconnect server, server id: 0
W0310 00:01:26.032552 350365120 NetModule.cpp:723] ready reconnect server, server id: 991
