W0225 13:09:01.001602 222381504 NetModule.cpp:723] ready reconnect server, server id: 1
W0225 13:09:01.002146 155447296 ProxyThread.cpp:138] db server is disconnect, after 3s will be reconnect!
W0225 13:09:04.513432 222381504 NetModule.cpp:723] ready reconnect server, server id: 1
W0225 13:09:04.515722 155447296 ProxyThread.cpp:138] db server is disconnect, after 3s will be reconnect!
W0225 13:09:08.021260 222381504 NetModule.cpp:723] ready reconnect server, server id: 1
W0225 13:09:08.023543 155447296 ProxyThread.cpp:138] db server is disconnect, after 3s will be reconnect!
W0225 13:09:11.531220 222381504 NetModule.cpp:723] ready reconnect server, server id: 1
W0225 13:09:11.533502 155447296 ProxyThread.cpp:138] db server is disconnect, after 3s will be reconnect!
W0225 13:09:15.043530 222381504 NetModule.cpp:723] ready reconnect server, server id: 1
W0225 13:09:15.043800 155447296 ProxyThread.cpp:138] db server is disconnect, after 3s will be reconnect!
W0225 13:09:18.051043 222381504 NetModule.cpp:723] ready reconnect server, server id: 1
W0225 13:09:18.051535 155447296 ProxyThread.cpp:138] db server is disconnect, after 3s will be reconnect!
W0225 13:09:21.564039 222381504 NetModule.cpp:723] ready reconnect server, server id: 1
W0225 13:09:21.566310 155447296 ProxyThread.cpp:138] db server is disconnect, after 3s will be reconnect!
W0225 13:09:25.075608 222381504 NetModule.cpp:723] ready reconnect server, server id: 1
W0225 13:09:25.076155 155447296 ProxyThread.cpp:138] db server is disconnect, after 3s will be reconnect!
W0225 13:09:28.583168 222381504 NetModule.cpp:723] ready reconnect server, server id: 1
W0225 13:09:28.585227 155447296 ProxyThread.cpp:138] db server is disconnect, after 3s will be reconnect!
W0225 13:09:32.089200 222381504 NetModule.cpp:723] ready reconnect server, server id: 1
W0225 13:09:32.091867 155447296 ProxyThread.cpp:138] db server is disconnect, after 3s will be reconnect!
W0225 13:09:35.607465 222381504 NetModule.cpp:723] ready reconnect server, server id: 1
W0225 13:09:35.610234 155447296 ProxyThread.cpp:138] db server is disconnect, after 3s will be reconnect!
W0225 13:09:39.124349 222381504 NetModule.cpp:723] ready reconnect server, server id: 1
W0225 13:09:39.127108 155447296 ProxyThread.cpp:138] db server is disconnect, after 3s will be reconnect!
W0225 13:09:42.641011 222381504 NetModule.cpp:723] ready reconnect server, server id: 1
W0225 13:09:42.643745 155447296 ProxyThread.cpp:138] db server is disconnect, after 3s will be reconnect!
W0225 13:09:46.161639 222381504 NetModule.cpp:723] ready reconnect server, server id: 1
W0225 13:09:46.163957 155447296 ProxyThread.cpp:138] db server is disconnect, after 3s will be reconnect!
W0225 13:09:49.185021 222381504 NetModule.cpp:723] ready reconnect server, server id: 1
W0225 13:09:49.186892 155447296 ProxyThread.cpp:138] db server is disconnect, after 3s will be reconnect!
W0225 13:09:52.700646 222381504 NetModule.cpp:723] ready reconnect server, server id: 1
W0225 13:09:52.703384 155447296 ProxyThread.cpp:138] db server is disconnect, after 3s will be reconnect!
W0225 13:09:56.214473 222381504 NetModule.cpp:723] ready reconnect server, server id: 1
W0225 13:09:56.217205 155447296 ProxyThread.cpp:138] db server is disconnect, after 3s will be reconnect!
W0225 13:09:59.740924 222381504 NetModule.cpp:723] ready reconnect server, server id: 1
W0225 13:09:59.743786 155447296 ProxyThread.cpp:138] db server is disconnect, after 3s will be reconnect!
W0225 13:10:03.257282 222381504 NetModule.cpp:723] ready reconnect server, server id: 1
W0225 13:10:03.260036 155447296 ProxyThread.cpp:138] db server is disconnect, after 3s will be reconnect!
W0225 13:10:06.787397 222381504 NetModule.cpp:723] ready reconnect server, server id: 1
W0225 13:10:06.787943 155447296 ProxyThread.cpp:138] db server is disconnect, after 3s will be reconnect!
W0225 13:10:10.301476 222381504 NetModule.cpp:723] ready reconnect server, server id: 1
W0225 13:10:10.302986 155447296 ProxyThread.cpp:138] db server is disconnect, after 3s will be reconnect!
W0225 13:10:13.318092 222381504 NetModule.cpp:723] ready reconnect server, server id: 1
W0225 13:10:13.320868 155447296 ProxyThread.cpp:138] db server is disconnect, after 3s will be reconnect!
W0225 13:10:16.840963 222381504 NetModule.cpp:723] ready reconnect server, server id: 1
W0225 13:10:16.843664 155447296 ProxyThread.cpp:138] db server is disconnect, after 3s will be reconnect!
W0225 13:10:20.362941 222381504 NetModule.cpp:723] ready reconnect server, server id: 1
W0225 13:10:20.365697 155447296 ProxyThread.cpp:138] db server is disconnect, after 3s will be reconnect!
W0225 13:10:23.874981 222381504 NetModule.cpp:723] ready reconnect server, server id: 1
W0225 13:10:23.877744 155447296 ProxyThread.cpp:138] db server is disconnect, after 3s will be reconnect!
W0225 13:10:27.395630 222381504 NetModule.cpp:723] ready reconnect server, server id: 1
W0225 13:10:27.398376 155447296 ProxyThread.cpp:138] db server is disconnect, after 3s will be reconnect!
W0225 13:10:30.910243 222381504 NetModule.cpp:723] ready reconnect server, server id: 1
W0225 13:10:30.912418 155447296 ProxyThread.cpp:138] db server is disconnect, after 3s will be reconnect!
W0225 13:10:34.422966 222381504 NetModule.cpp:723] ready reconnect server, server id: 1
W0225 13:10:34.425709 155447296 ProxyThread.cpp:138] db server is disconnect, after 3s will be reconnect!
W0225 13:10:37.949797 222381504 NetModule.cpp:723] ready reconnect server, server id: 1
W0225 13:10:37.952431 155447296 ProxyThread.cpp:138] db server is disconnect, after 3s will be reconnect!
W0225 13:10:41.457290 222381504 NetModule.cpp:723] ready reconnect server, server id: 1
W0225 13:10:41.457854 155447296 ProxyThread.cpp:138] db server is disconnect, after 3s will be reconnect!
W0225 13:10:44.987205 222381504 NetModule.cpp:723] ready reconnect server, server id: 1
W0225 13:10:44.989930 155447296 ProxyThread.cpp:138] db server is disconnect, after 3s will be reconnect!
W0225 13:10:48.515707 222381504 NetModule.cpp:723] ready reconnect server, server id: 1
W0225 13:10:48.518468 155447296 ProxyThread.cpp:138] db server is disconnect, after 3s will be reconnect!
W0225 13:10:52.021131 222381504 NetModule.cpp:723] ready reconnect server, server id: 1
W0225 13:10:52.022941 155447296 ProxyThread.cpp:138] db server is disconnect, after 3s will be reconnect!
W0225 13:10:55.538974 222381504 NetModule.cpp:723] ready reconnect server, server id: 1
W0225 13:10:55.539317 155447296 ProxyThread.cpp:138] db server is disconnect, after 3s will be reconnect!
W0225 13:10:59.061003 222381504 NetModule.cpp:723] ready reconnect server, server id: 1
W0225 13:10:59.063758 155447296 ProxyThread.cpp:138] db server is disconnect, after 3s will be reconnect!
W0225 13:11:02.582902 222381504 NetModule.cpp:723] ready reconnect server, server id: 1
W0225 13:11:02.585618 155447296 ProxyThread.cpp:138] db server is disconnect, after 3s will be reconnect!
W0225 13:11:06.103416 222381504 NetModule.cpp:723] ready reconnect server, server id: 1
W0225 13:11:06.106127 155447296 ProxyThread.cpp:138] db server is disconnect, after 3s will be reconnect!
W0225 13:11:09.622478 222381504 NetModule.cpp:723] ready reconnect server, server id: 1
W0225 13:11:09.623847 155447296 ProxyThread.cpp:138] db server is disconnect, after 3s will be reconnect!
W0225 13:11:13.142479 222381504 NetModule.cpp:723] ready reconnect server, server id: 1
W0225 13:11:13.143728 155447296 ProxyThread.cpp:138] db server is disconnect, after 3s will be reconnect!
W0225 13:11:16.659333 222381504 NetModule.cpp:723] ready reconnect server, server id: 1
W0225 13:11:16.662104 155447296 ProxyThread.cpp:138] db server is disconnect, after 3s will be reconnect!
W0225 13:11:20.179554 222381504 NetModule.cpp:723] ready reconnect server, server id: 1
W0225 13:11:20.182219 155447296 ProxyThread.cpp:138] db server is disconnect, after 3s will be reconnect!
W0225 13:11:23.703708 222381504 NetModule.cpp:723] ready reconnect server, server id: 1
W0225 13:11:23.704651 155447296 ProxyThread.cpp:138] db server is disconnect, after 3s will be reconnect!
W0225 13:11:27.230770 222381504 NetModule.cpp:723] ready reconnect server, server id: 1
W0225 13:11:27.232702 155447296 ProxyThread.cpp:138] db server is disconnect, after 3s will be reconnect!
W0225 13:11:30.746362 222381504 NetModule.cpp:723] ready reconnect server, server id: 1
W0225 13:11:30.748448 155447296 ProxyThread.cpp:138] db server is disconnect, after 3s will be reconnect!
W0225 13:11:33.774883 222381504 NetModule.cpp:723] ready reconnect server, server id: 1
W0225 13:11:33.777704 155447296 ProxyThread.cpp:138] db server is disconnect, after 3s will be reconnect!
W0225 13:11:37.297194 222381504 NetModule.cpp:723] ready reconnect server, server id: 1
W0225 13:11:37.299954 155447296 ProxyThread.cpp:138] db server is disconnect, after 3s will be reconnect!
W0225 13:11:40.827795 222381504 NetModule.cpp:723] ready reconnect server, server id: 1
W0225 13:11:40.830080 155447296 ProxyThread.cpp:138] db server is disconnect, after 3s will be reconnect!
W0225 13:11:44.345299 222381504 NetModule.cpp:723] ready reconnect server, server id: 1
W0225 13:11:44.348484 155447296 ProxyThread.cpp:138] db server is disconnect, after 3s will be reconnect!
W0225 13:11:47.867838 222381504 NetModule.cpp:723] ready reconnect server, server id: 1
W0225 13:11:47.870586 155447296 ProxyThread.cpp:138] db server is disconnect, after 3s will be reconnect!
W0225 13:11:51.377346 222381504 NetModule.cpp:723] ready reconnect server, server id: 1
W0225 13:11:51.378639 155447296 ProxyThread.cpp:138] db server is disconnect, after 3s will be reconnect!
W0225 13:11:54.885948 222381504 NetModule.cpp:723] ready reconnect server, server id: 1
W0225 13:11:54.888706 155447296 ProxyThread.cpp:138] db server is disconnect, after 3s will be reconnect!
W0225 13:11:58.411032 222381504 NetModule.cpp:723] ready reconnect server, server id: 1
W0225 13:11:58.413861 155447296 ProxyThread.cpp:138] db server is disconnect, after 3s will be reconnect!
W0225 13:12:01.932010 222381504 NetModule.cpp:723] ready reconnect server, server id: 1
W0225 13:12:01.934790 155447296 ProxyThread.cpp:138] db server is disconnect, after 3s will be reconnect!
W0225 13:12:05.444785 222381504 NetModule.cpp:723] ready reconnect server, server id: 1
W0225 13:12:05.447557 155447296 ProxyThread.cpp:138] db server is disconnect, after 3s will be reconnect!
W0225 13:12:08.967726 222381504 NetModule.cpp:723] ready reconnect server, server id: 1
W0225 13:12:08.970515 155447296 ProxyThread.cpp:138] db server is disconnect, after 3s will be reconnect!
W0225 13:12:12.490450 222381504 NetModule.cpp:723] ready reconnect server, server id: 1
W0225 13:12:12.493490 155447296 ProxyThread.cpp:138] db server is disconnect, after 3s will be reconnect!
W0225 13:12:16.007009 222381504 NetModule.cpp:723] ready reconnect server, server id: 1
W0225 13:12:16.007819 155447296 ProxyThread.cpp:138] db server is disconnect, after 3s will be reconnect!
W0225 13:12:19.526371 222381504 NetModule.cpp:723] ready reconnect server, server id: 1
W0225 13:12:19.529151 155447296 ProxyThread.cpp:138] db server is disconnect, after 3s will be reconnect!
W0225 13:12:23.044181 222381504 NetModule.cpp:723] ready reconnect server, server id: 1
W0225 13:12:23.044661 155447296 ProxyThread.cpp:138] db server is disconnect, after 3s will be reconnect!
W0225 13:12:26.063099 222381504 NetModule.cpp:723] ready reconnect server, server id: 1
W0225 13:12:26.063729 155447296 ProxyThread.cpp:138] db server is disconnect, after 3s will be reconnect!
W0225 13:12:29.581626 222381504 NetModule.cpp:723] ready reconnect server, server id: 1
W0225 13:12:29.584364 155447296 ProxyThread.cpp:138] db server is disconnect, after 3s will be reconnect!
W0225 13:12:33.102393 222381504 NetModule.cpp:723] ready reconnect server, server id: 1
W0225 13:12:33.104881 155447296 ProxyThread.cpp:138] db server is disconnect, after 3s will be reconnect!
W0225 13:12:36.611320 222381504 NetModule.cpp:723] ready reconnect server, server id: 1
W0225 13:12:36.614075 155447296 ProxyThread.cpp:138] db server is disconnect, after 3s will be reconnect!
W0225 13:12:40.129951 222381504 NetConnector.cpp:287] open connect: 0.0.0.0:6001 fail.
W0225 13:12:40.130079 222381504 NetModule.cpp:723] ready reconnect server, server id: 1
W0225 13:12:40.132726 155447296 ProxyThread.cpp:138] db server is disconnect, after 3s will be reconnect!
W0225 13:12:43.645999 222381504 NetModule.cpp:723] ready reconnect server, server id: 1
W0225 13:12:43.648762 155447296 ProxyThread.cpp:138] db server is disconnect, after 3s will be reconnect!
W0225 13:12:47.158371 222381504 NetModule.cpp:723] ready reconnect server, server id: 1
W0225 13:12:47.161181 155447296 ProxyThread.cpp:138] db server is disconnect, after 3s will be reconnect!
W0225 13:12:50.678412 222381504 NetModule.cpp:723] ready reconnect server, server id: 1
W0225 13:12:50.681174 155447296 ProxyThread.cpp:138] db server is disconnect, after 3s will be reconnect!
W0225 13:12:54.193061 222381504 NetModule.cpp:723] ready reconnect server, server id: 1
W0225 13:12:54.195863 155447296 ProxyThread.cpp:138] db server is disconnect, after 3s will be reconnect!
W0225 13:12:57.705265 222381504 NetModule.cpp:723] ready reconnect server, server id: 1
W0225 13:12:57.705549 155447296 ProxyThread.cpp:138] db server is disconnect, after 3s will be reconnect!
W0225 13:13:01.218371 222381504 NetModule.cpp:723] ready reconnect server, server id: 1
W0225 13:13:01.220407 155447296 ProxyThread.cpp:138] db server is disconnect, after 3s will be reconnect!
W0225 13:13:04.742791 222381504 NetModule.cpp:723] ready reconnect server, server id: 1
W0225 13:13:04.744390 155447296 ProxyThread.cpp:138] db server is disconnect, after 3s will be reconnect!
W0225 13:13:08.258507 222381504 NetModule.cpp:723] ready reconnect server, server id: 1
W0225 13:13:08.261211 155447296 ProxyThread.cpp:138] db server is disconnect, after 3s will be reconnect!
W0225 13:13:11.768436 222381504 NetModule.cpp:723] ready reconnect server, server id: 1
W0225 13:13:11.770376 155447296 ProxyThread.cpp:138] db server is disconnect, after 3s will be reconnect!
W0225 13:13:15.283107 222381504 NetModule.cpp:723] ready reconnect server, server id: 1
W0225 13:13:15.283659 155447296 ProxyThread.cpp:138] db server is disconnect, after 3s will be reconnect!
W0225 13:13:18.794981 222381504 NetModule.cpp:723] ready reconnect server, server id: 1
W0225 13:13:18.797730 155447296 ProxyThread.cpp:138] db server is disconnect, after 3s will be reconnect!
W0225 13:13:22.309067 222381504 NetModule.cpp:723] ready reconnect server, server id: 1
W0225 13:13:22.311800 155447296 ProxyThread.cpp:138] db server is disconnect, after 3s will be reconnect!
W0225 13:13:25.827946 222381504 NetModule.cpp:723] ready reconnect server, server id: 1
W0225 13:13:25.830691 155447296 ProxyThread.cpp:138] db server is disconnect, after 3s will be reconnect!
W0225 13:13:29.334863 222381504 NetModule.cpp:723] ready reconnect server, server id: 1
W0225 13:13:29.336648 155447296 ProxyThread.cpp:138] db server is disconnect, after 3s will be reconnect!
W0225 13:13:32.850144 222381504 NetModule.cpp:723] ready reconnect server, server id: 1
W0225 13:13:32.850616 155447296 ProxyThread.cpp:138] db server is disconnect, after 3s will be reconnect!
W0225 13:13:36.367486 222381504 NetModule.cpp:723] ready reconnect server, server id: 1
W0225 13:13:36.369993 155447296 ProxyThread.cpp:138] db server is disconnect, after 3s will be reconnect!
W0225 13:13:39.881669 222381504 NetModule.cpp:723] ready reconnect server, server id: 1
W0225 13:13:39.883761 155447296 ProxyThread.cpp:138] db server is disconnect, after 3s will be reconnect!
W0225 13:13:43.394291 222381504 NetModule.cpp:723] ready reconnect server, server id: 1
W0225 13:13:43.396790 155447296 ProxyThread.cpp:138] db server is disconnect, after 3s will be reconnect!
W0225 13:13:46.909070 222381504 NetModule.cpp:723] ready reconnect server, server id: 1
W0225 13:13:46.911079 155447296 ProxyThread.cpp:138] db server is disconnect, after 3s will be reconnect!
W0225 13:13:50.426375 222381504 NetModule.cpp:723] ready reconnect server, server id: 1
W0225 13:13:50.428032 155447296 ProxyThread.cpp:138] db server is disconnect, after 3s will be reconnect!
W0225 13:13:53.441450 222381504 NetModule.cpp:723] ready reconnect server, server id: 1
W0225 13:13:53.444177 155447296 ProxyThread.cpp:138] db server is disconnect, after 3s will be reconnect!
W0225 13:13:56.950551 222381504 NetModule.cpp:723] ready reconnect server, server id: 1
W0225 13:13:56.953289 155447296 ProxyThread.cpp:138] db server is disconnect, after 3s will be reconnect!
W0225 13:14:00.464807 222381504 NetModule.cpp:723] ready reconnect server, server id: 1
W0225 13:14:00.467574 155447296 ProxyThread.cpp:138] db server is disconnect, after 3s will be reconnect!
W0225 13:14:03.984174 222381504 NetModule.cpp:723] ready reconnect server, server id: 1
W0225 13:14:03.986017 155447296 ProxyThread.cpp:138] db server is disconnect, after 3s will be reconnect!
W0225 13:14:07.508802 222381504 NetModule.cpp:723] ready reconnect server, server id: 1
W0225 13:14:07.511554 155447296 ProxyThread.cpp:138] db server is disconnect, after 3s will be reconnect!
W0225 13:14:11.017596 222381504 NetModule.cpp:723] ready reconnect server, server id: 1
W0225 13:14:11.019713 155447296 ProxyThread.cpp:138] db server is disconnect, after 3s will be reconnect!
W0225 13:14:14.522539 222381504 NetModule.cpp:723] ready reconnect server, server id: 1
W0225 13:14:14.524796 155447296 ProxyThread.cpp:138] db server is disconnect, after 3s will be reconnect!
W0225 13:14:18.033403 222381504 NetModule.cpp:723] ready reconnect server, server id: 1
W0225 13:14:18.035595 155447296 ProxyThread.cpp:138] db server is disconnect, after 3s will be reconnect!
W0225 13:14:21.542294 222381504 NetModule.cpp:723] ready reconnect server, server id: 1
W0225 13:14:21.543543 155447296 ProxyThread.cpp:138] db server is disconnect, after 3s will be reconnect!
W0225 13:14:25.052604 222381504 NetModule.cpp:723] ready reconnect server, server id: 1
W0225 13:14:25.053639 155447296 ProxyThread.cpp:138] db server is disconnect, after 3s will be reconnect!
W0225 13:14:28.560645 222381504 NetModule.cpp:723] ready reconnect server, server id: 1
W0225 13:14:28.562285 155447296 ProxyThread.cpp:138] db server is disconnect, after 3s will be reconnect!
W0225 13:14:32.073644 222381504 NetModule.cpp:723] ready reconnect server, server id: 1
W0225 13:14:32.075884 155447296 ProxyThread.cpp:138] db server is disconnect, after 3s will be reconnect!
I0225 13:14:32.499164 155447296 NetModule.cpp:220] add one connector: 127.0.0.1:9901 succeed...
W0225 13:14:32.499219 155447296 ServerMgr.cpp:40] add game server, game server id:991
I0225 13:14:32.574232 222381504 NetConnector.cpp:216] connect to: 127.0.0.1:9901 success! 
I0225 13:14:32.575974 155447296 ProxyThread.cpp:86] connect to game server succ, server id:991
W0225 13:14:35.577888 222381504 NetModule.cpp:723] ready reconnect server, server id: 1
W0225 13:14:35.579344 155447296 ProxyThread.cpp:138] db server is disconnect, after 3s will be reconnect!
W0225 13:14:39.082445 222381504 NetModule.cpp:723] ready reconnect server, server id: 1
W0225 13:14:39.084044 155447296 ProxyThread.cpp:138] db server is disconnect, after 3s will be reconnect!
W0225 13:14:42.589259 222381504 NetModule.cpp:723] ready reconnect server, server id: 1
W0225 13:14:42.591506 155447296 ProxyThread.cpp:138] db server is disconnect, after 3s will be reconnect!
W0225 13:14:46.098707 222381504 NetModule.cpp:723] ready reconnect server, server id: 1
W0225 13:14:46.100888 155447296 ProxyThread.cpp:138] db server is disconnect, after 3s will be reconnect!
W0225 13:14:49.612795 222381504 NetModule.cpp:723] ready reconnect server, server id: 1
I0225 13:14:49.612998 222381504 NetConnector.cpp:216] connect to: 0.0.0.0:6001 success! 
I0225 13:14:49.614984 155447296 ProxyThread.cpp:92] connect to db server succ
W0225 13:16:35.744710 155447296 ServerMgr.cpp:140] remove game server, but the link is alive, game server id:991
W0225 13:16:35.745123 155447296 ServerMgr.cpp:145] remove one game server, game server id:991
I0225 13:17:00.897675 155447296 NetModule.cpp:220] add one connector: 127.0.0.1:9901 succeed...
W0225 13:17:00.897727 155447296 ServerMgr.cpp:40] add game server, game server id:991
I0225 13:17:01.043013 222381504 NetConnector.cpp:216] connect to: 127.0.0.1:9901 success! 
I0225 13:17:01.043670 155447296 ProxyThread.cpp:86] connect to game server succ, server id:991
W0225 13:17:55.748353 155447296 ServerMgr.cpp:140] remove game server, but the link is alive, game server id:991
W0225 13:17:55.749081 155447296 ServerMgr.cpp:145] remove one game server, game server id:991
I0225 13:20:20.027308 155447296 NetModule.cpp:220] add one connector: 127.0.0.1:9901 succeed...
W0225 13:20:20.027387 155447296 ServerMgr.cpp:40] add game server, game server id:991
I0225 13:20:20.146081 222381504 NetConnector.cpp:216] connect to: 127.0.0.1:9901 success! 
I0225 13:20:20.147969 155447296 ProxyThread.cpp:86] connect to game server succ, server id:991
W0225 13:21:12.453603 155447296 ProxyThread.cpp:133] game server is disconnect, after 3s will be reconnect!, server id: 991
W0225 13:21:12.470245 155447296 ServerMgr.cpp:145] remove one game server, game server id:991
W0225 13:21:15.549405 155447296 ServerMgr.cpp:354] disconnect login or game server is remove or register again, no server reconnect...
I0225 13:22:19.025413 155447296 NetModule.cpp:220] add one connector: 127.0.0.1:9901 succeed...
W0225 13:22:19.026348 155447296 ServerMgr.cpp:40] add game server, game server id:991
I0225 13:22:19.519897 222381504 NetConnector.cpp:216] connect to: 127.0.0.1:9901 success! 
I0225 13:22:19.523308 155447296 ProxyThread.cpp:86] connect to game server succ, server id:991
W0225 13:24:12.030382 155447296 ProxyThread.cpp:133] game server is disconnect, after 3s will be reconnect!, server id: 991
W0225 13:24:12.031105 155447296 ServerMgr.cpp:145] remove one game server, game server id:991
I0225 13:24:12.046669 222381504 NetServer.cpp:88] delete io...192.168.10.116:56655
I0225 13:24:12.406456 222381504 NetServer.cpp:55] accept io...192.168.10.116:56656
W0225 13:24:15.078292 155447296 ServerMgr.cpp:354] disconnect login or game server is remove or register again, no server reconnect...
I0225 13:24:44.322083 155447296 NetModule.cpp:220] add one connector: 127.0.0.1:9901 succeed...
W0225 13:24:44.322134 155447296 ServerMgr.cpp:40] add game server, game server id:991
I0225 13:24:44.467684 222381504 NetConnector.cpp:216] connect to: 127.0.0.1:9901 success! 
I0225 13:24:44.468957 155447296 ProxyThread.cpp:86] connect to game server succ, server id:991
W0225 13:24:54.956315 155447296 ProxyThread.cpp:133] game server is disconnect, after 3s will be reconnect!, server id: 991
W0225 13:24:54.965592 155447296 ServerMgr.cpp:145] remove one game server, game server id:991
I0225 13:24:54.970993 222381504 NetServer.cpp:88] delete io...192.168.10.116:56656
W0225 13:24:57.069686 155447296 ProxyThread.cpp:854] client socket not found, main id: 6, sub id: 660
W0225 13:24:57.985640 155447296 ServerMgr.cpp:354] disconnect login or game server is remove or register again, no server reconnect...
I0225 13:25:08.753684 222381504 NetServer.cpp:55] accept io...192.168.10.116:56657
I0225 13:25:09.069016 155447296 NetModule.cpp:220] add one connector: 127.0.0.1:9901 succeed...
W0225 13:25:09.069057 155447296 ServerMgr.cpp:40] add game server, game server id:991
I0225 13:25:09.540992 222381504 NetConnector.cpp:216] connect to: 127.0.0.1:9901 success! 
I0225 13:25:09.543507 155447296 ProxyThread.cpp:86] connect to game server succ, server id:991
W0225 13:30:17.526541 155447296 ProxyThread.cpp:133] game server is disconnect, after 3s will be reconnect!, server id: 991
I0225 13:30:17.536070 222381504 NetServer.cpp:88] delete io...192.168.10.116:56657
W0225 13:30:17.547053 155447296 ServerMgr.cpp:145] remove one game server, game server id:991
I0225 13:30:17.769028 222381504 NetServer.cpp:55] accept io...192.168.10.116:56658
W0225 13:30:20.608319 155447296 ServerMgr.cpp:354] disconnect login or game server is remove or register again, no server reconnect...
I0225 13:30:43.219923 155447296 NetModule.cpp:220] add one connector: 127.0.0.1:9901 succeed...
W0225 13:30:43.219952 155447296 ServerMgr.cpp:40] add game server, game server id:991
I0225 13:30:43.516541 222381504 NetConnector.cpp:216] connect to: 127.0.0.1:9901 success! 
I0225 13:30:43.519896 155447296 ProxyThread.cpp:86] connect to game server succ, server id:991
W0225 13:49:06.713349 155447296 ProxyThread.cpp:133] game server is disconnect, after 3s will be reconnect!, server id: 991
I0225 13:49:06.725878 222381504 NetServer.cpp:88] delete io...192.168.10.116:56658
W0225 13:49:06.734728 155447296 ServerMgr.cpp:145] remove one game server, game server id:991
I0225 13:49:06.907317 222381504 NetServer.cpp:55] accept io...192.168.10.116:56660
W0225 13:49:09.765192 155447296 ServerMgr.cpp:354] disconnect login or game server is remove or register again, no server reconnect...
I0225 13:49:29.154103 155447296 NetModule.cpp:220] add one connector: 127.0.0.1:9901 succeed...
W0225 13:49:29.154134 155447296 ServerMgr.cpp:40] add game server, game server id:991
I0225 13:49:29.297241 222381504 NetConnector.cpp:216] connect to: 127.0.0.1:9901 success! 
I0225 13:49:29.298446 155447296 ProxyThread.cpp:86] connect to game server succ, server id:991
W0225 13:51:21.933440 155447296 ProxyThread.cpp:133] game server is disconnect, after 3s will be reconnect!, server id: 991
I0225 13:51:21.951704 222381504 NetServer.cpp:88] delete io...192.168.10.116:56660
W0225 13:51:21.953793 155447296 ServerMgr.cpp:145] remove one game server, game server id:991
W0225 13:51:24.984030 155447296 ServerMgr.cpp:354] disconnect login or game server is remove or register again, no server reconnect...
I0225 13:51:27.066277 222381504 NetServer.cpp:55] accept io...192.168.10.116:56661
I0225 13:52:38.656639 155447296 NetModule.cpp:220] add one connector: 127.0.0.1:9901 succeed...
W0225 13:52:38.656719 155447296 ServerMgr.cpp:40] add game server, game server id:991
I0225 13:52:38.812065 222381504 NetConnector.cpp:216] connect to: 127.0.0.1:9901 success! 
I0225 13:52:38.813179 155447296 ProxyThread.cpp:86] connect to game server succ, server id:991
W0225 13:56:05.314947 155447296 ProxyThread.cpp:133] game server is disconnect, after 3s will be reconnect!, server id: 991
W0225 13:56:05.320130 155447296 ServerMgr.cpp:145] remove one game server, game server id:991
W0225 13:56:08.333384 155447296 ServerMgr.cpp:354] disconnect login or game server is remove or register again, no server reconnect...
I0225 13:56:12.392546 155447296 NetModule.cpp:220] add one connector: 127.0.0.1:9901 succeed...
W0225 13:56:12.392580 155447296 ServerMgr.cpp:40] add game server, game server id:991
I0225 13:56:12.426257 222381504 NetConnector.cpp:216] connect to: 127.0.0.1:9901 success! 
I0225 13:56:12.428213 155447296 ProxyThread.cpp:86] connect to game server succ, server id:991
W0225 14:00:08.520205 155447296 ProxyThread.cpp:133] game server is disconnect, after 3s will be reconnect!, server id: 991
W0225 14:00:08.534880 155447296 ServerMgr.cpp:145] remove one game server, game server id:991
I0225 14:00:08.539712 222381504 NetServer.cpp:88] delete io...192.168.10.116:56661
I0225 14:00:08.711279 222381504 NetServer.cpp:55] accept io...192.168.10.116:56662
W0225 14:00:11.573102 155447296 ServerMgr.cpp:354] disconnect login or game server is remove or register again, no server reconnect...
I0225 14:00:22.044927 155447296 NetModule.cpp:220] add one connector: 127.0.0.1:9901 succeed...
W0225 14:00:22.044956 155447296 ServerMgr.cpp:40] add game server, game server id:991
I0225 14:00:22.129895 222381504 NetConnector.cpp:216] connect to: 127.0.0.1:9901 success! 
I0225 14:00:22.132163 155447296 ProxyThread.cpp:86] connect to game server succ, server id:991
W0225 14:01:56.166867 155447296 ServerMgr.cpp:140] remove game server, but the link is alive, game server id:991
W0225 14:01:56.167485 155447296 ServerMgr.cpp:145] remove one game server, game server id:991
I0225 14:03:16.706200 155447296 NetModule.cpp:220] add one connector: 127.0.0.1:9901 succeed...
W0225 14:03:16.706293 155447296 ServerMgr.cpp:40] add game server, game server id:991
I0225 14:03:17.134734 222381504 NetConnector.cpp:216] connect to: 127.0.0.1:9901 success! 
I0225 14:03:17.137006 155447296 ProxyThread.cpp:86] connect to game server succ, server id:991
W0225 14:07:36.205919 155447296 ServerMgr.cpp:140] remove game server, but the link is alive, game server id:991
W0225 14:07:36.206130 155447296 ServerMgr.cpp:145] remove one game server, game server id:991
I0225 14:09:16.168534 155447296 NetModule.cpp:220] add one connector: 127.0.0.1:9901 succeed...
W0225 14:09:16.169561 155447296 ServerMgr.cpp:40] add game server, game server id:991
I0225 14:09:16.671682 222381504 NetConnector.cpp:216] connect to: 127.0.0.1:9901 success! 
I0225 14:09:16.673624 155447296 ProxyThread.cpp:86] connect to game server succ, server id:991
W0225 14:13:26.259277 155447296 ServerMgr.cpp:140] remove game server, but the link is alive, game server id:991
W0225 14:13:26.260466 155447296 ServerMgr.cpp:145] remove one game server, game server id:991
I0225 14:15:04.420693 155447296 NetModule.cpp:220] add one connector: 127.0.0.1:9901 succeed...
W0225 14:15:04.421782 155447296 ServerMgr.cpp:40] add game server, game server id:991
I0225 14:15:04.675308 222381504 NetConnector.cpp:216] connect to: 127.0.0.1:9901 success! 
I0225 14:15:04.676569 155447296 ProxyThread.cpp:86] connect to game server succ, server id:991
W0225 14:15:46.281698 155447296 ServerMgr.cpp:140] remove game server, but the link is alive, game server id:991
W0225 14:15:46.281847 155447296 ServerMgr.cpp:145] remove one game server, game server id:991
I0225 14:18:17.657440 155447296 NetModule.cpp:220] add one connector: 127.0.0.1:9901 succeed...
W0225 14:18:17.658176 155447296 ServerMgr.cpp:40] add game server, game server id:991
I0225 14:18:17.738204 222381504 NetConnector.cpp:216] connect to: 127.0.0.1:9901 success! 
I0225 14:18:17.738329 155447296 ProxyThread.cpp:86] connect to game server succ, server id:991
W0225 14:20:42.390892 155447296 ProxyThread.cpp:133] game server is disconnect, after 3s will be reconnect!, server id: 991
W0225 14:20:45.651409 222381504 NetModule.cpp:723] ready reconnect server, server id: 991
I0225 14:20:45.651656 222381504 NetConnector.cpp:216] connect to: 127.0.0.1:9901 success! 
I0225 14:20:45.653614 155447296 ProxyThread.cpp:86] connect to game server succ, server id:991
W0225 14:24:55.975570 155447296 ProxyThread.cpp:133] game server is disconnect, after 3s will be reconnect!, server id: 991
W0225 14:24:55.995069 155447296 ServerMgr.cpp:145] remove one game server, game server id:991
W0225 14:24:59.041667 155447296 ServerMgr.cpp:354] disconnect login or game server is remove or register again, no server reconnect...
I0225 14:25:38.501606 155447296 NetModule.cpp:220] add one connector: 127.0.0.1:9901 succeed...
W0225 14:25:38.501802 155447296 ServerMgr.cpp:40] add game server, game server id:991
I0225 14:25:39.002916 222381504 NetConnector.cpp:216] connect to: 127.0.0.1:9901 success! 
I0225 14:25:39.004026 155447296 ProxyThread.cpp:86] connect to game server succ, server id:991
I0225 14:26:26.966737 222381504 NetServer.cpp:88] delete io...192.168.10.120:50664
I0225 14:26:46.850443 222381504 NetServer.cpp:55] accept io...192.168.10.120:52827
W0225 14:27:26.390648 155447296 ServerMgr.cpp:140] remove game server, but the link is alive, game server id:991
W0225 14:27:26.390847 155447296 ServerMgr.cpp:145] remove one game server, game server id:991
I0225 14:33:36.394140 155447296 NetModule.cpp:220] add one connector: 127.0.0.1:9901 succeed...
W0225 14:33:36.394645 155447296 ServerMgr.cpp:40] add game server, game server id:991
I0225 14:33:36.458984 222381504 NetConnector.cpp:216] connect to: 127.0.0.1:9901 success! 
I0225 14:33:36.460269 155447296 ProxyThread.cpp:86] connect to game server succ, server id:991
W0225 14:36:26.472438 155447296 ServerMgr.cpp:140] remove game server, but the link is alive, game server id:991
W0225 14:36:26.473584 155447296 ServerMgr.cpp:145] remove one game server, game server id:991
I0225 14:38:01.776031 155447296 NetModule.cpp:220] add one connector: 127.0.0.1:9901 succeed...
W0225 14:38:01.776157 155447296 ServerMgr.cpp:40] add game server, game server id:991
I0225 14:38:02.252740 222381504 NetConnector.cpp:216] connect to: 127.0.0.1:9901 success! 
I0225 14:38:02.254626 155447296 ProxyThread.cpp:86] connect to game server succ, server id:991
W0225 14:38:51.733479 155447296 ProxyThread.cpp:133] game server is disconnect, after 3s will be reconnect!, server id: 991
W0225 14:38:51.759869 155447296 ServerMgr.cpp:145] remove one game server, game server id:991
W0225 14:38:54.807082 155447296 ServerMgr.cpp:354] disconnect login or game server is remove or register again, no server reconnect...
I0225 14:39:02.617313 155447296 NetModule.cpp:220] add one connector: 127.0.0.1:9901 succeed...
W0225 14:39:02.617363 155447296 ServerMgr.cpp:40] add game server, game server id:991
I0225 14:39:02.924080 222381504 NetConnector.cpp:216] connect to: 127.0.0.1:9901 success! 
I0225 14:39:02.925863 155447296 ProxyThread.cpp:86] connect to game server succ, server id:991
I0225 14:39:24.609082 222381504 NetServer.cpp:88] delete io...192.168.10.120:52827
I0225 14:39:42.745195 222381504 NetServer.cpp:55] accept io...192.168.10.120:52956
W0225 14:40:20.570555 155447296 ProxyThread.cpp:138] db server is disconnect, after 3s will be reconnect!
W0225 14:40:23.645246 222381504 NetModule.cpp:723] ready reconnect server, server id: 1
W0225 14:40:23.646374 155447296 ProxyThread.cpp:138] db server is disconnect, after 3s will be reconnect!
W0225 14:40:26.652755 222381504 NetModule.cpp:723] ready reconnect server, server id: 1
W0225 14:40:26.653939 155447296 ProxyThread.cpp:138] db server is disconnect, after 3s will be reconnect!
W0225 14:40:30.162974 222381504 NetModule.cpp:723] ready reconnect server, server id: 1
W0225 14:40:30.163399 155447296 ProxyThread.cpp:138] db server is disconnect, after 3s will be reconnect!
W0225 14:40:33.673152 222381504 NetModule.cpp:723] ready reconnect server, server id: 1
W0225 14:40:33.673568 155447296 ProxyThread.cpp:138] db server is disconnect, after 3s will be reconnect!
W0225 14:40:37.181004 222381504 NetModule.cpp:723] ready reconnect server, server id: 1
W0225 14:40:37.182804 155447296 ProxyThread.cpp:138] db server is disconnect, after 3s will be reconnect!
W0225 14:40:40.689218 222381504 NetModule.cpp:723] ready reconnect server, server id: 1
W0225 14:40:40.689432 155447296 ProxyThread.cpp:138] db server is disconnect, after 3s will be reconnect!
W0225 14:40:44.198252 222381504 NetModule.cpp:723] ready reconnect server, server id: 1
W0225 14:40:44.201166 155447296 ProxyThread.cpp:138] db server is disconnect, after 3s will be reconnect!
W0225 14:40:47.704965 222381504 NetModule.cpp:723] ready reconnect server, server id: 1
W0225 14:40:47.707393 155447296 ProxyThread.cpp:138] db server is disconnect, after 3s will be reconnect!
W0225 14:40:51.216593 222381504 NetModule.cpp:723] ready reconnect server, server id: 1
W0225 14:40:51.218686 155447296 ProxyThread.cpp:138] db server is disconnect, after 3s will be reconnect!
W0225 14:40:54.724064 222381504 NetModule.cpp:723] ready reconnect server, server id: 1
W0225 14:40:54.725741 155447296 ProxyThread.cpp:138] db server is disconnect, after 3s will be reconnect!
W0225 14:40:58.232019 222381504 NetModule.cpp:723] ready reconnect server, server id: 1
W0225 14:40:58.234274 155447296 ProxyThread.cpp:138] db server is disconnect, after 3s will be reconnect!
W0225 14:41:01.739068 222381504 NetModule.cpp:723] ready reconnect server, server id: 1
W0225 14:41:01.740887 155447296 ProxyThread.cpp:138] db server is disconnect, after 3s will be reconnect!
W0225 14:41:05.250936 222381504 NetModule.cpp:723] ready reconnect server, server id: 1
W0225 14:41:05.253180 155447296 ProxyThread.cpp:138] db server is disconnect, after 3s will be reconnect!
W0225 14:41:08.754026 222381504 NetModule.cpp:723] ready reconnect server, server id: 1
W0225 14:41:08.756541 155447296 ProxyThread.cpp:138] db server is disconnect, after 3s will be reconnect!
W0225 14:41:12.265494 222381504 NetModule.cpp:723] ready reconnect server, server id: 1
W0225 14:41:12.267421 155447296 ProxyThread.cpp:138] db server is disconnect, after 3s will be reconnect!
W0225 14:41:15.776916 222381504 NetModule.cpp:723] ready reconnect server, server id: 1
W0225 14:41:15.779142 155447296 ProxyThread.cpp:138] db server is disconnect, after 3s will be reconnect!
W0225 14:41:19.284652 222381504 NetModule.cpp:723] ready reconnect server, server id: 1
W0225 14:41:19.286774 155447296 ProxyThread.cpp:138] db server is disconnect, after 3s will be reconnect!
W0225 14:41:22.795958 222381504 NetModule.cpp:723] ready reconnect server, server id: 1
W0225 14:41:22.796535 155447296 ProxyThread.cpp:138] db server is disconnect, after 3s will be reconnect!
W0225 14:41:26.305817 222381504 NetModule.cpp:723] ready reconnect server, server id: 1
W0225 14:41:26.308037 155447296 ProxyThread.cpp:138] db server is disconnect, after 3s will be reconnect!
W0225 14:41:29.811494 222381504 NetModule.cpp:723] ready reconnect server, server id: 1
W0225 14:41:29.813452 155447296 ProxyThread.cpp:138] db server is disconnect, after 3s will be reconnect!
W0225 14:41:33.325117 222381504 NetModule.cpp:723] ready reconnect server, server id: 1
W0225 14:41:33.325516 155447296 ProxyThread.cpp:138] db server is disconnect, after 3s will be reconnect!
I0225 14:41:35.058398 222381504 NetServer.cpp:88] delete io...192.168.10.120:52956
W0225 14:41:36.831086 222381504 NetModule.cpp:723] ready reconnect server, server id: 1
I0225 14:41:36.831333 222381504 NetConnector.cpp:216] connect to: 0.0.0.0:6001 success! 
I0225 14:41:36.831933 155447296 ProxyThread.cpp:92] connect to db server succ
I0225 14:41:53.317806 222381504 NetServer.cpp:55] accept io...192.168.10.120:52970
I0225 14:42:47.286839 222381504 NetServer.cpp:88] delete io...192.168.10.120:52970
W0225 14:43:38.344599 155447296 ProxyThread.cpp:133] game server is disconnect, after 3s will be reconnect!, server id: 991
W0225 14:43:38.352126 155447296 ServerMgr.cpp:145] remove one game server, game server id:991
W0225 14:43:41.434545 155447296 ServerMgr.cpp:354] disconnect login or game server is remove or register again, no server reconnect...
I0225 14:43:52.020656 155447296 NetModule.cpp:220] add one connector: 127.0.0.1:9901 succeed...
W0225 14:43:52.020737 155447296 ServerMgr.cpp:40] add game server, game server id:991
I0225 14:43:52.248222 222381504 NetConnector.cpp:216] connect to: 127.0.0.1:9901 success! 
I0225 14:43:52.248621 155447296 ProxyThread.cpp:86] connect to game server succ, server id:991
I0225 14:44:00.057832 222381504 NetServer.cpp:55] accept io...192.168.10.120:52985
I0225 14:48:28.248924 222381504 NetServer.cpp:88] delete io...192.168.10.120:52985
I0225 14:48:46.465210 222381504 NetServer.cpp:55] accept io...192.168.10.120:53032
I0225 14:49:18.421775 222381504 NetServer.cpp:88] delete io...192.168.10.120:53032
I0225 14:52:53.158901 222381504 NetServer.cpp:88] delete io...192.168.10.116:56662
I0225 14:53:05.060485 222381504 NetServer.cpp:55] accept io...192.168.10.116:56936
I0225 14:53:19.791082 222381504 NetServer.cpp:55] accept io...192.168.10.120:53064
I0225 14:53:36.278597 222381504 NetServer.cpp:88] delete io...192.168.10.116:56936
I0225 14:55:28.916115 222381504 NetServer.cpp:55] accept io...192.168.10.116:57014
I0225 14:55:38.537518 222381504 NetServer.cpp:88] delete io...192.168.10.116:57014
I0225 14:55:46.532383 222381504 NetServer.cpp:55] accept io...192.168.10.116:57015
I0225 14:56:04.650032 222381504 NetServer.cpp:88] delete io...192.168.10.120:53064
I0225 14:56:14.503512 222381504 NetServer.cpp:55] accept io...192.168.10.120:53084
W0225 14:58:48.132484 155447296 ProxyThread.cpp:133] game server is disconnect, after 3s will be reconnect!, server id: 991
I0225 14:58:48.137573 222381504 NetServer.cpp:88] delete io...192.168.10.120:53084
I0225 14:58:48.137656 222381504 NetServer.cpp:88] delete io...192.168.10.116:57015
W0225 14:58:48.154650 155447296 ServerMgr.cpp:145] remove one game server, game server id:991
I0225 14:58:48.323789 222381504 NetServer.cpp:55] accept io...192.168.10.116:57019
I0225 14:58:48.344394 222381504 NetServer.cpp:55] accept io...192.168.10.120:53100
W0225 14:58:51.230379 155447296 ServerMgr.cpp:354] disconnect login or game server is remove or register again, no server reconnect...
I0225 14:59:00.290663 155447296 NetModule.cpp:220] add one connector: 127.0.0.1:9901 succeed...
W0225 14:59:00.290711 155447296 ServerMgr.cpp:40] add game server, game server id:991
I0225 14:59:00.504366 222381504 NetConnector.cpp:216] connect to: 127.0.0.1:9901 success! 
I0225 14:59:00.506167 155447296 ProxyThread.cpp:86] connect to game server succ, server id:991
I0225 14:59:11.314203 222381504 NetServer.cpp:88] delete io...192.168.10.120:53100
I0225 14:59:29.799769 222381504 NetServer.cpp:55] accept io...192.168.10.120:53104
W0225 15:00:43.959481 155447296 ProxyThread.cpp:133] game server is disconnect, after 3s will be reconnect!, server id: 991
I0225 15:00:43.959522 222381504 NetServer.cpp:88] delete io...192.168.10.120:53104
I0225 15:00:43.959849 222381504 NetServer.cpp:88] delete io...192.168.10.116:57019
W0225 15:00:43.975807 155447296 ServerMgr.cpp:145] remove one game server, game server id:991
I0225 15:00:44.134199 222381504 NetServer.cpp:55] accept io...192.168.10.116:57020
I0225 15:00:44.180446 222381504 NetServer.cpp:55] accept io...192.168.10.120:53111
W0225 15:00:47.026335 155447296 ServerMgr.cpp:354] disconnect login or game server is remove or register again, no server reconnect...
I0225 15:01:02.196776 155447296 NetModule.cpp:220] add one connector: 127.0.0.1:9901 succeed...
W0225 15:01:02.196874 155447296 ServerMgr.cpp:40] add game server, game server id:991
I0225 15:01:02.375644 222381504 NetConnector.cpp:216] connect to: 127.0.0.1:9901 success! 
I0225 15:01:02.377666 155447296 ProxyThread.cpp:86] connect to game server succ, server id:991
W0225 15:05:35.787629 155447296 ProxyThread.cpp:133] game server is disconnect, after 3s will be reconnect!, server id: 991
W0225 15:05:35.809777 155447296 ServerMgr.cpp:145] remove one game server, game server id:991
W0225 15:05:38.791930 155447296 ServerMgr.cpp:354] disconnect login or game server is remove or register again, no server reconnect...
I0225 15:05:49.965978 155447296 NetModule.cpp:220] add one connector: 127.0.0.1:9901 succeed...
W0225 15:05:49.966032 155447296 ServerMgr.cpp:40] add game server, game server id:991
I0225 15:05:50.184355 222381504 NetConnector.cpp:216] connect to: 127.0.0.1:9901 success! 
I0225 15:05:50.186343 155447296 ProxyThread.cpp:86] connect to game server succ, server id:991
W0225 15:06:41.006333 155447296 ProxyThread.cpp:133] game server is disconnect, after 3s will be reconnect!, server id: 991
I0225 15:06:41.024358 222381504 NetServer.cpp:88] delete io...192.168.10.120:53111
W0225 15:06:41.025631 155447296 ServerMgr.cpp:145] remove one game server, game server id:991
I0225 15:06:41.372174 222381504 NetServer.cpp:55] accept io...192.168.10.120:53161
W0225 15:06:44.036455 155447296 ServerMgr.cpp:354] disconnect login or game server is remove or register again, no server reconnect...
I0225 15:07:01.850543 222381504 NetServer.cpp:88] delete io...192.168.10.120:53161
W0225 15:07:02.515913 155447296 ProxyThread.cpp:854] client socket not found, main id: 6, sub id: 656
W0225 15:07:02.516036 155447296 ProxyThread.cpp:854] client socket not found, main id: 6, sub id: 695
W0225 15:07:02.516083 155447296 ProxyThread.cpp:854] client socket not found, main id: 6, sub id: 682
W0225 15:07:02.516113 155447296 ProxyThread.cpp:854] client socket not found, main id: 6, sub id: 650
I0225 15:07:02.878214 155447296 NetModule.cpp:220] add one connector: 127.0.0.1:9901 succeed...
W0225 15:07:02.878264 155447296 ServerMgr.cpp:40] add game server, game server id:991
I0225 15:07:02.895087 222381504 NetConnector.cpp:216] connect to: 127.0.0.1:9901 success! 
I0225 15:07:02.895527 155447296 ProxyThread.cpp:86] connect to game server succ, server id:991
I0225 15:07:21.009176 222381504 NetServer.cpp:55] accept io...192.168.10.120:53164
W0225 15:07:28.319981 155447296 ProxyThread.cpp:854] client socket not found, main id: 6, sub id: 660
I0225 15:09:01.252383 222381504 NetServer.cpp:88] delete io...192.168.10.120:53164
W0225 15:11:06.763751 155447296 ServerMgr.cpp:140] remove game server, but the link is alive, game server id:991
W0225 15:11:06.763953 155447296 ServerMgr.cpp:145] remove one game server, game server id:991
I0225 15:12:29.846061 222381504 NetServer.cpp:55] accept io...192.168.10.120:53216
I0225 15:12:54.874692 155447296 NetModule.cpp:220] add one connector: 127.0.0.1:9901 succeed...
W0225 15:12:54.874816 155447296 ServerMgr.cpp:40] add game server, game server id:991
I0225 15:12:54.950551 222381504 NetConnector.cpp:216] connect to: 127.0.0.1:9901 success! 
I0225 15:12:54.952522 155447296 ProxyThread.cpp:86] connect to game server succ, server id:991
W0225 15:13:36.805749 155447296 ServerMgr.cpp:140] remove game server, but the link is alive, game server id:991
W0225 15:13:36.805940 155447296 ServerMgr.cpp:145] remove one game server, game server id:991
I0225 15:13:48.526978 155447296 NetModule.cpp:220] add one connector: 127.0.0.1:9901 succeed...
W0225 15:13:48.527019 155447296 ServerMgr.cpp:40] add game server, game server id:991
I0225 15:13:48.621570 222381504 NetConnector.cpp:216] connect to: 127.0.0.1:9901 success! 
I0225 15:13:48.623656 155447296 ProxyThread.cpp:86] connect to game server succ, server id:991
I0225 15:15:03.485481 222381504 NetServer.cpp:88] delete io...192.168.10.120:53216
W0225 15:15:46.808506 155447296 ServerMgr.cpp:140] remove game server, but the link is alive, game server id:991
W0225 15:15:46.808699 155447296 ServerMgr.cpp:145] remove one game server, game server id:991
I0225 15:19:57.490286 155447296 NetModule.cpp:220] add one connector: 127.0.0.1:9901 succeed...
W0225 15:19:57.490738 155447296 ServerMgr.cpp:40] add game server, game server id:991
I0225 15:19:57.636123 222381504 NetConnector.cpp:216] connect to: 127.0.0.1:9901 success! 
I0225 15:19:57.637331 155447296 ProxyThread.cpp:86] connect to game server succ, server id:991
W0225 15:22:31.282649 155447296 ProxyThread.cpp:133] game server is disconnect, after 3s will be reconnect!, server id: 991
I0225 15:22:31.284626 222381504 NetServer.cpp:88] delete io...192.168.10.116:57020
W0225 15:22:31.285259 155447296 ServerMgr.cpp:145] remove one game server, game server id:991
I0225 15:22:31.418817 222381504 NetServer.cpp:55] accept io...192.168.10.116:57030
W0225 15:22:34.385740 155447296 ServerMgr.cpp:354] disconnect login or game server is remove or register again, no server reconnect...
I0225 15:24:09.095041 222381504 NetServer.cpp:88] delete io...192.168.10.116:57030
I0225 15:24:23.983536 222381504 NetServer.cpp:55] accept io...192.168.10.116:57031
I0225 15:24:41.805308 155447296 NetModule.cpp:220] add one connector: 127.0.0.1:9901 succeed...
W0225 15:24:41.805483 155447296 ServerMgr.cpp:40] add game server, game server id:991
I0225 15:24:41.928612 222381504 NetConnector.cpp:216] connect to: 127.0.0.1:9901 success! 
I0225 15:24:41.930207 155447296 ProxyThread.cpp:86] connect to game server succ, server id:991
W0225 15:32:01.019526 155447296 ProxyThread.cpp:133] game server is disconnect, after 3s will be reconnect!, server id: 991
W0225 15:32:01.040504 155447296 ServerMgr.cpp:145] remove one game server, game server id:991
W0225 15:32:04.113003 155447296 ServerMgr.cpp:354] disconnect login or game server is remove or register again, no server reconnect...
I0225 15:32:12.603291 155447296 NetModule.cpp:220] add one connector: 127.0.0.1:9901 succeed...
W0225 15:32:12.603341 155447296 ServerMgr.cpp:40] add game server, game server id:991
I0225 15:32:12.762599 222381504 NetConnector.cpp:216] connect to: 127.0.0.1:9901 success! 
I0225 15:32:12.762850 155447296 ProxyThread.cpp:86] connect to game server succ, server id:991
W0225 15:32:56.946632 155447296 ServerMgr.cpp:140] remove game server, but the link is alive, game server id:991
W0225 15:32:56.946774 155447296 ServerMgr.cpp:145] remove one game server, game server id:991
I0225 15:37:42.631742 155447296 NetModule.cpp:220] add one connector: 127.0.0.1:9901 succeed...
W0225 15:37:42.632256 155447296 ServerMgr.cpp:40] add game server, game server id:991
I0225 15:37:42.723738 222381504 NetConnector.cpp:216] connect to: 127.0.0.1:9901 success! 
I0225 15:37:42.726308 155447296 ProxyThread.cpp:86] connect to game server succ, server id:991
W0225 15:39:07.026800 155447296 ServerMgr.cpp:140] remove game server, but the link is alive, game server id:991
W0225 15:39:07.027030 155447296 ServerMgr.cpp:145] remove one game server, game server id:991
I0225 15:46:57.604251 222381504 NetServer.cpp:88] delete io...192.168.10.116:57031
I0225 15:46:57.680428 222381504 NetServer.cpp:55] accept io...192.168.10.116:57032
I0225 15:47:18.790866 155447296 NetModule.cpp:220] add one connector: 127.0.0.1:9901 succeed...
W0225 15:47:18.790958 155447296 ServerMgr.cpp:40] add game server, game server id:991
I0225 15:47:18.897908 222381504 NetConnector.cpp:216] connect to: 127.0.0.1:9901 success! 
I0225 15:47:18.898182 155447296 ProxyThread.cpp:86] connect to game server succ, server id:991
I0225 15:47:37.041723 222381504 NetServer.cpp:88] delete io...192.168.10.116:57032
