Log file created at: 2019/01/14 20:37:21
Running on machine: henisdeMacBook-Pro.local
Log line format: [IWEF]mmdd hh:mm:ss.uuuuuu threadid file:line] msg
W0114 20:37:21.832451 98217984 ServerMgr.cpp:79] add login server, login server id:10
W0114 20:37:31.919075 98217984 ServerMgr.cpp:40] add game server, game server id:1101
W0114 20:59:35.528633 98217984 ProxyThread.cpp:133] game server is disconnect, after 3s will be reconnect!, server id: 1101
W0114 20:59:35.533136 98217984 ServerMgr.cpp:145] remove one game server, game server id:1101
W0114 20:59:38.567936 98217984 ServerMgr.cpp:354] disconnect login or game server is remove or register again, no server reconnect...
W0114 20:59:53.798833 98217984 ServerMgr.cpp:40] add game server, game server id:1101
W0114 21:04:22.498790 98217984 ProxyThread.cpp:133] game server is disconnect, after 3s will be reconnect!, server id: 1101
W0114 21:04:22.523619 98217984 ServerMgr.cpp:145] remove one game server, game server id:1101
W0114 21:04:25.526289 98217984 ServerMgr.cpp:354] disconnect login or game server is remove or register again, no server reconnect...
W0114 21:04:38.727061 98217984 ServerMgr.cpp:40] add game server, game server id:1101
W0114 21:12:40.560335 98217984 ProxyThread.cpp:133] game server is disconnect, after 3s will be reconnect!, server id: 1101
W0114 21:12:40.562525 98217984 ServerMgr.cpp:145] remove one game server, game server id:1101
W0114 21:12:43.639073 98217984 ServerMgr.cpp:354] disconnect login or game server is remove or register again, no server reconnect...
W0114 21:12:53.307091 98217984 ServerMgr.cpp:40] add game server, game server id:1101
W0114 21:17:54.777635 98217984 ServerMgr.cpp:140] remove game server, but the link is alive, game server id:1101
W0114 21:17:54.778553 98217984 ServerMgr.cpp:145] remove one game server, game server id:1101
W0114 21:18:48.451653 98217984 ServerMgr.cpp:40] add game server, game server id:1101
W0114 21:21:04.835278 98217984 ServerMgr.cpp:140] remove game server, but the link is alive, game server id:1101
W0114 21:21:04.836091 98217984 ServerMgr.cpp:145] remove one game server, game server id:1101
W0114 21:21:48.974673 98217984 ServerMgr.cpp:40] add game server, game server id:1101
W0114 21:23:10.526397 98217984 ProxyThread.cpp:133] game server is disconnect, after 3s will be reconnect!, server id: 1101
W0114 21:23:10.535563 98217984 ServerMgr.cpp:145] remove one game server, game server id:1101
W0114 21:23:13.568701 98217984 ServerMgr.cpp:354] disconnect login or game server is remove or register again, no server reconnect...
W0114 21:23:23.262298 98217984 ServerMgr.cpp:40] add game server, game server id:1101
W0114 21:26:57.127111 98217984 ProxyThread.cpp:133] game server is disconnect, after 3s will be reconnect!, server id: 1101
W0114 21:26:57.152899 98217984 ServerMgr.cpp:145] remove one game server, game server id:1101
W0114 21:27:00.145442 98217984 ServerMgr.cpp:354] disconnect login or game server is remove or register again, no server reconnect...
W0114 21:27:07.714934 98217984 ServerMgr.cpp:40] add game server, game server id:1101
W0114 21:27:57.587025 98217984 ProxyThread.cpp:133] game server is disconnect, after 3s will be reconnect!, server id: 1101
W0114 21:27:57.601428 98217984 ServerMgr.cpp:145] remove one game server, game server id:1101
W0114 21:28:00.652683 98217984 ServerMgr.cpp:354] disconnect login or game server is remove or register again, no server reconnect...
W0114 21:28:54.174621 98217984 ServerMgr.cpp:40] add game server, game server id:1101
W0114 21:30:19.488759 98217984 ProxyThread.cpp:133] game server is disconnect, after 3s will be reconnect!, server id: 1101
W0114 21:30:19.504956 98217984 ServerMgr.cpp:145] remove one game server, game server id:1101
W0114 21:30:22.586263 98217984 ServerMgr.cpp:354] disconnect login or game server is remove or register again, no server reconnect...
W0114 21:30:26.375696 98217984 ServerMgr.cpp:40] add game server, game server id:1101
W0114 21:32:01.762068 98217984 ProxyThread.cpp:133] game server is disconnect, after 3s will be reconnect!, server id: 1101
W0114 21:32:01.765146 98217984 ServerMgr.cpp:145] remove one game server, game server id:1101
W0114 21:32:04.810696 98217984 ServerMgr.cpp:354] disconnect login or game server is remove or register again, no server reconnect...
W0114 21:32:08.750882 98217984 ServerMgr.cpp:40] add game server, game server id:1101
W0114 21:32:42.724097 98217984 ProxyThread.cpp:133] game server is disconnect, after 3s will be reconnect!, server id: 1101
W0114 21:32:42.744779 98217984 ServerMgr.cpp:145] remove one game server, game server id:1101
W0114 21:32:45.813253 98217984 ServerMgr.cpp:354] disconnect login or game server is remove or register again, no server reconnect...
W0114 22:13:48.805778 98217984 ProxyThread.cpp:138] db server is disconnect, after 3s will be reconnect!
W0114 22:13:48.805861 98217984 ProxyThread.cpp:114] center server is disconnect, after 3s will be reconnect!
W0114 22:13:48.805893 98217984 ProxyThread.cpp:133] login server is disconnect, after 3s will be reconnect!, server id: 10
W0114 22:13:52.168763 320767424 NetModule.cpp:723] ready reconnect server, server id: 0
W0114 22:13:52.168882 320767424 NetModule.cpp:723] ready reconnect server, server id: 10
W0114 22:13:52.168988 320767424 NetModule.cpp:723] ready reconnect server, server id: 1
W0114 22:13:59.218586 98217984 ServerMgr.cpp:60] repeated add login server, login server id:10
W0114 23:04:00.535758 98217984 ProxyThread.cpp:138] db server is disconnect, after 3s will be reconnect!
W0114 23:04:00.535830 98217984 ProxyThread.cpp:114] center server is disconnect, after 3s will be reconnect!
W0114 23:04:00.535853 98217984 ProxyThread.cpp:133] login server is disconnect, after 3s will be reconnect!, server id: 10
W0114 23:04:04.036098 320767424 NetModule.cpp:723] ready reconnect server, server id: 0
W0114 23:04:04.036218 320767424 NetModule.cpp:723] ready reconnect server, server id: 10
W0114 23:04:04.036304 320767424 NetModule.cpp:723] ready reconnect server, server id: 1
W0114 23:04:10.622740 98217984 ServerMgr.cpp:60] repeated add login server, login server id:10
W0115 00:09:03.605486 98217984 ProxyThread.cpp:114] center server is disconnect, after 3s will be reconnect!
W0115 00:09:03.605711 98217984 ProxyThread.cpp:133] login server is disconnect, after 3s will be reconnect!, server id: 10
W0115 00:09:03.605742 98217984 ProxyThread.cpp:138] db server is disconnect, after 3s will be reconnect!
W0115 00:09:07.102825 320767424 NetModule.cpp:723] ready reconnect server, server id: 0
W0115 00:09:07.102947 320767424 NetModule.cpp:723] ready reconnect server, server id: 10
W0115 00:09:07.103029 320767424 NetModule.cpp:723] ready reconnect server, server id: 1
W0115 00:09:15.678344 98217984 ServerMgr.cpp:60] repeated add login server, login server id:10
W0115 01:14:05.626948 98217984 ProxyThread.cpp:133] login server is disconnect, after 3s will be reconnect!, server id: 10
W0115 01:14:05.645879 98217984 ProxyThread.cpp:138] db server is disconnect, after 3s will be reconnect!
W0115 01:14:05.647991 98217984 ProxyThread.cpp:114] center server is disconnect, after 3s will be reconnect!
W0115 01:14:09.128413 320767424 NetModule.cpp:723] ready reconnect server, server id: 0
W0115 01:14:09.128530 320767424 NetModule.cpp:723] ready reconnect server, server id: 10
W0115 01:14:09.128612 320767424 NetModule.cpp:723] ready reconnect server, server id: 1
W0115 01:14:16.175072 98217984 ServerMgr.cpp:60] repeated add login server, login server id:10
W0115 02:19:08.645249 98217984 ProxyThread.cpp:138] db server is disconnect, after 3s will be reconnect!
W0115 02:19:08.662021 98217984 ProxyThread.cpp:114] center server is disconnect, after 3s will be reconnect!
W0115 02:19:08.662093 98217984 ProxyThread.cpp:133] login server is disconnect, after 3s will be reconnect!, server id: 10
W0115 02:19:12.138722 320767424 NetModule.cpp:723] ready reconnect server, server id: 0
W0115 02:19:12.138844 320767424 NetModule.cpp:723] ready reconnect server, server id: 10
W0115 02:19:12.138926 320767424 NetModule.cpp:723] ready reconnect server, server id: 1
W0115 02:19:19.188710 98217984 ServerMgr.cpp:60] repeated add login server, login server id:10
W0115 03:24:11.666043 98217984 ProxyThread.cpp:133] login server is disconnect, after 3s will be reconnect!, server id: 10
W0115 03:24:11.666129 98217984 ProxyThread.cpp:138] db server is disconnect, after 3s will be reconnect!
W0115 03:24:11.666162 98217984 ProxyThread.cpp:114] center server is disconnect, after 3s will be reconnect!
W0115 03:24:15.168716 320767424 NetModule.cpp:723] ready reconnect server, server id: 0
W0115 03:24:15.168855 320767424 NetModule.cpp:723] ready reconnect server, server id: 10
W0115 03:24:15.168948 320767424 NetModule.cpp:723] ready reconnect server, server id: 1
W0115 03:24:22.232534 98217984 ServerMgr.cpp:60] repeated add login server, login server id:10
W0115 04:29:14.687234 98217984 ProxyThread.cpp:138] db server is disconnect, after 3s will be reconnect!
W0115 04:29:14.706986 98217984 ProxyThread.cpp:133] login server is disconnect, after 3s will be reconnect!, server id: 10
W0115 04:29:14.714121 98217984 ProxyThread.cpp:114] center server is disconnect, after 3s will be reconnect!
W0115 04:29:18.185302 320767424 NetModule.cpp:723] ready reconnect server, server id: 0
W0115 04:29:18.185406 320767424 NetModule.cpp:723] ready reconnect server, server id: 10
W0115 04:29:18.185477 320767424 NetModule.cpp:723] ready reconnect server, server id: 1
W0115 04:29:25.250066 98217984 ServerMgr.cpp:60] repeated add login server, login server id:10
W0115 05:34:17.712566 98217984 ProxyThread.cpp:114] center server is disconnect, after 3s will be reconnect!
W0115 05:34:17.712656 98217984 ProxyThread.cpp:133] login server is disconnect, after 3s will be reconnect!, server id: 10
W0115 05:34:17.712692 98217984 ProxyThread.cpp:138] db server is disconnect, after 3s will be reconnect!
W0115 05:34:21.214012 320767424 NetModule.cpp:723] ready reconnect server, server id: 0
W0115 05:34:21.214131 320767424 NetModule.cpp:723] ready reconnect server, server id: 10
W0115 05:34:21.214212 320767424 NetModule.cpp:723] ready reconnect server, server id: 1
W0115 05:34:28.272158 98217984 ServerMgr.cpp:60] repeated add login server, login server id:10
W0115 06:39:21.746764 98217984 ProxyThread.cpp:114] center server is disconnect, after 3s will be reconnect!
W0115 06:39:21.746837 98217984 ProxyThread.cpp:133] login server is disconnect, after 3s will be reconnect!, server id: 10
W0115 06:39:21.746870 98217984 ProxyThread.cpp:138] db server is disconnect, after 3s will be reconnect!
W0115 06:39:25.241302 320767424 NetModule.cpp:723] ready reconnect server, server id: 0
W0115 06:39:25.241403 320767424 NetModule.cpp:723] ready reconnect server, server id: 10
W0115 06:39:25.241473 320767424 NetModule.cpp:723] ready reconnect server, server id: 1
W0115 06:39:32.311394 98217984 ServerMgr.cpp:60] repeated add login server, login server id:10
W0115 07:44:25.784384 98217984 ProxyThread.cpp:114] center server is disconnect, after 3s will be reconnect!
W0115 07:44:25.790669 98217984 ProxyThread.cpp:133] login server is disconnect, after 3s will be reconnect!, server id: 10
W0115 07:44:25.790717 98217984 ProxyThread.cpp:138] db server is disconnect, after 3s will be reconnect!
W0115 07:44:29.265683 320767424 NetModule.cpp:723] ready reconnect server, server id: 0
W0115 07:44:29.265808 320767424 NetModule.cpp:723] ready reconnect server, server id: 10
W0115 07:44:29.265895 320767424 NetModule.cpp:723] ready reconnect server, server id: 1
W0115 07:44:36.354154 98217984 ServerMgr.cpp:60] repeated add login server, login server id:10
W0115 08:49:29.809962 98217984 ProxyThread.cpp:114] center server is disconnect, after 3s will be reconnect!
W0115 08:49:29.829545 98217984 ProxyThread.cpp:138] db server is disconnect, after 3s will be reconnect!
W0115 08:49:29.829592 98217984 ProxyThread.cpp:133] login server is disconnect, after 3s will be reconnect!, server id: 10
W0115 08:49:33.307379 320767424 NetModule.cpp:723] ready reconnect server, server id: 0
W0115 08:49:33.307497 320767424 NetModule.cpp:723] ready reconnect server, server id: 10
W0115 08:49:33.307575 320767424 NetModule.cpp:723] ready reconnect server, server id: 1
W0115 08:49:39.890995 98217984 ServerMgr.cpp:60] repeated add login server, login server id:10
W0115 09:45:02.840225 98217984 ProxyThread.cpp:138] db server is disconnect, after 3s will be reconnect!
W0115 09:45:02.840298 98217984 ProxyThread.cpp:114] center server is disconnect, after 3s will be reconnect!
W0115 09:45:02.840327 98217984 ProxyThread.cpp:133] login server is disconnect, after 3s will be reconnect!, server id: 10
W0115 09:45:06.339939 320767424 NetModule.cpp:723] ready reconnect server, server id: 0
W0115 09:45:06.340052 320767424 NetModule.cpp:723] ready reconnect server, server id: 10
W0115 09:45:06.340129 320767424 NetModule.cpp:723] ready reconnect server, server id: 1
W0115 09:45:13.403853 98217984 ServerMgr.cpp:60] repeated add login server, login server id:10
W0115 09:54:22.413305 98217984 ServerMgr.cpp:40] add game server, game server id:1101
W0115 10:02:26.595008 98217984 ProxyThread.cpp:849] client socket not found, main id: 6, sub id: 695
W0115 10:02:26.595082 98217984 ProxyThread.cpp:849] client socket not found, main id: 6, sub id: 682
W0115 10:02:26.595104 98217984 ProxyThread.cpp:849] client socket not found, main id: 6, sub id: 650
W0115 10:02:26.931486 98217984 ProxyThread.cpp:849] client socket not found, main id: 6, sub id: 660
W0115 10:11:40.267113 98217984 ProxyThread.cpp:849] client socket not found, main id: 6, sub id: 660
W0115 10:11:40.499090 98217984 ProxyThread.cpp:849] client socket not found, main id: 6, sub id: 662
W0115 10:11:40.615154 98217984 ProxyThread.cpp:849] client socket not found, main id: 6, sub id: 662
W0115 10:11:40.734299 98217984 ProxyThread.cpp:849] client socket not found, main id: 6, sub id: 662
W0115 10:11:41.434137 98217984 ProxyThread.cpp:849] client socket not found, main id: 6, sub id: 660
W0115 10:11:41.896579 98217984 ProxyThread.cpp:849] client socket not found, main id: 6, sub id: 660
W0115 10:11:42.347667 98217984 ProxyThread.cpp:849] client socket not found, main id: 6, sub id: 660
W0115 10:45:06.961158 98217984 ProxyThread.cpp:133] game server is disconnect, after 3s will be reconnect!, server id: 1101
W0115 10:45:06.983211 98217984 ServerMgr.cpp:145] remove one game server, game server id:1101
W0115 10:45:10.053455 98217984 ServerMgr.cpp:354] disconnect login or game server is remove or register again, no server reconnect...
W0115 10:45:12.007777 98217984 ServerMgr.cpp:40] add game server, game server id:1101
W0115 11:02:54.203510 98217984 ProxyThread.cpp:849] client socket not found, main id: 7, sub id: 7130
W0115 11:03:40.182803 98217984 ProxyThread.cpp:849] client socket not found, main id: 6, sub id: 660
W0115 11:03:44.918046 98217984 ProxyThread.cpp:849] client socket not found, main id: 6, sub id: 695
W0115 11:03:44.918123 98217984 ProxyThread.cpp:849] client socket not found, main id: 6, sub id: 682
W0115 11:03:44.918145 98217984 ProxyThread.cpp:849] client socket not found, main id: 6, sub id: 650
W0115 11:03:45.222980 98217984 ProxyThread.cpp:849] client socket not found, main id: 6, sub id: 660
W0115 11:58:06.005935 98217984 ProxyThread.cpp:133] game server is disconnect, after 3s will be reconnect!, server id: 1101
W0115 11:58:06.030895 98217984 ServerMgr.cpp:145] remove one game server, game server id:1101
W0115 11:58:09.009044 98217984 ServerMgr.cpp:354] disconnect login or game server is remove or register again, no server reconnect...
W0115 11:59:00.513967 98217984 ServerMgr.cpp:40] add game server, game server id:1101
W0115 12:02:56.151854 98217984 ProxyThread.cpp:133] game server is disconnect, after 3s will be reconnect!, server id: 1101
W0115 12:02:56.154171 98217984 ServerMgr.cpp:145] remove one game server, game server id:1101
W0115 12:02:59.238304 98217984 ServerMgr.cpp:354] disconnect login or game server is remove or register again, no server reconnect...
W0115 12:03:03.007025 98217984 ServerMgr.cpp:40] add game server, game server id:1101
W0115 12:03:20.483474 98217984 ProxyThread.cpp:133] game server is disconnect, after 3s will be reconnect!, server id: 1101
W0115 12:03:20.490839 98217984 ServerMgr.cpp:145] remove one game server, game server id:1101
W0115 12:03:23.517791 98217984 ServerMgr.cpp:354] disconnect login or game server is remove or register again, no server reconnect...
W0115 12:03:27.501349 98217984 ServerMgr.cpp:40] add game server, game server id:1101
W0115 12:06:08.974047 98217984 ProxyThread.cpp:133] game server is disconnect, after 3s will be reconnect!, server id: 1101
W0115 12:06:08.997056 98217984 ServerMgr.cpp:145] remove one game server, game server id:1101
W0115 12:06:11.981405 98217984 ServerMgr.cpp:354] disconnect login or game server is remove or register again, no server reconnect...
W0115 12:06:15.957567 98217984 ServerMgr.cpp:40] add game server, game server id:1101
W0115 12:07:39.064580 98217984 ProxyThread.cpp:133] game server is disconnect, after 3s will be reconnect!, server id: 1101
W0115 12:07:39.071166 98217984 ServerMgr.cpp:145] remove one game server, game server id:1101
W0115 12:07:42.110607 98217984 ServerMgr.cpp:354] disconnect login or game server is remove or register again, no server reconnect...
W0115 12:07:45.830204 98217984 ServerMgr.cpp:40] add game server, game server id:1101
W0115 12:10:13.403796 98217984 ProxyThread.cpp:133] game server is disconnect, after 3s will be reconnect!, server id: 1101
W0115 12:10:13.408457 98217984 ServerMgr.cpp:145] remove one game server, game server id:1101
W0115 12:10:16.502406 98217984 ServerMgr.cpp:354] disconnect login or game server is remove or register again, no server reconnect...
W0115 12:10:19.475885 98217984 ServerMgr.cpp:40] add game server, game server id:1101
W0115 12:13:29.997195 98217984 ProxyThread.cpp:133] game server is disconnect, after 3s will be reconnect!, server id: 1101
W0115 12:13:30.008219 98217984 ServerMgr.cpp:145] remove one game server, game server id:1101
W0115 12:13:33.097513 98217984 ServerMgr.cpp:354] disconnect login or game server is remove or register again, no server reconnect...
W0115 12:13:38.035049 98217984 ServerMgr.cpp:40] add game server, game server id:1101
W0115 12:14:56.456148 98217984 ProxyThread.cpp:133] game server is disconnect, after 3s will be reconnect!, server id: 1101
W0115 12:14:56.464948 98217984 ServerMgr.cpp:145] remove one game server, game server id:1101
W0115 12:14:59.498874 98217984 ServerMgr.cpp:354] disconnect login or game server is remove or register again, no server reconnect...
W0115 12:15:17.911700 98217984 ServerMgr.cpp:40] add game server, game server id:1101
W0115 12:27:27.243561 98217984 ProxyThread.cpp:133] game server is disconnect, after 3s will be reconnect!, server id: 1101
W0115 12:27:27.261324 98217984 ServerMgr.cpp:145] remove one game server, game server id:1101
W0115 12:27:30.277649 98217984 ServerMgr.cpp:354] disconnect login or game server is remove or register again, no server reconnect...
W0115 12:28:03.378602 98217984 ServerMgr.cpp:40] add game server, game server id:1101
W0115 12:35:05.670593 98217984 ProxyThread.cpp:133] game server is disconnect, after 3s will be reconnect!, server id: 1101
W0115 12:35:05.693194 98217984 ServerMgr.cpp:145] remove one game server, game server id:1101
W0115 12:35:08.756086 98217984 ServerMgr.cpp:354] disconnect login or game server is remove or register again, no server reconnect...
W0115 12:35:18.563608 98217984 ServerMgr.cpp:40] add game server, game server id:1101
W0115 12:36:47.520488 98217984 ProxyThread.cpp:133] game server is disconnect, after 3s will be reconnect!, server id: 1101
W0115 12:36:47.529888 98217984 ServerMgr.cpp:145] remove one game server, game server id:1101
W0115 12:36:50.622009 98217984 ServerMgr.cpp:354] disconnect login or game server is remove or register again, no server reconnect...
W0115 12:37:07.582566 98217984 ServerMgr.cpp:40] add game server, game server id:1101
W0115 13:44:55.982681 98217984 ProxyThread.cpp:138] db server is disconnect, after 3s will be reconnect!
W0115 13:44:59.091720 320767424 NetModule.cpp:723] ready reconnect server, server id: 1
W0115 13:44:59.092075 98217984 ProxyThread.cpp:138] db server is disconnect, after 3s will be reconnect!
W0115 13:45:02.603377 320767424 NetModule.cpp:723] ready reconnect server, server id: 1
W0115 13:45:02.604773 98217984 ProxyThread.cpp:138] db server is disconnect, after 3s will be reconnect!
W0115 13:45:06.117341 320767424 NetModule.cpp:723] ready reconnect server, server id: 1
W0115 13:45:06.118808 98217984 ProxyThread.cpp:138] db server is disconnect, after 3s will be reconnect!
W0115 13:45:09.633110 320767424 NetModule.cpp:723] ready reconnect server, server id: 1
W0115 13:45:09.634897 98217984 ProxyThread.cpp:138] db server is disconnect, after 3s will be reconnect!
W0115 13:45:13.145313 320767424 NetModule.cpp:723] ready reconnect server, server id: 1
W0115 13:45:13.146486 98217984 ProxyThread.cpp:138] db server is disconnect, after 3s will be reconnect!
W0115 13:45:16.652772 320767424 NetModule.cpp:723] ready reconnect server, server id: 1
W0115 13:45:16.654145 98217984 ProxyThread.cpp:138] db server is disconnect, after 3s will be reconnect!
W0115 13:45:20.161355 320767424 NetModule.cpp:723] ready reconnect server, server id: 1
W0115 13:45:20.162266 98217984 ProxyThread.cpp:138] db server is disconnect, after 3s will be reconnect!
W0115 13:45:23.166962 320767424 NetModule.cpp:723] ready reconnect server, server id: 1
W0115 13:45:23.168256 98217984 ProxyThread.cpp:138] db server is disconnect, after 3s will be reconnect!
W0115 13:45:26.676980 320767424 NetModule.cpp:723] ready reconnect server, server id: 1
W0115 13:45:26.678364 98217984 ProxyThread.cpp:138] db server is disconnect, after 3s will be reconnect!
W0115 13:45:30.181617 320767424 NetModule.cpp:723] ready reconnect server, server id: 1
W0115 13:45:30.181820 98217984 ProxyThread.cpp:138] db server is disconnect, after 3s will be reconnect!
W0115 13:45:33.692059 320767424 NetModule.cpp:723] ready reconnect server, server id: 1
W0115 13:45:33.692658 98217984 ProxyThread.cpp:138] db server is disconnect, after 3s will be reconnect!
W0115 13:45:37.203272 320767424 NetModule.cpp:723] ready reconnect server, server id: 1
W0115 13:45:37.205636 98217984 ProxyThread.cpp:138] db server is disconnect, after 3s will be reconnect!
W0115 13:45:40.710973 320767424 NetModule.cpp:723] ready reconnect server, server id: 1
W0115 13:45:40.711946 98217984 ProxyThread.cpp:138] db server is disconnect, after 3s will be reconnect!
W0115 13:45:44.222957 320767424 NetModule.cpp:723] ready reconnect server, server id: 1
W0115 13:45:44.223948 98217984 ProxyThread.cpp:138] db server is disconnect, after 3s will be reconnect!
W0115 13:45:47.741731 320767424 NetModule.cpp:723] ready reconnect server, server id: 1
W0115 13:45:47.742295 98217984 ProxyThread.cpp:138] db server is disconnect, after 3s will be reconnect!
W0115 13:45:51.253278 320767424 NetModule.cpp:723] ready reconnect server, server id: 1
W0115 13:45:51.255509 98217984 ProxyThread.cpp:138] db server is disconnect, after 3s will be reconnect!
W0115 13:45:54.773298 320767424 NetModule.cpp:723] ready reconnect server, server id: 1
W0115 13:45:54.775249 98217984 ProxyThread.cpp:138] db server is disconnect, after 3s will be reconnect!
W0115 13:45:58.282274 320767424 NetModule.cpp:723] ready reconnect server, server id: 1
W0115 13:45:58.284664 98217984 ProxyThread.cpp:138] db server is disconnect, after 3s will be reconnect!
W0115 13:46:01.791416 320767424 NetModule.cpp:723] ready reconnect server, server id: 1
W0115 13:46:01.793345 98217984 ProxyThread.cpp:138] db server is disconnect, after 3s will be reconnect!
W0115 13:46:05.298969 320767424 NetModule.cpp:723] ready reconnect server, server id: 1
W0115 13:46:05.300864 98217984 ProxyThread.cpp:138] db server is disconnect, after 3s will be reconnect!
W0115 13:46:08.808414 320767424 NetModule.cpp:723] ready reconnect server, server id: 1
W0115 13:46:08.810034 98217984 ProxyThread.cpp:138] db server is disconnect, after 3s will be reconnect!
W0115 13:46:12.318922 320767424 NetModule.cpp:723] ready reconnect server, server id: 1
W0115 13:46:12.320955 98217984 ProxyThread.cpp:138] db server is disconnect, after 3s will be reconnect!
W0115 13:46:15.827296 320767424 NetModule.cpp:723] ready reconnect server, server id: 1
W0115 13:46:15.829191 98217984 ProxyThread.cpp:138] db server is disconnect, after 3s will be reconnect!
W0115 13:46:19.344537 320767424 NetModule.cpp:723] ready reconnect server, server id: 1
W0115 13:46:19.345042 98217984 ProxyThread.cpp:138] db server is disconnect, after 3s will be reconnect!
W0115 13:46:22.855057 320767424 NetModule.cpp:723] ready reconnect server, server id: 1
W0115 13:46:22.856961 98217984 ProxyThread.cpp:138] db server is disconnect, after 3s will be reconnect!
W0115 13:46:26.367617 320767424 NetModule.cpp:723] ready reconnect server, server id: 1
W0115 13:46:26.370100 98217984 ProxyThread.cpp:138] db server is disconnect, after 3s will be reconnect!
W0115 13:46:29.880796 320767424 NetModule.cpp:723] ready reconnect server, server id: 1
W0115 13:46:29.882153 98217984 ProxyThread.cpp:138] db server is disconnect, after 3s will be reconnect!
W0115 13:46:33.392781 320767424 NetModule.cpp:723] ready reconnect server, server id: 1
W0115 13:46:33.395144 98217984 ProxyThread.cpp:138] db server is disconnect, after 3s will be reconnect!
W0115 13:46:36.903421 320767424 NetModule.cpp:723] ready reconnect server, server id: 1
W0115 13:46:36.904821 98217984 ProxyThread.cpp:138] db server is disconnect, after 3s will be reconnect!
W0115 13:46:40.413233 320767424 NetModule.cpp:723] ready reconnect server, server id: 1
W0115 13:46:40.414433 98217984 ProxyThread.cpp:138] db server is disconnect, after 3s will be reconnect!
W0115 13:46:43.927677 320767424 NetModule.cpp:723] ready reconnect server, server id: 1
W0115 13:46:43.929997 98217984 ProxyThread.cpp:138] db server is disconnect, after 3s will be reconnect!
W0115 13:46:47.440666 320767424 NetModule.cpp:723] ready reconnect server, server id: 1
W0115 13:46:47.442520 98217984 ProxyThread.cpp:138] db server is disconnect, after 3s will be reconnect!
W0115 13:46:50.947891 320767424 NetModule.cpp:723] ready reconnect server, server id: 1
W0115 13:46:50.950119 98217984 ProxyThread.cpp:138] db server is disconnect, after 3s will be reconnect!
W0115 13:46:54.460348 320767424 NetModule.cpp:723] ready reconnect server, server id: 1
W0115 13:46:54.461294 98217984 ProxyThread.cpp:138] db server is disconnect, after 3s will be reconnect!
W0115 13:46:57.471473 320767424 NetModule.cpp:723] ready reconnect server, server id: 1
W0115 13:46:57.472272 98217984 ProxyThread.cpp:138] db server is disconnect, after 3s will be reconnect!
W0115 13:47:00.983577 320767424 NetModule.cpp:723] ready reconnect server, server id: 1
W0115 13:47:00.985920 98217984 ProxyThread.cpp:138] db server is disconnect, after 3s will be reconnect!
W0115 13:47:04.495266 320767424 NetModule.cpp:723] ready reconnect server, server id: 1
W0115 13:47:04.496510 98217984 ProxyThread.cpp:138] db server is disconnect, after 3s will be reconnect!
W0115 13:47:08.005389 320767424 NetModule.cpp:723] ready reconnect server, server id: 1
W0115 13:47:08.006287 98217984 ProxyThread.cpp:138] db server is disconnect, after 3s will be reconnect!
W0115 13:47:11.516882 320767424 NetModule.cpp:723] ready reconnect server, server id: 1
W0115 13:47:11.519106 98217984 ProxyThread.cpp:138] db server is disconnect, after 3s will be reconnect!
W0115 13:47:15.028347 320767424 NetModule.cpp:723] ready reconnect server, server id: 1
W0115 13:47:15.029328 98217984 ProxyThread.cpp:138] db server is disconnect, after 3s will be reconnect!
W0115 13:47:18.536450 320767424 NetModule.cpp:723] ready reconnect server, server id: 1
W0115 13:47:18.537935 98217984 ProxyThread.cpp:138] db server is disconnect, after 3s will be reconnect!
W0115 13:47:22.044076 320767424 NetModule.cpp:723] ready reconnect server, server id: 1
W0115 13:47:22.045001 98217984 ProxyThread.cpp:138] db server is disconnect, after 3s will be reconnect!
W0115 13:47:25.551990 320767424 NetModule.cpp:723] ready reconnect server, server id: 1
W0115 13:47:25.552714 98217984 ProxyThread.cpp:138] db server is disconnect, after 3s will be reconnect!
W0115 13:47:29.067837 320767424 NetModule.cpp:723] ready reconnect server, server id: 1
W0115 13:47:29.070143 98217984 ProxyThread.cpp:138] db server is disconnect, after 3s will be reconnect!
W0115 13:47:32.577705 320767424 NetModule.cpp:723] ready reconnect server, server id: 1
W0115 13:47:32.578749 98217984 ProxyThread.cpp:138] db server is disconnect, after 3s will be reconnect!
W0115 13:47:36.090231 320767424 NetModule.cpp:723] ready reconnect server, server id: 1
W0115 13:47:36.092187 98217984 ProxyThread.cpp:138] db server is disconnect, after 3s will be reconnect!
W0115 13:47:39.606571 320767424 NetModule.cpp:723] ready reconnect server, server id: 1
W0115 13:47:39.607901 98217984 ProxyThread.cpp:138] db server is disconnect, after 3s will be reconnect!
W0115 13:47:43.123859 320767424 NetModule.cpp:723] ready reconnect server, server id: 1
W0115 13:47:43.125047 98217984 ProxyThread.cpp:138] db server is disconnect, after 3s will be reconnect!
W0115 13:47:46.631870 320767424 NetModule.cpp:723] ready reconnect server, server id: 1
W0115 13:47:46.634021 98217984 ProxyThread.cpp:138] db server is disconnect, after 3s will be reconnect!
W0115 13:47:50.138375 320767424 NetModule.cpp:723] ready reconnect server, server id: 1
W0115 13:47:50.139575 98217984 ProxyThread.cpp:138] db server is disconnect, after 3s will be reconnect!
W0115 13:47:53.649011 320767424 NetModule.cpp:723] ready reconnect server, server id: 1
W0115 13:47:53.650455 98217984 ProxyThread.cpp:138] db server is disconnect, after 3s will be reconnect!
W0115 13:47:57.164109 320767424 NetModule.cpp:723] ready reconnect server, server id: 1
W0115 13:47:57.166033 98217984 ProxyThread.cpp:138] db server is disconnect, after 3s will be reconnect!
W0115 13:48:00.673252 320767424 NetModule.cpp:723] ready reconnect server, server id: 1
W0115 13:48:00.675500 98217984 ProxyThread.cpp:138] db server is disconnect, after 3s will be reconnect!
W0115 13:48:04.178328 320767424 NetModule.cpp:723] ready reconnect server, server id: 1
W0115 13:48:04.179085 98217984 ProxyThread.cpp:138] db server is disconnect, after 3s will be reconnect!
W0115 13:48:07.685212 320767424 NetModule.cpp:723] ready reconnect server, server id: 1
W0115 13:48:07.685662 98217984 ProxyThread.cpp:138] db server is disconnect, after 3s will be reconnect!
W0115 13:48:11.197865 320767424 NetConnector.cpp:287] open connect: 0.0.0.0:6001 fail.
W0115 13:48:11.198788 320767424 NetModule.cpp:723] ready reconnect server, server id: 1
W0115 13:48:11.199853 98217984 ProxyThread.cpp:138] db server is disconnect, after 3s will be reconnect!
W0115 13:48:14.701524 320767424 NetModule.cpp:723] ready reconnect server, server id: 1
W0115 13:48:14.703495 98217984 ProxyThread.cpp:138] db server is disconnect, after 3s will be reconnect!
W0115 13:48:18.217707 320767424 NetModule.cpp:723] ready reconnect server, server id: 1
W0115 13:48:18.219569 98217984 ProxyThread.cpp:138] db server is disconnect, after 3s will be reconnect!
W0115 13:48:21.228610 320767424 NetModule.cpp:723] ready reconnect server, server id: 1
W0115 13:48:21.229559 98217984 ProxyThread.cpp:138] db server is disconnect, after 3s will be reconnect!
W0115 13:48:24.737892 320767424 NetModule.cpp:723] ready reconnect server, server id: 1
W0115 13:48:24.740232 98217984 ProxyThread.cpp:138] db server is disconnect, after 3s will be reconnect!
W0115 13:48:28.252709 320767424 NetModule.cpp:723] ready reconnect server, server id: 1
W0115 13:48:28.254756 98217984 ProxyThread.cpp:138] db server is disconnect, after 3s will be reconnect!
W0115 13:48:31.760566 320767424 NetModule.cpp:723] ready reconnect server, server id: 1
W0115 13:48:31.762650 98217984 ProxyThread.cpp:138] db server is disconnect, after 3s will be reconnect!
W0115 13:48:35.274580 320767424 NetModule.cpp:723] ready reconnect server, server id: 1
W0115 13:48:35.276531 98217984 ProxyThread.cpp:138] db server is disconnect, after 3s will be reconnect!
W0115 13:48:38.780951 320767424 NetModule.cpp:723] ready reconnect server, server id: 1
W0115 13:48:38.782572 98217984 ProxyThread.cpp:138] db server is disconnect, after 3s will be reconnect!
W0115 13:48:42.290396 320767424 NetModule.cpp:723] ready reconnect server, server id: 1
W0115 13:48:42.291615 98217984 ProxyThread.cpp:138] db server is disconnect, after 3s will be reconnect!
W0115 13:48:45.800889 320767424 NetModule.cpp:723] ready reconnect server, server id: 1
W0115 13:48:45.803253 98217984 ProxyThread.cpp:138] db server is disconnect, after 3s will be reconnect!
W0115 13:48:49.314429 320767424 NetConnector.cpp:287] open connect: 0.0.0.0:6001 fail.
W0115 13:48:49.314486 320767424 NetModule.cpp:723] ready reconnect server, server id: 1
W0115 13:48:49.316473 98217984 ProxyThread.cpp:138] db server is disconnect, after 3s will be reconnect!
W0115 13:48:52.821727 320767424 NetModule.cpp:723] ready reconnect server, server id: 1
W0115 13:48:52.823004 98217984 ProxyThread.cpp:138] db server is disconnect, after 3s will be reconnect!
W0115 13:48:55.830571 320767424 NetModule.cpp:723] ready reconnect server, server id: 1
W0115 13:48:55.830690 98217984 ProxyThread.cpp:138] db server is disconnect, after 3s will be reconnect!
W0115 13:48:59.338191 320767424 NetModule.cpp:723] ready reconnect server, server id: 1
W0115 13:48:59.340066 98217984 ProxyThread.cpp:138] db server is disconnect, after 3s will be reconnect!
W0115 13:49:02.842821 320767424 NetModule.cpp:723] ready reconnect server, server id: 1
W0115 13:49:02.844259 98217984 ProxyThread.cpp:138] db server is disconnect, after 3s will be reconnect!
W0115 13:49:06.353348 320767424 NetModule.cpp:723] ready reconnect server, server id: 1
W0115 13:49:06.353775 98217984 ProxyThread.cpp:138] db server is disconnect, after 3s will be reconnect!
W0115 13:49:09.867070 320767424 NetModule.cpp:723] ready reconnect server, server id: 1
W0115 13:49:09.867945 98217984 ProxyThread.cpp:138] db server is disconnect, after 3s will be reconnect!
W0115 13:49:13.373299 320767424 NetModule.cpp:723] ready reconnect server, server id: 1
W0115 13:49:13.374435 98217984 ProxyThread.cpp:138] db server is disconnect, after 3s will be reconnect!
W0115 13:49:16.881669 320767424 NetModule.cpp:723] ready reconnect server, server id: 1
W0115 13:49:16.883527 98217984 ProxyThread.cpp:138] db server is disconnect, after 3s will be reconnect!
W0115 13:49:20.393280 320767424 NetModule.cpp:723] ready reconnect server, server id: 1
W0115 13:49:20.395141 98217984 ProxyThread.cpp:138] db server is disconnect, after 3s will be reconnect!
W0115 13:49:23.910069 320767424 NetModule.cpp:723] ready reconnect server, server id: 1
W0115 13:49:23.910378 98217984 ProxyThread.cpp:138] db server is disconnect, after 3s will be reconnect!
W0115 13:49:27.419981 320767424 NetModule.cpp:723] ready reconnect server, server id: 1
W0115 13:49:27.421794 98217984 ProxyThread.cpp:138] db server is disconnect, after 3s will be reconnect!
W0115 13:49:30.929672 320767424 NetModule.cpp:723] ready reconnect server, server id: 1
W0115 13:49:30.931057 98217984 ProxyThread.cpp:138] db server is disconnect, after 3s will be reconnect!
W0115 13:49:34.442864 320767424 NetModule.cpp:723] ready reconnect server, server id: 1
W0115 13:49:34.445029 98217984 ProxyThread.cpp:138] db server is disconnect, after 3s will be reconnect!
W0115 13:49:37.957798 320767424 NetModule.cpp:723] ready reconnect server, server id: 1
W0115 13:49:37.959722 98217984 ProxyThread.cpp:138] db server is disconnect, after 3s will be reconnect!
W0115 13:49:41.473382 320767424 NetModule.cpp:723] ready reconnect server, server id: 1
W0115 13:49:41.475692 98217984 ProxyThread.cpp:138] db server is disconnect, after 3s will be reconnect!
W0115 13:49:44.986026 320767424 NetModule.cpp:723] ready reconnect server, server id: 1
W0115 13:49:44.986229 98217984 ProxyThread.cpp:138] db server is disconnect, after 3s will be reconnect!
W0115 13:49:48.494596 320767424 NetModule.cpp:723] ready reconnect server, server id: 1
W0115 13:49:48.496954 98217984 ProxyThread.cpp:138] db server is disconnect, after 3s will be reconnect!
W0115 13:49:52.001412 320767424 NetModule.cpp:723] ready reconnect server, server id: 1
W0115 13:49:52.003993 98217984 ProxyThread.cpp:138] db server is disconnect, after 3s will be reconnect!
W0115 13:49:55.509820 320767424 NetModule.cpp:723] ready reconnect server, server id: 1
W0115 13:49:55.511005 98217984 ProxyThread.cpp:138] db server is disconnect, after 3s will be reconnect!
W0115 13:49:59.026254 320767424 NetModule.cpp:723] ready reconnect server, server id: 1
W0115 14:09:34.962443 98217984 ProxyThread.cpp:133] game server is disconnect, after 3s will be reconnect!, server id: 1101
W0115 14:09:34.985810 98217984 ServerMgr.cpp:145] remove one game server, game server id:1101
W0115 14:09:38.019743 98217984 ServerMgr.cpp:354] disconnect login or game server is remove or register again, no server reconnect...
W0115 14:09:41.558832 98217984 ServerMgr.cpp:40] add game server, game server id:1101
W0115 14:14:44.029038 98217984 ProxyThread.cpp:133] game server is disconnect, after 3s will be reconnect!, server id: 1101
W0115 14:14:44.050153 98217984 ServerMgr.cpp:145] remove one game server, game server id:1101
W0115 14:14:47.055956 98217984 ServerMgr.cpp:354] disconnect login or game server is remove or register again, no server reconnect...
W0115 14:14:50.328902 98217984 ServerMgr.cpp:40] add game server, game server id:1101
W0115 14:24:54.064433 98217984 ProxyThread.cpp:133] game server is disconnect, after 3s will be reconnect!, server id: 1101
W0115 14:24:54.087844 98217984 ServerMgr.cpp:145] remove one game server, game server id:1101
W0115 14:24:57.128212 98217984 ServerMgr.cpp:354] disconnect login or game server is remove or register again, no server reconnect...
W0115 14:25:01.035526 98217984 ServerMgr.cpp:40] add game server, game server id:1101
W0115 14:25:43.756881 98217984 ProxyThread.cpp:133] game server is disconnect, after 3s will be reconnect!, server id: 1101
W0115 14:25:43.775321 98217984 ServerMgr.cpp:145] remove one game server, game server id:1101
W0115 14:25:46.828408 98217984 ServerMgr.cpp:354] disconnect login or game server is remove or register again, no server reconnect...
W0115 14:26:00.840204 98217984 ServerMgr.cpp:40] add game server, game server id:1101
W0115 14:27:01.917140 98217984 ProxyThread.cpp:133] game server is disconnect, after 3s will be reconnect!, server id: 1101
W0115 14:27:01.935272 98217984 ServerMgr.cpp:145] remove one game server, game server id:1101
W0115 14:27:04.954082 98217984 ServerMgr.cpp:354] disconnect login or game server is remove or register again, no server reconnect...
W0115 14:27:38.735539 98217984 ServerMgr.cpp:40] add game server, game server id:1101
W0115 14:35:27.324558 98217984 ProxyThread.cpp:133] game server is disconnect, after 3s will be reconnect!, server id: 1101
W0115 14:35:27.342253 98217984 ServerMgr.cpp:145] remove one game server, game server id:1101
W0115 14:35:30.418172 98217984 ServerMgr.cpp:354] disconnect login or game server is remove or register again, no server reconnect...
W0115 14:35:35.031296 98217984 ServerMgr.cpp:40] add game server, game server id:1101
W0115 14:38:57.632364 98217984 ProxyThread.cpp:133] game server is disconnect, after 3s will be reconnect!, server id: 1101
W0115 14:38:57.653954 98217984 ServerMgr.cpp:145] remove one game server, game server id:1101
W0115 14:39:00.661111 98217984 ServerMgr.cpp:354] disconnect login or game server is remove or register again, no server reconnect...
W0115 14:39:04.238865 98217984 ServerMgr.cpp:40] add game server, game server id:1101
W0115 14:40:16.634310 98217984 ServerMgr.cpp:140] remove game server, but the link is alive, game server id:1101
W0115 14:40:16.634666 98217984 ServerMgr.cpp:145] remove one game server, game server id:1101
W0115 14:44:24.919466 98217984 ServerMgr.cpp:40] add game server, game server id:1101
W0115 14:44:25.152355 98217984 ProxyThread.cpp:133] game server is disconnect, after 3s will be reconnect!, server id: 1101
W0115 14:44:25.154803 98217984 ServerMgr.cpp:145] remove one game server, game server id:1101
W0115 14:44:28.231667 98217984 ServerMgr.cpp:354] disconnect login or game server is remove or register again, no server reconnect...
W0115 14:44:35.378401 98217984 ServerMgr.cpp:40] add game server, game server id:1101
W0115 14:45:05.086432 98217984 ProxyThread.cpp:133] game server is disconnect, after 3s will be reconnect!, server id: 1101
W0115 14:45:05.098783 98217984 ServerMgr.cpp:145] remove one game server, game server id:1101
W0115 14:45:08.139369 98217984 ServerMgr.cpp:354] disconnect login or game server is remove or register again, no server reconnect...
W0115 14:47:54.882025 98217984 ServerMgr.cpp:40] add game server, game server id:1101
W0115 14:51:24.400645 98217984 ProxyThread.cpp:133] game server is disconnect, after 3s will be reconnect!, server id: 1101
W0115 14:51:24.402926 98217984 ServerMgr.cpp:145] remove one game server, game server id:1101
W0115 14:51:27.475267 98217984 ServerMgr.cpp:354] disconnect login or game server is remove or register again, no server reconnect...
W0115 14:51:31.812783 98217984 ServerMgr.cpp:40] add game server, game server id:1101
W0115 14:52:42.379654 98217984 ProxyThread.cpp:133] game server is disconnect, after 3s will be reconnect!, server id: 1101
W0115 14:52:42.400604 98217984 ServerMgr.cpp:145] remove one game server, game server id:1101
W0115 14:52:45.469507 98217984 ServerMgr.cpp:354] disconnect login or game server is remove or register again, no server reconnect...
W0115 14:52:59.274511 98217984 ServerMgr.cpp:40] add game server, game server id:1101
W0115 14:57:48.292163 98217984 ProxyThread.cpp:133] game server is disconnect, after 3s will be reconnect!, server id: 1101
W0115 14:57:48.303215 98217984 ServerMgr.cpp:145] remove one game server, game server id:1101
W0115 14:57:51.293787 98217984 ServerMgr.cpp:354] disconnect login or game server is remove or register again, no server reconnect...
W0115 14:58:37.498349 98217984 ServerMgr.cpp:40] add game server, game server id:1101
W0115 15:02:41.941205 98217984 ProxyThread.cpp:133] game server is disconnect, after 3s will be reconnect!, server id: 1101
W0115 15:02:41.959110 98217984 ServerMgr.cpp:145] remove one game server, game server id:1101
W0115 15:02:44.958730 98217984 ServerMgr.cpp:354] disconnect login or game server is remove or register again, no server reconnect...
W0115 15:03:05.426620 98217984 ServerMgr.cpp:40] add game server, game server id:1101
W0115 15:12:16.246642 98217984 ProxyThread.cpp:133] game server is disconnect, after 3s will be reconnect!, server id: 1101
W0115 15:12:16.253675 98217984 ServerMgr.cpp:145] remove one game server, game server id:1101
W0115 15:12:19.278995 98217984 ServerMgr.cpp:354] disconnect login or game server is remove or register again, no server reconnect...
W0115 15:12:30.431962 98217984 ServerMgr.cpp:40] add game server, game server id:1101
W0115 15:13:24.639693 98217984 ProxyThread.cpp:133] game server is disconnect, after 3s will be reconnect!, server id: 1101
W0115 15:13:24.663161 98217984 ServerMgr.cpp:145] remove one game server, game server id:1101
W0115 15:13:27.705096 98217984 ServerMgr.cpp:354] disconnect login or game server is remove or register again, no server reconnect...
W0115 15:14:01.504750 98217984 ServerMgr.cpp:40] add game server, game server id:1101
W0115 15:19:18.712589 98217984 ProxyThread.cpp:133] game server is disconnect, after 3s will be reconnect!, server id: 1101
W0115 15:19:18.723820 98217984 ServerMgr.cpp:145] remove one game server, game server id:1101
W0115 15:19:21.783799 98217984 ServerMgr.cpp:354] disconnect login or game server is remove or register again, no server reconnect...
W0115 15:21:33.824100 98217984 ServerMgr.cpp:40] add game server, game server id:1101
W0115 15:24:16.349789 98217984 ProxyThread.cpp:138] db server is disconnect, after 3s will be reconnect!
W0115 15:24:19.887168 320767424 NetModule.cpp:723] ready reconnect server, server id: 1
W0115 15:24:19.888527 98217984 ProxyThread.cpp:138] db server is disconnect, after 3s will be reconnect!
W0115 15:24:22.895985 320767424 NetModule.cpp:723] ready reconnect server, server id: 1
W0115 15:24:22.898030 98217984 ProxyThread.cpp:138] db server is disconnect, after 3s will be reconnect!
W0115 15:24:26.400310 320767424 NetModule.cpp:723] ready reconnect server, server id: 1
W0115 15:24:26.401196 98217984 ProxyThread.cpp:138] db server is disconnect, after 3s will be reconnect!
W0115 15:24:29.909862 320767424 NetModule.cpp:723] ready reconnect server, server id: 1
W0115 15:24:29.910797 98217984 ProxyThread.cpp:138] db server is disconnect, after 3s will be reconnect!
W0115 15:24:33.420989 320767424 NetModule.cpp:723] ready reconnect server, server id: 1
W0115 15:29:25.345572 98217984 ProxyThread.cpp:133] game server is disconnect, after 3s will be reconnect!, server id: 1101
W0115 15:29:25.359624 98217984 ServerMgr.cpp:145] remove one game server, game server id:1101
W0115 15:29:28.432968 98217984 ServerMgr.cpp:354] disconnect login or game server is remove or register again, no server reconnect...
W0115 15:29:42.345517 98217984 ServerMgr.cpp:40] add game server, game server id:1101
W0115 15:34:43.892738 98217984 ProxyThread.cpp:133] game server is disconnect, after 3s will be reconnect!, server id: 1101
W0115 15:34:43.904676 98217984 ServerMgr.cpp:145] remove one game server, game server id:1101
W0115 15:34:46.937168 98217984 ServerMgr.cpp:354] disconnect login or game server is remove or register again, no server reconnect...
W0115 15:34:48.214759 98217984 ServerMgr.cpp:40] add game server, game server id:1101
W0115 15:35:09.961107 98217984 ProxyThread.cpp:133] game server is disconnect, after 3s will be reconnect!, server id: 1101
W0115 15:35:09.982028 98217984 ServerMgr.cpp:145] remove one game server, game server id:1101
W0115 15:35:12.964648 98217984 ServerMgr.cpp:354] disconnect login or game server is remove or register again, no server reconnect...
W0115 15:35:20.782505 98217984 ServerMgr.cpp:40] add game server, game server id:1101
W0115 16:51:52.074442 98217984 ProxyThread.cpp:133] game server is disconnect, after 3s will be reconnect!, server id: 1101
W0115 16:51:52.081439 98217984 ServerMgr.cpp:145] remove one game server, game server id:1101
W0115 16:51:55.155496 98217984 ServerMgr.cpp:354] disconnect login or game server is remove or register again, no server reconnect...
W0115 16:52:40.887873 98217984 ServerMgr.cpp:40] add game server, game server id:100
W0115 16:58:01.389356 98217984 ProxyThread.cpp:138] db server is disconnect, after 3s will be reconnect!
W0115 16:58:04.661339 320767424 NetModule.cpp:723] ready reconnect server, server id: 1
W0115 16:58:04.662250 98217984 ProxyThread.cpp:138] db server is disconnect, after 3s will be reconnect!
W0115 16:58:08.173988 320767424 NetModule.cpp:723] ready reconnect server, server id: 1
W0115 16:58:08.174110 98217984 ProxyThread.cpp:138] db server is disconnect, after 3s will be reconnect!
W0115 16:58:11.681622 320767424 NetModule.cpp:723] ready reconnect server, server id: 1
W0115 16:58:11.683480 98217984 ProxyThread.cpp:138] db server is disconnect, after 3s will be reconnect!
W0115 16:58:15.190738 320767424 NetModule.cpp:723] ready reconnect server, server id: 1
W0115 16:58:15.191793 98217984 ProxyThread.cpp:138] db server is disconnect, after 3s will be reconnect!
W0115 16:58:18.198748 320767424 NetModule.cpp:723] ready reconnect server, server id: 1
W0115 16:58:18.200608 98217984 ProxyThread.cpp:138] db server is disconnect, after 3s will be reconnect!
W0115 16:58:21.712663 320767424 NetModule.cpp:723] ready reconnect server, server id: 1
W0115 16:58:21.713274 98217984 ProxyThread.cpp:138] db server is disconnect, after 3s will be reconnect!
W0115 16:58:25.224921 320767424 NetModule.cpp:723] ready reconnect server, server id: 1
W0115 16:58:25.226888 98217984 ProxyThread.cpp:138] db server is disconnect, after 3s will be reconnect!
W0115 16:58:28.736014 320767424 NetModule.cpp:723] ready reconnect server, server id: 1
W0115 16:58:28.736889 98217984 ProxyThread.cpp:138] db server is disconnect, after 3s will be reconnect!
W0115 16:58:32.253113 320767424 NetModule.cpp:723] ready reconnect server, server id: 1
W0115 16:58:32.253409 98217984 ProxyThread.cpp:138] db server is disconnect, after 3s will be reconnect!
W0115 16:58:35.764629 320767424 NetModule.cpp:723] ready reconnect server, server id: 1
W0115 16:58:35.767004 98217984 ProxyThread.cpp:138] db server is disconnect, after 3s will be reconnect!
W0115 16:58:39.273103 320767424 NetModule.cpp:723] ready reconnect server, server id: 1
W0115 16:58:39.275028 98217984 ProxyThread.cpp:138] db server is disconnect, after 3s will be reconnect!
W0115 16:58:42.784474 320767424 NetModule.cpp:723] ready reconnect server, server id: 1
W0115 16:58:42.785842 98217984 ProxyThread.cpp:138] db server is disconnect, after 3s will be reconnect!
W0115 16:58:46.300227 320767424 NetModule.cpp:723] ready reconnect server, server id: 1
W0115 16:58:46.300949 98217984 ProxyThread.cpp:138] db server is disconnect, after 3s will be reconnect!
W0115 16:58:49.819200 320767424 NetModule.cpp:723] ready reconnect server, server id: 1
W0115 16:58:49.821336 98217984 ProxyThread.cpp:138] db server is disconnect, after 3s will be reconnect!
