I0301 19:49:32.973013 362300864 NetServer.cpp:55] accept io...192.168.10.120:63340
I0301 19:49:33.637580 362300864 NetServer.cpp:88] delete io...192.168.10.120:63340
I0301 19:49:38.915550 362300864 NetServer.cpp:55] accept io...192.168.10.120:63341
I0301 19:49:39.746989 362300864 NetServer.cpp:88] delete io...192.168.10.120:63341
I0301 19:49:40.061527 362300864 NetServer.cpp:55] accept io...192.168.10.120:63342
I0301 19:49:40.749014 362300864 NetServer.cpp:88] delete io...192.168.10.120:63342
I0301 19:49:40.996289 362300864 NetServer.cpp:55] accept io...192.168.10.120:63343
I0301 19:49:41.751731 362300864 NetServer.cpp:88] delete io...192.168.10.120:63343
W0301 19:50:38.246201 114606080 ServerMgr.cpp:140] remove game server, but the link is alive, game server id:1101
W0301 19:50:38.246338 114606080 ServerMgr.cpp:145] remove one game server, game server id:1101
I0301 19:51:53.461575 362300864 NetServer.cpp:55] accept io...192.168.10.120:63355
I0301 19:56:37.499845 114606080 NetModule.cpp:220] add one connector: 127.0.0.1:11001 succeed...
W0301 19:56:37.501328 114606080 ServerMgr.cpp:40] add game server, game server id:1101
I0301 19:56:37.546298 362300864 NetConnector.cpp:216] connect to: 127.0.0.1:11001 success! 
I0301 19:56:37.548266 114606080 ProxyThread.cpp:86] connect to game server succ, server id:1101
I0301 19:56:56.795835 362300864 NetServer.cpp:88] delete io...192.168.10.116:49174
I0301 19:57:02.016232 362300864 NetServer.cpp:55] accept io...192.168.10.116:49175
I0301 19:57:56.364552 362300864 NetServer.cpp:88] delete io...192.168.10.116:49175
I0301 19:57:56.586316 362300864 NetServer.cpp:55] accept io...192.168.10.116:49176
I0301 19:58:12.903220 362300864 NetServer.cpp:88] delete io...192.168.10.116:49176
W0301 19:58:12.915899 114606080 ProxyThread.cpp:854] client socket not found, main id: 8, sub id: 103
I0301 19:58:13.084434 362300864 NetServer.cpp:55] accept io...192.168.10.116:49177
I0301 19:58:41.093309 362300864 NetServer.cpp:88] delete io...192.168.10.116:49177
I0301 19:58:41.313071 362300864 NetServer.cpp:55] accept io...192.168.10.116:49178
W0301 19:59:18.317611 114606080 ServerMgr.cpp:140] remove game server, but the link is alive, game server id:1101
W0301 19:59:18.317857 114606080 ServerMgr.cpp:145] remove one game server, game server id:1101
I0301 20:11:17.059394 114606080 NetModule.cpp:220] add one connector: 127.0.0.1:11001 succeed...
W0301 20:11:17.060197 114606080 ServerMgr.cpp:40] add game server, game server id:1101
I0301 20:11:17.471772 362300864 NetConnector.cpp:216] connect to: 127.0.0.1:11001 success! 
I0301 20:11:17.472048 114606080 ProxyThread.cpp:86] connect to game server succ, server id:1101
I0301 20:11:32.269290 362300864 NetServer.cpp:88] delete io...192.168.10.116:49178
I0301 20:11:37.691414 362300864 NetServer.cpp:55] accept io...192.168.10.116:49179
I0301 20:12:05.134588 362300864 NetServer.cpp:88] delete io...192.168.10.120:63355
I0301 20:12:10.288597 362300864 NetServer.cpp:55] accept io...192.168.10.120:63459
I0301 20:13:13.594672 362300864 NetServer.cpp:88] delete io...192.168.10.120:63459
I0301 20:13:13.922339 362300864 NetServer.cpp:55] accept io...192.168.10.120:63466
I0301 20:13:24.035148 362300864 NetServer.cpp:88] delete io...192.168.10.120:63466
I0301 20:13:24.312273 362300864 NetServer.cpp:55] accept io...192.168.10.120:63468
W0301 20:13:58.436560 114606080 ServerMgr.cpp:140] remove game server, but the link is alive, game server id:1101
W0301 20:13:58.437520 114606080 ServerMgr.cpp:145] remove one game server, game server id:1101
I0301 20:18:13.714329 114606080 NetModule.cpp:220] add one connector: 127.0.0.1:11001 succeed...
W0301 20:18:13.714893 114606080 ServerMgr.cpp:40] add game server, game server id:1101
I0301 20:18:14.128897 362300864 NetConnector.cpp:216] connect to: 127.0.0.1:11001 success! 
I0301 20:18:14.129528 114606080 ProxyThread.cpp:86] connect to game server succ, server id:1101
I0301 20:18:22.473811 362300864 NetServer.cpp:88] delete io...192.168.10.116:49179
I0301 20:18:28.981297 362300864 NetServer.cpp:55] accept io...192.168.10.116:49183
I0301 20:18:37.630759 362300864 NetServer.cpp:88] delete io...192.168.10.120:63468
I0301 20:18:42.748726 362300864 NetServer.cpp:55] accept io...192.168.10.120:63492
W0301 20:20:38.478483 114606080 ServerMgr.cpp:140] remove game server, but the link is alive, game server id:1101
W0301 20:20:38.478945 114606080 ServerMgr.cpp:145] remove one game server, game server id:1101
I0301 20:34:10.621073 114606080 NetModule.cpp:220] add one connector: 127.0.0.1:11001 succeed...
W0301 20:34:10.621803 114606080 ServerMgr.cpp:40] add game server, game server id:1101
I0301 20:34:10.800114 362300864 NetConnector.cpp:216] connect to: 127.0.0.1:11001 success! 
I0301 20:34:10.801859 114606080 ProxyThread.cpp:86] connect to game server succ, server id:1101
I0301 20:34:54.941911 362300864 NetServer.cpp:88] delete io...192.168.10.116:49183
I0301 20:35:03.207394 362300864 NetServer.cpp:88] delete io...192.168.10.120:63492
I0301 20:35:09.237375 362300864 NetServer.cpp:55] accept io...192.168.10.120:63568
I0301 20:35:12.355955 362300864 NetServer.cpp:55] accept io...192.168.10.116:49184
W0301 20:38:35.955184 114606080 ProxyThread.cpp:133] game server is disconnect, after 3s will be reconnect!, server id: 1101
I0301 20:38:35.976428 362300864 NetServer.cpp:88] delete io...192.168.10.120:63568
I0301 20:38:35.976598 362300864 NetServer.cpp:88] delete io...192.168.10.116:49184
I0301 20:38:36.155328 362300864 NetServer.cpp:55] accept io...192.168.10.116:49185
I0301 20:38:36.199457 362300864 NetServer.cpp:55] accept io...192.168.10.120:63591
W0301 20:38:39.028098 362300864 NetModule.cpp:723] ready reconnect server, server id: 1101
I0301 20:38:39.028246 362300864 NetConnector.cpp:216] connect to: 127.0.0.1:11001 success! 
I0301 20:38:39.030676 114606080 ProxyThread.cpp:86] connect to game server succ, server id:1101
W0301 20:39:17.185830 114606080 ProxyThread.cpp:133] game server is disconnect, after 3s will be reconnect!, server id: 1101
W0301 20:39:17.202836 114606080 ServerMgr.cpp:145] remove one game server, game server id:1101
W0301 20:39:20.274718 114606080 ServerMgr.cpp:354] disconnect login or game server is remove or register again, no server reconnect...
I0301 20:39:22.094563 114606080 NetModule.cpp:220] add one connector: 127.0.0.1:11001 succeed...
W0301 20:39:22.094640 114606080 ServerMgr.cpp:40] add game server, game server id:1101
I0301 20:39:22.148881 362300864 NetConnector.cpp:216] connect to: 127.0.0.1:11001 success! 
I0301 20:39:22.149672 114606080 ProxyThread.cpp:86] connect to game server succ, server id:1101
I0301 20:41:52.805977 362300864 NetServer.cpp:88] delete io...192.168.10.116:49185
I0301 20:41:53.553828 362300864 NetServer.cpp:88] delete io...192.168.10.120:63591
I0301 20:41:58.338804 362300864 NetServer.cpp:55] accept io...192.168.10.116:49187
I0301 20:41:59.117136 362300864 NetServer.cpp:55] accept io...192.168.10.120:63609
W0301 20:47:15.477401 114606080 ProxyThread.cpp:133] game server is disconnect, after 3s will be reconnect!, server id: 1101
W0301 20:47:15.492115 114606080 ServerMgr.cpp:145] remove one game server, game server id:1101
W0301 20:47:18.562965 114606080 ServerMgr.cpp:354] disconnect login or game server is remove or register again, no server reconnect...
I0301 20:47:27.588443 114606080 NetModule.cpp:220] add one connector: 127.0.0.1:11001 succeed...
W0301 20:47:27.588481 114606080 ServerMgr.cpp:40] add game server, game server id:1101
I0301 20:47:27.964789 362300864 NetConnector.cpp:216] connect to: 127.0.0.1:11001 success! 
I0301 20:47:27.966995 114606080 ProxyThread.cpp:86] connect to game server succ, server id:1101
W0301 20:53:21.249852 114606080 ProxyThread.cpp:133] game server is disconnect, after 3s will be reconnect!, server id: 1101
W0301 20:53:21.256186 114606080 ServerMgr.cpp:145] remove one game server, game server id:1101
W0301 20:53:24.338737 114606080 ServerMgr.cpp:354] disconnect login or game server is remove or register again, no server reconnect...
I0301 20:53:34.396087 114606080 NetModule.cpp:220] add one connector: 127.0.0.1:11001 succeed...
W0301 20:53:34.396127 114606080 ServerMgr.cpp:40] add game server, game server id:1101
I0301 20:53:34.526341 362300864 NetConnector.cpp:216] connect to: 127.0.0.1:11001 success! 
I0301 20:53:34.527185 114606080 ProxyThread.cpp:86] connect to game server succ, server id:1101
W0301 20:56:57.472218 114606080 ProxyThread.cpp:133] game server is disconnect, after 3s will be reconnect!, server id: 1101
W0301 20:56:57.477977 114606080 ServerMgr.cpp:145] remove one game server, game server id:1101
W0301 20:57:00.522991 114606080 ServerMgr.cpp:354] disconnect login or game server is remove or register again, no server reconnect...
I0301 20:57:09.809252 114606080 NetModule.cpp:220] add one connector: 127.0.0.1:11001 succeed...
W0301 20:57:09.809300 114606080 ServerMgr.cpp:40] add game server, game server id:1101
I0301 20:57:10.161535 362300864 NetConnector.cpp:216] connect to: 127.0.0.1:11001 success! 
I0301 20:57:10.163657 114606080 ProxyThread.cpp:86] connect to game server succ, server id:1101
W0301 20:58:37.230183 114606080 ProxyThread.cpp:133] game server is disconnect, after 3s will be reconnect!, server id: 1101
W0301 20:58:37.230934 114606080 ServerMgr.cpp:145] remove one game server, game server id:1101
W0301 20:58:40.246402 114606080 ServerMgr.cpp:354] disconnect login or game server is remove or register again, no server reconnect...
I0301 20:58:49.239248 114606080 NetModule.cpp:220] add one connector: 127.0.0.1:11001 succeed...
W0301 20:58:49.239281 114606080 ServerMgr.cpp:40] add game server, game server id:1101
I0301 20:58:49.431541 362300864 NetConnector.cpp:216] connect to: 127.0.0.1:11001 success! 
I0301 20:58:49.434376 114606080 ProxyThread.cpp:86] connect to game server succ, server id:1101
W0301 21:05:06.218155 114606080 ProxyThread.cpp:133] game server is disconnect, after 3s will be reconnect!, server id: 1101
I0301 21:05:06.219061 362300864 NetServer.cpp:88] delete io...192.168.10.116:49187
W0301 21:05:06.240646 114606080 ServerMgr.cpp:145] remove one game server, game server id:1101
I0301 21:05:06.444494 362300864 NetServer.cpp:55] accept io...192.168.10.116:49188
W0301 21:05:09.287098 114606080 ServerMgr.cpp:354] disconnect login or game server is remove or register again, no server reconnect...
I0301 21:08:20.374847 114606080 NetModule.cpp:220] add one connector: 0.0.0.0:9100 succeed...
W0301 21:08:20.375713 114606080 ServerMgr.cpp:40] add game server, game server id:100
I0301 21:08:20.566715 362300864 NetConnector.cpp:216] connect to: 0.0.0.0:9100 success! 
I0301 21:08:20.568811 114606080 ProxyThread.cpp:86] connect to game server succ, server id:100
I0301 21:08:23.550565 362300864 NetServer.cpp:88] delete io...192.168.10.116:49188
I0301 21:13:23.931646 362300864 NetServer.cpp:55] accept io...192.168.10.116:49428
I0301 21:14:15.774536 362300864 NetServer.cpp:88] delete io...192.168.10.116:49428
I0301 21:14:26.845764 362300864 NetServer.cpp:55] accept io...192.168.10.116:49433
W0301 21:15:11.664351 114606080 ProxyThread.cpp:854] client socket not found, main id: 6, sub id: 695
W0301 21:15:11.664535 114606080 ProxyThread.cpp:854] client socket not found, main id: 6, sub id: 682
W0301 21:15:11.664556 114606080 ProxyThread.cpp:854] client socket not found, main id: 6, sub id: 650
W0301 21:15:12.018077 114606080 ProxyThread.cpp:854] client socket not found, main id: 6, sub id: 660
W0301 21:20:58.996912 114606080 ProxyThread.cpp:133] game server is disconnect, after 3s will be reconnect!, server id: 100
W0301 21:20:59.006758 114606080 ServerMgr.cpp:145] remove one game server, game server id:100
I0301 21:20:59.008235 362300864 NetServer.cpp:88] delete io...192.168.10.116:49433
I0301 21:20:59.185940 362300864 NetServer.cpp:55] accept io...192.168.10.116:49435
W0301 21:21:02.071465 114606080 ServerMgr.cpp:354] disconnect login or game server is remove or register again, no server reconnect...
I0301 21:21:09.327332 114606080 NetModule.cpp:220] add one connector: 0.0.0.0:9100 succeed...
W0301 21:21:09.327373 114606080 ServerMgr.cpp:40] add game server, game server id:100
I0301 21:21:09.666862 362300864 NetConnector.cpp:216] connect to: 0.0.0.0:9100 success! 
I0301 21:21:09.668980 114606080 ProxyThread.cpp:86] connect to game server succ, server id:100
I0301 21:22:53.567031 362300864 NetServer.cpp:88] delete io...192.168.10.120:63609
W0301 21:23:28.976960 114606080 ServerMgr.cpp:140] remove game server, but the link is alive, game server id:100
W0301 21:23:28.977099 114606080 ServerMgr.cpp:145] remove one game server, game server id:100
I0301 21:31:02.462962 114606080 NetModule.cpp:220] add one connector: 0.0.0.0:9100 succeed...
W0301 21:31:02.463780 114606080 ServerMgr.cpp:40] add game server, game server id:100
I0301 21:31:02.768913 362300864 NetConnector.cpp:216] connect to: 127.0.0.1:9100 success! 
I0301 21:31:02.770361 114606080 ProxyThread.cpp:86] connect to game server succ, server id:100
I0301 21:31:36.848947 362300864 NetServer.cpp:88] delete io...192.168.10.116:49435
W0301 22:13:30.560927 114606080 ProxyThread.cpp:133] game server is disconnect, after 3s will be reconnect!, server id: 100
W0301 22:13:30.562268 114606080 ProxyThread.cpp:138] db server is disconnect, after 3s will be reconnect!
W0301 22:13:30.582067 114606080 ProxyThread.cpp:114] center server is disconnect, after 3s will be reconnect!
W0301 22:13:30.582130 114606080 ProxyThread.cpp:133] login server is disconnect, after 3s will be reconnect!, server id: 10
W0301 22:13:34.101505 362300864 NetModule.cpp:723] ready reconnect server, server id: 10
W0301 22:13:34.101677 362300864 NetModule.cpp:723] ready reconnect server, server id: 100
W0301 22:13:34.102320 362300864 NetModule.cpp:723] ready reconnect server, server id: 0
W0301 22:13:34.102455 362300864 NetModule.cpp:723] ready reconnect server, server id: 1
I0301 22:13:34.102530 362300864 NetConnector.cpp:216] connect to: 127.0.0.1:7001 success! 
I0301 22:13:34.102548 362300864 NetConnector.cpp:216] connect to: 0.0.0.0:9100 success! 
I0301 22:13:34.102560 362300864 NetConnector.cpp:216] connect to: 127.0.0.1:5001 success! 
I0301 22:13:34.102571 362300864 NetConnector.cpp:216] connect to: 0.0.0.0:6001 success! 
I0301 22:13:34.103837 114606080 ProxyThread.cpp:76] connect to login server succ, server id:10
I0301 22:13:34.103860 114606080 ProxyThread.cpp:86] connect to game server succ, server id:100
I0301 22:13:34.103870 114606080 ProxyThread.cpp:66] connect to center server succ.
I0301 22:13:34.103875 114606080 ProxyThread.cpp:92] connect to db server succ
I0301 22:13:34.126108 114606080 ProxyThread.cpp:543] get game server list finish!
I0301 22:13:34.126140 114606080 ProxyThread.cpp:514] get login server list finish!
I0301 22:13:34.126149 114606080 ProxyThread.cpp:572] get customer server list finish!
W0301 22:13:34.154561 114606080 ServerMgr.cpp:17] repeated add game server, game server id:100
W0301 22:13:41.201521 114606080 ServerMgr.cpp:60] repeated add login server, login server id:10
W0301 22:50:19.951735 114606080 ProxyThread.cpp:114] center server is disconnect, after 3s will be reconnect!
W0301 22:50:19.952443 114606080 ProxyThread.cpp:133] game server is disconnect, after 3s will be reconnect!, server id: 100
W0301 22:50:19.952483 114606080 ProxyThread.cpp:133] login server is disconnect, after 3s will be reconnect!, server id: 10
W0301 22:50:19.952512 114606080 ProxyThread.cpp:138] db server is disconnect, after 3s will be reconnect!
W0301 22:50:23.437278 362300864 NetModule.cpp:723] ready reconnect server, server id: 10
W0301 22:50:23.437410 362300864 NetModule.cpp:723] ready reconnect server, server id: 100
W0301 22:50:23.437508 362300864 NetModule.cpp:723] ready reconnect server, server id: 0
W0301 22:50:23.437605 362300864 NetModule.cpp:723] ready reconnect server, server id: 1
I0301 22:50:23.437685 362300864 NetConnector.cpp:216] connect to: 0.0.0.0:7001 success! 
I0301 22:50:23.437705 362300864 NetConnector.cpp:216] connect to: 0.0.0.0:9100 success! 
I0301 22:50:23.437727 362300864 NetConnector.cpp:216] connect to: 0.0.0.0:5001 success! 
I0301 22:50:23.437746 362300864 NetConnector.cpp:216] connect to: 0.0.0.0:6001 success! 
I0301 22:50:23.439138 114606080 ProxyThread.cpp:76] connect to login server succ, server id:10
I0301 22:50:23.439157 114606080 ProxyThread.cpp:86] connect to game server succ, server id:100
I0301 22:50:23.439180 114606080 ProxyThread.cpp:66] connect to center server succ.
I0301 22:50:23.439188 114606080 ProxyThread.cpp:92] connect to db server succ
W0301 22:50:23.481186 114606080 ServerMgr.cpp:17] repeated add game server, game server id:100
I0301 22:50:23.481345 114606080 ProxyThread.cpp:543] get game server list finish!
I0301 22:50:23.481367 114606080 ProxyThread.cpp:514] get login server list finish!
I0301 22:50:23.481382 114606080 ProxyThread.cpp:572] get customer server list finish!
W0301 22:50:30.516541 114606080 ServerMgr.cpp:60] repeated add login server, login server id:10
W0301 23:34:41.957527 114606080 ProxyThread.cpp:133] game server is disconnect, after 3s will be reconnect!, server id: 100
W0301 23:34:41.958048 114606080 ProxyThread.cpp:133] login server is disconnect, after 3s will be reconnect!, server id: 10
W0301 23:34:41.958112 114606080 ProxyThread.cpp:138] db server is disconnect, after 3s will be reconnect!
W0301 23:34:41.958137 114606080 ProxyThread.cpp:114] center server is disconnect, after 3s will be reconnect!
W0301 23:34:45.449160 362300864 NetModule.cpp:723] ready reconnect server, server id: 10
W0301 23:34:45.449486 362300864 NetModule.cpp:723] ready reconnect server, server id: 100
W0301 23:34:45.449782 362300864 NetModule.cpp:723] ready reconnect server, server id: 0
W0301 23:34:45.450037 362300864 NetModule.cpp:723] ready reconnect server, server id: 1
I0301 23:34:45.450172 362300864 NetConnector.cpp:216] connect to: 0.0.0.0:7001 success! 
I0301 23:34:45.450208 362300864 NetConnector.cpp:216] connect to: 0.0.0.0:9100 success! 
I0301 23:34:45.450238 362300864 NetConnector.cpp:216] connect to: 0.0.0.0:5001 success! 
I0301 23:34:45.450266 362300864 NetConnector.cpp:216] connect to: 0.0.0.0:6001 success! 
I0301 23:34:45.451958 114606080 ProxyThread.cpp:76] connect to login server succ, server id:10
I0301 23:34:45.452006 114606080 ProxyThread.cpp:86] connect to game server succ, server id:100
I0301 23:34:45.452047 114606080 ProxyThread.cpp:66] connect to center server succ.
I0301 23:34:45.452057 114606080 ProxyThread.cpp:92] connect to db server succ
W0301 23:34:45.489202 114606080 ServerMgr.cpp:17] repeated add game server, game server id:100
I0301 23:34:45.489253 114606080 ProxyThread.cpp:543] get game server list finish!
I0301 23:34:45.489260 114606080 ProxyThread.cpp:514] get login server list finish!
I0301 23:34:45.489266 114606080 ProxyThread.cpp:572] get customer server list finish!
W0301 23:34:52.516752 114606080 ServerMgr.cpp:60] repeated add login server, login server id:10
W0302 00:10:14.983670 114606080 ProxyThread.cpp:138] db server is disconnect, after 3s will be reconnect!
W0302 00:10:14.985345 114606080 ProxyThread.cpp:133] login server is disconnect, after 3s will be reconnect!, server id: 10
W0302 00:10:14.985385 114606080 ProxyThread.cpp:114] center server is disconnect, after 3s will be reconnect!
W0302 00:10:14.985483 114606080 ProxyThread.cpp:133] game server is disconnect, after 3s will be reconnect!, server id: 100
W0302 00:10:18.479830 362300864 NetModule.cpp:723] ready reconnect server, server id: 10
W0302 00:10:18.479954 362300864 NetModule.cpp:723] ready reconnect server, server id: 100
W0302 00:10:18.480067 362300864 NetModule.cpp:723] ready reconnect server, server id: 0
W0302 00:10:18.480216 362300864 NetModule.cpp:723] ready reconnect server, server id: 1
I0302 00:10:18.480293 362300864 NetConnector.cpp:216] connect to: 0.0.0.0:7001 success! 
I0302 00:10:18.480309 362300864 NetConnector.cpp:216] connect to: 0.0.0.0:9100 success! 
I0302 00:10:18.480319 362300864 NetConnector.cpp:216] connect to: 0.0.0.0:5001 success! 
I0302 00:10:18.480330 362300864 NetConnector.cpp:216] connect to: 127.0.0.1:6001 success! 
I0302 00:10:18.481739 114606080 ProxyThread.cpp:76] connect to login server succ, server id:10
I0302 00:10:18.481760 114606080 ProxyThread.cpp:86] connect to game server succ, server id:100
I0302 00:10:18.481770 114606080 ProxyThread.cpp:66] connect to center server succ.
I0302 00:10:18.481777 114606080 ProxyThread.cpp:92] connect to db server succ
W0302 00:10:18.527846 114606080 ServerMgr.cpp:17] repeated add game server, game server id:100
I0302 00:10:18.527907 114606080 ProxyThread.cpp:543] get game server list finish!
I0302 00:10:18.527920 114606080 ProxyThread.cpp:514] get login server list finish!
I0302 00:10:18.527926 114606080 ProxyThread.cpp:572] get customer server list finish!
W0302 00:10:57.708500 114606080 ServerMgr.cpp:60] repeated add login server, login server id:10
W0302 00:48:13.994581 114606080 ProxyThread.cpp:133] login server is disconnect, after 3s will be reconnect!, server id: 10
W0302 00:48:13.995122 114606080 ProxyThread.cpp:133] game server is disconnect, after 3s will be reconnect!, server id: 100
W0302 00:48:13.995167 114606080 ProxyThread.cpp:138] db server is disconnect, after 3s will be reconnect!
W0302 00:48:13.995193 114606080 ProxyThread.cpp:114] center server is disconnect, after 3s will be reconnect!
W0302 00:48:17.483224 362300864 NetModule.cpp:723] ready reconnect server, server id: 10
W0302 00:48:17.483398 362300864 NetModule.cpp:723] ready reconnect server, server id: 100
W0302 00:48:17.483507 362300864 NetModule.cpp:723] ready reconnect server, server id: 0
W0302 00:48:17.483608 362300864 NetModule.cpp:723] ready reconnect server, server id: 1
I0302 00:48:17.483686 362300864 NetConnector.cpp:216] connect to: 0.0.0.0:7001 success! 
I0302 00:48:17.483705 362300864 NetConnector.cpp:216] connect to: 0.0.0.0:9100 success! 
I0302 00:48:17.483719 362300864 NetConnector.cpp:216] connect to: 0.0.0.0:5001 success! 
I0302 00:48:17.483736 362300864 NetConnector.cpp:216] connect to: 0.0.0.0:6001 success! 
I0302 00:48:17.486014 114606080 ProxyThread.cpp:76] connect to login server succ, server id:10
I0302 00:48:17.486033 114606080 ProxyThread.cpp:86] connect to game server succ, server id:100
I0302 00:48:17.486042 114606080 ProxyThread.cpp:66] connect to center server succ.
I0302 00:48:17.486047 114606080 ProxyThread.cpp:92] connect to db server succ
W0302 00:48:17.495908 114606080 ServerMgr.cpp:17] repeated add game server, game server id:100
I0302 00:48:17.495962 114606080 ProxyThread.cpp:543] get game server list finish!
I0302 00:48:17.495970 114606080 ProxyThread.cpp:514] get login server list finish!
I0302 00:48:17.495975 114606080 ProxyThread.cpp:572] get customer server list finish!
W0302 00:48:24.571993 114606080 ServerMgr.cpp:60] repeated add login server, login server id:10
W0302 01:27:11.018596 114606080 ProxyThread.cpp:114] center server is disconnect, after 3s will be reconnect!
W0302 01:27:11.019248 114606080 ProxyThread.cpp:133] game server is disconnect, after 3s will be reconnect!, server id: 100
W0302 01:27:11.019275 114606080 ProxyThread.cpp:133] login server is disconnect, after 3s will be reconnect!, server id: 10
W0302 01:27:11.019294 114606080 ProxyThread.cpp:138] db server is disconnect, after 3s will be reconnect!
W0302 01:27:14.475812 362300864 NetModule.cpp:723] ready reconnect server, server id: 10
W0302 01:27:14.475972 362300864 NetModule.cpp:723] ready reconnect server, server id: 100
W0302 01:27:14.476066 362300864 NetModule.cpp:723] ready reconnect server, server id: 0
W0302 01:27:14.476159 362300864 NetModule.cpp:723] ready reconnect server, server id: 1
I0302 01:27:14.476228 362300864 NetConnector.cpp:216] connect to: 0.0.0.0:7001 success! 
I0302 01:27:14.476248 362300864 NetConnector.cpp:216] connect to: 0.0.0.0:9100 success! 
I0302 01:27:14.476260 362300864 NetConnector.cpp:216] connect to: 0.0.0.0:5001 success! 
I0302 01:27:14.476270 362300864 NetConnector.cpp:216] connect to: 0.0.0.0:6001 success! 
I0302 01:27:14.477730 114606080 ProxyThread.cpp:76] connect to login server succ, server id:10
I0302 01:27:14.477756 114606080 ProxyThread.cpp:86] connect to game server succ, server id:100
I0302 01:27:14.477771 114606080 ProxyThread.cpp:66] connect to center server succ.
I0302 01:27:14.477778 114606080 ProxyThread.cpp:92] connect to db server succ
W0302 01:27:14.507694 114606080 ServerMgr.cpp:17] repeated add game server, game server id:100
I0302 01:27:14.507761 114606080 ProxyThread.cpp:543] get game server list finish!
I0302 01:27:14.507771 114606080 ProxyThread.cpp:514] get login server list finish!
I0302 01:27:14.507777 114606080 ProxyThread.cpp:572] get customer server list finish!
W0302 01:27:21.571947 114606080 ServerMgr.cpp:60] repeated add login server, login server id:10
W0302 02:02:13.999871 114606080 ProxyThread.cpp:133] login server is disconnect, after 3s will be reconnect!, server id: 10
W0302 02:02:14.000372 114606080 ProxyThread.cpp:114] center server is disconnect, after 3s will be reconnect!
W0302 02:02:14.000443 114606080 ProxyThread.cpp:138] db server is disconnect, after 3s will be reconnect!
W0302 02:02:14.000499 114606080 ProxyThread.cpp:133] game server is disconnect, after 3s will be reconnect!, server id: 100
W0302 02:02:17.487210 362300864 NetModule.cpp:723] ready reconnect server, server id: 10
W0302 02:02:17.487310 362300864 NetModule.cpp:723] ready reconnect server, server id: 100
W0302 02:02:17.487433 362300864 NetModule.cpp:723] ready reconnect server, server id: 0
W0302 02:02:17.487562 362300864 NetModule.cpp:723] ready reconnect server, server id: 1
I0302 02:02:17.487635 362300864 NetConnector.cpp:216] connect to: 0.0.0.0:7001 success! 
I0302 02:02:17.487649 362300864 NetConnector.cpp:216] connect to: 0.0.0.0:9100 success! 
I0302 02:02:17.487661 362300864 NetConnector.cpp:216] connect to: 0.0.0.0:5001 success! 
I0302 02:02:17.487675 362300864 NetConnector.cpp:216] connect to: 0.0.0.0:6001 success! 
I0302 02:02:17.490109 114606080 ProxyThread.cpp:76] connect to login server succ, server id:10
I0302 02:02:17.490126 114606080 ProxyThread.cpp:86] connect to game server succ, server id:100
I0302 02:02:17.490136 114606080 ProxyThread.cpp:66] connect to center server succ.
I0302 02:02:17.490144 114606080 ProxyThread.cpp:92] connect to db server succ
W0302 02:02:17.526011 114606080 ServerMgr.cpp:17] repeated add game server, game server id:100
I0302 02:02:17.526067 114606080 ProxyThread.cpp:543] get game server list finish!
I0302 02:02:17.526073 114606080 ProxyThread.cpp:514] get login server list finish!
I0302 02:02:17.526079 114606080 ProxyThread.cpp:572] get customer server list finish!
W0302 02:02:24.548386 114606080 ServerMgr.cpp:60] repeated add login server, login server id:10
W0302 02:39:20.036978 114606080 ProxyThread.cpp:133] game server is disconnect, after 3s will be reconnect!, server id: 100
W0302 02:39:20.037665 114606080 ProxyThread.cpp:133] login server is disconnect, after 3s will be reconnect!, server id: 10
W0302 02:39:20.037729 114606080 ProxyThread.cpp:138] db server is disconnect, after 3s will be reconnect!
W0302 02:39:20.037796 114606080 ProxyThread.cpp:114] center server is disconnect, after 3s will be reconnect!
W0302 02:39:23.523967 362300864 NetModule.cpp:723] ready reconnect server, server id: 10
W0302 02:39:23.524071 362300864 NetModule.cpp:723] ready reconnect server, server id: 100
W0302 02:39:23.524154 362300864 NetModule.cpp:723] ready reconnect server, server id: 0
W0302 02:39:23.524231 362300864 NetModule.cpp:723] ready reconnect server, server id: 1
I0302 02:39:23.524305 362300864 NetConnector.cpp:216] connect to: 0.0.0.0:7001 success! 
I0302 02:39:23.524319 362300864 NetConnector.cpp:216] connect to: 0.0.0.0:9100 success! 
I0302 02:39:23.524330 362300864 NetConnector.cpp:216] connect to: 0.0.0.0:5001 success! 
I0302 02:39:23.524340 362300864 NetConnector.cpp:216] connect to: 0.0.0.0:6001 success! 
I0302 02:39:23.526675 114606080 ProxyThread.cpp:76] connect to login server succ, server id:10
I0302 02:39:23.526692 114606080 ProxyThread.cpp:86] connect to game server succ, server id:100
I0302 02:39:23.526700 114606080 ProxyThread.cpp:66] connect to center server succ.
I0302 02:39:23.526706 114606080 ProxyThread.cpp:92] connect to db server succ
W0302 02:39:23.554318 114606080 ServerMgr.cpp:17] repeated add game server, game server id:100
I0302 02:39:23.554369 114606080 ProxyThread.cpp:543] get game server list finish!
I0302 02:39:23.554376 114606080 ProxyThread.cpp:514] get login server list finish!
I0302 02:39:23.554383 114606080 ProxyThread.cpp:572] get customer server list finish!
W0302 02:39:30.587288 114606080 ServerMgr.cpp:60] repeated add login server, login server id:10
W0302 03:22:46.044993 114606080 ProxyThread.cpp:133] game server is disconnect, after 3s will be reconnect!, server id: 100
W0302 03:22:46.045575 114606080 ProxyThread.cpp:138] db server is disconnect, after 3s will be reconnect!
W0302 03:22:46.045614 114606080 ProxyThread.cpp:114] center server is disconnect, after 3s will be reconnect!
W0302 03:22:46.045645 114606080 ProxyThread.cpp:133] login server is disconnect, after 3s will be reconnect!, server id: 10
W0302 03:22:49.533263 362300864 NetModule.cpp:723] ready reconnect server, server id: 10
W0302 03:22:49.533363 362300864 NetModule.cpp:723] ready reconnect server, server id: 100
W0302 03:22:49.533437 362300864 NetModule.cpp:723] ready reconnect server, server id: 0
W0302 03:22:49.533507 362300864 NetModule.cpp:723] ready reconnect server, server id: 1
I0302 03:22:49.533569 362300864 NetConnector.cpp:216] connect to: 0.0.0.0:7001 success! 
I0302 03:22:49.533579 362300864 NetConnector.cpp:216] connect to: 0.0.0.0:9100 success! 
I0302 03:22:49.533588 362300864 NetConnector.cpp:216] connect to: 0.0.0.0:5001 success! 
I0302 03:22:49.533596 362300864 NetConnector.cpp:216] connect to: 0.0.0.0:6001 success! 
I0302 03:22:49.536180 114606080 ProxyThread.cpp:76] connect to login server succ, server id:10
I0302 03:22:49.536217 114606080 ProxyThread.cpp:86] connect to game server succ, server id:100
I0302 03:22:49.536224 114606080 ProxyThread.cpp:66] connect to center server succ.
I0302 03:22:49.536229 114606080 ProxyThread.cpp:92] connect to db server succ
W0302 03:22:49.579159 114606080 ServerMgr.cpp:17] repeated add game server, game server id:100
I0302 03:22:49.579212 114606080 ProxyThread.cpp:543] get game server list finish!
I0302 03:22:49.579221 114606080 ProxyThread.cpp:514] get login server list finish!
I0302 03:22:49.579226 114606080 ProxyThread.cpp:572] get customer server list finish!
W0302 03:22:56.597447 114606080 ServerMgr.cpp:60] repeated add login server, login server id:10
W0302 04:04:07.068645 114606080 ProxyThread.cpp:138] db server is disconnect, after 3s will be reconnect!
W0302 04:04:07.069216 114606080 ProxyThread.cpp:114] center server is disconnect, after 3s will be reconnect!
W0302 04:04:07.069242 114606080 ProxyThread.cpp:133] login server is disconnect, after 3s will be reconnect!, server id: 10
W0302 04:04:07.069264 114606080 ProxyThread.cpp:133] game server is disconnect, after 3s will be reconnect!, server id: 100
W0302 04:04:10.545485 362300864 NetModule.cpp:723] ready reconnect server, server id: 10
W0302 04:04:10.545617 362300864 NetModule.cpp:723] ready reconnect server, server id: 100
W0302 04:04:10.545713 362300864 NetModule.cpp:723] ready reconnect server, server id: 0
W0302 04:04:10.545811 362300864 NetModule.cpp:723] ready reconnect server, server id: 1
I0302 04:04:10.545864 362300864 NetConnector.cpp:216] connect to: 0.0.0.0:7001 success! 
I0302 04:04:10.545877 362300864 NetConnector.cpp:216] connect to: 0.0.0.0:9100 success! 
I0302 04:04:10.545886 362300864 NetConnector.cpp:216] connect to: 0.0.0.0:5001 success! 
I0302 04:04:10.545897 362300864 NetConnector.cpp:216] connect to: 0.0.0.0:6001 success! 
I0302 04:04:10.548107 114606080 ProxyThread.cpp:76] connect to login server succ, server id:10
I0302 04:04:10.548125 114606080 ProxyThread.cpp:86] connect to game server succ, server id:100
I0302 04:04:10.548133 114606080 ProxyThread.cpp:66] connect to center server succ.
I0302 04:04:10.548140 114606080 ProxyThread.cpp:92] connect to db server succ
W0302 04:04:10.593863 114606080 ServerMgr.cpp:17] repeated add game server, game server id:100
I0302 04:04:10.593915 114606080 ProxyThread.cpp:543] get game server list finish!
I0302 04:04:10.593922 114606080 ProxyThread.cpp:514] get login server list finish!
I0302 04:04:10.593928 114606080 ProxyThread.cpp:572] get customer server list finish!
W0302 04:04:17.110663 114606080 ServerMgr.cpp:60] repeated add login server, login server id:10
W0302 04:47:51.076076 114606080 ProxyThread.cpp:133] game server is disconnect, after 3s will be reconnect!, server id: 100
W0302 04:47:51.076525 114606080 ProxyThread.cpp:138] db server is disconnect, after 3s will be reconnect!
W0302 04:47:51.076568 114606080 ProxyThread.cpp:133] login server is disconnect, after 3s will be reconnect!, server id: 10
W0302 04:47:51.077033 114606080 ProxyThread.cpp:114] center server is disconnect, after 3s will be reconnect!
W0302 04:47:54.566170 362300864 NetModule.cpp:723] ready reconnect server, server id: 10
W0302 04:47:54.566314 362300864 NetModule.cpp:723] ready reconnect server, server id: 100
W0302 04:47:54.566402 362300864 NetModule.cpp:723] ready reconnect server, server id: 0
W0302 04:47:54.566516 362300864 NetModule.cpp:723] ready reconnect server, server id: 1
I0302 04:47:54.566596 362300864 NetConnector.cpp:216] connect to: 0.0.0.0:7001 success! 
I0302 04:47:54.566615 362300864 NetConnector.cpp:216] connect to: 0.0.0.0:9100 success! 
I0302 04:47:54.566630 362300864 NetConnector.cpp:216] connect to: 0.0.0.0:5001 success! 
I0302 04:47:54.566640 362300864 NetConnector.cpp:216] connect to: 0.0.0.0:6001 success! 
I0302 04:47:54.568367 114606080 ProxyThread.cpp:76] connect to login server succ, server id:10
I0302 04:47:54.568387 114606080 ProxyThread.cpp:86] connect to game server succ, server id:100
I0302 04:47:54.568394 114606080 ProxyThread.cpp:66] connect to center server succ.
I0302 04:47:54.568399 114606080 ProxyThread.cpp:92] connect to db server succ
W0302 04:47:54.588702 114606080 ServerMgr.cpp:17] repeated add game server, game server id:100
I0302 04:47:54.588749 114606080 ProxyThread.cpp:543] get game server list finish!
I0302 04:47:54.588757 114606080 ProxyThread.cpp:514] get login server list finish!
I0302 04:47:54.588762 114606080 ProxyThread.cpp:572] get customer server list finish!
W0302 04:48:01.119645 114606080 ServerMgr.cpp:60] repeated add login server, login server id:10
W0302 05:26:55.093107 114606080 ProxyThread.cpp:133] game server is disconnect, after 3s will be reconnect!, server id: 100
W0302 05:26:55.093837 114606080 ProxyThread.cpp:133] login server is disconnect, after 3s will be reconnect!, server id: 10
W0302 05:26:55.093899 114606080 ProxyThread.cpp:138] db server is disconnect, after 3s will be reconnect!
W0302 05:26:55.093932 114606080 ProxyThread.cpp:114] center server is disconnect, after 3s will be reconnect!
W0302 05:26:58.584798 362300864 NetModule.cpp:723] ready reconnect server, server id: 10
W0302 05:26:58.584937 362300864 NetModule.cpp:723] ready reconnect server, server id: 100
W0302 05:26:58.585022 362300864 NetModule.cpp:723] ready reconnect server, server id: 0
W0302 05:26:58.585089 362300864 NetModule.cpp:723] ready reconnect server, server id: 1
I0302 05:26:58.585151 362300864 NetConnector.cpp:216] connect to: 0.0.0.0:7001 success! 
I0302 05:26:58.585163 362300864 NetConnector.cpp:216] connect to: 0.0.0.0:9100 success! 
I0302 05:26:58.585171 362300864 NetConnector.cpp:216] connect to: 0.0.0.0:5001 success! 
I0302 05:26:58.585180 362300864 NetConnector.cpp:216] connect to: 0.0.0.0:6001 success! 
I0302 05:26:58.587347 114606080 ProxyThread.cpp:76] connect to login server succ, server id:10
I0302 05:26:58.587378 114606080 ProxyThread.cpp:86] connect to game server succ, server id:100
I0302 05:26:58.587393 114606080 ProxyThread.cpp:66] connect to center server succ.
I0302 05:26:58.587399 114606080 ProxyThread.cpp:92] connect to db server succ
W0302 05:26:58.611594 114606080 ServerMgr.cpp:17] repeated add game server, game server id:100
I0302 05:26:58.611636 114606080 ProxyThread.cpp:543] get game server list finish!
I0302 05:26:58.611644 114606080 ProxyThread.cpp:514] get login server list finish!
I0302 05:26:58.611649 114606080 ProxyThread.cpp:572] get customer server list finish!
W0302 05:27:05.655769 114606080 ServerMgr.cpp:60] repeated add login server, login server id:10
W0302 06:08:56.112712 114606080 ProxyThread.cpp:133] game server is disconnect, after 3s will be reconnect!, server id: 100
W0302 06:08:56.113174 114606080 ProxyThread.cpp:133] login server is disconnect, after 3s will be reconnect!, server id: 10
W0302 06:08:56.113203 114606080 ProxyThread.cpp:138] db server is disconnect, after 3s will be reconnect!
W0302 06:08:56.113221 114606080 ProxyThread.cpp:114] center server is disconnect, after 3s will be reconnect!
W0302 06:08:59.600839 362300864 NetModule.cpp:723] ready reconnect server, server id: 10
W0302 06:08:59.600973 362300864 NetModule.cpp:723] ready reconnect server, server id: 100
W0302 06:08:59.601075 362300864 NetModule.cpp:723] ready reconnect server, server id: 0
W0302 06:08:59.601172 362300864 NetModule.cpp:723] ready reconnect server, server id: 1
I0302 06:08:59.601229 362300864 NetConnector.cpp:216] connect to: 0.0.0.0:7001 success! 
I0302 06:08:59.601241 362300864 NetConnector.cpp:216] connect to: 0.0.0.0:9100 success! 
I0302 06:08:59.601253 362300864 NetConnector.cpp:216] connect to: 0.0.0.0:5001 success! 
I0302 06:08:59.601266 362300864 NetConnector.cpp:216] connect to: 0.0.0.0:6001 success! 
I0302 06:08:59.601302 114606080 ProxyThread.cpp:76] connect to login server succ, server id:10
I0302 06:08:59.601318 114606080 ProxyThread.cpp:86] connect to game server succ, server id:100
I0302 06:08:59.601338 114606080 ProxyThread.cpp:66] connect to center server succ.
I0302 06:08:59.601344 114606080 ProxyThread.cpp:92] connect to db server succ
W0302 06:08:59.655685 114606080 ServerMgr.cpp:17] repeated add game server, game server id:100
I0302 06:08:59.655750 114606080 ProxyThread.cpp:543] get game server list finish!
I0302 06:08:59.655757 114606080 ProxyThread.cpp:514] get login server list finish!
I0302 06:08:59.655762 114606080 ProxyThread.cpp:572] get customer server list finish!
W0302 06:09:06.673815 114606080 ServerMgr.cpp:60] repeated add login server, login server id:10
W0302 06:50:12.121850 114606080 ProxyThread.cpp:114] center server is disconnect, after 3s will be reconnect!
W0302 06:50:12.128312 114606080 ProxyThread.cpp:138] db server is disconnect, after 3s will be reconnect!
W0302 06:50:12.128356 114606080 ProxyThread.cpp:133] login server is disconnect, after 3s will be reconnect!, server id: 10
W0302 06:50:12.130447 114606080 ProxyThread.cpp:133] game server is disconnect, after 3s will be reconnect!, server id: 100
W0302 06:50:15.610697 362300864 NetModule.cpp:723] ready reconnect server, server id: 10
W0302 06:50:15.610801 362300864 NetModule.cpp:723] ready reconnect server, server id: 100
W0302 06:50:15.610882 362300864 NetModule.cpp:723] ready reconnect server, server id: 0
W0302 06:50:15.610958 362300864 NetModule.cpp:723] ready reconnect server, server id: 1
I0302 06:50:15.611022 362300864 NetConnector.cpp:216] connect to: 0.0.0.0:7001 success! 
I0302 06:50:15.611034 362300864 NetConnector.cpp:216] connect to: 0.0.0.0:9100 success! 
I0302 06:50:15.611044 362300864 NetConnector.cpp:216] connect to: 0.0.0.0:5001 success! 
I0302 06:50:15.611053 362300864 NetConnector.cpp:216] connect to: 0.0.0.0:6001 success! 
I0302 06:50:15.613618 114606080 ProxyThread.cpp:76] connect to login server succ, server id:10
I0302 06:50:15.613632 114606080 ProxyThread.cpp:86] connect to game server succ, server id:100
I0302 06:50:15.613641 114606080 ProxyThread.cpp:66] connect to center server succ.
I0302 06:50:15.613646 114606080 ProxyThread.cpp:92] connect to db server succ
W0302 06:50:15.658375 114606080 ServerMgr.cpp:17] repeated add game server, game server id:100
I0302 06:50:15.658429 114606080 ProxyThread.cpp:543] get game server list finish!
I0302 06:50:15.658437 114606080 ProxyThread.cpp:514] get login server list finish!
I0302 06:50:15.658442 114606080 ProxyThread.cpp:572] get customer server list finish!
W0302 06:50:22.170552 114606080 ServerMgr.cpp:60] repeated add login server, login server id:10
W0302 07:34:32.129163 114606080 ProxyThread.cpp:133] game server is disconnect, after 3s will be reconnect!, server id: 100
W0302 07:34:32.129809 114606080 ProxyThread.cpp:133] login server is disconnect, after 3s will be reconnect!, server id: 10
W0302 07:34:32.129853 114606080 ProxyThread.cpp:138] db server is disconnect, after 3s will be reconnect!
W0302 07:34:32.129884 114606080 ProxyThread.cpp:114] center server is disconnect, after 3s will be reconnect!
W0302 07:34:35.621489 362300864 NetModule.cpp:723] ready reconnect server, server id: 10
W0302 07:34:35.621762 362300864 NetModule.cpp:723] ready reconnect server, server id: 100
W0302 07:34:35.622072 362300864 NetModule.cpp:723] ready reconnect server, server id: 0
W0302 07:34:35.622321 362300864 NetModule.cpp:723] ready reconnect server, server id: 1
I0302 07:34:35.622432 362300864 NetConnector.cpp:216] connect to: 0.0.0.0:7001 success! 
I0302 07:34:35.622454 362300864 NetConnector.cpp:216] connect to: 0.0.0.0:9100 success! 
I0302 07:34:35.622473 362300864 NetConnector.cpp:216] connect to: 0.0.0.0:5001 success! 
I0302 07:34:35.622489 362300864 NetConnector.cpp:216] connect to: 0.0.0.0:6001 success! 
I0302 07:34:35.623211 114606080 ProxyThread.cpp:76] connect to login server succ, server id:10
I0302 07:34:35.623260 114606080 ProxyThread.cpp:86] connect to game server succ, server id:100
I0302 07:34:35.623282 114606080 ProxyThread.cpp:66] connect to center server succ.
I0302 07:34:35.623291 114606080 ProxyThread.cpp:92] connect to db server succ
W0302 07:34:35.653638 114606080 ServerMgr.cpp:17] repeated add game server, game server id:100
I0302 07:34:35.653687 114606080 ProxyThread.cpp:543] get game server list finish!
I0302 07:34:35.653695 114606080 ProxyThread.cpp:514] get login server list finish!
I0302 07:34:35.653702 114606080 ProxyThread.cpp:572] get customer server list finish!
W0302 07:34:42.210181 114606080 ServerMgr.cpp:60] repeated add login server, login server id:10
W0302 08:15:10.129037 114606080 ProxyThread.cpp:133] game server is disconnect, after 3s will be reconnect!, server id: 100
W0302 08:15:10.129725 114606080 ProxyThread.cpp:133] login server is disconnect, after 3s will be reconnect!, server id: 10
W0302 08:15:10.129753 114606080 ProxyThread.cpp:138] db server is disconnect, after 3s will be reconnect!
W0302 08:15:10.129771 114606080 ProxyThread.cpp:114] center server is disconnect, after 3s will be reconnect!
W0302 08:15:13.627501 362300864 NetModule.cpp:723] ready reconnect server, server id: 10
W0302 08:15:13.627661 362300864 NetModule.cpp:723] ready reconnect server, server id: 100
W0302 08:15:13.627786 362300864 NetModule.cpp:723] ready reconnect server, server id: 0
W0302 08:15:13.627939 362300864 NetModule.cpp:723] ready reconnect server, server id: 1
I0302 08:15:13.628015 362300864 NetConnector.cpp:216] connect to: 0.0.0.0:7001 success! 
I0302 08:15:13.628032 362300864 NetConnector.cpp:216] connect to: 0.0.0.0:9100 success! 
I0302 08:15:13.628046 362300864 NetConnector.cpp:216] connect to: 0.0.0.0:5001 success! 
I0302 08:15:13.628059 362300864 NetConnector.cpp:216] connect to: 0.0.0.0:6001 success! 
I0302 08:15:13.630340 114606080 ProxyThread.cpp:76] connect to login server succ, server id:10
I0302 08:15:13.630378 114606080 ProxyThread.cpp:86] connect to game server succ, server id:100
I0302 08:15:13.630391 114606080 ProxyThread.cpp:66] connect to center server succ.
I0302 08:15:13.630400 114606080 ProxyThread.cpp:92] connect to db server succ
W0302 08:15:13.677244 114606080 ServerMgr.cpp:17] repeated add game server, game server id:100
I0302 08:15:13.677299 114606080 ProxyThread.cpp:543] get game server list finish!
I0302 08:15:13.677305 114606080 ProxyThread.cpp:514] get login server list finish!
I0302 08:15:13.677311 114606080 ProxyThread.cpp:572] get customer server list finish!
W0302 08:15:20.190207 114606080 ServerMgr.cpp:60] repeated add login server, login server id:10
W0302 08:52:33.170421 114606080 ProxyThread.cpp:138] db server is disconnect, after 3s will be reconnect!
W0302 08:52:33.171953 114606080 ProxyThread.cpp:114] center server is disconnect, after 3s will be reconnect!
W0302 08:52:33.172046 114606080 ProxyThread.cpp:133] login server is disconnect, after 3s will be reconnect!, server id: 10
W0302 08:52:33.174382 114606080 ProxyThread.cpp:133] game server is disconnect, after 3s will be reconnect!, server id: 100
W0302 08:52:36.667563 362300864 NetModule.cpp:723] ready reconnect server, server id: 10
W0302 08:52:36.667906 362300864 NetModule.cpp:723] ready reconnect server, server id: 100
W0302 08:52:36.668195 362300864 NetModule.cpp:723] ready reconnect server, server id: 0
W0302 08:52:36.668473 362300864 NetModule.cpp:723] ready reconnect server, server id: 1
I0302 08:52:36.668627 362300864 NetConnector.cpp:216] connect to: 0.0.0.0:7001 success! 
I0302 08:52:36.668660 362300864 NetConnector.cpp:216] connect to: 0.0.0.0:9100 success! 
I0302 08:52:36.668690 362300864 NetConnector.cpp:216] connect to: 0.0.0.0:5001 success! 
I0302 08:52:36.668715 362300864 NetConnector.cpp:216] connect to: 0.0.0.0:6001 success! 
I0302 08:52:36.669297 114606080 ProxyThread.cpp:76] connect to login server succ, server id:10
I0302 08:52:36.669323 114606080 ProxyThread.cpp:86] connect to game server succ, server id:100
I0302 08:52:36.669337 114606080 ProxyThread.cpp:66] connect to center server succ.
I0302 08:52:36.669344 114606080 ProxyThread.cpp:92] connect to db server succ
W0302 08:52:36.690552 114606080 ServerMgr.cpp:17] repeated add game server, game server id:100
I0302 08:52:36.690606 114606080 ProxyThread.cpp:543] get game server list finish!
I0302 08:52:36.690613 114606080 ProxyThread.cpp:514] get login server list finish!
I0302 08:52:36.690619 114606080 ProxyThread.cpp:572] get customer server list finish!
W0302 08:52:43.721813 114606080 ServerMgr.cpp:60] repeated add login server, login server id:10
W0302 09:37:17.173492 114606080 ProxyThread.cpp:138] db server is disconnect, after 3s will be reconnect!
W0302 09:37:17.174127 114606080 ProxyThread.cpp:133] login server is disconnect, after 3s will be reconnect!, server id: 10
W0302 09:37:17.174167 114606080 ProxyThread.cpp:114] center server is disconnect, after 3s will be reconnect!
W0302 09:37:17.174202 114606080 ProxyThread.cpp:133] game server is disconnect, after 3s will be reconnect!, server id: 100
W0302 09:37:20.651084 362300864 NetModule.cpp:723] ready reconnect server, server id: 10
W0302 09:37:20.651274 362300864 NetModule.cpp:723] ready reconnect server, server id: 100
W0302 09:37:20.651433 362300864 NetModule.cpp:723] ready reconnect server, server id: 0
W0302 09:37:20.651571 362300864 NetModule.cpp:723] ready reconnect server, server id: 1
I0302 09:37:20.651718 362300864 NetConnector.cpp:216] connect to: 0.0.0.0:7001 success! 
I0302 09:37:20.651741 362300864 NetConnector.cpp:216] connect to: 0.0.0.0:9100 success! 
I0302 09:37:20.651764 362300864 NetConnector.cpp:216] connect to: 0.0.0.0:5001 success! 
I0302 09:37:20.651782 362300864 NetConnector.cpp:216] connect to: 0.0.0.0:6001 success! 
I0302 09:37:20.653185 114606080 ProxyThread.cpp:76] connect to login server succ, server id:10
I0302 09:37:20.653229 114606080 ProxyThread.cpp:86] connect to game server succ, server id:100
I0302 09:37:20.653270 114606080 ProxyThread.cpp:66] connect to center server succ.
I0302 09:37:20.653278 114606080 ProxyThread.cpp:92] connect to db server succ
W0302 09:37:20.696939 114606080 ServerMgr.cpp:17] repeated add game server, game server id:100
I0302 09:37:20.696990 114606080 ProxyThread.cpp:543] get game server list finish!
I0302 09:37:20.696997 114606080 ProxyThread.cpp:514] get login server list finish!
I0302 09:37:20.697003 114606080 ProxyThread.cpp:572] get customer server list finish!
W0302 09:37:27.720778 114606080 ServerMgr.cpp:60] repeated add login server, login server id:10
W0302 09:54:45.556640 114606080 ProxyThread.cpp:133] login server is disconnect, after 3s will be reconnect!, server id: 10
W0302 09:54:45.557198 114606080 ProxyThread.cpp:114] center server is disconnect, after 3s will be reconnect!
W0302 09:54:45.557330 114606080 ProxyThread.cpp:138] db server is disconnect, after 3s will be reconnect!
W0302 09:54:45.557373 114606080 ProxyThread.cpp:133] game server is disconnect, after 3s will be reconnect!, server id: 100
W0302 09:54:49.033573 362300864 NetModule.cpp:723] ready reconnect server, server id: 10
W0302 09:54:49.033746 362300864 NetModule.cpp:723] ready reconnect server, server id: 100
W0302 09:54:49.033843 362300864 NetModule.cpp:723] ready reconnect server, server id: 0
W0302 09:54:49.033924 362300864 NetModule.cpp:723] ready reconnect server, server id: 1
I0302 09:54:49.033970 362300864 NetConnector.cpp:216] connect to: 0.0.0.0:7001 success! 
I0302 09:54:49.033982 362300864 NetConnector.cpp:216] connect to: 0.0.0.0:9100 success! 
I0302 09:54:49.033990 362300864 NetConnector.cpp:216] connect to: 0.0.0.0:5001 success! 
I0302 09:54:49.033999 362300864 NetConnector.cpp:216] connect to: 0.0.0.0:6001 success! 
I0302 09:54:49.035148 114606080 ProxyThread.cpp:76] connect to login server succ, server id:10
I0302 09:54:49.035168 114606080 ProxyThread.cpp:86] connect to game server succ, server id:100
I0302 09:54:49.035182 114606080 ProxyThread.cpp:66] connect to center server succ.
