W0402 15:07:22.878979 111775744 ServerMgr.cpp:140] remove game server, but the link is alive, game server id:991
W0402 15:07:22.880164 111775744 ServerMgr.cpp:145] remove one game server, game server id:991
I0402 15:09:01.130712 111775744 NetModule.cpp:220] add one connector: 127.0.0.1:9901 succeed...
W0402 15:09:01.131286 111775744 ServerMgr.cpp:40] add game server, game server id:991
I0402 15:09:01.137588 262047168 NetConnector.cpp:216] connect to: 127.0.0.1:9901 success! 
I0402 15:09:01.139763 111775744 ProxyThread.cpp:86] connect to game server succ, server id:991
W0402 15:15:52.958684 111775744 ServerMgr.cpp:140] remove game server, but the link is alive, game server id:991
W0402 15:15:52.960062 111775744 ServerMgr.cpp:145] remove one game server, game server id:991
I0402 15:20:58.391716 111775744 NetModule.cpp:220] add one connector: 127.0.0.1:9901 succeed...
W0402 15:20:58.392150 111775744 ServerMgr.cpp:40] add game server, game server id:991
I0402 15:20:58.725203 262047168 NetConnector.cpp:216] connect to: 127.0.0.1:9901 success! 
I0402 15:20:58.727584 111775744 ProxyThread.cpp:86] connect to game server succ, server id:991
W0402 15:23:18.045075 111775744 ProxyThread.cpp:133] game server is disconnect, after 3s will be reconnect!, server id: 991
I0402 15:23:18.046408 262047168 NetServer.cpp:88] delete io...192.168.10.173:52556
I0402 15:23:18.234150 262047168 NetServer.cpp:55] accept io...192.168.10.173:52557
W0402 15:23:21.631328 262047168 NetModule.cpp:723] ready reconnect server, server id: 991
I0402 15:23:21.631470 262047168 NetConnector.cpp:216] connect to: 127.0.0.1:9901 success! 
I0402 15:23:21.632990 111775744 ProxyThread.cpp:86] connect to game server succ, server id:991
W0402 15:46:52.304708 111775744 ProxyThread.cpp:133] game server is disconnect, after 3s will be reconnect!, server id: 991
I0402 15:46:52.320519 262047168 NetServer.cpp:88] delete io...192.168.10.173:52557
W0402 15:46:52.331591 111775744 ServerMgr.cpp:145] remove one game server, game server id:991
W0402 15:46:55.324805 111775744 ServerMgr.cpp:354] disconnect login or game server is remove or register again, no server reconnect...
W0402 15:47:18.178102 111775744 ProxyThread.cpp:138] db server is disconnect, after 3s will be reconnect!
W0402 15:47:21.590134 262047168 NetModule.cpp:723] ready reconnect server, server id: 1
W0402 15:47:21.590816 111775744 ProxyThread.cpp:138] db server is disconnect, after 3s will be reconnect!
W0402 15:47:25.092631 262047168 NetModule.cpp:723] ready reconnect server, server id: 1
W0402 15:47:25.095006 111775744 ProxyThread.cpp:138] db server is disconnect, after 3s will be reconnect!
W0402 15:47:28.601649 262047168 NetModule.cpp:723] ready reconnect server, server id: 1
W0402 15:47:28.602931 111775744 ProxyThread.cpp:138] db server is disconnect, after 3s will be reconnect!
W0402 15:47:32.111425 262047168 NetModule.cpp:723] ready reconnect server, server id: 1
W0402 15:47:32.113240 111775744 ProxyThread.cpp:138] db server is disconnect, after 3s will be reconnect!
W0402 15:47:35.620671 262047168 NetModule.cpp:723] ready reconnect server, server id: 1
W0402 15:47:35.622675 111775744 ProxyThread.cpp:138] db server is disconnect, after 3s will be reconnect!
W0402 15:47:39.127529 262047168 NetModule.cpp:723] ready reconnect server, server id: 1
W0402 15:47:39.129720 111775744 ProxyThread.cpp:138] db server is disconnect, after 3s will be reconnect!
W0402 15:47:42.636550 262047168 NetModule.cpp:723] ready reconnect server, server id: 1
W0402 15:47:42.638677 111775744 ProxyThread.cpp:138] db server is disconnect, after 3s will be reconnect!
W0402 15:47:46.143869 262047168 NetModule.cpp:723] ready reconnect server, server id: 1
W0402 15:47:46.145588 111775744 ProxyThread.cpp:138] db server is disconnect, after 3s will be reconnect!
W0402 15:47:49.650925 262047168 NetModule.cpp:723] ready reconnect server, server id: 1
W0402 15:47:49.652004 111775744 ProxyThread.cpp:138] db server is disconnect, after 3s will be reconnect!
W0402 15:47:53.163172 262047168 NetModule.cpp:723] ready reconnect server, server id: 1
W0402 15:47:53.163444 111775744 ProxyThread.cpp:138] db server is disconnect, after 3s will be reconnect!
W0402 15:47:56.672622 262047168 NetModule.cpp:723] ready reconnect server, server id: 1
W0402 15:47:56.674178 111775744 ProxyThread.cpp:138] db server is disconnect, after 3s will be reconnect!
W0402 15:48:00.187546 262047168 NetConnector.cpp:287] open connect: 0.0.0.0:6001 fail.
W0402 15:48:00.187628 262047168 NetModule.cpp:723] ready reconnect server, server id: 1
W0402 15:48:00.188727 111775744 ProxyThread.cpp:138] db server is disconnect, after 3s will be reconnect!
W0402 15:48:03.691334 262047168 NetModule.cpp:723] ready reconnect server, server id: 1
W0402 15:48:03.693096 111775744 ProxyThread.cpp:138] db server is disconnect, after 3s will be reconnect!
W0402 15:48:07.199786 262047168 NetModule.cpp:723] ready reconnect server, server id: 1
W0402 15:48:07.200356 111775744 ProxyThread.cpp:138] db server is disconnect, after 3s will be reconnect!
W0402 15:48:10.704691 262047168 NetModule.cpp:723] ready reconnect server, server id: 1
W0402 15:48:10.706575 111775744 ProxyThread.cpp:138] db server is disconnect, after 3s will be reconnect!
W0402 15:48:14.218230 262047168 NetModule.cpp:723] ready reconnect server, server id: 1
I0402 15:48:14.218307 262047168 NetConnector.cpp:216] connect to: 127.0.0.1:6001 success! 
I0402 15:48:14.219581 111775744 ProxyThread.cpp:92] connect to db server succ
I0402 15:48:17.075053 262047168 NetServer.cpp:55] accept io...192.168.10.173:52558
I0402 15:48:29.460933 111775744 NetModule.cpp:220] add one connector: 127.0.0.1:9901 succeed...
W0402 15:48:29.461016 111775744 ServerMgr.cpp:40] add game server, game server id:991
I0402 15:48:29.758065 262047168 NetConnector.cpp:216] connect to: 127.0.0.1:9901 success! 
I0402 15:48:29.759064 111775744 ProxyThread.cpp:86] connect to game server succ, server id:991
W0402 15:48:58.136273 111775744 ProxyThread.cpp:908] can not find hall user!, user id: 0, main id: 25, sub id: 25064
W0402 15:48:58.136381 111775744 ProxyThread.cpp:908] can not find hall user!, user id: 0, main id: 25, sub id: 25064
W0402 15:48:58.136430 111775744 ProxyThread.cpp:908] can not find hall user!, user id: 0, main id: 25, sub id: 25064
W0402 15:48:58.136471 111775744 ProxyThread.cpp:908] can not find hall user!, user id: 0, main id: 25, sub id: 25064
W0402 15:48:58.136512 111775744 ProxyThread.cpp:908] can not find hall user!, user id: 0, main id: 25, sub id: 25064
I0402 15:50:32.846298 262047168 NetServer.cpp:88] delete io...192.168.10.173:52558
I0402 15:53:27.157271 262047168 NetServer.cpp:55] accept io...192.168.10.173:52559
W0402 15:59:18.469012 111775744 ProxyThread.cpp:138] db server is disconnect, after 3s will be reconnect!
W0402 15:59:21.770190 262047168 NetModule.cpp:723] ready reconnect server, server id: 1
I0402 15:59:21.770305 262047168 NetConnector.cpp:216] connect to: 127.0.0.1:6001 success! 
I0402 15:59:21.770985 111775744 ProxyThread.cpp:92] connect to db server succ
W0402 15:59:56.142608 111775744 ProxyThread.cpp:908] can not find hall user!, user id: 0, main id: 25, sub id: 25064
W0402 15:59:56.142743 111775744 ProxyThread.cpp:908] can not find hall user!, user id: 0, main id: 25, sub id: 25064
W0402 15:59:56.142791 111775744 ProxyThread.cpp:908] can not find hall user!, user id: 0, main id: 25, sub id: 25064
W0402 15:59:56.142832 111775744 ProxyThread.cpp:908] can not find hall user!, user id: 0, main id: 25, sub id: 25064
W0402 15:59:56.142871 111775744 ProxyThread.cpp:908] can not find hall user!, user id: 0, main id: 25, sub id: 25064
W0402 16:10:27.076010 111775744 ProxyThread.cpp:133] game server is disconnect, after 3s will be reconnect!, server id: 991
I0402 16:10:27.088428 262047168 NetServer.cpp:88] delete io...192.168.10.173:52559
W0402 16:10:27.093685 111775744 ServerMgr.cpp:145] remove one game server, game server id:991
I0402 16:10:27.277503 262047168 NetServer.cpp:55] accept io...192.168.10.173:52560
W0402 16:10:30.105103 111775744 ServerMgr.cpp:354] disconnect login or game server is remove or register again, no server reconnect...
I0402 16:10:41.165448 111775744 NetModule.cpp:220] add one connector: 127.0.0.1:9901 succeed...
W0402 16:10:41.165540 111775744 ServerMgr.cpp:40] add game server, game server id:991
I0402 16:10:41.188000 262047168 NetConnector.cpp:216] connect to: 127.0.0.1:9901 success! 
I0402 16:10:41.188933 111775744 ProxyThread.cpp:86] connect to game server succ, server id:991
W0402 16:11:13.064082 111775744 ProxyThread.cpp:133] game server is disconnect, after 3s will be reconnect!, server id: 991
I0402 16:11:13.077698 262047168 NetServer.cpp:88] delete io...192.168.10.173:52560
W0402 16:11:13.078105 111775744 ServerMgr.cpp:145] remove one game server, game server id:991
W0402 16:11:16.082638 111775744 ServerMgr.cpp:354] disconnect login or game server is remove or register again, no server reconnect...
I0402 16:11:33.277467 111775744 NetModule.cpp:220] add one connector: 127.0.0.1:9901 succeed...
W0402 16:11:33.277490 111775744 ServerMgr.cpp:40] add game server, game server id:991
I0402 16:11:33.348438 262047168 NetConnector.cpp:216] connect to: 127.0.0.1:9901 success! 
I0402 16:11:33.349440 111775744 ProxyThread.cpp:86] connect to game server succ, server id:991
I0402 16:11:44.198007 262047168 NetServer.cpp:55] accept io...192.168.10.173:52561
W0402 16:23:34.063580 111775744 ProxyThread.cpp:133] game server is disconnect, after 3s will be reconnect!, server id: 991
I0402 16:23:34.066129 262047168 NetServer.cpp:88] delete io...192.168.10.173:52561
W0402 16:23:34.083155 111775744 ServerMgr.cpp:145] remove one game server, game server id:991
I0402 16:23:34.246268 262047168 NetServer.cpp:55] accept io...192.168.10.173:52562
W0402 16:23:37.092466 111775744 ServerMgr.cpp:354] disconnect login or game server is remove or register again, no server reconnect...
I0402 16:23:57.943384 111775744 NetModule.cpp:220] add one connector: 127.0.0.1:9901 succeed...
W0402 16:23:57.943421 111775744 ServerMgr.cpp:40] add game server, game server id:991
I0402 16:23:58.007434 111775744 ProxyThread.cpp:86] connect to game server succ, server id:991
I0402 16:23:58.009054 262047168 NetConnector.cpp:216] connect to: 127.0.0.1:9901 success! 
W0402 16:25:11.554715 111775744 ProxyThread.cpp:133] game server is disconnect, after 3s will be reconnect!, server id: 991
W0402 16:25:11.570461 111775744 ServerMgr.cpp:145] remove one game server, game server id:991
I0402 16:25:11.573207 262047168 NetServer.cpp:88] delete io...192.168.10.173:52562
I0402 16:25:11.838373 262047168 NetServer.cpp:55] accept io...192.168.10.173:52563
W0402 16:25:14.626123 111775744 ServerMgr.cpp:354] disconnect login or game server is remove or register again, no server reconnect...
I0402 16:25:37.419116 111775744 NetModule.cpp:220] add one connector: 127.0.0.1:9901 succeed...
W0402 16:25:37.419155 111775744 ServerMgr.cpp:40] add game server, game server id:991
I0402 16:25:37.801276 262047168 NetConnector.cpp:216] connect to: 127.0.0.1:9901 success! 
I0402 16:25:37.802479 111775744 ProxyThread.cpp:86] connect to game server succ, server id:991
W0402 16:26:23.142151 111775744 ProxyThread.cpp:133] game server is disconnect, after 3s will be reconnect!, server id: 991
I0402 16:26:23.149019 262047168 NetServer.cpp:88] delete io...192.168.10.173:52563
W0402 16:26:23.150015 111775744 ServerMgr.cpp:145] remove one game server, game server id:991
W0402 16:26:26.168545 111775744 ServerMgr.cpp:354] disconnect login or game server is remove or register again, no server reconnect...
I0402 16:26:39.112246 111775744 NetModule.cpp:220] add one connector: 127.0.0.1:9901 succeed...
W0402 16:26:39.112272 111775744 ServerMgr.cpp:40] add game server, game server id:991
I0402 16:26:39.498637 262047168 NetConnector.cpp:216] connect to: 127.0.0.1:9901 success! 
I0402 16:26:39.499296 111775744 ProxyThread.cpp:86] connect to game server succ, server id:991
I0402 16:26:42.907256 262047168 NetServer.cpp:55] accept io...192.168.10.173:52564
W0402 16:33:10.575655 111775744 ProxyThread.cpp:133] game server is disconnect, after 3s will be reconnect!, server id: 991
W0402 16:33:10.582290 111775744 ServerMgr.cpp:145] remove one game server, game server id:991
I0402 16:33:10.586506 262047168 NetServer.cpp:88] delete io...192.168.10.173:52564
I0402 16:33:10.772300 262047168 NetServer.cpp:55] accept io...192.168.10.173:52571
W0402 16:33:13.638643 111775744 ServerMgr.cpp:354] disconnect login or game server is remove or register again, no server reconnect...
I0402 16:33:30.835896 111775744 NetModule.cpp:220] add one connector: 127.0.0.1:9901 succeed...
W0402 16:33:30.835924 111775744 ServerMgr.cpp:40] add game server, game server id:991
I0402 16:33:31.141243 262047168 NetConnector.cpp:216] connect to: 127.0.0.1:9901 success! 
I0402 16:33:31.144116 111775744 ProxyThread.cpp:86] connect to game server succ, server id:991
W0402 16:34:19.723012 111775744 ProxyThread.cpp:133] game server is disconnect, after 3s will be reconnect!, server id: 991
I0402 16:34:19.726204 262047168 NetServer.cpp:88] delete io...192.168.10.173:52571
W0402 16:34:19.737501 111775744 ServerMgr.cpp:145] remove one game server, game server id:991
I0402 16:34:19.886474 262047168 NetServer.cpp:55] accept io...192.168.10.173:52572
W0402 16:34:22.807611 111775744 ServerMgr.cpp:354] disconnect login or game server is remove or register again, no server reconnect...
I0402 16:37:30.846719 111775744 NetModule.cpp:220] add one connector: 127.0.0.1:9901 succeed...
W0402 16:37:30.848104 111775744 ServerMgr.cpp:40] add game server, game server id:991
I0402 16:37:31.324034 262047168 NetConnector.cpp:216] connect to: 127.0.0.1:9901 success! 
I0402 16:37:31.325774 111775744 ProxyThread.cpp:86] connect to game server succ, server id:991
W0402 17:02:15.735215 111775744 ProxyThread.cpp:133] game server is disconnect, after 3s will be reconnect!, server id: 991
W0402 17:02:15.735821 111775744 ServerMgr.cpp:145] remove one game server, game server id:991
I0402 17:02:15.741916 262047168 NetServer.cpp:88] delete io...192.168.10.173:52572
W0402 17:02:18.806473 111775744 ServerMgr.cpp:354] disconnect login or game server is remove or register again, no server reconnect...
I0402 17:03:04.312827 111775744 NetModule.cpp:220] add one connector: 127.0.0.1:9901 succeed...
W0402 17:03:04.313176 111775744 ServerMgr.cpp:40] add game server, game server id:991
I0402 17:03:04.614784 262047168 NetConnector.cpp:216] connect to: 127.0.0.1:9901 success! 
I0402 17:03:04.616909 111775744 ProxyThread.cpp:86] connect to game server succ, server id:991
I0402 17:08:45.938565 262047168 NetServer.cpp:55] accept io...192.168.10.173:52573
W0402 17:14:49.148777 111775744 ProxyThread.cpp:133] game server is disconnect, after 3s will be reconnect!, server id: 991
I0402 17:14:49.151501 262047168 NetServer.cpp:88] delete io...192.168.10.173:52573
W0402 17:14:49.163143 111775744 ServerMgr.cpp:145] remove one game server, game server id:991
I0402 17:14:49.370251 262047168 NetServer.cpp:55] accept io...192.168.10.173:52574
W0402 17:14:52.227335 111775744 ServerMgr.cpp:354] disconnect login or game server is remove or register again, no server reconnect...
I0402 17:15:03.263648 111775744 NetModule.cpp:220] add one connector: 127.0.0.1:9901 succeed...
W0402 17:15:03.263689 111775744 ServerMgr.cpp:40] add game server, game server id:991
I0402 17:15:03.481142 262047168 NetConnector.cpp:216] connect to: 127.0.0.1:9901 success! 
I0402 17:15:03.481611 111775744 ProxyThread.cpp:86] connect to game server succ, server id:991
W0402 17:15:37.959281 111775744 ProxyThread.cpp:133] game server is disconnect, after 3s will be reconnect!, server id: 991
W0402 17:15:37.969200 111775744 ServerMgr.cpp:145] remove one game server, game server id:991
I0402 17:15:37.978160 262047168 NetServer.cpp:88] delete io...192.168.10.173:52574
I0402 17:15:38.205657 262047168 NetServer.cpp:55] accept io...192.168.10.173:52575
W0402 17:15:41.029273 111775744 ServerMgr.cpp:354] disconnect login or game server is remove or register again, no server reconnect...
I0402 17:16:04.350138 111775744 NetModule.cpp:220] add one connector: 127.0.0.1:9901 succeed...
W0402 17:16:04.350168 111775744 ServerMgr.cpp:40] add game server, game server id:991
I0402 17:16:04.671631 262047168 NetConnector.cpp:216] connect to: 127.0.0.1:9901 success! 
I0402 17:16:04.675344 111775744 ProxyThread.cpp:86] connect to game server succ, server id:991
I0402 17:21:41.138612 262047168 NetServer.cpp:88] delete io...192.168.10.173:52575
W0402 17:21:55.599359 111775744 ProxyThread.cpp:133] game server is disconnect, after 3s will be reconnect!, server id: 991
W0402 17:21:55.623747 111775744 ServerMgr.cpp:145] remove one game server, game server id:991
W0402 17:21:58.618342 111775744 ServerMgr.cpp:354] disconnect login or game server is remove or register again, no server reconnect...
I0402 17:22:30.602005 111775744 NetModule.cpp:220] add one connector: 127.0.0.1:9901 succeed...
W0402 17:22:30.602154 111775744 ServerMgr.cpp:40] add game server, game server id:991
I0402 17:22:30.845289 262047168 NetConnector.cpp:216] connect to: 127.0.0.1:9901 success! 
I0402 17:22:30.845398 111775744 ProxyThread.cpp:86] connect to game server succ, server id:991
I0402 17:22:35.545728 262047168 NetServer.cpp:55] accept io...192.168.10.173:52576
I0402 17:56:34.589632 262047168 NetServer.cpp:88] delete io...192.168.10.173:52576
I0402 19:39:16.533984 262047168 NetServer.cpp:55] accept io...192.168.10.173:52598
I0402 21:29:44.088640 262047168 NetServer.cpp:88] delete io...192.168.10.173:52598
I0403 10:07:29.247622 262047168 NetServer.cpp:55] accept io...192.168.10.175:52623
W0403 10:49:37.879961 111775744 ServerMgr.cpp:140] remove game server, but the link is alive, game server id:991
W0403 10:49:37.880607 111775744 ServerMgr.cpp:145] remove one game server, game server id:991
I0403 10:53:35.355437 111775744 NetModule.cpp:220] add one connector: 127.0.0.1:9901 succeed...
W0403 10:53:35.355547 111775744 ServerMgr.cpp:40] add game server, game server id:991
I0403 10:53:35.368283 262047168 NetConnector.cpp:216] connect to: 127.0.0.1:9901 success! 
I0403 10:53:35.370080 111775744 ProxyThread.cpp:86] connect to game server succ, server id:991
W0403 10:54:31.628000 111775744 ProxyThread.cpp:133] game server is disconnect, after 3s will be reconnect!, server id: 991
W0403 10:54:31.647022 111775744 ServerMgr.cpp:145] remove one game server, game server id:991
W0403 10:54:34.679819 111775744 ServerMgr.cpp:354] disconnect login or game server is remove or register again, no server reconnect...
I0403 10:54:39.913846 111775744 NetModule.cpp:220] add one connector: 127.0.0.1:9901 succeed...
W0403 10:54:39.913883 111775744 ServerMgr.cpp:40] add game server, game server id:991
I0403 10:54:40.071358 262047168 NetConnector.cpp:216] connect to: 127.0.0.1:9901 success! 
I0403 10:54:40.071521 111775744 ProxyThread.cpp:86] connect to game server succ, server id:991
I0403 11:17:47.920939 262047168 NetServer.cpp:88] delete io...192.168.10.175:52623
I0403 11:31:17.133179 262047168 NetServer.cpp:55] accept io...192.168.10.175:52627
W0403 11:31:58.347595 111775744 ServerMgr.cpp:140] remove game server, but the link is alive, game server id:991
W0403 11:31:58.348206 111775744 ServerMgr.cpp:145] remove one game server, game server id:991
I0403 11:55:58.380825 262047168 NetServer.cpp:88] delete io...192.168.10.175:52627
I0403 12:15:34.829728 111775744 NetModule.cpp:220] add one connector: 127.0.0.1:9901 succeed...
W0403 12:15:34.830710 111775744 ServerMgr.cpp:40] add game server, game server id:991
I0403 12:15:34.990281 262047168 NetConnector.cpp:216] connect to: 127.0.0.1:9901 success! 
I0403 12:15:34.992945 111775744 ProxyThread.cpp:86] connect to game server succ, server id:991
W0403 14:53:07.405534 111775744 ProxyThread.cpp:133] game server is disconnect, after 3s will be reconnect!, server id: 991
W0403 14:53:07.423429 111775744 ServerMgr.cpp:145] remove one game server, game server id:991
W0403 14:53:10.431393 111775744 ServerMgr.cpp:354] disconnect login or game server is remove or register again, no server reconnect...
I0403 15:14:31.198207 111775744 NetModule.cpp:220] add one connector: 127.0.0.1:9901 succeed...
W0403 15:14:31.199491 111775744 ServerMgr.cpp:40] add game server, game server id:991
I0403 15:14:31.235949 262047168 NetConnector.cpp:216] connect to: 127.0.0.1:9901 success! 
I0403 15:14:31.237219 111775744 ProxyThread.cpp:86] connect to game server succ, server id:991
W0403 15:15:45.880003 111775744 ProxyThread.cpp:133] game server is disconnect, after 3s will be reconnect!, server id: 991
