Log file created at: 2019/01/02 10:28:44
Running on machine: henisdeMacBook-Pro.local
Log line format: [IWEF]mmdd hh:mm:ss.uuuuuu threadid file:line] msg
W0102 10:28:44.572687 78274560 ServerMgr.cpp:79] add login server, login server id:10
W0102 10:28:58.088462 78274560 ServerMgr.cpp:40] add game server, game server id:1101
W0102 19:29:04.326822 78274560 ProxyThread.cpp:133] game server is disconnect, after 3s will be reconnect!, server id: 1101
W0102 19:29:04.348148 78274560 ServerMgr.cpp:145] remove one game server, game server id:1101
W0102 19:29:07.408861 78274560 ServerMgr.cpp:354] disconnect login or game server is remove or register again, no server reconnect...
W0102 19:46:25.239161 78274560 ServerMgr.cpp:40] add game server, game server id:1101
W0102 21:23:11.526433 78274560 ProxyThread.cpp:138] db server is disconnect, after 3s will be reconnect!
W0102 21:23:14.692699 185787840 NetModule.cpp:723] ready reconnect server, server id: 1
W0102 21:23:14.694896 78274560 ProxyThread.cpp:138] db server is disconnect, after 3s will be reconnect!
W0102 21:23:18.201586 185787840 NetModule.cpp:723] ready reconnect server, server id: 1
W0102 21:23:18.203840 78274560 ProxyThread.cpp:138] db server is disconnect, after 3s will be reconnect!
W0102 21:23:21.206733 185787840 NetModule.cpp:723] ready reconnect server, server id: 1
W0102 21:23:21.209080 78274560 ProxyThread.cpp:138] db server is disconnect, after 3s will be reconnect!
W0102 21:23:24.717136 185787840 NetModule.cpp:723] ready reconnect server, server id: 1
W0102 21:23:24.719383 78274560 ProxyThread.cpp:138] db server is disconnect, after 3s will be reconnect!
W0102 21:23:28.228003 185787840 NetModule.cpp:723] ready reconnect server, server id: 1
W0102 21:23:28.229248 78274560 ProxyThread.cpp:138] db server is disconnect, after 3s will be reconnect!
W0102 21:23:31.735219 185787840 NetModule.cpp:723] ready reconnect server, server id: 1
W0102 21:23:31.737397 78274560 ProxyThread.cpp:138] db server is disconnect, after 3s will be reconnect!
W0102 21:23:35.242960 185787840 NetModule.cpp:723] ready reconnect server, server id: 1
W0102 21:23:35.245195 78274560 ProxyThread.cpp:138] db server is disconnect, after 3s will be reconnect!
W0102 21:23:38.750476 185787840 NetModule.cpp:723] ready reconnect server, server id: 1
W0102 21:23:38.751353 78274560 ProxyThread.cpp:138] db server is disconnect, after 3s will be reconnect!
W0102 21:23:42.261456 185787840 NetModule.cpp:723] ready reconnect server, server id: 1
W0102 21:23:42.263628 78274560 ProxyThread.cpp:138] db server is disconnect, after 3s will be reconnect!
W0102 21:23:45.770206 185787840 NetModule.cpp:723] ready reconnect server, server id: 1
W0102 21:23:45.772462 78274560 ProxyThread.cpp:138] db server is disconnect, after 3s will be reconnect!
W0102 21:23:49.281615 185787840 NetModule.cpp:723] ready reconnect server, server id: 1
W0102 21:23:49.283591 78274560 ProxyThread.cpp:138] db server is disconnect, after 3s will be reconnect!
W0102 21:23:52.791044 185787840 NetModule.cpp:723] ready reconnect server, server id: 1
W0102 21:23:52.793295 78274560 ProxyThread.cpp:138] db server is disconnect, after 3s will be reconnect!
W0102 21:23:56.300189 185787840 NetModule.cpp:723] ready reconnect server, server id: 1
W0102 21:23:56.302280 78274560 ProxyThread.cpp:138] db server is disconnect, after 3s will be reconnect!
W0102 21:23:59.815368 185787840 NetModule.cpp:723] ready reconnect server, server id: 1
W0102 21:23:59.817615 78274560 ProxyThread.cpp:138] db server is disconnect, after 3s will be reconnect!
W0102 21:24:03.325464 185787840 NetModule.cpp:723] ready reconnect server, server id: 1
W0102 21:24:03.327728 78274560 ProxyThread.cpp:138] db server is disconnect, after 3s will be reconnect!
W0102 21:24:06.839769 185787840 NetModule.cpp:723] ready reconnect server, server id: 1
W0102 21:24:06.842301 78274560 ProxyThread.cpp:138] db server is disconnect, after 3s will be reconnect!
W0102 21:24:10.349258 185787840 NetModule.cpp:723] ready reconnect server, server id: 1
W0102 21:24:10.351630 78274560 ProxyThread.cpp:138] db server is disconnect, after 3s will be reconnect!
W0102 21:24:13.858479 185787840 NetModule.cpp:723] ready reconnect server, server id: 1
W0102 21:24:13.860759 78274560 ProxyThread.cpp:138] db server is disconnect, after 3s will be reconnect!
W0102 21:24:17.368535 185787840 NetModule.cpp:723] ready reconnect server, server id: 1
W0102 21:24:17.369581 78274560 ProxyThread.cpp:138] db server is disconnect, after 3s will be reconnect!
W0102 21:24:20.874996 185787840 NetModule.cpp:723] ready reconnect server, server id: 1
W0102 21:24:20.877254 78274560 ProxyThread.cpp:138] db server is disconnect, after 3s will be reconnect!
W0102 21:24:24.385788 185787840 NetModule.cpp:723] ready reconnect server, server id: 1
W0102 22:13:26.423321 78274560 ProxyThread.cpp:133] game server is disconnect, after 3s will be reconnect!, server id: 1101
W0102 22:13:26.423389 78274560 ProxyThread.cpp:133] login server is disconnect, after 3s will be reconnect!, server id: 10
W0102 22:13:26.423427 78274560 ProxyThread.cpp:138] db server is disconnect, after 3s will be reconnect!
W0102 22:13:26.423445 78274560 ProxyThread.cpp:114] center server is disconnect, after 3s will be reconnect!
W0102 22:13:29.570425 185787840 NetModule.cpp:723] ready reconnect server, server id: 1
W0102 22:13:29.570566 185787840 NetModule.cpp:723] ready reconnect server, server id: 10
W0102 22:13:29.570695 185787840 NetModule.cpp:723] ready reconnect server, server id: 1101
W0102 22:13:29.570801 185787840 NetModule.cpp:723] ready reconnect server, server id: 0
W0102 22:13:29.626809 78274560 ServerMgr.cpp:17] repeated add game server, game server id:1101
W0102 22:13:36.622401 78274560 ServerMgr.cpp:60] repeated add login server, login server id:10
W0102 23:03:48.889358 78274560 ProxyThread.cpp:133] login server is disconnect, after 3s will be reconnect!, server id: 10
W0102 23:03:48.889447 78274560 ProxyThread.cpp:114] center server is disconnect, after 3s will be reconnect!
W0102 23:03:48.889482 78274560 ProxyThread.cpp:133] game server is disconnect, after 3s will be reconnect!, server id: 1101
W0102 23:03:48.889513 78274560 ProxyThread.cpp:138] db server is disconnect, after 3s will be reconnect!
W0102 23:03:52.384012 185787840 NetModule.cpp:723] ready reconnect server, server id: 1
W0102 23:03:52.384310 185787840 NetModule.cpp:723] ready reconnect server, server id: 10
W0102 23:03:52.384582 185787840 NetModule.cpp:723] ready reconnect server, server id: 1101
W0102 23:03:52.384833 185787840 NetModule.cpp:723] ready reconnect server, server id: 0
W0102 23:03:52.442282 78274560 ServerMgr.cpp:17] repeated add game server, game server id:1101
W0102 23:03:58.933995 78274560 ServerMgr.cpp:60] repeated add login server, login server id:10
W0103 01:04:42.910744 78274560 ProxyThread.cpp:114] center server is disconnect, after 3s will be reconnect!
W0103 01:04:42.910820 78274560 ProxyThread.cpp:133] game server is disconnect, after 3s will be reconnect!, server id: 1101
W0103 01:04:42.915642 78274560 ProxyThread.cpp:138] db server is disconnect, after 3s will be reconnect!
W0103 01:04:42.917783 78274560 ProxyThread.cpp:133] login server is disconnect, after 3s will be reconnect!, server id: 10
W0103 01:04:46.407744 185787840 NetModule.cpp:723] ready reconnect server, server id: 1
W0103 01:04:46.408030 185787840 NetModule.cpp:723] ready reconnect server, server id: 10
W0103 01:04:46.408251 185787840 NetModule.cpp:723] ready reconnect server, server id: 1101
W0103 01:04:46.408476 185787840 NetModule.cpp:723] ready reconnect server, server id: 0
W0103 01:04:55.032807 78274560 ServerMgr.cpp:17] repeated add game server, game server id:1101
W0103 01:04:55.033129 78274560 ServerMgr.cpp:60] repeated add login server, login server id:10
W0103 03:05:36.949154 78274560 ProxyThread.cpp:133] login server is disconnect, after 3s will be reconnect!, server id: 10
W0103 03:05:36.951004 78274560 ProxyThread.cpp:138] db server is disconnect, after 3s will be reconnect!
W0103 03:05:36.951054 78274560 ProxyThread.cpp:114] center server is disconnect, after 3s will be reconnect!
W0103 03:05:36.951114 78274560 ProxyThread.cpp:133] game server is disconnect, after 3s will be reconnect!, server id: 1101
W0103 03:05:40.437171 185787840 NetModule.cpp:723] ready reconnect server, server id: 1
W0103 03:05:40.437477 185787840 NetModule.cpp:723] ready reconnect server, server id: 10
W0103 03:05:40.437753 185787840 NetModule.cpp:723] ready reconnect server, server id: 1101
W0103 03:05:40.438007 185787840 NetModule.cpp:723] ready reconnect server, server id: 0
W0103 03:05:40.489385 78274560 ServerMgr.cpp:17] repeated add game server, game server id:1101
W0103 03:05:47.529971 78274560 ServerMgr.cpp:60] repeated add login server, login server id:10
W0103 05:06:30.980790 78274560 ProxyThread.cpp:133] login server is disconnect, after 3s will be reconnect!, server id: 10
W0103 05:06:30.980854 78274560 ProxyThread.cpp:114] center server is disconnect, after 3s will be reconnect!
W0103 05:06:30.980878 78274560 ProxyThread.cpp:133] game server is disconnect, after 3s will be reconnect!, server id: 1101
W0103 05:06:30.980900 78274560 ProxyThread.cpp:138] db server is disconnect, after 3s will be reconnect!
W0103 05:06:34.479429 185787840 NetModule.cpp:723] ready reconnect server, server id: 1
W0103 05:06:34.479532 185787840 NetModule.cpp:723] ready reconnect server, server id: 10
W0103 05:06:34.479619 185787840 NetModule.cpp:723] ready reconnect server, server id: 1101
W0103 05:06:34.479703 185787840 NetModule.cpp:723] ready reconnect server, server id: 0
W0103 05:06:34.508077 78274560 ServerMgr.cpp:17] repeated add game server, game server id:1101
W0103 05:06:41.039012 78274560 ServerMgr.cpp:60] repeated add login server, login server id:10
W0103 07:07:25.006346 78274560 ProxyThread.cpp:114] center server is disconnect, after 3s will be reconnect!
W0103 07:07:25.006434 78274560 ProxyThread.cpp:133] login server is disconnect, after 3s will be reconnect!, server id: 10
W0103 07:07:25.006472 78274560 ProxyThread.cpp:133] game server is disconnect, after 3s will be reconnect!, server id: 1101
W0103 07:07:25.008527 78274560 ProxyThread.cpp:138] db server is disconnect, after 3s will be reconnect!
W0103 07:07:28.501566 185787840 NetModule.cpp:723] ready reconnect server, server id: 1
W0103 07:07:28.501843 185787840 NetModule.cpp:723] ready reconnect server, server id: 10
W0103 07:07:28.502077 185787840 NetModule.cpp:723] ready reconnect server, server id: 1101
W0103 07:07:28.502334 185787840 NetModule.cpp:723] ready reconnect server, server id: 0
W0103 07:07:28.541925 78274560 ServerMgr.cpp:17] repeated add game server, game server id:1101
W0103 07:07:35.551369 78274560 ServerMgr.cpp:60] repeated add login server, login server id:10
W0103 09:08:19.042513 78274560 ProxyThread.cpp:133] login server is disconnect, after 3s will be reconnect!, server id: 10
W0103 09:08:19.042604 78274560 ProxyThread.cpp:138] db server is disconnect, after 3s will be reconnect!
W0103 09:08:19.042641 78274560 ProxyThread.cpp:133] game server is disconnect, after 3s will be reconnect!, server id: 1101
W0103 09:08:19.042665 78274560 ProxyThread.cpp:114] center server is disconnect, after 3s will be reconnect!
W0103 09:08:22.536185 185787840 NetModule.cpp:723] ready reconnect server, server id: 1
W0103 09:08:22.536494 185787840 NetModule.cpp:723] ready reconnect server, server id: 10
W0103 09:08:22.536773 185787840 NetModule.cpp:723] ready reconnect server, server id: 1101
W0103 09:08:22.537025 185787840 NetModule.cpp:723] ready reconnect server, server id: 0
W0103 09:08:22.587604 78274560 ServerMgr.cpp:17] repeated add game server, game server id:1101
W0103 09:08:29.090667 78274560 ServerMgr.cpp:60] repeated add login server, login server id:10
W0103 09:45:03.075634 78274560 ProxyThread.cpp:133] game server is disconnect, after 3s will be reconnect!, server id: 1101
W0103 09:45:03.082512 78274560 ProxyThread.cpp:133] login server is disconnect, after 3s will be reconnect!, server id: 10
W0103 09:45:03.082557 78274560 ProxyThread.cpp:138] db server is disconnect, after 3s will be reconnect!
W0103 09:45:03.082581 78274560 ProxyThread.cpp:114] center server is disconnect, after 3s will be reconnect!
W0103 09:45:06.569618 185787840 NetModule.cpp:723] ready reconnect server, server id: 1
W0103 09:45:06.569964 185787840 NetModule.cpp:723] ready reconnect server, server id: 10
W0103 09:45:06.570268 185787840 NetModule.cpp:723] ready reconnect server, server id: 1101
W0103 09:45:06.570533 185787840 NetModule.cpp:723] ready reconnect server, server id: 0
W0103 09:45:06.588776 78274560 ServerMgr.cpp:17] repeated add game server, game server id:1101
W0103 09:45:13.652652 78274560 ServerMgr.cpp:60] repeated add login server, login server id:10
W0103 14:27:45.088021 78274560 ProxyThread.cpp:133] game server is disconnect, after 3s will be reconnect!, server id: 1101
W0103 14:27:45.097748 78274560 ServerMgr.cpp:145] remove one game server, game server id:1101
W0103 14:27:48.104385 78274560 ServerMgr.cpp:354] disconnect login or game server is remove or register again, no server reconnect...
W0103 14:28:05.018649 78274560 ServerMgr.cpp:40] add game server, game server id:1101
W0103 21:49:30.576068 78274560 ProxyThread.cpp:138] db server is disconnect, after 3s will be reconnect!
W0103 21:49:30.577111 78274560 ProxyThread.cpp:114] center server is disconnect, after 3s will be reconnect!
W0103 21:49:30.579804 78274560 ProxyThread.cpp:133] game server is disconnect, after 3s will be reconnect!, server id: 1101
W0103 21:49:30.600868 78274560 ProxyThread.cpp:133] login server is disconnect, after 3s will be reconnect!, server id: 10
W0103 21:49:33.856047 185787840 NetModule.cpp:723] ready reconnect server, server id: 1
W0103 21:49:33.856837 185787840 NetModule.cpp:723] ready reconnect server, server id: 10
W0103 21:49:33.856942 185787840 NetModule.cpp:723] ready reconnect server, server id: 1101
W0103 21:49:33.857034 185787840 NetModule.cpp:723] ready reconnect server, server id: 0
W0103 21:49:33.884405 78274560 ServerMgr.cpp:17] repeated add game server, game server id:1101
W0103 21:49:40.931253 78274560 ServerMgr.cpp:60] repeated add login server, login server id:10
W0103 22:28:58.197791 78274560 ProxyThread.cpp:133] login server is disconnect, after 3s will be reconnect!, server id: 10
W0103 22:28:58.198180 78274560 ProxyThread.cpp:138] db server is disconnect, after 3s will be reconnect!
W0103 22:28:58.198210 78274560 ProxyThread.cpp:133] game server is disconnect, after 3s will be reconnect!, server id: 1101
W0103 22:28:58.198231 78274560 ProxyThread.cpp:114] center server is disconnect, after 3s will be reconnect!
W0103 22:29:01.695808 185787840 NetModule.cpp:723] ready reconnect server, server id: 1
W0103 22:29:01.695926 185787840 NetModule.cpp:723] ready reconnect server, server id: 10
W0103 22:29:01.697139 185787840 NetModule.cpp:723] ready reconnect server, server id: 1101
W0103 22:29:01.697240 185787840 NetModule.cpp:723] ready reconnect server, server id: 0
W0103 22:29:01.709630 78274560 ServerMgr.cpp:17] repeated add game server, game server id:1101
W0103 22:29:08.795109 78274560 ServerMgr.cpp:60] repeated add login server, login server id:10
W0103 23:34:01.215181 78274560 ProxyThread.cpp:138] db server is disconnect, after 3s will be reconnect!
W0103 23:34:01.215519 78274560 ProxyThread.cpp:114] center server is disconnect, after 3s will be reconnect!
W0103 23:34:01.216009 78274560 ProxyThread.cpp:133] login server is disconnect, after 3s will be reconnect!, server id: 10
W0103 23:34:01.216049 78274560 ProxyThread.cpp:133] game server is disconnect, after 3s will be reconnect!, server id: 1101
W0103 23:34:04.713405 185787840 NetModule.cpp:723] ready reconnect server, server id: 1
W0103 23:34:04.714524 185787840 NetModule.cpp:723] ready reconnect server, server id: 10
W0103 23:34:04.714633 185787840 NetModule.cpp:723] ready reconnect server, server id: 1101
W0103 23:34:04.715754 185787840 NetModule.cpp:723] ready reconnect server, server id: 0
W0103 23:34:04.766945 78274560 ServerMgr.cpp:17] repeated add game server, game server id:1101
W0103 23:34:11.267944 78274560 ServerMgr.cpp:60] repeated add login server, login server id:10
W0104 00:39:04.258391 78274560 ProxyThread.cpp:114] center server is disconnect, after 3s will be reconnect!
W0104 00:39:04.259474 78274560 ProxyThread.cpp:138] db server is disconnect, after 3s will be reconnect!
W0104 00:39:04.259528 78274560 ProxyThread.cpp:133] login server is disconnect, after 3s will be reconnect!, server id: 10
W0104 00:39:04.259558 78274560 ProxyThread.cpp:133] game server is disconnect, after 3s will be reconnect!, server id: 1101
W0104 00:39:07.754367 185787840 NetModule.cpp:723] ready reconnect server, server id: 1
W0104 00:39:07.754508 185787840 NetModule.cpp:723] ready reconnect server, server id: 10
W0104 00:39:07.754606 185787840 NetModule.cpp:723] ready reconnect server, server id: 1101
W0104 00:39:07.754696 185787840 NetModule.cpp:723] ready reconnect server, server id: 0
W0104 00:39:24.274019 78274560 ServerMgr.cpp:17] repeated add game server, game server id:1101
W0104 00:39:24.274200 78274560 ServerMgr.cpp:60] repeated add login server, login server id:10
W0104 00:39:24.291064 78274560 ProxyThread.cpp:114] center server is disconnect, after 3s will be reconnect!
W0104 00:39:27.877863 185787840 NetModule.cpp:723] ready reconnect server, server id: 0
W0104 00:39:27.911340 78274560 ServerMgr.cpp:17] repeated add game server, game server id:1101
W0104 00:39:27.911509 78274560 ServerMgr.cpp:60] repeated add login server, login server id:10
W0104 01:44:07.277115 78274560 ProxyThread.cpp:133] login server is disconnect, after 3s will be reconnect!, server id: 10
W0104 01:44:07.277639 78274560 ProxyThread.cpp:133] game server is disconnect, after 3s will be reconnect!, server id: 1101
W0104 01:44:07.277676 78274560 ProxyThread.cpp:114] center server is disconnect, after 3s will be reconnect!
W0104 01:44:07.277703 78274560 ProxyThread.cpp:138] db server is disconnect, after 3s will be reconnect!
W0104 01:44:10.762432 185787840 NetModule.cpp:723] ready reconnect server, server id: 1
W0104 01:44:10.762545 185787840 NetModule.cpp:723] ready reconnect server, server id: 10
W0104 01:44:10.762624 185787840 NetModule.cpp:723] ready reconnect server, server id: 1101
W0104 01:44:10.762699 185787840 NetModule.cpp:723] ready reconnect server, server id: 0
W0104 01:44:10.810720 78274560 ServerMgr.cpp:17] repeated add game server, game server id:1101
W0104 01:44:17.814184 78274560 ServerMgr.cpp:60] repeated add login server, login server id:10
W0104 02:49:11.290874 78274560 ProxyThread.cpp:114] center server is disconnect, after 3s will be reconnect!
W0104 02:49:11.291620 78274560 ProxyThread.cpp:133] login server is disconnect, after 3s will be reconnect!, server id: 10
W0104 02:49:11.291669 78274560 ProxyThread.cpp:138] db server is disconnect, after 3s will be reconnect!
W0104 02:49:11.291692 78274560 ProxyThread.cpp:133] game server is disconnect, after 3s will be reconnect!, server id: 1101
W0104 02:49:14.773705 185787840 NetModule.cpp:723] ready reconnect server, server id: 1
W0104 02:49:14.773816 185787840 NetModule.cpp:723] ready reconnect server, server id: 10
W0104 02:49:14.774919 185787840 NetModule.cpp:723] ready reconnect server, server id: 1101
W0104 02:49:14.775022 185787840 NetModule.cpp:723] ready reconnect server, server id: 0
W0104 02:49:14.817211 78274560 ServerMgr.cpp:17] repeated add game server, game server id:1101
W0104 02:49:21.818925 78274560 ServerMgr.cpp:60] repeated add login server, login server id:10
W0104 03:54:14.302422 78274560 ProxyThread.cpp:138] db server is disconnect, after 3s will be reconnect!
W0104 03:54:14.303125 78274560 ProxyThread.cpp:133] game server is disconnect, after 3s will be reconnect!, server id: 1101
W0104 03:54:14.303164 78274560 ProxyThread.cpp:133] login server is disconnect, after 3s will be reconnect!, server id: 10
W0104 03:54:14.303195 78274560 ProxyThread.cpp:114] center server is disconnect, after 3s will be reconnect!
W0104 03:54:17.784394 185787840 NetModule.cpp:723] ready reconnect server, server id: 1
W0104 03:54:17.784518 185787840 NetModule.cpp:723] ready reconnect server, server id: 10
W0104 03:54:17.784615 185787840 NetModule.cpp:723] ready reconnect server, server id: 1101
W0104 03:54:17.785686 185787840 NetModule.cpp:723] ready reconnect server, server id: 0
W0104 03:54:17.833885 78274560 ServerMgr.cpp:17] repeated add game server, game server id:1101
W0104 03:54:24.376157 78274560 ServerMgr.cpp:60] repeated add login server, login server id:10
W0104 04:59:17.301533 78274560 ProxyThread.cpp:138] db server is disconnect, after 3s will be reconnect!
W0104 04:59:17.301615 78274560 ProxyThread.cpp:114] center server is disconnect, after 3s will be reconnect!
W0104 04:59:17.301647 78274560 ProxyThread.cpp:133] login server is disconnect, after 3s will be reconnect!, server id: 10
W0104 04:59:17.301676 78274560 ProxyThread.cpp:133] game server is disconnect, after 3s will be reconnect!, server id: 1101
W0104 04:59:20.804344 185787840 NetModule.cpp:723] ready reconnect server, server id: 1
W0104 04:59:20.804478 185787840 NetModule.cpp:723] ready reconnect server, server id: 10
W0104 04:59:20.804569 185787840 NetModule.cpp:723] ready reconnect server, server id: 1101
W0104 04:59:20.804656 185787840 NetModule.cpp:723] ready reconnect server, server id: 0
W0104 04:59:20.832006 78274560 ServerMgr.cpp:17] repeated add game server, game server id:1101
W0104 04:59:27.873075 78274560 ServerMgr.cpp:60] repeated add login server, login server id:10
W0104 06:04:20.324900 78274560 ProxyThread.cpp:133] login server is disconnect, after 3s will be reconnect!, server id: 10
W0104 06:04:20.325418 78274560 ProxyThread.cpp:138] db server is disconnect, after 3s will be reconnect!
W0104 06:04:20.325459 78274560 ProxyThread.cpp:133] game server is disconnect, after 3s will be reconnect!, server id: 1101
W0104 06:04:20.325500 78274560 ProxyThread.cpp:114] center server is disconnect, after 3s will be reconnect!
W0104 06:04:23.824733 185787840 NetModule.cpp:723] ready reconnect server, server id: 1
W0104 06:04:23.824846 185787840 NetModule.cpp:723] ready reconnect server, server id: 10
W0104 06:04:23.824936 185787840 NetModule.cpp:723] ready reconnect server, server id: 1101
W0104 06:04:23.825024 185787840 NetModule.cpp:723] ready reconnect server, server id: 0
W0104 06:04:23.848845 78274560 ServerMgr.cpp:17] repeated add game server, game server id:1101
W0104 06:04:30.395095 78274560 ServerMgr.cpp:60] repeated add login server, login server id:10
W0104 06:06:45.593078 78274560 ProxyThread.cpp:138] db server is disconnect, after 3s will be reconnect!
W0104 06:06:49.137372 185787840 NetModule.cpp:723] ready reconnect server, server id: 1
W0104 07:09:23.355700 78274560 ProxyThread.cpp:114] center server is disconnect, after 3s will be reconnect!
W0104 07:09:23.356067 78274560 ProxyThread.cpp:138] db server is disconnect, after 3s will be reconnect!
W0104 07:09:23.363663 78274560 ProxyThread.cpp:133] game server is disconnect, after 3s will be reconnect!, server id: 1101
W0104 07:09:23.363863 78274560 ProxyThread.cpp:133] login server is disconnect, after 3s will be reconnect!, server id: 10
W0104 07:09:26.842303 185787840 NetModule.cpp:723] ready reconnect server, server id: 1
W0104 07:09:26.842412 185787840 NetModule.cpp:723] ready reconnect server, server id: 10
W0104 07:09:26.842492 185787840 NetModule.cpp:723] ready reconnect server, server id: 1101
W0104 07:09:26.842569 185787840 NetModule.cpp:723] ready reconnect server, server id: 0
W0104 07:09:26.895236 78274560 ServerMgr.cpp:17] repeated add game server, game server id:1101
W0104 07:09:33.949374 78274560 ServerMgr.cpp:60] repeated add login server, login server id:10
W0104 07:51:20.290031 78274560 ProxyThread.cpp:133] login server is disconnect, after 3s will be reconnect!, server id: 10
W0104 07:51:20.290104 78274560 ProxyThread.cpp:114] center server is disconnect, after 3s will be reconnect!
W0104 07:51:20.290127 78274560 ProxyThread.cpp:133] game server is disconnect, after 3s will be reconnect!, server id: 1101
W0104 07:51:20.290148 78274560 ProxyThread.cpp:138] db server is disconnect, after 3s will be reconnect!
W0104 07:51:23.779304 185787840 NetModule.cpp:723] ready reconnect server, server id: 1
W0104 07:51:23.779448 185787840 NetModule.cpp:723] ready reconnect server, server id: 10
W0104 07:51:23.779552 185787840 NetModule.cpp:723] ready reconnect server, server id: 1101
W0104 07:51:23.779623 185787840 NetModule.cpp:723] ready reconnect server, server id: 0
W0104 07:51:23.792100 78274560 ServerMgr.cpp:17] repeated add game server, game server id:1101
W0104 07:51:30.827200 78274560 ServerMgr.cpp:60] repeated add login server, login server id:10
W0104 22:08:35.779086 78274560 ProxyThread.cpp:138] db server is disconnect, after 3s will be reconnect!
W0104 22:08:35.801023 78274560 ProxyThread.cpp:133] login server is disconnect, after 3s will be reconnect!, server id: 10
W0104 22:08:35.801090 78274560 ProxyThread.cpp:133] game server is disconnect, after 3s will be reconnect!, server id: 1101
W0104 22:08:35.801115 78274560 ProxyThread.cpp:114] center server is disconnect, after 3s will be reconnect!
W0104 22:08:39.159308 185787840 NetModule.cpp:723] ready reconnect server, server id: 1
W0104 22:08:39.159790 185787840 NetModule.cpp:723] ready reconnect server, server id: 10
W0104 22:08:39.160269 185787840 NetModule.cpp:723] ready reconnect server, server id: 1101
W0104 22:08:39.160713 185787840 NetModule.cpp:723] ready reconnect server, server id: 0
W0104 22:08:39.196480 78274560 ServerMgr.cpp:17] repeated add game server, game server id:1101
W0104 22:08:46.237521 78274560 ServerMgr.cpp:60] repeated add login server, login server id:10
W0104 22:56:06.565109 78274560 ProxyThread.cpp:138] db server is disconnect, after 3s will be reconnect!
W0104 22:56:06.573478 78274560 ProxyThread.cpp:114] center server is disconnect, after 3s will be reconnect!
W0104 22:56:06.573545 78274560 ProxyThread.cpp:133] login server is disconnect, after 3s will be reconnect!, server id: 10
W0104 22:56:06.573580 78274560 ProxyThread.cpp:133] game server is disconnect, after 3s will be reconnect!, server id: 1101
W0104 22:56:10.047677 185787840 NetModule.cpp:723] ready reconnect server, server id: 1
W0104 22:56:10.047783 185787840 NetModule.cpp:723] ready reconnect server, server id: 10
W0104 22:56:10.047857 185787840 NetModule.cpp:723] ready reconnect server, server id: 1101
W0104 22:56:10.048969 185787840 NetModule.cpp:723] ready reconnect server, server id: 0
W0104 22:56:10.102054 78274560 ServerMgr.cpp:17] repeated add game server, game server id:1101
W0104 22:56:16.646170 78274560 ServerMgr.cpp:60] repeated add login server, login server id:10
W0105 00:01:09.607798 78274560 ProxyThread.cpp:133] game server is disconnect, after 3s will be reconnect!, server id: 1101
W0105 00:01:09.625862 78274560 ProxyThread.cpp:133] login server is disconnect, after 3s will be reconnect!, server id: 10
W0105 00:01:09.650655 78274560 ProxyThread.cpp:114] center server is disconnect, after 3s will be reconnect!
W0105 00:01:09.661514 78274560 ProxyThread.cpp:138] db server is disconnect, after 3s will be reconnect!
W0105 00:01:13.113016 185787840 NetModule.cpp:723] ready reconnect server, server id: 1
W0105 00:01:13.113139 185787840 NetModule.cpp:723] ready reconnect server, server id: 10
W0105 00:01:13.113236 185787840 NetModule.cpp:723] ready reconnect server, server id: 1101
W0105 00:01:13.113323 185787840 NetModule.cpp:723] ready reconnect server, server id: 0
W0105 00:01:19.652494 78274560 ServerMgr.cpp:17] repeated add game server, game server id:1101
W0105 00:01:20.704421 78274560 ServerMgr.cpp:60] repeated add login server, login server id:10
W0105 01:06:12.634516 78274560 ProxyThread.cpp:114] center server is disconnect, after 3s will be reconnect!
W0105 01:06:12.634726 78274560 ProxyThread.cpp:138] db server is disconnect, after 3s will be reconnect!
W0105 01:06:12.634753 78274560 ProxyThread.cpp:133] game server is disconnect, after 3s will be reconnect!, server id: 1101
W0105 01:06:12.636958 78274560 ProxyThread.cpp:133] login server is disconnect, after 3s will be reconnect!, server id: 10
W0105 01:06:16.125924 185787840 NetModule.cpp:723] ready reconnect server, server id: 1
W0105 01:06:16.126041 185787840 NetModule.cpp:723] ready reconnect server, server id: 10
W0105 01:06:16.126128 185787840 NetModule.cpp:723] ready reconnect server, server id: 1101
W0105 01:06:16.127116 185787840 NetModule.cpp:723] ready reconnect server, server id: 0
W0105 01:06:16.178020 78274560 ServerMgr.cpp:17] repeated add game server, game server id:1101
W0105 01:06:22.720527 78274560 ServerMgr.cpp:60] repeated add login server, login server id:10
W0105 02:11:15.639550 78274560 ProxyThread.cpp:133] game server is disconnect, after 3s will be reconnect!, server id: 1101
W0105 02:11:15.646694 78274560 ProxyThread.cpp:133] login server is disconnect, after 3s will be reconnect!, server id: 10
W0105 02:11:15.646777 78274560 ProxyThread.cpp:138] db server is disconnect, after 3s will be reconnect!
W0105 02:11:15.653797 78274560 ProxyThread.cpp:114] center server is disconnect, after 3s will be reconnect!
W0105 02:11:19.138087 185787840 NetModule.cpp:723] ready reconnect server, server id: 1
W0105 02:11:19.138216 185787840 NetModule.cpp:723] ready reconnect server, server id: 10
W0105 02:11:19.139786 185787840 NetModule.cpp:723] ready reconnect server, server id: 1101
W0105 02:11:19.139907 185787840 NetModule.cpp:723] ready reconnect server, server id: 0
W0105 02:11:19.193572 78274560 ServerMgr.cpp:17] repeated add game server, game server id:1101
W0105 02:11:25.756441 78274560 ServerMgr.cpp:60] repeated add login server, login server id:10
W0105 03:16:17.651656 78274560 ProxyThread.cpp:133] login server is disconnect, after 3s will be reconnect!, server id: 10
W0105 03:16:17.656172 78274560 ProxyThread.cpp:114] center server is disconnect, after 3s will be reconnect!
W0105 03:16:17.656239 78274560 ProxyThread.cpp:133] game server is disconnect, after 3s will be reconnect!, server id: 1101
W0105 03:16:17.658308 78274560 ProxyThread.cpp:138] db server is disconnect, after 3s will be reconnect!
W0105 03:16:21.154507 185787840 NetModule.cpp:723] ready reconnect server, server id: 1
W0105 03:16:21.154642 185787840 NetModule.cpp:723] ready reconnect server, server id: 10
W0105 03:16:21.154726 185787840 NetModule.cpp:723] ready reconnect server, server id: 1101
W0105 03:16:21.154800 185787840 NetModule.cpp:723] ready reconnect server, server id: 0
W0105 03:16:21.197949 78274560 ServerMgr.cpp:17] repeated add game server, game server id:1101
W0105 03:16:27.755494 78274560 ServerMgr.cpp:60] repeated add login server, login server id:10
W0105 04:21:22.677258 78274560 ProxyThread.cpp:133] game server is disconnect, after 3s will be reconnect!, server id: 1101
W0105 04:21:22.677614 78274560 ProxyThread.cpp:133] login server is disconnect, after 3s will be reconnect!, server id: 10
W0105 04:21:22.677637 78274560 ProxyThread.cpp:114] center server is disconnect, after 3s will be reconnect!
W0105 04:21:22.677655 78274560 ProxyThread.cpp:138] db server is disconnect, after 3s will be reconnect!
W0105 04:21:26.167275 185787840 NetModule.cpp:723] ready reconnect server, server id: 1
W0105 04:21:26.167896 185787840 NetModule.cpp:723] ready reconnect server, server id: 10
W0105 04:21:26.168610 185787840 NetModule.cpp:723] ready reconnect server, server id: 1101
W0105 04:21:26.168711 185787840 NetModule.cpp:723] ready reconnect server, server id: 0
W0105 04:21:26.193819 78274560 ServerMgr.cpp:17] repeated add game server, game server id:1101
W0105 04:21:33.267813 78274560 ServerMgr.cpp:60] repeated add login server, login server id:10
W0105 05:26:25.688371 78274560 ProxyThread.cpp:133] game server is disconnect, after 3s will be reconnect!, server id: 1101
W0105 05:26:25.692659 78274560 ProxyThread.cpp:138] db server is disconnect, after 3s will be reconnect!
W0105 05:26:25.704951 78274560 ProxyThread.cpp:114] center server is disconnect, after 3s will be reconnect!
W0105 05:26:25.707262 78274560 ProxyThread.cpp:133] login server is disconnect, after 3s will be reconnect!, server id: 10
W0105 05:26:29.191884 185787840 NetModule.cpp:723] ready reconnect server, server id: 1
W0105 05:26:29.192999 185787840 NetModule.cpp:723] ready reconnect server, server id: 10
W0105 05:26:29.193090 185787840 NetModule.cpp:723] ready reconnect server, server id: 1101
W0105 05:26:29.193159 185787840 NetModule.cpp:723] ready reconnect server, server id: 0
W0105 05:26:29.232848 78274560 ServerMgr.cpp:17] repeated add game server, game server id:1101
W0105 05:26:36.278369 78274560 ServerMgr.cpp:60] repeated add login server, login server id:10
W0105 06:31:28.716037 78274560 ProxyThread.cpp:133] login server is disconnect, after 3s will be reconnect!, server id: 10
W0105 06:31:28.716133 78274560 ProxyThread.cpp:138] db server is disconnect, after 3s will be reconnect!
W0105 06:31:28.716223 78274560 ProxyThread.cpp:133] game server is disconnect, after 3s will be reconnect!, server id: 1101
W0105 06:31:28.716244 78274560 ProxyThread.cpp:114] center server is disconnect, after 3s will be reconnect!
W0105 06:31:32.218649 185787840 NetModule.cpp:723] ready reconnect server, server id: 1
W0105 06:31:32.218757 185787840 NetModule.cpp:723] ready reconnect server, server id: 10
W0105 06:31:32.219534 185787840 NetModule.cpp:723] ready reconnect server, server id: 1101
W0105 06:31:32.219640 185787840 NetModule.cpp:723] ready reconnect server, server id: 0
W0105 06:31:32.271376 78274560 ServerMgr.cpp:17] repeated add game server, game server id:1101
W0105 06:31:38.814954 78274560 ServerMgr.cpp:60] repeated add login server, login server id:10
W0105 07:36:32.739692 78274560 ProxyThread.cpp:138] db server is disconnect, after 3s will be reconnect!
W0105 07:36:32.740077 78274560 ProxyThread.cpp:133] login server is disconnect, after 3s will be reconnect!, server id: 10
W0105 07:36:32.740101 78274560 ProxyThread.cpp:114] center server is disconnect, after 3s will be reconnect!
W0105 07:36:32.740234 78274560 ProxyThread.cpp:133] game server is disconnect, after 3s will be reconnect!, server id: 1101
W0105 07:36:36.247927 185787840 NetModule.cpp:723] ready reconnect server, server id: 1
W0105 07:36:36.248042 185787840 NetModule.cpp:723] ready reconnect server, server id: 10
W0105 07:36:36.248661 185787840 NetModule.cpp:723] ready reconnect server, server id: 1101
W0105 07:36:36.248767 185787840 NetModule.cpp:723] ready reconnect server, server id: 0
W0105 07:36:36.291610 78274560 ServerMgr.cpp:17] repeated add game server, game server id:1101
W0105 07:36:43.322832 78274560 ServerMgr.cpp:60] repeated add login server, login server id:10
W0105 08:41:36.770953 78274560 ProxyThread.cpp:133] login server is disconnect, after 3s will be reconnect!, server id: 10
W0105 08:41:36.771072 78274560 ProxyThread.cpp:133] game server is disconnect, after 3s will be reconnect!, server id: 1101
W0105 08:41:36.771112 78274560 ProxyThread.cpp:114] center server is disconnect, after 3s will be reconnect!
W0105 08:41:36.771144 78274560 ProxyThread.cpp:138] db server is disconnect, after 3s will be reconnect!
W0105 08:41:40.267699 185787840 NetModule.cpp:723] ready reconnect server, server id: 1
W0105 08:41:40.268862 185787840 NetModule.cpp:723] ready reconnect server, server id: 10
W0105 08:41:40.268972 185787840 NetModule.cpp:723] ready reconnect server, server id: 1101
W0105 08:41:40.269623 185787840 NetModule.cpp:723] ready reconnect server, server id: 0
W0105 08:41:40.319613 78274560 ServerMgr.cpp:17] repeated add game server, game server id:1101
W0105 08:41:46.868140 78274560 ServerMgr.cpp:60] repeated add login server, login server id:10
W0105 09:45:02.800689 78274560 ProxyThread.cpp:133] login server is disconnect, after 3s will be reconnect!, server id: 10
W0105 09:45:02.800786 78274560 ProxyThread.cpp:138] db server is disconnect, after 3s will be reconnect!
W0105 09:45:02.800820 78274560 ProxyThread.cpp:114] center server is disconnect, after 3s will be reconnect!
W0105 09:45:02.800853 78274560 ProxyThread.cpp:133] game server is disconnect, after 3s will be reconnect!, server id: 1101
W0105 09:45:06.294663 185787840 NetModule.cpp:723] ready reconnect server, server id: 1
W0105 09:45:06.294770 185787840 NetModule.cpp:723] ready reconnect server, server id: 10
W0105 09:45:06.294854 185787840 NetModule.cpp:723] ready reconnect server, server id: 1101
W0105 09:45:06.294925 185787840 NetModule.cpp:723] ready reconnect server, server id: 0
W0105 09:45:06.355790 78274560 ServerMgr.cpp:17] repeated add game server, game server id:1101
W0105 09:45:13.373078 78274560 ServerMgr.cpp:60] repeated add login server, login server id:10
W0105 16:04:34.849038 78274560 ProxyThread.cpp:133] login server is disconnect, after 3s will be reconnect!, server id: 10
W0105 16:04:34.849694 78274560 ProxyThread.cpp:133] game server is disconnect, after 3s will be reconnect!, server id: 1101
W0105 16:04:34.853879 78274560 ProxyThread.cpp:114] center server is disconnect, after 3s will be reconnect!
W0105 16:04:34.871448 78274560 ProxyThread.cpp:138] db server is disconnect, after 3s will be reconnect!
W0105 16:04:38.343060 185787840 NetModule.cpp:723] ready reconnect server, server id: 1
W0105 16:04:38.344111 185787840 NetModule.cpp:723] ready reconnect server, server id: 10
W0105 16:04:38.344579 185787840 NetModule.cpp:723] ready reconnect server, server id: 1101
W0105 16:04:38.344686 185787840 NetModule.cpp:723] ready reconnect server, server id: 0
W0105 16:04:38.402981 78274560 ServerMgr.cpp:17] repeated add game server, game server id:1101
W0105 16:04:45.423707 78274560 ServerMgr.cpp:60] repeated add login server, login server id:10
W0105 19:00:34.940948 78274560 ProxyThread.cpp:133] game server is disconnect, after 3s will be reconnect!, server id: 1101
W0105 19:00:34.941386 78274560 ProxyThread.cpp:133] login server is disconnect, after 3s will be reconnect!, server id: 10
W0105 19:00:34.941431 78274560 ProxyThread.cpp:138] db server is disconnect, after 3s will be reconnect!
W0105 19:00:34.941467 78274560 ProxyThread.cpp:114] center server is disconnect, after 3s will be reconnect!
W0105 19:00:38.438320 185787840 NetModule.cpp:723] ready reconnect server, server id: 1
W0105 19:00:38.438450 185787840 NetModule.cpp:723] ready reconnect server, server id: 10
W0105 19:00:38.439891 185787840 NetModule.cpp:723] ready reconnect server, server id: 1101
W0105 19:00:38.440572 185787840 NetModule.cpp:723] ready reconnect server, server id: 0
W0105 19:00:38.490792 78274560 ServerMgr.cpp:17] repeated add game server, game server id:1101
W0105 19:00:45.507104 78274560 ServerMgr.cpp:60] repeated add login server, login server id:10
W0106 04:01:13.568115 78274560 ProxyThread.cpp:133] login server is disconnect, after 3s will be reconnect!, server id: 10
W0106 04:01:13.608343 78274560 ProxyThread.cpp:114] center server is disconnect, after 3s will be reconnect!
W0106 04:01:14.008280 78274560 ProxyThread.cpp:138] db server is disconnect, after 3s will be reconnect!
W0106 04:01:14.155439 78274560 ProxyThread.cpp:133] game server is disconnect, after 3s will be reconnect!, server id: 1101
W0106 04:01:17.059653 185787840 NetModule.cpp:723] ready reconnect server, server id: 10
W0106 04:01:17.059777 185787840 NetModule.cpp:723] ready reconnect server, server id: 0
W0106 04:01:17.108988 78274560 ServerMgr.cpp:17] repeated add game server, game server id:1101
W0106 04:01:17.566071 185787840 NetModule.cpp:723] ready reconnect server, server id: 1
W0106 04:01:17.566507 185787840 NetModule.cpp:723] ready reconnect server, server id: 1101
W0106 04:01:24.163295 78274560 ServerMgr.cpp:60] repeated add login server, login server id:10
W0106 10:27:33.841500 78274560 ProxyThread.cpp:133] login server is disconnect, after 3s will be reconnect!, server id: 10
W0106 10:27:33.855110 78274560 ProxyThread.cpp:133] game server is disconnect, after 3s will be reconnect!, server id: 1101
W0106 10:27:33.861845 78274560 ProxyThread.cpp:138] db server is disconnect, after 3s will be reconnect!
W0106 10:27:33.864996 78274560 ProxyThread.cpp:114] center server is disconnect, after 3s will be reconnect!
W0106 10:27:37.319757 185787840 NetModule.cpp:723] ready reconnect server, server id: 1
W0106 10:27:37.319890 185787840 NetModule.cpp:723] ready reconnect server, server id: 10
W0106 10:27:37.319990 185787840 NetModule.cpp:723] ready reconnect server, server id: 1101
W0106 10:27:37.320566 185787840 NetModule.cpp:723] ready reconnect server, server id: 0
W0106 10:27:37.366730 78274560 ServerMgr.cpp:17] repeated add game server, game server id:1101
W0106 10:27:44.361119 78274560 ServerMgr.cpp:60] repeated add login server, login server id:10
W0106 11:17:07.603096 78274560 ProxyThread.cpp:138] db server is disconnect, after 3s will be reconnect!
W0106 11:17:07.650040 78274560 ProxyThread.cpp:133] login server is disconnect, after 3s will be reconnect!, server id: 10
W0106 11:17:07.650126 78274560 ProxyThread.cpp:133] game server is disconnect, after 3s will be reconnect!, server id: 1101
W0106 11:17:07.653836 78274560 ProxyThread.cpp:114] center server is disconnect, after 3s will be reconnect!
W0106 11:17:11.084031 185787840 NetModule.cpp:723] ready reconnect server, server id: 1
W0106 11:17:11.084354 185787840 NetModule.cpp:723] ready reconnect server, server id: 10
W0106 11:17:11.084559 185787840 NetModule.cpp:723] ready reconnect server, server id: 1101
W0106 11:17:11.085419 185787840 NetModule.cpp:723] ready reconnect server, server id: 0
W0106 11:17:11.126312 78274560 ServerMgr.cpp:17] repeated add game server, game server id:1101
W0106 11:17:18.152108 78274560 ServerMgr.cpp:60] repeated add login server, login server id:10
W0106 12:42:19.330585 78274560 ProxyThread.cpp:133] login server is disconnect, after 3s will be reconnect!, server id: 10
W0106 12:42:19.463070 78274560 ProxyThread.cpp:133] game server is disconnect, after 3s will be reconnect!, server id: 1101
W0106 12:42:19.466177 78274560 ProxyThread.cpp:138] db server is disconnect, after 3s will be reconnect!
W0106 12:42:19.474743 78274560 ProxyThread.cpp:114] center server is disconnect, after 3s will be reconnect!
W0106 12:42:22.789157 185787840 NetModule.cpp:723] ready reconnect server, server id: 1
W0106 12:42:22.789734 185787840 NetModule.cpp:723] ready reconnect server, server id: 10
W0106 12:42:22.790737 185787840 NetModule.cpp:723] ready reconnect server, server id: 1101
W0106 12:42:22.792393 185787840 NetModule.cpp:723] ready reconnect server, server id: 0
W0106 12:42:22.836755 78274560 ServerMgr.cpp:17] repeated add game server, game server id:1101
W0106 12:42:29.845494 78274560 ServerMgr.cpp:60] repeated add login server, login server id:10
W0106 12:58:31.363072 78274560 ProxyThread.cpp:138] db server is disconnect, after 3s will be reconnect!
W0106 12:58:31.363207 78274560 ProxyThread.cpp:114] center server is disconnect, after 3s will be reconnect!
W0106 12:58:31.363461 78274560 ProxyThread.cpp:133] login server is disconnect, after 3s will be reconnect!, server id: 10
W0106 12:58:31.374918 78274560 ProxyThread.cpp:133] game server is disconnect, after 3s will be reconnect!, server id: 1101
W0106 12:58:34.856206 185787840 NetModule.cpp:723] ready reconnect server, server id: 1
W0106 12:58:34.856477 185787840 NetModule.cpp:723] ready reconnect server, server id: 10
W0106 12:58:34.856791 185787840 NetModule.cpp:723] ready reconnect server, server id: 1101
W0106 12:58:34.858427 185787840 NetModule.cpp:723] ready reconnect server, server id: 0
W0106 12:58:34.887392 78274560 ServerMgr.cpp:17] repeated add game server, game server id:1101
W0106 12:58:41.900406 78274560 ServerMgr.cpp:60] repeated add login server, login server id:10
W0106 13:30:38.014467 78274560 ProxyThread.cpp:138] db server is disconnect, after 3s will be reconnect!
W0106 13:30:38.014547 78274560 ProxyThread.cpp:133] login server is disconnect, after 3s will be reconnect!, server id: 10
W0106 13:30:38.014570 78274560 ProxyThread.cpp:114] center server is disconnect, after 3s will be reconnect!
W0106 13:30:38.014591 78274560 ProxyThread.cpp:133] game server is disconnect, after 3s will be reconnect!, server id: 1101
W0106 13:30:41.505883 185787840 NetModule.cpp:723] ready reconnect server, server id: 1
W0106 13:30:41.506280 185787840 NetModule.cpp:723] ready reconnect server, server id: 10
W0106 13:30:41.506548 185787840 NetModule.cpp:723] ready reconnect server, server id: 1101
W0106 13:30:41.506856 185787840 NetModule.cpp:723] ready reconnect server, server id: 0
W0106 13:30:41.556497 78274560 ServerMgr.cpp:17] repeated add game server, game server id:1101
W0106 13:30:48.079031 78274560 ServerMgr.cpp:60] repeated add login server, login server id:10
W0106 13:47:27.148906 78274560 ProxyThread.cpp:133] login server is disconnect, after 3s will be reconnect!, server id: 10
W0106 13:47:27.148985 78274560 ProxyThread.cpp:138] db server is disconnect, after 3s will be reconnect!
W0106 13:47:27.163584 78274560 ProxyThread.cpp:114] center server is disconnect, after 3s will be reconnect!
W0106 13:47:27.163893 78274560 ProxyThread.cpp:133] game server is disconnect, after 3s will be reconnect!, server id: 1101
W0106 13:47:30.632191 185787840 NetModule.cpp:723] ready reconnect server, server id: 1
W0106 13:47:30.632411 185787840 NetModule.cpp:723] ready reconnect server, server id: 10
W0106 13:47:30.632570 185787840 NetModule.cpp:723] ready reconnect server, server id: 1101
W0106 13:47:30.632709 185787840 NetModule.cpp:723] ready reconnect server, server id: 0
W0106 13:47:30.662403 78274560 ServerMgr.cpp:17] repeated add game server, game server id:1101
W0106 13:47:37.685204 78274560 ServerMgr.cpp:60] repeated add login server, login server id:10
W0106 13:59:28.032407 78274560 ProxyThread.cpp:133] login server is disconnect, after 3s will be reconnect!, server id: 10
W0106 13:59:28.032541 78274560 ProxyThread.cpp:114] center server is disconnect, after 3s will be reconnect!
W0106 13:59:28.053092 78274560 ProxyThread.cpp:138] db server is disconnect, after 3s will be reconnect!
W0106 13:59:28.053138 78274560 ProxyThread.cpp:133] game server is disconnect, after 3s will be reconnect!, server id: 1101
W0106 13:59:31.527910 185787840 NetModule.cpp:723] ready reconnect server, server id: 1
W0106 13:59:31.528208 185787840 NetModule.cpp:723] ready reconnect server, server id: 10
W0106 13:59:31.529731 185787840 NetModule.cpp:723] ready reconnect server, server id: 1101
W0106 13:59:31.530035 185787840 NetModule.cpp:723] ready reconnect server, server id: 0
W0106 13:59:31.582562 78274560 ServerMgr.cpp:17] repeated add game server, game server id:1101
W0106 13:59:38.573534 78274560 ServerMgr.cpp:60] repeated add login server, login server id:10
W0106 19:07:06.725106 78274560 ProxyThread.cpp:133] login server is disconnect, after 3s will be reconnect!, server id: 10
W0106 19:07:06.725178 78274560 ProxyThread.cpp:114] center server is disconnect, after 3s will be reconnect!
W0106 19:07:06.725201 78274560 ProxyThread.cpp:133] game server is disconnect, after 3s will be reconnect!, server id: 1101
W0106 19:07:06.734468 78274560 ProxyThread.cpp:138] db server is disconnect, after 3s will be reconnect!
W0106 19:07:10.223342 185787840 NetModule.cpp:723] ready reconnect server, server id: 1
W0106 19:07:10.223690 185787840 NetModule.cpp:723] ready reconnect server, server id: 10
W0106 19:07:10.224021 185787840 NetModule.cpp:723] ready reconnect server, server id: 1101
W0106 19:07:10.225116 185787840 NetModule.cpp:723] ready reconnect server, server id: 0
W0106 19:07:10.249279 78274560 ServerMgr.cpp:17] repeated add game server, game server id:1101
W0106 19:07:17.302418 78274560 ServerMgr.cpp:60] repeated add login server, login server id:10
W0106 23:36:59.149186 78274560 ProxyThread.cpp:133] game server is disconnect, after 3s will be reconnect!, server id: 1101
W0106 23:36:59.149588 78274560 ProxyThread.cpp:133] login server is disconnect, after 3s will be reconnect!, server id: 10
W0106 23:36:59.149626 78274560 ProxyThread.cpp:138] db server is disconnect, after 3s will be reconnect!
W0106 23:36:59.149662 78274560 ProxyThread.cpp:114] center server is disconnect, after 3s will be reconnect!
W0106 23:37:02.630980 185787840 NetModule.cpp:723] ready reconnect server, server id: 1
W0106 23:37:02.631144 185787840 NetModule.cpp:723] ready reconnect server, server id: 10
W0106 23:37:02.631278 185787840 NetModule.cpp:723] ready reconnect server, server id: 1101
W0106 23:37:02.631408 185787840 NetModule.cpp:723] ready reconnect server, server id: 0
W0106 23:37:02.655025 78274560 ServerMgr.cpp:17] repeated add game server, game server id:1101
W0106 23:37:09.692708 78274560 ServerMgr.cpp:60] repeated add login server, login server id:10
W0107 08:38:00.573534 78274560 ProxyThread.cpp:133] login server is disconnect, after 3s will be reconnect!, server id: 10
W0107 08:38:00.591502 78274560 ProxyThread.cpp:133] game server is disconnect, after 3s will be reconnect!, server id: 1101
W0107 08:38:00.597955 78274560 ProxyThread.cpp:138] db server is disconnect, after 3s will be reconnect!
W0107 08:38:00.598057 78274560 ProxyThread.cpp:114] center server is disconnect, after 3s will be reconnect!
W0107 08:38:04.068212 185787840 NetModule.cpp:723] ready reconnect server, server id: 1
W0107 08:38:04.068346 185787840 NetModule.cpp:723] ready reconnect server, server id: 10
W0107 08:38:04.068444 185787840 NetModule.cpp:723] ready reconnect server, server id: 1101
W0107 08:38:04.069134 185787840 NetModule.cpp:723] ready reconnect server, server id: 0
