Log file created at: 2019/04/22 18:46:05
Running on machine: henisdeMacBookPro.local
Log line format: [IWEF]mmdd hh:mm:ss.uuuuuu threadid file:line] msg
I0422 18:46:05.246054 176584128 ProxyServer.cpp:45] 正在启动代理服务器...
I0422 18:46:05.252303 176584128 NetModule.h:71] Init NetModule Finished.
I0422 18:46:05.252377 176584128 NetModule.h:78] start work thread 0...
I0422 18:46:05.252387 176584128 NetModule.cpp:69] Start Run NetModule...
I0422 18:46:05.252408 176584128 NetModule.cpp:88] NetModule Already Startover.
I0422 18:46:05.253151 176584128 NetModule.cpp:136] Create one server...
I0422 18:46:05.253322 176584128 NetConnector.cpp:216] connect to: 0.0.0.0:5001 success! 
I0422 18:46:05.253341 176584128 NetConnector.cpp:216] connect to: 0.0.0.0:6001 success! 
I0422 18:46:05.264570 146059264 ProxyThread.cpp:66] connect to center server succ.
I0422 18:46:05.264605 146059264 ProxyThread.cpp:92] connect to db server succ
I0422 18:46:05.301764 146059264 NetModule.cpp:220] add one connector: 127.0.0.1:9903 succeed...
W0422 18:46:05.301792 146059264 ServerMgr.cpp:40] add game server, game server id:993
I0422 18:46:05.302271 146059264 ProxyThread.cpp:543] get game server list finish!
I0422 18:46:05.302283 146059264 ProxyThread.cpp:514] get login server list finish!
I0422 18:46:05.302289 146059264 ProxyThread.cpp:572] get customer server list finish!
I0422 18:46:05.755820 176584128 NetConnector.cpp:216] connect to: 127.0.0.1:9903 success! 
I0422 18:46:05.756145 146059264 ProxyThread.cpp:86] connect to game server succ, server id:993
I0422 18:46:13.106295 146059264 NetModule.cpp:220] add one connector: 0.0.0.0:7001 succeed...
W0422 18:46:13.106317 146059264 ServerMgr.cpp:79] add login server, login server id:10
I0422 18:46:13.276072 176584128 NetConnector.cpp:216] connect to: 0.0.0.0:7001 success! 
I0422 18:46:13.278062 146059264 ProxyThread.cpp:76] connect to login server succ, server id:10
W0422 18:46:16.026163 146059264 ProxyThread.cpp:133] game server is disconnect, after 3s will be reconnect!, server id: 993
W0422 18:46:16.038125 146059264 ServerMgr.cpp:145] remove one game server, game server id:993
W0422 18:46:19.070842 146059264 ServerMgr.cpp:354] disconnect login or game server is remove or register again, no server reconnect...
I0422 18:46:23.028152 146059264 NetModule.cpp:220] add one connector: 127.0.0.1:9903 succeed...
W0422 18:46:23.028194 146059264 ServerMgr.cpp:40] add game server, game server id:993
I0422 18:46:23.303325 176584128 NetConnector.cpp:216] connect to: 127.0.0.1:9903 success! 
I0422 18:46:23.303584 146059264 ProxyThread.cpp:86] connect to game server succ, server id:993
I0422 18:46:37.230773 176584128 NetServer.cpp:55] accept io...192.168.10.175:50942
W0422 18:52:29.409283 146059264 ServerMgr.cpp:140] remove game server, but the link is alive, game server id:993
W0422 18:52:29.409476 146059264 ServerMgr.cpp:145] remove one game server, game server id:993
I0422 18:53:15.316929 146059264 NetModule.cpp:220] add one connector: 127.0.0.1:9903 succeed...
W0422 18:53:15.317059 146059264 ServerMgr.cpp:40] add game server, game server id:993
I0422 18:53:15.566604 176584128 NetConnector.cpp:216] connect to: 127.0.0.1:9903 success! 
I0422 18:53:15.568352 146059264 ProxyThread.cpp:86] connect to game server succ, server id:993
W0422 18:59:35.629042 146059264 ProxyThread.cpp:133] game server is disconnect, after 3s will be reconnect!, server id: 993
I0422 18:59:35.648375 176584128 NetServer.cpp:88] delete io...192.168.10.175:50942
W0422 18:59:35.650919 146059264 ServerMgr.cpp:145] remove one game server, game server id:993
I0422 18:59:35.811028 176584128 NetServer.cpp:55] accept io...192.168.10.175:50943
W0422 18:59:38.641526 146059264 ServerMgr.cpp:354] disconnect login or game server is remove or register again, no server reconnect...
I0422 18:59:47.508479 146059264 NetModule.cpp:220] add one connector: 127.0.0.1:9903 succeed...
W0422 18:59:47.508509 146059264 ServerMgr.cpp:40] add game server, game server id:993
I0422 18:59:47.777815 176584128 NetConnector.cpp:216] connect to: 127.0.0.1:9903 success! 
I0422 18:59:47.779912 146059264 ProxyThread.cpp:86] connect to game server succ, server id:993
I0422 18:59:48.767953 176584128 NetServer.cpp:88] delete io...192.168.10.175:50943
I0422 18:59:54.243687 176584128 NetServer.cpp:55] accept io...192.168.10.175:50944
W0422 19:00:03.784468 146059264 ProxyThread.cpp:854] client socket not found, main id: 6, sub id: 660
W0422 19:15:02.520329 146059264 ProxyThread.cpp:133] game server is disconnect, after 3s will be reconnect!, server id: 993
W0422 19:15:02.530299 146059264 ServerMgr.cpp:145] remove one game server, game server id:993
I0422 19:15:02.541674 176584128 NetServer.cpp:88] delete io...192.168.10.175:50944
I0422 19:15:02.744959 176584128 NetServer.cpp:55] accept io...192.168.10.175:50945
W0422 19:15:05.604540 146059264 ServerMgr.cpp:354] disconnect login or game server is remove or register again, no server reconnect...
I0422 19:19:51.843482 176584128 NetServer.cpp:88] delete io...192.168.10.175:50945
I0422 19:19:53.245664 176584128 NetServer.cpp:55] accept io...192.168.10.175:50946
I0422 19:19:55.996361 176584128 NetServer.cpp:88] delete io...192.168.10.175:50946
I0422 19:46:42.312053 146059264 NetModule.cpp:220] add one connector: 127.0.0.1:9903 succeed...
W0422 19:46:42.312297 146059264 ServerMgr.cpp:40] add game server, game server id:993
I0422 19:46:42.591339 176584128 NetConnector.cpp:216] connect to: 127.0.0.1:9903 success! 
I0422 19:46:42.592419 146059264 ProxyThread.cpp:86] connect to game server succ, server id:993
I0422 19:46:56.708570 176584128 NetServer.cpp:55] accept io...192.168.10.175:50947
W0422 19:50:39.876909 146059264 ServerMgr.cpp:140] remove game server, but the link is alive, game server id:993
W0422 19:50:39.877712 146059264 ServerMgr.cpp:145] remove one game server, game server id:993
I0422 19:51:04.221035 146059264 NetModule.cpp:220] add one connector: 127.0.0.1:9903 succeed...
W0422 19:51:04.221060 146059264 ServerMgr.cpp:40] add game server, game server id:993
I0422 19:51:04.341115 176584128 NetConnector.cpp:216] connect to: 127.0.0.1:9903 success! 
I0422 19:51:04.342782 146059264 ProxyThread.cpp:86] connect to game server succ, server id:993
I0422 20:25:52.793545 176584128 NetServer.cpp:88] delete io...192.168.10.175:50947
W0423 10:33:44.139571 146059264 ProxyThread.cpp:133] game server is disconnect, after 3s will be reconnect!, server id: 993
W0423 10:33:44.151708 146059264 ServerMgr.cpp:145] remove one game server, game server id:993
W0423 10:33:47.181427 146059264 ServerMgr.cpp:354] disconnect login or game server is remove or register again, no server reconnect...
I0423 10:33:55.835424 146059264 NetModule.cpp:220] add one connector: 127.0.0.1:9903 succeed...
W0423 10:33:55.835461 146059264 ServerMgr.cpp:40] add game server, game server id:993
I0423 10:33:56.078140 176584128 NetConnector.cpp:216] connect to: 127.0.0.1:9903 success! 
I0423 10:33:56.080724 146059264 ProxyThread.cpp:86] connect to game server succ, server id:993
I0423 10:34:08.667048 146059264 NetModule.cpp:220] add one connector: 127.0.0.1:9901 succeed...
W0423 10:34:08.667073 146059264 ServerMgr.cpp:40] add game server, game server id:991
I0423 10:34:09.118415 146059264 ProxyThread.cpp:86] connect to game server succ, server id:991
I0423 10:34:09.118517 176584128 NetConnector.cpp:216] connect to: 127.0.0.1:9901 success! 
I0423 10:34:16.501636 146059264 NetModule.cpp:220] add one connector: 127.0.0.1:11001 succeed...
W0423 10:34:16.501701 146059264 ServerMgr.cpp:40] add game server, game server id:11
I0423 10:34:16.649114 176584128 NetConnector.cpp:216] connect to: 127.0.0.1:11001 success! 
I0423 10:34:16.650082 146059264 ProxyThread.cpp:86] connect to game server succ, server id:11
I0423 10:37:50.879940 176584128 NetServer.cpp:55] accept io...192.168.10.147:55761
I0423 10:38:36.921286 176584128 NetServer.cpp:88] delete io...192.168.10.147:55761
W0423 10:38:43.705567 146059264 ProxyThread.cpp:133] game server is disconnect, after 3s will be reconnect!, server id: 993
W0423 10:38:43.719456 146059264 ServerMgr.cpp:145] remove one game server, game server id:993
W0423 10:38:46.791998 146059264 ServerMgr.cpp:354] disconnect login or game server is remove or register again, no server reconnect...
I0423 10:39:13.108376 176584128 NetServer.cpp:55] accept io...192.168.10.147:55762
I0423 10:39:24.444239 146059264 NetModule.cpp:220] add one connector: 127.0.0.1:9903 succeed...
W0423 10:39:24.444830 146059264 ServerMgr.cpp:40] add game server, game server id:993
I0423 10:39:24.670429 176584128 NetConnector.cpp:216] connect to: 127.0.0.1:9903 success! 
I0423 10:39:24.671195 146059264 ProxyThread.cpp:86] connect to game server succ, server id:993
I0423 11:23:29.011837 176584128 NetServer.cpp:88] delete io...192.168.10.147:55762
I0423 14:23:21.046373 176584128 NetServer.cpp:55] accept io...192.168.10.147:55782
I0423 14:40:23.663657 176584128 NetServer.cpp:88] delete io...192.168.10.147:55782
I0423 14:40:23.832909 176584128 NetServer.cpp:55] accept io...192.168.10.147:55783
W0423 14:40:28.950839 146059264 ProxyThread.cpp:908] can not find hall user!, user id: 85593361, main id: 6, sub id: 671
W0423 14:40:28.950939 146059264 ProxyThread.cpp:908] can not find hall user!, user id: 85593361, main id: 6, sub id: 671
W0423 14:40:28.950968 146059264 ProxyThread.cpp:908] can not find hall user!, user id: 85593361, main id: 6, sub id: 671
W0423 14:40:29.068492 146059264 ProxyThread.cpp:908] can not find hall user!, user id: 85593361, main id: 7, sub id: 7108
W0423 14:40:29.175776 146059264 ProxyThread.cpp:908] can not find hall user!, user id: 85593361, main id: 6, sub id: 673
W0423 14:40:29.285679 146059264 ProxyThread.cpp:908] can not find hall user!, user id: 85593361, main id: 6, sub id: 672
W0423 14:40:29.398708 146059264 ProxyThread.cpp:908] can not find hall user!, user id: 85593361, main id: 7, sub id: 7108
W0423 14:40:29.513540 146059264 ProxyThread.cpp:908] can not find hall user!, user id: 85593361, main id: 6, sub id: 673
W0423 14:40:29.609542 146059264 ProxyThread.cpp:908] can not find hall user!, user id: 85593361, main id: 6, sub id: 672
W0423 14:40:29.746383 146059264 ProxyThread.cpp:908] can not find hall user!, user id: 85593361, main id: 7, sub id: 7108
W0423 14:40:29.841840 146059264 ProxyThread.cpp:908] can not find hall user!, user id: 85593361, main id: 6, sub id: 673
W0423 14:40:29.956988 146059264 ProxyThread.cpp:908] can not find hall user!, user id: 85593361, main id: 6, sub id: 672
I0423 14:41:29.551673 176584128 NetServer.cpp:88] delete io...192.168.10.147:55783
I0423 14:41:29.694274 176584128 NetServer.cpp:55] accept io...192.168.10.147:55784
I0423 15:06:27.408484 176584128 NetServer.cpp:88] delete io...192.168.10.147:55784
I0423 15:06:33.872768 176584128 NetServer.cpp:55] accept io...192.168.10.147:55785
I0423 15:31:56.830667 176584128 NetServer.cpp:88] delete io...192.168.10.147:55785
I0423 15:35:33.210433 176584128 NetServer.cpp:55] accept io...192.168.10.147:55795
I0423 15:40:09.731259 176584128 NetServer.cpp:88] delete io...192.168.10.147:55795
I0423 15:40:09.910429 176584128 NetServer.cpp:55] accept io...192.168.10.147:55796
W0423 15:40:22.554960 146059264 ProxyThread.cpp:908] can not find hall user!, user id: 85593361, main id: 6, sub id: 671
W0423 15:40:22.555127 146059264 ProxyThread.cpp:908] can not find hall user!, user id: 85593361, main id: 6, sub id: 671
W0423 15:40:22.677323 146059264 ProxyThread.cpp:908] can not find hall user!, user id: 85593361, main id: 7, sub id: 7108
W0423 15:40:22.789309 146059264 ProxyThread.cpp:908] can not find hall user!, user id: 85593361, main id: 6, sub id: 673
W0423 15:40:22.906381 146059264 ProxyThread.cpp:908] can not find hall user!, user id: 85593361, main id: 6, sub id: 672
I0423 15:53:50.747130 176584128 NetServer.cpp:88] delete io...192.168.10.147:55796
I0423 16:33:19.292691 176584128 NetServer.cpp:55] accept io...192.168.10.147:55813
I0423 16:34:12.941628 176584128 NetServer.cpp:88] delete io...192.168.10.147:55813
I0423 16:34:13.022361 176584128 NetServer.cpp:55] accept io...192.168.10.147:55814
W0423 16:34:32.011824 146059264 ProxyThread.cpp:908] can not find hall user!, user id: 85593361, main id: 7, sub id: 7108
W0423 16:34:32.134922 146059264 ProxyThread.cpp:908] can not find hall user!, user id: 85593361, main id: 6, sub id: 673
W0423 16:35:23.798722 146059264 ProxyThread.cpp:908] can not find hall user!, user id: 85593361, main id: 6, sub id: 671
W0423 16:35:23.798859 146059264 ProxyThread.cpp:908] can not find hall user!, user id: 85593361, main id: 6, sub id: 671
W0423 16:35:23.934554 146059264 ProxyThread.cpp:908] can not find hall user!, user id: 85593361, main id: 7, sub id: 7108
W0423 16:35:24.049428 146059264 ProxyThread.cpp:908] can not find hall user!, user id: 85593361, main id: 6, sub id: 673
W0423 16:35:24.145546 146059264 ProxyThread.cpp:908] can not find hall user!, user id: 85593361, main id: 6, sub id: 672
I0423 17:00:58.046924 176584128 NetServer.cpp:88] delete io...192.168.10.147:55814
I0423 17:03:42.999303 176584128 NetServer.cpp:55] accept io...192.168.10.147:55825
I0423 17:40:07.495178 176584128 NetServer.cpp:88] delete io...192.168.10.147:55825
I0423 20:39:36.892971 176584128 NetServer.cpp:55] accept io...192.168.10.147:55843
I0423 20:59:16.234155 176584128 NetServer.cpp:88] delete io...192.168.10.147:55843
I0423 20:59:22.767340 176584128 NetServer.cpp:55] accept io...192.168.10.147:55845
I0423 21:18:24.089474 176584128 NetServer.cpp:88] delete io...192.168.10.147:55845
W0424 10:41:18.308838 146059264 ProxyThread.cpp:133] game server is disconnect, after 3s will be reconnect!, server id: 993
W0424 10:41:18.317162 146059264 ServerMgr.cpp:145] remove one game server, game server id:993
W0424 10:41:21.388319 146059264 ServerMgr.cpp:354] disconnect login or game server is remove or register again, no server reconnect...
I0424 10:41:34.279255 146059264 NetModule.cpp:220] add one connector: 127.0.0.1:9903 succeed...
W0424 10:41:34.279295 146059264 ServerMgr.cpp:40] add game server, game server id:993
I0424 10:41:34.468899 176584128 NetConnector.cpp:216] connect to: 127.0.0.1:9903 success! 
I0424 10:41:34.472002 146059264 ProxyThread.cpp:86] connect to game server succ, server id:993
I0424 10:41:50.918475 176584128 NetServer.cpp:55] accept io...192.168.10.139:50196
I0424 10:42:12.066205 176584128 NetServer.cpp:88] delete io...192.168.10.139:50196
I0424 10:42:20.599714 176584128 NetServer.cpp:55] accept io...192.168.10.139:50197
I0424 11:02:36.235713 176584128 NetServer.cpp:88] delete io...192.168.10.139:50197
I0424 11:02:52.213765 176584128 NetServer.cpp:55] accept io...192.168.10.128:52072
I0424 11:04:07.580643 176584128 NetServer.cpp:88] delete io...192.168.10.128:52072
W0424 11:04:35.571146 146059264 ProxyThread.cpp:854] client socket not found, main id: 6, sub id: 651
I0424 11:07:43.917914 176584128 NetServer.cpp:55] accept io...192.168.10.128:52088
I0424 11:08:51.769517 176584128 NetServer.cpp:88] delete io...192.168.10.128:52088
W0424 11:09:12.939690 146059264 ProxyThread.cpp:854] client socket not found, main id: 6, sub id: 695
W0424 11:09:12.939801 146059264 ProxyThread.cpp:854] client socket not found, main id: 6, sub id: 682
W0424 11:09:12.939844 146059264 ProxyThread.cpp:854] client socket not found, main id: 6, sub id: 650
W0424 11:09:13.271948 146059264 ProxyThread.cpp:854] client socket not found, main id: 6, sub id: 661
W0424 11:09:13.272096 146059264 ProxyThread.cpp:854] client socket not found, main id: 6, sub id: 695
W0424 11:09:13.272157 146059264 ProxyThread.cpp:854] client socket not found, main id: 6, sub id: 682
W0424 11:09:13.272210 146059264 ProxyThread.cpp:854] client socket not found, main id: 6, sub id: 650
W0424 11:09:13.617694 146059264 ProxyThread.cpp:854] client socket not found, main id: 6, sub id: 661
W0424 11:09:13.617878 146059264 ProxyThread.cpp:854] client socket not found, main id: 6, sub id: 695
W0424 11:09:13.617945 146059264 ProxyThread.cpp:854] client socket not found, main id: 6, sub id: 682
W0424 11:09:13.618000 146059264 ProxyThread.cpp:854] client socket not found, main id: 6, sub id: 650
W0424 11:09:13.945314 146059264 ProxyThread.cpp:854] client socket not found, main id: 6, sub id: 661
W0424 11:09:13.945475 146059264 ProxyThread.cpp:854] client socket not found, main id: 6, sub id: 695
W0424 11:09:13.945540 146059264 ProxyThread.cpp:854] client socket not found, main id: 6, sub id: 682
W0424 11:09:13.945663 146059264 ProxyThread.cpp:854] client socket not found, main id: 6, sub id: 650
W0424 11:09:14.291857 146059264 ProxyThread.cpp:854] client socket not found, main id: 6, sub id: 661
I0424 14:24:55.403278 176584128 NetServer.cpp:55] accept io...192.168.10.139:50238
I0424 15:01:31.019930 176584128 NetServer.cpp:88] delete io...192.168.10.139:50238
I0424 15:01:34.164616 176584128 NetServer.cpp:55] accept io...192.168.10.139:50247
W0424 15:06:32.673352 146059264 ProxyThread.cpp:133] game server is disconnect, after 3s will be reconnect!, server id: 993
I0424 15:06:32.683409 176584128 NetServer.cpp:88] delete io...192.168.10.139:50247
W0424 15:06:32.697252 146059264 ServerMgr.cpp:145] remove one game server, game server id:993
I0424 15:06:32.972923 176584128 NetServer.cpp:55] accept io...192.168.10.139:50248
W0424 15:06:35.723984 146059264 ServerMgr.cpp:354] disconnect login or game server is remove or register again, no server reconnect...
I0424 15:06:35.817193 146059264 NetModule.cpp:220] add one connector: 127.0.0.1:9903 succeed...
W0424 15:06:35.817234 146059264 ServerMgr.cpp:40] add game server, game server id:993
I0424 15:06:35.880815 176584128 NetConnector.cpp:216] connect to: 127.0.0.1:9903 success! 
I0424 15:06:35.882232 146059264 ProxyThread.cpp:86] connect to game server succ, server id:993
I0424 15:07:00.954232 176584128 NetServer.cpp:88] delete io...192.168.10.139:50248
I0424 15:07:05.453747 176584128 NetServer.cpp:55] accept io...192.168.10.139:50249
W0424 15:11:41.469290 146059264 ProxyThread.cpp:133] game server is disconnect, after 3s will be reconnect!, server id: 993
W0424 15:11:41.478129 146059264 ServerMgr.cpp:145] remove one game server, game server id:993
I0424 15:11:41.485309 176584128 NetServer.cpp:88] delete io...192.168.10.139:50249
I0424 15:11:41.815467 176584128 NetServer.cpp:55] accept io...192.168.10.139:50250
W0424 15:11:44.558415 146059264 ServerMgr.cpp:354] disconnect login or game server is remove or register again, no server reconnect...
I0424 15:11:44.812615 146059264 NetModule.cpp:220] add one connector: 127.0.0.1:9903 succeed...
W0424 15:11:44.812650 146059264 ServerMgr.cpp:40] add game server, game server id:993
I0424 15:11:44.853988 176584128 NetConnector.cpp:216] connect to: 127.0.0.1:9903 success! 
I0424 15:11:44.855708 146059264 ProxyThread.cpp:86] connect to game server succ, server id:993
I0424 15:11:51.561904 176584128 NetServer.cpp:88] delete io...192.168.10.139:50250
I0424 15:11:55.863219 176584128 NetServer.cpp:55] accept io...192.168.10.139:50251
W0424 15:30:02.688156 146059264 ProxyThread.cpp:133] game server is disconnect, after 3s will be reconnect!, server id: 993
W0424 15:30:02.709650 146059264 ServerMgr.cpp:145] remove one game server, game server id:993
W0424 15:30:05.709834 146059264 ServerMgr.cpp:354] disconnect login or game server is remove or register again, no server reconnect...
I0424 15:30:05.870488 146059264 NetModule.cpp:220] add one connector: 127.0.0.1:9903 succeed...
W0424 15:30:05.870549 146059264 ServerMgr.cpp:40] add game server, game server id:993
I0424 15:30:06.322192 176584128 NetConnector.cpp:216] connect to: 127.0.0.1:9903 success! 
I0424 15:30:06.322891 146059264 ProxyThread.cpp:86] connect to game server succ, server id:993
I0424 15:30:22.195109 176584128 NetServer.cpp:88] delete io...192.168.10.139:50251
I0424 15:30:22.318698 176584128 NetServer.cpp:55] accept io...192.168.10.139:50264
I0424 15:33:36.553222 176584128 NetServer.cpp:88] delete io...192.168.10.139:50264
I0424 15:33:36.707204 176584128 NetServer.cpp:55] accept io...192.168.10.139:50265
W0424 15:34:00.135640 146059264 ProxyThread.cpp:908] can not find hall user!, user id: 85593361, main id: 6, sub id: 671
W0424 15:34:00.240768 146059264 ProxyThread.cpp:908] can not find hall user!, user id: 85593361, main id: 7, sub id: 7108
W0424 15:34:00.363055 146059264 ProxyThread.cpp:908] can not find hall user!, user id: 85593361, main id: 6, sub id: 673
W0424 15:34:00.473312 146059264 ProxyThread.cpp:908] can not find hall user!, user id: 85593361, main id: 6, sub id: 672
I0424 15:41:16.028205 176584128 NetServer.cpp:88] delete io...192.168.10.139:50265
I0424 15:50:39.428480 176584128 NetServer.cpp:55] accept io...192.168.10.139:50268
I0424 15:51:41.636634 176584128 NetServer.cpp:88] delete io...192.168.10.139:50268
I0424 15:51:41.802639 176584128 NetServer.cpp:55] accept io...192.168.10.139:50269
W0424 15:51:45.783329 146059264 ProxyThread.cpp:908] can not find hall user!, user id: 85593361, main id: 7, sub id: 7108
W0424 15:51:45.902957 146059264 ProxyThread.cpp:908] can not find hall user!, user id: 85593361, main id: 6, sub id: 673
W0424 15:52:39.866412 146059264 ProxyThread.cpp:908] can not find hall user!, user id: 85593361, main id: 6, sub id: 671
W0424 15:52:39.867497 146059264 ProxyThread.cpp:908] can not find hall user!, user id: 85593361, main id: 6, sub id: 671
W0424 15:52:39.867564 146059264 ProxyThread.cpp:908] can not find hall user!, user id: 85593361, main id: 6, sub id: 671
W0424 15:52:39.867604 146059264 ProxyThread.cpp:908] can not find hall user!, user id: 85593361, main id: 6, sub id: 671
I0424 16:19:21.341390 176584128 NetServer.cpp:88] delete io...192.168.10.139:50269
I0424 16:29:31.886108 176584128 NetServer.cpp:55] accept io...192.168.10.139:50295
I0424 16:38:20.188294 176584128 NetServer.cpp:88] delete io...192.168.10.139:50295
I0424 16:38:33.554236 176584128 NetServer.cpp:55] accept io...192.168.10.139:50296
I0424 16:46:23.014170 176584128 NetServer.cpp:88] delete io...192.168.10.139:50296
I0424 16:46:51.652377 176584128 NetServer.cpp:55] accept io...192.168.10.139:50300
I0424 16:46:55.826927 176584128 NetServer.cpp:88] delete io...192.168.10.139:50300
I0424 16:47:09.730394 176584128 NetServer.cpp:55] accept io...192.168.10.139:50301
I0424 16:47:10.486241 176584128 NetServer.cpp:88] delete io...192.168.10.139:50301
I0424 16:47:15.638752 176584128 NetServer.cpp:55] accept io...192.168.10.139:50302
W0424 16:47:41.872110 146059264 ProxyThread.cpp:854] client socket not found, main id: 6, sub id: 661
I0424 17:04:07.162356 176584128 NetServer.cpp:88] delete io...192.168.10.139:50302
I0424 17:14:18.000306 176584128 NetServer.cpp:55] accept io...192.168.10.139:50303
I0424 17:30:27.347235 176584128 NetServer.cpp:88] delete io...192.168.10.139:50303
I0424 17:31:26.064108 176584128 NetServer.cpp:55] accept io...192.168.10.139:50308
I0424 17:31:31.023075 176584128 NetServer.cpp:88] delete io...192.168.10.139:50308
W0424 17:32:10.156914 146059264 ProxyThread.cpp:854] client socket not found, main id: 6, sub id: 661
I0424 18:46:25.388907 176584128 NetServer.cpp:55] accept io...192.168.10.139:50309
I0424 18:47:13.013159 176584128 NetServer.cpp:88] delete io...192.168.10.139:50309
I0424 18:48:51.366113 176584128 NetServer.cpp:55] accept io...192.168.10.139:50324
I0424 18:49:12.980679 176584128 NetServer.cpp:88] delete io...192.168.10.139:50324
I0424 18:57:32.103482 176584128 NetServer.cpp:55] accept io...192.168.10.139:50325
I0424 19:00:53.007334 176584128 NetServer.cpp:88] delete io...192.168.10.139:50325
I0424 19:00:53.294272 176584128 NetServer.cpp:55] accept io...192.168.10.139:50327
W0424 19:01:20.358669 146059264 ProxyThread.cpp:908] can not find hall user!, user id: 85593361, main id: 7, sub id: 7108
W0424 19:01:20.475697 146059264 ProxyThread.cpp:908] can not find hall user!, user id: 85593361, main id: 6, sub id: 673
I0424 19:02:00.436000 176584128 NetServer.cpp:88] delete io...192.168.10.139:50327
I0424 19:02:04.593477 176584128 NetServer.cpp:55] accept io...192.168.10.139:50328
W0424 19:02:19.429952 146059264 ProxyThread.cpp:908] can not find hall user!, user id: 85593361, main id: 6, sub id: 671
W0424 19:02:19.430075 146059264 ProxyThread.cpp:854] client socket not found, main id: 6, sub id: 695
W0424 19:02:19.430124 146059264 ProxyThread.cpp:854] client socket not found, main id: 6, sub id: 682
W0424 19:02:19.430162 146059264 ProxyThread.cpp:854] client socket not found, main id: 6, sub id: 650
W0424 19:02:19.781911 146059264 ProxyThread.cpp:854] client socket not found, main id: 6, sub id: 661
W0424 19:02:19.804754 146059264 ProxyThread.cpp:854] client socket not found, main id: 6, sub id: 695
W0424 19:02:19.804893 146059264 ProxyThread.cpp:854] client socket not found, main id: 6, sub id: 682
W0424 19:02:19.804956 146059264 ProxyThread.cpp:854] client socket not found, main id: 6, sub id: 650
W0424 19:02:20.120924 146059264 ProxyThread.cpp:854] client socket not found, main id: 6, sub id: 661
W0424 19:02:20.141204 146059264 ProxyThread.cpp:854] client socket not found, main id: 6, sub id: 695
W0424 19:02:20.141332 146059264 ProxyThread.cpp:854] client socket not found, main id: 6, sub id: 682
W0424 19:02:20.141384 146059264 ProxyThread.cpp:854] client socket not found, main id: 6, sub id: 650
W0424 19:02:20.470513 146059264 ProxyThread.cpp:854] client socket not found, main id: 6, sub id: 661
W0424 19:02:20.470607 146059264 ProxyThread.cpp:854] client socket not found, main id: 6, sub id: 695
W0424 19:02:20.470643 146059264 ProxyThread.cpp:854] client socket not found, main id: 6, sub id: 682
W0424 19:02:20.470671 146059264 ProxyThread.cpp:854] client socket not found, main id: 6, sub id: 650
W0424 19:02:20.796663 146059264 ProxyThread.cpp:854] client socket not found, main id: 6, sub id: 661
W0424 19:02:20.821955 146059264 ProxyThread.cpp:854] client socket not found, main id: 6, sub id: 695
W0424 19:02:20.822047 146059264 ProxyThread.cpp:854] client socket not found, main id: 6, sub id: 682
W0424 19:02:20.822082 146059264 ProxyThread.cpp:854] client socket not found, main id: 6, sub id: 650
W0424 19:02:21.154645 146059264 ProxyThread.cpp:854] client socket not found, main id: 6, sub id: 661
I0424 19:11:58.552161 176584128 NetServer.cpp:88] delete io...192.168.10.139:50328
I0424 19:36:16.941213 176584128 NetServer.cpp:55] accept io...192.168.10.139:50329
I0424 19:56:12.113258 176584128 NetServer.cpp:88] delete io...192.168.10.139:50329
I0424 20:07:10.120759 176584128 NetServer.cpp:55] accept io...192.168.10.139:50330
I0424 20:12:47.161136 176584128 NetServer.cpp:88] delete io...192.168.10.139:50330
I0424 20:12:47.307087 176584128 NetServer.cpp:55] accept io...192.168.10.139:50332
W0424 20:13:00.217700 146059264 ProxyThread.cpp:908] can not find hall user!, user id: 85593361, main id: 6, sub id: 671
W0424 20:13:00.218106 146059264 ProxyThread.cpp:908] can not find hall user!, user id: 85593361, main id: 6, sub id: 671
W0424 20:13:00.218266 146059264 ProxyThread.cpp:908] can not find hall user!, user id: 85593361, main id: 6, sub id: 671
W0424 20:13:00.334324 146059264 ProxyThread.cpp:908] can not find hall user!, user id: 85593361, main id: 7, sub id: 7108
W0424 20:13:00.448248 146059264 ProxyThread.cpp:908] can not find hall user!, user id: 85593361, main id: 6, sub id: 673
W0424 20:13:00.540654 146059264 ProxyThread.cpp:908] can not find hall user!, user id: 85593361, main id: 6, sub id: 672
I0424 20:47:39.029832 176584128 NetServer.cpp:88] delete io...192.168.10.139:50332
I0424 20:47:39.189039 176584128 NetServer.cpp:55] accept io...192.168.10.139:50334
I0424 20:47:55.006762 176584128 NetServer.cpp:88] delete io...192.168.10.139:50334
I0424 20:48:03.221330 176584128 NetServer.cpp:55] accept io...192.168.10.139:50335
W0424 20:48:22.038755 146059264 ProxyThread.cpp:854] client socket not found, main id: 6, sub id: 661
I0424 20:50:14.005232 176584128 NetServer.cpp:88] delete io...192.168.10.139:50335
I0424 20:50:14.302880 176584128 NetServer.cpp:55] accept io...192.168.10.139:50336
I0424 21:03:58.359824 176584128 NetServer.cpp:88] delete io...192.168.10.139:50336
W0425 10:10:49.541961 146059264 ProxyThread.cpp:133] game server is disconnect, after 3s will be reconnect!, server id: 993
W0425 10:10:49.550014 146059264 ServerMgr.cpp:145] remove one game server, game server id:993
W0425 10:10:52.555475 146059264 ServerMgr.cpp:354] disconnect login or game server is remove or register again, no server reconnect...
I0425 10:11:09.152379 146059264 NetModule.cpp:220] add one connector: 127.0.0.1:9903 succeed...
W0425 10:11:09.152412 146059264 ServerMgr.cpp:40] add game server, game server id:993
I0425 10:11:09.468425 176584128 NetConnector.cpp:216] connect to: 127.0.0.1:9903 success! 
I0425 10:11:09.471546 146059264 ProxyThread.cpp:86] connect to game server succ, server id:993
W0425 10:12:11.776975 146059264 ProxyThread.cpp:133] game server is disconnect, after 3s will be reconnect!, server id: 993
W0425 10:12:11.785951 146059264 ServerMgr.cpp:145] remove one game server, game server id:993
W0425 10:12:14.835182 146059264 ServerMgr.cpp:354] disconnect login or game server is remove or register again, no server reconnect...
I0425 10:12:34.329537 146059264 NetModule.cpp:220] add one connector: 127.0.0.1:9903 succeed...
W0425 10:12:34.329617 146059264 ServerMgr.cpp:40] add game server, game server id:993
I0425 10:12:34.735174 176584128 NetConnector.cpp:216] connect to: 127.0.0.1:9903 success! 
I0425 10:12:34.736256 146059264 ProxyThread.cpp:86] connect to game server succ, server id:993
I0425 10:12:59.784963 176584128 NetServer.cpp:55] accept io...192.168.10.141:50410
I0425 10:13:09.176868 176584128 NetServer.cpp:88] delete io...192.168.10.141:50410
I0425 10:13:09.526847 176584128 NetServer.cpp:55] accept io...192.168.10.141:50411
I0425 10:13:35.848095 176584128 NetServer.cpp:88] delete io...192.168.10.141:50411
I0425 10:13:36.163671 176584128 NetServer.cpp:55] accept io...192.168.10.141:50412
I0425 10:14:20.326223 176584128 NetServer.cpp:55] accept io...192.168.10.173:51283
I0425 10:14:24.574445 176584128 NetServer.cpp:88] delete io...192.168.10.173:51283
W0425 10:14:24.785095 146059264 ProxyThread.cpp:854] client socket not found, main id: 6, sub id: 660
I0425 10:15:44.426717 176584128 NetServer.cpp:55] accept io...192.168.10.173:51553
W0425 10:16:20.743767 146059264 ServerMgr.cpp:140] remove game server, but the link is alive, game server id:993
W0425 10:16:20.743919 146059264 ServerMgr.cpp:145] remove one game server, game server id:993
I0425 10:18:59.364250 146059264 NetModule.cpp:220] add one connector: 127.0.0.1:9903 succeed...
W0425 10:18:59.364372 146059264 ServerMgr.cpp:40] add game server, game server id:993
I0425 10:18:59.503490 176584128 NetConnector.cpp:216] connect to: 127.0.0.1:9903 success! 
I0425 10:18:59.506656 146059264 ProxyThread.cpp:86] connect to game server succ, server id:993
W0425 10:22:22.301935 146059264 ProxyThread.cpp:138] db server is disconnect, after 3s will be reconnect!
W0425 10:22:25.632638 176584128 NetModule.cpp:723] ready reconnect server, server id: 1
I0425 10:22:25.632791 176584128 NetConnector.cpp:216] connect to: 0.0.0.0:6001 success! 
I0425 10:22:25.632951 146059264 ProxyThread.cpp:92] connect to db server succ
I0425 10:22:46.944356 176584128 NetServer.cpp:88] delete io...192.168.10.173:51553
W0425 10:24:10.296880 146059264 ProxyThread.cpp:138] db server is disconnect, after 3s will be reconnect!
W0425 10:24:13.498540 176584128 NetModule.cpp:723] ready reconnect server, server id: 1
I0425 10:24:13.498697 176584128 NetConnector.cpp:216] connect to: 0.0.0.0:6001 success! 
I0425 10:24:13.500376 146059264 ProxyThread.cpp:92] connect to db server succ
W0425 10:24:47.775604 146059264 ProxyThread.cpp:908] can not find hall user!, user id: 0, main id: 25, sub id: 25064
W0425 10:24:47.776037 146059264 ProxyThread.cpp:908] can not find hall user!, user id: 0, main id: 25, sub id: 25064
W0425 10:24:47.776115 146059264 ProxyThread.cpp:908] can not find hall user!, user id: 0, main id: 25, sub id: 25064
W0425 10:24:47.776244 146059264 ProxyThread.cpp:908] can not find hall user!, user id: 0, main id: 25, sub id: 25064
W0425 10:24:47.776304 146059264 ProxyThread.cpp:908] can not find hall user!, user id: 0, main id: 25, sub id: 25064
I0425 10:25:27.997433 176584128 NetServer.cpp:55] accept io...192.168.10.173:51565
I0425 10:59:41.843518 176584128 NetServer.cpp:88] delete io...192.168.10.173:51565
I0425 11:01:36.568884 176584128 NetServer.cpp:55] accept io...192.168.10.173:51580
W0425 11:13:39.709396 146059264 ProxyThread.cpp:133] game server is disconnect, after 3s will be reconnect!, server id: 993
I0425 11:13:39.728569 176584128 NetServer.cpp:88] delete io...192.168.10.173:51580
I0425 11:13:39.728646 176584128 NetServer.cpp:88] delete io...192.168.10.141:50412
W0425 11:13:39.730873 146059264 ServerMgr.cpp:145] remove one game server, game server id:993
I0425 11:13:39.909557 176584128 NetServer.cpp:55] accept io...192.168.10.141:50414
I0425 11:13:39.950234 176584128 NetServer.cpp:55] accept io...192.168.10.173:51581
W0425 11:13:42.798287 146059264 ServerMgr.cpp:354] disconnect login or game server is remove or register again, no server reconnect...
I0425 11:13:46.599174 146059264 NetModule.cpp:220] add one connector: 127.0.0.1:9903 succeed...
W0425 11:13:46.599193 146059264 ServerMgr.cpp:40] add game server, game server id:993
I0425 11:13:46.619577 176584128 NetConnector.cpp:216] connect to: 127.0.0.1:9903 success! 
I0425 11:13:46.622149 146059264 ProxyThread.cpp:86] connect to game server succ, server id:993
I0425 11:13:47.466076 176584128 NetServer.cpp:88] delete io...192.168.10.173:51581
I0425 11:13:53.917881 176584128 NetServer.cpp:55] accept io...192.168.10.173:51582
I0425 11:13:54.666558 176584128 NetServer.cpp:88] delete io...192.168.10.141:50414
I0425 11:13:59.102892 176584128 NetServer.cpp:55] accept io...192.168.10.141:50415
W0425 11:14:23.133812 146059264 ProxyThread.cpp:854] client socket not found, main id: 6, sub id: 661
W0425 11:14:23.134052 146059264 ProxyThread.cpp:854] client socket not found, main id: 6, sub id: 656
W0425 11:14:23.134117 146059264 ProxyThread.cpp:854] client socket not found, main id: 6, sub id: 695
W0425 11:14:23.134171 146059264 ProxyThread.cpp:854] client socket not found, main id: 6, sub id: 682
W0425 11:14:23.134222 146059264 ProxyThread.cpp:854] client socket not found, main id: 6, sub id: 650
W0425 11:14:23.345290 146059264 ProxyThread.cpp:854] client socket not found, main id: 6, sub id: 661
W0425 11:15:49.210767 146059264 ProxyThread.cpp:133] game server is disconnect, after 3s will be reconnect!, server id: 993
I0425 11:15:49.216877 176584128 NetServer.cpp:88] delete io...192.168.10.173:51582
I0425 11:15:49.216948 176584128 NetServer.cpp:88] delete io...192.168.10.141:50415
W0425 11:15:49.235249 146059264 ServerMgr.cpp:145] remove one game server, game server id:993
I0425 11:15:49.392565 176584128 NetServer.cpp:55] accept io...192.168.10.173:51583
I0425 11:15:49.468956 176584128 NetServer.cpp:55] accept io...192.168.10.141:50416
W0425 11:15:52.274859 146059264 ServerMgr.cpp:354] disconnect login or game server is remove or register again, no server reconnect...
I0425 11:16:34.912366 176584128 NetServer.cpp:88] delete io...192.168.10.141:50416
I0425 11:16:39.636255 176584128 NetServer.cpp:55] accept io...192.168.10.141:50417
I0425 11:18:45.439163 146059264 NetModule.cpp:220] add one connector: 127.0.0.1:9903 succeed...
W0425 11:18:45.439945 146059264 ServerMgr.cpp:40] add game server, game server id:993
I0425 11:18:45.560619 176584128 NetConnector.cpp:216] connect to: 127.0.0.1:9903 success! 
I0425 11:18:45.562491 146059264 ProxyThread.cpp:86] connect to game server succ, server id:993
I0425 11:18:56.164810 176584128 NetServer.cpp:88] delete io...192.168.10.173:51583
I0425 11:19:01.843097 176584128 NetServer.cpp:55] accept io...192.168.10.173:51585
W0425 11:24:45.036861 146059264 ProxyThread.cpp:133] game server is disconnect, after 3s will be reconnect!, server id: 993
W0425 11:24:45.039280 146059264 ServerMgr.cpp:145] remove one game server, game server id:993
I0425 11:24:45.048888 176584128 NetServer.cpp:88] delete io...192.168.10.173:51585
I0425 11:24:45.049000 176584128 NetServer.cpp:88] delete io...192.168.10.141:50417
I0425 11:24:45.182648 176584128 NetServer.cpp:55] accept io...192.168.10.173:51586
I0425 11:24:47.395052 176584128 NetServer.cpp:55] accept io...192.168.10.141:50418
W0425 11:24:48.060514 146059264 ServerMgr.cpp:354] disconnect login or game server is remove or register again, no server reconnect...
I0425 11:24:57.000036 146059264 NetModule.cpp:220] add one connector: 127.0.0.1:9903 succeed...
W0425 11:24:57.000061 146059264 ServerMgr.cpp:40] add game server, game server id:993
I0425 11:24:57.315711 176584128 NetConnector.cpp:216] connect to: 127.0.0.1:9903 success! 
I0425 11:24:57.317325 146059264 ProxyThread.cpp:86] connect to game server succ, server id:993
I0425 11:25:04.641767 176584128 NetServer.cpp:88] delete io...192.168.10.173:51586
I0425 11:25:10.336874 176584128 NetServer.cpp:55] accept io...192.168.10.173:51587
W0425 11:25:13.093544 146059264 ProxyThread.cpp:854] client socket not found, main id: 6, sub id: 661
I0425 11:25:45.372176 176584128 NetServer.cpp:88] delete io...192.168.10.141:50418
W0425 11:25:56.644048 146059264 ProxyThread.cpp:133] game server is disconnect, after 3s will be reconnect!, server id: 993
W0425 11:25:56.653414 146059264 ServerMgr.cpp:145] remove one game server, game server id:993
I0425 11:25:56.655066 176584128 NetServer.cpp:88] delete io...192.168.10.173:51587
I0425 11:25:56.837623 176584128 NetServer.cpp:55] accept io...192.168.10.173:51588
W0425 11:25:59.701205 146059264 ServerMgr.cpp:354] disconnect login or game server is remove or register again, no server reconnect...
I0425 11:26:03.744086 176584128 NetServer.cpp:55] accept io...192.168.10.141:50419
I0425 11:26:11.339474 146059264 NetModule.cpp:220] add one connector: 127.0.0.1:9903 succeed...
W0425 11:26:11.339498 146059264 ServerMgr.cpp:40] add game server, game server id:993
I0425 11:26:11.543460 176584128 NetConnector.cpp:216] connect to: 127.0.0.1:9903 success! 
I0425 11:26:11.545444 146059264 ProxyThread.cpp:86] connect to game server succ, server id:993
W0425 11:26:16.540343 146059264 ProxyThread.cpp:133] game server is disconnect, after 3s will be reconnect!, server id: 993
W0425 11:26:16.554669 146059264 ServerMgr.cpp:145] remove one game server, game server id:993
W0425 11:26:19.617105 146059264 ServerMgr.cpp:354] disconnect login or game server is remove or register again, no server reconnect...
W0425 11:26:21.207269 146059264 ProxyThread.cpp:138] db server is disconnect, after 3s will be reconnect!
W0425 11:26:24.588980 176584128 NetModule.cpp:723] ready reconnect server, server id: 1
I0425 11:26:24.589108 176584128 NetConnector.cpp:216] connect to: 0.0.0.0:6001 success! 
I0425 11:26:24.591315 146059264 ProxyThread.cpp:92] connect to db server succ
W0425 11:26:27.620127 146059264 ProxyThread.cpp:138] db server is disconnect, after 3s will be reconnect!
W0425 11:26:31.114442 176584128 NetModule.cpp:723] ready reconnect server, server id: 1
I0425 11:26:31.114548 176584128 NetConnector.cpp:216] connect to: 127.0.0.1:6001 success! 
I0425 11:26:31.115788 146059264 ProxyThread.cpp:92] connect to db server succ
W0425 11:26:34.154428 146059264 ProxyThread.cpp:138] db server is disconnect, after 3s will be reconnect!
W0425 11:26:37.631798 176584128 NetModule.cpp:723] ready reconnect server, server id: 1
I0425 11:26:37.631920 176584128 NetConnector.cpp:216] connect to: 0.0.0.0:6001 success! 
I0425 11:26:37.633143 146059264 ProxyThread.cpp:92] connect to db server succ
W0425 11:26:37.788045 146059264 ProxyThread.cpp:138] db server is disconnect, after 3s will be reconnect!
W0425 11:26:41.142062 176584128 NetModule.cpp:723] ready reconnect server, server id: 1
I0425 11:26:41.142220 176584128 NetConnector.cpp:216] connect to: 127.0.0.1:6001 success! 
I0425 11:26:41.142870 146059264 ProxyThread.cpp:92] connect to db server succ
W0425 11:26:48.297324 146059264 ProxyThread.cpp:138] db server is disconnect, after 3s will be reconnect!
W0425 11:26:51.669988 176584128 NetModule.cpp:723] ready reconnect server, server id: 1
W0425 11:26:51.671885 146059264 ProxyThread.cpp:138] db server is disconnect, after 3s will be reconnect!
W0425 11:26:55.184413 176584128 NetModule.cpp:723] ready reconnect server, server id: 1
W0425 11:26:55.184844 146059264 ProxyThread.cpp:138] db server is disconnect, after 3s will be reconnect!
W0425 11:26:58.694628 176584128 NetModule.cpp:723] ready reconnect server, server id: 1
W0425 11:26:58.696934 146059264 ProxyThread.cpp:138] db server is disconnect, after 3s will be reconnect!
W0425 11:27:02.207298 176584128 NetModule.cpp:723] ready reconnect server, server id: 1
W0425 11:27:02.209264 146059264 ProxyThread.cpp:138] db server is disconnect, after 3s will be reconnect!
W0425 11:27:05.715409 176584128 NetModule.cpp:723] ready reconnect server, server id: 1
W0425 11:27:05.717442 146059264 ProxyThread.cpp:138] db server is disconnect, after 3s will be reconnect!
W0425 11:27:09.224236 176584128 NetModule.cpp:723] ready reconnect server, server id: 1
I0425 11:27:09.224434 176584128 NetConnector.cpp:216] connect to: 0.0.0.0:6001 success! 
I0425 11:27:09.226020 146059264 ProxyThread.cpp:92] connect to db server succ
W0425 11:30:39.799197 146059264 ProxyThread.cpp:138] db server is disconnect, after 3s will be reconnect!
W0425 11:30:42.874840 176584128 NetModule.cpp:723] ready reconnect server, server id: 1
I0425 11:30:42.874969 176584128 NetConnector.cpp:216] connect to: 127.0.0.1:6001 success! 
I0425 11:30:42.877143 146059264 ProxyThread.cpp:92] connect to db server succ
I0425 11:31:12.695139 146059264 NetModule.cpp:220] add one connector: 127.0.0.1:9903 succeed...
W0425 11:31:12.695255 146059264 ServerMgr.cpp:40] add game server, game server id:993
I0425 11:31:12.950511 176584128 NetConnector.cpp:216] connect to: 127.0.0.1:9903 success! 
I0425 11:31:12.952486 146059264 ProxyThread.cpp:86] connect to game server succ, server id:993
W0425 11:31:17.750404 146059264 ProxyThread.cpp:908] can not find hall user!, user id: 0, main id: 25, sub id: 25064
W0425 11:31:17.750506 146059264 ProxyThread.cpp:908] can not find hall user!, user id: 0, main id: 25, sub id: 25064
W0425 11:31:17.750556 146059264 ProxyThread.cpp:908] can not find hall user!, user id: 0, main id: 25, sub id: 25064
W0425 11:31:17.750593 146059264 ProxyThread.cpp:908] can not find hall user!, user id: 0, main id: 25, sub id: 25064
W0425 11:31:17.750638 146059264 ProxyThread.cpp:908] can not find hall user!, user id: 0, main id: 25, sub id: 25064
W0425 11:31:17.750680 146059264 ProxyThread.cpp:908] can not find hall user!, user id: 0, main id: 25, sub id: 25064
W0425 11:31:17.750726 146059264 ProxyThread.cpp:908] can not find hall user!, user id: 0, main id: 25, sub id: 25064
W0425 11:31:17.750766 146059264 ProxyThread.cpp:908] can not find hall user!, user id: 0, main id: 25, sub id: 25064
W0425 11:31:17.750811 146059264 ProxyThread.cpp:908] can not find hall user!, user id: 0, main id: 25, sub id: 25064
W0425 11:31:17.750855 146059264 ProxyThread.cpp:908] can not find hall user!, user id: 0, main id: 25, sub id: 25064
I0425 11:31:20.145812 176584128 NetServer.cpp:88] delete io...192.168.10.173:51588
I0425 11:31:26.105139 176584128 NetServer.cpp:55] accept io...192.168.10.173:51589
I0425 11:38:03.158217 176584128 NetServer.cpp:88] delete io...192.168.10.141:50419
I0425 11:58:20.741930 176584128 NetServer.cpp:55] accept io...192.168.10.141:50422
I0425 11:58:22.867280 176584128 NetServer.cpp:88] delete io...192.168.10.141:50422
W0425 11:58:28.123793 146059264 ProxyThread.cpp:133] game server is disconnect, after 3s will be reconnect!, server id: 993
I0425 11:58:28.128978 176584128 NetServer.cpp:88] delete io...192.168.10.173:51589
W0425 11:58:28.140193 146059264 ServerMgr.cpp:145] remove one game server, game server id:993
I0425 11:58:28.309228 176584128 NetServer.cpp:55] accept io...192.168.10.173:51591
W0425 11:58:31.179628 146059264 ServerMgr.cpp:354] disconnect login or game server is remove or register again, no server reconnect...
I0425 11:58:40.525694 146059264 NetModule.cpp:220] add one connector: 127.0.0.1:9903 succeed...
W0425 11:58:40.525786 146059264 ServerMgr.cpp:40] add game server, game server id:993
I0425 11:58:40.577947 176584128 NetConnector.cpp:216] connect to: 127.0.0.1:9903 success! 
I0425 11:58:40.579926 146059264 ProxyThread.cpp:86] connect to game server succ, server id:993
I0425 11:58:46.907579 176584128 NetServer.cpp:88] delete io...192.168.10.173:51591
I0425 11:58:52.174484 176584128 NetServer.cpp:55] accept io...192.168.10.173:51592
W0425 12:10:52.756963 146059264 ProxyThread.cpp:133] game server is disconnect, after 3s will be reconnect!, server id: 993
W0425 12:10:52.772514 146059264 ServerMgr.cpp:145] remove one game server, game server id:993
I0425 12:10:52.773330 176584128 NetServer.cpp:88] delete io...192.168.10.173:51592
I0425 12:10:52.918872 176584128 NetServer.cpp:55] accept io...192.168.10.173:51593
W0425 12:10:55.780171 146059264 ServerMgr.cpp:354] disconnect login or game server is remove or register again, no server reconnect...
I0425 12:10:59.810427 146059264 NetModule.cpp:220] add one connector: 127.0.0.1:9903 succeed...
W0425 12:10:59.810451 146059264 ServerMgr.cpp:40] add game server, game server id:993
I0425 12:10:59.898433 176584128 NetConnector.cpp:216] connect to: 127.0.0.1:9903 success! 
I0425 12:10:59.899590 146059264 ProxyThread.cpp:86] connect to game server succ, server id:993
I0425 12:11:12.093310 176584128 NetServer.cpp:88] delete io...192.168.10.173:51593
W0425 12:11:17.382089 146059264 ProxyThread.cpp:854] client socket not found, main id: 6, sub id: 660
I0425 12:11:17.727386 176584128 NetServer.cpp:55] accept io...192.168.10.173:51594
W0425 12:24:50.341341 146059264 ProxyThread.cpp:133] game server is disconnect, after 3s will be reconnect!, server id: 993
I0425 12:24:50.349185 176584128 NetServer.cpp:88] delete io...192.168.10.173:51594
W0425 12:24:50.351291 146059264 ServerMgr.cpp:145] remove one game server, game server id:993
I0425 12:24:50.519687 176584128 NetServer.cpp:55] accept io...192.168.10.173:51595
W0425 12:24:53.405580 146059264 ServerMgr.cpp:354] disconnect login or game server is remove or register again, no server reconnect...
I0425 12:24:56.494069 146059264 NetModule.cpp:220] add one connector: 127.0.0.1:9903 succeed...
W0425 12:24:56.494098 146059264 ServerMgr.cpp:40] add game server, game server id:993
I0425 12:24:56.587450 176584128 NetConnector.cpp:216] connect to: 127.0.0.1:9903 success! 
I0425 12:24:56.588881 146059264 ProxyThread.cpp:86] connect to game server succ, server id:993
I0425 12:25:06.073662 176584128 NetServer.cpp:88] delete io...192.168.10.173:51595
I0425 12:25:11.371559 176584128 NetServer.cpp:55] accept io...192.168.10.173:51596
W0425 12:25:16.971761 146059264 ProxyThread.cpp:854] client socket not found, main id: 6, sub id: 660
W0425 12:32:16.072971 146059264 ProxyThread.cpp:133] game server is disconnect, after 3s will be reconnect!, server id: 993
I0425 12:32:16.080435 176584128 NetServer.cpp:88] delete io...192.168.10.173:51596
W0425 12:32:16.093987 146059264 ServerMgr.cpp:145] remove one game server, game server id:993
I0425 12:32:16.274083 176584128 NetServer.cpp:55] accept io...192.168.10.173:51597
W0425 12:32:19.120322 146059264 ServerMgr.cpp:354] disconnect login or game server is remove or register again, no server reconnect...
I0425 12:32:32.403952 146059264 NetModule.cpp:220] add one connector: 127.0.0.1:9903 succeed...
W0425 12:32:32.404007 146059264 ServerMgr.cpp:40] add game server, game server id:993
I0425 12:32:32.552254 176584128 NetConnector.cpp:216] connect to: 127.0.0.1:9903 success! 
I0425 12:32:32.553129 146059264 ProxyThread.cpp:86] connect to game server succ, server id:993
I0425 12:32:38.018899 176584128 NetServer.cpp:88] delete io...192.168.10.173:51597
I0425 12:32:44.316855 176584128 NetServer.cpp:55] accept io...192.168.10.173:51598
W0425 12:32:46.867410 146059264 ProxyThread.cpp:854] client socket not found, main id: 6, sub id: 660
W0425 12:34:45.595572 146059264 ProxyThread.cpp:133] game server is disconnect, after 3s will be reconnect!, server id: 993
I0425 12:34:45.616888 176584128 NetServer.cpp:88] delete io...192.168.10.173:51598
W0425 12:34:45.619501 146059264 ServerMgr.cpp:145] remove one game server, game server id:993
I0425 12:34:45.789252 176584128 NetServer.cpp:55] accept io...192.168.10.173:51599
W0425 12:34:48.700328 146059264 ServerMgr.cpp:354] disconnect login or game server is remove or register again, no server reconnect...
I0425 12:34:51.477835 146059264 NetModule.cpp:220] add one connector: 127.0.0.1:9903 succeed...
W0425 12:34:51.477864 146059264 ServerMgr.cpp:40] add game server, game server id:993
I0425 12:34:51.527567 176584128 NetConnector.cpp:216] connect to: 127.0.0.1:9903 success! 
I0425 12:34:51.528918 146059264 ProxyThread.cpp:86] connect to game server succ, server id:993
I0425 12:34:56.814507 176584128 NetServer.cpp:88] delete io...192.168.10.173:51599
I0425 12:35:02.718590 176584128 NetServer.cpp:55] accept io...192.168.10.173:51600
W0425 13:09:32.116817 146059264 ProxyThread.cpp:133] game server is disconnect, after 3s will be reconnect!, server id: 993
W0425 13:09:32.123708 146059264 ServerMgr.cpp:145] remove one game server, game server id:993
I0425 13:09:32.135735 176584128 NetServer.cpp:88] delete io...192.168.10.173:51600
I0425 13:09:32.333428 176584128 NetServer.cpp:55] accept io...192.168.10.173:51602
W0425 13:09:35.216796 146059264 ServerMgr.cpp:354] disconnect login or game server is remove or register again, no server reconnect...
I0425 13:09:38.068594 146059264 NetModule.cpp:220] add one connector: 127.0.0.1:9903 succeed...
