Log file created at: 2019/02/22 14:30:02
Running on machine: henisdeMacBook-Pro.local
Log line format: [IWEF]mmdd hh:mm:ss.uuuuuu threadid file:line] msg
W0222 14:30:02.606258 155447296 ServerMgr.cpp:79] add login server, login server id:10
W0222 14:33:08.411365 155447296 ProxyThread.cpp:114] center server is disconnect, after 3s will be reconnect!
W0222 14:33:11.828765 222381504 NetModule.cpp:723] ready reconnect server, server id: 0
W0222 14:33:18.765625 155447296 ServerMgr.cpp:60] repeated add login server, login server id:10
W0222 14:37:51.880884 155447296 ServerMgr.cpp:40] add game server, game server id:991
W0222 14:38:30.553902 155447296 ServerMgr.cpp:140] remove game server, but the link is alive, game server id:991
W0222 14:38:30.554818 155447296 ServerMgr.cpp:145] remove one game server, game server id:991
W0222 14:52:28.390770 155447296 ServerMgr.cpp:40] add game server, game server id:991
W0222 14:53:10.658427 155447296 ServerMgr.cpp:140] remove game server, but the link is alive, game server id:991
W0222 14:53:10.658500 155447296 ServerMgr.cpp:145] remove one game server, game server id:991
W0222 14:54:49.578214 155447296 ServerMgr.cpp:40] add game server, game server id:991
W0222 14:55:30.673882 155447296 ServerMgr.cpp:140] remove game server, but the link is alive, game server id:991
W0222 14:55:30.674093 155447296 ServerMgr.cpp:145] remove one game server, game server id:991
W0222 14:57:45.883416 155447296 ServerMgr.cpp:40] add game server, game server id:991
W0222 14:58:20.708986 155447296 ServerMgr.cpp:140] remove game server, but the link is alive, game server id:991
W0222 14:58:20.709820 155447296 ServerMgr.cpp:145] remove one game server, game server id:991
W0222 15:02:02.190493 155447296 ServerMgr.cpp:40] add game server, game server id:991
W0222 15:02:40.760076 155447296 ServerMgr.cpp:140] remove game server, but the link is alive, game server id:991
W0222 15:02:40.760152 155447296 ServerMgr.cpp:145] remove one game server, game server id:991
W0222 15:07:26.809482 155447296 ServerMgr.cpp:40] add game server, game server id:991
W0222 15:08:00.803987 155447296 ServerMgr.cpp:140] remove game server, but the link is alive, game server id:991
W0222 15:08:00.804190 155447296 ServerMgr.cpp:145] remove one game server, game server id:991
W0222 15:10:29.049299 155447296 ServerMgr.cpp:40] add game server, game server id:991
W0222 15:11:10.834874 155447296 ServerMgr.cpp:140] remove game server, but the link is alive, game server id:991
W0222 15:11:10.835069 155447296 ServerMgr.cpp:145] remove one game server, game server id:991
W0222 15:31:46.569403 155447296 ServerMgr.cpp:40] add game server, game server id:991
W0222 15:32:21.008587 155447296 ServerMgr.cpp:140] remove game server, but the link is alive, game server id:991
W0222 15:32:21.008678 155447296 ServerMgr.cpp:145] remove one game server, game server id:991
W0222 15:33:11.965605 155447296 ServerMgr.cpp:40] add game server, game server id:991
W0222 15:33:40.529945 155447296 ProxyThread.cpp:133] game server is disconnect, after 3s will be reconnect!, server id: 991
W0222 15:33:40.548826 155447296 ServerMgr.cpp:145] remove one game server, game server id:991
W0222 15:33:43.603332 155447296 ServerMgr.cpp:354] disconnect login or game server is remove or register again, no server reconnect...
W0222 15:33:58.991052 155447296 ServerMgr.cpp:40] add game server, game server id:991
W0222 15:34:41.033289 155447296 ServerMgr.cpp:140] remove game server, but the link is alive, game server id:991
W0222 15:34:41.033427 155447296 ServerMgr.cpp:145] remove one game server, game server id:991
W0222 15:37:23.376073 155447296 ServerMgr.cpp:40] add game server, game server id:991
W0222 15:38:01.073539 155447296 ServerMgr.cpp:140] remove game server, but the link is alive, game server id:991
W0222 15:38:01.074667 155447296 ServerMgr.cpp:145] remove one game server, game server id:991
W0222 15:41:07.755626 155447296 ServerMgr.cpp:40] add game server, game server id:991
W0222 15:41:41.095742 155447296 ServerMgr.cpp:140] remove game server, but the link is alive, game server id:991
W0222 15:41:41.095839 155447296 ServerMgr.cpp:145] remove one game server, game server id:991
W0222 15:45:01.060093 155447296 ServerMgr.cpp:40] add game server, game server id:991
W0222 15:45:41.121935 155447296 ServerMgr.cpp:140] remove game server, but the link is alive, game server id:991
W0222 15:45:41.122105 155447296 ServerMgr.cpp:145] remove one game server, game server id:991
W0222 16:08:23.476792 155447296 ServerMgr.cpp:40] add game server, game server id:991
W0222 16:09:01.325963 155447296 ServerMgr.cpp:140] remove game server, but the link is alive, game server id:991
W0222 16:09:01.326081 155447296 ServerMgr.cpp:145] remove one game server, game server id:991
W0222 16:29:16.759513 155447296 ServerMgr.cpp:40] add game server, game server id:991
W0222 16:29:51.493219 155447296 ServerMgr.cpp:140] remove game server, but the link is alive, game server id:991
W0222 16:29:51.493324 155447296 ServerMgr.cpp:145] remove one game server, game server id:991
W0222 16:33:53.932145 155447296 ServerMgr.cpp:40] add game server, game server id:991
W0222 16:34:41.507248 155447296 ServerMgr.cpp:140] remove game server, but the link is alive, game server id:991
W0222 16:34:41.507495 155447296 ServerMgr.cpp:145] remove one game server, game server id:991
W0222 16:37:23.528360 155447296 ServerMgr.cpp:40] add game server, game server id:991
W0222 16:38:01.551761 155447296 ServerMgr.cpp:140] remove game server, but the link is alive, game server id:991
W0222 16:38:01.551872 155447296 ServerMgr.cpp:145] remove one game server, game server id:991
W0222 16:38:27.164134 155447296 ServerMgr.cpp:40] add game server, game server id:991
W0222 16:39:01.554441 155447296 ServerMgr.cpp:140] remove game server, but the link is alive, game server id:991
W0222 16:39:01.554646 155447296 ServerMgr.cpp:145] remove one game server, game server id:991
W0222 16:40:14.374105 155447296 ServerMgr.cpp:40] add game server, game server id:991
W0222 16:40:51.579447 155447296 ServerMgr.cpp:140] remove game server, but the link is alive, game server id:991
W0222 16:40:51.579656 155447296 ServerMgr.cpp:145] remove one game server, game server id:991
W0222 16:45:43.804951 155447296 ServerMgr.cpp:40] add game server, game server id:991
W0222 16:46:08.275672 155447296 ProxyThread.cpp:133] game server is disconnect, after 3s will be reconnect!, server id: 991
W0222 16:46:08.296898 155447296 ServerMgr.cpp:145] remove one game server, game server id:991
W0222 16:46:11.309072 155447296 ServerMgr.cpp:354] disconnect login or game server is remove or register again, no server reconnect...
W0222 16:58:57.656083 155447296 ServerMgr.cpp:40] add game server, game server id:991
W0222 16:59:10.019237 155447296 ProxyThread.cpp:133] game server is disconnect, after 3s will be reconnect!, server id: 991
W0222 16:59:10.024245 155447296 ServerMgr.cpp:145] remove one game server, game server id:991
W0222 16:59:13.071946 155447296 ServerMgr.cpp:354] disconnect login or game server is remove or register again, no server reconnect...
W0222 16:59:21.547441 155447296 ServerMgr.cpp:40] add game server, game server id:991
W0222 16:59:55.991470 155447296 ProxyThread.cpp:133] game server is disconnect, after 3s will be reconnect!, server id: 991
W0222 16:59:56.003235 155447296 ServerMgr.cpp:145] remove one game server, game server id:991
W0222 16:59:59.066154 155447296 ServerMgr.cpp:354] disconnect login or game server is remove or register again, no server reconnect...
W0222 17:00:12.012465 155447296 ServerMgr.cpp:40] add game server, game server id:991
W0222 17:00:51.772135 155447296 ServerMgr.cpp:140] remove game server, but the link is alive, game server id:991
W0222 17:00:51.772305 155447296 ServerMgr.cpp:145] remove one game server, game server id:991
W0222 17:02:05.891508 155447296 ServerMgr.cpp:40] add game server, game server id:991
W0222 17:02:37.322954 155447296 ProxyThread.cpp:133] game server is disconnect, after 3s will be reconnect!, server id: 991
W0222 17:02:37.342684 155447296 ServerMgr.cpp:145] remove one game server, game server id:991
W0222 17:02:40.414496 155447296 ServerMgr.cpp:354] disconnect login or game server is remove or register again, no server reconnect...
W0222 17:02:48.924249 155447296 ServerMgr.cpp:40] add game server, game server id:991
W0222 17:03:31.789615 155447296 ServerMgr.cpp:140] remove game server, but the link is alive, game server id:991
W0222 17:03:31.790014 155447296 ServerMgr.cpp:145] remove one game server, game server id:991
W0222 17:15:19.953860 155447296 ServerMgr.cpp:40] add game server, game server id:991
W0222 17:16:01.901201 155447296 ServerMgr.cpp:140] remove game server, but the link is alive, game server id:991
W0222 17:16:01.901370 155447296 ServerMgr.cpp:145] remove one game server, game server id:991
W0222 17:19:26.079774 155447296 ServerMgr.cpp:40] add game server, game server id:991
W0222 17:20:01.918012 155447296 ServerMgr.cpp:140] remove game server, but the link is alive, game server id:991
W0222 17:20:01.918212 155447296 ServerMgr.cpp:145] remove one game server, game server id:991
W0222 17:33:38.134161 155447296 ServerMgr.cpp:40] add game server, game server id:991
W0222 17:34:12.055737 155447296 ServerMgr.cpp:140] remove game server, but the link is alive, game server id:991
W0222 17:34:12.055903 155447296 ServerMgr.cpp:145] remove one game server, game server id:991
W0222 17:49:02.199048 155447296 ServerMgr.cpp:40] add game server, game server id:991
W0222 17:49:42.198787 155447296 ServerMgr.cpp:140] remove game server, but the link is alive, game server id:991
W0222 17:49:42.198899 155447296 ServerMgr.cpp:145] remove one game server, game server id:991
W0222 18:04:06.812834 155447296 ServerMgr.cpp:40] add game server, game server id:991
W0222 18:04:42.319202 155447296 ServerMgr.cpp:140] remove game server, but the link is alive, game server id:991
W0222 18:04:42.319288 155447296 ServerMgr.cpp:145] remove one game server, game server id:991
W0222 18:43:30.253780 155447296 ServerMgr.cpp:40] add game server, game server id:991
W0222 18:44:12.757894 155447296 ServerMgr.cpp:140] remove game server, but the link is alive, game server id:991
W0222 18:44:12.758016 155447296 ServerMgr.cpp:145] remove one game server, game server id:991
W0222 18:57:11.105962 155447296 ServerMgr.cpp:40] add game server, game server id:991
W0222 18:57:52.869673 155447296 ServerMgr.cpp:140] remove game server, but the link is alive, game server id:991
W0222 18:57:52.869768 155447296 ServerMgr.cpp:145] remove one game server, game server id:991
W0222 19:31:00.091476 155447296 ServerMgr.cpp:40] add game server, game server id:991
W0222 19:31:33.170101 155447296 ServerMgr.cpp:140] remove game server, but the link is alive, game server id:991
W0222 19:31:33.170271 155447296 ServerMgr.cpp:145] remove one game server, game server id:991
W0222 19:32:16.497750 155447296 ServerMgr.cpp:40] add game server, game server id:991
W0222 19:32:53.182252 155447296 ServerMgr.cpp:140] remove game server, but the link is alive, game server id:991
W0222 19:32:53.182420 155447296 ServerMgr.cpp:145] remove one game server, game server id:991
W0222 19:33:40.505133 155447296 ServerMgr.cpp:40] add game server, game server id:991
W0222 19:34:23.194206 155447296 ServerMgr.cpp:140] remove game server, but the link is alive, game server id:991
W0222 19:34:23.194387 155447296 ServerMgr.cpp:145] remove one game server, game server id:991
W0222 19:44:17.834465 155447296 ServerMgr.cpp:40] add game server, game server id:991
W0222 19:44:53.287937 155447296 ServerMgr.cpp:140] remove game server, but the link is alive, game server id:991
W0222 19:44:53.288085 155447296 ServerMgr.cpp:145] remove one game server, game server id:991
W0222 19:47:06.173105 155447296 ServerMgr.cpp:40] add game server, game server id:991
W0222 19:49:10.379742 155447296 ProxyThread.cpp:133] game server is disconnect, after 3s will be reconnect!, server id: 991
W0222 19:49:10.397923 155447296 ServerMgr.cpp:145] remove one game server, game server id:991
W0222 19:49:13.390780 155447296 ServerMgr.cpp:354] disconnect login or game server is remove or register again, no server reconnect...
W0222 19:49:26.487260 155447296 ServerMgr.cpp:40] add game server, game server id:991
W0222 19:50:24.567847 155447296 ProxyThread.cpp:133] game server is disconnect, after 3s will be reconnect!, server id: 991
W0222 19:50:24.591547 155447296 ServerMgr.cpp:145] remove one game server, game server id:991
W0222 19:50:27.641916 155447296 ServerMgr.cpp:354] disconnect login or game server is remove or register again, no server reconnect...
W0222 19:50:39.523363 155447296 ServerMgr.cpp:40] add game server, game server id:991
W0222 19:51:43.838239 155447296 ProxyThread.cpp:133] game server is disconnect, after 3s will be reconnect!, server id: 991
W0222 19:51:43.843248 155447296 ServerMgr.cpp:145] remove one game server, game server id:991
W0222 19:51:46.873080 155447296 ServerMgr.cpp:354] disconnect login or game server is remove or register again, no server reconnect...
W0222 19:52:40.188524 155447296 ServerMgr.cpp:40] add game server, game server id:991
W0222 22:15:36.617878 155447296 ProxyThread.cpp:133] game server is disconnect, after 3s will be reconnect!, server id: 991
W0222 22:15:36.645329 155447296 ProxyThread.cpp:138] db server is disconnect, after 3s will be reconnect!
W0222 22:15:36.645422 155447296 ProxyThread.cpp:114] center server is disconnect, after 3s will be reconnect!
W0222 22:15:36.647498 155447296 ProxyThread.cpp:133] login server is disconnect, after 3s will be reconnect!, server id: 10
W0222 22:15:39.899408 222381504 NetModule.cpp:723] ready reconnect server, server id: 0
W0222 22:15:39.899714 222381504 NetModule.cpp:723] ready reconnect server, server id: 1
W0222 22:15:39.899960 222381504 NetModule.cpp:723] ready reconnect server, server id: 991
W0222 22:15:39.900182 222381504 NetModule.cpp:723] ready reconnect server, server id: 10
W0222 22:15:39.943819 155447296 ServerMgr.cpp:17] repeated add game server, game server id:991
W0222 22:15:46.992516 155447296 ServerMgr.cpp:60] repeated add login server, login server id:10
W0222 22:55:06.252547 155447296 ProxyThread.cpp:138] db server is disconnect, after 3s will be reconnect!
W0222 22:55:06.253255 155447296 ProxyThread.cpp:114] center server is disconnect, after 3s will be reconnect!
W0222 22:55:06.253444 155447296 ProxyThread.cpp:133] login server is disconnect, after 3s will be reconnect!, server id: 10
W0222 22:55:06.253480 155447296 ProxyThread.cpp:133] game server is disconnect, after 3s will be reconnect!, server id: 991
W0222 22:55:09.736773 222381504 NetModule.cpp:723] ready reconnect server, server id: 0
W0222 22:55:09.736882 222381504 NetModule.cpp:723] ready reconnect server, server id: 1
W0222 22:55:09.736963 222381504 NetModule.cpp:723] ready reconnect server, server id: 991
W0222 22:55:09.737042 222381504 NetModule.cpp:723] ready reconnect server, server id: 10
W0222 22:55:09.768851 155447296 ServerMgr.cpp:17] repeated add game server, game server id:991
W0222 22:55:16.797885 155447296 ServerMgr.cpp:60] repeated add login server, login server id:10
W0222 23:33:31.279428 155447296 ProxyThread.cpp:133] login server is disconnect, after 3s will be reconnect!, server id: 10
W0222 23:33:31.280027 155447296 ProxyThread.cpp:133] game server is disconnect, after 3s will be reconnect!, server id: 991
W0222 23:33:31.280071 155447296 ProxyThread.cpp:114] center server is disconnect, after 3s will be reconnect!
W0222 23:33:31.280103 155447296 ProxyThread.cpp:138] db server is disconnect, after 3s will be reconnect!
W0222 23:33:34.765451 222381504 NetModule.cpp:723] ready reconnect server, server id: 0
W0222 23:33:34.765544 222381504 NetModule.cpp:723] ready reconnect server, server id: 1
W0222 23:33:34.765611 222381504 NetModule.cpp:723] ready reconnect server, server id: 991
W0222 23:33:34.765674 222381504 NetModule.cpp:723] ready reconnect server, server id: 10
W0222 23:33:34.794762 155447296 ServerMgr.cpp:17] repeated add game server, game server id:991
W0222 23:33:41.830289 155447296 ServerMgr.cpp:60] repeated add login server, login server id:10
W0223 00:15:08.271229 155447296 ProxyThread.cpp:138] db server is disconnect, after 3s will be reconnect!
W0223 00:15:08.285277 155447296 ProxyThread.cpp:133] game server is disconnect, after 3s will be reconnect!, server id: 991
W0223 00:15:08.285423 155447296 ProxyThread.cpp:133] login server is disconnect, after 3s will be reconnect!, server id: 10
W0223 00:15:08.285447 155447296 ProxyThread.cpp:114] center server is disconnect, after 3s will be reconnect!
W0223 00:15:11.758247 222381504 NetModule.cpp:723] ready reconnect server, server id: 0
W0223 00:15:11.758380 222381504 NetModule.cpp:723] ready reconnect server, server id: 1
W0223 00:15:11.758476 222381504 NetModule.cpp:723] ready reconnect server, server id: 991
W0223 00:15:11.758594 222381504 NetModule.cpp:723] ready reconnect server, server id: 10
W0223 00:15:28.332964 155447296 ServerMgr.cpp:17] repeated add game server, game server id:991
W0223 00:15:28.333191 155447296 ServerMgr.cpp:60] repeated add login server, login server id:10
W0223 00:50:42.287312 155447296 ProxyThread.cpp:138] db server is disconnect, after 3s will be reconnect!
W0223 00:50:42.287817 155447296 ProxyThread.cpp:133] login server is disconnect, after 3s will be reconnect!, server id: 10
W0223 00:50:42.287858 155447296 ProxyThread.cpp:114] center server is disconnect, after 3s will be reconnect!
W0223 00:50:42.287894 155447296 ProxyThread.cpp:133] game server is disconnect, after 3s will be reconnect!, server id: 991
W0223 00:50:45.781934 222381504 NetModule.cpp:723] ready reconnect server, server id: 0
W0223 00:50:45.782035 222381504 NetModule.cpp:723] ready reconnect server, server id: 1
W0223 00:50:45.782104 222381504 NetModule.cpp:723] ready reconnect server, server id: 991
W0223 00:50:45.782172 222381504 NetModule.cpp:723] ready reconnect server, server id: 10
W0223 00:50:45.824323 155447296 ServerMgr.cpp:17] repeated add game server, game server id:991
W0223 00:50:52.818532 155447296 ServerMgr.cpp:60] repeated add login server, login server id:10
W0223 01:32:20.303138 155447296 ProxyThread.cpp:114] center server is disconnect, after 3s will be reconnect!
W0223 01:32:20.303560 155447296 ProxyThread.cpp:138] db server is disconnect, after 3s will be reconnect!
W0223 01:32:20.303604 155447296 ProxyThread.cpp:133] login server is disconnect, after 3s will be reconnect!, server id: 10
W0223 01:32:20.303634 155447296 ProxyThread.cpp:133] game server is disconnect, after 3s will be reconnect!, server id: 991
W0223 01:32:23.794126 222381504 NetModule.cpp:723] ready reconnect server, server id: 0
W0223 01:32:23.794232 222381504 NetModule.cpp:723] ready reconnect server, server id: 1
W0223 01:32:23.794311 222381504 NetModule.cpp:723] ready reconnect server, server id: 991
W0223 01:32:23.794397 222381504 NetModule.cpp:723] ready reconnect server, server id: 10
W0223 01:32:23.831427 155447296 ServerMgr.cpp:17] repeated add game server, game server id:991
W0223 01:32:30.861433 155447296 ServerMgr.cpp:60] repeated add login server, login server id:10
W0223 02:08:07.316267 155447296 ProxyThread.cpp:133] login server is disconnect, after 3s will be reconnect!, server id: 10
W0223 02:08:07.326438 155447296 ProxyThread.cpp:138] db server is disconnect, after 3s will be reconnect!
W0223 02:08:07.326493 155447296 ProxyThread.cpp:133] game server is disconnect, after 3s will be reconnect!, server id: 991
W0223 02:08:07.326551 155447296 ProxyThread.cpp:114] center server is disconnect, after 3s will be reconnect!
W0223 02:08:10.797957 222381504 NetModule.cpp:723] ready reconnect server, server id: 0
W0223 02:08:10.798074 222381504 NetModule.cpp:723] ready reconnect server, server id: 1
W0223 02:08:10.798199 222381504 NetModule.cpp:723] ready reconnect server, server id: 991
W0223 02:08:10.798315 222381504 NetModule.cpp:723] ready reconnect server, server id: 10
W0223 02:08:10.821461 155447296 ServerMgr.cpp:17] repeated add game server, game server id:991
W0223 02:08:17.894665 155447296 ServerMgr.cpp:60] repeated add login server, login server id:10
W0223 02:47:12.342358 155447296 ProxyThread.cpp:133] login server is disconnect, after 3s will be reconnect!, server id: 10
W0223 02:47:12.342867 155447296 ProxyThread.cpp:138] db server is disconnect, after 3s will be reconnect!
W0223 02:47:12.342922 155447296 ProxyThread.cpp:133] game server is disconnect, after 3s will be reconnect!, server id: 991
W0223 02:47:12.342950 155447296 ProxyThread.cpp:114] center server is disconnect, after 3s will be reconnect!
W0223 02:47:15.835505 222381504 NetModule.cpp:723] ready reconnect server, server id: 0
W0223 02:47:15.835611 222381504 NetModule.cpp:723] ready reconnect server, server id: 1
W0223 02:47:15.835693 222381504 NetModule.cpp:723] ready reconnect server, server id: 991
W0223 02:47:15.836731 222381504 NetModule.cpp:723] ready reconnect server, server id: 10
W0223 02:47:15.864904 155447296 ServerMgr.cpp:17] repeated add game server, game server id:991
W0223 02:47:22.909874 155447296 ServerMgr.cpp:60] repeated add login server, login server id:10
W0223 03:23:36.363952 155447296 ProxyThread.cpp:133] login server is disconnect, after 3s will be reconnect!, server id: 10
W0223 03:23:36.364483 155447296 ProxyThread.cpp:138] db server is disconnect, after 3s will be reconnect!
W0223 03:23:36.364524 155447296 ProxyThread.cpp:133] game server is disconnect, after 3s will be reconnect!, server id: 991
W0223 03:23:36.364554 155447296 ProxyThread.cpp:114] center server is disconnect, after 3s will be reconnect!
W0223 03:23:39.850391 222381504 NetModule.cpp:723] ready reconnect server, server id: 0
W0223 03:23:39.850520 222381504 NetModule.cpp:723] ready reconnect server, server id: 1
W0223 03:23:39.850601 222381504 NetModule.cpp:723] ready reconnect server, server id: 991
W0223 03:23:39.850670 222381504 NetModule.cpp:723] ready reconnect server, server id: 10
W0223 03:23:39.896385 155447296 ServerMgr.cpp:17] repeated add game server, game server id:991
W0223 03:23:46.922816 155447296 ServerMgr.cpp:60] repeated add login server, login server id:10
W0223 04:07:08.385644 155447296 ProxyThread.cpp:138] db server is disconnect, after 3s will be reconnect!
W0223 04:07:08.386235 155447296 ProxyThread.cpp:114] center server is disconnect, after 3s will be reconnect!
W0223 04:07:08.386274 155447296 ProxyThread.cpp:133] game server is disconnect, after 3s will be reconnect!, server id: 991
W0223 04:07:08.386304 155447296 ProxyThread.cpp:133] login server is disconnect, after 3s will be reconnect!, server id: 10
W0223 04:07:11.885432 222381504 NetModule.cpp:723] ready reconnect server, server id: 0
W0223 04:07:11.885537 222381504 NetModule.cpp:723] ready reconnect server, server id: 1
W0223 04:07:11.885605 222381504 NetModule.cpp:723] ready reconnect server, server id: 991
W0223 04:07:11.885668 222381504 NetModule.cpp:723] ready reconnect server, server id: 10
W0223 04:07:11.919701 155447296 ServerMgr.cpp:17] repeated add game server, game server id:991
W0223 04:07:18.968703 155447296 ServerMgr.cpp:60] repeated add login server, login server id:10
W0223 04:51:46.414098 155447296 ProxyThread.cpp:133] login server is disconnect, after 3s will be reconnect!, server id: 10
W0223 04:51:46.414868 155447296 ProxyThread.cpp:133] game server is disconnect, after 3s will be reconnect!, server id: 991
W0223 04:51:46.414907 155447296 ProxyThread.cpp:138] db server is disconnect, after 3s will be reconnect!
W0223 04:51:46.414934 155447296 ProxyThread.cpp:114] center server is disconnect, after 3s will be reconnect!
W0223 04:51:49.894529 222381504 NetModule.cpp:723] ready reconnect server, server id: 0
W0223 04:51:49.894631 222381504 NetModule.cpp:723] ready reconnect server, server id: 1
W0223 04:51:49.894711 222381504 NetModule.cpp:723] ready reconnect server, server id: 991
W0223 04:51:49.894781 222381504 NetModule.cpp:723] ready reconnect server, server id: 10
W0223 04:51:49.956553 155447296 ServerMgr.cpp:17] repeated add game server, game server id:991
W0223 04:51:56.978195 155447296 ServerMgr.cpp:60] repeated add login server, login server id:10
W0223 05:29:36.436652 155447296 ProxyThread.cpp:138] db server is disconnect, after 3s will be reconnect!
W0223 05:29:36.437031 155447296 ProxyThread.cpp:133] login server is disconnect, after 3s will be reconnect!, server id: 10
W0223 05:29:36.437065 155447296 ProxyThread.cpp:133] game server is disconnect, after 3s will be reconnect!, server id: 991
W0223 05:29:36.437098 155447296 ProxyThread.cpp:114] center server is disconnect, after 3s will be reconnect!
W0223 05:29:39.928094 222381504 NetModule.cpp:723] ready reconnect server, server id: 0
W0223 05:29:39.928231 222381504 NetModule.cpp:723] ready reconnect server, server id: 1
W0223 05:29:39.928386 222381504 NetModule.cpp:723] ready reconnect server, server id: 991
W0223 05:29:39.928469 222381504 NetModule.cpp:723] ready reconnect server, server id: 10
W0223 05:29:39.942863 155447296 ServerMgr.cpp:17] repeated add game server, game server id:991
W0223 05:29:46.991081 155447296 ServerMgr.cpp:60] repeated add login server, login server id:10
W0223 06:09:57.466904 155447296 ProxyThread.cpp:138] db server is disconnect, after 3s will be reconnect!
W0223 06:09:57.467535 155447296 ProxyThread.cpp:133] game server is disconnect, after 3s will be reconnect!, server id: 991
W0223 06:09:57.467564 155447296 ProxyThread.cpp:133] login server is disconnect, after 3s will be reconnect!, server id: 10
W0223 06:09:57.467583 155447296 ProxyThread.cpp:114] center server is disconnect, after 3s will be reconnect!
W0223 06:10:00.947742 222381504 NetModule.cpp:723] ready reconnect server, server id: 0
W0223 06:10:00.947918 222381504 NetModule.cpp:723] ready reconnect server, server id: 1
W0223 06:10:00.948078 222381504 NetModule.cpp:723] ready reconnect server, server id: 991
W0223 06:10:00.948176 222381504 NetModule.cpp:723] ready reconnect server, server id: 10
W0223 06:10:00.996147 155447296 ServerMgr.cpp:17] repeated add game server, game server id:991
W0223 06:10:08.005934 155447296 ServerMgr.cpp:60] repeated add login server, login server id:10
W0223 06:46:54.481451 155447296 ProxyThread.cpp:133] login server is disconnect, after 3s will be reconnect!, server id: 10
W0223 06:46:54.481945 155447296 ProxyThread.cpp:133] game server is disconnect, after 3s will be reconnect!, server id: 991
W0223 06:46:54.481986 155447296 ProxyThread.cpp:138] db server is disconnect, after 3s will be reconnect!
W0223 06:46:54.482018 155447296 ProxyThread.cpp:114] center server is disconnect, after 3s will be reconnect!
W0223 06:46:57.964350 222381504 NetModule.cpp:723] ready reconnect server, server id: 0
W0223 06:46:57.964454 222381504 NetModule.cpp:723] ready reconnect server, server id: 1
W0223 06:46:57.964526 222381504 NetModule.cpp:723] ready reconnect server, server id: 991
W0223 06:46:57.964592 222381504 NetModule.cpp:723] ready reconnect server, server id: 10
W0223 06:46:58.017769 155447296 ServerMgr.cpp:17] repeated add game server, game server id:991
W0223 06:47:04.541009 155447296 ServerMgr.cpp:60] repeated add login server, login server id:10
W0223 07:24:35.490581 155447296 ProxyThread.cpp:114] center server is disconnect, after 3s will be reconnect!
W0223 07:24:35.491088 155447296 ProxyThread.cpp:138] db server is disconnect, after 3s will be reconnect!
W0223 07:24:35.491132 155447296 ProxyThread.cpp:133] game server is disconnect, after 3s will be reconnect!, server id: 991
W0223 07:24:35.491163 155447296 ProxyThread.cpp:133] login server is disconnect, after 3s will be reconnect!, server id: 10
W0223 07:24:38.973320 222381504 NetModule.cpp:723] ready reconnect server, server id: 0
W0223 07:24:38.973419 222381504 NetModule.cpp:723] ready reconnect server, server id: 1
W0223 07:24:38.973489 222381504 NetModule.cpp:723] ready reconnect server, server id: 991
W0223 07:24:38.973568 222381504 NetModule.cpp:723] ready reconnect server, server id: 10
W0223 07:24:39.006842 155447296 ServerMgr.cpp:17] repeated add game server, game server id:991
W0223 07:24:46.026082 155447296 ServerMgr.cpp:60] repeated add login server, login server id:10
W0223 08:08:09.520923 155447296 ProxyThread.cpp:133] login server is disconnect, after 3s will be reconnect!, server id: 10
W0223 08:08:09.521770 155447296 ProxyThread.cpp:138] db server is disconnect, after 3s will be reconnect!
W0223 08:08:09.521806 155447296 ProxyThread.cpp:133] game server is disconnect, after 3s will be reconnect!, server id: 991
W0223 08:08:09.521847 155447296 ProxyThread.cpp:114] center server is disconnect, after 3s will be reconnect!
W0223 08:08:12.998685 222381504 NetModule.cpp:723] ready reconnect server, server id: 0
W0223 08:08:12.998862 222381504 NetModule.cpp:723] ready reconnect server, server id: 1
W0223 08:08:12.999020 222381504 NetModule.cpp:723] ready reconnect server, server id: 991
W0223 08:08:12.999125 222381504 NetModule.cpp:723] ready reconnect server, server id: 10
W0223 08:08:13.050853 155447296 ServerMgr.cpp:17] repeated add game server, game server id:991
W0223 08:08:20.083657 155447296 ServerMgr.cpp:60] repeated add login server, login server id:10
W0223 08:43:21.528003 155447296 ProxyThread.cpp:133] login server is disconnect, after 3s will be reconnect!, server id: 10
W0223 08:43:21.528316 155447296 ProxyThread.cpp:133] game server is disconnect, after 3s will be reconnect!, server id: 991
W0223 08:43:21.528349 155447296 ProxyThread.cpp:138] db server is disconnect, after 3s will be reconnect!
W0223 08:43:21.528374 155447296 ProxyThread.cpp:114] center server is disconnect, after 3s will be reconnect!
W0223 08:43:25.015717 222381504 NetModule.cpp:723] ready reconnect server, server id: 0
W0223 08:43:25.015842 222381504 NetModule.cpp:723] ready reconnect server, server id: 1
W0223 08:43:25.015947 222381504 NetModule.cpp:723] ready reconnect server, server id: 991
W0223 08:43:25.016059 222381504 NetModule.cpp:723] ready reconnect server, server id: 10
W0223 08:43:25.036305 155447296 ServerMgr.cpp:17] repeated add game server, game server id:991
W0223 08:43:32.091370 155447296 ServerMgr.cpp:60] repeated add login server, login server id:10
W0223 09:18:37.542882 155447296 ProxyThread.cpp:133] login server is disconnect, after 3s will be reconnect!, server id: 10
W0223 09:18:37.543202 155447296 ProxyThread.cpp:114] center server is disconnect, after 3s will be reconnect!
W0223 09:18:37.543233 155447296 ProxyThread.cpp:133] game server is disconnect, after 3s will be reconnect!, server id: 991
W0223 09:18:37.543254 155447296 ProxyThread.cpp:138] db server is disconnect, after 3s will be reconnect!
W0223 09:18:41.027122 222381504 NetModule.cpp:723] ready reconnect server, server id: 0
W0223 09:18:41.027237 222381504 NetModule.cpp:723] ready reconnect server, server id: 1
W0223 09:18:41.027308 222381504 NetModule.cpp:723] ready reconnect server, server id: 991
W0223 09:18:41.027381 222381504 NetModule.cpp:723] ready reconnect server, server id: 10
W0223 09:18:41.078320 155447296 ServerMgr.cpp:17] repeated add game server, game server id:991
W0223 09:18:48.109946 155447296 ServerMgr.cpp:60] repeated add login server, login server id:10
W0223 09:44:21.763270 155447296 ProxyThread.cpp:133] login server is disconnect, after 3s will be reconnect!, server id: 10
W0223 09:44:21.763913 155447296 ProxyThread.cpp:138] db server is disconnect, after 3s will be reconnect!
W0223 09:44:21.763993 155447296 ProxyThread.cpp:133] game server is disconnect, after 3s will be reconnect!, server id: 991
W0223 09:44:21.764037 155447296 ProxyThread.cpp:114] center server is disconnect, after 3s will be reconnect!
W0223 09:44:25.231072 222381504 NetModule.cpp:723] ready reconnect server, server id: 0
W0223 09:44:25.231173 222381504 NetModule.cpp:723] ready reconnect server, server id: 1
W0223 09:44:25.231238 222381504 NetModule.cpp:723] ready reconnect server, server id: 991
W0223 09:44:25.231303 222381504 NetModule.cpp:723] ready reconnect server, server id: 10
W0223 09:44:25.257170 155447296 ServerMgr.cpp:17] repeated add game server, game server id:991
W0223 09:44:32.288486 155447296 ServerMgr.cpp:60] repeated add login server, login server id:10
W0223 11:26:09.489408 155447296 ProxyThread.cpp:133] game server is disconnect, after 3s will be reconnect!, server id: 991
W0223 11:26:09.503190 155447296 ServerMgr.cpp:145] remove one game server, game server id:991
W0223 11:26:12.586230 155447296 ServerMgr.cpp:354] disconnect login or game server is remove or register again, no server reconnect...
W0223 11:31:12.796600 155447296 ServerMgr.cpp:40] add game server, game server id:991
W0223 14:07:37.688624 155447296 ProxyThread.cpp:133] game server is disconnect, after 3s will be reconnect!, server id: 991
W0223 14:07:37.700466 155447296 ServerMgr.cpp:145] remove one game server, game server id:991
W0223 14:07:40.754189 155447296 ServerMgr.cpp:354] disconnect login or game server is remove or register again, no server reconnect...
W0223 14:09:22.330431 155447296 ProxyThread.cpp:138] db server is disconnect, after 3s will be reconnect!
W0223 14:09:25.642202 222381504 NetModule.cpp:723] ready reconnect server, server id: 1
W0223 14:10:09.248131 155447296 ProxyThread.cpp:138] db server is disconnect, after 3s will be reconnect!
W0223 14:10:12.780766 222381504 NetModule.cpp:723] ready reconnect server, server id: 1
W0223 14:10:38.962440 155447296 ProxyThread.cpp:138] db server is disconnect, after 3s will be reconnect!
W0223 14:10:42.380280 222381504 NetModule.cpp:723] ready reconnect server, server id: 1
W0223 14:10:42.382622 155447296 ProxyThread.cpp:138] db server is disconnect, after 3s will be reconnect!
W0223 14:10:45.890408 222381504 NetModule.cpp:723] ready reconnect server, server id: 1
W0223 14:10:45.892714 155447296 ProxyThread.cpp:138] db server is disconnect, after 3s will be reconnect!
W0223 14:10:49.402343 222381504 NetModule.cpp:723] ready reconnect server, server id: 1
W0223 14:10:49.403540 155447296 ProxyThread.cpp:138] db server is disconnect, after 3s will be reconnect!
W0223 14:10:52.913314 222381504 NetModule.cpp:723] ready reconnect server, server id: 1
W0223 14:10:52.915441 155447296 ProxyThread.cpp:138] db server is disconnect, after 3s will be reconnect!
W0223 14:10:56.428294 222381504 NetModule.cpp:723] ready reconnect server, server id: 1
W0223 14:10:56.428941 155447296 ProxyThread.cpp:138] db server is disconnect, after 3s will be reconnect!
W0223 14:10:59.938287 222381504 NetModule.cpp:723] ready reconnect server, server id: 1
W0223 14:10:59.940492 155447296 ProxyThread.cpp:138] db server is disconnect, after 3s will be reconnect!
W0223 14:11:03.451709 222381504 NetModule.cpp:723] ready reconnect server, server id: 1
W0223 14:11:15.982097 155447296 ServerMgr.cpp:40] add game server, game server id:991
W0223 14:14:27.186646 155447296 ProxyThread.cpp:133] game server is disconnect, after 3s will be reconnect!, server id: 991
W0223 14:14:27.210484 155447296 ServerMgr.cpp:145] remove one game server, game server id:991
W0223 14:14:30.196494 155447296 ServerMgr.cpp:354] disconnect login or game server is remove or register again, no server reconnect...
W0223 14:16:25.816960 155447296 ServerMgr.cpp:40] add game server, game server id:991
W0223 14:32:37.186448 155447296 ProxyThread.cpp:133] game server is disconnect, after 3s will be reconnect!, server id: 991
W0223 14:32:37.189724 155447296 ServerMgr.cpp:145] remove one game server, game server id:991
W0223 14:32:40.284157 155447296 ServerMgr.cpp:354] disconnect login or game server is remove or register again, no server reconnect...
W0223 15:53:25.121065 155447296 ServerMgr.cpp:40] add game server, game server id:991
W0223 16:42:01.992038 155447296 ProxyThread.cpp:133] game server is disconnect, after 3s will be reconnect!, server id: 991
W0223 16:42:01.999428 155447296 ServerMgr.cpp:145] remove one game server, game server id:991
W0223 16:42:05.055795 155447296 ServerMgr.cpp:354] disconnect login or game server is remove or register again, no server reconnect...
W0223 16:42:52.464310 155447296 ServerMgr.cpp:40] add game server, game server id:991
W0223 16:44:16.249994 155447296 ProxyThread.cpp:133] game server is disconnect, after 3s will be reconnect!, server id: 991
W0223 16:44:16.271586 155447296 ServerMgr.cpp:145] remove one game server, game server id:991
W0223 16:44:19.298041 155447296 ServerMgr.cpp:354] disconnect login or game server is remove or register again, no server reconnect...
W0223 16:45:19.175004 155447296 ServerMgr.cpp:40] add game server, game server id:991
W0223 16:56:26.041028 155447296 ProxyThread.cpp:133] game server is disconnect, after 3s will be reconnect!, server id: 991
W0223 16:56:26.060539 155447296 ServerMgr.cpp:145] remove one game server, game server id:991
W0223 16:56:29.106693 155447296 ServerMgr.cpp:354] disconnect login or game server is remove or register again, no server reconnect...
W0223 16:56:33.873124 155447296 ServerMgr.cpp:40] add game server, game server id:991
W0223 16:57:06.604847 155447296 ProxyThread.cpp:133] game server is disconnect, after 3s will be reconnect!, server id: 991
W0223 16:57:06.621569 155447296 ServerMgr.cpp:145] remove one game server, game server id:991
W0223 16:57:09.673956 155447296 ServerMgr.cpp:354] disconnect login or game server is remove or register again, no server reconnect...
W0223 16:57:12.127552 155447296 ProxyThread.cpp:854] client socket not found, main id: 6, sub id: 660
W0223 16:57:14.140566 155447296 ProxyThread.cpp:854] client socket not found, main id: 6, sub id: 656
W0223 16:57:14.140707 155447296 ProxyThread.cpp:854] client socket not found, main id: 6, sub id: 695
W0223 16:57:14.140765 155447296 ProxyThread.cpp:854] client socket not found, main id: 6, sub id: 682
W0223 16:57:14.140816 155447296 ProxyThread.cpp:854] client socket not found, main id: 6, sub id: 650
W0223 16:57:14.480782 155447296 ProxyThread.cpp:854] client socket not found, main id: 6, sub id: 660
W0223 16:57:19.237571 155447296 ServerMgr.cpp:40] add game server, game server id:991
W0223 17:03:48.848927 155447296 ProxyThread.cpp:908] can not find hall user!, user id: 85548712, main id: 7, sub id: 7128
W0223 17:04:14.843782 155447296 ProxyThread.cpp:854] client socket not found, main id: 6, sub id: 660
W0223 17:09:26.393867 155447296 ServerMgr.cpp:140] remove game server, but the link is alive, game server id:991
W0223 17:09:26.394716 155447296 ServerMgr.cpp:145] remove one game server, game server id:991
W0223 17:26:16.633680 155447296 ServerMgr.cpp:40] add game server, game server id:991
W0223 17:40:25.670205 155447296 ProxyThread.cpp:133] game server is disconnect, after 3s will be reconnect!, server id: 991
W0223 17:40:25.689512 155447296 ServerMgr.cpp:145] remove one game server, game server id:991
W0223 17:40:28.675464 155447296 ServerMgr.cpp:354] disconnect login or game server is remove or register again, no server reconnect...
W0223 17:40:39.864164 155447296 ServerMgr.cpp:40] add game server, game server id:991
W0223 17:42:36.708801 155447296 ServerMgr.cpp:140] remove game server, but the link is alive, game server id:991
W0223 17:42:36.708909 155447296 ServerMgr.cpp:145] remove one game server, game server id:991
W0223 17:43:04.659654 155447296 ServerMgr.cpp:40] add game server, game server id:991
W0223 17:43:21.975165 155447296 ProxyThread.cpp:133] game server is disconnect, after 3s will be reconnect!, server id: 991
W0223 17:43:21.977593 155447296 ServerMgr.cpp:145] remove one game server, game server id:991
W0223 17:43:25.026648 155447296 ServerMgr.cpp:354] disconnect login or game server is remove or register again, no server reconnect...
W0223 17:43:31.787865 155447296 ServerMgr.cpp:40] add game server, game server id:991
W0223 17:44:26.716543 155447296 ServerMgr.cpp:140] remove game server, but the link is alive, game server id:991
W0223 17:44:26.716720 155447296 ServerMgr.cpp:145] remove one game server, game server id:991
W0223 17:45:17.530336 155447296 ServerMgr.cpp:40] add game server, game server id:991
W0223 17:46:56.751420 155447296 ServerMgr.cpp:140] remove game server, but the link is alive, game server id:991
W0223 17:46:56.751538 155447296 ServerMgr.cpp:145] remove one game server, game server id:991
W0223 18:09:50.133675 155447296 ServerMgr.cpp:40] add game server, game server id:991
W0223 18:28:54.466301 155447296 ProxyThread.cpp:133] game server is disconnect, after 3s will be reconnect!, server id: 991
W0223 18:28:54.491366 155447296 ServerMgr.cpp:145] remove one game server, game server id:991
W0223 18:28:57.485153 155447296 ServerMgr.cpp:354] disconnect login or game server is remove or register again, no server reconnect...
W0223 18:33:35.782881 155447296 ServerMgr.cpp:40] add game server, game server id:991
W0223 22:19:28.868753 155447296 ProxyThread.cpp:138] db server is disconnect, after 3s will be reconnect!
W0223 22:19:28.869953 155447296 ProxyThread.cpp:114] center server is disconnect, after 3s will be reconnect!
W0223 22:19:28.896646 155447296 ProxyThread.cpp:133] login server is disconnect, after 3s will be reconnect!, server id: 10
W0223 22:19:28.896730 155447296 ProxyThread.cpp:133] game server is disconnect, after 3s will be reconnect!, server id: 991
W0223 22:19:32.356786 222381504 NetModule.cpp:723] ready reconnect server, server id: 0
W0223 22:19:32.356917 222381504 NetModule.cpp:723] ready reconnect server, server id: 1
W0223 22:19:32.357014 222381504 NetModule.cpp:723] ready reconnect server, server id: 991
W0223 22:19:32.357091 222381504 NetModule.cpp:723] ready reconnect server, server id: 10
W0223 22:19:32.383478 155447296 ServerMgr.cpp:17] repeated add game server, game server id:991
W0223 22:19:38.943605 155447296 ServerMgr.cpp:60] repeated add login server, login server id:10
W0223 22:57:51.886657 155447296 ProxyThread.cpp:114] center server is disconnect, after 3s will be reconnect!
W0223 22:57:51.887734 155447296 ProxyThread.cpp:138] db server is disconnect, after 3s will be reconnect!
W0223 22:57:51.887773 155447296 ProxyThread.cpp:133] login server is disconnect, after 3s will be reconnect!, server id: 10
W0223 22:57:51.887799 155447296 ProxyThread.cpp:133] game server is disconnect, after 3s will be reconnect!, server id: 991
W0223 22:57:55.374995 222381504 NetModule.cpp:723] ready reconnect server, server id: 0
W0223 22:57:55.375110 222381504 NetModule.cpp:723] ready reconnect server, server id: 1
W0223 22:57:55.375193 222381504 NetModule.cpp:723] ready reconnect server, server id: 991
W0223 22:57:55.375274 222381504 NetModule.cpp:723] ready reconnect server, server id: 10
W0223 22:57:55.412607 155447296 ServerMgr.cpp:17] repeated add game server, game server id:991
W0223 22:58:02.449858 155447296 ServerMgr.cpp:60] repeated add login server, login server id:10
W0223 23:39:09.874501 155447296 ProxyThread.cpp:133] login server is disconnect, after 3s will be reconnect!, server id: 10
W0223 23:39:09.874912 155447296 ProxyThread.cpp:138] db server is disconnect, after 3s will be reconnect!
W0223 23:39:09.874956 155447296 ProxyThread.cpp:133] game server is disconnect, after 3s will be reconnect!, server id: 991
W0223 23:39:09.874986 155447296 ProxyThread.cpp:114] center server is disconnect, after 3s will be reconnect!
W0223 23:39:13.617111 222381504 NetModule.cpp:723] ready reconnect server, server id: 0
W0223 23:39:13.617240 222381504 NetModule.cpp:723] ready reconnect server, server id: 1
W0223 23:39:13.617332 222381504 NetModule.cpp:723] ready reconnect server, server id: 991
W0223 23:39:13.617421 222381504 NetModule.cpp:723] ready reconnect server, server id: 10
W0223 23:39:13.643635 155447296 ServerMgr.cpp:17] repeated add game server, game server id:991
W0223 23:39:20.199350 155447296 ServerMgr.cpp:60] repeated add login server, login server id:10
W0224 00:21:37.532536 155447296 ProxyThread.cpp:133] login server is disconnect, after 3s will be reconnect!, server id: 10
W0224 00:21:37.532958 155447296 ProxyThread.cpp:133] game server is disconnect, after 3s will be reconnect!, server id: 991
W0224 00:21:37.539290 155447296 ProxyThread.cpp:138] db server is disconnect, after 3s will be reconnect!
W0224 00:21:37.539353 155447296 ProxyThread.cpp:114] center server is disconnect, after 3s will be reconnect!
W0224 00:21:41.016969 222381504 NetModule.cpp:723] ready reconnect server, server id: 0
W0224 00:21:41.018038 222381504 NetModule.cpp:723] ready reconnect server, server id: 1
W0224 00:21:41.018142 222381504 NetModule.cpp:723] ready reconnect server, server id: 991
W0224 00:21:41.018224 222381504 NetModule.cpp:723] ready reconnect server, server id: 10
W0224 00:21:48.003273 155447296 ServerMgr.cpp:17] repeated add game server, game server id:991
W0224 00:21:48.003477 155447296 ServerMgr.cpp:60] repeated add login server, login server id:10
W0224 01:01:31.537626 155447296 ProxyThread.cpp:133] login server is disconnect, after 3s will be reconnect!, server id: 10
W0224 01:01:31.537712 155447296 ProxyThread.cpp:114] center server is disconnect, after 3s will be reconnect!
W0224 01:01:31.537739 155447296 ProxyThread.cpp:138] db server is disconnect, after 3s will be reconnect!
W0224 01:01:31.537758 155447296 ProxyThread.cpp:133] game server is disconnect, after 3s will be reconnect!, server id: 991
W0224 01:01:35.031806 222381504 NetModule.cpp:723] ready reconnect server, server id: 0
W0224 01:01:35.031922 222381504 NetModule.cpp:723] ready reconnect server, server id: 1
W0224 01:01:35.032022 222381504 NetModule.cpp:723] ready reconnect server, server id: 991
W0224 01:01:35.032109 222381504 NetModule.cpp:723] ready reconnect server, server id: 10
W0224 01:01:35.058476 155447296 ServerMgr.cpp:17] repeated add game server, game server id:991
W0224 01:01:42.091626 155447296 ServerMgr.cpp:60] repeated add login server, login server id:10
W0224 01:38:02.542946 155447296 ProxyThread.cpp:138] db server is disconnect, after 3s will be reconnect!
W0224 01:38:02.543051 155447296 ProxyThread.cpp:114] center server is disconnect, after 3s will be reconnect!
W0224 01:38:02.543081 155447296 ProxyThread.cpp:133] game server is disconnect, after 3s will be reconnect!, server id: 991
W0224 01:38:02.545202 155447296 ProxyThread.cpp:133] login server is disconnect, after 3s will be reconnect!, server id: 10
W0224 01:38:06.036546 222381504 NetModule.cpp:723] ready reconnect server, server id: 0
W0224 01:38:06.036829 222381504 NetModule.cpp:723] ready reconnect server, server id: 1
W0224 01:38:06.037063 222381504 NetModule.cpp:723] ready reconnect server, server id: 991
W0224 01:38:06.037302 222381504 NetModule.cpp:723] ready reconnect server, server id: 10
W0224 01:38:06.097954 155447296 ServerMgr.cpp:17] repeated add game server, game server id:991
W0224 01:38:13.108243 155447296 ServerMgr.cpp:60] repeated add login server, login server id:10
W0224 02:17:16.544358 155447296 ProxyThread.cpp:133] login server is disconnect, after 3s will be reconnect!, server id: 10
W0224 02:17:16.544427 155447296 ProxyThread.cpp:133] game server is disconnect, after 3s will be reconnect!, server id: 991
W0224 02:17:16.544458 155447296 ProxyThread.cpp:114] center server is disconnect, after 3s will be reconnect!
W0224 02:17:16.544514 155447296 ProxyThread.cpp:138] db server is disconnect, after 3s will be reconnect!
W0224 02:17:20.037690 222381504 NetModule.cpp:723] ready reconnect server, server id: 0
W0224 02:17:20.038630 222381504 NetModule.cpp:723] ready reconnect server, server id: 1
W0224 02:17:20.038717 222381504 NetModule.cpp:723] ready reconnect server, server id: 991
W0224 02:17:20.038795 222381504 NetModule.cpp:723] ready reconnect server, server id: 10
W0224 02:17:20.071002 155447296 ServerMgr.cpp:17] repeated add game server, game server id:991
W0224 02:17:27.118883 155447296 ServerMgr.cpp:60] repeated add login server, login server id:10
W0224 02:57:51.594161 155447296 ProxyThread.cpp:114] center server is disconnect, after 3s will be reconnect!
W0224 02:57:51.594933 155447296 ProxyThread.cpp:138] db server is disconnect, after 3s will be reconnect!
W0224 02:57:51.594975 155447296 ProxyThread.cpp:133] game server is disconnect, after 3s will be reconnect!, server id: 991
W0224 02:57:51.595005 155447296 ProxyThread.cpp:133] login server is disconnect, after 3s will be reconnect!, server id: 10
W0224 02:57:55.088420 222381504 NetModule.cpp:723] ready reconnect server, server id: 0
W0224 02:57:55.088564 222381504 NetModule.cpp:723] ready reconnect server, server id: 1
W0224 02:57:55.088666 222381504 NetModule.cpp:723] ready reconnect server, server id: 991
W0224 02:57:55.089740 222381504 NetModule.cpp:723] ready reconnect server, server id: 10
W0224 02:57:55.130167 155447296 ServerMgr.cpp:17] repeated add game server, game server id:991
W0224 02:58:02.168660 155447296 ServerMgr.cpp:60] repeated add login server, login server id:10
W0224 03:40:00.615556 155447296 ProxyThread.cpp:133] game server is disconnect, after 3s will be reconnect!, server id: 991
W0224 03:40:00.616351 155447296 ProxyThread.cpp:138] db server is disconnect, after 3s will be reconnect!
W0224 03:40:00.616379 155447296 ProxyThread.cpp:133] login server is disconnect, after 3s will be reconnect!, server id: 10
W0224 03:40:00.616396 155447296 ProxyThread.cpp:114] center server is disconnect, after 3s will be reconnect!
W0224 03:40:04.107493 222381504 NetModule.cpp:723] ready reconnect server, server id: 0
W0224 03:40:04.107626 222381504 NetModule.cpp:723] ready reconnect server, server id: 1
W0224 03:40:04.107738 222381504 NetModule.cpp:723] ready reconnect server, server id: 991
W0224 03:40:04.107836 222381504 NetModule.cpp:723] ready reconnect server, server id: 10
W0224 03:40:04.141983 155447296 ServerMgr.cpp:17] repeated add game server, game server id:991
