W0322 17:40:04.868698 245178368 ServerMgr.cpp:354] disconnect login or game server is remove or register again, no server reconnect...
I0322 17:40:07.773845 236983744 NetServer.cpp:88] delete io...192.168.10.116:49201
I0322 17:40:08.155009 245178368 NetModule.cpp:220] add one connector: 0.0.0.0:9100 succeed...
W0322 17:40:08.155043 245178368 ServerMgr.cpp:40] add game server, game server id:100
W0322 17:40:08.253489 245178368 ProxyThread.cpp:854] client socket not found, main id: 6, sub id: 660
W0322 17:40:08.253566 245178368 ProxyThread.cpp:854] client socket not found, main id: 6, sub id: 656
W0322 17:40:08.253593 245178368 ProxyThread.cpp:854] client socket not found, main id: 6, sub id: 695
W0322 17:40:08.253617 245178368 ProxyThread.cpp:854] client socket not found, main id: 6, sub id: 682
W0322 17:40:08.253638 245178368 ProxyThread.cpp:854] client socket not found, main id: 6, sub id: 650
I0322 17:40:08.548065 236983744 NetConnector.cpp:216] connect to: 0.0.0.0:9100 success! 
I0322 17:40:08.549984 245178368 ProxyThread.cpp:86] connect to game server succ, server id:100
W0322 17:40:08.585003 245178368 ProxyThread.cpp:854] client socket not found, main id: 6, sub id: 660
I0322 17:40:12.932875 236983744 NetServer.cpp:55] accept io...192.168.10.116:49202
W0322 17:40:28.577054 245178368 ProxyThread.cpp:133] game server is disconnect, after 3s will be reconnect!, server id: 100
I0322 17:40:28.589658 236983744 NetServer.cpp:88] delete io...192.168.10.116:49202
W0322 17:40:28.601263 245178368 ServerMgr.cpp:145] remove one game server, game server id:100
I0322 17:40:28.853443 236983744 NetServer.cpp:55] accept io...192.168.10.116:49204
W0322 17:40:31.613610 245178368 ServerMgr.cpp:354] disconnect login or game server is remove or register again, no server reconnect...
I0322 17:40:36.201644 245178368 NetModule.cpp:220] add one connector: 0.0.0.0:9100 succeed...
W0322 17:40:36.201671 245178368 ServerMgr.cpp:40] add game server, game server id:100
I0322 17:40:36.637434 236983744 NetConnector.cpp:216] connect to: 0.0.0.0:9100 success! 
I0322 17:40:36.637687 245178368 ProxyThread.cpp:86] connect to game server succ, server id:100
W0322 17:41:02.616477 245178368 ProxyThread.cpp:133] game server is disconnect, after 3s will be reconnect!, server id: 100
W0322 17:41:02.621295 245178368 ServerMgr.cpp:145] remove one game server, game server id:100
I0322 17:41:02.626183 236983744 NetServer.cpp:88] delete io...192.168.10.116:49204
I0322 17:41:02.844377 236983744 NetServer.cpp:55] accept io...192.168.10.116:49205
W0322 17:41:05.648799 245178368 ServerMgr.cpp:354] disconnect login or game server is remove or register again, no server reconnect...
I0322 17:41:08.356096 245178368 NetModule.cpp:220] add one connector: 0.0.0.0:9100 succeed...
W0322 17:41:08.356129 245178368 ServerMgr.cpp:40] add game server, game server id:100
I0322 17:41:08.734625 236983744 NetConnector.cpp:216] connect to: 0.0.0.0:9100 success! 
I0322 17:41:08.735100 245178368 ProxyThread.cpp:86] connect to game server succ, server id:100
I0322 17:42:39.345417 236983744 NetServer.cpp:88] delete io...192.168.10.144:41507
I0322 17:43:37.207386 236983744 NetServer.cpp:55] accept io...192.168.10.144:41508
W0322 17:47:26.663352 245178368 ProxyThread.cpp:133] game server is disconnect, after 3s will be reconnect!, server id: 100
W0322 17:47:26.687940 245178368 ServerMgr.cpp:145] remove one game server, game server id:100
W0322 17:47:29.764781 245178368 ServerMgr.cpp:354] disconnect login or game server is remove or register again, no server reconnect...
I0322 17:47:39.069936 245178368 NetModule.cpp:220] add one connector: 0.0.0.0:9100 succeed...
W0322 17:47:39.069960 245178368 ServerMgr.cpp:40] add game server, game server id:100
I0322 17:47:39.472218 236983744 NetConnector.cpp:216] connect to: 0.0.0.0:9100 success! 
I0322 17:47:39.473836 245178368 ProxyThread.cpp:86] connect to game server succ, server id:100
W0322 17:48:38.295303 245178368 ProxyThread.cpp:133] game server is disconnect, after 3s will be reconnect!, server id: 100
I0322 17:48:38.303335 236983744 NetServer.cpp:88] delete io...192.168.10.116:49205
W0322 17:48:38.319278 245178368 ServerMgr.cpp:145] remove one game server, game server id:100
I0322 17:48:38.509846 236983744 NetServer.cpp:55] accept io...192.168.10.116:49206
W0322 17:48:41.332319 245178368 ServerMgr.cpp:354] disconnect login or game server is remove or register again, no server reconnect...
I0322 17:48:44.823076 245178368 NetModule.cpp:220] add one connector: 0.0.0.0:9100 succeed...
W0322 17:48:44.823101 245178368 ServerMgr.cpp:40] add game server, game server id:100
I0322 17:48:45.187799 236983744 NetConnector.cpp:216] connect to: 0.0.0.0:9100 success! 
I0322 17:48:45.190014 245178368 ProxyThread.cpp:86] connect to game server succ, server id:100
W0322 17:50:43.966851 245178368 ProxyThread.cpp:133] game server is disconnect, after 3s will be reconnect!, server id: 100
I0322 17:50:43.970695 236983744 NetServer.cpp:88] delete io...192.168.10.116:49206
W0322 17:50:43.971506 245178368 ServerMgr.cpp:145] remove one game server, game server id:100
W0322 17:50:47.012928 245178368 ServerMgr.cpp:354] disconnect login or game server is remove or register again, no server reconnect...
I0322 17:50:54.302175 245178368 NetModule.cpp:220] add one connector: 0.0.0.0:9100 succeed...
W0322 17:50:54.302258 245178368 ServerMgr.cpp:40] add game server, game server id:100
I0322 17:50:54.613378 236983744 NetConnector.cpp:216] connect to: 0.0.0.0:9100 success! 
I0322 17:50:54.614848 245178368 ProxyThread.cpp:86] connect to game server succ, server id:100
I0322 17:50:58.245421 236983744 NetServer.cpp:55] accept io...192.168.10.116:49207
W0322 17:51:55.225698 245178368 ProxyThread.cpp:133] game server is disconnect, after 3s will be reconnect!, server id: 100
I0322 17:51:55.233412 236983744 NetServer.cpp:88] delete io...192.168.10.116:49207
W0322 17:51:55.242602 245178368 ServerMgr.cpp:145] remove one game server, game server id:100
I0322 17:51:55.425243 236983744 NetServer.cpp:55] accept io...192.168.10.116:49208
W0322 17:51:58.300776 245178368 ServerMgr.cpp:354] disconnect login or game server is remove or register again, no server reconnect...
I0322 17:52:02.184825 245178368 NetModule.cpp:220] add one connector: 0.0.0.0:9100 succeed...
W0322 17:52:02.184867 245178368 ServerMgr.cpp:40] add game server, game server id:100
I0322 17:52:02.304724 236983744 NetConnector.cpp:216] connect to: 0.0.0.0:9100 success! 
I0322 17:52:02.307090 245178368 ProxyThread.cpp:86] connect to game server succ, server id:100
I0322 17:52:32.146108 236983744 NetServer.cpp:88] delete io...192.168.10.144:41508
W0322 17:55:03.637346 245178368 ProxyThread.cpp:133] game server is disconnect, after 3s will be reconnect!, server id: 100
I0322 17:55:03.657078 236983744 NetServer.cpp:88] delete io...192.168.10.116:49208
W0322 17:55:03.659431 245178368 ServerMgr.cpp:145] remove one game server, game server id:100
I0322 17:55:03.869032 236983744 NetServer.cpp:55] accept io...192.168.10.116:49209
W0322 17:55:06.710055 245178368 ServerMgr.cpp:354] disconnect login or game server is remove or register again, no server reconnect...
I0322 17:55:14.391535 245178368 NetModule.cpp:220] add one connector: 0.0.0.0:9100 succeed...
W0322 17:55:14.391610 245178368 ServerMgr.cpp:40] add game server, game server id:100
I0322 17:55:14.458133 236983744 NetConnector.cpp:216] connect to: 0.0.0.0:9100 success! 
I0322 17:55:14.460391 245178368 ProxyThread.cpp:86] connect to game server succ, server id:100
W0322 17:57:06.148638 245178368 ProxyThread.cpp:133] game server is disconnect, after 3s will be reconnect!, server id: 100
I0322 17:57:06.156477 236983744 NetServer.cpp:88] delete io...192.168.10.116:49209
W0322 17:57:06.162576 245178368 ServerMgr.cpp:145] remove one game server, game server id:100
W0322 17:57:09.209208 245178368 ServerMgr.cpp:354] disconnect login or game server is remove or register again, no server reconnect...
I0322 17:57:14.887850 236983744 NetServer.cpp:55] accept io...192.168.10.116:49210
I0322 17:57:16.613467 245178368 NetModule.cpp:220] add one connector: 0.0.0.0:9100 succeed...
W0322 17:57:16.613489 245178368 ServerMgr.cpp:40] add game server, game server id:100
I0322 17:57:16.866076 236983744 NetConnector.cpp:216] connect to: 0.0.0.0:9100 success! 
I0322 17:57:16.868288 245178368 ProxyThread.cpp:86] connect to game server succ, server id:100
W0322 17:59:03.511041 245178368 ProxyThread.cpp:133] game server is disconnect, after 3s will be reconnect!, server id: 100
I0322 17:59:03.530622 236983744 NetServer.cpp:88] delete io...192.168.10.116:49210
W0322 17:59:03.532531 245178368 ServerMgr.cpp:145] remove one game server, game server id:100
I0322 17:59:03.762922 236983744 NetServer.cpp:55] accept io...192.168.10.116:49211
W0322 17:59:06.600534 245178368 ServerMgr.cpp:354] disconnect login or game server is remove or register again, no server reconnect...
I0322 17:59:14.034451 245178368 NetModule.cpp:220] add one connector: 0.0.0.0:9100 succeed...
W0322 17:59:14.034471 245178368 ServerMgr.cpp:40] add game server, game server id:100
I0322 17:59:14.253949 236983744 NetConnector.cpp:216] connect to: 0.0.0.0:9100 success! 
I0322 17:59:14.254110 245178368 ProxyThread.cpp:86] connect to game server succ, server id:100
W0322 18:00:22.968288 245178368 ProxyThread.cpp:133] game server is disconnect, after 3s will be reconnect!, server id: 100
I0322 18:00:22.975977 236983744 NetServer.cpp:88] delete io...192.168.10.116:49211
W0322 18:00:22.989456 245178368 ServerMgr.cpp:145] remove one game server, game server id:100
I0322 18:00:23.113343 236983744 NetServer.cpp:55] accept io...192.168.10.116:49212
W0322 18:00:25.981711 245178368 ServerMgr.cpp:354] disconnect login or game server is remove or register again, no server reconnect...
I0322 18:00:28.940520 245178368 NetModule.cpp:220] add one connector: 0.0.0.0:9100 succeed...
W0322 18:00:28.940541 245178368 ServerMgr.cpp:40] add game server, game server id:100
I0322 18:00:28.999961 236983744 NetConnector.cpp:216] connect to: 0.0.0.0:9100 success! 
I0322 18:00:29.001394 245178368 ProxyThread.cpp:86] connect to game server succ, server id:100
W0322 18:02:00.903206 245178368 ProxyThread.cpp:133] game server is disconnect, after 3s will be reconnect!, server id: 100
I0322 18:02:00.913139 236983744 NetServer.cpp:88] delete io...192.168.10.116:49212
W0322 18:02:00.920325 245178368 ServerMgr.cpp:145] remove one game server, game server id:100
W0322 18:02:03.935477 245178368 ServerMgr.cpp:354] disconnect login or game server is remove or register again, no server reconnect...
I0322 18:03:01.082113 236983744 NetServer.cpp:55] accept io...192.168.10.144:41512
I0322 18:03:24.118062 236983744 NetServer.cpp:88] delete io...192.168.10.144:41512
I0322 18:03:42.044062 236983744 NetServer.cpp:55] accept io...192.168.10.144:41515
I0322 18:05:45.640367 236983744 NetServer.cpp:55] accept io...192.168.10.116:49213
I0322 18:06:02.503677 245178368 NetModule.cpp:220] add one connector: 0.0.0.0:9100 succeed...
W0322 18:06:02.503701 245178368 ServerMgr.cpp:40] add game server, game server id:100
I0322 18:06:02.615878 236983744 NetConnector.cpp:216] connect to: 0.0.0.0:9100 success! 
I0322 18:06:02.616828 245178368 ProxyThread.cpp:86] connect to game server succ, server id:100
W0322 18:07:00.296456 245178368 ProxyThread.cpp:133] game server is disconnect, after 3s will be reconnect!, server id: 100
I0322 18:07:00.303812 236983744 NetServer.cpp:88] delete io...192.168.10.116:49213
W0322 18:07:00.306376 245178368 ServerMgr.cpp:145] remove one game server, game server id:100
I0322 18:07:00.537175 236983744 NetServer.cpp:55] accept io...192.168.10.116:49214
W0322 18:07:03.344322 245178368 ServerMgr.cpp:354] disconnect login or game server is remove or register again, no server reconnect...
I0322 18:07:06.235908 245178368 NetModule.cpp:220] add one connector: 0.0.0.0:9100 succeed...
W0322 18:07:06.235929 245178368 ServerMgr.cpp:40] add game server, game server id:100
I0322 18:07:06.308217 236983744 NetConnector.cpp:216] connect to: 0.0.0.0:9100 success! 
I0322 18:07:06.310422 245178368 ProxyThread.cpp:86] connect to game server succ, server id:100
I0322 18:09:23.045559 236983744 NetServer.cpp:88] delete io...192.168.10.116:49214
W0322 18:09:23.763950 245178368 ProxyThread.cpp:133] game server is disconnect, after 3s will be reconnect!, server id: 100
W0322 18:09:23.780812 245178368 ServerMgr.cpp:145] remove one game server, game server id:100
W0322 18:09:26.829890 245178368 ServerMgr.cpp:354] disconnect login or game server is remove or register again, no server reconnect...
I0322 18:09:28.569185 236983744 NetServer.cpp:55] accept io...192.168.10.116:49215
I0322 18:09:29.419802 245178368 NetModule.cpp:220] add one connector: 0.0.0.0:9100 succeed...
W0322 18:09:29.419826 245178368 ServerMgr.cpp:40] add game server, game server id:100
I0322 18:09:29.763589 236983744 NetConnector.cpp:216] connect to: 0.0.0.0:9100 success! 
I0322 18:09:29.763913 245178368 ProxyThread.cpp:86] connect to game server succ, server id:100
W0322 18:10:35.148982 245178368 ProxyThread.cpp:133] game server is disconnect, after 3s will be reconnect!, server id: 100
W0322 18:10:35.160801 245178368 ServerMgr.cpp:145] remove one game server, game server id:100
I0322 18:10:35.165550 236983744 NetServer.cpp:88] delete io...192.168.10.116:49215
W0322 18:10:38.168212 245178368 ServerMgr.cpp:354] disconnect login or game server is remove or register again, no server reconnect...
I0322 18:10:41.024268 245178368 NetModule.cpp:220] add one connector: 0.0.0.0:9100 succeed...
W0322 18:10:41.024293 245178368 ServerMgr.cpp:40] add game server, game server id:100
I0322 18:10:41.493024 236983744 NetConnector.cpp:216] connect to: 0.0.0.0:9100 success! 
I0322 18:10:41.494796 245178368 ProxyThread.cpp:86] connect to game server succ, server id:100
I0322 18:10:42.916081 236983744 NetServer.cpp:55] accept io...192.168.10.116:49216
W0322 18:11:44.399904 245178368 ProxyThread.cpp:133] game server is disconnect, after 3s will be reconnect!, server id: 100
I0322 18:11:44.404254 236983744 NetServer.cpp:88] delete io...192.168.10.116:49216
W0322 18:11:44.422477 245178368 ServerMgr.cpp:145] remove one game server, game server id:100
I0322 18:11:44.594063 236983744 NetServer.cpp:55] accept io...192.168.10.116:49217
W0322 18:11:47.457876 245178368 ServerMgr.cpp:354] disconnect login or game server is remove or register again, no server reconnect...
I0322 18:11:50.800568 245178368 NetModule.cpp:220] add one connector: 0.0.0.0:9100 succeed...
W0322 18:11:50.800601 245178368 ServerMgr.cpp:40] add game server, game server id:100
I0322 18:11:51.225724 236983744 NetConnector.cpp:216] connect to: 0.0.0.0:9100 success! 
I0322 18:11:51.225747 245178368 ProxyThread.cpp:86] connect to game server succ, server id:100
W0322 18:14:22.920037 245178368 ProxyThread.cpp:133] game server is disconnect, after 3s will be reconnect!, server id: 100
W0322 18:14:22.922538 245178368 ServerMgr.cpp:145] remove one game server, game server id:100
I0322 18:14:22.941375 236983744 NetServer.cpp:88] delete io...192.168.10.116:49217
I0322 18:14:23.119045 236983744 NetServer.cpp:55] accept io...192.168.10.116:49218
W0322 18:14:25.970049 245178368 ServerMgr.cpp:354] disconnect login or game server is remove or register again, no server reconnect...
I0322 18:14:28.640144 245178368 NetModule.cpp:220] add one connector: 0.0.0.0:9100 succeed...
W0322 18:14:28.640177 245178368 ServerMgr.cpp:40] add game server, game server id:100
I0322 18:14:28.726203 236983744 NetConnector.cpp:216] connect to: 0.0.0.0:9100 success! 
I0322 18:14:28.728685 245178368 ProxyThread.cpp:86] connect to game server succ, server id:100
W0322 18:18:52.158200 245178368 ProxyThread.cpp:133] game server is disconnect, after 3s will be reconnect!, server id: 100
I0322 18:18:52.169451 236983744 NetServer.cpp:88] delete io...192.168.10.116:49218
W0322 18:18:52.170841 245178368 ServerMgr.cpp:145] remove one game server, game server id:100
W0322 18:18:55.161496 245178368 ServerMgr.cpp:354] disconnect login or game server is remove or register again, no server reconnect...
I0322 18:18:56.191498 236983744 NetServer.cpp:55] accept io...192.168.10.116:49219
I0322 18:18:58.052130 245178368 NetModule.cpp:220] add one connector: 0.0.0.0:9100 succeed...
W0322 18:18:58.052168 245178368 ServerMgr.cpp:40] add game server, game server id:100
I0322 18:18:58.531194 236983744 NetConnector.cpp:216] connect to: 0.0.0.0:9100 success! 
I0322 18:18:58.533411 245178368 ProxyThread.cpp:86] connect to game server succ, server id:100
W0322 18:21:19.060272 245178368 ProxyThread.cpp:133] game server is disconnect, after 3s will be reconnect!, server id: 100
I0322 18:21:19.079646 236983744 NetServer.cpp:88] delete io...192.168.10.116:49219
W0322 18:21:19.083830 245178368 ServerMgr.cpp:145] remove one game server, game server id:100
I0322 18:21:19.283628 236983744 NetServer.cpp:55] accept io...192.168.10.116:49220
W0322 18:21:22.089362 245178368 ServerMgr.cpp:354] disconnect login or game server is remove or register again, no server reconnect...
I0322 18:22:34.209516 245178368 NetModule.cpp:220] add one connector: 0.0.0.0:9100 succeed...
W0322 18:22:34.209620 245178368 ServerMgr.cpp:40] add game server, game server id:100
I0322 18:22:34.251715 236983744 NetConnector.cpp:216] connect to: 0.0.0.0:9100 success! 
I0322 18:22:34.253280 245178368 ProxyThread.cpp:86] connect to game server succ, server id:100
W0322 18:32:47.508368 245178368 ProxyThread.cpp:133] game server is disconnect, after 3s will be reconnect!, server id: 100
I0322 18:32:47.525318 236983744 NetServer.cpp:88] delete io...192.168.10.116:49220
W0322 18:32:47.532272 245178368 ServerMgr.cpp:145] remove one game server, game server id:100
I0322 18:32:47.726155 236983744 NetServer.cpp:55] accept io...192.168.10.116:49221
W0322 18:32:50.527379 245178368 ServerMgr.cpp:354] disconnect login or game server is remove or register again, no server reconnect...
I0322 18:32:54.101092 245178368 NetModule.cpp:220] add one connector: 0.0.0.0:9100 succeed...
W0322 18:32:54.101115 245178368 ServerMgr.cpp:40] add game server, game server id:100
I0322 18:32:54.162310 236983744 NetConnector.cpp:216] connect to: 0.0.0.0:9100 success! 
I0322 18:32:54.164532 245178368 ProxyThread.cpp:86] connect to game server succ, server id:100
W0322 18:33:57.824462 245178368 ServerMgr.cpp:140] remove game server, but the link is alive, game server id:100
W0322 18:33:57.824625 245178368 ServerMgr.cpp:145] remove one game server, game server id:100
I0322 18:36:19.990603 245178368 NetModule.cpp:220] add one connector: 0.0.0.0:9100 succeed...
W0322 18:36:19.990774 245178368 ServerMgr.cpp:40] add game server, game server id:100
I0322 18:36:20.296908 236983744 NetConnector.cpp:216] connect to: 0.0.0.0:9100 success! 
I0322 18:36:20.299048 245178368 ProxyThread.cpp:86] connect to game server succ, server id:100
W0322 18:36:42.194041 245178368 ProxyThread.cpp:133] game server is disconnect, after 3s will be reconnect!, server id: 100
W0322 18:36:42.208436 245178368 ServerMgr.cpp:145] remove one game server, game server id:100
I0322 18:36:42.213379 236983744 NetServer.cpp:88] delete io...192.168.10.116:49221
W0322 18:36:45.237128 245178368 ServerMgr.cpp:354] disconnect login or game server is remove or register again, no server reconnect...
I0322 18:36:48.928997 236983744 NetServer.cpp:55] accept io...192.168.10.116:49222
I0322 18:36:49.152720 245178368 NetModule.cpp:220] add one connector: 0.0.0.0:9100 succeed...
W0322 18:36:49.152741 245178368 ServerMgr.cpp:40] add game server, game server id:100
I0322 18:36:49.385541 236983744 NetConnector.cpp:216] connect to: 0.0.0.0:9100 success! 
I0322 18:36:49.387724 245178368 ProxyThread.cpp:86] connect to game server succ, server id:100
W0322 18:37:05.225165 245178368 ProxyThread.cpp:133] game server is disconnect, after 3s will be reconnect!, server id: 100
W0322 18:37:05.227679 245178368 ServerMgr.cpp:145] remove one game server, game server id:100
I0322 18:37:05.244240 236983744 NetServer.cpp:88] delete io...192.168.10.116:49222
I0322 18:37:05.719336 236983744 NetServer.cpp:55] accept io...192.168.10.116:49223
W0322 18:37:08.319700 245178368 ServerMgr.cpp:354] disconnect login or game server is remove or register again, no server reconnect...
I0322 18:37:10.899920 245178368 NetModule.cpp:220] add one connector: 0.0.0.0:9100 succeed...
W0322 18:37:10.899945 245178368 ServerMgr.cpp:40] add game server, game server id:100
I0322 18:37:10.953811 236983744 NetConnector.cpp:216] connect to: 0.0.0.0:9100 success! 
I0322 18:37:10.955020 245178368 ProxyThread.cpp:86] connect to game server succ, server id:100
W0322 18:37:29.184818 245178368 ProxyThread.cpp:133] game server is disconnect, after 3s will be reconnect!, server id: 100
W0322 18:37:29.187324 245178368 ServerMgr.cpp:145] remove one game server, game server id:100
I0322 18:37:29.197402 236983744 NetServer.cpp:88] delete io...192.168.10.116:49223
I0322 18:37:29.452263 236983744 NetServer.cpp:55] accept io...192.168.10.116:49224
W0322 18:37:32.210295 245178368 ServerMgr.cpp:354] disconnect login or game server is remove or register again, no server reconnect...
I0322 18:37:34.825322 245178368 NetModule.cpp:220] add one connector: 0.0.0.0:9100 succeed...
W0322 18:37:34.825345 245178368 ServerMgr.cpp:40] add game server, game server id:100
I0322 18:37:35.022780 236983744 NetConnector.cpp:216] connect to: 0.0.0.0:9100 success! 
I0322 18:37:35.025023 245178368 ProxyThread.cpp:86] connect to game server succ, server id:100
W0322 18:37:58.536478 245178368 ProxyThread.cpp:133] game server is disconnect, after 3s will be reconnect!, server id: 100
W0322 18:37:58.538990 245178368 ServerMgr.cpp:145] remove one game server, game server id:100
I0322 18:37:58.550135 236983744 NetServer.cpp:88] delete io...192.168.10.116:49224
W0322 18:38:01.598417 245178368 ServerMgr.cpp:354] disconnect login or game server is remove or register again, no server reconnect...
I0322 18:38:02.246577 236983744 NetServer.cpp:55] accept io...192.168.10.116:49225
I0322 18:38:04.174904 245178368 NetModule.cpp:220] add one connector: 0.0.0.0:9100 succeed...
W0322 18:38:04.174929 245178368 ServerMgr.cpp:40] add game server, game server id:100
I0322 18:38:04.634377 236983744 NetConnector.cpp:216] connect to: 0.0.0.0:9100 success! 
I0322 18:38:04.636451 245178368 ProxyThread.cpp:86] connect to game server succ, server id:100
W0322 18:39:18.652969 245178368 ProxyThread.cpp:133] game server is disconnect, after 3s will be reconnect!, server id: 100
W0322 18:39:18.667670 245178368 ServerMgr.cpp:145] remove one game server, game server id:100
I0322 18:39:18.668622 236983744 NetServer.cpp:88] delete io...192.168.10.116:49225
I0322 18:39:18.956301 236983744 NetServer.cpp:55] accept io...192.168.10.116:49226
W0322 18:39:21.666321 245178368 ServerMgr.cpp:354] disconnect login or game server is remove or register again, no server reconnect...
I0322 18:39:24.293504 245178368 NetModule.cpp:220] add one connector: 0.0.0.0:9100 succeed...
W0322 18:39:24.293527 245178368 ServerMgr.cpp:40] add game server, game server id:100
I0322 18:39:24.391703 236983744 NetConnector.cpp:216] connect to: 0.0.0.0:9100 success! 
I0322 18:39:24.393720 245178368 ProxyThread.cpp:86] connect to game server succ, server id:100
I0322 19:15:35.152115 236983744 NetServer.cpp:88] delete io...192.168.10.144:41515
I0322 19:15:35.301786 236983744 NetServer.cpp:55] accept io...192.168.10.144:41516
I0322 19:16:23.174211 236983744 NetServer.cpp:88] delete io...192.168.10.144:41516
I0322 19:16:24.240520 236983744 NetServer.cpp:55] accept io...192.168.10.144:41517
I0322 19:19:21.567003 236983744 NetServer.cpp:88] delete io...192.168.10.116:49226
I0322 19:19:23.096168 236983744 NetServer.cpp:55] accept io...192.168.10.116:49227
W0322 19:19:27.473963 245178368 ProxyThread.cpp:133] game server is disconnect, after 3s will be reconnect!, server id: 100
I0322 19:19:27.493904 236983744 NetServer.cpp:88] delete io...192.168.10.116:49227
W0322 19:19:27.495671 245178368 ServerMgr.cpp:145] remove one game server, game server id:100
W0322 19:19:30.553449 245178368 ServerMgr.cpp:354] disconnect login or game server is remove or register again, no server reconnect...
I0322 19:20:00.177479 236983744 NetServer.cpp:55] accept io...192.168.10.116:49228
I0322 19:20:16.123862 245178368 NetModule.cpp:220] add one connector: 0.0.0.0:9100 succeed...
W0322 19:20:16.123895 245178368 ServerMgr.cpp:40] add game server, game server id:100
I0322 19:20:16.393401 236983744 NetConnector.cpp:216] connect to: 0.0.0.0:9100 success! 
I0322 19:20:16.395524 245178368 ProxyThread.cpp:86] connect to game server succ, server id:100
I0322 19:23:53.109823 236983744 NetServer.cpp:88] delete io...192.168.10.144:41517
I0322 19:41:04.495100 236983744 NetServer.cpp:55] accept io...192.168.10.144:41518
I0322 19:41:42.489866 236983744 NetServer.cpp:88] delete io...192.168.10.144:41518
W0322 20:45:14.645653 245178368 ProxyThread.cpp:133] game server is disconnect, after 3s will be reconnect!, server id: 100
W0322 20:45:14.670187 245178368 ServerMgr.cpp:145] remove one game server, game server id:100
W0322 20:45:17.731096 245178368 ServerMgr.cpp:354] disconnect login or game server is remove or register again, no server reconnect...
W0322 20:45:36.259670 245178368 ProxyThread.cpp:133] game server is disconnect, after 3s will be reconnect!, server id: 991
W0322 20:45:36.285976 245178368 ServerMgr.cpp:145] remove one game server, game server id:991
W0322 20:45:39.279251 245178368 ServerMgr.cpp:354] disconnect login or game server is remove or register again, no server reconnect...
I0322 20:45:42.733300 245178368 NetModule.cpp:220] add one connector: 127.0.0.1:9901 succeed...
W0322 20:45:42.733341 245178368 ServerMgr.cpp:40] add game server, game server id:991
I0322 20:45:43.170780 236983744 NetConnector.cpp:216] connect to: 127.0.0.1:9901 success! 
I0322 20:45:43.172236 245178368 ProxyThread.cpp:86] connect to game server succ, server id:991
W0322 21:04:59.572144 245178368 ServerMgr.cpp:140] remove game server, but the link is alive, game server id:991
W0322 21:04:59.572605 245178368 ServerMgr.cpp:145] remove one game server, game server id:991
I0322 21:09:10.610440 245178368 NetModule.cpp:220] add one connector: 127.0.0.1:9901 succeed...
W0322 21:09:10.610509 245178368 ServerMgr.cpp:40] add game server, game server id:991
I0322 21:09:10.764171 236983744 NetConnector.cpp:216] connect to: 127.0.0.1:9901 success! 
I0322 21:09:10.765090 245178368 ProxyThread.cpp:86] connect to game server succ, server id:991
W0322 21:15:19.684723 245178368 ServerMgr.cpp:140] remove game server, but the link is alive, game server id:991
W0322 21:15:19.684918 245178368 ServerMgr.cpp:145] remove one game server, game server id:991
I0322 21:21:12.695315 245178368 NetModule.cpp:220] add one connector: 127.0.0.1:9901 succeed...
W0322 21:21:12.695449 245178368 ServerMgr.cpp:40] add game server, game server id:991
I0322 21:21:13.122072 236983744 NetConnector.cpp:216] connect to: 127.0.0.1:9901 success! 
I0322 21:21:13.123929 245178368 ProxyThread.cpp:86] connect to game server succ, server id:991
I0322 21:25:20.210192 236983744 NetServer.cpp:88] delete io...192.168.10.116:49228
W0322 21:32:13.501161 245178368 ProxyThread.cpp:133] game server is disconnect, after 3s will be reconnect!, server id: 991
W0322 21:32:13.515854 245178368 ServerMgr.cpp:145] remove one game server, game server id:991
W0322 21:32:16.567425 245178368 ServerMgr.cpp:354] disconnect login or game server is remove or register again, no server reconnect...
I0323 10:16:24.800878 245178368 NetModule.cpp:220] add one connector: 127.0.0.1:9901 succeed...
W0323 10:16:24.800936 245178368 ServerMgr.cpp:40] add game server, game server id:991
I0323 10:16:25.108969 236983744 NetConnector.cpp:216] connect to: 127.0.0.1:9901 success! 
I0323 10:16:25.110697 245178368 ProxyThread.cpp:86] connect to game server succ, server id:991
I0323 10:16:34.205562 236983744 NetServer.cpp:55] accept io...192.168.10.116:49258
I0323 10:19:40.964139 236983744 NetServer.cpp:88] delete io...192.168.10.116:49258
I0323 10:20:29.525571 236983744 NetServer.cpp:55] accept io...192.168.10.116:49260
I0323 10:25:34.058885 236983744 NetServer.cpp:88] delete io...192.168.10.116:49260
I0323 10:26:55.770761 236983744 NetServer.cpp:55] accept io...192.168.10.116:49262
W0323 10:29:36.583142 245178368 ProxyThread.cpp:133] game server is disconnect, after 3s will be reconnect!, server id: 991
W0323 10:29:36.600715 245178368 ServerMgr.cpp:145] remove one game server, game server id:991
W0323 10:29:39.646270 245178368 ServerMgr.cpp:354] disconnect login or game server is remove or register again, no server reconnect...
I0323 10:29:42.710299 245178368 NetModule.cpp:220] add one connector: 127.0.0.1:9901 succeed...
W0323 10:29:42.710321 245178368 ServerMgr.cpp:40] add game server, game server id:991
I0323 10:29:43.180078 236983744 NetConnector.cpp:216] connect to: 127.0.0.1:9901 success! 
I0323 10:29:43.182366 245178368 ProxyThread.cpp:86] connect to game server succ, server id:991
I0323 10:55:16.120277 236983744 NetServer.cpp:88] delete io...192.168.10.116:49262
I0323 11:12:23.810325 236983744 NetServer.cpp:55] accept io...192.168.10.116:49287
I0323 12:40:58.121891 236983744 NetServer.cpp:88] delete io...192.168.10.116:49287
I0323 14:08:59.592927 236983744 NetServer.cpp:55] accept io...192.168.10.116:49319
I0323 14:09:06.781868 245178368 NetModule.cpp:220] add one connector: 0.0.0.0:9100 succeed...
W0323 14:09:06.781893 245178368 ServerMgr.cpp:40] add game server, game server id:100
I0323 14:09:07.135840 236983744 NetConnector.cpp:216] connect to: 0.0.0.0:9100 success! 
I0323 14:09:07.138303 245178368 ProxyThread.cpp:86] connect to game server succ, server id:100
I0323 14:09:12.322973 245178368 NetModule.cpp:220] add one connector: 127.0.0.1:11004 succeed...
W0323 14:09:12.323112 245178368 ServerMgr.cpp:40] add game server, game server id:1104
I0323 14:09:12.650549 236983744 NetConnector.cpp:216] connect to: 127.0.0.1:11004 success! 
I0323 14:09:12.652231 245178368 ProxyThread.cpp:86] connect to game server succ, server id:1104
I0323 14:09:21.709939 245178368 NetModule.cpp:220] add one connector: 127.0.0.1:9903 succeed...
W0323 14:09:21.709971 245178368 ServerMgr.cpp:40] add game server, game server id:993
I0323 14:09:22.178719 236983744 NetConnector.cpp:216] connect to: 127.0.0.1:9903 success! 
I0323 14:09:22.179580 245178368 ProxyThread.cpp:86] connect to game server succ, server id:993
I0323 14:09:41.538064 236983744 NetServer.cpp:88] delete io...192.168.10.116:49319
I0323 14:09:48.503650 236983744 NetServer.cpp:55] accept io...192.168.10.116:49321
W0323 14:18:37.862604 245178368 ProxyThread.cpp:133] game server is disconnect, after 3s will be reconnect!, server id: 993
I0323 14:18:37.868429 236983744 NetServer.cpp:88] delete io...192.168.10.116:49321
W0323 14:18:37.882300 245178368 ServerMgr.cpp:145] remove one game server, game server id:993
I0323 14:18:38.080576 236983744 NetServer.cpp:55] accept io...192.168.10.116:49322
W0323 14:18:40.908413 245178368 ServerMgr.cpp:354] disconnect login or game server is remove or register again, no server reconnect...
I0323 14:18:41.844251 245178368 NetModule.cpp:220] add one connector: 127.0.0.1:9903 succeed...
W0323 14:18:41.844287 245178368 ServerMgr.cpp:40] add game server, game server id:993
I0323 14:18:42.056612 236983744 NetConnector.cpp:216] connect to: 127.0.0.1:9903 success! 
I0323 14:18:42.056659 245178368 ProxyThread.cpp:86] connect to game server succ, server id:993
I0323 14:18:45.903877 236983744 NetServer.cpp:88] delete io...192.168.10.116:49322
I0323 14:18:50.313037 236983744 NetServer.cpp:55] accept io...192.168.10.116:49323
W0323 14:19:02.511381 245178368 ProxyThread.cpp:854] client socket not found, main id: 6, sub id: 660
I0323 14:19:46.731128 236983744 NetServer.cpp:88] delete io...192.168.10.116:49323
I0323 14:19:50.423861 236983744 NetServer.cpp:55] accept io...192.168.10.116:49324
W0323 14:20:05.400779 245178368 ProxyThread.cpp:854] client socket not found, main id: 6, sub id: 662
W0323 14:20:05.518013 245178368 ProxyThread.cpp:854] client socket not found, main id: 6, sub id: 662
W0323 14:20:05.859200 245178368 ProxyThread.cpp:908] can not find hall user!, user id: 85539866, main id: 6, sub id: 677
W0323 14:22:07.939038 245178368 ProxyThread.cpp:133] game server is disconnect, after 3s will be reconnect!, server id: 991
W0323 14:22:07.952684 245178368 ServerMgr.cpp:145] remove one game server, game server id:991
W0323 14:22:10.944509 245178368 ServerMgr.cpp:354] disconnect login or game server is remove or register again, no server reconnect...
I0323 14:22:14.110698 245178368 NetModule.cpp:220] add one connector: 127.0.0.1:9901 succeed...
W0323 14:22:14.110718 245178368 ServerMgr.cpp:40] add game server, game server id:991
I0323 14:22:14.275717 236983744 NetConnector.cpp:216] connect to: 127.0.0.1:9901 success! 
I0323 14:22:14.277078 245178368 ProxyThread.cpp:86] connect to game server succ, server id:991
W0323 14:23:11.085960 245178368 ProxyThread.cpp:133] game server is disconnect, after 3s will be reconnect!, server id: 993
W0323 14:23:11.095237 245178368 ServerMgr.cpp:145] remove one game server, game server id:993
W0323 14:23:14.126039 245178368 ServerMgr.cpp:354] disconnect login or game server is remove or register again, no server reconnect...
I0323 14:23:14.255306 245178368 NetModule.cpp:220] add one connector: 127.0.0.1:9903 succeed...
W0323 14:23:14.255350 245178368 ServerMgr.cpp:40] add game server, game server id:993
I0323 14:23:14.470278 236983744 NetConnector.cpp:216] connect to: 127.0.0.1:9903 success! 
I0323 14:23:14.472213 245178368 ProxyThread.cpp:86] connect to game server succ, server id:993
I0323 14:25:36.847474 236983744 NetServer.cpp:55] accept io...192.168.10.116:49325
I0323 14:26:04.244218 236983744 NetServer.cpp:88] delete io...192.168.10.116:49324
I0323 14:36:14.341936 236983744 NetServer.cpp:88] delete io...192.168.10.116:49325
W0323 16:28:08.813318 245178368 ProxyThread.cpp:133] game server is disconnect, after 3s will be reconnect!, server id: 991
W0323 16:28:08.834751 245178368 ServerMgr.cpp:145] remove one game server, game server id:991
W0323 16:28:11.846231 245178368 ServerMgr.cpp:354] disconnect login or game server is remove or register again, no server reconnect...
I0323 16:28:14.751744 245178368 NetModule.cpp:220] add one connector: 127.0.0.1:9901 succeed...
W0323 16:28:14.751767 245178368 ServerMgr.cpp:40] add game server, game server id:991
I0323 16:28:14.817926 236983744 NetConnector.cpp:216] connect to: 127.0.0.1:9901 success! 
I0323 16:28:14.820091 245178368 ProxyThread.cpp:86] connect to game server succ, server id:991
I0323 16:28:33.330130 236983744 NetServer.cpp:55] accept io...192.168.10.116:49359
I0323 16:29:11.312976 236983744 NetServer.cpp:88] delete io...192.168.10.116:49359
W0323 16:29:16.504899 245178368 ProxyThread.cpp:854] client socket not found, main id: 6, sub id: 660
W0323 16:29:29.190178 245178368 ProxyThread.cpp:133] game server is disconnect, after 3s will be reconnect!, server id: 993
W0323 16:29:29.207293 245178368 ServerMgr.cpp:145] remove one game server, game server id:993
W0323 16:29:32.290748 245178368 ServerMgr.cpp:354] disconnect login or game server is remove or register again, no server reconnect...
I0323 16:29:32.606623 245178368 NetModule.cpp:220] add one connector: 127.0.0.1:9903 succeed...
W0323 16:29:32.606657 245178368 ServerMgr.cpp:40] add game server, game server id:993
I0323 16:29:33.029400 236983744 NetConnector.cpp:216] connect to: 127.0.0.1:9903 success! 
I0323 16:29:33.031544 245178368 ProxyThread.cpp:86] connect to game server succ, server id:993
I0323 16:29:36.404109 236983744 NetServer.cpp:55] accept io...192.168.10.116:49361
I0323 16:29:57.907232 236983744 NetServer.cpp:88] delete io...192.168.10.116:49361
I0323 16:30:03.237602 236983744 NetServer.cpp:55] accept io...192.168.10.116:49362
W0323 16:31:36.566956 245178368 ProxyThread.cpp:133] game server is disconnect, after 3s will be reconnect!, server id: 991
W0323 16:31:36.578891 245178368 ServerMgr.cpp:145] remove one game server, game server id:991
W0323 16:31:39.579586 245178368 ServerMgr.cpp:354] disconnect login or game server is remove or register again, no server reconnect...
I0323 16:31:49.771324 245178368 NetModule.cpp:220] add one connector: 127.0.0.1:9901 succeed...
W0323 16:31:49.771414 245178368 ServerMgr.cpp:40] add game server, game server id:991
I0323 16:31:49.946411 236983744 NetConnector.cpp:216] connect to: 127.0.0.1:9901 success! 
I0323 16:31:49.948076 245178368 ProxyThread.cpp:86] connect to game server succ, server id:991
I0323 16:31:53.318578 236983744 NetServer.cpp:55] accept io...192.168.10.116:49364
W0323 16:32:11.800688 245178368 ProxyThread.cpp:133] game server is disconnect, after 3s will be reconnect!, server id: 993
W0323 16:32:11.818241 245178368 ServerMgr.cpp:145] remove one game server, game server id:993
W0323 16:32:14.876847 245178368 ServerMgr.cpp:354] disconnect login or game server is remove or register again, no server reconnect...
I0323 16:32:15.521142 245178368 NetModule.cpp:220] add one connector: 127.0.0.1:9903 succeed...
W0323 16:32:15.521175 245178368 ServerMgr.cpp:40] add game server, game server id:993
I0323 16:32:16.013341 236983744 NetConnector.cpp:216] connect to: 127.0.0.1:9903 success! 
I0323 16:32:16.014791 245178368 ProxyThread.cpp:86] connect to game server succ, server id:993
I0323 16:32:25.566098 236983744 NetServer.cpp:88] delete io...192.168.10.116:49362
I0323 16:32:40.110397 236983744 NetServer.cpp:88] delete io...192.168.10.116:49364
I0323 16:32:45.953815 236983744 NetServer.cpp:55] accept io...192.168.10.116:49365
I0323 16:33:15.226119 236983744 NetServer.cpp:88] delete io...192.168.10.116:49365
I0323 16:33:19.272909 236983744 NetServer.cpp:55] accept io...192.168.10.116:49367
I0323 16:33:30.287390 236983744 NetServer.cpp:88] delete io...192.168.10.116:49367
W0323 16:33:46.785866 245178368 ProxyThread.cpp:138] db server is disconnect, after 3s will be reconnect!
W0323 16:33:50.308423 236983744 NetModule.cpp:723] ready reconnect server, server id: 1
I0323 16:33:50.308626 236983744 NetConnector.cpp:216] connect to: 0.0.0.0:6001 success! 
I0323 16:33:50.310240 245178368 ProxyThread.cpp:92] connect to db server succ
I0323 16:33:57.652819 236983744 NetServer.cpp:55] accept io...192.168.10.116:49368
W0323 16:34:24.937708 245178368 ProxyThread.cpp:908] can not find hall user!, user id: 0, main id: 25, sub id: 25064
W0323 16:34:24.937856 245178368 ProxyThread.cpp:908] can not find hall user!, user id: 0, main id: 25, sub id: 25064
W0323 16:38:28.895123 245178368 ProxyThread.cpp:138] db server is disconnect, after 3s will be reconnect!
W0323 16:38:32.174059 236983744 NetModule.cpp:723] ready reconnect server, server id: 1
I0323 16:38:32.174341 236983744 NetConnector.cpp:216] connect to: 0.0.0.0:6001 success! 
I0323 16:38:32.176362 245178368 ProxyThread.cpp:92] connect to db server succ
I0323 16:38:49.061424 236983744 NetServer.cpp:88] delete io...192.168.10.116:49368
I0323 16:39:36.502152 236983744 NetServer.cpp:55] accept io...192.168.10.116:49370
W0323 17:02:03.356771 245178368 ProxyThread.cpp:133] game server is disconnect, after 3s will be reconnect!, server id: 991
W0323 17:02:03.382717 245178368 ServerMgr.cpp:145] remove one game server, game server id:991
W0323 17:02:06.379549 245178368 ServerMgr.cpp:354] disconnect login or game server is remove or register again, no server reconnect...
I0323 17:02:10.321126 245178368 NetModule.cpp:220] add one connector: 127.0.0.1:9901 succeed...
W0323 17:02:10.321173 245178368 ServerMgr.cpp:40] add game server, game server id:991
I0323 17:02:10.823184 236983744 NetConnector.cpp:216] connect to: 127.0.0.1:9901 success! 
I0323 17:02:10.824807 245178368 ProxyThread.cpp:86] connect to game server succ, server id:991
W0323 17:03:51.610213 245178368 ProxyThread.cpp:133] game server is disconnect, after 3s will be reconnect!, server id: 991
W0323 17:03:51.610334 245178368 ProxyThread.cpp:133] game server is disconnect, after 3s will be reconnect!, server id: 100
W0323 17:03:56.181182 236983744 NetModule.cpp:723] ready reconnect server, server id: 100
W0323 17:03:56.181514 236983744 NetModule.cpp:723] ready reconnect server, server id: 991
I0323 17:03:56.181991 236983744 NetConnector.cpp:216] connect to: 0.0.0.0:9100 success! 
I0323 17:03:56.182039 236983744 NetConnector.cpp:216] connect to: 127.0.0.1:9901 success! 
I0323 17:03:56.182817 245178368 ProxyThread.cpp:86] connect to game server succ, server id:100
I0323 17:03:56.182880 245178368 ProxyThread.cpp:86] connect to game server succ, server id:991
I0323 17:04:01.575562 236983744 NetServer.cpp:88] delete io...192.168.10.116:49370
W0323 17:43:19.488112 245178368 ProxyThread.cpp:114] center server is disconnect, after 3s will be reconnect!
W0323 17:43:19.488556 245178368 ProxyThread.cpp:133] game server is disconnect, after 3s will be reconnect!, server id: 1104
W0323 17:43:19.489048 245178368 ProxyThread.cpp:133] game server is disconnect, after 3s will be reconnect!, server id: 991
W0323 17:43:19.489081 245178368 ProxyThread.cpp:133] game server is disconnect, after 3s will be reconnect!, server id: 100
W0323 17:43:19.489154 245178368 ProxyThread.cpp:133] game server is disconnect, after 3s will be reconnect!, server id: 993
W0323 17:43:19.495946 245178368 ProxyThread.cpp:133] login server is disconnect, after 3s will be reconnect!, server id: 10
W0323 17:43:19.525176 245178368 ProxyThread.cpp:138] db server is disconnect, after 3s will be reconnect!
W0323 17:43:22.986706 236983744 NetModule.cpp:723] ready reconnect server, server id: 0
W0323 17:43:22.987002 236983744 NetModule.cpp:723] ready reconnect server, server id: 1
W0323 17:43:22.987268 236983744 NetModule.cpp:723] ready reconnect server, server id: 100
W0323 17:43:22.987422 236983744 NetModule.cpp:723] ready reconnect server, server id: 10
W0323 17:43:22.987584 236983744 NetModule.cpp:723] ready reconnect server, server id: 993
W0323 17:43:22.987736 236983744 NetModule.cpp:723] ready reconnect server, server id: 1104
W0323 17:43:22.987876 236983744 NetModule.cpp:723] ready reconnect server, server id: 991
I0323 17:43:22.988128 236983744 NetConnector.cpp:216] connect to: 0.0.0.0:5001 success! 
I0323 17:43:22.988153 236983744 NetConnector.cpp:216] connect to: 0.0.0.0:6001 success! 
I0323 17:43:22.988170 236983744 NetConnector.cpp:216] connect to: 0.0.0.0:9100 success! 
I0323 17:43:22.988186 236983744 NetConnector.cpp:216] connect to: 0.0.0.0:7001 success! 
I0323 17:43:22.988204 236983744 NetConnector.cpp:216] connect to: 127.0.0.1:9903 success! 
I0323 17:43:22.988219 236983744 NetConnector.cpp:216] connect to: 127.0.0.1:11004 success! 
I0323 17:43:22.988236 236983744 NetConnector.cpp:216] connect to: 127.0.0.1:9901 success! 
I0323 17:43:22.990311 245178368 ProxyThread.cpp:66] connect to center server succ.
I0323 17:43:22.990353 245178368 ProxyThread.cpp:92] connect to db server succ
I0323 17:43:22.990375 245178368 ProxyThread.cpp:86] connect to game server succ, server id:100
I0323 17:43:22.990394 245178368 ProxyThread.cpp:76] connect to login server succ, server id:10
I0323 17:43:22.990411 245178368 ProxyThread.cpp:86] connect to game server succ, server id:993
I0323 17:43:22.990423 245178368 ProxyThread.cpp:86] connect to game server succ, server id:1104
I0323 17:43:22.990437 245178368 ProxyThread.cpp:86] connect to game server succ, server id:991
W0323 17:43:23.035298 245178368 ServerMgr.cpp:17] repeated add game server, game server id:1104
W0323 17:43:23.035419 245178368 ServerMgr.cpp:17] repeated add game server, game server id:991
W0323 17:43:23.035467 245178368 ServerMgr.cpp:17] repeated add game server, game server id:993
W0323 17:43:23.035507 245178368 ServerMgr.cpp:17] repeated add game server, game server id:100
I0323 17:43:23.035550 245178368 ProxyThread.cpp:543] get game server list finish!
I0323 17:43:23.035568 245178368 ProxyThread.cpp:514] get login server list finish!
I0323 17:43:23.035583 245178368 ProxyThread.cpp:572] get customer server list finish!
W0323 18:34:59.527070 245178368 ProxyThread.cpp:133] login server is disconnect, after 3s will be reconnect!, server id: 10
W0323 18:34:59.527213 245178368 ProxyThread.cpp:133] game server is disconnect, after 3s will be reconnect!, server id: 1104
W0323 18:34:59.527493 245178368 ProxyThread.cpp:133] game server is disconnect, after 3s will be reconnect!, server id: 100
W0323 18:34:59.527528 245178368 ProxyThread.cpp:133] game server is disconnect, after 3s will be reconnect!, server id: 991
W0323 18:34:59.527559 245178368 ProxyThread.cpp:138] db server is disconnect, after 3s will be reconnect!
W0323 18:34:59.527627 245178368 ProxyThread.cpp:114] center server is disconnect, after 3s will be reconnect!
W0323 18:34:59.527660 245178368 ProxyThread.cpp:133] game server is disconnect, after 3s will be reconnect!, server id: 993
W0323 18:35:03.022465 236983744 NetModule.cpp:723] ready reconnect server, server id: 0
W0323 18:35:03.022748 236983744 NetModule.cpp:723] ready reconnect server, server id: 1
W0323 18:35:03.022986 236983744 NetModule.cpp:723] ready reconnect server, server id: 100
W0323 18:35:03.023205 236983744 NetModule.cpp:723] ready reconnect server, server id: 10
W0323 18:35:03.023347 236983744 NetModule.cpp:723] ready reconnect server, server id: 993
W0323 18:35:03.023494 236983744 NetModule.cpp:723] ready reconnect server, server id: 1104
W0323 18:35:03.023633 236983744 NetModule.cpp:723] ready reconnect server, server id: 991
I0323 18:35:03.023849 236983744 NetConnector.cpp:216] connect to: 0.0.0.0:5001 success! 
I0323 18:35:03.023881 236983744 NetConnector.cpp:216] connect to: 0.0.0.0:6001 success! 
I0323 18:35:03.023885 245178368 ProxyThread.cpp:66] connect to center server succ.
I0323 18:35:03.023914 236983744 NetConnector.cpp:216] connect to: 0.0.0.0:9100 success! 
I0323 18:35:03.023937 245178368 ProxyThread.cpp:92] connect to db server succ
I0323 18:35:03.023984 236983744 NetConnector.cpp:216] connect to: 0.0.0.0:7001 success! 
I0323 18:35:03.023993 245178368 ProxyThread.cpp:86] connect to game server succ, server id:100
I0323 18:35:03.024013 236983744 NetConnector.cpp:216] connect to: 127.0.0.1:9903 success! 
I0323 18:35:03.024015 245178368 ProxyThread.cpp:76] connect to login server succ, server id:10
I0323 18:35:03.024040 236983744 NetConnector.cpp:216] connect to: 127.0.0.1:11004 success! 
I0323 18:35:03.024055 245178368 ProxyThread.cpp:86] connect to game server succ, server id:993
I0323 18:35:03.024075 236983744 NetConnector.cpp:216] connect to: 127.0.0.1:9901 success! 
I0323 18:35:03.024080 245178368 ProxyThread.cpp:86] connect to game server succ, server id:1104
I0323 18:35:03.024096 245178368 ProxyThread.cpp:86] connect to game server succ, server id:991
W0323 18:35:03.065194 245178368 ServerMgr.cpp:17] repeated add game server, game server id:993
W0323 18:35:03.065338 245178368 ServerMgr.cpp:17] repeated add game server, game server id:100
W0323 18:35:03.065398 245178368 ServerMgr.cpp:17] repeated add game server, game server id:991
W0323 18:35:03.065448 245178368 ServerMgr.cpp:17] repeated add game server, game server id:1104
I0323 18:35:03.065502 245178368 ProxyThread.cpp:543] get game server list finish!
I0323 18:35:03.065521 245178368 ProxyThread.cpp:514] get login server list finish!
I0323 18:35:03.065536 245178368 ProxyThread.cpp:572] get customer server list finish!
W0323 22:34:53.537688 245178368 ProxyThread.cpp:133] game server is disconnect, after 3s will be reconnect!, server id: 991
W0323 22:34:53.537928 245178368 ProxyThread.cpp:133] login server is disconnect, after 3s will be reconnect!, server id: 10
W0323 22:34:53.537963 245178368 ProxyThread.cpp:138] db server is disconnect, after 3s will be reconnect!
W0323 22:34:53.537992 245178368 ProxyThread.cpp:133] game server is disconnect, after 3s will be reconnect!, server id: 993
W0323 22:34:53.538012 245178368 ProxyThread.cpp:133] game server is disconnect, after 3s will be reconnect!, server id: 1104
W0323 22:34:53.538030 245178368 ProxyThread.cpp:133] game server is disconnect, after 3s will be reconnect!, server id: 100
W0323 22:34:53.538048 245178368 ProxyThread.cpp:114] center server is disconnect, after 3s will be reconnect!
W0323 22:34:57.038254 236983744 NetModule.cpp:723] ready reconnect server, server id: 0
W0323 22:34:57.038543 236983744 NetModule.cpp:723] ready reconnect server, server id: 1
W0323 22:34:57.038776 236983744 NetModule.cpp:723] ready reconnect server, server id: 100
W0323 22:34:57.039021 236983744 NetModule.cpp:723] ready reconnect server, server id: 10
W0323 22:34:57.039175 236983744 NetModule.cpp:723] ready reconnect server, server id: 993
W0323 22:34:57.039317 236983744 NetModule.cpp:723] ready reconnect server, server id: 1104
W0323 22:34:57.039451 236983744 NetModule.cpp:723] ready reconnect server, server id: 991
I0323 22:34:57.039700 236983744 NetConnector.cpp:216] connect to: 0.0.0.0:5001 success! 
I0323 22:34:57.039724 236983744 NetConnector.cpp:216] connect to: 0.0.0.0:6001 success! 
I0323 22:34:57.039742 236983744 NetConnector.cpp:216] connect to: 0.0.0.0:9100 success! 
I0323 22:34:57.039759 236983744 NetConnector.cpp:216] connect to: 0.0.0.0:7001 success! 
I0323 22:34:57.039777 236983744 NetConnector.cpp:216] connect to: 127.0.0.1:9903 success! 
I0323 22:34:57.039793 236983744 NetConnector.cpp:216] connect to: 127.0.0.1:11004 success! 
I0323 22:34:57.039810 236983744 NetConnector.cpp:216] connect to: 127.0.0.1:9901 success! 
I0323 22:34:57.040033 245178368 ProxyThread.cpp:66] connect to center server succ.
I0323 22:34:57.040056 245178368 ProxyThread.cpp:92] connect to db server succ
I0323 22:34:57.040076 245178368 ProxyThread.cpp:86] connect to game server succ, server id:100
