I0108 23:24:58.326861 78274560 ProxyThread.cpp:92] connect to db server succ
I0108 23:24:58.327205 185787840 NetConnector.cpp:216] connect to: 0.0.0.0:7001 success! 
I0108 23:24:58.327248 78274560 ProxyThread.cpp:76] connect to login server succ, server id:10
I0108 23:24:58.327270 78274560 ProxyThread.cpp:66] connect to center server succ.
I0108 23:24:58.327267 185787840 NetConnector.cpp:216] connect to: 127.0.0.1:5001 success! 
I0108 23:24:58.327294 185787840 NetConnector.cpp:216] connect to: 127.0.0.1:11001 success! 
I0108 23:24:58.329857 78274560 ProxyThread.cpp:86] connect to game server succ, server id:1101
W0108 23:24:58.366993 78274560 ServerMgr.cpp:17] repeated add game server, game server id:1101
I0108 23:24:58.367044 78274560 ProxyThread.cpp:538] get game server list finish!
I0108 23:24:58.367053 78274560 ProxyThread.cpp:509] get login server list finish!
I0108 23:24:58.367058 78274560 ProxyThread.cpp:567] get customer server list finish!
W0108 23:25:05.413223 78274560 ServerMgr.cpp:60] repeated add login server, login server id:10
W0109 00:29:57.882283 78274560 ProxyThread.cpp:133] login server is disconnect, after 3s will be reconnect!, server id: 10
W0109 00:29:57.898167 78274560 ProxyThread.cpp:114] center server is disconnect, after 3s will be reconnect!
W0109 00:29:57.898212 78274560 ProxyThread.cpp:138] db server is disconnect, after 3s will be reconnect!
W0109 00:29:57.898248 78274560 ProxyThread.cpp:133] game server is disconnect, after 3s will be reconnect!, server id: 1101
W0109 00:30:01.341491 185787840 NetModule.cpp:723] ready reconnect server, server id: 1
W0109 00:30:01.341634 185787840 NetModule.cpp:723] ready reconnect server, server id: 10
W0109 00:30:01.341711 185787840 NetModule.cpp:723] ready reconnect server, server id: 0
W0109 00:30:01.341837 185787840 NetModule.cpp:723] ready reconnect server, server id: 1101
I0109 00:30:01.341889 185787840 NetConnector.cpp:216] connect to: 0.0.0.0:6001 success! 
I0109 00:30:01.341902 185787840 NetConnector.cpp:216] connect to: 0.0.0.0:7001 success! 
I0109 00:30:01.341910 185787840 NetConnector.cpp:216] connect to: 0.0.0.0:5001 success! 
I0109 00:30:01.341920 185787840 NetConnector.cpp:216] connect to: 127.0.0.1:11001 success! 
I0109 00:30:01.344036 78274560 ProxyThread.cpp:92] connect to db server succ
I0109 00:30:01.344053 78274560 ProxyThread.cpp:76] connect to login server succ, server id:10
I0109 00:30:01.344074 78274560 ProxyThread.cpp:66] connect to center server succ.
I0109 00:30:01.344081 78274560 ProxyThread.cpp:86] connect to game server succ, server id:1101
W0109 00:30:07.908352 78274560 ServerMgr.cpp:17] repeated add game server, game server id:1101
I0109 00:30:07.908416 78274560 ProxyThread.cpp:538] get game server list finish!
I0109 00:30:07.908426 78274560 ProxyThread.cpp:509] get login server list finish!
I0109 00:30:07.908432 78274560 ProxyThread.cpp:567] get customer server list finish!
W0109 00:30:08.894467 78274560 ServerMgr.cpp:60] repeated add login server, login server id:10
I0109 05:23:10.568411 185787840 NetServer.cpp:55] accept io...192.168.10.122:50953
I0109 05:25:41.633273 185787840 NetServer.cpp:88] delete io...192.168.10.122:50953
W0109 05:26:45.868731 78274560 ProxyThread.cpp:849] client socket not found, main id: 6, sub id: 695
W0109 05:26:45.869455 78274560 ProxyThread.cpp:849] client socket not found, main id: 6, sub id: 682
W0109 05:26:45.869493 78274560 ProxyThread.cpp:849] client socket not found, main id: 6, sub id: 650
W0109 05:26:46.208225 78274560 ProxyThread.cpp:849] client socket not found, main id: 6, sub id: 660
W0109 05:28:27.229409 78274560 ProxyThread.cpp:849] client socket not found, main id: 6, sub id: 695
W0109 05:28:27.230645 78274560 ProxyThread.cpp:849] client socket not found, main id: 6, sub id: 682
W0109 05:28:27.230696 78274560 ProxyThread.cpp:849] client socket not found, main id: 6, sub id: 650
W0109 05:28:27.583721 78274560 ProxyThread.cpp:849] client socket not found, main id: 6, sub id: 660
W0109 05:29:49.068608 78274560 ProxyThread.cpp:849] client socket not found, main id: 6, sub id: 695
W0109 05:29:49.069898 78274560 ProxyThread.cpp:849] client socket not found, main id: 6, sub id: 682
W0109 05:29:49.069945 78274560 ProxyThread.cpp:849] client socket not found, main id: 6, sub id: 650
W0109 05:29:49.400090 78274560 ProxyThread.cpp:849] client socket not found, main id: 6, sub id: 660
W0109 05:29:50.494762 78274560 ProxyThread.cpp:849] client socket not found, main id: 6, sub id: 695
W0109 05:29:50.494830 78274560 ProxyThread.cpp:849] client socket not found, main id: 6, sub id: 682
W0109 05:29:50.494855 78274560 ProxyThread.cpp:849] client socket not found, main id: 6, sub id: 650
W0109 05:29:50.850983 78274560 ProxyThread.cpp:849] client socket not found, main id: 6, sub id: 660
W0109 08:02:13.198657 78274560 ProxyThread.cpp:138] db server is disconnect, after 3s will be reconnect!
W0109 08:02:13.199501 78274560 ProxyThread.cpp:133] game server is disconnect, after 3s will be reconnect!, server id: 1101
W0109 08:02:13.199545 78274560 ProxyThread.cpp:133] login server is disconnect, after 3s will be reconnect!, server id: 10
W0109 08:02:13.199568 78274560 ProxyThread.cpp:114] center server is disconnect, after 3s will be reconnect!
W0109 08:02:16.255362 185787840 NetModule.cpp:723] ready reconnect server, server id: 1
W0109 08:02:16.257695 185787840 NetModule.cpp:723] ready reconnect server, server id: 10
W0109 08:02:16.259445 185787840 NetModule.cpp:723] ready reconnect server, server id: 0
W0109 08:02:16.259553 185787840 NetModule.cpp:723] ready reconnect server, server id: 1101
I0109 08:02:16.259624 185787840 NetConnector.cpp:216] connect to: 127.0.0.1:6001 success! 
I0109 08:02:16.259641 185787840 NetConnector.cpp:216] connect to: 0.0.0.0:7001 success! 
I0109 08:02:16.259656 185787840 NetConnector.cpp:216] connect to: 127.0.0.1:5001 success! 
I0109 08:02:16.259671 185787840 NetConnector.cpp:216] connect to: 127.0.0.1:11001 success! 
I0109 08:02:16.260978 78274560 ProxyThread.cpp:92] connect to db server succ
I0109 08:02:16.261685 78274560 ProxyThread.cpp:76] connect to login server succ, server id:10
I0109 08:02:16.261703 78274560 ProxyThread.cpp:66] connect to center server succ.
I0109 08:02:16.261719 78274560 ProxyThread.cpp:86] connect to game server succ, server id:1101
W0109 08:02:16.315376 78274560 ServerMgr.cpp:17] repeated add game server, game server id:1101
I0109 08:02:16.315435 78274560 ProxyThread.cpp:538] get game server list finish!
I0109 08:02:16.315443 78274560 ProxyThread.cpp:509] get login server list finish!
I0109 08:02:16.315448 78274560 ProxyThread.cpp:567] get customer server list finish!
W0109 08:02:23.343026 78274560 ServerMgr.cpp:60] repeated add login server, login server id:10
W0109 08:38:47.541586 78274560 ProxyThread.cpp:138] db server is disconnect, after 3s will be reconnect!
W0109 08:38:47.541684 78274560 ProxyThread.cpp:133] game server is disconnect, after 3s will be reconnect!, server id: 1101
W0109 08:38:47.550712 78274560 ProxyThread.cpp:133] login server is disconnect, after 3s will be reconnect!, server id: 10
W0109 08:38:47.550804 78274560 ProxyThread.cpp:114] center server is disconnect, after 3s will be reconnect!
W0109 08:38:51.059072 185787840 NetModule.cpp:723] ready reconnect server, server id: 1
W0109 08:38:51.059211 185787840 NetModule.cpp:723] ready reconnect server, server id: 10
W0109 08:38:51.061463 185787840 NetModule.cpp:723] ready reconnect server, server id: 0
W0109 08:38:51.062137 185787840 NetModule.cpp:723] ready reconnect server, server id: 1101
I0109 08:38:51.062211 185787840 NetConnector.cpp:216] connect to: 0.0.0.0:6001 success! 
I0109 08:38:51.062224 185787840 NetConnector.cpp:216] connect to: 0.0.0.0:7001 success! 
I0109 08:38:51.062234 185787840 NetConnector.cpp:216] connect to: 127.0.0.1:5001 success! 
I0109 08:38:51.062244 185787840 NetConnector.cpp:216] connect to: 127.0.0.1:11001 success! 
I0109 08:38:51.063760 78274560 ProxyThread.cpp:92] connect to db server succ
I0109 08:38:51.063791 78274560 ProxyThread.cpp:76] connect to login server succ, server id:10
I0109 08:38:51.063808 78274560 ProxyThread.cpp:66] connect to center server succ.
I0109 08:38:51.064353 78274560 ProxyThread.cpp:86] connect to game server succ, server id:1101
W0109 08:38:51.116122 78274560 ServerMgr.cpp:17] repeated add game server, game server id:1101
I0109 08:38:51.116183 78274560 ProxyThread.cpp:538] get game server list finish!
I0109 08:38:51.116191 78274560 ProxyThread.cpp:509] get login server list finish!
I0109 08:38:51.116197 78274560 ProxyThread.cpp:567] get customer server list finish!
W0109 08:38:58.146026 78274560 ServerMgr.cpp:60] repeated add login server, login server id:10
W0109 08:51:02.584098 78274560 ProxyThread.cpp:133] game server is disconnect, after 3s will be reconnect!, server id: 1101
W0109 08:51:02.585660 78274560 ProxyThread.cpp:133] login server is disconnect, after 3s will be reconnect!, server id: 10
W0109 08:51:02.585876 78274560 ProxyThread.cpp:138] db server is disconnect, after 3s will be reconnect!
W0109 08:51:02.585966 78274560 ProxyThread.cpp:114] center server is disconnect, after 3s will be reconnect!
W0109 08:51:06.059396 185787840 NetModule.cpp:723] ready reconnect server, server id: 1
W0109 08:51:06.059520 185787840 NetModule.cpp:723] ready reconnect server, server id: 10
W0109 08:51:06.059651 185787840 NetModule.cpp:723] ready reconnect server, server id: 0
W0109 08:51:06.059754 185787840 NetModule.cpp:723] ready reconnect server, server id: 1101
I0109 08:51:06.059813 185787840 NetConnector.cpp:216] connect to: 0.0.0.0:6001 success! 
I0109 08:51:06.059826 185787840 NetConnector.cpp:216] connect to: 0.0.0.0:7001 success! 
I0109 08:51:06.059836 185787840 NetConnector.cpp:216] connect to: 0.0.0.0:5001 success! 
I0109 08:51:06.059846 185787840 NetConnector.cpp:216] connect to: 127.0.0.1:11001 success! 
I0109 08:51:06.061275 78274560 ProxyThread.cpp:92] connect to db server succ
I0109 08:51:06.061872 78274560 ProxyThread.cpp:76] connect to login server succ, server id:10
I0109 08:51:06.061890 78274560 ProxyThread.cpp:66] connect to center server succ.
I0109 08:51:06.061899 78274560 ProxyThread.cpp:86] connect to game server succ, server id:1101
W0109 08:51:06.108394 78274560 ServerMgr.cpp:17] repeated add game server, game server id:1101
I0109 08:51:06.108484 78274560 ProxyThread.cpp:538] get game server list finish!
I0109 08:51:06.108491 78274560 ProxyThread.cpp:509] get login server list finish!
I0109 08:51:06.108497 78274560 ProxyThread.cpp:567] get customer server list finish!
W0109 08:51:13.115664 78274560 ServerMgr.cpp:60] repeated add login server, login server id:10
W0109 10:44:22.604967 78274560 ProxyThread.cpp:133] game server is disconnect, after 3s will be reconnect!, server id: 1101
W0109 10:44:22.605448 78274560 ProxyThread.cpp:133] login server is disconnect, after 3s will be reconnect!, server id: 10
W0109 10:44:22.605479 78274560 ProxyThread.cpp:114] center server is disconnect, after 3s will be reconnect!
W0109 10:44:22.605499 78274560 ProxyThread.cpp:138] db server is disconnect, after 3s will be reconnect!
W0109 10:44:26.081578 185787840 NetModule.cpp:723] ready reconnect server, server id: 1
W0109 10:44:26.081696 185787840 NetModule.cpp:723] ready reconnect server, server id: 10
W0109 10:44:26.081776 185787840 NetModule.cpp:723] ready reconnect server, server id: 0
W0109 10:44:26.081853 185787840 NetModule.cpp:723] ready reconnect server, server id: 1101
I0109 10:44:26.081907 185787840 NetConnector.cpp:216] connect to: 0.0.0.0:6001 success! 
I0109 10:44:26.081921 185787840 NetConnector.cpp:216] connect to: 0.0.0.0:7001 success! 
I0109 10:44:26.081936 185787840 NetConnector.cpp:216] connect to: 0.0.0.0:5001 success! 
I0109 10:44:26.081951 185787840 NetConnector.cpp:216] connect to: 127.0.0.1:11001 success! 
I0109 10:44:26.083518 78274560 ProxyThread.cpp:92] connect to db server succ
I0109 10:44:26.083555 78274560 ProxyThread.cpp:76] connect to login server succ, server id:10
I0109 10:44:26.084097 78274560 ProxyThread.cpp:66] connect to center server succ.
I0109 10:44:26.084125 78274560 ProxyThread.cpp:86] connect to game server succ, server id:1101
W0109 10:44:26.135355 78274560 ServerMgr.cpp:17] repeated add game server, game server id:1101
I0109 10:44:26.135473 78274560 ProxyThread.cpp:538] get game server list finish!
I0109 10:44:26.135493 78274560 ProxyThread.cpp:509] get login server list finish!
I0109 10:44:26.135499 78274560 ProxyThread.cpp:567] get customer server list finish!
W0109 10:44:32.658202 78274560 ServerMgr.cpp:60] repeated add login server, login server id:10
W0109 11:25:47.694108 78274560 ProxyThread.cpp:114] center server is disconnect, after 3s will be reconnect!
W0109 11:25:47.695751 78274560 ProxyThread.cpp:138] db server is disconnect, after 3s will be reconnect!
W0109 11:25:47.695864 78274560 ProxyThread.cpp:133] game server is disconnect, after 3s will be reconnect!, server id: 1101
W0109 11:25:47.697923 78274560 ProxyThread.cpp:133] login server is disconnect, after 3s will be reconnect!, server id: 10
W0109 11:25:51.185125 185787840 NetModule.cpp:723] ready reconnect server, server id: 1
W0109 11:25:51.185242 185787840 NetModule.cpp:723] ready reconnect server, server id: 10
W0109 11:25:51.185319 185787840 NetModule.cpp:723] ready reconnect server, server id: 0
W0109 11:25:51.185402 185787840 NetModule.cpp:723] ready reconnect server, server id: 1101
I0109 11:25:51.185458 185787840 NetConnector.cpp:216] connect to: 0.0.0.0:6001 success! 
I0109 11:25:51.185470 185787840 NetConnector.cpp:216] connect to: 0.0.0.0:7001 success! 
I0109 11:25:51.185480 185787840 NetConnector.cpp:216] connect to: 0.0.0.0:5001 success! 
I0109 11:25:51.185490 185787840 NetConnector.cpp:216] connect to: 127.0.0.1:11001 success! 
I0109 11:25:51.187642 78274560 ProxyThread.cpp:92] connect to db server succ
I0109 11:25:51.187664 78274560 ProxyThread.cpp:76] connect to login server succ, server id:10
I0109 11:25:51.188203 78274560 ProxyThread.cpp:66] connect to center server succ.
I0109 11:25:51.189112 78274560 ProxyThread.cpp:86] connect to game server succ, server id:1101
W0109 11:25:51.210080 78274560 ServerMgr.cpp:17] repeated add game server, game server id:1101
I0109 11:25:51.210139 78274560 ProxyThread.cpp:538] get game server list finish!
I0109 11:25:51.210146 78274560 ProxyThread.cpp:509] get login server list finish!
I0109 11:25:51.210151 78274560 ProxyThread.cpp:567] get customer server list finish!
W0109 11:25:58.286866 78274560 ServerMgr.cpp:60] repeated add login server, login server id:10
W0109 12:08:27.719902 78274560 ProxyThread.cpp:133] login server is disconnect, after 3s will be reconnect!, server id: 10
W0109 12:08:27.719985 78274560 ProxyThread.cpp:138] db server is disconnect, after 3s will be reconnect!
W0109 12:08:27.720018 78274560 ProxyThread.cpp:133] game server is disconnect, after 3s will be reconnect!, server id: 1101
W0109 12:08:27.725458 78274560 ProxyThread.cpp:114] center server is disconnect, after 3s will be reconnect!
W0109 12:08:31.222182 185787840 NetModule.cpp:723] ready reconnect server, server id: 1
W0109 12:08:31.222290 185787840 NetModule.cpp:723] ready reconnect server, server id: 10
W0109 12:08:31.222362 185787840 NetModule.cpp:723] ready reconnect server, server id: 0
W0109 12:08:31.223011 185787840 NetModule.cpp:723] ready reconnect server, server id: 1101
I0109 12:08:31.223078 185787840 NetConnector.cpp:216] connect to: 127.0.0.1:6001 success! 
I0109 12:08:31.223101 185787840 NetConnector.cpp:216] connect to: 0.0.0.0:7001 success! 
I0109 12:08:31.223111 185787840 NetConnector.cpp:216] connect to: 0.0.0.0:5001 success! 
I0109 12:08:31.223119 185787840 NetConnector.cpp:216] connect to: 127.0.0.1:11001 success! 
I0109 12:08:31.225121 78274560 ProxyThread.cpp:92] connect to db server succ
I0109 12:08:31.225162 78274560 ProxyThread.cpp:76] connect to login server succ, server id:10
I0109 12:08:31.225178 78274560 ProxyThread.cpp:66] connect to center server succ.
I0109 12:08:31.225191 78274560 ProxyThread.cpp:86] connect to game server succ, server id:1101
W0109 12:08:31.275498 78274560 ServerMgr.cpp:17] repeated add game server, game server id:1101
I0109 12:08:31.275559 78274560 ProxyThread.cpp:538] get game server list finish!
I0109 12:08:31.275568 78274560 ProxyThread.cpp:509] get login server list finish!
I0109 12:08:31.275573 78274560 ProxyThread.cpp:567] get customer server list finish!
W0109 12:08:38.301915 78274560 ServerMgr.cpp:60] repeated add login server, login server id:10
W0109 13:13:31.742545 78274560 ProxyThread.cpp:114] center server is disconnect, after 3s will be reconnect!
W0109 13:13:31.744810 78274560 ProxyThread.cpp:133] login server is disconnect, after 3s will be reconnect!, server id: 10
W0109 13:13:31.745030 78274560 ProxyThread.cpp:133] game server is disconnect, after 3s will be reconnect!, server id: 1101
W0109 13:13:31.758085 78274560 ProxyThread.cpp:138] db server is disconnect, after 3s will be reconnect!
W0109 13:13:35.248854 185787840 NetModule.cpp:723] ready reconnect server, server id: 1
W0109 13:13:35.248956 185787840 NetModule.cpp:723] ready reconnect server, server id: 10
W0109 13:13:35.249037 185787840 NetModule.cpp:723] ready reconnect server, server id: 0
W0109 13:13:35.249119 185787840 NetModule.cpp:723] ready reconnect server, server id: 1101
I0109 13:13:35.249181 185787840 NetConnector.cpp:216] connect to: 0.0.0.0:6001 success! 
I0109 13:13:35.249192 185787840 NetConnector.cpp:216] connect to: 0.0.0.0:7001 success! 
I0109 13:13:35.249202 185787840 NetConnector.cpp:216] connect to: 0.0.0.0:5001 success! 
I0109 13:13:35.249210 185787840 NetConnector.cpp:216] connect to: 127.0.0.1:11001 success! 
I0109 13:13:35.251684 78274560 ProxyThread.cpp:92] connect to db server succ
I0109 13:13:35.251731 78274560 ProxyThread.cpp:76] connect to login server succ, server id:10
I0109 13:13:35.251740 78274560 ProxyThread.cpp:66] connect to center server succ.
I0109 13:13:35.251746 78274560 ProxyThread.cpp:86] connect to game server succ, server id:1101
W0109 13:13:35.281975 78274560 ServerMgr.cpp:17] repeated add game server, game server id:1101
I0109 13:13:35.282024 78274560 ProxyThread.cpp:538] get game server list finish!
I0109 13:13:35.282032 78274560 ProxyThread.cpp:509] get login server list finish!
I0109 13:13:35.282038 78274560 ProxyThread.cpp:567] get customer server list finish!
W0109 13:13:42.283994 78274560 ServerMgr.cpp:60] repeated add login server, login server id:10
W0109 14:18:35.762648 78274560 ProxyThread.cpp:133] login server is disconnect, after 3s will be reconnect!, server id: 10
W0109 14:18:35.767165 78274560 ProxyThread.cpp:133] game server is disconnect, after 3s will be reconnect!, server id: 1101
W0109 14:18:35.771379 78274560 ProxyThread.cpp:114] center server is disconnect, after 3s will be reconnect!
W0109 14:18:35.771436 78274560 ProxyThread.cpp:138] db server is disconnect, after 3s will be reconnect!
W0109 14:18:39.262226 185787840 NetModule.cpp:723] ready reconnect server, server id: 1
W0109 14:18:39.262360 185787840 NetModule.cpp:723] ready reconnect server, server id: 10
W0109 14:18:39.262449 185787840 NetModule.cpp:723] ready reconnect server, server id: 0
W0109 14:18:39.262534 185787840 NetModule.cpp:723] ready reconnect server, server id: 1101
I0109 14:18:39.262620 185787840 NetConnector.cpp:216] connect to: 0.0.0.0:6001 success! 
I0109 14:18:39.262635 185787840 NetConnector.cpp:216] connect to: 0.0.0.0:7001 success! 
I0109 14:18:39.262645 185787840 NetConnector.cpp:216] connect to: 0.0.0.0:5001 success! 
I0109 14:18:39.262655 185787840 NetConnector.cpp:216] connect to: 127.0.0.1:11001 success! 
I0109 14:18:39.262691 78274560 ProxyThread.cpp:92] connect to db server succ
I0109 14:18:39.262702 78274560 ProxyThread.cpp:76] connect to login server succ, server id:10
I0109 14:18:39.262711 78274560 ProxyThread.cpp:66] connect to center server succ.
I0109 14:18:39.262717 78274560 ProxyThread.cpp:86] connect to game server succ, server id:1101
W0109 14:18:39.306141 78274560 ServerMgr.cpp:17] repeated add game server, game server id:1101
I0109 14:18:39.306191 78274560 ProxyThread.cpp:538] get game server list finish!
I0109 14:18:39.306208 78274560 ProxyThread.cpp:509] get login server list finish!
I0109 14:18:39.306213 78274560 ProxyThread.cpp:567] get customer server list finish!
W0109 14:18:46.368041 78274560 ServerMgr.cpp:60] repeated add login server, login server id:10
W0109 15:23:39.782042 78274560 ProxyThread.cpp:138] db server is disconnect, after 3s will be reconnect!
W0109 15:23:39.782112 78274560 ProxyThread.cpp:133] game server is disconnect, after 3s will be reconnect!, server id: 1101
W0109 15:23:39.782135 78274560 ProxyThread.cpp:133] login server is disconnect, after 3s will be reconnect!, server id: 10
W0109 15:23:39.782155 78274560 ProxyThread.cpp:114] center server is disconnect, after 3s will be reconnect!
W0109 15:23:43.275554 185787840 NetModule.cpp:723] ready reconnect server, server id: 1
W0109 15:23:43.275668 185787840 NetModule.cpp:723] ready reconnect server, server id: 10
W0109 15:23:43.275748 185787840 NetModule.cpp:723] ready reconnect server, server id: 0
W0109 15:23:43.276859 185787840 NetModule.cpp:723] ready reconnect server, server id: 1101
I0109 15:23:43.276928 185787840 NetConnector.cpp:216] connect to: 0.0.0.0:6001 success! 
I0109 15:23:43.276942 185787840 NetConnector.cpp:216] connect to: 0.0.0.0:7001 success! 
I0109 15:23:43.276952 185787840 NetConnector.cpp:216] connect to: 0.0.0.0:5001 success! 
I0109 15:23:43.276962 185787840 NetConnector.cpp:216] connect to: 127.0.0.1:11001 success! 
I0109 15:23:43.277546 78274560 ProxyThread.cpp:92] connect to db server succ
I0109 15:23:43.277568 78274560 ProxyThread.cpp:76] connect to login server succ, server id:10
I0109 15:23:43.277578 78274560 ProxyThread.cpp:66] connect to center server succ.
I0109 15:23:43.278100 78274560 ProxyThread.cpp:86] connect to game server succ, server id:1101
W0109 15:23:43.317061 78274560 ServerMgr.cpp:17] repeated add game server, game server id:1101
I0109 15:23:43.317108 78274560 ProxyThread.cpp:538] get game server list finish!
I0109 15:23:43.317116 78274560 ProxyThread.cpp:509] get login server list finish!
I0109 15:23:43.317121 78274560 ProxyThread.cpp:567] get customer server list finish!
W0109 15:23:49.857616 78274560 ServerMgr.cpp:60] repeated add login server, login server id:10
W0109 15:24:18.286674 78274560 ProxyThread.cpp:138] db server is disconnect, after 3s will be reconnect!
W0109 15:24:21.572772 185787840 NetModule.cpp:723] ready reconnect server, server id: 1
I0109 15:24:21.572885 185787840 NetConnector.cpp:216] connect to: 0.0.0.0:6001 success! 
I0109 15:24:21.574618 78274560 ProxyThread.cpp:92] connect to db server succ
W0109 16:28:43.793339 78274560 ProxyThread.cpp:138] db server is disconnect, after 3s will be reconnect!
W0109 16:28:43.793655 78274560 ProxyThread.cpp:133] game server is disconnect, after 3s will be reconnect!, server id: 1101
W0109 16:28:43.793684 78274560 ProxyThread.cpp:114] center server is disconnect, after 3s will be reconnect!
W0109 16:28:43.793705 78274560 ProxyThread.cpp:133] login server is disconnect, after 3s will be reconnect!, server id: 10
W0109 16:28:47.294036 185787840 NetModule.cpp:723] ready reconnect server, server id: 1
W0109 16:28:47.294174 185787840 NetModule.cpp:723] ready reconnect server, server id: 10
W0109 16:28:47.294282 185787840 NetModule.cpp:723] ready reconnect server, server id: 0
W0109 16:28:47.295543 185787840 NetModule.cpp:723] ready reconnect server, server id: 1101
I0109 16:28:47.295605 185787840 NetConnector.cpp:216] connect to: 0.0.0.0:6001 success! 
I0109 16:28:47.296083 185787840 NetConnector.cpp:216] connect to: 0.0.0.0:7001 success! 
I0109 16:28:47.296103 185787840 NetConnector.cpp:216] connect to: 0.0.0.0:5001 success! 
I0109 16:28:47.296113 185787840 NetConnector.cpp:216] connect to: 127.0.0.1:11001 success! 
I0109 16:28:47.296888 78274560 ProxyThread.cpp:92] connect to db server succ
I0109 16:28:47.297453 78274560 ProxyThread.cpp:76] connect to login server succ, server id:10
I0109 16:28:47.297475 78274560 ProxyThread.cpp:66] connect to center server succ.
I0109 16:28:47.297487 78274560 ProxyThread.cpp:86] connect to game server succ, server id:1101
W0109 16:28:47.321612 78274560 ServerMgr.cpp:17] repeated add game server, game server id:1101
I0109 16:28:47.321686 78274560 ProxyThread.cpp:538] get game server list finish!
I0109 16:28:47.321697 78274560 ProxyThread.cpp:509] get login server list finish!
I0109 16:28:47.321705 78274560 ProxyThread.cpp:567] get customer server list finish!
W0109 16:28:53.888329 78274560 ServerMgr.cpp:60] repeated add login server, login server id:10
W0109 17:11:49.301059 78274560 ProxyThread.cpp:114] center server is disconnect, after 3s will be reconnect!
W0109 17:11:49.301462 78274560 ProxyThread.cpp:133] login server is disconnect, after 3s will be reconnect!, server id: 10
W0109 17:11:49.301555 78274560 ProxyThread.cpp:133] game server is disconnect, after 3s will be reconnect!, server id: 1101
W0109 17:11:49.302179 78274560 ProxyThread.cpp:138] db server is disconnect, after 3s will be reconnect!
W0109 17:11:52.785207 185787840 NetModule.cpp:723] ready reconnect server, server id: 1
W0109 17:11:52.785877 185787840 NetModule.cpp:723] ready reconnect server, server id: 10
W0109 17:11:52.786319 185787840 NetModule.cpp:723] ready reconnect server, server id: 0
W0109 17:11:52.786399 185787840 NetModule.cpp:723] ready reconnect server, server id: 1101
I0109 17:11:52.786465 185787840 NetConnector.cpp:216] connect to: 0.0.0.0:6001 success! 
I0109 17:11:52.786478 185787840 NetConnector.cpp:216] connect to: 0.0.0.0:7001 success! 
I0109 17:11:52.786485 185787840 NetConnector.cpp:216] connect to: 0.0.0.0:5001 success! 
I0109 17:11:52.786494 185787840 NetConnector.cpp:216] connect to: 127.0.0.1:11001 success! 
I0109 17:11:52.787463 78274560 ProxyThread.cpp:92] connect to db server succ
I0109 17:11:52.787478 78274560 ProxyThread.cpp:76] connect to login server succ, server id:10
I0109 17:11:52.787487 78274560 ProxyThread.cpp:66] connect to center server succ.
I0109 17:11:52.787492 78274560 ProxyThread.cpp:86] connect to game server succ, server id:1101
W0109 17:11:52.822124 78274560 ServerMgr.cpp:17] repeated add game server, game server id:1101
I0109 17:11:52.822183 78274560 ProxyThread.cpp:538] get game server list finish!
I0109 17:11:52.822232 78274560 ProxyThread.cpp:509] get login server list finish!
I0109 17:11:52.822249 78274560 ProxyThread.cpp:567] get customer server list finish!
W0109 17:11:59.839103 78274560 ServerMgr.cpp:60] repeated add login server, login server id:10
W0109 17:37:06.183256 78274560 ProxyThread.cpp:133] game server is disconnect, after 3s will be reconnect!, server id: 1101
W0109 17:37:06.194053 78274560 ServerMgr.cpp:145] remove one game server, game server id:1101
W0109 17:37:09.244428 78274560 ServerMgr.cpp:354] disconnect login or game server is remove or register again, no server reconnect...
I0109 17:37:34.081272 78274560 NetModule.cpp:220] add one connector: 127.0.0.1:11001 succeed...
W0109 17:37:34.082453 78274560 ServerMgr.cpp:40] add game server, game server id:1101
I0109 17:37:34.518155 185787840 NetConnector.cpp:216] connect to: 127.0.0.1:11001 success! 
I0109 17:37:34.520627 78274560 ProxyThread.cpp:86] connect to game server succ, server id:1101
I0109 17:39:28.029750 185787840 NetServer.cpp:55] accept io...192.168.10.122:51543
W0109 17:40:54.568462 78274560 ProxyThread.cpp:133] game server is disconnect, after 3s will be reconnect!, server id: 1101
W0109 17:40:54.584323 78274560 ServerMgr.cpp:145] remove one game server, game server id:1101
W0109 17:40:57.632661 78274560 ServerMgr.cpp:354] disconnect login or game server is remove or register again, no server reconnect...
I0109 17:41:47.626327 78274560 NetModule.cpp:220] add one connector: 127.0.0.1:11001 succeed...
W0109 17:41:47.626380 78274560 ServerMgr.cpp:40] add game server, game server id:1101
I0109 17:41:47.824987 185787840 NetConnector.cpp:216] connect to: 127.0.0.1:11001 success! 
I0109 17:41:47.826706 78274560 ProxyThread.cpp:86] connect to game server succ, server id:1101
W0109 17:49:40.740903 78274560 ProxyThread.cpp:133] game server is disconnect, after 3s will be reconnect!, server id: 1101
W0109 17:49:40.764190 78274560 ServerMgr.cpp:145] remove one game server, game server id:1101
W0109 17:49:43.809718 78274560 ServerMgr.cpp:354] disconnect login or game server is remove or register again, no server reconnect...
I0109 17:53:18.724105 78274560 NetModule.cpp:220] add one connector: 127.0.0.1:11001 succeed...
W0109 17:53:18.724161 78274560 ServerMgr.cpp:40] add game server, game server id:1101
I0109 17:53:19.000735 185787840 NetConnector.cpp:216] connect to: 127.0.0.1:11001 success! 
I0109 17:53:19.001935 78274560 ProxyThread.cpp:86] connect to game server succ, server id:1101
I0109 17:55:19.927047 185787840 NetServer.cpp:88] delete io...192.168.10.122:51543
I0109 17:55:25.308614 185787840 NetServer.cpp:55] accept io...192.168.10.122:51561
I0109 17:59:27.965004 185787840 NetServer.cpp:88] delete io...192.168.10.122:51561
W0109 17:59:29.417631 78274560 ProxyThread.cpp:849] client socket not found, main id: 7, sub id: 7106
I0109 17:59:38.849259 185787840 NetServer.cpp:55] accept io...192.168.10.122:51567
W0109 17:59:49.415124 78274560 ProxyThread.cpp:849] client socket not found, main id: 7, sub id: 7106
W0109 18:00:09.417595 78274560 ProxyThread.cpp:849] client socket not found, main id: 7, sub id: 7106
W0109 18:00:29.442852 78274560 ProxyThread.cpp:849] client socket not found, main id: 7, sub id: 7106
W0109 18:00:49.435184 78274560 ProxyThread.cpp:849] client socket not found, main id: 7, sub id: 7106
W0109 18:01:09.462787 78274560 ProxyThread.cpp:849] client socket not found, main id: 7, sub id: 7106
I0109 18:01:22.777328 185787840 NetServer.cpp:88] delete io...192.168.10.122:51567
I0109 18:01:22.970547 185787840 NetServer.cpp:55] accept io...192.168.10.122:51572
W0109 18:01:29.467461 78274560 ProxyThread.cpp:849] client socket not found, main id: 7, sub id: 7106
W0109 18:01:49.476101 78274560 ProxyThread.cpp:849] client socket not found, main id: 7, sub id: 7106
W0109 18:02:09.472966 78274560 ProxyThread.cpp:849] client socket not found, main id: 7, sub id: 7106
W0109 18:02:29.497571 78274560 ProxyThread.cpp:849] client socket not found, main id: 7, sub id: 7106
W0109 18:02:54.704604 78274560 ProxyThread.cpp:133] game server is disconnect, after 3s will be reconnect!, server id: 1101
W0109 18:02:54.709314 78274560 ServerMgr.cpp:145] remove one game server, game server id:1101
W0109 18:02:57.778491 78274560 ServerMgr.cpp:354] disconnect login or game server is remove or register again, no server reconnect...
I0109 18:03:31.964064 78274560 NetModule.cpp:220] add one connector: 127.0.0.1:11001 succeed...
W0109 18:03:31.964135 78274560 ServerMgr.cpp:40] add game server, game server id:1101
I0109 18:03:31.992264 185787840 NetConnector.cpp:216] connect to: 127.0.0.1:11001 success! 
I0109 18:03:31.993553 78274560 ProxyThread.cpp:86] connect to game server succ, server id:1101
I0109 18:07:09.846318 185787840 NetServer.cpp:88] delete io...192.168.10.122:51572
I0109 18:08:28.496672 185787840 NetServer.cpp:55] accept io...192.168.10.122:51591
I0109 18:09:19.865268 185787840 NetServer.cpp:88] delete io...192.168.10.122:51591
I0109 18:10:42.134507 185787840 NetServer.cpp:55] accept io...192.168.10.122:51599
I0109 18:11:55.026034 185787840 NetServer.cpp:88] delete io...192.168.10.122:51599
I0109 18:11:57.237694 185787840 NetServer.cpp:55] accept io...192.168.10.122:51602
W0109 18:12:11.550853 78274560 ProxyThread.cpp:133] game server is disconnect, after 3s will be reconnect!, server id: 1101
I0109 18:12:11.557214 185787840 NetServer.cpp:88] delete io...192.168.10.122:51602
W0109 18:12:11.557924 78274560 ServerMgr.cpp:145] remove one game server, game server id:1101
W0109 18:12:14.560710 78274560 ServerMgr.cpp:354] disconnect login or game server is remove or register again, no server reconnect...
I0109 18:12:27.400457 185787840 NetServer.cpp:55] accept io...192.168.10.122:51604
I0109 18:13:00.459605 78274560 NetModule.cpp:220] add one connector: 127.0.0.1:11001 succeed...
W0109 18:13:00.459708 78274560 ServerMgr.cpp:40] add game server, game server id:1101
I0109 18:13:00.778479 185787840 NetConnector.cpp:216] connect to: 127.0.0.1:11001 success! 
I0109 18:13:00.779780 78274560 ProxyThread.cpp:86] connect to game server succ, server id:1101
W0109 18:13:29.782649 78274560 ProxyThread.cpp:133] game server is disconnect, after 3s will be reconnect!, server id: 1101
W0109 18:13:29.786779 78274560 ServerMgr.cpp:145] remove one game server, game server id:1101
I0109 18:13:29.795421 185787840 NetServer.cpp:88] delete io...192.168.10.122:51604
I0109 18:13:30.025416 185787840 NetServer.cpp:55] accept io...192.168.10.122:51607
W0109 18:13:32.800047 78274560 ServerMgr.cpp:354] disconnect login or game server is remove or register again, no server reconnect...
I0109 18:13:44.358043 78274560 NetModule.cpp:220] add one connector: 127.0.0.1:11001 succeed...
W0109 18:13:44.358072 78274560 ServerMgr.cpp:40] add game server, game server id:1101
I0109 18:13:44.415922 185787840 NetConnector.cpp:216] connect to: 127.0.0.1:11001 success! 
I0109 18:13:44.417528 78274560 ProxyThread.cpp:86] connect to game server succ, server id:1101
W0109 18:16:40.289489 78274560 ProxyThread.cpp:133] game server is disconnect, after 3s will be reconnect!, server id: 1101
W0109 18:16:40.313436 78274560 ServerMgr.cpp:145] remove one game server, game server id:1101
W0109 18:16:43.365190 78274560 ServerMgr.cpp:354] disconnect login or game server is remove or register again, no server reconnect...
I0109 18:21:22.736156 78274560 NetModule.cpp:220] add one connector: 127.0.0.1:11001 succeed...
W0109 18:21:22.736555 78274560 ServerMgr.cpp:40] add game server, game server id:1101
I0109 18:21:22.887176 185787840 NetConnector.cpp:216] connect to: 127.0.0.1:11001 success! 
I0109 18:21:22.889428 78274560 ProxyThread.cpp:86] connect to game server succ, server id:1101
I0109 18:34:30.097863 185787840 NetServer.cpp:88] delete io...192.168.10.122:51607
I0109 18:34:30.248006 185787840 NetServer.cpp:55] accept io...192.168.10.122:51627
I0109 18:35:43.373730 185787840 NetServer.cpp:88] delete io...192.168.10.122:51627
W0109 22:15:07.949306 78274560 ProxyThread.cpp:133] game server is disconnect, after 3s will be reconnect!, server id: 1101
W0109 22:15:07.952921 78274560 ProxyThread.cpp:133] login server is disconnect, after 3s will be reconnect!, server id: 10
W0109 22:15:07.956245 78274560 ProxyThread.cpp:114] center server is disconnect, after 3s will be reconnect!
W0109 22:15:07.970162 78274560 ProxyThread.cpp:138] db server is disconnect, after 3s will be reconnect!
W0109 22:15:11.441471 185787840 NetModule.cpp:723] ready reconnect server, server id: 1
W0109 22:15:11.442512 185787840 NetModule.cpp:723] ready reconnect server, server id: 10
W0109 22:15:11.442606 185787840 NetModule.cpp:723] ready reconnect server, server id: 1101
W0109 22:15:11.443132 185787840 NetModule.cpp:723] ready reconnect server, server id: 0
I0109 22:15:11.443192 185787840 NetConnector.cpp:216] connect to: 0.0.0.0:6001 success! 
I0109 22:15:11.443205 185787840 NetConnector.cpp:216] connect to: 127.0.0.1:7001 success! 
I0109 22:15:11.443213 185787840 NetConnector.cpp:216] connect to: 127.0.0.1:11001 success! 
I0109 22:15:11.443222 185787840 NetConnector.cpp:216] connect to: 0.0.0.0:5001 success! 
I0109 22:15:11.444627 78274560 ProxyThread.cpp:92] connect to db server succ
I0109 22:15:11.444656 78274560 ProxyThread.cpp:76] connect to login server succ, server id:10
I0109 22:15:11.445268 78274560 ProxyThread.cpp:86] connect to game server succ, server id:1101
I0109 22:15:11.445796 78274560 ProxyThread.cpp:66] connect to center server succ.
W0109 22:15:11.466292 78274560 ServerMgr.cpp:17] repeated add game server, game server id:1101
I0109 22:15:11.466352 78274560 ProxyThread.cpp:538] get game server list finish!
I0109 22:15:11.466359 78274560 ProxyThread.cpp:509] get login server list finish!
I0109 22:15:11.466365 78274560 ProxyThread.cpp:567] get customer server list finish!
W0109 22:15:18.528828 78274560 ServerMgr.cpp:60] repeated add login server, login server id:10
W0109 22:56:55.294122 78274560 ProxyThread.cpp:133] game server is disconnect, after 3s will be reconnect!, server id: 1101
W0109 22:56:55.294847 78274560 ProxyThread.cpp:138] db server is disconnect, after 3s will be reconnect!
W0109 22:56:55.294898 78274560 ProxyThread.cpp:133] login server is disconnect, after 3s will be reconnect!, server id: 10
W0109 22:56:55.294921 78274560 ProxyThread.cpp:114] center server is disconnect, after 3s will be reconnect!
W0109 22:56:58.760465 185787840 NetModule.cpp:723] ready reconnect server, server id: 1
W0109 22:56:58.762092 185787840 NetModule.cpp:723] ready reconnect server, server id: 10
W0109 22:56:58.763128 185787840 NetModule.cpp:723] ready reconnect server, server id: 1101
W0109 22:56:58.763222 185787840 NetModule.cpp:723] ready reconnect server, server id: 0
I0109 22:56:58.763283 185787840 NetConnector.cpp:216] connect to: 0.0.0.0:6001 success! 
I0109 22:56:58.763296 185787840 NetConnector.cpp:216] connect to: 127.0.0.1:7001 success! 
I0109 22:56:58.763309 185787840 NetConnector.cpp:216] connect to: 127.0.0.1:11001 success! 
I0109 22:56:58.763360 185787840 NetConnector.cpp:216] connect to: 0.0.0.0:5001 success! 
I0109 22:56:58.763888 78274560 ProxyThread.cpp:92] connect to db server succ
I0109 22:56:58.763916 78274560 ProxyThread.cpp:76] connect to login server succ, server id:10
I0109 22:56:58.763924 78274560 ProxyThread.cpp:86] connect to game server succ, server id:1101
I0109 22:56:58.763940 78274560 ProxyThread.cpp:66] connect to center server succ.
W0109 22:56:58.795357 78274560 ServerMgr.cpp:17] repeated add game server, game server id:1101
I0109 22:56:58.795426 78274560 ProxyThread.cpp:538] get game server list finish!
I0109 22:56:58.795433 78274560 ProxyThread.cpp:509] get login server list finish!
I0109 22:56:58.795439 78274560 ProxyThread.cpp:567] get customer server list finish!
W0109 22:57:05.842504 78274560 ServerMgr.cpp:60] repeated add login server, login server id:10
W0110 00:01:58.300580 78274560 ProxyThread.cpp:133] login server is disconnect, after 3s will be reconnect!, server id: 10
W0110 00:01:58.307298 78274560 ProxyThread.cpp:133] game server is disconnect, after 3s will be reconnect!, server id: 1101
W0110 00:01:58.307368 78274560 ProxyThread.cpp:138] db server is disconnect, after 3s will be reconnect!
W0110 00:01:58.307406 78274560 ProxyThread.cpp:114] center server is disconnect, after 3s will be reconnect!
W0110 00:02:01.798501 185787840 NetModule.cpp:723] ready reconnect server, server id: 1
W0110 00:02:01.799700 185787840 NetModule.cpp:723] ready reconnect server, server id: 10
W0110 00:02:01.800405 185787840 NetModule.cpp:723] ready reconnect server, server id: 1101
W0110 00:02:01.800518 185787840 NetModule.cpp:723] ready reconnect server, server id: 0
I0110 00:02:01.800593 185787840 NetConnector.cpp:216] connect to: 0.0.0.0:6001 success! 
I0110 00:02:01.800613 185787840 NetConnector.cpp:216] connect to: 0.0.0.0:7001 success! 
I0110 00:02:01.800626 185787840 NetConnector.cpp:216] connect to: 127.0.0.1:11001 success! 
I0110 00:02:01.800637 185787840 NetConnector.cpp:216] connect to: 0.0.0.0:5001 success! 
I0110 00:02:01.802690 78274560 ProxyThread.cpp:92] connect to db server succ
I0110 00:02:01.802753 78274560 ProxyThread.cpp:76] connect to login server succ, server id:10
I0110 00:02:01.802778 78274560 ProxyThread.cpp:86] connect to game server succ, server id:1101
I0110 00:02:01.802794 78274560 ProxyThread.cpp:66] connect to center server succ.
W0110 00:02:08.373025 78274560 ServerMgr.cpp:17] repeated add game server, game server id:1101
I0110 00:02:08.373136 78274560 ProxyThread.cpp:538] get game server list finish!
I0110 00:02:08.373150 78274560 ProxyThread.cpp:509] get login server list finish!
I0110 00:02:08.373162 78274560 ProxyThread.cpp:567] get customer server list finish!
W0110 00:02:09.379942 78274560 ServerMgr.cpp:60] repeated add login server, login server id:10
W0110 01:07:01.334125 78274560 ProxyThread.cpp:114] center server is disconnect, after 3s will be reconnect!
W0110 01:07:01.346292 78274560 ProxyThread.cpp:133] login server is disconnect, after 3s will be reconnect!, server id: 10
W0110 01:07:01.349459 78274560 ProxyThread.cpp:138] db server is disconnect, after 3s will be reconnect!
W0110 01:07:01.349529 78274560 ProxyThread.cpp:133] game server is disconnect, after 3s will be reconnect!, server id: 1101
W0110 01:07:04.828708 185787840 NetModule.cpp:723] ready reconnect server, server id: 1
W0110 01:07:04.828828 185787840 NetModule.cpp:723] ready reconnect server, server id: 10
W0110 01:07:04.828924 185787840 NetModule.cpp:723] ready reconnect server, server id: 1101
W0110 01:07:04.830503 185787840 NetModule.cpp:723] ready reconnect server, server id: 0
I0110 01:07:04.830582 185787840 NetConnector.cpp:216] connect to: 0.0.0.0:6001 success! 
I0110 01:07:04.830596 185787840 NetConnector.cpp:216] connect to: 0.0.0.0:7001 success! 
I0110 01:07:04.830607 185787840 NetConnector.cpp:216] connect to: 127.0.0.1:11001 success! 
I0110 01:07:04.830616 185787840 NetConnector.cpp:216] connect to: 0.0.0.0:5001 success! 
I0110 01:07:04.833107 78274560 ProxyThread.cpp:92] connect to db server succ
I0110 01:07:04.833669 78274560 ProxyThread.cpp:76] connect to login server succ, server id:10
I0110 01:07:04.834153 78274560 ProxyThread.cpp:86] connect to game server succ, server id:1101
I0110 01:07:04.834638 78274560 ProxyThread.cpp:66] connect to center server succ.
W0110 01:07:04.885494 78274560 ServerMgr.cpp:17] repeated add game server, game server id:1101
I0110 01:07:04.885588 78274560 ProxyThread.cpp:538] get game server list finish!
I0110 01:07:04.885602 78274560 ProxyThread.cpp:509] get login server list finish!
I0110 01:07:04.885612 78274560 ProxyThread.cpp:567] get customer server list finish!
W0110 01:07:11.922534 78274560 ServerMgr.cpp:60] repeated add login server, login server id:10
W0110 01:42:31.369736 78274560 ProxyThread.cpp:133] login server is disconnect, after 3s will be reconnect!, server id: 10
W0110 01:42:31.370311 78274560 ProxyThread.cpp:114] center server is disconnect, after 3s will be reconnect!
W0110 01:42:31.370354 78274560 ProxyThread.cpp:133] game server is disconnect, after 3s will be reconnect!, server id: 1101
W0110 01:42:31.370393 78274560 ProxyThread.cpp:138] db server is disconnect, after 3s will be reconnect!
W0110 01:42:34.864864 185787840 NetModule.cpp:723] ready reconnect server, server id: 1
W0110 01:42:34.864982 185787840 NetModule.cpp:723] ready reconnect server, server id: 10
W0110 01:42:34.865697 185787840 NetModule.cpp:723] ready reconnect server, server id: 1101
W0110 01:42:34.866343 185787840 NetModule.cpp:723] ready reconnect server, server id: 0
I0110 01:42:34.866407 185787840 NetConnector.cpp:216] connect to: 0.0.0.0:6001 success! 
I0110 01:42:34.866421 185787840 NetConnector.cpp:216] connect to: 0.0.0.0:7001 success! 
I0110 01:42:34.866431 185787840 NetConnector.cpp:216] connect to: 127.0.0.1:11001 success! 
I0110 01:42:34.866441 185787840 NetConnector.cpp:216] connect to: 127.0.0.1:5001 success! 
I0110 01:42:34.867027 78274560 ProxyThread.cpp:92] connect to db server succ
I0110 01:42:34.867048 78274560 ProxyThread.cpp:76] connect to login server succ, server id:10
I0110 01:42:34.867060 78274560 ProxyThread.cpp:86] connect to game server succ, server id:1101
I0110 01:42:34.867079 78274560 ProxyThread.cpp:66] connect to center server succ.
W0110 01:42:34.909246 78274560 ServerMgr.cpp:17] repeated add game server, game server id:1101
I0110 01:42:34.909293 78274560 ProxyThread.cpp:538] get game server list finish!
I0110 01:42:34.909301 78274560 ProxyThread.cpp:509] get login server list finish!
I0110 01:42:34.909307 78274560 ProxyThread.cpp:567] get customer server list finish!
W0110 01:42:41.436007 78274560 ServerMgr.cpp:60] repeated add login server, login server id:10
W0110 02:47:34.358994 78274560 ProxyThread.cpp:114] center server is disconnect, after 3s will be reconnect!
W0110 02:47:34.368101 78274560 ProxyThread.cpp:133] login server is disconnect, after 3s will be reconnect!, server id: 10
W0110 02:47:34.368141 78274560 ProxyThread.cpp:138] db server is disconnect, after 3s will be reconnect!
W0110 02:47:34.368227 78274560 ProxyThread.cpp:133] game server is disconnect, after 3s will be reconnect!, server id: 1101
W0110 02:47:37.853096 185787840 NetModule.cpp:723] ready reconnect server, server id: 1
W0110 02:47:37.853226 185787840 NetModule.cpp:723] ready reconnect server, server id: 10
W0110 02:47:37.853309 185787840 NetModule.cpp:723] ready reconnect server, server id: 1101
W0110 02:47:37.853410 185787840 NetModule.cpp:723] ready reconnect server, server id: 0
I0110 02:47:37.853482 185787840 NetConnector.cpp:216] connect to: 127.0.0.1:6001 success! 
I0110 02:47:37.853494 185787840 NetConnector.cpp:216] connect to: 0.0.0.0:7001 success! 
I0110 02:47:37.853508 185787840 NetConnector.cpp:216] connect to: 127.0.0.1:11001 success! 
I0110 02:47:37.853518 185787840 NetConnector.cpp:216] connect to: 0.0.0.0:5001 success! 
I0110 02:47:37.853818 78274560 ProxyThread.cpp:92] connect to db server succ
I0110 02:47:37.853837 78274560 ProxyThread.cpp:76] connect to login server succ, server id:10
I0110 02:47:37.854349 78274560 ProxyThread.cpp:86] connect to game server succ, server id:1101
I0110 02:47:37.854368 78274560 ProxyThread.cpp:66] connect to center server succ.
W0110 02:47:37.883426 78274560 ServerMgr.cpp:17] repeated add game server, game server id:1101
I0110 02:47:37.883476 78274560 ProxyThread.cpp:538] get game server list finish!
I0110 02:47:37.883486 78274560 ProxyThread.cpp:509] get login server list finish!
I0110 02:47:37.883494 78274560 ProxyThread.cpp:567] get customer server list finish!
W0110 02:47:44.914556 78274560 ServerMgr.cpp:60] repeated add login server, login server id:10
W0110 03:52:37.382685 78274560 ProxyThread.cpp:138] db server is disconnect, after 3s will be reconnect!
W0110 03:52:37.396610 78274560 ProxyThread.cpp:114] center server is disconnect, after 3s will be reconnect!
W0110 03:52:37.396734 78274560 ProxyThread.cpp:133] login server is disconnect, after 3s will be reconnect!, server id: 10
W0110 03:52:37.396767 78274560 ProxyThread.cpp:133] game server is disconnect, after 3s will be reconnect!, server id: 1101
W0110 03:52:40.873050 185787840 NetModule.cpp:723] ready reconnect server, server id: 1
W0110 03:52:40.873172 185787840 NetModule.cpp:723] ready reconnect server, server id: 10
W0110 03:52:40.873253 185787840 NetModule.cpp:723] ready reconnect server, server id: 1101
W0110 03:52:40.874480 185787840 NetModule.cpp:723] ready reconnect server, server id: 0
I0110 03:52:40.874552 185787840 NetConnector.cpp:216] connect to: 0.0.0.0:6001 success! 
I0110 03:52:40.874567 185787840 NetConnector.cpp:216] connect to: 0.0.0.0:7001 success! 
I0110 03:52:40.874577 185787840 NetConnector.cpp:216] connect to: 127.0.0.1:11001 success! 
I0110 03:52:40.874586 185787840 NetConnector.cpp:216] connect to: 0.0.0.0:5001 success! 
I0110 03:52:40.875934 78274560 ProxyThread.cpp:92] connect to db server succ
I0110 03:52:40.876440 78274560 ProxyThread.cpp:76] connect to login server succ, server id:10
I0110 03:52:40.876457 78274560 ProxyThread.cpp:86] connect to game server succ, server id:1101
I0110 03:52:40.876477 78274560 ProxyThread.cpp:66] connect to center server succ.
W0110 03:52:40.915380 78274560 ServerMgr.cpp:17] repeated add game server, game server id:1101
I0110 03:52:40.915441 78274560 ProxyThread.cpp:538] get game server list finish!
I0110 03:52:40.915448 78274560 ProxyThread.cpp:509] get login server list finish!
I0110 03:52:40.915453 78274560 ProxyThread.cpp:567] get customer server list finish!
W0110 03:52:47.972461 78274560 ServerMgr.cpp:60] repeated add login server, login server id:10
W0110 03:53:12.308351 78274560 ProxyThread.cpp:138] db server is disconnect, after 3s will be reconnect!
W0110 03:53:15.582569 185787840 NetModule.cpp:723] ready reconnect server, server id: 1
I0110 03:53:15.582793 185787840 NetConnector.cpp:216] connect to: 0.0.0.0:6001 success! 
I0110 03:53:15.585206 78274560 ProxyThread.cpp:92] connect to db server succ
W0110 04:57:40.408475 78274560 ProxyThread.cpp:114] center server is disconnect, after 3s will be reconnect!
W0110 04:57:40.409019 78274560 ProxyThread.cpp:133] game server is disconnect, after 3s will be reconnect!, server id: 1101
W0110 04:57:40.409051 78274560 ProxyThread.cpp:133] login server is disconnect, after 3s will be reconnect!, server id: 10
W0110 04:57:40.409073 78274560 ProxyThread.cpp:138] db server is disconnect, after 3s will be reconnect!
W0110 04:57:43.891335 185787840 NetModule.cpp:723] ready reconnect server, server id: 1
W0110 04:57:43.891460 185787840 NetModule.cpp:723] ready reconnect server, server id: 10
W0110 04:57:43.891563 185787840 NetModule.cpp:723] ready reconnect server, server id: 1101
W0110 04:57:43.892681 185787840 NetModule.cpp:723] ready reconnect server, server id: 0
I0110 04:57:43.892747 185787840 NetConnector.cpp:216] connect to: 0.0.0.0:6001 success! 
I0110 04:57:43.892761 185787840 NetConnector.cpp:216] connect to: 0.0.0.0:7001 success! 
I0110 04:57:43.892771 185787840 NetConnector.cpp:216] connect to: 127.0.0.1:11001 success! 
I0110 04:57:43.892781 185787840 NetConnector.cpp:216] connect to: 127.0.0.1:5001 success! 
I0110 04:57:43.894239 78274560 ProxyThread.cpp:92] connect to db server succ
I0110 04:57:43.894263 78274560 ProxyThread.cpp:76] connect to login server succ, server id:10
