I0110 04:57:43.894276 78274560 ProxyThread.cpp:86] connect to game server succ, server id:1101
I0110 04:57:43.894291 78274560 ProxyThread.cpp:66] connect to center server succ.
W0110 04:57:43.941694 78274560 ServerMgr.cpp:17] repeated add game server, game server id:1101
I0110 04:57:43.941748 78274560 ProxyThread.cpp:538] get game server list finish!
I0110 04:57:43.941757 78274560 ProxyThread.cpp:509] get login server list finish!
I0110 04:57:43.941763 78274560 ProxyThread.cpp:567] get customer server list finish!
W0110 04:57:50.953266 78274560 ServerMgr.cpp:60] repeated add login server, login server id:10
W0110 06:02:42.440662 78274560 ProxyThread.cpp:133] game server is disconnect, after 3s will be reconnect!, server id: 1101
W0110 06:02:42.441159 78274560 ProxyThread.cpp:133] login server is disconnect, after 3s will be reconnect!, server id: 10
W0110 06:02:42.441197 78274560 ProxyThread.cpp:114] center server is disconnect, after 3s will be reconnect!
W0110 06:02:42.441226 78274560 ProxyThread.cpp:138] db server is disconnect, after 3s will be reconnect!
W0110 06:02:45.932581 185787840 NetModule.cpp:723] ready reconnect server, server id: 1
W0110 06:02:45.932824 185787840 NetModule.cpp:723] ready reconnect server, server id: 10
W0110 06:02:45.932981 185787840 NetModule.cpp:723] ready reconnect server, server id: 1101
W0110 06:02:45.934326 185787840 NetModule.cpp:723] ready reconnect server, server id: 0
I0110 06:02:45.934454 185787840 NetConnector.cpp:216] connect to: 0.0.0.0:6001 success! 
I0110 06:02:45.934474 185787840 NetConnector.cpp:216] connect to: 0.0.0.0:7001 success! 
I0110 06:02:45.934489 185787840 NetConnector.cpp:216] connect to: 127.0.0.1:11001 success! 
I0110 06:02:45.934504 185787840 NetConnector.cpp:216] connect to: 0.0.0.0:5001 success! 
I0110 06:02:45.934556 78274560 ProxyThread.cpp:92] connect to db server succ
I0110 06:02:45.934573 78274560 ProxyThread.cpp:76] connect to login server succ, server id:10
I0110 06:02:45.934584 78274560 ProxyThread.cpp:86] connect to game server succ, server id:1101
I0110 06:02:45.934597 78274560 ProxyThread.cpp:66] connect to center server succ.
W0110 06:02:45.949735 78274560 ServerMgr.cpp:17] repeated add game server, game server id:1101
I0110 06:02:45.949878 78274560 ProxyThread.cpp:538] get game server list finish!
I0110 06:02:45.949899 78274560 ProxyThread.cpp:509] get login server list finish!
I0110 06:02:45.949915 78274560 ProxyThread.cpp:567] get customer server list finish!
W0110 06:02:52.506275 78274560 ServerMgr.cpp:60] repeated add login server, login server id:10
W0110 07:07:45.471364 78274560 ProxyThread.cpp:133] game server is disconnect, after 3s will be reconnect!, server id: 1101
W0110 07:07:45.471818 78274560 ProxyThread.cpp:133] login server is disconnect, after 3s will be reconnect!, server id: 10
W0110 07:07:45.471855 78274560 ProxyThread.cpp:138] db server is disconnect, after 3s will be reconnect!
W0110 07:07:45.471881 78274560 ProxyThread.cpp:114] center server is disconnect, after 3s will be reconnect!
W0110 07:07:48.954411 185787840 NetModule.cpp:723] ready reconnect server, server id: 1
W0110 07:07:48.954664 185787840 NetModule.cpp:723] ready reconnect server, server id: 10
W0110 07:07:48.954891 185787840 NetModule.cpp:723] ready reconnect server, server id: 1101
W0110 07:07:48.956419 185787840 NetModule.cpp:723] ready reconnect server, server id: 0
I0110 07:07:48.956573 185787840 NetConnector.cpp:216] connect to: 0.0.0.0:6001 success! 
I0110 07:07:48.956600 185787840 NetConnector.cpp:216] connect to: 0.0.0.0:7001 success! 
I0110 07:07:48.956619 185787840 NetConnector.cpp:216] connect to: 127.0.0.1:11001 success! 
I0110 07:07:48.956637 185787840 NetConnector.cpp:216] connect to: 0.0.0.0:5001 success! 
I0110 07:07:48.957155 78274560 ProxyThread.cpp:92] connect to db server succ
I0110 07:07:48.957957 78274560 ProxyThread.cpp:76] connect to login server succ, server id:10
I0110 07:07:48.958005 78274560 ProxyThread.cpp:86] connect to game server succ, server id:1101
I0110 07:07:48.958024 78274560 ProxyThread.cpp:66] connect to center server succ.
W0110 07:07:48.991163 78274560 ServerMgr.cpp:17] repeated add game server, game server id:1101
I0110 07:07:48.991215 78274560 ProxyThread.cpp:538] get game server list finish!
I0110 07:07:48.991222 78274560 ProxyThread.cpp:509] get login server list finish!
I0110 07:07:48.991228 78274560 ProxyThread.cpp:567] get customer server list finish!
W0110 07:07:56.050958 78274560 ServerMgr.cpp:60] repeated add login server, login server id:10
W0110 08:12:48.476922 78274560 ProxyThread.cpp:138] db server is disconnect, after 3s will be reconnect!
W0110 08:12:48.483079 78274560 ProxyThread.cpp:114] center server is disconnect, after 3s will be reconnect!
W0110 08:12:48.485213 78274560 ProxyThread.cpp:133] login server is disconnect, after 3s will be reconnect!, server id: 10
W0110 08:12:48.485260 78274560 ProxyThread.cpp:133] game server is disconnect, after 3s will be reconnect!, server id: 1101
W0110 08:12:51.978588 185787840 NetModule.cpp:723] ready reconnect server, server id: 1
W0110 08:12:51.978727 185787840 NetModule.cpp:723] ready reconnect server, server id: 10
W0110 08:12:51.978821 185787840 NetModule.cpp:723] ready reconnect server, server id: 1101
W0110 08:12:51.979354 185787840 NetModule.cpp:723] ready reconnect server, server id: 0
I0110 08:12:51.979415 185787840 NetConnector.cpp:216] connect to: 0.0.0.0:6001 success! 
I0110 08:12:51.979427 185787840 NetConnector.cpp:216] connect to: 0.0.0.0:7001 success! 
I0110 08:12:51.979436 185787840 NetConnector.cpp:216] connect to: 127.0.0.1:11001 success! 
I0110 08:12:51.979445 185787840 NetConnector.cpp:216] connect to: 127.0.0.1:5001 success! 
I0110 08:12:51.980166 78274560 ProxyThread.cpp:92] connect to db server succ
I0110 08:12:51.980216 78274560 ProxyThread.cpp:76] connect to login server succ, server id:10
I0110 08:12:51.980226 78274560 ProxyThread.cpp:86] connect to game server succ, server id:1101
I0110 08:12:51.980232 78274560 ProxyThread.cpp:66] connect to center server succ.
W0110 08:12:52.030117 78274560 ServerMgr.cpp:17] repeated add game server, game server id:1101
I0110 08:12:52.030195 78274560 ProxyThread.cpp:538] get game server list finish!
I0110 08:12:52.030205 78274560 ProxyThread.cpp:509] get login server list finish!
I0110 08:12:52.030211 78274560 ProxyThread.cpp:567] get customer server list finish!
W0110 08:12:59.084023 78274560 ServerMgr.cpp:60] repeated add login server, login server id:10
W0110 08:25:18.437085 78274560 ProxyThread.cpp:133] login server is disconnect, after 3s will be reconnect!, server id: 10
W0110 08:25:18.437189 78274560 ProxyThread.cpp:114] center server is disconnect, after 3s will be reconnect!
W0110 08:25:18.439486 78274560 ProxyThread.cpp:133] game server is disconnect, after 3s will be reconnect!, server id: 1101
W0110 08:25:18.447194 78274560 ProxyThread.cpp:138] db server is disconnect, after 3s will be reconnect!
W0110 08:25:21.930341 185787840 NetModule.cpp:723] ready reconnect server, server id: 1
W0110 08:25:21.930507 185787840 NetModule.cpp:723] ready reconnect server, server id: 10
W0110 08:25:21.930665 185787840 NetModule.cpp:723] ready reconnect server, server id: 1101
W0110 08:25:21.930794 185787840 NetModule.cpp:723] ready reconnect server, server id: 0
I0110 08:25:21.930860 185787840 NetConnector.cpp:216] connect to: 0.0.0.0:6001 success! 
I0110 08:25:21.930872 185787840 NetConnector.cpp:216] connect to: 127.0.0.1:7001 success! 
I0110 08:25:21.930882 185787840 NetConnector.cpp:216] connect to: 127.0.0.1:11001 success! 
I0110 08:25:21.930891 185787840 NetConnector.cpp:216] connect to: 0.0.0.0:5001 success! 
I0110 08:25:21.931871 78274560 ProxyThread.cpp:92] connect to db server succ
I0110 08:25:21.931895 78274560 ProxyThread.cpp:76] connect to login server succ, server id:10
I0110 08:25:21.931903 78274560 ProxyThread.cpp:86] connect to game server succ, server id:1101
I0110 08:25:21.931910 78274560 ProxyThread.cpp:66] connect to center server succ.
W0110 08:25:21.962249 78274560 ServerMgr.cpp:17] repeated add game server, game server id:1101
I0110 08:25:21.962307 78274560 ProxyThread.cpp:538] get game server list finish!
I0110 08:25:21.962319 78274560 ProxyThread.cpp:509] get login server list finish!
I0110 08:25:21.962325 78274560 ProxyThread.cpp:567] get customer server list finish!
W0110 08:25:28.990939 78274560 ServerMgr.cpp:60] repeated add login server, login server id:10
W0110 08:59:57.524014 78274560 ProxyThread.cpp:133] game server is disconnect, after 3s will be reconnect!, server id: 1101
W0110 08:59:57.524519 78274560 ProxyThread.cpp:138] db server is disconnect, after 3s will be reconnect!
W0110 08:59:57.524564 78274560 ProxyThread.cpp:133] login server is disconnect, after 3s will be reconnect!, server id: 10
W0110 08:59:57.524598 78274560 ProxyThread.cpp:114] center server is disconnect, after 3s will be reconnect!
W0110 09:00:01.009147 185787840 NetModule.cpp:723] ready reconnect server, server id: 1
W0110 09:00:01.009272 185787840 NetModule.cpp:723] ready reconnect server, server id: 10
W0110 09:00:01.009376 185787840 NetModule.cpp:723] ready reconnect server, server id: 1101
W0110 09:00:01.009456 185787840 NetModule.cpp:723] ready reconnect server, server id: 0
I0110 09:00:01.009526 185787840 NetConnector.cpp:216] connect to: 127.0.0.1:6001 success! 
I0110 09:00:01.009539 185787840 NetConnector.cpp:216] connect to: 0.0.0.0:7001 success! 
I0110 09:00:01.009549 185787840 NetConnector.cpp:216] connect to: 127.0.0.1:11001 success! 
I0110 09:00:01.009559 185787840 NetConnector.cpp:216] connect to: 0.0.0.0:5001 success! 
I0110 09:00:01.010169 78274560 ProxyThread.cpp:92] connect to db server succ
I0110 09:00:01.010205 78274560 ProxyThread.cpp:76] connect to login server succ, server id:10
I0110 09:00:01.010215 78274560 ProxyThread.cpp:86] connect to game server succ, server id:1101
I0110 09:00:01.010222 78274560 ProxyThread.cpp:66] connect to center server succ.
W0110 09:00:01.054563 78274560 ServerMgr.cpp:17] repeated add game server, game server id:1101
I0110 09:00:01.054632 78274560 ProxyThread.cpp:538] get game server list finish!
I0110 09:00:01.054644 78274560 ProxyThread.cpp:509] get login server list finish!
I0110 09:00:01.054651 78274560 ProxyThread.cpp:567] get customer server list finish!
W0110 09:00:08.104665 78274560 ServerMgr.cpp:60] repeated add login server, login server id:10
W0110 09:45:01.534008 78274560 ProxyThread.cpp:133] game server is disconnect, after 3s will be reconnect!, server id: 1101
W0110 09:45:01.534495 78274560 ProxyThread.cpp:133] login server is disconnect, after 3s will be reconnect!, server id: 10
W0110 09:45:01.534525 78274560 ProxyThread.cpp:138] db server is disconnect, after 3s will be reconnect!
W0110 09:45:01.534545 78274560 ProxyThread.cpp:114] center server is disconnect, after 3s will be reconnect!
W0110 09:45:05.035151 185787840 NetModule.cpp:723] ready reconnect server, server id: 1
W0110 09:45:05.035292 185787840 NetModule.cpp:723] ready reconnect server, server id: 10
W0110 09:45:05.036375 185787840 NetModule.cpp:723] ready reconnect server, server id: 1101
W0110 09:45:05.036481 185787840 NetModule.cpp:723] ready reconnect server, server id: 0
I0110 09:45:05.036552 185787840 NetConnector.cpp:216] connect to: 0.0.0.0:6001 success! 
I0110 09:45:05.036566 185787840 NetConnector.cpp:216] connect to: 0.0.0.0:7001 success! 
I0110 09:45:05.036576 185787840 NetConnector.cpp:216] connect to: 127.0.0.1:11001 success! 
I0110 09:45:05.036586 185787840 NetConnector.cpp:216] connect to: 0.0.0.0:5001 success! 
I0110 09:45:05.037024 78274560 ProxyThread.cpp:92] connect to db server succ
I0110 09:45:05.037052 78274560 ProxyThread.cpp:76] connect to login server succ, server id:10
I0110 09:45:05.037061 78274560 ProxyThread.cpp:86] connect to game server succ, server id:1101
I0110 09:45:05.037077 78274560 ProxyThread.cpp:66] connect to center server succ.
W0110 09:45:05.071099 78274560 ServerMgr.cpp:17] repeated add game server, game server id:1101
I0110 09:45:05.071161 78274560 ProxyThread.cpp:538] get game server list finish!
I0110 09:45:05.071167 78274560 ProxyThread.cpp:509] get login server list finish!
I0110 09:45:05.071172 78274560 ProxyThread.cpp:567] get customer server list finish!
W0110 09:45:11.606411 78274560 ServerMgr.cpp:60] repeated add login server, login server id:10
W0110 10:48:22.576228 78274560 ProxyThread.cpp:133] game server is disconnect, after 3s will be reconnect!, server id: 1101
W0110 10:48:22.579140 78274560 ServerMgr.cpp:145] remove one game server, game server id:1101
W0110 10:48:25.627262 78274560 ServerMgr.cpp:354] disconnect login or game server is remove or register again, no server reconnect...
I0110 10:49:12.650493 78274560 NetModule.cpp:220] add one connector: 127.0.0.1:11001 succeed...
W0110 10:49:12.651289 78274560 ServerMgr.cpp:40] add game server, game server id:1101
I0110 10:49:12.910334 185787840 NetConnector.cpp:216] connect to: 127.0.0.1:11001 success! 
I0110 10:49:12.912299 78274560 ProxyThread.cpp:86] connect to game server succ, server id:1101
I0110 10:52:19.590111 185787840 NetServer.cpp:55] accept io...192.168.10.128:51193
I0110 10:52:53.005842 185787840 NetServer.cpp:88] delete io...192.168.10.128:51193
W0110 10:54:11.637614 78274560 ProxyThread.cpp:849] client socket not found, main id: 6, sub id: 695
W0110 10:54:11.638689 78274560 ProxyThread.cpp:849] client socket not found, main id: 6, sub id: 682
W0110 10:54:11.638722 78274560 ProxyThread.cpp:849] client socket not found, main id: 6, sub id: 650
W0110 10:54:15.803548 78274560 ProxyThread.cpp:849] client socket not found, main id: 6, sub id: 660
W0110 10:55:59.442215 78274560 ProxyThread.cpp:849] client socket not found, main id: 6, sub id: 695
W0110 10:55:59.442317 78274560 ProxyThread.cpp:849] client socket not found, main id: 6, sub id: 682
W0110 10:55:59.442343 78274560 ProxyThread.cpp:849] client socket not found, main id: 6, sub id: 650
W0110 10:55:59.794834 78274560 ProxyThread.cpp:849] client socket not found, main id: 6, sub id: 660
I0110 14:18:43.496614 185787840 NetServer.cpp:55] accept io...192.168.10.122:52054
I0110 14:26:10.637594 185787840 NetServer.cpp:88] delete io...192.168.10.122:52054
W0110 14:36:22.770840 78274560 ProxyThread.cpp:133] game server is disconnect, after 3s will be reconnect!, server id: 1101
W0110 14:36:22.771486 78274560 ServerMgr.cpp:145] remove one game server, game server id:1101
W0110 14:36:25.840557 78274560 ServerMgr.cpp:354] disconnect login or game server is remove or register again, no server reconnect...
W0110 22:12:01.935755 78274560 ProxyThread.cpp:114] center server is disconnect, after 3s will be reconnect!
W0110 22:12:01.954077 78274560 ProxyThread.cpp:133] login server is disconnect, after 3s will be reconnect!, server id: 10
W0110 22:12:01.963104 78274560 ProxyThread.cpp:138] db server is disconnect, after 3s will be reconnect!
W0110 22:12:05.373801 185787840 NetModule.cpp:723] ready reconnect server, server id: 1
W0110 22:12:05.374994 185787840 NetModule.cpp:723] ready reconnect server, server id: 10
W0110 22:12:05.375885 185787840 NetModule.cpp:723] ready reconnect server, server id: 0
I0110 22:12:05.375960 185787840 NetConnector.cpp:216] connect to: 0.0.0.0:6001 success! 
I0110 22:12:05.375974 185787840 NetConnector.cpp:216] connect to: 127.0.0.1:7001 success! 
I0110 22:12:05.375983 185787840 NetConnector.cpp:216] connect to: 0.0.0.0:5001 success! 
I0110 22:12:05.376991 78274560 ProxyThread.cpp:92] connect to db server succ
I0110 22:12:05.377393 78274560 ProxyThread.cpp:76] connect to login server succ, server id:10
I0110 22:12:05.377408 78274560 ProxyThread.cpp:66] connect to center server succ.
I0110 22:12:05.427100 78274560 ProxyThread.cpp:538] get game server list finish!
I0110 22:12:05.427132 78274560 ProxyThread.cpp:509] get login server list finish!
I0110 22:12:05.427139 78274560 ProxyThread.cpp:567] get customer server list finish!
W0110 22:12:12.466217 78274560 ServerMgr.cpp:60] repeated add login server, login server id:10
W0110 22:55:06.764947 78274560 ProxyThread.cpp:133] login server is disconnect, after 3s will be reconnect!, server id: 10
W0110 22:55:06.765962 78274560 ProxyThread.cpp:138] db server is disconnect, after 3s will be reconnect!
W0110 22:55:06.766012 78274560 ProxyThread.cpp:114] center server is disconnect, after 3s will be reconnect!
W0110 22:55:10.247012 185787840 NetModule.cpp:723] ready reconnect server, server id: 1
W0110 22:55:10.247579 185787840 NetModule.cpp:723] ready reconnect server, server id: 10
W0110 22:55:10.249023 185787840 NetModule.cpp:723] ready reconnect server, server id: 0
I0110 22:55:10.249121 185787840 NetConnector.cpp:216] connect to: 127.0.0.1:6001 success! 
I0110 22:55:10.249145 185787840 NetConnector.cpp:216] connect to: 0.0.0.0:7001 success! 
I0110 22:55:10.249590 78274560 ProxyThread.cpp:92] connect to db server succ
I0110 22:55:10.249883 185787840 NetConnector.cpp:216] connect to: 127.0.0.1:5001 success! 
I0110 22:55:10.249903 78274560 ProxyThread.cpp:76] connect to login server succ, server id:10
I0110 22:55:10.250947 78274560 ProxyThread.cpp:66] connect to center server succ.
I0110 22:55:10.287489 78274560 ProxyThread.cpp:538] get game server list finish!
I0110 22:55:10.287519 78274560 ProxyThread.cpp:509] get login server list finish!
I0110 22:55:10.287528 78274560 ProxyThread.cpp:567] get customer server list finish!
W0110 22:55:17.352432 78274560 ServerMgr.cpp:60] repeated add login server, login server id:10
W0111 00:00:09.790935 78274560 ProxyThread.cpp:138] db server is disconnect, after 3s will be reconnect!
W0111 00:00:09.791046 78274560 ProxyThread.cpp:114] center server is disconnect, after 3s will be reconnect!
W0111 00:00:09.791076 78274560 ProxyThread.cpp:133] login server is disconnect, after 3s will be reconnect!, server id: 10
W0111 00:00:13.296593 185787840 NetModule.cpp:723] ready reconnect server, server id: 1
W0111 00:00:13.296926 185787840 NetModule.cpp:723] ready reconnect server, server id: 10
W0111 00:00:13.297505 185787840 NetModule.cpp:723] ready reconnect server, server id: 0
I0111 00:00:13.297566 185787840 NetConnector.cpp:216] connect to: 0.0.0.0:6001 success! 
I0111 00:00:13.297580 185787840 NetConnector.cpp:216] connect to: 0.0.0.0:7001 success! 
I0111 00:00:13.297590 185787840 NetConnector.cpp:216] connect to: 127.0.0.1:5001 success! 
I0111 00:00:13.297817 78274560 ProxyThread.cpp:92] connect to db server succ
I0111 00:00:13.297834 78274560 ProxyThread.cpp:76] connect to login server succ, server id:10
I0111 00:00:13.297842 78274560 ProxyThread.cpp:66] connect to center server succ.
I0111 00:00:19.838798 78274560 ProxyThread.cpp:538] get game server list finish!
I0111 00:00:19.838821 78274560 ProxyThread.cpp:509] get login server list finish!
I0111 00:00:19.838827 78274560 ProxyThread.cpp:567] get customer server list finish!
W0111 00:00:19.854585 78274560 ProxyThread.cpp:114] center server is disconnect, after 3s will be reconnect!
W0111 00:00:23.360574 185787840 NetModule.cpp:723] ready reconnect server, server id: 0
I0111 00:00:23.360656 185787840 NetConnector.cpp:216] connect to: 0.0.0.0:5001 success! 
I0111 00:00:23.362056 78274560 ProxyThread.cpp:66] connect to center server succ.
I0111 00:00:23.407927 78274560 ProxyThread.cpp:538] get game server list finish!
W0111 00:00:23.407953 78274560 ServerMgr.cpp:60] repeated add login server, login server id:10
I0111 00:00:23.407986 78274560 ProxyThread.cpp:509] get login server list finish!
I0111 00:00:23.407996 78274560 ProxyThread.cpp:567] get customer server list finish!
W0111 01:05:12.836437 78274560 ProxyThread.cpp:133] login server is disconnect, after 3s will be reconnect!, server id: 10
W0111 01:05:12.838176 78274560 ProxyThread.cpp:114] center server is disconnect, after 3s will be reconnect!
W0111 01:05:12.838850 78274560 ProxyThread.cpp:138] db server is disconnect, after 3s will be reconnect!
W0111 01:05:16.322660 185787840 NetModule.cpp:723] ready reconnect server, server id: 1
W0111 01:05:16.322780 185787840 NetModule.cpp:723] ready reconnect server, server id: 10
W0111 01:05:16.323396 185787840 NetModule.cpp:723] ready reconnect server, server id: 0
I0111 01:05:16.323462 185787840 NetConnector.cpp:216] connect to: 127.0.0.1:6001 success! 
I0111 01:05:16.323474 185787840 NetConnector.cpp:216] connect to: 0.0.0.0:7001 success! 
I0111 01:05:16.323483 185787840 NetConnector.cpp:216] connect to: 127.0.0.1:5001 success! 
I0111 01:05:16.325290 78274560 ProxyThread.cpp:92] connect to db server succ
I0111 01:05:16.325340 78274560 ProxyThread.cpp:76] connect to login server succ, server id:10
I0111 01:05:16.325348 78274560 ProxyThread.cpp:66] connect to center server succ.
I0111 01:05:16.379021 78274560 ProxyThread.cpp:538] get game server list finish!
I0111 01:05:16.379045 78274560 ProxyThread.cpp:509] get login server list finish!
I0111 01:05:16.379055 78274560 ProxyThread.cpp:567] get customer server list finish!
W0111 01:05:22.914145 78274560 ServerMgr.cpp:60] repeated add login server, login server id:10
W0111 02:10:16.863049 78274560 ProxyThread.cpp:138] db server is disconnect, after 3s will be reconnect!
W0111 02:10:16.863437 78274560 ProxyThread.cpp:133] login server is disconnect, after 3s will be reconnect!, server id: 10
W0111 02:10:16.863474 78274560 ProxyThread.cpp:114] center server is disconnect, after 3s will be reconnect!
W0111 02:10:20.347785 185787840 NetModule.cpp:723] ready reconnect server, server id: 1
W0111 02:10:20.349535 185787840 NetModule.cpp:723] ready reconnect server, server id: 10
W0111 02:10:20.349634 185787840 NetModule.cpp:723] ready reconnect server, server id: 0
I0111 02:10:20.349689 185787840 NetConnector.cpp:216] connect to: 0.0.0.0:6001 success! 
I0111 02:10:20.349701 185787840 NetConnector.cpp:216] connect to: 127.0.0.1:7001 success! 
I0111 02:10:20.349896 78274560 ProxyThread.cpp:92] connect to db server succ
I0111 02:10:20.350306 185787840 NetConnector.cpp:216] connect to: 0.0.0.0:5001 success! 
I0111 02:10:20.350337 78274560 ProxyThread.cpp:76] connect to login server succ, server id:10
I0111 02:10:20.350355 78274560 ProxyThread.cpp:66] connect to center server succ.
I0111 02:10:20.374451 78274560 ProxyThread.cpp:538] get game server list finish!
I0111 02:10:20.374476 78274560 ProxyThread.cpp:509] get login server list finish!
I0111 02:10:20.374481 78274560 ProxyThread.cpp:567] get customer server list finish!
W0111 02:10:27.400071 78274560 ServerMgr.cpp:60] repeated add login server, login server id:10
W0111 02:10:51.921135 78274560 ProxyThread.cpp:138] db server is disconnect, after 3s will be reconnect!
W0111 02:10:55.121788 185787840 NetModule.cpp:723] ready reconnect server, server id: 1
I0111 02:10:55.122216 185787840 NetConnector.cpp:216] connect to: 0.0.0.0:6001 success! 
I0111 02:10:55.123224 78274560 ProxyThread.cpp:92] connect to db server succ
W0111 03:15:20.866840 78274560 ProxyThread.cpp:133] login server is disconnect, after 3s will be reconnect!, server id: 10
W0111 03:15:20.874985 78274560 ProxyThread.cpp:138] db server is disconnect, after 3s will be reconnect!
W0111 03:15:20.875027 78274560 ProxyThread.cpp:114] center server is disconnect, after 3s will be reconnect!
W0111 03:15:24.378923 185787840 NetModule.cpp:723] ready reconnect server, server id: 1
W0111 03:15:24.380180 185787840 NetModule.cpp:723] ready reconnect server, server id: 10
W0111 03:15:24.384966 185787840 NetModule.cpp:723] ready reconnect server, server id: 0
I0111 03:15:24.385079 185787840 NetConnector.cpp:216] connect to: 0.0.0.0:6001 success! 
I0111 03:15:24.385097 185787840 NetConnector.cpp:216] connect to: 127.0.0.1:7001 success! 
I0111 03:15:24.385112 185787840 NetConnector.cpp:216] connect to: 0.0.0.0:5001 success! 
I0111 03:15:24.387409 78274560 ProxyThread.cpp:92] connect to db server succ
I0111 03:15:24.387435 78274560 ProxyThread.cpp:76] connect to login server succ, server id:10
I0111 03:15:24.387446 78274560 ProxyThread.cpp:66] connect to center server succ.
I0111 03:15:24.423818 78274560 ProxyThread.cpp:538] get game server list finish!
I0111 03:15:24.423852 78274560 ProxyThread.cpp:509] get login server list finish!
I0111 03:15:24.423861 78274560 ProxyThread.cpp:567] get customer server list finish!
W0111 03:15:30.973773 78274560 ServerMgr.cpp:60] repeated add login server, login server id:10
W0111 03:15:54.773043 78274560 ProxyThread.cpp:138] db server is disconnect, after 3s will be reconnect!
W0111 03:15:58.140647 185787840 NetModule.cpp:723] ready reconnect server, server id: 1
I0111 03:15:58.140760 185787840 NetConnector.cpp:216] connect to: 0.0.0.0:6001 success! 
I0111 03:15:58.141410 78274560 ProxyThread.cpp:92] connect to db server succ
W0111 04:20:24.877792 78274560 ProxyThread.cpp:138] db server is disconnect, after 3s will be reconnect!
W0111 04:20:24.877884 78274560 ProxyThread.cpp:114] center server is disconnect, after 3s will be reconnect!
W0111 04:20:24.877912 78274560 ProxyThread.cpp:133] login server is disconnect, after 3s will be reconnect!, server id: 10
W0111 04:20:28.386684 185787840 NetModule.cpp:723] ready reconnect server, server id: 1
W0111 04:20:28.386816 185787840 NetModule.cpp:723] ready reconnect server, server id: 10
W0111 04:20:28.386929 185787840 NetModule.cpp:723] ready reconnect server, server id: 0
I0111 04:20:28.386982 185787840 NetConnector.cpp:216] connect to: 0.0.0.0:6001 success! 
I0111 04:20:28.386993 185787840 NetConnector.cpp:216] connect to: 0.0.0.0:7001 success! 
I0111 04:20:28.387003 185787840 NetConnector.cpp:216] connect to: 0.0.0.0:5001 success! 
I0111 04:20:28.387943 78274560 ProxyThread.cpp:92] connect to db server succ
I0111 04:20:28.388535 78274560 ProxyThread.cpp:76] connect to login server succ, server id:10
I0111 04:20:28.388556 78274560 ProxyThread.cpp:66] connect to center server succ.
I0111 04:20:28.434892 78274560 ProxyThread.cpp:538] get game server list finish!
I0111 04:20:28.434918 78274560 ProxyThread.cpp:509] get login server list finish!
I0111 04:20:28.434928 78274560 ProxyThread.cpp:567] get customer server list finish!
W0111 04:20:34.992846 78274560 ServerMgr.cpp:60] repeated add login server, login server id:10
W0111 05:25:28.907438 78274560 ProxyThread.cpp:133] login server is disconnect, after 3s will be reconnect!, server id: 10
W0111 05:25:28.907515 78274560 ProxyThread.cpp:138] db server is disconnect, after 3s will be reconnect!
W0111 05:25:28.907537 78274560 ProxyThread.cpp:114] center server is disconnect, after 3s will be reconnect!
W0111 05:25:32.403532 185787840 NetModule.cpp:723] ready reconnect server, server id: 1
W0111 05:25:32.403653 185787840 NetModule.cpp:723] ready reconnect server, server id: 10
W0111 05:25:32.403736 185787840 NetModule.cpp:723] ready reconnect server, server id: 0
I0111 05:25:32.403785 185787840 NetConnector.cpp:216] connect to: 0.0.0.0:6001 success! 
I0111 05:25:32.403798 185787840 NetConnector.cpp:216] connect to: 0.0.0.0:7001 success! 
I0111 05:25:32.403808 185787840 NetConnector.cpp:216] connect to: 0.0.0.0:5001 success! 
I0111 05:25:32.404929 78274560 ProxyThread.cpp:92] connect to db server succ
I0111 05:25:32.405517 78274560 ProxyThread.cpp:76] connect to login server succ, server id:10
I0111 05:25:32.405546 78274560 ProxyThread.cpp:66] connect to center server succ.
I0111 05:25:32.428900 78274560 ProxyThread.cpp:538] get game server list finish!
I0111 05:25:32.429018 78274560 ProxyThread.cpp:509] get login server list finish!
I0111 05:25:32.429033 78274560 ProxyThread.cpp:567] get customer server list finish!
W0111 05:25:39.023449 78274560 ServerMgr.cpp:60] repeated add login server, login server id:10
W0111 06:30:31.935173 78274560 ProxyThread.cpp:138] db server is disconnect, after 3s will be reconnect!
W0111 06:30:31.935791 78274560 ProxyThread.cpp:133] login server is disconnect, after 3s will be reconnect!, server id: 10
W0111 06:30:31.935827 78274560 ProxyThread.cpp:114] center server is disconnect, after 3s will be reconnect!
W0111 06:30:35.429163 185787840 NetModule.cpp:723] ready reconnect server, server id: 1
W0111 06:30:35.429287 185787840 NetModule.cpp:723] ready reconnect server, server id: 10
W0111 06:30:35.430320 185787840 NetModule.cpp:723] ready reconnect server, server id: 0
I0111 06:30:35.430384 185787840 NetConnector.cpp:216] connect to: 0.0.0.0:6001 success! 
I0111 06:30:35.430397 185787840 NetConnector.cpp:216] connect to: 0.0.0.0:7001 success! 
I0111 06:30:35.430405 185787840 NetConnector.cpp:216] connect to: 127.0.0.1:5001 success! 
I0111 06:30:35.431167 78274560 ProxyThread.cpp:92] connect to db server succ
I0111 06:30:35.431183 78274560 ProxyThread.cpp:76] connect to login server succ, server id:10
I0111 06:30:35.431617 78274560 ProxyThread.cpp:66] connect to center server succ.
I0111 06:30:35.465198 78274560 ProxyThread.cpp:538] get game server list finish!
I0111 06:30:35.465237 78274560 ProxyThread.cpp:509] get login server list finish!
I0111 06:30:35.465250 78274560 ProxyThread.cpp:567] get customer server list finish!
W0111 06:30:42.054558 78274560 ServerMgr.cpp:60] repeated add login server, login server id:10
W0111 06:31:05.640168 78274560 ProxyThread.cpp:138] db server is disconnect, after 3s will be reconnect!
W0111 06:31:08.723038 185787840 NetModule.cpp:723] ready reconnect server, server id: 1
I0111 06:31:08.723117 185787840 NetConnector.cpp:216] connect to: 0.0.0.0:6001 success! 
I0111 06:31:08.724069 78274560 ProxyThread.cpp:92] connect to db server succ
W0111 07:35:35.957464 78274560 ProxyThread.cpp:138] db server is disconnect, after 3s will be reconnect!
W0111 07:35:35.957890 78274560 ProxyThread.cpp:114] center server is disconnect, after 3s will be reconnect!
W0111 07:35:35.957927 78274560 ProxyThread.cpp:133] login server is disconnect, after 3s will be reconnect!, server id: 10
W0111 07:35:39.459615 185787840 NetModule.cpp:723] ready reconnect server, server id: 1
W0111 07:35:39.459740 185787840 NetModule.cpp:723] ready reconnect server, server id: 10
W0111 07:35:39.460790 185787840 NetModule.cpp:723] ready reconnect server, server id: 0
I0111 07:35:39.460850 185787840 NetConnector.cpp:216] connect to: 0.0.0.0:6001 success! 
I0111 07:35:39.460862 185787840 NetConnector.cpp:216] connect to: 0.0.0.0:7001 success! 
I0111 07:35:39.460871 185787840 NetConnector.cpp:216] connect to: 127.0.0.1:5001 success! 
I0111 07:35:39.462321 78274560 ProxyThread.cpp:92] connect to db server succ
I0111 07:35:39.462337 78274560 ProxyThread.cpp:76] connect to login server succ, server id:10
I0111 07:35:39.462345 78274560 ProxyThread.cpp:66] connect to center server succ.
I0111 07:35:39.509063 78274560 ProxyThread.cpp:538] get game server list finish!
I0111 07:35:39.509100 78274560 ProxyThread.cpp:509] get login server list finish!
I0111 07:35:39.509106 78274560 ProxyThread.cpp:567] get customer server list finish!
W0111 07:35:46.587652 78274560 ServerMgr.cpp:60] repeated add login server, login server id:10
W0111 08:40:38.996137 78274560 ProxyThread.cpp:133] login server is disconnect, after 3s will be reconnect!, server id: 10
W0111 08:40:39.007277 78274560 ProxyThread.cpp:114] center server is disconnect, after 3s will be reconnect!
W0111 08:40:39.007311 78274560 ProxyThread.cpp:138] db server is disconnect, after 3s will be reconnect!
W0111 08:40:42.489338 185787840 NetModule.cpp:723] ready reconnect server, server id: 1
W0111 08:40:42.489446 185787840 NetModule.cpp:723] ready reconnect server, server id: 10
W0111 08:40:42.489528 185787840 NetModule.cpp:723] ready reconnect server, server id: 0
I0111 08:40:42.489590 185787840 NetConnector.cpp:216] connect to: 127.0.0.1:6001 success! 
I0111 08:40:42.489605 185787840 NetConnector.cpp:216] connect to: 0.0.0.0:7001 success! 
I0111 08:40:42.489614 185787840 NetConnector.cpp:216] connect to: 0.0.0.0:5001 success! 
I0111 08:40:42.489989 78274560 ProxyThread.cpp:92] connect to db server succ
I0111 08:40:42.490450 78274560 ProxyThread.cpp:76] connect to login server succ, server id:10
I0111 08:40:42.490465 78274560 ProxyThread.cpp:66] connect to center server succ.
I0111 08:40:42.518930 78274560 ProxyThread.cpp:538] get game server list finish!
I0111 08:40:42.518950 78274560 ProxyThread.cpp:509] get login server list finish!
I0111 08:40:42.518956 78274560 ProxyThread.cpp:567] get customer server list finish!
W0111 08:40:49.594226 78274560 ServerMgr.cpp:60] repeated add login server, login server id:10
W0111 09:45:02.011443 78274560 ProxyThread.cpp:138] db server is disconnect, after 3s will be reconnect!
W0111 09:45:02.011569 78274560 ProxyThread.cpp:114] center server is disconnect, after 3s will be reconnect!
W0111 09:45:02.020048 78274560 ProxyThread.cpp:133] login server is disconnect, after 3s will be reconnect!, server id: 10
W0111 09:45:05.508407 185787840 NetModule.cpp:723] ready reconnect server, server id: 1
W0111 09:45:05.508525 185787840 NetModule.cpp:723] ready reconnect server, server id: 10
W0111 09:45:05.508601 185787840 NetModule.cpp:723] ready reconnect server, server id: 0
I0111 09:45:05.508652 185787840 NetConnector.cpp:216] connect to: 0.0.0.0:6001 success! 
I0111 09:45:05.508664 185787840 NetConnector.cpp:216] connect to: 0.0.0.0:7001 success! 
I0111 09:45:05.508674 185787840 NetConnector.cpp:216] connect to: 0.0.0.0:5001 success! 
I0111 09:45:05.508780 78274560 ProxyThread.cpp:92] connect to db server succ
I0111 09:45:05.508811 78274560 ProxyThread.cpp:76] connect to login server succ, server id:10
I0111 09:45:05.508819 78274560 ProxyThread.cpp:66] connect to center server succ.
I0111 09:45:05.555187 78274560 ProxyThread.cpp:538] get game server list finish!
I0111 09:45:05.555217 78274560 ProxyThread.cpp:509] get login server list finish!
I0111 09:45:05.555227 78274560 ProxyThread.cpp:567] get customer server list finish!
W0111 09:45:12.609596 78274560 ServerMgr.cpp:60] repeated add login server, login server id:10
I0111 10:04:44.179092 185787840 NetServer.cpp:55] accept io...192.168.10.122:49324
I0111 10:05:05.685405 78274560 NetModule.cpp:220] add one connector: 127.0.0.1:11001 succeed...
W0111 10:05:05.685462 78274560 ServerMgr.cpp:40] add game server, game server id:1101
I0111 10:05:06.067294 185787840 NetConnector.cpp:216] connect to: 127.0.0.1:11001 success! 
I0111 10:05:06.069043 78274560 ProxyThread.cpp:86] connect to game server succ, server id:1101
I0111 10:19:14.808583 185787840 NetServer.cpp:88] delete io...192.168.10.122:49324
I0111 10:19:19.319455 185787840 NetServer.cpp:55] accept io...192.168.10.122:49330
I0111 10:24:11.991554 185787840 NetServer.cpp:88] delete io...192.168.10.122:49330
I0111 10:24:12.163379 185787840 NetServer.cpp:55] accept io...192.168.10.122:49331
W0111 10:24:12.288856 78274560 ProxyThread.cpp:849] client socket not found, main id: 6, sub id: 695
W0111 10:24:12.288933 78274560 ProxyThread.cpp:849] client socket not found, main id: 6, sub id: 682
W0111 10:24:12.288964 78274560 ProxyThread.cpp:849] client socket not found, main id: 6, sub id: 650
W0111 10:24:12.637739 78274560 ProxyThread.cpp:849] client socket not found, main id: 6, sub id: 660
W0111 10:24:13.276144 78274560 ProxyThread.cpp:849] client socket not found, main id: 6, sub id: 695
W0111 10:24:13.276212 78274560 ProxyThread.cpp:849] client socket not found, main id: 6, sub id: 682
W0111 10:24:13.276237 78274560 ProxyThread.cpp:849] client socket not found, main id: 6, sub id: 650
W0111 10:24:13.604779 78274560 ProxyThread.cpp:849] client socket not found, main id: 6, sub id: 660
W0111 10:24:14.224074 78274560 ProxyThread.cpp:849] client socket not found, main id: 6, sub id: 695
W0111 10:24:14.224182 78274560 ProxyThread.cpp:849] client socket not found, main id: 6, sub id: 682
W0111 10:24:14.224212 78274560 ProxyThread.cpp:849] client socket not found, main id: 6, sub id: 650
W0111 10:24:14.555953 78274560 ProxyThread.cpp:849] client socket not found, main id: 6, sub id: 660
W0111 10:25:21.642879 78274560 ProxyThread.cpp:133] game server is disconnect, after 3s will be reconnect!, server id: 1101
W0111 10:25:21.668689 78274560 ServerMgr.cpp:145] remove one game server, game server id:1101
W0111 10:25:24.659757 78274560 ServerMgr.cpp:354] disconnect login or game server is remove or register again, no server reconnect...
I0111 10:25:46.744406 78274560 NetModule.cpp:220] add one connector: 127.0.0.1:11001 succeed...
W0111 10:25:46.744467 78274560 ServerMgr.cpp:40] add game server, game server id:1101
I0111 10:25:46.940922 185787840 NetConnector.cpp:216] connect to: 127.0.0.1:11001 success! 
I0111 10:25:46.941165 78274560 ProxyThread.cpp:86] connect to game server succ, server id:1101
W0111 10:28:22.500280 78274560 ServerMgr.cpp:140] remove game server, but the link is alive, game server id:1101
W0111 10:28:22.501025 78274560 ServerMgr.cpp:145] remove one game server, game server id:1101
I0111 10:29:51.081190 78274560 NetModule.cpp:220] add one connector: 127.0.0.1:11001 succeed...
W0111 10:29:51.081998 78274560 ServerMgr.cpp:40] add game server, game server id:1101
I0111 10:29:51.217008 185787840 NetConnector.cpp:216] connect to: 127.0.0.1:11001 success! 
I0111 10:29:51.219220 78274560 ProxyThread.cpp:86] connect to game server succ, server id:1101
W0111 10:30:22.830102 78274560 ProxyThread.cpp:133] game server is disconnect, after 3s will be reconnect!, server id: 1101
I0111 10:30:22.843811 185787840 NetServer.cpp:88] delete io...192.168.10.122:49331
W0111 10:30:22.850487 78274560 ServerMgr.cpp:145] remove one game server, game server id:1101
I0111 10:30:23.029597 185787840 NetServer.cpp:55] accept io...192.168.10.122:49332
W0111 10:30:25.889451 78274560 ServerMgr.cpp:354] disconnect login or game server is remove or register again, no server reconnect...
I0111 10:30:27.827272 78274560 NetModule.cpp:220] add one connector: 127.0.0.1:11001 succeed...
W0111 10:30:27.827306 78274560 ServerMgr.cpp:40] add game server, game server id:1101
I0111 10:30:27.841171 185787840 NetConnector.cpp:216] connect to: 127.0.0.1:11001 success! 
I0111 10:30:27.841253 78274560 ProxyThread.cpp:86] connect to game server succ, server id:1101
I0111 10:35:02.520277 185787840 NetServer.cpp:88] delete io...192.168.10.122:49332
I0111 10:38:26.610155 185787840 NetServer.cpp:55] accept io...192.168.10.122:49333
I0111 10:39:01.729478 185787840 NetServer.cpp:88] delete io...192.168.10.122:49333
W0111 10:39:38.919064 78274560 ProxyThread.cpp:849] client socket not found, main id: 6, sub id: 660
W0111 13:34:17.619235 78274560 ProxyThread.cpp:138] db server is disconnect, after 3s will be reconnect!
W0111 13:34:17.626711 78274560 ProxyThread.cpp:133] login server is disconnect, after 3s will be reconnect!, server id: 10
W0111 13:34:17.642591 78274560 ProxyThread.cpp:133] game server is disconnect, after 3s will be reconnect!, server id: 1101
W0111 13:34:17.662084 78274560 ProxyThread.cpp:114] center server is disconnect, after 3s will be reconnect!
W0111 13:34:21.068879 185787840 NetModule.cpp:723] ready reconnect server, server id: 1
W0111 13:34:21.070435 185787840 NetModule.cpp:723] ready reconnect server, server id: 10
W0111 13:34:21.071776 185787840 NetModule.cpp:723] ready reconnect server, server id: 1101
W0111 13:34:21.072669 185787840 NetModule.cpp:723] ready reconnect server, server id: 0
I0111 13:34:21.072808 185787840 NetConnector.cpp:216] connect to: 0.0.0.0:6001 success! 
I0111 13:34:21.072836 185787840 NetConnector.cpp:216] connect to: 127.0.0.1:7001 success! 
I0111 13:34:21.073400 185787840 NetConnector.cpp:216] connect to: 127.0.0.1:11001 success! 
I0111 13:34:21.073443 185787840 NetConnector.cpp:216] connect to: 0.0.0.0:5001 success! 
I0111 13:34:21.073519 78274560 ProxyThread.cpp:92] connect to db server succ
I0111 13:34:21.073546 78274560 ProxyThread.cpp:76] connect to login server succ, server id:10
I0111 13:34:21.074147 78274560 ProxyThread.cpp:86] connect to game server succ, server id:1101
I0111 13:34:21.074173 78274560 ProxyThread.cpp:66] connect to center server succ.
W0111 13:34:21.119658 78274560 ServerMgr.cpp:17] repeated add game server, game server id:1101
I0111 13:34:21.119750 78274560 ProxyThread.cpp:538] get game server list finish!
I0111 13:34:21.119765 78274560 ProxyThread.cpp:509] get login server list finish!
I0111 13:34:21.119776 78274560 ProxyThread.cpp:567] get customer server list finish!
W0111 13:34:28.117720 78274560 ServerMgr.cpp:60] repeated add login server, login server id:10
W0111 19:03:21.431129 78274560 ProxyThread.cpp:133] game server is disconnect, after 3s will be reconnect!, server id: 1101
W0111 19:03:21.451220 78274560 ServerMgr.cpp:145] remove one game server, game server id:1101
W0111 19:03:24.496795 78274560 ServerMgr.cpp:354] disconnect login or game server is remove or register again, no server reconnect...
I0111 19:03:59.154557 78274560 NetModule.cpp:220] add one connector: 127.0.0.1:11001 succeed...
W0111 19:03:59.154651 78274560 ServerMgr.cpp:40] add game server, game server id:1101
I0111 19:03:59.344341 185787840 NetConnector.cpp:216] connect to: 127.0.0.1:11001 success! 
I0111 19:03:59.344880 78274560 ProxyThread.cpp:86] connect to game server succ, server id:1101
I0111 19:04:10.746807 185787840 NetServer.cpp:55] accept io...192.168.10.122:49391
I0111 19:28:11.729089 185787840 NetServer.cpp:88] delete io...192.168.10.122:49391
W0111 22:15:30.591145 78274560 ProxyThread.cpp:133] game server is disconnect, after 3s will be reconnect!, server id: 1101
W0111 22:15:30.591262 78274560 ProxyThread.cpp:114] center server is disconnect, after 3s will be reconnect!
W0111 22:15:30.593478 78274560 ProxyThread.cpp:133] login server is disconnect, after 3s will be reconnect!, server id: 10
W0111 22:15:30.593541 78274560 ProxyThread.cpp:138] db server is disconnect, after 3s will be reconnect!
W0111 22:15:34.123136 185787840 NetModule.cpp:723] ready reconnect server, server id: 1
W0111 22:15:34.123296 185787840 NetModule.cpp:723] ready reconnect server, server id: 10
W0111 22:15:34.123872 185787840 NetModule.cpp:723] ready reconnect server, server id: 0
W0111 22:15:34.123991 185787840 NetModule.cpp:723] ready reconnect server, server id: 1101
I0111 22:15:34.124055 185787840 NetConnector.cpp:216] connect to: 127.0.0.1:6001 success! 
I0111 22:15:34.124069 185787840 NetConnector.cpp:216] connect to: 0.0.0.0:7001 success! 
I0111 22:15:34.124079 185787840 NetConnector.cpp:216] connect to: 0.0.0.0:5001 success! 
I0111 22:15:34.124089 185787840 NetConnector.cpp:216] connect to: 127.0.0.1:11001 success! 
I0111 22:15:34.125582 78274560 ProxyThread.cpp:92] connect to db server succ
I0111 22:15:34.126482 78274560 ProxyThread.cpp:76] connect to login server succ, server id:10
I0111 22:15:34.127024 78274560 ProxyThread.cpp:66] connect to center server succ.
I0111 22:15:34.127055 78274560 ProxyThread.cpp:86] connect to game server succ, server id:1101
W0111 22:15:34.149642 78274560 ServerMgr.cpp:17] repeated add game server, game server id:1101
I0111 22:15:34.149693 78274560 ProxyThread.cpp:538] get game server list finish!
I0111 22:15:34.149699 78274560 ProxyThread.cpp:509] get login server list finish!
I0111 22:15:34.149705 78274560 ProxyThread.cpp:567] get customer server list finish!
W0111 22:15:40.728252 78274560 ServerMgr.cpp:60] repeated add login server, login server id:10
W0111 23:01:53.073262 78274560 ProxyThread.cpp:114] center server is disconnect, after 3s will be reconnect!
W0111 23:01:53.084106 78274560 ProxyThread.cpp:133] game server is disconnect, after 3s will be reconnect!, server id: 1101
W0111 23:01:53.086271 78274560 ProxyThread.cpp:138] db server is disconnect, after 3s will be reconnect!
W0111 23:01:53.086313 78274560 ProxyThread.cpp:133] login server is disconnect, after 3s will be reconnect!, server id: 10
W0111 23:01:56.559056 185787840 NetModule.cpp:723] ready reconnect server, server id: 1
W0111 23:01:56.559175 185787840 NetModule.cpp:723] ready reconnect server, server id: 10
W0111 23:01:56.559255 185787840 NetModule.cpp:723] ready reconnect server, server id: 0
W0111 23:01:56.561481 185787840 NetModule.cpp:723] ready reconnect server, server id: 1101
I0111 23:01:56.561556 185787840 NetConnector.cpp:216] connect to: 0.0.0.0:6001 success! 
I0111 23:01:56.561571 185787840 NetConnector.cpp:216] connect to: 0.0.0.0:7001 success! 
I0111 23:01:56.561581 185787840 NetConnector.cpp:216] connect to: 0.0.0.0:5001 success! 
I0111 23:01:56.561592 185787840 NetConnector.cpp:216] connect to: 127.0.0.1:11001 success! 
I0111 23:01:56.563695 78274560 ProxyThread.cpp:92] connect to db server succ
I0111 23:01:56.564270 78274560 ProxyThread.cpp:76] connect to login server succ, server id:10
I0111 23:01:56.564296 78274560 ProxyThread.cpp:66] connect to center server succ.
I0111 23:01:56.564769 78274560 ProxyThread.cpp:86] connect to game server succ, server id:1101
W0111 23:01:56.595948 78274560 ServerMgr.cpp:17] repeated add game server, game server id:1101
I0111 23:01:56.596009 78274560 ProxyThread.cpp:538] get game server list finish!
I0111 23:01:56.596017 78274560 ProxyThread.cpp:509] get login server list finish!
I0111 23:01:56.596024 78274560 ProxyThread.cpp:567] get customer server list finish!
W0111 23:02:03.620465 78274560 ServerMgr.cpp:60] repeated add login server, login server id:10
W0112 00:06:56.090911 78274560 ProxyThread.cpp:133] login server is disconnect, after 3s will be reconnect!, server id: 10
W0112 00:06:56.091033 78274560 ProxyThread.cpp:138] db server is disconnect, after 3s will be reconnect!
W0112 00:06:56.091070 78274560 ProxyThread.cpp:114] center server is disconnect, after 3s will be reconnect!
W0112 00:06:56.101513 78274560 ProxyThread.cpp:133] game server is disconnect, after 3s will be reconnect!, server id: 1101
W0112 00:06:59.589745 185787840 NetModule.cpp:723] ready reconnect server, server id: 1
W0112 00:06:59.590334 185787840 NetModule.cpp:723] ready reconnect server, server id: 10
W0112 00:06:59.590968 185787840 NetModule.cpp:723] ready reconnect server, server id: 0
W0112 00:06:59.591895 185787840 NetModule.cpp:723] ready reconnect server, server id: 1101
I0112 00:06:59.591966 185787840 NetConnector.cpp:216] connect to: 0.0.0.0:6001 success! 
I0112 00:06:59.591980 185787840 NetConnector.cpp:216] connect to: 0.0.0.0:7001 success! 
I0112 00:06:59.591990 185787840 NetConnector.cpp:216] connect to: 127.0.0.1:5001 success! 
I0112 00:06:59.592000 185787840 NetConnector.cpp:216] connect to: 127.0.0.1:11001 success! 
I0112 00:06:59.593587 78274560 ProxyThread.cpp:92] connect to db server succ
I0112 00:06:59.593631 78274560 ProxyThread.cpp:76] connect to login server succ, server id:10
I0112 00:06:59.594171 78274560 ProxyThread.cpp:66] connect to center server succ.
I0112 00:06:59.594188 78274560 ProxyThread.cpp:86] connect to game server succ, server id:1101
W0112 00:07:06.558874 78274560 ServerMgr.cpp:140] remove game server, but the link is alive, game server id:1101
W0112 00:07:06.558979 78274560 ServerMgr.cpp:145] remove one game server, game server id:1101
I0112 00:07:06.559029 78274560 NetModule.cpp:220] add one connector: 127.0.0.1:11001 succeed...
W0112 00:07:06.559057 78274560 ServerMgr.cpp:40] add game server, game server id:1101
I0112 00:07:06.559101 78274560 ProxyThread.cpp:538] get game server list finish!
I0112 00:07:06.559113 78274560 ProxyThread.cpp:509] get login server list finish!
I0112 00:07:06.559123 78274560 ProxyThread.cpp:567] get customer server list finish!
W0112 00:07:06.582250 78274560 ProxyThread.cpp:133] game server is disconnect, after 3s will be reconnect!, server id: 1101
I0112 00:07:06.617444 185787840 NetConnector.cpp:216] connect to: 127.0.0.1:11001 success! 
I0112 00:07:06.619120 78274560 ProxyThread.cpp:86] connect to game server succ, server id:1101
W0112 00:07:07.176167 78274560 ServerMgr.cpp:60] repeated add login server, login server id:10
W0112 00:07:09.608544 78274560 ServerMgr.cpp:354] disconnect login or game server is remove or register again, no server reconnect...
W0112 01:11:59.125546 78274560 ProxyThread.cpp:114] center server is disconnect, after 3s will be reconnect!
W0112 01:11:59.126260 78274560 ProxyThread.cpp:133] login server is disconnect, after 3s will be reconnect!, server id: 10
W0112 01:11:59.126298 78274560 ProxyThread.cpp:138] db server is disconnect, after 3s will be reconnect!
W0112 01:11:59.126324 78274560 ProxyThread.cpp:133] game server is disconnect, after 3s will be reconnect!, server id: 1101
W0112 01:12:02.605096 185787840 NetModule.cpp:723] ready reconnect server, server id: 1
W0112 01:12:02.605213 185787840 NetModule.cpp:723] ready reconnect server, server id: 10
W0112 01:12:02.605309 185787840 NetModule.cpp:723] ready reconnect server, server id: 1101
W0112 01:12:02.605980 185787840 NetModule.cpp:723] ready reconnect server, server id: 0
I0112 01:12:02.606046 185787840 NetConnector.cpp:216] connect to: 0.0.0.0:6001 success! 
I0112 01:12:02.606060 185787840 NetConnector.cpp:216] connect to: 0.0.0.0:7001 success! 
I0112 01:12:02.606071 185787840 NetConnector.cpp:216] connect to: 127.0.0.1:11001 success! 
I0112 01:12:02.606081 185787840 NetConnector.cpp:216] connect to: 127.0.0.1:5001 success! 
I0112 01:12:02.606169 78274560 ProxyThread.cpp:92] connect to db server succ
I0112 01:12:02.606184 78274560 ProxyThread.cpp:76] connect to login server succ, server id:10
I0112 01:12:02.606191 78274560 ProxyThread.cpp:86] connect to game server succ, server id:1101
I0112 01:12:02.606209 78274560 ProxyThread.cpp:66] connect to center server succ.
W0112 01:12:02.657034 78274560 ServerMgr.cpp:17] repeated add game server, game server id:1101
I0112 01:12:02.657105 78274560 ProxyThread.cpp:538] get game server list finish!
I0112 01:12:02.657117 78274560 ProxyThread.cpp:509] get login server list finish!
I0112 01:12:02.657126 78274560 ProxyThread.cpp:567] get customer server list finish!
W0112 01:12:09.662724 78274560 ServerMgr.cpp:60] repeated add login server, login server id:10
W0112 01:47:02.129974 78274560 ProxyThread.cpp:114] center server is disconnect, after 3s will be reconnect!
