W0430 16:16:29.857471 239730688 ProxyThread.cpp:138] db server is disconnect, after 3s will be reconnect!
W0430 16:16:32.865046 243992000 NetModule.cpp:723] ready reconnect server, server id: 1
W0430 16:16:32.865507 239730688 ProxyThread.cpp:138] db server is disconnect, after 3s will be reconnect!
W0430 16:16:36.378451 243992000 NetModule.cpp:723] ready reconnect server, server id: 1
W0430 16:16:36.380781 239730688 ProxyThread.cpp:138] db server is disconnect, after 3s will be reconnect!
W0430 16:16:39.888392 243992000 NetModule.cpp:723] ready reconnect server, server id: 1
W0430 16:16:39.890731 239730688 ProxyThread.cpp:138] db server is disconnect, after 3s will be reconnect!
W0430 16:16:43.399351 243992000 NetModule.cpp:723] ready reconnect server, server id: 1
W0430 16:16:43.401165 239730688 ProxyThread.cpp:138] db server is disconnect, after 3s will be reconnect!
W0430 16:16:46.906324 243992000 NetModule.cpp:723] ready reconnect server, server id: 1
W0430 16:16:46.908676 239730688 ProxyThread.cpp:138] db server is disconnect, after 3s will be reconnect!
W0430 16:16:50.417937 243992000 NetModule.cpp:723] ready reconnect server, server id: 1
W0430 16:16:50.420157 239730688 ProxyThread.cpp:138] db server is disconnect, after 3s will be reconnect!
W0430 16:16:53.929983 243992000 NetModule.cpp:723] ready reconnect server, server id: 1
W0430 16:16:53.931457 239730688 ProxyThread.cpp:138] db server is disconnect, after 3s will be reconnect!
W0430 16:16:57.439757 243992000 NetModule.cpp:723] ready reconnect server, server id: 1
W0430 16:16:57.441946 239730688 ProxyThread.cpp:138] db server is disconnect, after 3s will be reconnect!
W0430 16:17:00.950433 243992000 NetModule.cpp:723] ready reconnect server, server id: 1
W0430 16:17:00.952616 239730688 ProxyThread.cpp:138] db server is disconnect, after 3s will be reconnect!
W0430 16:17:04.463721 243992000 NetModule.cpp:723] ready reconnect server, server id: 1
W0430 16:17:04.464745 239730688 ProxyThread.cpp:138] db server is disconnect, after 3s will be reconnect!
W0430 16:17:07.974306 243992000 NetModule.cpp:723] ready reconnect server, server id: 1
W0430 16:17:07.976470 239730688 ProxyThread.cpp:138] db server is disconnect, after 3s will be reconnect!
W0430 16:17:11.486296 243992000 NetModule.cpp:723] ready reconnect server, server id: 1
W0430 16:17:11.488498 239730688 ProxyThread.cpp:138] db server is disconnect, after 3s will be reconnect!
W0430 16:17:14.993780 243992000 NetModule.cpp:723] ready reconnect server, server id: 1
W0430 16:17:14.995944 239730688 ProxyThread.cpp:138] db server is disconnect, after 3s will be reconnect!
W0430 16:17:18.503427 243992000 NetModule.cpp:723] ready reconnect server, server id: 1
W0430 16:17:18.504578 239730688 ProxyThread.cpp:138] db server is disconnect, after 3s will be reconnect!
W0430 16:17:22.011430 243992000 NetModule.cpp:723] ready reconnect server, server id: 1
W0430 16:17:22.013574 239730688 ProxyThread.cpp:138] db server is disconnect, after 3s will be reconnect!
W0430 16:17:25.526160 243992000 NetModule.cpp:723] ready reconnect server, server id: 1
W0430 16:17:25.528822 239730688 ProxyThread.cpp:138] db server is disconnect, after 3s will be reconnect!
W0430 16:17:29.036891 243992000 NetModule.cpp:723] ready reconnect server, server id: 1
W0430 16:17:29.039193 239730688 ProxyThread.cpp:138] db server is disconnect, after 3s will be reconnect!
W0430 16:17:32.543028 243992000 NetModule.cpp:723] ready reconnect server, server id: 1
W0430 16:17:32.544277 239730688 ProxyThread.cpp:138] db server is disconnect, after 3s will be reconnect!
W0430 16:17:36.059823 243992000 NetModule.cpp:723] ready reconnect server, server id: 1
W0430 16:17:36.062031 239730688 ProxyThread.cpp:138] db server is disconnect, after 3s will be reconnect!
W0430 16:17:39.568097 243992000 NetModule.cpp:723] ready reconnect server, server id: 1
W0430 16:17:39.570305 239730688 ProxyThread.cpp:138] db server is disconnect, after 3s will be reconnect!
W0430 16:17:43.076119 243992000 NetModule.cpp:723] ready reconnect server, server id: 1
W0430 16:17:43.078425 239730688 ProxyThread.cpp:138] db server is disconnect, after 3s will be reconnect!
W0430 16:17:46.585191 243992000 NetModule.cpp:723] ready reconnect server, server id: 1
W0430 16:17:46.587110 239730688 ProxyThread.cpp:138] db server is disconnect, after 3s will be reconnect!
W0430 16:17:50.094297 243992000 NetModule.cpp:723] ready reconnect server, server id: 1
W0430 16:17:50.096480 239730688 ProxyThread.cpp:138] db server is disconnect, after 3s will be reconnect!
W0430 16:17:53.604624 243992000 NetModule.cpp:723] ready reconnect server, server id: 1
W0430 16:17:53.606791 239730688 ProxyThread.cpp:138] db server is disconnect, after 3s will be reconnect!
W0430 16:17:57.116493 243992000 NetModule.cpp:723] ready reconnect server, server id: 1
W0430 16:17:57.116716 239730688 ProxyThread.cpp:138] db server is disconnect, after 3s will be reconnect!
W0430 16:18:00.626171 243992000 NetModule.cpp:723] ready reconnect server, server id: 1
W0430 16:18:00.628046 239730688 ProxyThread.cpp:138] db server is disconnect, after 3s will be reconnect!
W0430 16:18:04.134420 243992000 NetModule.cpp:723] ready reconnect server, server id: 1
W0430 16:18:04.136695 239730688 ProxyThread.cpp:138] db server is disconnect, after 3s will be reconnect!
W0430 16:18:07.641495 243992000 NetModule.cpp:723] ready reconnect server, server id: 1
W0430 16:18:07.643591 239730688 ProxyThread.cpp:138] db server is disconnect, after 3s will be reconnect!
W0430 16:18:11.154294 243992000 NetModule.cpp:723] ready reconnect server, server id: 1
W0430 16:18:11.156467 239730688 ProxyThread.cpp:138] db server is disconnect, after 3s will be reconnect!
W0430 16:18:14.165328 243992000 NetModule.cpp:723] ready reconnect server, server id: 1
W0430 16:18:14.167685 239730688 ProxyThread.cpp:138] db server is disconnect, after 3s will be reconnect!
W0430 16:18:17.679095 243992000 NetModule.cpp:723] ready reconnect server, server id: 1
W0430 16:18:17.681031 239730688 ProxyThread.cpp:138] db server is disconnect, after 3s will be reconnect!
W0430 16:18:21.193209 243992000 NetModule.cpp:723] ready reconnect server, server id: 1
W0430 16:18:21.195574 239730688 ProxyThread.cpp:138] db server is disconnect, after 3s will be reconnect!
W0430 16:18:24.702509 243992000 NetModule.cpp:723] ready reconnect server, server id: 1
W0430 16:18:24.703822 239730688 ProxyThread.cpp:138] db server is disconnect, after 3s will be reconnect!
W0430 16:18:28.212851 243992000 NetModule.cpp:723] ready reconnect server, server id: 1
W0430 16:18:28.215065 239730688 ProxyThread.cpp:138] db server is disconnect, after 3s will be reconnect!
W0430 16:18:31.720758 243992000 NetModule.cpp:723] ready reconnect server, server id: 1
W0430 16:18:31.723088 239730688 ProxyThread.cpp:138] db server is disconnect, after 3s will be reconnect!
W0430 16:18:35.229355 243992000 NetModule.cpp:723] ready reconnect server, server id: 1
W0430 16:18:35.231520 239730688 ProxyThread.cpp:138] db server is disconnect, after 3s will be reconnect!
W0430 16:18:38.742828 243992000 NetModule.cpp:723] ready reconnect server, server id: 1
W0430 16:18:38.745481 239730688 ProxyThread.cpp:138] db server is disconnect, after 3s will be reconnect!
W0430 16:18:42.251616 243992000 NetModule.cpp:723] ready reconnect server, server id: 1
W0430 16:18:42.252830 239730688 ProxyThread.cpp:138] db server is disconnect, after 3s will be reconnect!
W0430 16:18:45.757704 243992000 NetModule.cpp:723] ready reconnect server, server id: 1
W0430 16:18:45.758198 239730688 ProxyThread.cpp:138] db server is disconnect, after 3s will be reconnect!
W0430 16:18:49.266310 243992000 NetModule.cpp:723] ready reconnect server, server id: 1
W0430 16:18:49.268443 239730688 ProxyThread.cpp:138] db server is disconnect, after 3s will be reconnect!
W0430 16:18:52.774655 243992000 NetModule.cpp:723] ready reconnect server, server id: 1
W0430 16:18:52.775880 239730688 ProxyThread.cpp:138] db server is disconnect, after 3s will be reconnect!
W0430 16:18:56.285595 243992000 NetModule.cpp:723] ready reconnect server, server id: 1
W0430 16:18:56.287734 239730688 ProxyThread.cpp:138] db server is disconnect, after 3s will be reconnect!
W0430 16:18:59.795450 243992000 NetModule.cpp:723] ready reconnect server, server id: 1
W0430 16:18:59.796110 239730688 ProxyThread.cpp:138] db server is disconnect, after 3s will be reconnect!
W0430 16:19:03.302742 243992000 NetModule.cpp:723] ready reconnect server, server id: 1
W0430 16:19:03.304998 239730688 ProxyThread.cpp:138] db server is disconnect, after 3s will be reconnect!
W0430 16:19:06.810138 243992000 NetModule.cpp:723] ready reconnect server, server id: 1
W0430 16:19:06.812450 239730688 ProxyThread.cpp:138] db server is disconnect, after 3s will be reconnect!
W0430 16:19:10.319453 243992000 NetModule.cpp:723] ready reconnect server, server id: 1
W0430 16:19:10.321686 239730688 ProxyThread.cpp:138] db server is disconnect, after 3s will be reconnect!
W0430 16:19:13.830874 243992000 NetModule.cpp:723] ready reconnect server, server id: 1
W0430 16:19:13.833040 239730688 ProxyThread.cpp:138] db server is disconnect, after 3s will be reconnect!
W0430 16:19:17.342454 243992000 NetModule.cpp:723] ready reconnect server, server id: 1
W0430 16:19:17.344825 239730688 ProxyThread.cpp:138] db server is disconnect, after 3s will be reconnect!
W0430 16:19:20.853689 243992000 NetModule.cpp:723] ready reconnect server, server id: 1
W0430 16:19:20.855489 239730688 ProxyThread.cpp:138] db server is disconnect, after 3s will be reconnect!
W0430 16:19:24.360239 243992000 NetModule.cpp:723] ready reconnect server, server id: 1
W0430 16:19:24.360862 239730688 ProxyThread.cpp:138] db server is disconnect, after 3s will be reconnect!
W0430 16:19:27.873636 243992000 NetModule.cpp:723] ready reconnect server, server id: 1
W0430 16:19:27.875650 239730688 ProxyThread.cpp:138] db server is disconnect, after 3s will be reconnect!
W0430 16:19:31.385170 243992000 NetModule.cpp:723] ready reconnect server, server id: 1
W0430 16:19:31.387454 239730688 ProxyThread.cpp:138] db server is disconnect, after 3s will be reconnect!
W0430 16:19:34.898870 243992000 NetModule.cpp:723] ready reconnect server, server id: 1
W0430 16:19:34.900652 239730688 ProxyThread.cpp:138] db server is disconnect, after 3s will be reconnect!
W0430 16:19:38.406816 243992000 NetModule.cpp:723] ready reconnect server, server id: 1
W0430 16:19:38.409216 239730688 ProxyThread.cpp:138] db server is disconnect, after 3s will be reconnect!
W0430 16:19:41.916266 243992000 NetModule.cpp:723] ready reconnect server, server id: 1
W0430 16:19:41.916625 239730688 ProxyThread.cpp:138] db server is disconnect, after 3s will be reconnect!
W0430 16:19:45.423867 243992000 NetModule.cpp:723] ready reconnect server, server id: 1
W0430 16:19:45.426131 239730688 ProxyThread.cpp:138] db server is disconnect, after 3s will be reconnect!
W0430 16:19:48.935780 243992000 NetModule.cpp:723] ready reconnect server, server id: 1
W0430 16:19:48.938182 239730688 ProxyThread.cpp:138] db server is disconnect, after 3s will be reconnect!
W0430 16:19:52.449281 243992000 NetModule.cpp:723] ready reconnect server, server id: 1
W0430 16:19:52.450155 239730688 ProxyThread.cpp:138] db server is disconnect, after 3s will be reconnect!
W0430 16:19:55.960671 243992000 NetModule.cpp:723] ready reconnect server, server id: 1
W0430 16:19:55.962064 239730688 ProxyThread.cpp:138] db server is disconnect, after 3s will be reconnect!
W0430 16:19:59.470343 243992000 NetModule.cpp:723] ready reconnect server, server id: 1
W0430 16:19:59.470911 239730688 ProxyThread.cpp:138] db server is disconnect, after 3s will be reconnect!
W0430 16:20:02.975870 243992000 NetModule.cpp:723] ready reconnect server, server id: 1
W0430 16:20:02.977607 239730688 ProxyThread.cpp:138] db server is disconnect, after 3s will be reconnect!
W0430 16:20:06.481092 243992000 NetModule.cpp:723] ready reconnect server, server id: 1
W0430 16:20:06.483436 239730688 ProxyThread.cpp:138] db server is disconnect, after 3s will be reconnect!
W0430 16:20:09.986572 243992000 NetModule.cpp:723] ready reconnect server, server id: 1
W0430 16:20:09.988906 239730688 ProxyThread.cpp:138] db server is disconnect, after 3s will be reconnect!
W0430 16:20:13.492604 243992000 NetModule.cpp:723] ready reconnect server, server id: 1
W0430 16:20:13.494881 239730688 ProxyThread.cpp:138] db server is disconnect, after 3s will be reconnect!
W0430 16:20:17.005758 243992000 NetModule.cpp:723] ready reconnect server, server id: 1
W0430 16:20:17.007747 239730688 ProxyThread.cpp:138] db server is disconnect, after 3s will be reconnect!
W0430 16:20:20.014137 243992000 NetModule.cpp:723] ready reconnect server, server id: 1
W0430 16:20:20.015703 239730688 ProxyThread.cpp:138] db server is disconnect, after 3s will be reconnect!
W0430 16:20:23.526968 243992000 NetModule.cpp:723] ready reconnect server, server id: 1
W0430 16:20:23.527307 239730688 ProxyThread.cpp:138] db server is disconnect, after 3s will be reconnect!
W0430 16:20:27.036470 243992000 NetModule.cpp:723] ready reconnect server, server id: 1
W0430 16:20:27.038820 239730688 ProxyThread.cpp:138] db server is disconnect, after 3s will be reconnect!
W0430 16:20:30.546263 243992000 NetModule.cpp:723] ready reconnect server, server id: 1
W0430 16:20:30.547477 239730688 ProxyThread.cpp:138] db server is disconnect, after 3s will be reconnect!
W0430 16:20:34.054805 243992000 NetModule.cpp:723] ready reconnect server, server id: 1
W0430 16:20:34.057014 239730688 ProxyThread.cpp:138] db server is disconnect, after 3s will be reconnect!
W0430 16:20:37.567857 243992000 NetModule.cpp:723] ready reconnect server, server id: 1
W0430 16:20:37.569460 239730688 ProxyThread.cpp:138] db server is disconnect, after 3s will be reconnect!
W0430 16:20:41.081281 243992000 NetModule.cpp:723] ready reconnect server, server id: 1
W0430 16:20:41.081895 239730688 ProxyThread.cpp:138] db server is disconnect, after 3s will be reconnect!
W0430 16:20:44.592500 243992000 NetModule.cpp:723] ready reconnect server, server id: 1
W0430 16:20:44.593448 239730688 ProxyThread.cpp:138] db server is disconnect, after 3s will be reconnect!
W0430 16:20:48.100549 243992000 NetModule.cpp:723] ready reconnect server, server id: 1
W0430 16:20:48.102243 239730688 ProxyThread.cpp:138] db server is disconnect, after 3s will be reconnect!
W0430 16:20:51.611563 243992000 NetModule.cpp:723] ready reconnect server, server id: 1
W0430 16:20:51.613668 239730688 ProxyThread.cpp:138] db server is disconnect, after 3s will be reconnect!
W0430 16:20:55.121568 243992000 NetModule.cpp:723] ready reconnect server, server id: 1
W0430 16:20:55.122675 239730688 ProxyThread.cpp:138] db server is disconnect, after 3s will be reconnect!
W0430 16:20:58.631448 243992000 NetModule.cpp:723] ready reconnect server, server id: 1
W0430 16:20:58.634078 239730688 ProxyThread.cpp:138] db server is disconnect, after 3s will be reconnect!
W0430 16:21:02.143949 243992000 NetModule.cpp:723] ready reconnect server, server id: 1
W0430 16:21:02.146230 239730688 ProxyThread.cpp:138] db server is disconnect, after 3s will be reconnect!
W0430 16:21:05.652550 243992000 NetConnector.cpp:287] open connect: 0.0.0.0:6001 fail.
W0430 16:21:05.652644 243992000 NetModule.cpp:723] ready reconnect server, server id: 1
W0430 16:21:05.653970 239730688 ProxyThread.cpp:138] db server is disconnect, after 3s will be reconnect!
W0430 16:21:09.163231 243992000 NetModule.cpp:723] ready reconnect server, server id: 1
W0430 16:21:09.164414 239730688 ProxyThread.cpp:138] db server is disconnect, after 3s will be reconnect!
W0430 16:21:12.670101 243992000 NetModule.cpp:723] ready reconnect server, server id: 1
W0430 16:21:12.670589 239730688 ProxyThread.cpp:138] db server is disconnect, after 3s will be reconnect!
W0430 16:21:16.177101 243992000 NetModule.cpp:723] ready reconnect server, server id: 1
W0430 16:21:16.179379 239730688 ProxyThread.cpp:138] db server is disconnect, after 3s will be reconnect!
W0430 16:21:19.695485 243992000 NetModule.cpp:723] ready reconnect server, server id: 1
W0430 16:21:19.696554 239730688 ProxyThread.cpp:138] db server is disconnect, after 3s will be reconnect!
W0430 16:21:21.327942 239730688 ProxyThread.cpp:133] game server is disconnect, after 3s will be reconnect!, server id: 11
I0430 16:21:21.329505 243992000 NetServer.cpp:88] delete io...192.168.10.133:55152
I0430 16:21:21.329612 243992000 NetServer.cpp:88] delete io...192.168.10.104:50763
I0430 16:21:21.329663 243992000 NetServer.cpp:88] delete io...192.168.10.173:50386
W0430 16:21:21.335155 239730688 ServerMgr.cpp:145] remove one game server, game server id:11
I0430 16:21:21.560540 243992000 NetServer.cpp:55] accept io...192.168.10.173:50390
I0430 16:21:21.650581 243992000 NetServer.cpp:55] accept io...192.168.10.104:50764
I0430 16:21:21.847604 243992000 NetServer.cpp:55] accept io...192.168.10.133:55165
W0430 16:21:23.207003 243992000 NetModule.cpp:723] ready reconnect server, server id: 1
W0430 16:21:23.208072 239730688 ProxyThread.cpp:138] db server is disconnect, after 3s will be reconnect!
W0430 16:21:24.426872 239730688 ServerMgr.cpp:354] disconnect login or game server is remove or register again, no server reconnect...
W0430 16:21:26.719048 243992000 NetModule.cpp:723] ready reconnect server, server id: 1
W0430 16:21:26.720229 239730688 ProxyThread.cpp:138] db server is disconnect, after 3s will be reconnect!
I0430 16:21:27.714130 239730688 NetModule.cpp:220] add one connector: 127.0.0.1:11001 succeed...
W0430 16:21:27.714150 239730688 ServerMgr.cpp:40] add game server, game server id:11
I0430 16:21:27.721050 243992000 NetConnector.cpp:216] connect to: 127.0.0.1:11001 success! 
I0430 16:21:27.721117 239730688 ProxyThread.cpp:86] connect to game server succ, server id:11
W0430 16:21:30.231417 243992000 NetModule.cpp:723] ready reconnect server, server id: 1
W0430 16:21:30.232511 239730688 ProxyThread.cpp:138] db server is disconnect, after 3s will be reconnect!
W0430 16:21:33.740511 243992000 NetModule.cpp:723] ready reconnect server, server id: 1
W0430 16:21:33.742485 239730688 ProxyThread.cpp:138] db server is disconnect, after 3s will be reconnect!
W0430 16:21:36.984148 239730688 ProxyThread.cpp:133] game server is disconnect, after 3s will be reconnect!, server id: 11
W0430 16:21:37.006319 239730688 ServerMgr.cpp:145] remove one game server, game server id:11
W0430 16:21:37.245401 243992000 NetModule.cpp:723] ready reconnect server, server id: 1
W0430 16:21:37.247259 239730688 ProxyThread.cpp:138] db server is disconnect, after 3s will be reconnect!
W0430 16:21:40.083837 239730688 ServerMgr.cpp:354] disconnect login or game server is remove or register again, no server reconnect...
W0430 16:21:40.758414 243992000 NetModule.cpp:723] ready reconnect server, server id: 1
W0430 16:21:40.759879 239730688 ProxyThread.cpp:138] db server is disconnect, after 3s will be reconnect!
W0430 16:21:44.266237 243992000 NetModule.cpp:723] ready reconnect server, server id: 1
I0430 16:21:44.266463 243992000 NetConnector.cpp:216] connect to: 0.0.0.0:6001 success! 
I0430 16:21:44.266686 239730688 ProxyThread.cpp:92] connect to db server succ
I0430 16:21:50.549535 239730688 NetModule.cpp:220] add one connector: 127.0.0.1:11001 succeed...
W0430 16:21:50.549557 239730688 ServerMgr.cpp:40] add game server, game server id:11
I0430 16:21:50.784497 243992000 NetConnector.cpp:216] connect to: 127.0.0.1:11001 success! 
I0430 16:21:50.786650 239730688 ProxyThread.cpp:86] connect to game server succ, server id:11
W0430 16:22:19.126135 239730688 ProxyThread.cpp:908] can not find hall user!, user id: 0, main id: 25, sub id: 25064
W0430 16:22:19.126394 239730688 ProxyThread.cpp:908] can not find hall user!, user id: 0, main id: 25, sub id: 25064
W0430 16:22:19.126461 239730688 ProxyThread.cpp:908] can not find hall user!, user id: 0, main id: 25, sub id: 25064
W0430 16:22:19.126538 239730688 ProxyThread.cpp:908] can not find hall user!, user id: 0, main id: 25, sub id: 25064
W0430 16:22:19.126595 239730688 ProxyThread.cpp:908] can not find hall user!, user id: 0, main id: 25, sub id: 25064
W0430 16:22:19.126648 239730688 ProxyThread.cpp:908] can not find hall user!, user id: 0, main id: 25, sub id: 25064
W0430 16:22:19.126721 239730688 ProxyThread.cpp:908] can not find hall user!, user id: 0, main id: 25, sub id: 25064
W0430 16:22:19.126780 239730688 ProxyThread.cpp:908] can not find hall user!, user id: 0, main id: 25, sub id: 25064
W0430 16:22:19.126838 239730688 ProxyThread.cpp:908] can not find hall user!, user id: 0, main id: 25, sub id: 25064
W0430 16:22:19.126919 239730688 ProxyThread.cpp:908] can not find hall user!, user id: 0, main id: 25, sub id: 25064
W0430 16:22:19.126976 239730688 ProxyThread.cpp:908] can not find hall user!, user id: 0, main id: 25, sub id: 25064
W0430 16:22:19.127032 239730688 ProxyThread.cpp:908] can not find hall user!, user id: 0, main id: 25, sub id: 25064
W0430 16:22:19.127135 239730688 ProxyThread.cpp:908] can not find hall user!, user id: 0, main id: 25, sub id: 25064
W0430 16:22:19.127177 239730688 ProxyThread.cpp:908] can not find hall user!, user id: 0, main id: 25, sub id: 25064
W0430 16:22:19.127213 239730688 ProxyThread.cpp:908] can not find hall user!, user id: 0, main id: 25, sub id: 25064
W0430 16:22:19.127261 239730688 ProxyThread.cpp:908] can not find hall user!, user id: 0, main id: 25, sub id: 25064
W0430 16:22:19.127297 239730688 ProxyThread.cpp:908] can not find hall user!, user id: 0, main id: 25, sub id: 25064
W0430 16:22:19.127333 239730688 ProxyThread.cpp:908] can not find hall user!, user id: 0, main id: 25, sub id: 25064
I0430 16:32:29.381589 243992000 NetServer.cpp:88] delete io...192.168.10.104:50764
I0430 16:32:38.002019 243992000 NetServer.cpp:55] accept io...192.168.10.104:50765
I0430 16:32:40.628476 243992000 NetServer.cpp:88] delete io...192.168.10.104:50765
I0430 16:32:46.666908 243992000 NetServer.cpp:55] accept io...192.168.10.104:50766
W0430 16:33:05.004096 239730688 ProxyThread.cpp:854] client socket not found, main id: 6, sub id: 660
W0430 16:43:51.944083 239730688 ProxyThread.cpp:133] game server is disconnect, after 3s will be reconnect!, server id: 11
W0430 16:43:51.963109 239730688 ServerMgr.cpp:145] remove one game server, game server id:11
W0430 16:43:55.011561 239730688 ServerMgr.cpp:354] disconnect login or game server is remove or register again, no server reconnect...
I0430 16:44:21.082011 239730688 NetModule.cpp:220] add one connector: 127.0.0.1:11001 succeed...
W0430 16:44:21.082051 239730688 ServerMgr.cpp:40] add game server, game server id:11
I0430 16:44:21.303095 243992000 NetConnector.cpp:216] connect to: 127.0.0.1:11001 success! 
I0430 16:44:21.305294 239730688 ProxyThread.cpp:86] connect to game server succ, server id:11
W0430 16:51:32.259371 239730688 ServerMgr.cpp:140] remove game server, but the link is alive, game server id:11
W0430 16:51:32.259588 239730688 ServerMgr.cpp:145] remove one game server, game server id:11
I0430 17:10:07.177778 239730688 NetModule.cpp:220] add one connector: 127.0.0.1:11001 succeed...
W0430 17:10:07.177846 239730688 ServerMgr.cpp:40] add game server, game server id:11
I0430 17:10:07.210939 243992000 NetConnector.cpp:216] connect to: 127.0.0.1:11001 success! 
I0430 17:10:07.212842 239730688 ProxyThread.cpp:86] connect to game server succ, server id:11
W0430 17:11:52.447921 239730688 ServerMgr.cpp:140] remove game server, but the link is alive, game server id:11
W0430 17:11:52.448012 239730688 ServerMgr.cpp:145] remove one game server, game server id:11
I0430 17:39:48.487164 239730688 NetModule.cpp:220] add one connector: 127.0.0.1:11001 succeed...
W0430 17:39:48.487272 239730688 ServerMgr.cpp:40] add game server, game server id:11
I0430 17:39:48.739991 243992000 NetConnector.cpp:216] connect to: 127.0.0.1:11001 success! 
I0430 17:39:48.742089 239730688 ProxyThread.cpp:86] connect to game server succ, server id:11
I0430 17:40:03.371623 243992000 NetServer.cpp:88] delete io...192.168.10.173:50390
I0430 17:40:10.133021 243992000 NetServer.cpp:55] accept io...192.168.10.173:50397
I0430 18:23:17.798782 243992000 NetServer.cpp:88] delete io...192.168.10.104:50766
W0430 18:25:37.846465 239730688 ProxyThread.cpp:133] game server is disconnect, after 3s will be reconnect!, server id: 11
W0430 18:25:37.870430 239730688 ServerMgr.cpp:145] remove one game server, game server id:11
W0430 18:25:40.938823 239730688 ServerMgr.cpp:354] disconnect login or game server is remove or register again, no server reconnect...
I0430 18:25:52.565763 239730688 NetModule.cpp:220] add one connector: 127.0.0.1:11001 succeed...
W0430 18:25:52.565785 239730688 ServerMgr.cpp:40] add game server, game server id:11
I0430 18:25:52.868475 243992000 NetConnector.cpp:216] connect to: 127.0.0.1:11001 success! 
I0430 18:25:52.870436 239730688 ProxyThread.cpp:86] connect to game server succ, server id:11
I0430 18:26:25.096092 243992000 NetServer.cpp:55] accept io...192.168.10.104:50768
I0430 18:27:29.156869 243992000 NetServer.cpp:88] delete io...192.168.10.104:50768
I0430 18:27:34.518532 243992000 NetServer.cpp:55] accept io...192.168.10.104:50769
W0430 18:27:53.846334 239730688 ProxyThread.cpp:854] client socket not found, main id: 6, sub id: 695
W0430 18:27:53.846500 239730688 ProxyThread.cpp:854] client socket not found, main id: 6, sub id: 682
W0430 18:27:53.846614 239730688 ProxyThread.cpp:854] client socket not found, main id: 6, sub id: 650
W0430 18:28:20.643343 239730688 ProxyThread.cpp:854] client socket not found, main id: 6, sub id: 660
W0430 18:30:13.409252 239730688 ServerMgr.cpp:140] remove game server, but the link is alive, game server id:11
W0430 18:30:13.409471 239730688 ServerMgr.cpp:145] remove one game server, game server id:11
I0430 18:33:25.184801 239730688 NetModule.cpp:220] add one connector: 127.0.0.1:11001 succeed...
W0430 18:33:25.184970 239730688 ServerMgr.cpp:40] add game server, game server id:11
I0430 18:33:25.204032 243992000 NetConnector.cpp:216] connect to: 127.0.0.1:11001 success! 
I0430 18:33:25.206094 239730688 ProxyThread.cpp:86] connect to game server succ, server id:11
W0430 18:38:13.479054 239730688 ServerMgr.cpp:140] remove game server, but the link is alive, game server id:11
W0430 18:38:13.479269 239730688 ServerMgr.cpp:145] remove one game server, game server id:11
I0430 18:38:44.984813 239730688 NetModule.cpp:220] add one connector: 127.0.0.1:11001 succeed...
W0430 18:38:44.984995 239730688 ServerMgr.cpp:40] add game server, game server id:11
I0430 18:38:45.128374 243992000 NetConnector.cpp:216] connect to: 127.0.0.1:11001 success! 
I0430 18:38:45.130242 239730688 ProxyThread.cpp:86] connect to game server succ, server id:11
I0430 18:40:45.679909 243992000 NetServer.cpp:88] delete io...192.168.10.104:50769
I0430 18:40:45.961300 243992000 NetServer.cpp:55] accept io...192.168.10.104:50770
I0430 18:42:57.960959 243992000 NetServer.cpp:88] delete io...192.168.10.104:50770
I0430 18:42:59.907670 243992000 NetServer.cpp:55] accept io...192.168.10.104:50771
I0430 18:43:19.180958 243992000 NetServer.cpp:88] delete io...192.168.10.104:50771
I0430 18:43:19.204836 243992000 NetServer.cpp:55] accept io...192.168.10.104:50772
I0430 18:43:22.081447 243992000 NetServer.cpp:88] delete io...192.168.10.104:50772
I0430 18:43:34.783185 243992000 NetServer.cpp:55] accept io...192.168.10.104:50773
W0430 18:47:37.964180 239730688 ProxyThread.cpp:133] game server is disconnect, after 3s will be reconnect!, server id: 11
W0430 18:47:37.976125 239730688 ServerMgr.cpp:145] remove one game server, game server id:11
W0430 18:47:41.041079 239730688 ServerMgr.cpp:354] disconnect login or game server is remove or register again, no server reconnect...
I0430 18:49:40.701164 239730688 NetModule.cpp:220] add one connector: 127.0.0.1:11001 succeed...
W0430 18:49:40.701242 239730688 ServerMgr.cpp:40] add game server, game server id:11
I0430 18:49:41.059031 243992000 NetConnector.cpp:216] connect to: 127.0.0.1:11001 success! 
I0430 18:49:41.060297 239730688 ProxyThread.cpp:86] connect to game server succ, server id:11
I0430 18:49:50.457885 243992000 NetServer.cpp:88] delete io...192.168.10.104:50773
I0430 18:49:56.358148 243992000 NetServer.cpp:55] accept io...192.168.10.104:50774
I0430 18:51:10.631173 243992000 NetServer.cpp:88] delete io...192.168.10.104:50774
I0430 18:51:15.559891 243992000 NetServer.cpp:55] accept io...192.168.10.104:50775
W0430 18:51:40.633700 239730688 ProxyThread.cpp:908] can not find hall user!, user id: 85501464, main id: 7, sub id: 7108
W0430 18:51:40.749908 239730688 ProxyThread.cpp:908] can not find hall user!, user id: 85501464, main id: 6, sub id: 673
W0430 18:52:34.490823 239730688 ProxyThread.cpp:908] can not find hall user!, user id: 85501464, main id: 6, sub id: 672
W0430 18:52:34.619124 239730688 ProxyThread.cpp:908] can not find hall user!, user id: 85501464, main id: 7, sub id: 7108
W0430 18:52:34.747172 239730688 ProxyThread.cpp:908] can not find hall user!, user id: 85501464, main id: 6, sub id: 673
W0430 18:52:34.875620 239730688 ProxyThread.cpp:908] can not find hall user!, user id: 85501464, main id: 6, sub id: 672
W0430 18:56:22.002388 239730688 ProxyThread.cpp:138] db server is disconnect, after 3s will be reconnect!
W0430 18:56:25.200146 243992000 NetModule.cpp:723] ready reconnect server, server id: 1
W0430 18:56:25.201974 239730688 ProxyThread.cpp:138] db server is disconnect, after 3s will be reconnect!
W0430 18:56:28.708139 243992000 NetModule.cpp:723] ready reconnect server, server id: 1
W0430 18:56:28.710335 239730688 ProxyThread.cpp:138] db server is disconnect, after 3s will be reconnect!
W0430 18:56:32.221839 243992000 NetModule.cpp:723] ready reconnect server, server id: 1
I0430 18:56:32.222028 243992000 NetConnector.cpp:216] connect to: 0.0.0.0:6001 success! 
I0430 18:56:32.224026 239730688 ProxyThread.cpp:92] connect to db server succ
W0430 18:57:08.293200 239730688 ProxyThread.cpp:908] can not find hall user!, user id: 0, main id: 25, sub id: 25064
W0430 18:57:08.293414 239730688 ProxyThread.cpp:908] can not find hall user!, user id: 0, main id: 25, sub id: 25064
W0430 18:57:08.293478 239730688 ProxyThread.cpp:908] can not find hall user!, user id: 0, main id: 25, sub id: 25064
W0430 18:57:08.293552 239730688 ProxyThread.cpp:908] can not find hall user!, user id: 0, main id: 25, sub id: 25064
W0430 18:57:08.293608 239730688 ProxyThread.cpp:908] can not find hall user!, user id: 0, main id: 25, sub id: 25064
W0430 18:57:08.293663 239730688 ProxyThread.cpp:908] can not find hall user!, user id: 0, main id: 25, sub id: 25064
W0430 18:57:08.293735 239730688 ProxyThread.cpp:908] can not find hall user!, user id: 0, main id: 25, sub id: 25064
W0430 18:57:08.293792 239730688 ProxyThread.cpp:908] can not find hall user!, user id: 0, main id: 25, sub id: 25064
W0430 18:57:08.293849 239730688 ProxyThread.cpp:908] can not find hall user!, user id: 0, main id: 25, sub id: 25064
W0430 18:57:08.293925 239730688 ProxyThread.cpp:908] can not find hall user!, user id: 0, main id: 25, sub id: 25064
W0430 18:57:08.293980 239730688 ProxyThread.cpp:908] can not find hall user!, user id: 0, main id: 25, sub id: 25064
W0430 18:57:08.294034 239730688 ProxyThread.cpp:908] can not find hall user!, user id: 0, main id: 25, sub id: 25064
W0430 18:57:08.294106 239730688 ProxyThread.cpp:908] can not find hall user!, user id: 0, main id: 25, sub id: 25064
W0430 18:57:08.294178 239730688 ProxyThread.cpp:908] can not find hall user!, user id: 0, main id: 25, sub id: 25064
W0430 18:57:08.294260 239730688 ProxyThread.cpp:908] can not find hall user!, user id: 0, main id: 25, sub id: 25064
W0430 18:57:08.294307 239730688 ProxyThread.cpp:908] can not find hall user!, user id: 0, main id: 25, sub id: 25064
W0430 18:57:08.294339 239730688 ProxyThread.cpp:908] can not find hall user!, user id: 0, main id: 25, sub id: 25064
W0430 18:57:08.294369 239730688 ProxyThread.cpp:908] can not find hall user!, user id: 0, main id: 25, sub id: 25064
W0430 19:01:07.433228 239730688 ProxyThread.cpp:133] game server is disconnect, after 3s will be reconnect!, server id: 11
W0430 19:01:07.455021 239730688 ServerMgr.cpp:145] remove one game server, game server id:11
W0430 19:01:10.503144 239730688 ServerMgr.cpp:354] disconnect login or game server is remove or register again, no server reconnect...
I0430 19:01:13.504813 239730688 NetModule.cpp:220] add one connector: 127.0.0.1:11001 succeed...
W0430 19:01:13.504848 239730688 ServerMgr.cpp:40] add game server, game server id:11
I0430 19:01:13.561946 243992000 NetConnector.cpp:216] connect to: 127.0.0.1:11001 success! 
I0430 19:01:13.564116 239730688 ProxyThread.cpp:86] connect to game server succ, server id:11
I0430 19:01:50.647389 243992000 NetServer.cpp:88] delete io...192.168.10.173:50397
I0430 19:01:55.161212 243992000 NetServer.cpp:55] accept io...192.168.10.173:50398
W0430 19:02:22.231741 239730688 ProxyThread.cpp:908] can not find hall user!, user id: 85505112, main id: 7, sub id: 7108
W0430 19:02:22.345135 239730688 ProxyThread.cpp:908] can not find hall user!, user id: 85505112, main id: 6, sub id: 673
W0430 19:02:54.436908 239730688 ProxyThread.cpp:138] db server is disconnect, after 3s will be reconnect!
W0430 19:02:57.880255 243992000 NetModule.cpp:723] ready reconnect server, server id: 1
I0430 19:02:57.880436 243992000 NetConnector.cpp:216] connect to: 0.0.0.0:6001 success! 
I0430 19:02:57.882516 239730688 ProxyThread.cpp:92] connect to db server succ
W0430 19:03:22.453672 239730688 ProxyThread.cpp:908] can not find hall user!, user id: 85505112, main id: 6, sub id: 671
W0430 19:03:34.982432 239730688 ProxyThread.cpp:908] can not find hall user!, user id: 0, main id: 25, sub id: 25064
W0430 19:03:34.982583 239730688 ProxyThread.cpp:908] can not find hall user!, user id: 0, main id: 25, sub id: 25064
W0430 19:03:34.982626 239730688 ProxyThread.cpp:908] can not find hall user!, user id: 0, main id: 25, sub id: 25064
W0430 19:03:34.982676 239730688 ProxyThread.cpp:908] can not find hall user!, user id: 0, main id: 25, sub id: 25064
W0430 19:03:34.982712 239730688 ProxyThread.cpp:908] can not find hall user!, user id: 0, main id: 25, sub id: 25064
W0430 19:03:34.982748 239730688 ProxyThread.cpp:908] can not find hall user!, user id: 0, main id: 25, sub id: 25064
W0430 19:03:34.982795 239730688 ProxyThread.cpp:908] can not find hall user!, user id: 0, main id: 25, sub id: 25064
W0430 19:03:34.982831 239730688 ProxyThread.cpp:908] can not find hall user!, user id: 0, main id: 25, sub id: 25064
W0430 19:03:34.982869 239730688 ProxyThread.cpp:908] can not find hall user!, user id: 0, main id: 25, sub id: 25064
W0430 19:03:34.982918 239730688 ProxyThread.cpp:908] can not find hall user!, user id: 0, main id: 25, sub id: 25064
W0430 19:03:34.982954 239730688 ProxyThread.cpp:908] can not find hall user!, user id: 0, main id: 25, sub id: 25064
W0430 19:03:34.982990 239730688 ProxyThread.cpp:908] can not find hall user!, user id: 0, main id: 25, sub id: 25064
W0430 19:03:34.983052 239730688 ProxyThread.cpp:908] can not find hall user!, user id: 0, main id: 25, sub id: 25064
W0430 19:03:34.983089 239730688 ProxyThread.cpp:908] can not find hall user!, user id: 0, main id: 25, sub id: 25064
W0430 19:03:34.983125 239730688 ProxyThread.cpp:908] can not find hall user!, user id: 0, main id: 25, sub id: 25064
W0430 19:03:34.983173 239730688 ProxyThread.cpp:908] can not find hall user!, user id: 0, main id: 25, sub id: 25064
W0430 19:03:34.983211 239730688 ProxyThread.cpp:908] can not find hall user!, user id: 0, main id: 25, sub id: 25064
W0430 19:03:34.983245 239730688 ProxyThread.cpp:908] can not find hall user!, user id: 0, main id: 25, sub id: 25064
W0430 19:05:11.624423 239730688 ProxyThread.cpp:133] game server is disconnect, after 3s will be reconnect!, server id: 11
W0430 19:05:11.626835 239730688 ServerMgr.cpp:145] remove one game server, game server id:11
W0430 19:05:14.667265 239730688 ServerMgr.cpp:354] disconnect login or game server is remove or register again, no server reconnect...
I0430 19:05:22.766197 239730688 NetModule.cpp:220] add one connector: 127.0.0.1:11001 succeed...
W0430 19:05:22.766221 239730688 ServerMgr.cpp:40] add game server, game server id:11
I0430 19:05:22.815106 243992000 NetConnector.cpp:216] connect to: 127.0.0.1:11001 success! 
I0430 19:05:22.817503 239730688 ProxyThread.cpp:86] connect to game server succ, server id:11
I0430 19:07:16.089862 243992000 NetServer.cpp:88] delete io...192.168.10.104:50775
I0430 19:07:16.152119 243992000 NetServer.cpp:55] accept io...192.168.10.104:50776
I0430 19:09:31.046509 243992000 NetServer.cpp:88] delete io...192.168.10.173:50398
I0430 19:10:18.215479 243992000 NetServer.cpp:55] accept io...192.168.10.173:50399
I0430 19:11:28.195423 243992000 NetServer.cpp:88] delete io...192.168.10.104:50776
I0430 19:19:39.293707 243992000 NetServer.cpp:55] accept io...192.168.10.104:50777
W0430 19:32:03.436414 239730688 ProxyThread.cpp:133] game server is disconnect, after 3s will be reconnect!, server id: 11
W0430 19:32:03.444104 239730688 ServerMgr.cpp:145] remove one game server, game server id:11
W0430 19:32:06.468667 239730688 ServerMgr.cpp:354] disconnect login or game server is remove or register again, no server reconnect...
I0430 19:32:17.705327 239730688 NetModule.cpp:220] add one connector: 127.0.0.1:11001 succeed...
W0430 19:32:17.705376 239730688 ServerMgr.cpp:40] add game server, game server id:11
I0430 19:32:18.025036 243992000 NetConnector.cpp:216] connect to: 127.0.0.1:11001 success! 
I0430 19:32:18.028326 239730688 ProxyThread.cpp:86] connect to game server succ, server id:11
I0430 19:32:22.900035 243992000 NetServer.cpp:88] delete io...192.168.10.104:50777
I0430 19:32:49.929618 243992000 NetServer.cpp:55] accept io...192.168.10.104:50778
W0430 19:33:00.147223 239730688 ProxyThread.cpp:138] db server is disconnect, after 3s will be reconnect!
W0430 19:33:03.675323 243992000 NetModule.cpp:723] ready reconnect server, server id: 1
I0430 19:33:03.675568 243992000 NetConnector.cpp:216] connect to: 0.0.0.0:6001 success! 
I0430 19:33:03.676744 239730688 ProxyThread.cpp:92] connect to db server succ
W0430 19:33:35.688925 239730688 ProxyThread.cpp:133] game server is disconnect, after 3s will be reconnect!, server id: 11
W0430 19:33:35.693447 239730688 ServerMgr.cpp:145] remove one game server, game server id:11
W0430 19:33:38.723479 239730688 ServerMgr.cpp:354] disconnect login or game server is remove or register again, no server reconnect...
W0430 19:33:40.484170 239730688 ProxyThread.cpp:908] can not find hall user!, user id: 0, main id: 25, sub id: 25064
W0430 19:33:40.486532 239730688 ProxyThread.cpp:908] can not find hall user!, user id: 0, main id: 25, sub id: 25064
W0430 19:33:40.486809 239730688 ProxyThread.cpp:908] can not find hall user!, user id: 0, main id: 25, sub id: 25064
W0430 19:33:40.486889 239730688 ProxyThread.cpp:908] can not find hall user!, user id: 0, main id: 25, sub id: 25064
W0430 19:33:40.486933 239730688 ProxyThread.cpp:908] can not find hall user!, user id: 0, main id: 25, sub id: 25064
W0430 19:33:40.486971 239730688 ProxyThread.cpp:908] can not find hall user!, user id: 0, main id: 25, sub id: 25064
W0430 19:33:40.487036 239730688 ProxyThread.cpp:908] can not find hall user!, user id: 0, main id: 25, sub id: 25064
W0430 19:33:40.487139 239730688 ProxyThread.cpp:908] can not find hall user!, user id: 0, main id: 25, sub id: 25064
W0430 19:33:40.487265 239730688 ProxyThread.cpp:908] can not find hall user!, user id: 0, main id: 25, sub id: 25064
W0430 19:33:40.487349 239730688 ProxyThread.cpp:908] can not find hall user!, user id: 0, main id: 25, sub id: 25064
W0430 19:33:40.487409 239730688 ProxyThread.cpp:908] can not find hall user!, user id: 0, main id: 25, sub id: 25064
W0430 19:33:40.487462 239730688 ProxyThread.cpp:908] can not find hall user!, user id: 0, main id: 25, sub id: 25064
I0430 19:34:46.052227 239730688 NetModule.cpp:220] add one connector: 127.0.0.1:11001 succeed...
W0430 19:34:46.052291 239730688 ServerMgr.cpp:40] add game server, game server id:11
I0430 19:34:46.513481 243992000 NetConnector.cpp:216] connect to: 127.0.0.1:11001 success! 
I0430 19:34:46.514600 239730688 ProxyThread.cpp:86] connect to game server succ, server id:11
I0430 19:35:37.289535 243992000 NetServer.cpp:88] delete io...192.168.10.173:50399
I0430 19:35:43.963598 243992000 NetServer.cpp:55] accept io...192.168.10.173:50400
W0430 19:44:29.366675 239730688 ProxyThread.cpp:133] game server is disconnect, after 3s will be reconnect!, server id: 11
W0430 19:44:29.381150 239730688 ServerMgr.cpp:145] remove one game server, game server id:11
W0430 19:44:32.410845 239730688 ServerMgr.cpp:354] disconnect login or game server is remove or register again, no server reconnect...
I0430 19:44:42.120460 239730688 NetModule.cpp:220] add one connector: 127.0.0.1:11001 succeed...
W0430 19:44:42.120520 239730688 ServerMgr.cpp:40] add game server, game server id:11
I0430 19:44:42.481866 243992000 NetConnector.cpp:216] connect to: 127.0.0.1:11001 success! 
I0430 19:44:42.483568 239730688 ProxyThread.cpp:86] connect to game server succ, server id:11
W0430 19:45:13.760529 239730688 ProxyThread.cpp:138] db server is disconnect, after 3s will be reconnect!
W0430 19:45:17.097512 243992000 NetModule.cpp:723] ready reconnect server, server id: 1
I0430 19:45:17.097645 243992000 NetConnector.cpp:216] connect to: 0.0.0.0:6001 success! 
I0430 19:45:17.098686 239730688 ProxyThread.cpp:92] connect to db server succ
I0430 19:45:48.990178 243992000 NetServer.cpp:88] delete io...192.168.10.133:55165
W0430 19:45:54.666824 239730688 ProxyThread.cpp:908] can not find hall user!, user id: 0, main id: 25, sub id: 25064
W0430 19:45:54.666908 239730688 ProxyThread.cpp:908] can not find hall user!, user id: 0, main id: 25, sub id: 25064
W0430 19:45:54.666946 239730688 ProxyThread.cpp:908] can not find hall user!, user id: 0, main id: 25, sub id: 25064
W0430 19:45:54.666966 239730688 ProxyThread.cpp:908] can not find hall user!, user id: 0, main id: 25, sub id: 25064
W0430 19:45:54.666988 239730688 ProxyThread.cpp:908] can not find hall user!, user id: 0, main id: 25, sub id: 25064
W0430 19:45:54.667006 239730688 ProxyThread.cpp:908] can not find hall user!, user id: 0, main id: 25, sub id: 25064
W0430 19:45:54.667026 239730688 ProxyThread.cpp:908] can not find hall user!, user id: 0, main id: 25, sub id: 25064
W0430 19:45:54.667043 239730688 ProxyThread.cpp:908] can not find hall user!, user id: 0, main id: 25, sub id: 25064
W0430 19:45:54.667073 239730688 ProxyThread.cpp:908] can not find hall user!, user id: 0, main id: 25, sub id: 25064
W0430 19:45:54.667109 239730688 ProxyThread.cpp:908] can not find hall user!, user id: 0, main id: 25, sub id: 25064
W0430 19:45:54.667129 239730688 ProxyThread.cpp:908] can not find hall user!, user id: 0, main id: 25, sub id: 25064
W0430 19:45:54.667143 239730688 ProxyThread.cpp:908] can not find hall user!, user id: 0, main id: 25, sub id: 25064
I0430 19:45:55.375710 243992000 NetServer.cpp:55] accept io...192.168.10.133:55179
I0430 19:45:56.295130 243992000 NetServer.cpp:88] delete io...192.168.10.104:50778
I0430 19:46:00.103894 243992000 NetServer.cpp:55] accept io...192.168.10.104:50779
I0430 19:46:00.595494 243992000 NetServer.cpp:88] delete io...192.168.10.173:50400
I0430 19:46:05.345418 243992000 NetServer.cpp:55] accept io...192.168.10.173:50401
W0430 19:46:12.927171 239730688 ProxyThread.cpp:908] can not find hall user!, user id: 85538002, main id: 7, sub id: 7108
W0430 19:46:13.045675 239730688 ProxyThread.cpp:908] can not find hall user!, user id: 85538002, main id: 6, sub id: 673
W0430 19:46:54.811753 239730688 ProxyThread.cpp:908] can not find hall user!, user id: 85538002, main id: 6, sub id: 671
W0430 19:46:54.811827 239730688 ProxyThread.cpp:908] can not find hall user!, user id: 85538002, main id: 6, sub id: 671
W0430 19:46:54.944994 239730688 ProxyThread.cpp:908] can not find hall user!, user id: 85501464, main id: 7, sub id: 7108
W0430 19:46:55.058003 239730688 ProxyThread.cpp:908] can not find hall user!, user id: 85501464, main id: 6, sub id: 673
W0430 19:46:55.177693 239730688 ProxyThread.cpp:908] can not find hall user!, user id: 85501464, main id: 6, sub id: 672
W0430 19:46:55.295536 239730688 ProxyThread.cpp:908] can not find hall user!, user id: 85505112, main id: 7, sub id: 7108
W0430 19:46:55.431115 239730688 ProxyThread.cpp:908] can not find hall user!, user id: 85505112, main id: 6, sub id: 673
W0430 19:46:55.545347 239730688 ProxyThread.cpp:908] can not find hall user!, user id: 85505112, main id: 6, sub id: 672
I0430 19:56:39.275660 243992000 NetServer.cpp:88] delete io...192.168.10.104:50779
I0430 19:56:48.637949 243992000 NetServer.cpp:88] delete io...192.168.10.173:50401
I0430 19:57:38.662765 243992000 NetServer.cpp:88] delete io...192.168.10.133:55179
W0430 19:57:58.084444 239730688 ProxyThread.cpp:133] game server is disconnect, after 3s will be reconnect!, server id: 11
W0430 19:57:58.084559 239730688 ServerMgr.cpp:145] remove one game server, game server id:11
W0430 19:58:01.132292 239730688 ServerMgr.cpp:354] disconnect login or game server is remove or register again, no server reconnect...
W0430 19:59:56.889715 239730688 ProxyThread.cpp:138] db server is disconnect, after 3s will be reconnect!
W0430 19:59:56.889897 239730688 ProxyThread.cpp:114] center server is disconnect, after 3s will be reconnect!
W0430 19:59:56.889963 239730688 ProxyThread.cpp:133] login server is disconnect, after 3s will be reconnect!, server id: 10
W0430 19:59:56.911732 239730688 ProxyThread.cpp:133] game server is disconnect, after 3s will be reconnect!, server id: 82
W0430 19:59:56.919908 239730688 ProxyThread.cpp:133] game server is disconnect, after 3s will be reconnect!, server id: 991
W0430 19:59:56.919979 239730688 ProxyThread.cpp:133] game server is disconnect, after 3s will be reconnect!, server id: 993
W0430 20:00:00.383930 243992000 NetModule.cpp:723] ready reconnect server, server id: 1
W0430 20:00:00.384018 243992000 NetModule.cpp:723] ready reconnect server, server id: 10
W0430 20:00:00.384188 243992000 NetModule.cpp:723] ready reconnect server, server id: 82
W0430 20:00:00.384254 243992000 NetModule.cpp:723] ready reconnect server, server id: 0
W0430 20:00:00.384335 243992000 NetModule.cpp:723] ready reconnect server, server id: 991
W0430 20:00:00.384403 243992000 NetModule.cpp:723] ready reconnect server, server id: 993
I0430 20:00:00.384505 243992000 NetConnector.cpp:216] connect to: 0.0.0.0:6001 success! 
I0430 20:00:00.384531 243992000 NetConnector.cpp:216] connect to: 0.0.0.0:7001 success! 
I0430 20:00:00.384559 243992000 NetConnector.cpp:216] connect to: 127.0.0.1:8882 success! 
I0430 20:00:00.384568 243992000 NetConnector.cpp:216] connect to: 0.0.0.0:5001 success! 
I0430 20:00:00.384590 243992000 NetConnector.cpp:216] connect to: 127.0.0.1:9901 success! 
I0430 20:00:00.384622 243992000 NetConnector.cpp:216] connect to: 127.0.0.1:9903 success! 
I0430 20:00:00.386281 239730688 ProxyThread.cpp:92] connect to db server succ
I0430 20:00:00.386309 239730688 ProxyThread.cpp:76] connect to login server succ, server id:10
I0430 20:00:00.386325 239730688 ProxyThread.cpp:86] connect to game server succ, server id:82
I0430 20:00:00.386364 239730688 ProxyThread.cpp:66] connect to center server succ.
I0430 20:00:00.386377 239730688 ProxyThread.cpp:86] connect to game server succ, server id:991
I0430 20:00:00.386389 239730688 ProxyThread.cpp:86] connect to game server succ, server id:993
W0430 20:00:00.425024 239730688 ServerMgr.cpp:17] repeated add game server, game server id:993
W0430 20:00:00.425074 239730688 ServerMgr.cpp:17] repeated add game server, game server id:991
W0430 20:00:00.425094 239730688 ServerMgr.cpp:17] repeated add game server, game server id:82
I0430 20:00:00.425112 239730688 ProxyThread.cpp:543] get game server list finish!
I0430 20:00:00.425117 239730688 ProxyThread.cpp:514] get login server list finish!
I0430 20:00:00.425122 239730688 ProxyThread.cpp:572] get customer server list finish!
W0430 20:00:07.525365 239730688 ServerMgr.cpp:60] repeated add login server, login server id:10
W0430 20:05:02.059340 239730688 ProxyThread.cpp:133] game server is disconnect, after 3s will be reconnect!, server id: 993
W0430 20:05:02.059420 239730688 ProxyThread.cpp:133] game server is disconnect, after 3s will be reconnect!, server id: 82
W0430 20:05:02.059589 239730688 ProxyThread.cpp:114] center server is disconnect, after 3s will be reconnect!
W0430 20:05:02.059790 239730688 ProxyThread.cpp:138] db server is disconnect, after 3s will be reconnect!
W0430 20:05:02.059820 239730688 ProxyThread.cpp:133] game server is disconnect, after 3s will be reconnect!, server id: 991
W0430 20:05:02.064941 239730688 ProxyThread.cpp:133] login server is disconnect, after 3s will be reconnect!, server id: 10
W0430 20:05:05.542976 243992000 NetModule.cpp:723] ready reconnect server, server id: 1
W0430 20:05:05.543097 243992000 NetModule.cpp:723] ready reconnect server, server id: 10
W0430 20:05:05.543234 243992000 NetModule.cpp:723] ready reconnect server, server id: 82
W0430 20:05:05.543313 243992000 NetModule.cpp:723] ready reconnect server, server id: 0
W0430 20:05:05.543421 243992000 NetModule.cpp:723] ready reconnect server, server id: 991
W0430 20:05:05.543529 243992000 NetModule.cpp:723] ready reconnect server, server id: 993
I0430 20:05:05.543624 243992000 NetConnector.cpp:216] connect to: 0.0.0.0:6001 success! 
I0430 20:05:05.543635 243992000 NetConnector.cpp:216] connect to: 0.0.0.0:7001 success! 
I0430 20:05:05.543644 243992000 NetConnector.cpp:216] connect to: 127.0.0.1:8882 success! 
I0430 20:05:05.543653 243992000 NetConnector.cpp:216] connect to: 0.0.0.0:5001 success! 
